====================================================
starting compile_wkc
~~~~~~~~~~~~~~~~~~~~~~~~~~~~~~~~~~~~~~~~~~~~~~~~~~~~~~~~~~~~~~~~~~~~~~~~~~~~

  WKC - WRF-Chem/KPP coupler


~~~~~~~~~~~~~~~~~~~~~~~~~~~~~~~~~~~~~~~~~~~~~~~~~~~~~~~~~~~~~~~~~~~~~~~

  KPP - symbolic chemistry Kinetics PreProcessor, Version 2.1
        (http://www.cs.vt.edu/~asandu/Software/KPP)
  KPP is distributed under GPL, the general public licence
        (http://www.gnu.org/copyleft/gpl.html)
    (C) 1995-1997, V. Damian & A. Sandu, CGRER, Univ. Iowa
    (C) 1997-2003, A. Sandu, Michigan Tech
    (C) 2003-2005, A. Sandu, Virginia Polytechnic Institute and State University
        with contributions from:
        R. Sander, Max-Planck Institute for Chemistry, Mainz, Germany


   The current version of KPP was modified for WRF-Chem.

~~~~~~~~~~~~~~~~~~~~~~~~~~~~~~~~~~~~~~~~~~~~~~~~~~~~~~~~~~~~~~~~~~~~~~~
------------------------------------------
 configure_kpp, settings:
location of flex library: /usr/lib/x86_64-linux-gnu//libfl.a
# DM_CC = mpiicc OMPCC = # -qopenmp CCOMP = icc CC = $(DM_CC) -DFSEEKO64_OK
DESCRIPTION = INTEL ($SFC/$SCC) SCC = icc DM_CC = mpicc -cc=$(SCC) CC_TOOLS = $(SCC) CC="$(SCC)" CFLAGS="$(CFLAGS)" NETCDF4_DEP_LIB="$(NETCDF4_DEP_LIB)" \
writing chem/KPP/configure.kpp
/home/onishi/WRF
-----------------------------------------
compile kpp
make[1]: Entering directory '/home/onishi/WRF/chem/KPP/kpp/kpp-2.1/src'
  /usr/bin/byacc -d scan.y
  icc -O0 -c y.tab.c
  icc -O0 -c lex.yy.c
  icc -O0 -c scanner.c
  icc -O0 -c scanutil.c
  icc -O0 -c kpp.c
  icc -O0 -c gen.c
  icc -O0 -c code.c
  icc -O0 -c code_c.c
  icc -O0 -c code_f77.c
  icc -O0 -c code_f90.c
  icc -O0 -c code_matlab.c
  icc -O0 -c debug.c
  icc -O0 y.tab.o lex.yy.o scanner.o scanutil.o kpp.o gen.o code.o code_c.o code_f77.o code_f90.o code_matlab.o debug.o -lm -L/usr/lib/x86_64-linux-gnu/ -lfl -o kpp
make[1]: Leaving directory '/home/onishi/WRF/chem/KPP/kpp/kpp-2.1/src'
-----------------------------------------
compile the coupler
icc -I../../../../inc  -c -O0 -g  registry_kpp.c
icc -I../../../../inc  -c -O0 -g  my_strtok.c
icc -I../../../../inc  -c -O0 -g  data.c
icc -I../../../../inc  -c -O0 -g  type.c
icc -I../../../../inc  -c -O0 -g  misc.c
icc -I../../../../inc  -c -O0 -g  reg_parse.c
icc -I../../../../inc  -c -O0 -g  gen_kpp_utils.c
icc -I../../../../inc  -c -O0 -g  gen_kpp_mech_dr.c
icc -I../../../../inc  -c -O0 -g  gen_kpp_interface.c
icc -I../../../../inc  -c -O0 -g  get_wrf_chem_specs.c
icc -I../../../../inc  -c -O0 -g  get_kpp_chem_specs.c
icc -I../../../../inc  -c -O0 -g  compare_kpp_to_species.c
icc -I../../../../inc  -c -O0 -g  get_wrf_radicals.c
icc -I../../../../inc  -c -O0 -g  get_wrf_jvals.c
icc -I../../../../inc  -c -O0 -g  change_chem_Makefile.c
icc -I../../../../inc  -c -O0 -g  gen_kpp_interf_utils.c
icc -I../../../../inc  -c -O0 -g  gen_kpp_args_to_Update_Rconst.c
icc -I../../../../inc  -c -O0 -g  gen_kpp.c
icc -I../../../../inc  -c -O0 -g  kpp_data.c
icc -I../../../../inc  -c -O0 -g  sym.c
icc -I../../../../inc  -c -O0 -g  symtab_gen.c
icc -o registry_kpp -O0 -g   registry_kpp.o  my_strtok.o data.o type.o misc.o reg_parse.o gen_kpp.o get_wrf_chem_specs.o gen_kpp_mech_dr.o gen_kpp_interface.o get_kpp_chem_specs.o compare_kpp_to_species.o get_wrf_radicals.o get_wrf_jvals.o gen_kpp_utils.o change_chem_Makefile.o gen_kpp_interf_utils.o gen_kpp_args_to_Update_Rconst.o  kpp_data.o sym.o symtab_gen.o
compile the tuv_kpp
icc -c -g  tuv_kpp.c
icc -o tuv_kpp -g  tuv_kpp.o
-----------------------------------------
check if Registry was touched
touch run_wkc
touch mod_registry.temp
touch ../mechanisms/*/*.kpp
-----------------------------------------
Run kpp for mechanisms in chem/KPP/mechanisms
=========================================================
mechanisms/cb05_sorg_aq
ln -s ../../util/Makefile_kpp mechanisms/cb05_sorg_aq/Makefile
ln -s ../chem/KPP/inc/cb05_sorg_aq/extra_args_to_update_rconst_cb05_sorg_aq.inc /home/onishi/WRF/inc
ln -s ../chem/KPP/inc/cb05_sorg_aq/extra_args_update_rconst_cb05_sorg_aq.inc /home/onishi/WRF/inc
ln -s ../chem/KPP/inc/cb05_sorg_aq/extra_decls_update_rconst_cb05_sorg_aq.inc /home/onishi/WRF/inc
ln -s ../chem/KPP/inc/cb05_sorg_aq/kpp_mechd_a_cb05_sorg_aq.inc /home/onishi/WRF/inc
ln -s ../chem/KPP/inc/cb05_sorg_aq/kpp_mechd_b_cb05_sorg_aq.inc /home/onishi/WRF/inc
ln -s ../chem/KPP/inc/cb05_sorg_aq/kpp_mechd_e_cb05_sorg_aq.inc /home/onishi/WRF/inc
ln -s ../chem/KPP/inc/cb05_sorg_aq/kpp_mechd_ia_cb05_sorg_aq.inc /home/onishi/WRF/inc
ln -s ../chem/KPP/inc/cb05_sorg_aq/kpp_mechd_ib_cb05_sorg_aq.inc /home/onishi/WRF/inc
ln -s ../chem/KPP/inc/cb05_sorg_aq/kpp_mechd_ibu_cb05_sorg_aq.inc /home/onishi/WRF/inc
ln -s ../chem/KPP/inc/cb05_sorg_aq/kpp_mechd_l_cb05_sorg_aq.inc /home/onishi/WRF/inc
ln -s ../chem/KPP/inc/cb05_sorg_aq/kpp_mechd_u_cb05_sorg_aq.inc /home/onishi/WRF/inc
model cb05_sorg_aq
/home/onishi/WRF/chem/KPP/kpp/kpp-2.1/bin/kpp cb05_sorg_aq.kpp

This is KPP-2.1.

KPP is parsing the equation file.
KPP was told to generate WRF conform code
KPP is computing Jacobian sparsity structure.
KPP is starting the code generation.
KPP is initializing the code generation.
 
 KPP is using the WRF conform integrator routine: 
 /home/onishi/WRF/chem/KPP/kpp/kpp-2.1/int/WRF_conform/rosenbrock 

KPP is generating the monitor data:
    - cb05_sorg_aq_Monitor
KPP is generating the utility data:
    - cb05_sorg_aq_Util
KPP is generating the global declarations:
    - cb05_sorg_aq_Main
KPP is generating the ODE function:
    - cb05_sorg_aq_Function
KPP is generating the ODE Jacobian:
    - cb05_sorg_aq_Jacobian
    - cb05_sorg_aq_JacobianSP
KPP is generating the linear algebra routines:
    - cb05_sorg_aq_LinearAlgebra
KPP is generating the utility functions:
    - cb05_sorg_aq_Util
KPP is generating the rate laws:
    - cb05_sorg_aq_Rates
KPP is generating UpdateRconstWRF (WRF conform): 
    - cb05_sorg_aq_UpdateRconst
KPP is generating the parameters:
    - cb05_sorg_aq_Parameters
KPP is generating the global data:
    - cb05_sorg_aq_Global
KPP is generating the driver from general.f90:
    - cb05_sorg_aq_Main
KPP is starting the code post-processing.

KPP has succesfully created the model "cb05_sorg_aq".

cp -f cb05_sorg_aq_Integrator.f90 ../../../module_kpp_cb05_sorg_aq_Integr.F
cp -f cb05_sorg_aq_Parameters.f90 ../../../module_kpp_cb05_sorg_aq_Parameters.F
cp -f cb05_sorg_aq_Precision.f90 ../../../module_kpp_cb05_sorg_aq_Precision.F
cp -f cb05_sorg_aq_JacobianSP.f90 ../../../module_kpp_cb05_sorg_aq_JacobianSP.F
cp -f cb05_sorg_aq_Jacobian.f90 ../../../module_kpp_cb05_sorg_aq_Jacobian.F
cp -f cb05_sorg_aq_Update_Rconst.f90 ../../../module_kpp_cb05_sorg_aq_Update_Rconst.F
touch ../../util/run_wkc
Makefile:50: warning: overriding recipe for target '.F.o'
../../../../configure.wrf:397: warning: ignoring old recipe for target '.F.o'
Makefile:58: warning: overriding recipe for target '.c.o'
../../../../configure.wrf:440: warning: ignoring old recipe for target '.c.o'
rm -f decomp_uses.inc
echo USE cb05_sorg_aq_Parameters > decomp_uses.inc
echo USE cb05_sorg_aq_JacobianSP >> decomp_uses.inc
ln -sf  ../../../module_kpp_cb05_sorg_aq_Precision.F
ln -sf  ../../../module_kpp_cb05_sorg_aq_Parameters.F
ln -sf  ../../../module_kpp_cb05_sorg_aq_JacobianSP.F
ln -sf  ../../../module_kpp_cb05_sorg_aq_Integr.F
make -i -r comp
make[1]: Entering directory '/home/onishi/WRF/chem/KPP/util/write_decomp'
Makefile:50: warning: overriding recipe for target '.F.o'
../../../../configure.wrf:397: warning: ignoring old recipe for target '.F.o'
Makefile:58: warning: overriding recipe for target '.c.o'
../../../../configure.wrf:440: warning: ignoring old recipe for target '.c.o'
rm -f module_kpp_cb05_sorg_aq_Precision.o
sed -f ../../../../arch/standard.sed module_kpp_cb05_sorg_aq_Precision.F > module_kpp_cb05_sorg_aq_Precision.b 
/lib/cpp -P -nostdinc -I/external/ioapi_share -I../../../../inc -DEM_CORE= -DNMM_CORE= -DNMM_MAX_DIM=2600 -DDA_CORE= -DWRFPLUS= -DIWORDSIZE=4 -DDWORDSIZE=8 -DRWORDSIZE=4 -DLWORDSIZE=4 -DNONSTANDARD_SYSTEM_FUNC  -DWRF_USE_CLM -DUSE_NETCDF4_FEATURES -DWRFIO_NCD_LARGE_FILE_SUPPORT  -DDM_PARALLEL -DNETCDF -DGRIB2 -DHDF5 -DLANDREAD_STUB=1 -DUSE_ALLOCATABLES -Dwrfmodel -DGRIB1 -DINTIO -DKEEP_INT_AROUND -DLIMIT_ARGS -DBUILD_RRTMG_FAST=0 -DBUILD_RRTMK=0 -DBUILD_SBM_FAST=1 -DSHOW_ALL_VARS_USED=0 -DCONFIG_BUF_LEN=65536 -DMAX_DOMAINS_F=21 -DMAX_HISTORY=25 -DNMM_NEST= -DWRF_CHEM -DBUILD_CHEM=1 -DWRF_KPP -I. -traditional-cpp -DUSE_NETCDF4_FEATURES -DWRFIO_NCD_LARGE_FILE_SUPPORT  module_kpp_cb05_sorg_aq_Precision.b  > module_kpp_cb05_sorg_aq_Precision.f90
rm -f module_kpp_cb05_sorg_aq_Precision.b
ifort -c -O3 -ip -fp-model precise -w -ftz -align all -fno-alias -FR -convert big_endian    -real-size `expr 8 \* 4` -i4  module_kpp_cb05_sorg_aq_Precision.f90
rm -f module_kpp_cb05_sorg_aq_Parameters.o
sed -f ../../../../arch/standard.sed module_kpp_cb05_sorg_aq_Parameters.F > module_kpp_cb05_sorg_aq_Parameters.b 
/lib/cpp -P -nostdinc -I/external/ioapi_share -I../../../../inc -DEM_CORE= -DNMM_CORE= -DNMM_MAX_DIM=2600 -DDA_CORE= -DWRFPLUS= -DIWORDSIZE=4 -DDWORDSIZE=8 -DRWORDSIZE=4 -DLWORDSIZE=4 -DNONSTANDARD_SYSTEM_FUNC  -DWRF_USE_CLM -DUSE_NETCDF4_FEATURES -DWRFIO_NCD_LARGE_FILE_SUPPORT  -DDM_PARALLEL -DNETCDF -DGRIB2 -DHDF5 -DLANDREAD_STUB=1 -DUSE_ALLOCATABLES -Dwrfmodel -DGRIB1 -DINTIO -DKEEP_INT_AROUND -DLIMIT_ARGS -DBUILD_RRTMG_FAST=0 -DBUILD_RRTMK=0 -DBUILD_SBM_FAST=1 -DSHOW_ALL_VARS_USED=0 -DCONFIG_BUF_LEN=65536 -DMAX_DOMAINS_F=21 -DMAX_HISTORY=25 -DNMM_NEST= -DWRF_CHEM -DBUILD_CHEM=1 -DWRF_KPP -I. -traditional-cpp -DUSE_NETCDF4_FEATURES -DWRFIO_NCD_LARGE_FILE_SUPPORT  module_kpp_cb05_sorg_aq_Parameters.b  > module_kpp_cb05_sorg_aq_Parameters.f90
rm -f module_kpp_cb05_sorg_aq_Parameters.b
ifort -c -O3 -ip -fp-model precise -w -ftz -align all -fno-alias -FR -convert big_endian    -real-size `expr 8 \* 4` -i4  module_kpp_cb05_sorg_aq_Parameters.f90
rm -f module_kpp_cb05_sorg_aq_JacobianSP.o
sed -f ../../../../arch/standard.sed module_kpp_cb05_sorg_aq_JacobianSP.F > module_kpp_cb05_sorg_aq_JacobianSP.b 
/lib/cpp -P -nostdinc -I/external/ioapi_share -I../../../../inc -DEM_CORE= -DNMM_CORE= -DNMM_MAX_DIM=2600 -DDA_CORE= -DWRFPLUS= -DIWORDSIZE=4 -DDWORDSIZE=8 -DRWORDSIZE=4 -DLWORDSIZE=4 -DNONSTANDARD_SYSTEM_FUNC  -DWRF_USE_CLM -DUSE_NETCDF4_FEATURES -DWRFIO_NCD_LARGE_FILE_SUPPORT  -DDM_PARALLEL -DNETCDF -DGRIB2 -DHDF5 -DLANDREAD_STUB=1 -DUSE_ALLOCATABLES -Dwrfmodel -DGRIB1 -DINTIO -DKEEP_INT_AROUND -DLIMIT_ARGS -DBUILD_RRTMG_FAST=0 -DBUILD_RRTMK=0 -DBUILD_SBM_FAST=1 -DSHOW_ALL_VARS_USED=0 -DCONFIG_BUF_LEN=65536 -DMAX_DOMAINS_F=21 -DMAX_HISTORY=25 -DNMM_NEST= -DWRF_CHEM -DBUILD_CHEM=1 -DWRF_KPP -I. -traditional-cpp -DUSE_NETCDF4_FEATURES -DWRFIO_NCD_LARGE_FILE_SUPPORT  module_kpp_cb05_sorg_aq_JacobianSP.b  > module_kpp_cb05_sorg_aq_JacobianSP.f90
rm -f module_kpp_cb05_sorg_aq_JacobianSP.b
ifort -c -O3 -ip -fp-model precise -w -ftz -align all -fno-alias -FR -convert big_endian    -real-size `expr 8 \* 4` -i4  module_kpp_cb05_sorg_aq_JacobianSP.f90
rm -f write_decomp.o
sed -f ../../../../arch/standard.sed write_decomp.F > write_decomp.b 
/lib/cpp -P -nostdinc -I/external/ioapi_share -I../../../../inc -DEM_CORE= -DNMM_CORE= -DNMM_MAX_DIM=2600 -DDA_CORE= -DWRFPLUS= -DIWORDSIZE=4 -DDWORDSIZE=8 -DRWORDSIZE=4 -DLWORDSIZE=4 -DNONSTANDARD_SYSTEM_FUNC  -DWRF_USE_CLM -DUSE_NETCDF4_FEATURES -DWRFIO_NCD_LARGE_FILE_SUPPORT  -DDM_PARALLEL -DNETCDF -DGRIB2 -DHDF5 -DLANDREAD_STUB=1 -DUSE_ALLOCATABLES -Dwrfmodel -DGRIB1 -DINTIO -DKEEP_INT_AROUND -DLIMIT_ARGS -DBUILD_RRTMG_FAST=0 -DBUILD_RRTMK=0 -DBUILD_SBM_FAST=1 -DSHOW_ALL_VARS_USED=0 -DCONFIG_BUF_LEN=65536 -DMAX_DOMAINS_F=21 -DMAX_HISTORY=25 -DNMM_NEST= -DWRF_CHEM -DBUILD_CHEM=1 -DWRF_KPP -I. -traditional-cpp -DUSE_NETCDF4_FEATURES -DWRFIO_NCD_LARGE_FILE_SUPPORT  write_decomp.b  > write_decomp.f90
rm -f write_decomp.b
ifort -c -O3 -ip -fp-model precise -w -ftz -align all -fno-alias -FR -convert big_endian    -real-size `expr 8 \* 4` -i4  write_decomp.f90
ifort -o write_decomp.exe module_kpp_cb05_sorg_aq_Precision.o module_kpp_cb05_sorg_aq_Parameters.o module_kpp_cb05_sorg_aq_JacobianSP.o      write_decomp.o  
echo cb05_sorg_aq > mech.tmp
make[1]: Leaving directory '/home/onishi/WRF/chem/KPP/util/write_decomp'
./write_decomp.exe
   -- in write_decomp
     for kpp mechanism: cb05_sorg_aq
 fname:<decomp_cb05_sorg_aq.inc>
make -i -r integr_edit
make[1]: Entering directory '/home/onishi/WRF/chem/KPP/util/write_decomp'
Makefile:50: warning: overriding recipe for target '.F.o'
../../../../configure.wrf:397: warning: ignoring old recipe for target '.F.o'
Makefile:58: warning: overriding recipe for target '.c.o'
../../../../configure.wrf:440: warning: ignoring old recipe for target '.c.o'
rm -f integr_edit.o
icc -c -w -O3 -ip -DRPC_TYPES=1  -DDM_PARALLEL -DLANDREAD_STUB=1 -DMAX_HISTORY=25 -DNMM_CORE= integr_edit.c
icc -o integr_edit.exe integr_edit.o
make[1]: Leaving directory '/home/onishi/WRF/chem/KPP/util/write_decomp'
./integr_edit.exe cb05_sorg_aq
   integr_edit: replacing     CALL cb05_sorg_aq_KppDecomp ( A, ising )
 
  END MODULE cb05_sorg_aq_Integrator
 make -i -r clean 
make[1]: Entering directory '/home/onishi/WRF/chem/KPP/util/write_decomp'
Makefile:50: warning: overriding recipe for target '.F.o'
../../../../configure.wrf:397: warning: ignoring old recipe for target '.F.o'
Makefile:58: warning: overriding recipe for target '.c.o'
../../../../configure.wrf:440: warning: ignoring old recipe for target '.c.o'
make[1]: Leaving directory '/home/onishi/WRF/chem/KPP/util/write_decomp'
=========================================================
mechanisms/cb05_sorg_vbs_aq
ln -s ../../util/Makefile_kpp mechanisms/cb05_sorg_vbs_aq/Makefile
ln -s ../chem/KPP/inc/cb05_sorg_vbs_aq/extra_args_to_update_rconst_cb05_sorg_vbs_aq.inc /home/onishi/WRF/inc
ln -s ../chem/KPP/inc/cb05_sorg_vbs_aq/extra_args_update_rconst_cb05_sorg_vbs_aq.inc /home/onishi/WRF/inc
ln -s ../chem/KPP/inc/cb05_sorg_vbs_aq/extra_decls_update_rconst_cb05_sorg_vbs_aq.inc /home/onishi/WRF/inc
ln -s ../chem/KPP/inc/cb05_sorg_vbs_aq/kpp_mechd_a_cb05_sorg_vbs_aq.inc /home/onishi/WRF/inc
ln -s ../chem/KPP/inc/cb05_sorg_vbs_aq/kpp_mechd_b_cb05_sorg_vbs_aq.inc /home/onishi/WRF/inc
ln -s ../chem/KPP/inc/cb05_sorg_vbs_aq/kpp_mechd_e_cb05_sorg_vbs_aq.inc /home/onishi/WRF/inc
ln -s ../chem/KPP/inc/cb05_sorg_vbs_aq/kpp_mechd_ia_cb05_sorg_vbs_aq.inc /home/onishi/WRF/inc
ln -s ../chem/KPP/inc/cb05_sorg_vbs_aq/kpp_mechd_ib_cb05_sorg_vbs_aq.inc /home/onishi/WRF/inc
ln -s ../chem/KPP/inc/cb05_sorg_vbs_aq/kpp_mechd_ibu_cb05_sorg_vbs_aq.inc /home/onishi/WRF/inc
ln -s ../chem/KPP/inc/cb05_sorg_vbs_aq/kpp_mechd_l_cb05_sorg_vbs_aq.inc /home/onishi/WRF/inc
ln -s ../chem/KPP/inc/cb05_sorg_vbs_aq/kpp_mechd_u_cb05_sorg_vbs_aq.inc /home/onishi/WRF/inc
model cb05_sorg_vbs_aq
/home/onishi/WRF/chem/KPP/kpp/kpp-2.1/bin/kpp cb05_sorg_vbs_aq.kpp

This is KPP-2.1.

KPP is parsing the equation file.
KPP was told to generate WRF conform code
KPP is computing Jacobian sparsity structure.
KPP is starting the code generation.
KPP is initializing the code generation.
 
 KPP is using the WRF conform integrator routine: 
 /home/onishi/WRF/chem/KPP/kpp/kpp-2.1/int/WRF_conform/rosenbrock 

KPP is generating the monitor data:
    - cb05_sorg_vbs_aq_Monitor
KPP is generating the utility data:
    - cb05_sorg_vbs_aq_Util
KPP is generating the global declarations:
    - cb05_sorg_vbs_aq_Main
KPP is generating the ODE function:
    - cb05_sorg_vbs_aq_Function
KPP is generating the ODE Jacobian:
    - cb05_sorg_vbs_aq_Jacobian
    - cb05_sorg_vbs_aq_JacobianSP
KPP is generating the linear algebra routines:
    - cb05_sorg_vbs_aq_LinearAlgebra
KPP is generating the utility functions:
    - cb05_sorg_vbs_aq_Util
KPP is generating the rate laws:
    - cb05_sorg_vbs_aq_Rates
KPP is generating UpdateRconstWRF (WRF conform): 
    - cb05_sorg_vbs_aq_UpdateRconst
KPP is generating the parameters:
    - cb05_sorg_vbs_aq_Parameters
KPP is generating the global data:
    - cb05_sorg_vbs_aq_Global
KPP is generating the driver from general.f90:
    - cb05_sorg_vbs_aq_Main
KPP is starting the code post-processing.

KPP has succesfully created the model "cb05_sorg_vbs_aq".

cp -f cb05_sorg_vbs_aq_Integrator.f90 ../../../module_kpp_cb05_sorg_vbs_aq_Integr.F
cp -f cb05_sorg_vbs_aq_Parameters.f90 ../../../module_kpp_cb05_sorg_vbs_aq_Parameters.F
cp -f cb05_sorg_vbs_aq_Precision.f90 ../../../module_kpp_cb05_sorg_vbs_aq_Precision.F
cp -f cb05_sorg_vbs_aq_JacobianSP.f90 ../../../module_kpp_cb05_sorg_vbs_aq_JacobianSP.F
cp -f cb05_sorg_vbs_aq_Jacobian.f90 ../../../module_kpp_cb05_sorg_vbs_aq_Jacobian.F
cp -f cb05_sorg_vbs_aq_Update_Rconst.f90 ../../../module_kpp_cb05_sorg_vbs_aq_Update_Rconst.F
touch ../../util/run_wkc
Makefile:50: warning: overriding recipe for target '.F.o'
../../../../configure.wrf:397: warning: ignoring old recipe for target '.F.o'
Makefile:58: warning: overriding recipe for target '.c.o'
../../../../configure.wrf:440: warning: ignoring old recipe for target '.c.o'
rm -f decomp_uses.inc
echo USE cb05_sorg_vbs_aq_Parameters > decomp_uses.inc
echo USE cb05_sorg_vbs_aq_JacobianSP >> decomp_uses.inc
ln -sf  ../../../module_kpp_cb05_sorg_vbs_aq_Precision.F
ln -sf  ../../../module_kpp_cb05_sorg_vbs_aq_Parameters.F
ln -sf  ../../../module_kpp_cb05_sorg_vbs_aq_JacobianSP.F
ln -sf  ../../../module_kpp_cb05_sorg_vbs_aq_Integr.F
make -i -r comp
make[1]: Entering directory '/home/onishi/WRF/chem/KPP/util/write_decomp'
Makefile:50: warning: overriding recipe for target '.F.o'
../../../../configure.wrf:397: warning: ignoring old recipe for target '.F.o'
Makefile:58: warning: overriding recipe for target '.c.o'
../../../../configure.wrf:440: warning: ignoring old recipe for target '.c.o'
rm -f module_kpp_cb05_sorg_vbs_aq_Precision.o
sed -f ../../../../arch/standard.sed module_kpp_cb05_sorg_vbs_aq_Precision.F > module_kpp_cb05_sorg_vbs_aq_Precision.b 
/lib/cpp -P -nostdinc -I/external/ioapi_share -I../../../../inc -DEM_CORE= -DNMM_CORE= -DNMM_MAX_DIM=2600 -DDA_CORE= -DWRFPLUS= -DIWORDSIZE=4 -DDWORDSIZE=8 -DRWORDSIZE=4 -DLWORDSIZE=4 -DNONSTANDARD_SYSTEM_FUNC  -DWRF_USE_CLM -DUSE_NETCDF4_FEATURES -DWRFIO_NCD_LARGE_FILE_SUPPORT  -DDM_PARALLEL -DNETCDF -DGRIB2 -DHDF5 -DLANDREAD_STUB=1 -DUSE_ALLOCATABLES -Dwrfmodel -DGRIB1 -DINTIO -DKEEP_INT_AROUND -DLIMIT_ARGS -DBUILD_RRTMG_FAST=0 -DBUILD_RRTMK=0 -DBUILD_SBM_FAST=1 -DSHOW_ALL_VARS_USED=0 -DCONFIG_BUF_LEN=65536 -DMAX_DOMAINS_F=21 -DMAX_HISTORY=25 -DNMM_NEST= -DWRF_CHEM -DBUILD_CHEM=1 -DWRF_KPP -I. -traditional-cpp -DUSE_NETCDF4_FEATURES -DWRFIO_NCD_LARGE_FILE_SUPPORT  module_kpp_cb05_sorg_vbs_aq_Precision.b  > module_kpp_cb05_sorg_vbs_aq_Precision.f90
rm -f module_kpp_cb05_sorg_vbs_aq_Precision.b
ifort -c -O3 -ip -fp-model precise -w -ftz -align all -fno-alias -FR -convert big_endian    -real-size `expr 8 \* 4` -i4  module_kpp_cb05_sorg_vbs_aq_Precision.f90
rm -f module_kpp_cb05_sorg_vbs_aq_Parameters.o
sed -f ../../../../arch/standard.sed module_kpp_cb05_sorg_vbs_aq_Parameters.F > module_kpp_cb05_sorg_vbs_aq_Parameters.b 
/lib/cpp -P -nostdinc -I/external/ioapi_share -I../../../../inc -DEM_CORE= -DNMM_CORE= -DNMM_MAX_DIM=2600 -DDA_CORE= -DWRFPLUS= -DIWORDSIZE=4 -DDWORDSIZE=8 -DRWORDSIZE=4 -DLWORDSIZE=4 -DNONSTANDARD_SYSTEM_FUNC  -DWRF_USE_CLM -DUSE_NETCDF4_FEATURES -DWRFIO_NCD_LARGE_FILE_SUPPORT  -DDM_PARALLEL -DNETCDF -DGRIB2 -DHDF5 -DLANDREAD_STUB=1 -DUSE_ALLOCATABLES -Dwrfmodel -DGRIB1 -DINTIO -DKEEP_INT_AROUND -DLIMIT_ARGS -DBUILD_RRTMG_FAST=0 -DBUILD_RRTMK=0 -DBUILD_SBM_FAST=1 -DSHOW_ALL_VARS_USED=0 -DCONFIG_BUF_LEN=65536 -DMAX_DOMAINS_F=21 -DMAX_HISTORY=25 -DNMM_NEST= -DWRF_CHEM -DBUILD_CHEM=1 -DWRF_KPP -I. -traditional-cpp -DUSE_NETCDF4_FEATURES -DWRFIO_NCD_LARGE_FILE_SUPPORT  module_kpp_cb05_sorg_vbs_aq_Parameters.b  > module_kpp_cb05_sorg_vbs_aq_Parameters.f90
rm -f module_kpp_cb05_sorg_vbs_aq_Parameters.b
ifort -c -O3 -ip -fp-model precise -w -ftz -align all -fno-alias -FR -convert big_endian    -real-size `expr 8 \* 4` -i4  module_kpp_cb05_sorg_vbs_aq_Parameters.f90
rm -f module_kpp_cb05_sorg_vbs_aq_JacobianSP.o
sed -f ../../../../arch/standard.sed module_kpp_cb05_sorg_vbs_aq_JacobianSP.F > module_kpp_cb05_sorg_vbs_aq_JacobianSP.b 
/lib/cpp -P -nostdinc -I/external/ioapi_share -I../../../../inc -DEM_CORE= -DNMM_CORE= -DNMM_MAX_DIM=2600 -DDA_CORE= -DWRFPLUS= -DIWORDSIZE=4 -DDWORDSIZE=8 -DRWORDSIZE=4 -DLWORDSIZE=4 -DNONSTANDARD_SYSTEM_FUNC  -DWRF_USE_CLM -DUSE_NETCDF4_FEATURES -DWRFIO_NCD_LARGE_FILE_SUPPORT  -DDM_PARALLEL -DNETCDF -DGRIB2 -DHDF5 -DLANDREAD_STUB=1 -DUSE_ALLOCATABLES -Dwrfmodel -DGRIB1 -DINTIO -DKEEP_INT_AROUND -DLIMIT_ARGS -DBUILD_RRTMG_FAST=0 -DBUILD_RRTMK=0 -DBUILD_SBM_FAST=1 -DSHOW_ALL_VARS_USED=0 -DCONFIG_BUF_LEN=65536 -DMAX_DOMAINS_F=21 -DMAX_HISTORY=25 -DNMM_NEST= -DWRF_CHEM -DBUILD_CHEM=1 -DWRF_KPP -I. -traditional-cpp -DUSE_NETCDF4_FEATURES -DWRFIO_NCD_LARGE_FILE_SUPPORT  module_kpp_cb05_sorg_vbs_aq_JacobianSP.b  > module_kpp_cb05_sorg_vbs_aq_JacobianSP.f90
rm -f module_kpp_cb05_sorg_vbs_aq_JacobianSP.b
ifort -c -O3 -ip -fp-model precise -w -ftz -align all -fno-alias -FR -convert big_endian    -real-size `expr 8 \* 4` -i4  module_kpp_cb05_sorg_vbs_aq_JacobianSP.f90
rm -f write_decomp.o
sed -f ../../../../arch/standard.sed write_decomp.F > write_decomp.b 
/lib/cpp -P -nostdinc -I/external/ioapi_share -I../../../../inc -DEM_CORE= -DNMM_CORE= -DNMM_MAX_DIM=2600 -DDA_CORE= -DWRFPLUS= -DIWORDSIZE=4 -DDWORDSIZE=8 -DRWORDSIZE=4 -DLWORDSIZE=4 -DNONSTANDARD_SYSTEM_FUNC  -DWRF_USE_CLM -DUSE_NETCDF4_FEATURES -DWRFIO_NCD_LARGE_FILE_SUPPORT  -DDM_PARALLEL -DNETCDF -DGRIB2 -DHDF5 -DLANDREAD_STUB=1 -DUSE_ALLOCATABLES -Dwrfmodel -DGRIB1 -DINTIO -DKEEP_INT_AROUND -DLIMIT_ARGS -DBUILD_RRTMG_FAST=0 -DBUILD_RRTMK=0 -DBUILD_SBM_FAST=1 -DSHOW_ALL_VARS_USED=0 -DCONFIG_BUF_LEN=65536 -DMAX_DOMAINS_F=21 -DMAX_HISTORY=25 -DNMM_NEST= -DWRF_CHEM -DBUILD_CHEM=1 -DWRF_KPP -I. -traditional-cpp -DUSE_NETCDF4_FEATURES -DWRFIO_NCD_LARGE_FILE_SUPPORT  write_decomp.b  > write_decomp.f90
rm -f write_decomp.b
ifort -c -O3 -ip -fp-model precise -w -ftz -align all -fno-alias -FR -convert big_endian    -real-size `expr 8 \* 4` -i4  write_decomp.f90
ifort -o write_decomp.exe module_kpp_cb05_sorg_vbs_aq_Precision.o module_kpp_cb05_sorg_vbs_aq_Parameters.o module_kpp_cb05_sorg_vbs_aq_JacobianSP.o      write_decomp.o  
echo cb05_sorg_vbs_aq > mech.tmp
make[1]: Leaving directory '/home/onishi/WRF/chem/KPP/util/write_decomp'
./write_decomp.exe
   -- in write_decomp
     for kpp mechanism: cb05_sorg_vbs_aq
 fname:<decomp_cb05_sorg_vbs_aq.inc>
make -i -r integr_edit
make[1]: Entering directory '/home/onishi/WRF/chem/KPP/util/write_decomp'
Makefile:50: warning: overriding recipe for target '.F.o'
../../../../configure.wrf:397: warning: ignoring old recipe for target '.F.o'
Makefile:58: warning: overriding recipe for target '.c.o'
../../../../configure.wrf:440: warning: ignoring old recipe for target '.c.o'
rm -f integr_edit.o
icc -c -w -O3 -ip -DRPC_TYPES=1  -DDM_PARALLEL -DLANDREAD_STUB=1 -DMAX_HISTORY=25 -DNMM_CORE= integr_edit.c
icc -o integr_edit.exe integr_edit.o
make[1]: Leaving directory '/home/onishi/WRF/chem/KPP/util/write_decomp'
./integr_edit.exe cb05_sorg_vbs_aq
   integr_edit: replacing     CALL cb05_sorg_vbs_aq_KppDecomp ( A, ising )
 
  END MODULE cb05_sorg_vbs_aq_Integrator
 make -i -r clean 
make[1]: Entering directory '/home/onishi/WRF/chem/KPP/util/write_decomp'
Makefile:50: warning: overriding recipe for target '.F.o'
../../../../configure.wrf:397: warning: ignoring old recipe for target '.F.o'
Makefile:58: warning: overriding recipe for target '.c.o'
../../../../configure.wrf:440: warning: ignoring old recipe for target '.c.o'
make[1]: Leaving directory '/home/onishi/WRF/chem/KPP/util/write_decomp'
=========================================================
mechanisms/cbm4
ln -s ../../util/Makefile_kpp mechanisms/cbm4/Makefile
ln -s ../chem/KPP/inc/cbm4/extra_args_to_update_rconst_cbm4.inc /home/onishi/WRF/inc
ln -s ../chem/KPP/inc/cbm4/extra_args_update_rconst_cbm4.inc /home/onishi/WRF/inc
ln -s ../chem/KPP/inc/cbm4/extra_decls_update_rconst_cbm4.inc /home/onishi/WRF/inc
ln -s ../chem/KPP/inc/cbm4/kpp_mechd_a_cbm4.inc /home/onishi/WRF/inc
ln -s ../chem/KPP/inc/cbm4/kpp_mechd_b_cbm4.inc /home/onishi/WRF/inc
ln -s ../chem/KPP/inc/cbm4/kpp_mechd_e_cbm4.inc /home/onishi/WRF/inc
ln -s ../chem/KPP/inc/cbm4/kpp_mechd_ia_cbm4.inc /home/onishi/WRF/inc
ln -s ../chem/KPP/inc/cbm4/kpp_mechd_ib_cbm4.inc /home/onishi/WRF/inc
ln -s ../chem/KPP/inc/cbm4/kpp_mechd_ibu_cbm4.inc /home/onishi/WRF/inc
ln -s ../chem/KPP/inc/cbm4/kpp_mechd_l_cbm4.inc /home/onishi/WRF/inc
ln -s ../chem/KPP/inc/cbm4/kpp_mechd_u_cbm4.inc /home/onishi/WRF/inc
model cbm4
/home/onishi/WRF/chem/KPP/kpp/kpp-2.1/bin/kpp cbm4.kpp

This is KPP-2.1.

KPP is parsing the equation file.
KPP was told to generate WRF conform code
KPP is computing Jacobian sparsity structure.
KPP is starting the code generation.
KPP is initializing the code generation.
 
 KPP is using the WRF conform integrator routine: 
 /home/onishi/WRF/chem/KPP/kpp/kpp-2.1/int/WRF_conform/rosenbrock 

KPP is generating the monitor data:
    - cbm4_Monitor
KPP is generating the utility data:
    - cbm4_Util
KPP is generating the global declarations:
    - cbm4_Main
KPP is generating the ODE function:
    - cbm4_Function
KPP is generating the ODE Jacobian:
    - cbm4_Jacobian
    - cbm4_JacobianSP
KPP is generating the linear algebra routines:
    - cbm4_LinearAlgebra
KPP is generating the utility functions:
    - cbm4_Util
KPP is generating the rate laws:
    - cbm4_Rates
KPP is generating UpdateRconstWRF (WRF conform): 
    - cbm4_UpdateRconst
KPP is generating the parameters:
    - cbm4_Parameters
KPP is generating the global data:
    - cbm4_Global
KPP is generating the driver from general.f90:
    - cbm4_Main
KPP is starting the code post-processing.

KPP has succesfully created the model "cbm4".

cp -f cbm4_Integrator.f90 ../../../module_kpp_cbm4_Integr.F
cp -f cbm4_Parameters.f90 ../../../module_kpp_cbm4_Parameters.F
cp -f cbm4_Precision.f90 ../../../module_kpp_cbm4_Precision.F
cp -f cbm4_JacobianSP.f90 ../../../module_kpp_cbm4_JacobianSP.F
cp -f cbm4_Jacobian.f90 ../../../module_kpp_cbm4_Jacobian.F
cp -f cbm4_Update_Rconst.f90 ../../../module_kpp_cbm4_Update_Rconst.F
touch ../../util/run_wkc
Makefile:50: warning: overriding recipe for target '.F.o'
../../../../configure.wrf:397: warning: ignoring old recipe for target '.F.o'
Makefile:58: warning: overriding recipe for target '.c.o'
../../../../configure.wrf:440: warning: ignoring old recipe for target '.c.o'
rm -f decomp_uses.inc
echo USE cbm4_Parameters > decomp_uses.inc
echo USE cbm4_JacobianSP >> decomp_uses.inc
ln -sf  ../../../module_kpp_cbm4_Precision.F
ln -sf  ../../../module_kpp_cbm4_Parameters.F
ln -sf  ../../../module_kpp_cbm4_JacobianSP.F
ln -sf  ../../../module_kpp_cbm4_Integr.F
make -i -r comp
make[1]: Entering directory '/home/onishi/WRF/chem/KPP/util/write_decomp'
Makefile:50: warning: overriding recipe for target '.F.o'
../../../../configure.wrf:397: warning: ignoring old recipe for target '.F.o'
Makefile:58: warning: overriding recipe for target '.c.o'
../../../../configure.wrf:440: warning: ignoring old recipe for target '.c.o'
rm -f module_kpp_cbm4_Precision.o
sed -f ../../../../arch/standard.sed module_kpp_cbm4_Precision.F > module_kpp_cbm4_Precision.b 
/lib/cpp -P -nostdinc -I/external/ioapi_share -I../../../../inc -DEM_CORE= -DNMM_CORE= -DNMM_MAX_DIM=2600 -DDA_CORE= -DWRFPLUS= -DIWORDSIZE=4 -DDWORDSIZE=8 -DRWORDSIZE=4 -DLWORDSIZE=4 -DNONSTANDARD_SYSTEM_FUNC  -DWRF_USE_CLM -DUSE_NETCDF4_FEATURES -DWRFIO_NCD_LARGE_FILE_SUPPORT  -DDM_PARALLEL -DNETCDF -DGRIB2 -DHDF5 -DLANDREAD_STUB=1 -DUSE_ALLOCATABLES -Dwrfmodel -DGRIB1 -DINTIO -DKEEP_INT_AROUND -DLIMIT_ARGS -DBUILD_RRTMG_FAST=0 -DBUILD_RRTMK=0 -DBUILD_SBM_FAST=1 -DSHOW_ALL_VARS_USED=0 -DCONFIG_BUF_LEN=65536 -DMAX_DOMAINS_F=21 -DMAX_HISTORY=25 -DNMM_NEST= -DWRF_CHEM -DBUILD_CHEM=1 -DWRF_KPP -I. -traditional-cpp -DUSE_NETCDF4_FEATURES -DWRFIO_NCD_LARGE_FILE_SUPPORT  module_kpp_cbm4_Precision.b  > module_kpp_cbm4_Precision.f90
rm -f module_kpp_cbm4_Precision.b
ifort -c -O3 -ip -fp-model precise -w -ftz -align all -fno-alias -FR -convert big_endian    -real-size `expr 8 \* 4` -i4  module_kpp_cbm4_Precision.f90
rm -f module_kpp_cbm4_Parameters.o
sed -f ../../../../arch/standard.sed module_kpp_cbm4_Parameters.F > module_kpp_cbm4_Parameters.b 
/lib/cpp -P -nostdinc -I/external/ioapi_share -I../../../../inc -DEM_CORE= -DNMM_CORE= -DNMM_MAX_DIM=2600 -DDA_CORE= -DWRFPLUS= -DIWORDSIZE=4 -DDWORDSIZE=8 -DRWORDSIZE=4 -DLWORDSIZE=4 -DNONSTANDARD_SYSTEM_FUNC  -DWRF_USE_CLM -DUSE_NETCDF4_FEATURES -DWRFIO_NCD_LARGE_FILE_SUPPORT  -DDM_PARALLEL -DNETCDF -DGRIB2 -DHDF5 -DLANDREAD_STUB=1 -DUSE_ALLOCATABLES -Dwrfmodel -DGRIB1 -DINTIO -DKEEP_INT_AROUND -DLIMIT_ARGS -DBUILD_RRTMG_FAST=0 -DBUILD_RRTMK=0 -DBUILD_SBM_FAST=1 -DSHOW_ALL_VARS_USED=0 -DCONFIG_BUF_LEN=65536 -DMAX_DOMAINS_F=21 -DMAX_HISTORY=25 -DNMM_NEST= -DWRF_CHEM -DBUILD_CHEM=1 -DWRF_KPP -I. -traditional-cpp -DUSE_NETCDF4_FEATURES -DWRFIO_NCD_LARGE_FILE_SUPPORT  module_kpp_cbm4_Parameters.b  > module_kpp_cbm4_Parameters.f90
rm -f module_kpp_cbm4_Parameters.b
ifort -c -O3 -ip -fp-model precise -w -ftz -align all -fno-alias -FR -convert big_endian    -real-size `expr 8 \* 4` -i4  module_kpp_cbm4_Parameters.f90
rm -f module_kpp_cbm4_JacobianSP.o
sed -f ../../../../arch/standard.sed module_kpp_cbm4_JacobianSP.F > module_kpp_cbm4_JacobianSP.b 
/lib/cpp -P -nostdinc -I/external/ioapi_share -I../../../../inc -DEM_CORE= -DNMM_CORE= -DNMM_MAX_DIM=2600 -DDA_CORE= -DWRFPLUS= -DIWORDSIZE=4 -DDWORDSIZE=8 -DRWORDSIZE=4 -DLWORDSIZE=4 -DNONSTANDARD_SYSTEM_FUNC  -DWRF_USE_CLM -DUSE_NETCDF4_FEATURES -DWRFIO_NCD_LARGE_FILE_SUPPORT  -DDM_PARALLEL -DNETCDF -DGRIB2 -DHDF5 -DLANDREAD_STUB=1 -DUSE_ALLOCATABLES -Dwrfmodel -DGRIB1 -DINTIO -DKEEP_INT_AROUND -DLIMIT_ARGS -DBUILD_RRTMG_FAST=0 -DBUILD_RRTMK=0 -DBUILD_SBM_FAST=1 -DSHOW_ALL_VARS_USED=0 -DCONFIG_BUF_LEN=65536 -DMAX_DOMAINS_F=21 -DMAX_HISTORY=25 -DNMM_NEST= -DWRF_CHEM -DBUILD_CHEM=1 -DWRF_KPP -I. -traditional-cpp -DUSE_NETCDF4_FEATURES -DWRFIO_NCD_LARGE_FILE_SUPPORT  module_kpp_cbm4_JacobianSP.b  > module_kpp_cbm4_JacobianSP.f90
rm -f module_kpp_cbm4_JacobianSP.b
ifort -c -O3 -ip -fp-model precise -w -ftz -align all -fno-alias -FR -convert big_endian    -real-size `expr 8 \* 4` -i4  module_kpp_cbm4_JacobianSP.f90
rm -f write_decomp.o
sed -f ../../../../arch/standard.sed write_decomp.F > write_decomp.b 
/lib/cpp -P -nostdinc -I/external/ioapi_share -I../../../../inc -DEM_CORE= -DNMM_CORE= -DNMM_MAX_DIM=2600 -DDA_CORE= -DWRFPLUS= -DIWORDSIZE=4 -DDWORDSIZE=8 -DRWORDSIZE=4 -DLWORDSIZE=4 -DNONSTANDARD_SYSTEM_FUNC  -DWRF_USE_CLM -DUSE_NETCDF4_FEATURES -DWRFIO_NCD_LARGE_FILE_SUPPORT  -DDM_PARALLEL -DNETCDF -DGRIB2 -DHDF5 -DLANDREAD_STUB=1 -DUSE_ALLOCATABLES -Dwrfmodel -DGRIB1 -DINTIO -DKEEP_INT_AROUND -DLIMIT_ARGS -DBUILD_RRTMG_FAST=0 -DBUILD_RRTMK=0 -DBUILD_SBM_FAST=1 -DSHOW_ALL_VARS_USED=0 -DCONFIG_BUF_LEN=65536 -DMAX_DOMAINS_F=21 -DMAX_HISTORY=25 -DNMM_NEST= -DWRF_CHEM -DBUILD_CHEM=1 -DWRF_KPP -I. -traditional-cpp -DUSE_NETCDF4_FEATURES -DWRFIO_NCD_LARGE_FILE_SUPPORT  write_decomp.b  > write_decomp.f90
rm -f write_decomp.b
ifort -c -O3 -ip -fp-model precise -w -ftz -align all -fno-alias -FR -convert big_endian    -real-size `expr 8 \* 4` -i4  write_decomp.f90
ifort -o write_decomp.exe module_kpp_cbm4_Precision.o module_kpp_cbm4_Parameters.o module_kpp_cbm4_JacobianSP.o      write_decomp.o  
echo cbm4 > mech.tmp
make[1]: Leaving directory '/home/onishi/WRF/chem/KPP/util/write_decomp'
./write_decomp.exe
   -- in write_decomp
     for kpp mechanism: cbm4
 fname:<decomp_cbm4.inc>
make -i -r integr_edit
make[1]: Entering directory '/home/onishi/WRF/chem/KPP/util/write_decomp'
Makefile:50: warning: overriding recipe for target '.F.o'
../../../../configure.wrf:397: warning: ignoring old recipe for target '.F.o'
Makefile:58: warning: overriding recipe for target '.c.o'
../../../../configure.wrf:440: warning: ignoring old recipe for target '.c.o'
rm -f integr_edit.o
icc -c -w -O3 -ip -DRPC_TYPES=1  -DDM_PARALLEL -DLANDREAD_STUB=1 -DMAX_HISTORY=25 -DNMM_CORE= integr_edit.c
icc -o integr_edit.exe integr_edit.o
make[1]: Leaving directory '/home/onishi/WRF/chem/KPP/util/write_decomp'
./integr_edit.exe cbm4
   integr_edit: replacing     CALL cbm4_KppDecomp ( A, ising )
 
  END MODULE cbm4_Integrator
 make -i -r clean 
make[1]: Entering directory '/home/onishi/WRF/chem/KPP/util/write_decomp'
Makefile:50: warning: overriding recipe for target '.F.o'
../../../../configure.wrf:397: warning: ignoring old recipe for target '.F.o'
Makefile:58: warning: overriding recipe for target '.c.o'
../../../../configure.wrf:440: warning: ignoring old recipe for target '.c.o'
make[1]: Leaving directory '/home/onishi/WRF/chem/KPP/util/write_decomp'
=========================================================
mechanisms/cbmz_bb
ln -s ../../util/Makefile_kpp mechanisms/cbmz_bb/Makefile
ln -s ../chem/KPP/inc/cbmz_bb/extra_args_to_update_rconst_cbmz_bb.inc /home/onishi/WRF/inc
ln -s ../chem/KPP/inc/cbmz_bb/extra_args_update_rconst_cbmz_bb.inc /home/onishi/WRF/inc
ln -s ../chem/KPP/inc/cbmz_bb/extra_decls_update_rconst_cbmz_bb.inc /home/onishi/WRF/inc
ln -s ../chem/KPP/inc/cbmz_bb/kpp_mechd_a_cbmz_bb.inc /home/onishi/WRF/inc
ln -s ../chem/KPP/inc/cbmz_bb/kpp_mechd_b_cbmz_bb.inc /home/onishi/WRF/inc
ln -s ../chem/KPP/inc/cbmz_bb/kpp_mechd_e_cbmz_bb.inc /home/onishi/WRF/inc
ln -s ../chem/KPP/inc/cbmz_bb/kpp_mechd_ia_cbmz_bb.inc /home/onishi/WRF/inc
ln -s ../chem/KPP/inc/cbmz_bb/kpp_mechd_ib_cbmz_bb.inc /home/onishi/WRF/inc
ln -s ../chem/KPP/inc/cbmz_bb/kpp_mechd_ibu_cbmz_bb.inc /home/onishi/WRF/inc
ln -s ../chem/KPP/inc/cbmz_bb/kpp_mechd_l_cbmz_bb.inc /home/onishi/WRF/inc
ln -s ../chem/KPP/inc/cbmz_bb/kpp_mechd_u_cbmz_bb.inc /home/onishi/WRF/inc
model cbmz_bb
/home/onishi/WRF/chem/KPP/kpp/kpp-2.1/bin/kpp cbmz_bb.kpp

This is KPP-2.1.

KPP is parsing the equation file.
KPP was told to generate WRF conform code
KPP is computing Jacobian sparsity structure.
KPP is starting the code generation.
KPP is initializing the code generation.
 
 KPP is using the WRF conform integrator routine: 
 /home/onishi/WRF/chem/KPP/kpp/kpp-2.1/int/WRF_conform/rosenbrock 

KPP is generating the monitor data:
    - cbmz_bb_Monitor
KPP is generating the utility data:
    - cbmz_bb_Util
KPP is generating the global declarations:
    - cbmz_bb_Main
KPP is generating the ODE function:
    - cbmz_bb_Function
KPP is generating the ODE Jacobian:
    - cbmz_bb_Jacobian
    - cbmz_bb_JacobianSP
KPP is generating the linear algebra routines:
    - cbmz_bb_LinearAlgebra
KPP is generating the utility functions:
    - cbmz_bb_Util
KPP is generating the rate laws:
    - cbmz_bb_Rates
KPP is generating UpdateRconstWRF (WRF conform): 
    - cbmz_bb_UpdateRconst
KPP is generating the parameters:
    - cbmz_bb_Parameters
KPP is generating the global data:
    - cbmz_bb_Global
KPP is generating the driver from general.f90:
    - cbmz_bb_Main
KPP is starting the code post-processing.

KPP has succesfully created the model "cbmz_bb".

cp -f cbmz_bb_Integrator.f90 ../../../module_kpp_cbmz_bb_Integr.F
cp -f cbmz_bb_Parameters.f90 ../../../module_kpp_cbmz_bb_Parameters.F
cp -f cbmz_bb_Precision.f90 ../../../module_kpp_cbmz_bb_Precision.F
cp -f cbmz_bb_JacobianSP.f90 ../../../module_kpp_cbmz_bb_JacobianSP.F
cp -f cbmz_bb_Jacobian.f90 ../../../module_kpp_cbmz_bb_Jacobian.F
cp -f cbmz_bb_Update_Rconst.f90 ../../../module_kpp_cbmz_bb_Update_Rconst.F
touch ../../util/run_wkc
Makefile:50: warning: overriding recipe for target '.F.o'
../../../../configure.wrf:397: warning: ignoring old recipe for target '.F.o'
Makefile:58: warning: overriding recipe for target '.c.o'
../../../../configure.wrf:440: warning: ignoring old recipe for target '.c.o'
rm -f decomp_uses.inc
echo USE cbmz_bb_Parameters > decomp_uses.inc
echo USE cbmz_bb_JacobianSP >> decomp_uses.inc
ln -sf  ../../../module_kpp_cbmz_bb_Precision.F
ln -sf  ../../../module_kpp_cbmz_bb_Parameters.F
ln -sf  ../../../module_kpp_cbmz_bb_JacobianSP.F
ln -sf  ../../../module_kpp_cbmz_bb_Integr.F
make -i -r comp
make[1]: Entering directory '/home/onishi/WRF/chem/KPP/util/write_decomp'
Makefile:50: warning: overriding recipe for target '.F.o'
../../../../configure.wrf:397: warning: ignoring old recipe for target '.F.o'
Makefile:58: warning: overriding recipe for target '.c.o'
../../../../configure.wrf:440: warning: ignoring old recipe for target '.c.o'
rm -f module_kpp_cbmz_bb_Precision.o
sed -f ../../../../arch/standard.sed module_kpp_cbmz_bb_Precision.F > module_kpp_cbmz_bb_Precision.b 
/lib/cpp -P -nostdinc -I/external/ioapi_share -I../../../../inc -DEM_CORE= -DNMM_CORE= -DNMM_MAX_DIM=2600 -DDA_CORE= -DWRFPLUS= -DIWORDSIZE=4 -DDWORDSIZE=8 -DRWORDSIZE=4 -DLWORDSIZE=4 -DNONSTANDARD_SYSTEM_FUNC  -DWRF_USE_CLM -DUSE_NETCDF4_FEATURES -DWRFIO_NCD_LARGE_FILE_SUPPORT  -DDM_PARALLEL -DNETCDF -DGRIB2 -DHDF5 -DLANDREAD_STUB=1 -DUSE_ALLOCATABLES -Dwrfmodel -DGRIB1 -DINTIO -DKEEP_INT_AROUND -DLIMIT_ARGS -DBUILD_RRTMG_FAST=0 -DBUILD_RRTMK=0 -DBUILD_SBM_FAST=1 -DSHOW_ALL_VARS_USED=0 -DCONFIG_BUF_LEN=65536 -DMAX_DOMAINS_F=21 -DMAX_HISTORY=25 -DNMM_NEST= -DWRF_CHEM -DBUILD_CHEM=1 -DWRF_KPP -I. -traditional-cpp -DUSE_NETCDF4_FEATURES -DWRFIO_NCD_LARGE_FILE_SUPPORT  module_kpp_cbmz_bb_Precision.b  > module_kpp_cbmz_bb_Precision.f90
rm -f module_kpp_cbmz_bb_Precision.b
ifort -c -O3 -ip -fp-model precise -w -ftz -align all -fno-alias -FR -convert big_endian    -real-size `expr 8 \* 4` -i4  module_kpp_cbmz_bb_Precision.f90
rm -f module_kpp_cbmz_bb_Parameters.o
sed -f ../../../../arch/standard.sed module_kpp_cbmz_bb_Parameters.F > module_kpp_cbmz_bb_Parameters.b 
/lib/cpp -P -nostdinc -I/external/ioapi_share -I../../../../inc -DEM_CORE= -DNMM_CORE= -DNMM_MAX_DIM=2600 -DDA_CORE= -DWRFPLUS= -DIWORDSIZE=4 -DDWORDSIZE=8 -DRWORDSIZE=4 -DLWORDSIZE=4 -DNONSTANDARD_SYSTEM_FUNC  -DWRF_USE_CLM -DUSE_NETCDF4_FEATURES -DWRFIO_NCD_LARGE_FILE_SUPPORT  -DDM_PARALLEL -DNETCDF -DGRIB2 -DHDF5 -DLANDREAD_STUB=1 -DUSE_ALLOCATABLES -Dwrfmodel -DGRIB1 -DINTIO -DKEEP_INT_AROUND -DLIMIT_ARGS -DBUILD_RRTMG_FAST=0 -DBUILD_RRTMK=0 -DBUILD_SBM_FAST=1 -DSHOW_ALL_VARS_USED=0 -DCONFIG_BUF_LEN=65536 -DMAX_DOMAINS_F=21 -DMAX_HISTORY=25 -DNMM_NEST= -DWRF_CHEM -DBUILD_CHEM=1 -DWRF_KPP -I. -traditional-cpp -DUSE_NETCDF4_FEATURES -DWRFIO_NCD_LARGE_FILE_SUPPORT  module_kpp_cbmz_bb_Parameters.b  > module_kpp_cbmz_bb_Parameters.f90
rm -f module_kpp_cbmz_bb_Parameters.b
ifort -c -O3 -ip -fp-model precise -w -ftz -align all -fno-alias -FR -convert big_endian    -real-size `expr 8 \* 4` -i4  module_kpp_cbmz_bb_Parameters.f90
rm -f module_kpp_cbmz_bb_JacobianSP.o
sed -f ../../../../arch/standard.sed module_kpp_cbmz_bb_JacobianSP.F > module_kpp_cbmz_bb_JacobianSP.b 
/lib/cpp -P -nostdinc -I/external/ioapi_share -I../../../../inc -DEM_CORE= -DNMM_CORE= -DNMM_MAX_DIM=2600 -DDA_CORE= -DWRFPLUS= -DIWORDSIZE=4 -DDWORDSIZE=8 -DRWORDSIZE=4 -DLWORDSIZE=4 -DNONSTANDARD_SYSTEM_FUNC  -DWRF_USE_CLM -DUSE_NETCDF4_FEATURES -DWRFIO_NCD_LARGE_FILE_SUPPORT  -DDM_PARALLEL -DNETCDF -DGRIB2 -DHDF5 -DLANDREAD_STUB=1 -DUSE_ALLOCATABLES -Dwrfmodel -DGRIB1 -DINTIO -DKEEP_INT_AROUND -DLIMIT_ARGS -DBUILD_RRTMG_FAST=0 -DBUILD_RRTMK=0 -DBUILD_SBM_FAST=1 -DSHOW_ALL_VARS_USED=0 -DCONFIG_BUF_LEN=65536 -DMAX_DOMAINS_F=21 -DMAX_HISTORY=25 -DNMM_NEST= -DWRF_CHEM -DBUILD_CHEM=1 -DWRF_KPP -I. -traditional-cpp -DUSE_NETCDF4_FEATURES -DWRFIO_NCD_LARGE_FILE_SUPPORT  module_kpp_cbmz_bb_JacobianSP.b  > module_kpp_cbmz_bb_JacobianSP.f90
rm -f module_kpp_cbmz_bb_JacobianSP.b
ifort -c -O3 -ip -fp-model precise -w -ftz -align all -fno-alias -FR -convert big_endian    -real-size `expr 8 \* 4` -i4  module_kpp_cbmz_bb_JacobianSP.f90
rm -f write_decomp.o
sed -f ../../../../arch/standard.sed write_decomp.F > write_decomp.b 
/lib/cpp -P -nostdinc -I/external/ioapi_share -I../../../../inc -DEM_CORE= -DNMM_CORE= -DNMM_MAX_DIM=2600 -DDA_CORE= -DWRFPLUS= -DIWORDSIZE=4 -DDWORDSIZE=8 -DRWORDSIZE=4 -DLWORDSIZE=4 -DNONSTANDARD_SYSTEM_FUNC  -DWRF_USE_CLM -DUSE_NETCDF4_FEATURES -DWRFIO_NCD_LARGE_FILE_SUPPORT  -DDM_PARALLEL -DNETCDF -DGRIB2 -DHDF5 -DLANDREAD_STUB=1 -DUSE_ALLOCATABLES -Dwrfmodel -DGRIB1 -DINTIO -DKEEP_INT_AROUND -DLIMIT_ARGS -DBUILD_RRTMG_FAST=0 -DBUILD_RRTMK=0 -DBUILD_SBM_FAST=1 -DSHOW_ALL_VARS_USED=0 -DCONFIG_BUF_LEN=65536 -DMAX_DOMAINS_F=21 -DMAX_HISTORY=25 -DNMM_NEST= -DWRF_CHEM -DBUILD_CHEM=1 -DWRF_KPP -I. -traditional-cpp -DUSE_NETCDF4_FEATURES -DWRFIO_NCD_LARGE_FILE_SUPPORT  write_decomp.b  > write_decomp.f90
rm -f write_decomp.b
ifort -c -O3 -ip -fp-model precise -w -ftz -align all -fno-alias -FR -convert big_endian    -real-size `expr 8 \* 4` -i4  write_decomp.f90
ifort -o write_decomp.exe module_kpp_cbmz_bb_Precision.o module_kpp_cbmz_bb_Parameters.o module_kpp_cbmz_bb_JacobianSP.o      write_decomp.o  
echo cbmz_bb > mech.tmp
make[1]: Leaving directory '/home/onishi/WRF/chem/KPP/util/write_decomp'
./write_decomp.exe
   -- in write_decomp
     for kpp mechanism: cbmz_bb
 fname:<decomp_cbmz_bb.inc>
make -i -r integr_edit
make[1]: Entering directory '/home/onishi/WRF/chem/KPP/util/write_decomp'
Makefile:50: warning: overriding recipe for target '.F.o'
../../../../configure.wrf:397: warning: ignoring old recipe for target '.F.o'
Makefile:58: warning: overriding recipe for target '.c.o'
../../../../configure.wrf:440: warning: ignoring old recipe for target '.c.o'
rm -f integr_edit.o
icc -c -w -O3 -ip -DRPC_TYPES=1  -DDM_PARALLEL -DLANDREAD_STUB=1 -DMAX_HISTORY=25 -DNMM_CORE= integr_edit.c
icc -o integr_edit.exe integr_edit.o
make[1]: Leaving directory '/home/onishi/WRF/chem/KPP/util/write_decomp'
./integr_edit.exe cbmz_bb
   integr_edit: replacing     CALL cbmz_bb_KppDecomp ( A, ising )
 
  END MODULE cbmz_bb_Integrator
 make -i -r clean 
make[1]: Entering directory '/home/onishi/WRF/chem/KPP/util/write_decomp'
Makefile:50: warning: overriding recipe for target '.F.o'
../../../../configure.wrf:397: warning: ignoring old recipe for target '.F.o'
Makefile:58: warning: overriding recipe for target '.c.o'
../../../../configure.wrf:440: warning: ignoring old recipe for target '.c.o'
make[1]: Leaving directory '/home/onishi/WRF/chem/KPP/util/write_decomp'
=========================================================
mechanisms/cbmz_mosaic
ln -s ../../util/Makefile_kpp mechanisms/cbmz_mosaic/Makefile
ln -s ../chem/KPP/inc/cbmz_mosaic/extra_args_to_update_rconst_cbmz_mosaic.inc /home/onishi/WRF/inc
ln -s ../chem/KPP/inc/cbmz_mosaic/extra_args_update_rconst_cbmz_mosaic.inc /home/onishi/WRF/inc
ln -s ../chem/KPP/inc/cbmz_mosaic/extra_decls_update_rconst_cbmz_mosaic.inc /home/onishi/WRF/inc
ln -s ../chem/KPP/inc/cbmz_mosaic/kpp_mechd_a_cbmz_mosaic.inc /home/onishi/WRF/inc
ln -s ../chem/KPP/inc/cbmz_mosaic/kpp_mechd_b_cbmz_mosaic.inc /home/onishi/WRF/inc
ln -s ../chem/KPP/inc/cbmz_mosaic/kpp_mechd_e_cbmz_mosaic.inc /home/onishi/WRF/inc
ln -s ../chem/KPP/inc/cbmz_mosaic/kpp_mechd_ia_cbmz_mosaic.inc /home/onishi/WRF/inc
ln -s ../chem/KPP/inc/cbmz_mosaic/kpp_mechd_ib_cbmz_mosaic.inc /home/onishi/WRF/inc
ln -s ../chem/KPP/inc/cbmz_mosaic/kpp_mechd_ibu_cbmz_mosaic.inc /home/onishi/WRF/inc
ln -s ../chem/KPP/inc/cbmz_mosaic/kpp_mechd_l_cbmz_mosaic.inc /home/onishi/WRF/inc
ln -s ../chem/KPP/inc/cbmz_mosaic/kpp_mechd_u_cbmz_mosaic.inc /home/onishi/WRF/inc
model cbmz_mosaic
/home/onishi/WRF/chem/KPP/kpp/kpp-2.1/bin/kpp cbmz_mosaic.kpp

This is KPP-2.1.

KPP is parsing the equation file.
KPP was told to generate WRF conform code
KPP is computing Jacobian sparsity structure.
KPP is starting the code generation.
KPP is initializing the code generation.
 
 KPP is using the WRF conform integrator routine: 
 /home/onishi/WRF/chem/KPP/kpp/kpp-2.1/int/WRF_conform/rosenbrock 

KPP is generating the monitor data:
    - cbmz_mosaic_Monitor
KPP is generating the utility data:
    - cbmz_mosaic_Util
KPP is generating the global declarations:
    - cbmz_mosaic_Main
KPP is generating the ODE function:
    - cbmz_mosaic_Function
KPP is generating the ODE Jacobian:
    - cbmz_mosaic_Jacobian
    - cbmz_mosaic_JacobianSP
KPP is generating the linear algebra routines:
    - cbmz_mosaic_LinearAlgebra
KPP is generating the utility functions:
    - cbmz_mosaic_Util
KPP is generating the rate laws:
    - cbmz_mosaic_Rates
KPP is generating UpdateRconstWRF (WRF conform): 
    - cbmz_mosaic_UpdateRconst
KPP is generating the parameters:
    - cbmz_mosaic_Parameters
KPP is generating the global data:
    - cbmz_mosaic_Global
KPP is generating the driver from general.f90:
    - cbmz_mosaic_Main
KPP is starting the code post-processing.

KPP has succesfully created the model "cbmz_mosaic".

cp -f cbmz_mosaic_Integrator.f90 ../../../module_kpp_cbmz_mosaic_Integr.F
cp -f cbmz_mosaic_Parameters.f90 ../../../module_kpp_cbmz_mosaic_Parameters.F
cp -f cbmz_mosaic_Precision.f90 ../../../module_kpp_cbmz_mosaic_Precision.F
cp -f cbmz_mosaic_JacobianSP.f90 ../../../module_kpp_cbmz_mosaic_JacobianSP.F
cp -f cbmz_mosaic_Jacobian.f90 ../../../module_kpp_cbmz_mosaic_Jacobian.F
cp -f cbmz_mosaic_Update_Rconst.f90 ../../../module_kpp_cbmz_mosaic_Update_Rconst.F
touch ../../util/run_wkc
Makefile:50: warning: overriding recipe for target '.F.o'
../../../../configure.wrf:397: warning: ignoring old recipe for target '.F.o'
Makefile:58: warning: overriding recipe for target '.c.o'
../../../../configure.wrf:440: warning: ignoring old recipe for target '.c.o'
rm -f decomp_uses.inc
echo USE cbmz_mosaic_Parameters > decomp_uses.inc
echo USE cbmz_mosaic_JacobianSP >> decomp_uses.inc
ln -sf  ../../../module_kpp_cbmz_mosaic_Precision.F
ln -sf  ../../../module_kpp_cbmz_mosaic_Parameters.F
ln -sf  ../../../module_kpp_cbmz_mosaic_JacobianSP.F
ln -sf  ../../../module_kpp_cbmz_mosaic_Integr.F
make -i -r comp
make[1]: Entering directory '/home/onishi/WRF/chem/KPP/util/write_decomp'
Makefile:50: warning: overriding recipe for target '.F.o'
../../../../configure.wrf:397: warning: ignoring old recipe for target '.F.o'
Makefile:58: warning: overriding recipe for target '.c.o'
../../../../configure.wrf:440: warning: ignoring old recipe for target '.c.o'
rm -f module_kpp_cbmz_mosaic_Precision.o
sed -f ../../../../arch/standard.sed module_kpp_cbmz_mosaic_Precision.F > module_kpp_cbmz_mosaic_Precision.b 
/lib/cpp -P -nostdinc -I/external/ioapi_share -I../../../../inc -DEM_CORE= -DNMM_CORE= -DNMM_MAX_DIM=2600 -DDA_CORE= -DWRFPLUS= -DIWORDSIZE=4 -DDWORDSIZE=8 -DRWORDSIZE=4 -DLWORDSIZE=4 -DNONSTANDARD_SYSTEM_FUNC  -DWRF_USE_CLM -DUSE_NETCDF4_FEATURES -DWRFIO_NCD_LARGE_FILE_SUPPORT  -DDM_PARALLEL -DNETCDF -DGRIB2 -DHDF5 -DLANDREAD_STUB=1 -DUSE_ALLOCATABLES -Dwrfmodel -DGRIB1 -DINTIO -DKEEP_INT_AROUND -DLIMIT_ARGS -DBUILD_RRTMG_FAST=0 -DBUILD_RRTMK=0 -DBUILD_SBM_FAST=1 -DSHOW_ALL_VARS_USED=0 -DCONFIG_BUF_LEN=65536 -DMAX_DOMAINS_F=21 -DMAX_HISTORY=25 -DNMM_NEST= -DWRF_CHEM -DBUILD_CHEM=1 -DWRF_KPP -I. -traditional-cpp -DUSE_NETCDF4_FEATURES -DWRFIO_NCD_LARGE_FILE_SUPPORT  module_kpp_cbmz_mosaic_Precision.b  > module_kpp_cbmz_mosaic_Precision.f90
rm -f module_kpp_cbmz_mosaic_Precision.b
ifort -c -O3 -ip -fp-model precise -w -ftz -align all -fno-alias -FR -convert big_endian    -real-size `expr 8 \* 4` -i4  module_kpp_cbmz_mosaic_Precision.f90
rm -f module_kpp_cbmz_mosaic_Parameters.o
sed -f ../../../../arch/standard.sed module_kpp_cbmz_mosaic_Parameters.F > module_kpp_cbmz_mosaic_Parameters.b 
/lib/cpp -P -nostdinc -I/external/ioapi_share -I../../../../inc -DEM_CORE= -DNMM_CORE= -DNMM_MAX_DIM=2600 -DDA_CORE= -DWRFPLUS= -DIWORDSIZE=4 -DDWORDSIZE=8 -DRWORDSIZE=4 -DLWORDSIZE=4 -DNONSTANDARD_SYSTEM_FUNC  -DWRF_USE_CLM -DUSE_NETCDF4_FEATURES -DWRFIO_NCD_LARGE_FILE_SUPPORT  -DDM_PARALLEL -DNETCDF -DGRIB2 -DHDF5 -DLANDREAD_STUB=1 -DUSE_ALLOCATABLES -Dwrfmodel -DGRIB1 -DINTIO -DKEEP_INT_AROUND -DLIMIT_ARGS -DBUILD_RRTMG_FAST=0 -DBUILD_RRTMK=0 -DBUILD_SBM_FAST=1 -DSHOW_ALL_VARS_USED=0 -DCONFIG_BUF_LEN=65536 -DMAX_DOMAINS_F=21 -DMAX_HISTORY=25 -DNMM_NEST= -DWRF_CHEM -DBUILD_CHEM=1 -DWRF_KPP -I. -traditional-cpp -DUSE_NETCDF4_FEATURES -DWRFIO_NCD_LARGE_FILE_SUPPORT  module_kpp_cbmz_mosaic_Parameters.b  > module_kpp_cbmz_mosaic_Parameters.f90
rm -f module_kpp_cbmz_mosaic_Parameters.b
ifort -c -O3 -ip -fp-model precise -w -ftz -align all -fno-alias -FR -convert big_endian    -real-size `expr 8 \* 4` -i4  module_kpp_cbmz_mosaic_Parameters.f90
rm -f module_kpp_cbmz_mosaic_JacobianSP.o
sed -f ../../../../arch/standard.sed module_kpp_cbmz_mosaic_JacobianSP.F > module_kpp_cbmz_mosaic_JacobianSP.b 
/lib/cpp -P -nostdinc -I/external/ioapi_share -I../../../../inc -DEM_CORE= -DNMM_CORE= -DNMM_MAX_DIM=2600 -DDA_CORE= -DWRFPLUS= -DIWORDSIZE=4 -DDWORDSIZE=8 -DRWORDSIZE=4 -DLWORDSIZE=4 -DNONSTANDARD_SYSTEM_FUNC  -DWRF_USE_CLM -DUSE_NETCDF4_FEATURES -DWRFIO_NCD_LARGE_FILE_SUPPORT  -DDM_PARALLEL -DNETCDF -DGRIB2 -DHDF5 -DLANDREAD_STUB=1 -DUSE_ALLOCATABLES -Dwrfmodel -DGRIB1 -DINTIO -DKEEP_INT_AROUND -DLIMIT_ARGS -DBUILD_RRTMG_FAST=0 -DBUILD_RRTMK=0 -DBUILD_SBM_FAST=1 -DSHOW_ALL_VARS_USED=0 -DCONFIG_BUF_LEN=65536 -DMAX_DOMAINS_F=21 -DMAX_HISTORY=25 -DNMM_NEST= -DWRF_CHEM -DBUILD_CHEM=1 -DWRF_KPP -I. -traditional-cpp -DUSE_NETCDF4_FEATURES -DWRFIO_NCD_LARGE_FILE_SUPPORT  module_kpp_cbmz_mosaic_JacobianSP.b  > module_kpp_cbmz_mosaic_JacobianSP.f90
rm -f module_kpp_cbmz_mosaic_JacobianSP.b
ifort -c -O3 -ip -fp-model precise -w -ftz -align all -fno-alias -FR -convert big_endian    -real-size `expr 8 \* 4` -i4  module_kpp_cbmz_mosaic_JacobianSP.f90
rm -f write_decomp.o
sed -f ../../../../arch/standard.sed write_decomp.F > write_decomp.b 
/lib/cpp -P -nostdinc -I/external/ioapi_share -I../../../../inc -DEM_CORE= -DNMM_CORE= -DNMM_MAX_DIM=2600 -DDA_CORE= -DWRFPLUS= -DIWORDSIZE=4 -DDWORDSIZE=8 -DRWORDSIZE=4 -DLWORDSIZE=4 -DNONSTANDARD_SYSTEM_FUNC  -DWRF_USE_CLM -DUSE_NETCDF4_FEATURES -DWRFIO_NCD_LARGE_FILE_SUPPORT  -DDM_PARALLEL -DNETCDF -DGRIB2 -DHDF5 -DLANDREAD_STUB=1 -DUSE_ALLOCATABLES -Dwrfmodel -DGRIB1 -DINTIO -DKEEP_INT_AROUND -DLIMIT_ARGS -DBUILD_RRTMG_FAST=0 -DBUILD_RRTMK=0 -DBUILD_SBM_FAST=1 -DSHOW_ALL_VARS_USED=0 -DCONFIG_BUF_LEN=65536 -DMAX_DOMAINS_F=21 -DMAX_HISTORY=25 -DNMM_NEST= -DWRF_CHEM -DBUILD_CHEM=1 -DWRF_KPP -I. -traditional-cpp -DUSE_NETCDF4_FEATURES -DWRFIO_NCD_LARGE_FILE_SUPPORT  write_decomp.b  > write_decomp.f90
rm -f write_decomp.b
ifort -c -O3 -ip -fp-model precise -w -ftz -align all -fno-alias -FR -convert big_endian    -real-size `expr 8 \* 4` -i4  write_decomp.f90
ifort -o write_decomp.exe module_kpp_cbmz_mosaic_Precision.o module_kpp_cbmz_mosaic_Parameters.o module_kpp_cbmz_mosaic_JacobianSP.o      write_decomp.o  
echo cbmz_mosaic > mech.tmp
make[1]: Leaving directory '/home/onishi/WRF/chem/KPP/util/write_decomp'
./write_decomp.exe
   -- in write_decomp
     for kpp mechanism: cbmz_mosaic
 fname:<decomp_cbmz_mosaic.inc>
make -i -r integr_edit
make[1]: Entering directory '/home/onishi/WRF/chem/KPP/util/write_decomp'
Makefile:50: warning: overriding recipe for target '.F.o'
../../../../configure.wrf:397: warning: ignoring old recipe for target '.F.o'
Makefile:58: warning: overriding recipe for target '.c.o'
../../../../configure.wrf:440: warning: ignoring old recipe for target '.c.o'
rm -f integr_edit.o
icc -c -w -O3 -ip -DRPC_TYPES=1  -DDM_PARALLEL -DLANDREAD_STUB=1 -DMAX_HISTORY=25 -DNMM_CORE= integr_edit.c
icc -o integr_edit.exe integr_edit.o
make[1]: Leaving directory '/home/onishi/WRF/chem/KPP/util/write_decomp'
./integr_edit.exe cbmz_mosaic
   integr_edit: replacing     CALL cbmz_mosaic_KppDecomp ( A, ising )
 
  END MODULE cbmz_mosaic_Integrator
 make -i -r clean 
make[1]: Entering directory '/home/onishi/WRF/chem/KPP/util/write_decomp'
Makefile:50: warning: overriding recipe for target '.F.o'
../../../../configure.wrf:397: warning: ignoring old recipe for target '.F.o'
Makefile:58: warning: overriding recipe for target '.c.o'
../../../../configure.wrf:440: warning: ignoring old recipe for target '.c.o'
make[1]: Leaving directory '/home/onishi/WRF/chem/KPP/util/write_decomp'
=========================================================
mechanisms/crimech
ln -s ../../util/Makefile_kpp mechanisms/crimech/Makefile
ln -s ../chem/KPP/inc/crimech/extra_args_to_update_rconst_crimech.inc /home/onishi/WRF/inc
ln -s ../chem/KPP/inc/crimech/extra_args_update_rconst_crimech.inc /home/onishi/WRF/inc
ln -s ../chem/KPP/inc/crimech/extra_decls_update_rconst_crimech.inc /home/onishi/WRF/inc
ln -s ../chem/KPP/inc/crimech/kpp_mechd_a_crimech.inc /home/onishi/WRF/inc
ln -s ../chem/KPP/inc/crimech/kpp_mechd_b_crimech.inc /home/onishi/WRF/inc
ln -s ../chem/KPP/inc/crimech/kpp_mechd_e_crimech.inc /home/onishi/WRF/inc
ln -s ../chem/KPP/inc/crimech/kpp_mechd_ia_crimech.inc /home/onishi/WRF/inc
ln -s ../chem/KPP/inc/crimech/kpp_mechd_ib_crimech.inc /home/onishi/WRF/inc
ln -s ../chem/KPP/inc/crimech/kpp_mechd_ibu_crimech.inc /home/onishi/WRF/inc
ln -s ../chem/KPP/inc/crimech/kpp_mechd_l_crimech.inc /home/onishi/WRF/inc
ln -s ../chem/KPP/inc/crimech/kpp_mechd_u_crimech.inc /home/onishi/WRF/inc
model crimech
/home/onishi/WRF/chem/KPP/kpp/kpp-2.1/bin/kpp crimech.kpp

This is KPP-2.1.

KPP is parsing the equation file.
KPP was told to generate WRF conform code
KPP is computing Jacobian sparsity structure.
KPP is starting the code generation.
KPP is initializing the code generation.
 
 KPP is using the WRF conform integrator routine: 
 /home/onishi/WRF/chem/KPP/kpp/kpp-2.1/int/WRF_conform/rosenbrock 

KPP is generating the monitor data:
    - crimech_Monitor
KPP is generating the utility data:
    - crimech_Util
KPP is generating the global declarations:
    - crimech_Main
KPP is generating the ODE function:
    - crimech_Function
KPP is generating the ODE Jacobian:
    - crimech_Jacobian
    - crimech_JacobianSP
KPP is generating the linear algebra routines:
    - crimech_LinearAlgebra
KPP is generating the utility functions:
    - crimech_Util
KPP is generating the rate laws:
    - crimech_Rates
KPP is generating UpdateRconstWRF (WRF conform): 
    - crimech_UpdateRconst
KPP is generating the parameters:
    - crimech_Parameters
KPP is generating the global data:
    - crimech_Global
KPP is generating the driver from general.f90:
    - crimech_Main
KPP is starting the code post-processing.

KPP has succesfully created the model "crimech".

cp -f crimech_Integrator.f90 ../../../module_kpp_crimech_Integr.F
cp -f crimech_Parameters.f90 ../../../module_kpp_crimech_Parameters.F
cp -f crimech_Precision.f90 ../../../module_kpp_crimech_Precision.F
cp -f crimech_JacobianSP.f90 ../../../module_kpp_crimech_JacobianSP.F
cp -f crimech_Jacobian.f90 ../../../module_kpp_crimech_Jacobian.F
cp -f crimech_Update_Rconst.f90 ../../../module_kpp_crimech_Update_Rconst.F
touch ../../util/run_wkc
Makefile:50: warning: overriding recipe for target '.F.o'
../../../../configure.wrf:397: warning: ignoring old recipe for target '.F.o'
Makefile:58: warning: overriding recipe for target '.c.o'
../../../../configure.wrf:440: warning: ignoring old recipe for target '.c.o'
rm -f decomp_uses.inc
echo USE crimech_Parameters > decomp_uses.inc
echo USE crimech_JacobianSP >> decomp_uses.inc
ln -sf  ../../../module_kpp_crimech_Precision.F
ln -sf  ../../../module_kpp_crimech_Parameters.F
ln -sf  ../../../module_kpp_crimech_JacobianSP.F
ln -sf  ../../../module_kpp_crimech_Integr.F
make -i -r comp
make[1]: Entering directory '/home/onishi/WRF/chem/KPP/util/write_decomp'
Makefile:50: warning: overriding recipe for target '.F.o'
../../../../configure.wrf:397: warning: ignoring old recipe for target '.F.o'
Makefile:58: warning: overriding recipe for target '.c.o'
../../../../configure.wrf:440: warning: ignoring old recipe for target '.c.o'
rm -f module_kpp_crimech_Precision.o
sed -f ../../../../arch/standard.sed module_kpp_crimech_Precision.F > module_kpp_crimech_Precision.b 
/lib/cpp -P -nostdinc -I/external/ioapi_share -I../../../../inc -DEM_CORE= -DNMM_CORE= -DNMM_MAX_DIM=2600 -DDA_CORE= -DWRFPLUS= -DIWORDSIZE=4 -DDWORDSIZE=8 -DRWORDSIZE=4 -DLWORDSIZE=4 -DNONSTANDARD_SYSTEM_FUNC  -DWRF_USE_CLM -DUSE_NETCDF4_FEATURES -DWRFIO_NCD_LARGE_FILE_SUPPORT  -DDM_PARALLEL -DNETCDF -DGRIB2 -DHDF5 -DLANDREAD_STUB=1 -DUSE_ALLOCATABLES -Dwrfmodel -DGRIB1 -DINTIO -DKEEP_INT_AROUND -DLIMIT_ARGS -DBUILD_RRTMG_FAST=0 -DBUILD_RRTMK=0 -DBUILD_SBM_FAST=1 -DSHOW_ALL_VARS_USED=0 -DCONFIG_BUF_LEN=65536 -DMAX_DOMAINS_F=21 -DMAX_HISTORY=25 -DNMM_NEST= -DWRF_CHEM -DBUILD_CHEM=1 -DWRF_KPP -I. -traditional-cpp -DUSE_NETCDF4_FEATURES -DWRFIO_NCD_LARGE_FILE_SUPPORT  module_kpp_crimech_Precision.b  > module_kpp_crimech_Precision.f90
rm -f module_kpp_crimech_Precision.b
ifort -c -O3 -ip -fp-model precise -w -ftz -align all -fno-alias -FR -convert big_endian    -real-size `expr 8 \* 4` -i4  module_kpp_crimech_Precision.f90
rm -f module_kpp_crimech_Parameters.o
sed -f ../../../../arch/standard.sed module_kpp_crimech_Parameters.F > module_kpp_crimech_Parameters.b 
/lib/cpp -P -nostdinc -I/external/ioapi_share -I../../../../inc -DEM_CORE= -DNMM_CORE= -DNMM_MAX_DIM=2600 -DDA_CORE= -DWRFPLUS= -DIWORDSIZE=4 -DDWORDSIZE=8 -DRWORDSIZE=4 -DLWORDSIZE=4 -DNONSTANDARD_SYSTEM_FUNC  -DWRF_USE_CLM -DUSE_NETCDF4_FEATURES -DWRFIO_NCD_LARGE_FILE_SUPPORT  -DDM_PARALLEL -DNETCDF -DGRIB2 -DHDF5 -DLANDREAD_STUB=1 -DUSE_ALLOCATABLES -Dwrfmodel -DGRIB1 -DINTIO -DKEEP_INT_AROUND -DLIMIT_ARGS -DBUILD_RRTMG_FAST=0 -DBUILD_RRTMK=0 -DBUILD_SBM_FAST=1 -DSHOW_ALL_VARS_USED=0 -DCONFIG_BUF_LEN=65536 -DMAX_DOMAINS_F=21 -DMAX_HISTORY=25 -DNMM_NEST= -DWRF_CHEM -DBUILD_CHEM=1 -DWRF_KPP -I. -traditional-cpp -DUSE_NETCDF4_FEATURES -DWRFIO_NCD_LARGE_FILE_SUPPORT  module_kpp_crimech_Parameters.b  > module_kpp_crimech_Parameters.f90
rm -f module_kpp_crimech_Parameters.b
ifort -c -O3 -ip -fp-model precise -w -ftz -align all -fno-alias -FR -convert big_endian    -real-size `expr 8 \* 4` -i4  module_kpp_crimech_Parameters.f90
rm -f module_kpp_crimech_JacobianSP.o
sed -f ../../../../arch/standard.sed module_kpp_crimech_JacobianSP.F > module_kpp_crimech_JacobianSP.b 
/lib/cpp -P -nostdinc -I/external/ioapi_share -I../../../../inc -DEM_CORE= -DNMM_CORE= -DNMM_MAX_DIM=2600 -DDA_CORE= -DWRFPLUS= -DIWORDSIZE=4 -DDWORDSIZE=8 -DRWORDSIZE=4 -DLWORDSIZE=4 -DNONSTANDARD_SYSTEM_FUNC  -DWRF_USE_CLM -DUSE_NETCDF4_FEATURES -DWRFIO_NCD_LARGE_FILE_SUPPORT  -DDM_PARALLEL -DNETCDF -DGRIB2 -DHDF5 -DLANDREAD_STUB=1 -DUSE_ALLOCATABLES -Dwrfmodel -DGRIB1 -DINTIO -DKEEP_INT_AROUND -DLIMIT_ARGS -DBUILD_RRTMG_FAST=0 -DBUILD_RRTMK=0 -DBUILD_SBM_FAST=1 -DSHOW_ALL_VARS_USED=0 -DCONFIG_BUF_LEN=65536 -DMAX_DOMAINS_F=21 -DMAX_HISTORY=25 -DNMM_NEST= -DWRF_CHEM -DBUILD_CHEM=1 -DWRF_KPP -I. -traditional-cpp -DUSE_NETCDF4_FEATURES -DWRFIO_NCD_LARGE_FILE_SUPPORT  module_kpp_crimech_JacobianSP.b  > module_kpp_crimech_JacobianSP.f90
rm -f module_kpp_crimech_JacobianSP.b
ifort -c -O3 -ip -fp-model precise -w -ftz -align all -fno-alias -FR -convert big_endian    -real-size `expr 8 \* 4` -i4  module_kpp_crimech_JacobianSP.f90
rm -f write_decomp.o
sed -f ../../../../arch/standard.sed write_decomp.F > write_decomp.b 
/lib/cpp -P -nostdinc -I/external/ioapi_share -I../../../../inc -DEM_CORE= -DNMM_CORE= -DNMM_MAX_DIM=2600 -DDA_CORE= -DWRFPLUS= -DIWORDSIZE=4 -DDWORDSIZE=8 -DRWORDSIZE=4 -DLWORDSIZE=4 -DNONSTANDARD_SYSTEM_FUNC  -DWRF_USE_CLM -DUSE_NETCDF4_FEATURES -DWRFIO_NCD_LARGE_FILE_SUPPORT  -DDM_PARALLEL -DNETCDF -DGRIB2 -DHDF5 -DLANDREAD_STUB=1 -DUSE_ALLOCATABLES -Dwrfmodel -DGRIB1 -DINTIO -DKEEP_INT_AROUND -DLIMIT_ARGS -DBUILD_RRTMG_FAST=0 -DBUILD_RRTMK=0 -DBUILD_SBM_FAST=1 -DSHOW_ALL_VARS_USED=0 -DCONFIG_BUF_LEN=65536 -DMAX_DOMAINS_F=21 -DMAX_HISTORY=25 -DNMM_NEST= -DWRF_CHEM -DBUILD_CHEM=1 -DWRF_KPP -I. -traditional-cpp -DUSE_NETCDF4_FEATURES -DWRFIO_NCD_LARGE_FILE_SUPPORT  write_decomp.b  > write_decomp.f90
rm -f write_decomp.b
ifort -c -O3 -ip -fp-model precise -w -ftz -align all -fno-alias -FR -convert big_endian    -real-size `expr 8 \* 4` -i4  write_decomp.f90
ifort -o write_decomp.exe module_kpp_crimech_Precision.o module_kpp_crimech_Parameters.o module_kpp_crimech_JacobianSP.o      write_decomp.o  
echo crimech > mech.tmp
make[1]: Leaving directory '/home/onishi/WRF/chem/KPP/util/write_decomp'
./write_decomp.exe
   -- in write_decomp
     for kpp mechanism: crimech
 fname:<decomp_crimech.inc>
make -i -r integr_edit
make[1]: Entering directory '/home/onishi/WRF/chem/KPP/util/write_decomp'
Makefile:50: warning: overriding recipe for target '.F.o'
../../../../configure.wrf:397: warning: ignoring old recipe for target '.F.o'
Makefile:58: warning: overriding recipe for target '.c.o'
../../../../configure.wrf:440: warning: ignoring old recipe for target '.c.o'
rm -f integr_edit.o
icc -c -w -O3 -ip -DRPC_TYPES=1  -DDM_PARALLEL -DLANDREAD_STUB=1 -DMAX_HISTORY=25 -DNMM_CORE= integr_edit.c
icc -o integr_edit.exe integr_edit.o
make[1]: Leaving directory '/home/onishi/WRF/chem/KPP/util/write_decomp'
./integr_edit.exe crimech
   integr_edit: replacing     CALL crimech_KppDecomp ( A, ising )
 
  END MODULE crimech_Integrator
 make -i -r clean 
make[1]: Entering directory '/home/onishi/WRF/chem/KPP/util/write_decomp'
Makefile:50: warning: overriding recipe for target '.F.o'
../../../../configure.wrf:397: warning: ignoring old recipe for target '.F.o'
Makefile:58: warning: overriding recipe for target '.c.o'
../../../../configure.wrf:440: warning: ignoring old recipe for target '.c.o'
make[1]: Leaving directory '/home/onishi/WRF/chem/KPP/util/write_decomp'
=========================================================
mechanisms/cri_mosaic_4bin_aq
ln -s ../../util/Makefile_kpp mechanisms/cri_mosaic_4bin_aq/Makefile
ln -s ../chem/KPP/inc/cri_mosaic_4bin_aq/extra_args_to_update_rconst_cri_mosaic_4bin_aq.inc /home/onishi/WRF/inc
ln -s ../chem/KPP/inc/cri_mosaic_4bin_aq/extra_args_update_rconst_cri_mosaic_4bin_aq.inc /home/onishi/WRF/inc
ln -s ../chem/KPP/inc/cri_mosaic_4bin_aq/extra_decls_update_rconst_cri_mosaic_4bin_aq.inc /home/onishi/WRF/inc
ln -s ../chem/KPP/inc/cri_mosaic_4bin_aq/kpp_mechd_a_cri_mosaic_4bin_aq.inc /home/onishi/WRF/inc
ln -s ../chem/KPP/inc/cri_mosaic_4bin_aq/kpp_mechd_b_cri_mosaic_4bin_aq.inc /home/onishi/WRF/inc
ln -s ../chem/KPP/inc/cri_mosaic_4bin_aq/kpp_mechd_e_cri_mosaic_4bin_aq.inc /home/onishi/WRF/inc
ln -s ../chem/KPP/inc/cri_mosaic_4bin_aq/kpp_mechd_ia_cri_mosaic_4bin_aq.inc /home/onishi/WRF/inc
ln -s ../chem/KPP/inc/cri_mosaic_4bin_aq/kpp_mechd_ib_cri_mosaic_4bin_aq.inc /home/onishi/WRF/inc
ln -s ../chem/KPP/inc/cri_mosaic_4bin_aq/kpp_mechd_ibu_cri_mosaic_4bin_aq.inc /home/onishi/WRF/inc
ln -s ../chem/KPP/inc/cri_mosaic_4bin_aq/kpp_mechd_l_cri_mosaic_4bin_aq.inc /home/onishi/WRF/inc
ln -s ../chem/KPP/inc/cri_mosaic_4bin_aq/kpp_mechd_u_cri_mosaic_4bin_aq.inc /home/onishi/WRF/inc
model cri_mosaic_4bin_aq
/home/onishi/WRF/chem/KPP/kpp/kpp-2.1/bin/kpp cri_mosaic_4bin_aq.kpp

This is KPP-2.1.

KPP is parsing the equation file.
KPP was told to generate WRF conform code
KPP is computing Jacobian sparsity structure.
KPP is starting the code generation.
KPP is initializing the code generation.
 
 KPP is using the WRF conform integrator routine: 
 /home/onishi/WRF/chem/KPP/kpp/kpp-2.1/int/WRF_conform/rosenbrock 

KPP is generating the monitor data:
    - cri_mosaic_4bin_aq_Monitor
KPP is generating the utility data:
    - cri_mosaic_4bin_aq_Util
KPP is generating the global declarations:
    - cri_mosaic_4bin_aq_Main
KPP is generating the ODE function:
    - cri_mosaic_4bin_aq_Function
KPP is generating the ODE Jacobian:
    - cri_mosaic_4bin_aq_Jacobian
    - cri_mosaic_4bin_aq_JacobianSP
KPP is generating the linear algebra routines:
    - cri_mosaic_4bin_aq_LinearAlgebra
KPP is generating the utility functions:
    - cri_mosaic_4bin_aq_Util
KPP is generating the rate laws:
    - cri_mosaic_4bin_aq_Rates
KPP is generating UpdateRconstWRF (WRF conform): 
    - cri_mosaic_4bin_aq_UpdateRconst
KPP is generating the parameters:
    - cri_mosaic_4bin_aq_Parameters
KPP is generating the global data:
    - cri_mosaic_4bin_aq_Global
KPP is generating the driver from general.f90:
    - cri_mosaic_4bin_aq_Main
KPP is starting the code post-processing.

KPP has succesfully created the model "cri_mosaic_4bin_aq".

cp -f cri_mosaic_4bin_aq_Integrator.f90 ../../../module_kpp_cri_mosaic_4bin_aq_Integr.F
cp -f cri_mosaic_4bin_aq_Parameters.f90 ../../../module_kpp_cri_mosaic_4bin_aq_Parameters.F
cp -f cri_mosaic_4bin_aq_Precision.f90 ../../../module_kpp_cri_mosaic_4bin_aq_Precision.F
cp -f cri_mosaic_4bin_aq_JacobianSP.f90 ../../../module_kpp_cri_mosaic_4bin_aq_JacobianSP.F
cp -f cri_mosaic_4bin_aq_Jacobian.f90 ../../../module_kpp_cri_mosaic_4bin_aq_Jacobian.F
cp -f cri_mosaic_4bin_aq_Update_Rconst.f90 ../../../module_kpp_cri_mosaic_4bin_aq_Update_Rconst.F
touch ../../util/run_wkc
Makefile:50: warning: overriding recipe for target '.F.o'
../../../../configure.wrf:397: warning: ignoring old recipe for target '.F.o'
Makefile:58: warning: overriding recipe for target '.c.o'
../../../../configure.wrf:440: warning: ignoring old recipe for target '.c.o'
rm -f decomp_uses.inc
echo USE cri_mosaic_4bin_aq_Parameters > decomp_uses.inc
echo USE cri_mosaic_4bin_aq_JacobianSP >> decomp_uses.inc
ln -sf  ../../../module_kpp_cri_mosaic_4bin_aq_Precision.F
ln -sf  ../../../module_kpp_cri_mosaic_4bin_aq_Parameters.F
ln -sf  ../../../module_kpp_cri_mosaic_4bin_aq_JacobianSP.F
ln -sf  ../../../module_kpp_cri_mosaic_4bin_aq_Integr.F
make -i -r comp
make[1]: Entering directory '/home/onishi/WRF/chem/KPP/util/write_decomp'
Makefile:50: warning: overriding recipe for target '.F.o'
../../../../configure.wrf:397: warning: ignoring old recipe for target '.F.o'
Makefile:58: warning: overriding recipe for target '.c.o'
../../../../configure.wrf:440: warning: ignoring old recipe for target '.c.o'
rm -f module_kpp_cri_mosaic_4bin_aq_Precision.o
sed -f ../../../../arch/standard.sed module_kpp_cri_mosaic_4bin_aq_Precision.F > module_kpp_cri_mosaic_4bin_aq_Precision.b 
/lib/cpp -P -nostdinc -I/external/ioapi_share -I../../../../inc -DEM_CORE= -DNMM_CORE= -DNMM_MAX_DIM=2600 -DDA_CORE= -DWRFPLUS= -DIWORDSIZE=4 -DDWORDSIZE=8 -DRWORDSIZE=4 -DLWORDSIZE=4 -DNONSTANDARD_SYSTEM_FUNC  -DWRF_USE_CLM -DUSE_NETCDF4_FEATURES -DWRFIO_NCD_LARGE_FILE_SUPPORT  -DDM_PARALLEL -DNETCDF -DGRIB2 -DHDF5 -DLANDREAD_STUB=1 -DUSE_ALLOCATABLES -Dwrfmodel -DGRIB1 -DINTIO -DKEEP_INT_AROUND -DLIMIT_ARGS -DBUILD_RRTMG_FAST=0 -DBUILD_RRTMK=0 -DBUILD_SBM_FAST=1 -DSHOW_ALL_VARS_USED=0 -DCONFIG_BUF_LEN=65536 -DMAX_DOMAINS_F=21 -DMAX_HISTORY=25 -DNMM_NEST= -DWRF_CHEM -DBUILD_CHEM=1 -DWRF_KPP -I. -traditional-cpp -DUSE_NETCDF4_FEATURES -DWRFIO_NCD_LARGE_FILE_SUPPORT  module_kpp_cri_mosaic_4bin_aq_Precision.b  > module_kpp_cri_mosaic_4bin_aq_Precision.f90
rm -f module_kpp_cri_mosaic_4bin_aq_Precision.b
ifort -c -O3 -ip -fp-model precise -w -ftz -align all -fno-alias -FR -convert big_endian    -real-size `expr 8 \* 4` -i4  module_kpp_cri_mosaic_4bin_aq_Precision.f90
rm -f module_kpp_cri_mosaic_4bin_aq_Parameters.o
sed -f ../../../../arch/standard.sed module_kpp_cri_mosaic_4bin_aq_Parameters.F > module_kpp_cri_mosaic_4bin_aq_Parameters.b 
/lib/cpp -P -nostdinc -I/external/ioapi_share -I../../../../inc -DEM_CORE= -DNMM_CORE= -DNMM_MAX_DIM=2600 -DDA_CORE= -DWRFPLUS= -DIWORDSIZE=4 -DDWORDSIZE=8 -DRWORDSIZE=4 -DLWORDSIZE=4 -DNONSTANDARD_SYSTEM_FUNC  -DWRF_USE_CLM -DUSE_NETCDF4_FEATURES -DWRFIO_NCD_LARGE_FILE_SUPPORT  -DDM_PARALLEL -DNETCDF -DGRIB2 -DHDF5 -DLANDREAD_STUB=1 -DUSE_ALLOCATABLES -Dwrfmodel -DGRIB1 -DINTIO -DKEEP_INT_AROUND -DLIMIT_ARGS -DBUILD_RRTMG_FAST=0 -DBUILD_RRTMK=0 -DBUILD_SBM_FAST=1 -DSHOW_ALL_VARS_USED=0 -DCONFIG_BUF_LEN=65536 -DMAX_DOMAINS_F=21 -DMAX_HISTORY=25 -DNMM_NEST= -DWRF_CHEM -DBUILD_CHEM=1 -DWRF_KPP -I. -traditional-cpp -DUSE_NETCDF4_FEATURES -DWRFIO_NCD_LARGE_FILE_SUPPORT  module_kpp_cri_mosaic_4bin_aq_Parameters.b  > module_kpp_cri_mosaic_4bin_aq_Parameters.f90
rm -f module_kpp_cri_mosaic_4bin_aq_Parameters.b
ifort -c -O3 -ip -fp-model precise -w -ftz -align all -fno-alias -FR -convert big_endian    -real-size `expr 8 \* 4` -i4  module_kpp_cri_mosaic_4bin_aq_Parameters.f90
rm -f module_kpp_cri_mosaic_4bin_aq_JacobianSP.o
sed -f ../../../../arch/standard.sed module_kpp_cri_mosaic_4bin_aq_JacobianSP.F > module_kpp_cri_mosaic_4bin_aq_JacobianSP.b 
/lib/cpp -P -nostdinc -I/external/ioapi_share -I../../../../inc -DEM_CORE= -DNMM_CORE= -DNMM_MAX_DIM=2600 -DDA_CORE= -DWRFPLUS= -DIWORDSIZE=4 -DDWORDSIZE=8 -DRWORDSIZE=4 -DLWORDSIZE=4 -DNONSTANDARD_SYSTEM_FUNC  -DWRF_USE_CLM -DUSE_NETCDF4_FEATURES -DWRFIO_NCD_LARGE_FILE_SUPPORT  -DDM_PARALLEL -DNETCDF -DGRIB2 -DHDF5 -DLANDREAD_STUB=1 -DUSE_ALLOCATABLES -Dwrfmodel -DGRIB1 -DINTIO -DKEEP_INT_AROUND -DLIMIT_ARGS -DBUILD_RRTMG_FAST=0 -DBUILD_RRTMK=0 -DBUILD_SBM_FAST=1 -DSHOW_ALL_VARS_USED=0 -DCONFIG_BUF_LEN=65536 -DMAX_DOMAINS_F=21 -DMAX_HISTORY=25 -DNMM_NEST= -DWRF_CHEM -DBUILD_CHEM=1 -DWRF_KPP -I. -traditional-cpp -DUSE_NETCDF4_FEATURES -DWRFIO_NCD_LARGE_FILE_SUPPORT  module_kpp_cri_mosaic_4bin_aq_JacobianSP.b  > module_kpp_cri_mosaic_4bin_aq_JacobianSP.f90
rm -f module_kpp_cri_mosaic_4bin_aq_JacobianSP.b
ifort -c -O3 -ip -fp-model precise -w -ftz -align all -fno-alias -FR -convert big_endian    -real-size `expr 8 \* 4` -i4  module_kpp_cri_mosaic_4bin_aq_JacobianSP.f90
rm -f write_decomp.o
sed -f ../../../../arch/standard.sed write_decomp.F > write_decomp.b 
/lib/cpp -P -nostdinc -I/external/ioapi_share -I../../../../inc -DEM_CORE= -DNMM_CORE= -DNMM_MAX_DIM=2600 -DDA_CORE= -DWRFPLUS= -DIWORDSIZE=4 -DDWORDSIZE=8 -DRWORDSIZE=4 -DLWORDSIZE=4 -DNONSTANDARD_SYSTEM_FUNC  -DWRF_USE_CLM -DUSE_NETCDF4_FEATURES -DWRFIO_NCD_LARGE_FILE_SUPPORT  -DDM_PARALLEL -DNETCDF -DGRIB2 -DHDF5 -DLANDREAD_STUB=1 -DUSE_ALLOCATABLES -Dwrfmodel -DGRIB1 -DINTIO -DKEEP_INT_AROUND -DLIMIT_ARGS -DBUILD_RRTMG_FAST=0 -DBUILD_RRTMK=0 -DBUILD_SBM_FAST=1 -DSHOW_ALL_VARS_USED=0 -DCONFIG_BUF_LEN=65536 -DMAX_DOMAINS_F=21 -DMAX_HISTORY=25 -DNMM_NEST= -DWRF_CHEM -DBUILD_CHEM=1 -DWRF_KPP -I. -traditional-cpp -DUSE_NETCDF4_FEATURES -DWRFIO_NCD_LARGE_FILE_SUPPORT  write_decomp.b  > write_decomp.f90
rm -f write_decomp.b
ifort -c -O3 -ip -fp-model precise -w -ftz -align all -fno-alias -FR -convert big_endian    -real-size `expr 8 \* 4` -i4  write_decomp.f90
ifort -o write_decomp.exe module_kpp_cri_mosaic_4bin_aq_Precision.o module_kpp_cri_mosaic_4bin_aq_Parameters.o module_kpp_cri_mosaic_4bin_aq_JacobianSP.o      write_decomp.o  
echo cri_mosaic_4bin_aq > mech.tmp
make[1]: Leaving directory '/home/onishi/WRF/chem/KPP/util/write_decomp'
./write_decomp.exe
   -- in write_decomp
     for kpp mechanism: cri_mosaic_4bin_aq
 fname:<decomp_cri_mosaic_4bin_aq.inc>
make -i -r integr_edit
make[1]: Entering directory '/home/onishi/WRF/chem/KPP/util/write_decomp'
Makefile:50: warning: overriding recipe for target '.F.o'
../../../../configure.wrf:397: warning: ignoring old recipe for target '.F.o'
Makefile:58: warning: overriding recipe for target '.c.o'
../../../../configure.wrf:440: warning: ignoring old recipe for target '.c.o'
rm -f integr_edit.o
icc -c -w -O3 -ip -DRPC_TYPES=1  -DDM_PARALLEL -DLANDREAD_STUB=1 -DMAX_HISTORY=25 -DNMM_CORE= integr_edit.c
icc -o integr_edit.exe integr_edit.o
make[1]: Leaving directory '/home/onishi/WRF/chem/KPP/util/write_decomp'
./integr_edit.exe cri_mosaic_4bin_aq
   integr_edit: replacing     CALL cri_mosaic_4bin_aq_KppDecomp ( A, ising )
 
  END MODULE cri_mosaic_4bin_aq_Integrator
 make -i -r clean 
make[1]: Entering directory '/home/onishi/WRF/chem/KPP/util/write_decomp'
Makefile:50: warning: overriding recipe for target '.F.o'
../../../../configure.wrf:397: warning: ignoring old recipe for target '.F.o'
Makefile:58: warning: overriding recipe for target '.c.o'
../../../../configure.wrf:440: warning: ignoring old recipe for target '.c.o'
make[1]: Leaving directory '/home/onishi/WRF/chem/KPP/util/write_decomp'
=========================================================
mechanisms/cri_mosaic_8bin_aq
ln -s ../../util/Makefile_kpp mechanisms/cri_mosaic_8bin_aq/Makefile
ln -s ../chem/KPP/inc/cri_mosaic_8bin_aq/extra_args_to_update_rconst_cri_mosaic_8bin_aq.inc /home/onishi/WRF/inc
ln -s ../chem/KPP/inc/cri_mosaic_8bin_aq/extra_args_update_rconst_cri_mosaic_8bin_aq.inc /home/onishi/WRF/inc
ln -s ../chem/KPP/inc/cri_mosaic_8bin_aq/extra_decls_update_rconst_cri_mosaic_8bin_aq.inc /home/onishi/WRF/inc
ln -s ../chem/KPP/inc/cri_mosaic_8bin_aq/kpp_mechd_a_cri_mosaic_8bin_aq.inc /home/onishi/WRF/inc
ln -s ../chem/KPP/inc/cri_mosaic_8bin_aq/kpp_mechd_b_cri_mosaic_8bin_aq.inc /home/onishi/WRF/inc
ln -s ../chem/KPP/inc/cri_mosaic_8bin_aq/kpp_mechd_e_cri_mosaic_8bin_aq.inc /home/onishi/WRF/inc
ln -s ../chem/KPP/inc/cri_mosaic_8bin_aq/kpp_mechd_ia_cri_mosaic_8bin_aq.inc /home/onishi/WRF/inc
ln -s ../chem/KPP/inc/cri_mosaic_8bin_aq/kpp_mechd_ib_cri_mosaic_8bin_aq.inc /home/onishi/WRF/inc
ln -s ../chem/KPP/inc/cri_mosaic_8bin_aq/kpp_mechd_ibu_cri_mosaic_8bin_aq.inc /home/onishi/WRF/inc
ln -s ../chem/KPP/inc/cri_mosaic_8bin_aq/kpp_mechd_l_cri_mosaic_8bin_aq.inc /home/onishi/WRF/inc
ln -s ../chem/KPP/inc/cri_mosaic_8bin_aq/kpp_mechd_u_cri_mosaic_8bin_aq.inc /home/onishi/WRF/inc
model cri_mosaic_8bin_aq
/home/onishi/WRF/chem/KPP/kpp/kpp-2.1/bin/kpp cri_mosaic_8bin_aq.kpp

This is KPP-2.1.

KPP is parsing the equation file.
KPP was told to generate WRF conform code
KPP is computing Jacobian sparsity structure.
KPP is starting the code generation.
KPP is initializing the code generation.
 
 KPP is using the WRF conform integrator routine: 
 /home/onishi/WRF/chem/KPP/kpp/kpp-2.1/int/WRF_conform/rosenbrock 

KPP is generating the monitor data:
    - cri_mosaic_8bin_aq_Monitor
KPP is generating the utility data:
    - cri_mosaic_8bin_aq_Util
KPP is generating the global declarations:
    - cri_mosaic_8bin_aq_Main
KPP is generating the ODE function:
    - cri_mosaic_8bin_aq_Function
KPP is generating the ODE Jacobian:
    - cri_mosaic_8bin_aq_Jacobian
    - cri_mosaic_8bin_aq_JacobianSP
KPP is generating the linear algebra routines:
    - cri_mosaic_8bin_aq_LinearAlgebra
KPP is generating the utility functions:
    - cri_mosaic_8bin_aq_Util
KPP is generating the rate laws:
    - cri_mosaic_8bin_aq_Rates
KPP is generating UpdateRconstWRF (WRF conform): 
    - cri_mosaic_8bin_aq_UpdateRconst
KPP is generating the parameters:
    - cri_mosaic_8bin_aq_Parameters
KPP is generating the global data:
    - cri_mosaic_8bin_aq_Global
KPP is generating the driver from general.f90:
    - cri_mosaic_8bin_aq_Main
KPP is starting the code post-processing.

KPP has succesfully created the model "cri_mosaic_8bin_aq".

cp -f cri_mosaic_8bin_aq_Integrator.f90 ../../../module_kpp_cri_mosaic_8bin_aq_Integr.F
cp -f cri_mosaic_8bin_aq_Parameters.f90 ../../../module_kpp_cri_mosaic_8bin_aq_Parameters.F
cp -f cri_mosaic_8bin_aq_Precision.f90 ../../../module_kpp_cri_mosaic_8bin_aq_Precision.F
cp -f cri_mosaic_8bin_aq_JacobianSP.f90 ../../../module_kpp_cri_mosaic_8bin_aq_JacobianSP.F
cp -f cri_mosaic_8bin_aq_Jacobian.f90 ../../../module_kpp_cri_mosaic_8bin_aq_Jacobian.F
cp -f cri_mosaic_8bin_aq_Update_Rconst.f90 ../../../module_kpp_cri_mosaic_8bin_aq_Update_Rconst.F
touch ../../util/run_wkc
Makefile:50: warning: overriding recipe for target '.F.o'
../../../../configure.wrf:397: warning: ignoring old recipe for target '.F.o'
Makefile:58: warning: overriding recipe for target '.c.o'
../../../../configure.wrf:440: warning: ignoring old recipe for target '.c.o'
rm -f decomp_uses.inc
echo USE cri_mosaic_8bin_aq_Parameters > decomp_uses.inc
echo USE cri_mosaic_8bin_aq_JacobianSP >> decomp_uses.inc
ln -sf  ../../../module_kpp_cri_mosaic_8bin_aq_Precision.F
ln -sf  ../../../module_kpp_cri_mosaic_8bin_aq_Parameters.F
ln -sf  ../../../module_kpp_cri_mosaic_8bin_aq_JacobianSP.F
ln -sf  ../../../module_kpp_cri_mosaic_8bin_aq_Integr.F
make -i -r comp
make[1]: Entering directory '/home/onishi/WRF/chem/KPP/util/write_decomp'
Makefile:50: warning: overriding recipe for target '.F.o'
../../../../configure.wrf:397: warning: ignoring old recipe for target '.F.o'
Makefile:58: warning: overriding recipe for target '.c.o'
../../../../configure.wrf:440: warning: ignoring old recipe for target '.c.o'
rm -f module_kpp_cri_mosaic_8bin_aq_Precision.o
sed -f ../../../../arch/standard.sed module_kpp_cri_mosaic_8bin_aq_Precision.F > module_kpp_cri_mosaic_8bin_aq_Precision.b 
/lib/cpp -P -nostdinc -I/external/ioapi_share -I../../../../inc -DEM_CORE= -DNMM_CORE= -DNMM_MAX_DIM=2600 -DDA_CORE= -DWRFPLUS= -DIWORDSIZE=4 -DDWORDSIZE=8 -DRWORDSIZE=4 -DLWORDSIZE=4 -DNONSTANDARD_SYSTEM_FUNC  -DWRF_USE_CLM -DUSE_NETCDF4_FEATURES -DWRFIO_NCD_LARGE_FILE_SUPPORT  -DDM_PARALLEL -DNETCDF -DGRIB2 -DHDF5 -DLANDREAD_STUB=1 -DUSE_ALLOCATABLES -Dwrfmodel -DGRIB1 -DINTIO -DKEEP_INT_AROUND -DLIMIT_ARGS -DBUILD_RRTMG_FAST=0 -DBUILD_RRTMK=0 -DBUILD_SBM_FAST=1 -DSHOW_ALL_VARS_USED=0 -DCONFIG_BUF_LEN=65536 -DMAX_DOMAINS_F=21 -DMAX_HISTORY=25 -DNMM_NEST= -DWRF_CHEM -DBUILD_CHEM=1 -DWRF_KPP -I. -traditional-cpp -DUSE_NETCDF4_FEATURES -DWRFIO_NCD_LARGE_FILE_SUPPORT  module_kpp_cri_mosaic_8bin_aq_Precision.b  > module_kpp_cri_mosaic_8bin_aq_Precision.f90
rm -f module_kpp_cri_mosaic_8bin_aq_Precision.b
ifort -c -O3 -ip -fp-model precise -w -ftz -align all -fno-alias -FR -convert big_endian    -real-size `expr 8 \* 4` -i4  module_kpp_cri_mosaic_8bin_aq_Precision.f90
rm -f module_kpp_cri_mosaic_8bin_aq_Parameters.o
sed -f ../../../../arch/standard.sed module_kpp_cri_mosaic_8bin_aq_Parameters.F > module_kpp_cri_mosaic_8bin_aq_Parameters.b 
/lib/cpp -P -nostdinc -I/external/ioapi_share -I../../../../inc -DEM_CORE= -DNMM_CORE= -DNMM_MAX_DIM=2600 -DDA_CORE= -DWRFPLUS= -DIWORDSIZE=4 -DDWORDSIZE=8 -DRWORDSIZE=4 -DLWORDSIZE=4 -DNONSTANDARD_SYSTEM_FUNC  -DWRF_USE_CLM -DUSE_NETCDF4_FEATURES -DWRFIO_NCD_LARGE_FILE_SUPPORT  -DDM_PARALLEL -DNETCDF -DGRIB2 -DHDF5 -DLANDREAD_STUB=1 -DUSE_ALLOCATABLES -Dwrfmodel -DGRIB1 -DINTIO -DKEEP_INT_AROUND -DLIMIT_ARGS -DBUILD_RRTMG_FAST=0 -DBUILD_RRTMK=0 -DBUILD_SBM_FAST=1 -DSHOW_ALL_VARS_USED=0 -DCONFIG_BUF_LEN=65536 -DMAX_DOMAINS_F=21 -DMAX_HISTORY=25 -DNMM_NEST= -DWRF_CHEM -DBUILD_CHEM=1 -DWRF_KPP -I. -traditional-cpp -DUSE_NETCDF4_FEATURES -DWRFIO_NCD_LARGE_FILE_SUPPORT  module_kpp_cri_mosaic_8bin_aq_Parameters.b  > module_kpp_cri_mosaic_8bin_aq_Parameters.f90
rm -f module_kpp_cri_mosaic_8bin_aq_Parameters.b
ifort -c -O3 -ip -fp-model precise -w -ftz -align all -fno-alias -FR -convert big_endian    -real-size `expr 8 \* 4` -i4  module_kpp_cri_mosaic_8bin_aq_Parameters.f90
rm -f module_kpp_cri_mosaic_8bin_aq_JacobianSP.o
sed -f ../../../../arch/standard.sed module_kpp_cri_mosaic_8bin_aq_JacobianSP.F > module_kpp_cri_mosaic_8bin_aq_JacobianSP.b 
/lib/cpp -P -nostdinc -I/external/ioapi_share -I../../../../inc -DEM_CORE= -DNMM_CORE= -DNMM_MAX_DIM=2600 -DDA_CORE= -DWRFPLUS= -DIWORDSIZE=4 -DDWORDSIZE=8 -DRWORDSIZE=4 -DLWORDSIZE=4 -DNONSTANDARD_SYSTEM_FUNC  -DWRF_USE_CLM -DUSE_NETCDF4_FEATURES -DWRFIO_NCD_LARGE_FILE_SUPPORT  -DDM_PARALLEL -DNETCDF -DGRIB2 -DHDF5 -DLANDREAD_STUB=1 -DUSE_ALLOCATABLES -Dwrfmodel -DGRIB1 -DINTIO -DKEEP_INT_AROUND -DLIMIT_ARGS -DBUILD_RRTMG_FAST=0 -DBUILD_RRTMK=0 -DBUILD_SBM_FAST=1 -DSHOW_ALL_VARS_USED=0 -DCONFIG_BUF_LEN=65536 -DMAX_DOMAINS_F=21 -DMAX_HISTORY=25 -DNMM_NEST= -DWRF_CHEM -DBUILD_CHEM=1 -DWRF_KPP -I. -traditional-cpp -DUSE_NETCDF4_FEATURES -DWRFIO_NCD_LARGE_FILE_SUPPORT  module_kpp_cri_mosaic_8bin_aq_JacobianSP.b  > module_kpp_cri_mosaic_8bin_aq_JacobianSP.f90
rm -f module_kpp_cri_mosaic_8bin_aq_JacobianSP.b
ifort -c -O3 -ip -fp-model precise -w -ftz -align all -fno-alias -FR -convert big_endian    -real-size `expr 8 \* 4` -i4  module_kpp_cri_mosaic_8bin_aq_JacobianSP.f90
rm -f write_decomp.o
sed -f ../../../../arch/standard.sed write_decomp.F > write_decomp.b 
/lib/cpp -P -nostdinc -I/external/ioapi_share -I../../../../inc -DEM_CORE= -DNMM_CORE= -DNMM_MAX_DIM=2600 -DDA_CORE= -DWRFPLUS= -DIWORDSIZE=4 -DDWORDSIZE=8 -DRWORDSIZE=4 -DLWORDSIZE=4 -DNONSTANDARD_SYSTEM_FUNC  -DWRF_USE_CLM -DUSE_NETCDF4_FEATURES -DWRFIO_NCD_LARGE_FILE_SUPPORT  -DDM_PARALLEL -DNETCDF -DGRIB2 -DHDF5 -DLANDREAD_STUB=1 -DUSE_ALLOCATABLES -Dwrfmodel -DGRIB1 -DINTIO -DKEEP_INT_AROUND -DLIMIT_ARGS -DBUILD_RRTMG_FAST=0 -DBUILD_RRTMK=0 -DBUILD_SBM_FAST=1 -DSHOW_ALL_VARS_USED=0 -DCONFIG_BUF_LEN=65536 -DMAX_DOMAINS_F=21 -DMAX_HISTORY=25 -DNMM_NEST= -DWRF_CHEM -DBUILD_CHEM=1 -DWRF_KPP -I. -traditional-cpp -DUSE_NETCDF4_FEATURES -DWRFIO_NCD_LARGE_FILE_SUPPORT  write_decomp.b  > write_decomp.f90
rm -f write_decomp.b
ifort -c -O3 -ip -fp-model precise -w -ftz -align all -fno-alias -FR -convert big_endian    -real-size `expr 8 \* 4` -i4  write_decomp.f90
ifort -o write_decomp.exe module_kpp_cri_mosaic_8bin_aq_Precision.o module_kpp_cri_mosaic_8bin_aq_Parameters.o module_kpp_cri_mosaic_8bin_aq_JacobianSP.o      write_decomp.o  
echo cri_mosaic_8bin_aq > mech.tmp
make[1]: Leaving directory '/home/onishi/WRF/chem/KPP/util/write_decomp'
./write_decomp.exe
   -- in write_decomp
     for kpp mechanism: cri_mosaic_8bin_aq
 fname:<decomp_cri_mosaic_8bin_aq.inc>
make -i -r integr_edit
make[1]: Entering directory '/home/onishi/WRF/chem/KPP/util/write_decomp'
Makefile:50: warning: overriding recipe for target '.F.o'
../../../../configure.wrf:397: warning: ignoring old recipe for target '.F.o'
Makefile:58: warning: overriding recipe for target '.c.o'
../../../../configure.wrf:440: warning: ignoring old recipe for target '.c.o'
rm -f integr_edit.o
icc -c -w -O3 -ip -DRPC_TYPES=1  -DDM_PARALLEL -DLANDREAD_STUB=1 -DMAX_HISTORY=25 -DNMM_CORE= integr_edit.c
icc -o integr_edit.exe integr_edit.o
make[1]: Leaving directory '/home/onishi/WRF/chem/KPP/util/write_decomp'
./integr_edit.exe cri_mosaic_8bin_aq
   integr_edit: replacing     CALL cri_mosaic_8bin_aq_KppDecomp ( A, ising )
 
  END MODULE cri_mosaic_8bin_aq_Integrator
 make -i -r clean 
make[1]: Entering directory '/home/onishi/WRF/chem/KPP/util/write_decomp'
Makefile:50: warning: overriding recipe for target '.F.o'
../../../../configure.wrf:397: warning: ignoring old recipe for target '.F.o'
Makefile:58: warning: overriding recipe for target '.c.o'
../../../../configure.wrf:440: warning: ignoring old recipe for target '.c.o'
make[1]: Leaving directory '/home/onishi/WRF/chem/KPP/util/write_decomp'
=========================================================
mechanisms/gocartracm
ln -s ../../util/Makefile_kpp mechanisms/gocartracm/Makefile
ln -s ../chem/KPP/inc/gocartracm/extra_args_to_update_rconst_gocartracm.inc /home/onishi/WRF/inc
ln -s ../chem/KPP/inc/gocartracm/extra_args_update_rconst_gocartracm.inc /home/onishi/WRF/inc
ln -s ../chem/KPP/inc/gocartracm/extra_decls_update_rconst_gocartracm.inc /home/onishi/WRF/inc
ln -s ../chem/KPP/inc/gocartracm/kpp_mechd_a_gocartracm.inc /home/onishi/WRF/inc
ln -s ../chem/KPP/inc/gocartracm/kpp_mechd_b_gocartracm.inc /home/onishi/WRF/inc
ln -s ../chem/KPP/inc/gocartracm/kpp_mechd_e_gocartracm.inc /home/onishi/WRF/inc
ln -s ../chem/KPP/inc/gocartracm/kpp_mechd_ia_gocartracm.inc /home/onishi/WRF/inc
ln -s ../chem/KPP/inc/gocartracm/kpp_mechd_ib_gocartracm.inc /home/onishi/WRF/inc
ln -s ../chem/KPP/inc/gocartracm/kpp_mechd_ibu_gocartracm.inc /home/onishi/WRF/inc
ln -s ../chem/KPP/inc/gocartracm/kpp_mechd_l_gocartracm.inc /home/onishi/WRF/inc
ln -s ../chem/KPP/inc/gocartracm/kpp_mechd_u_gocartracm.inc /home/onishi/WRF/inc
model gocartracm
/home/onishi/WRF/chem/KPP/kpp/kpp-2.1/bin/kpp gocartracm.kpp

This is KPP-2.1.

KPP is parsing the equation file.
KPP was told to generate WRF conform code
KPP is computing Jacobian sparsity structure.
KPP is starting the code generation.
KPP is initializing the code generation.
 
 KPP is using the WRF conform integrator routine: 
 /home/onishi/WRF/chem/KPP/kpp/kpp-2.1/int/WRF_conform/rosenbrock 

KPP is generating the monitor data:
    - gocartracm_Monitor
KPP is generating the utility data:
    - gocartracm_Util
KPP is generating the global declarations:
    - gocartracm_Main
KPP is generating the ODE function:
    - gocartracm_Function
KPP is generating the ODE Jacobian:
    - gocartracm_Jacobian
    - gocartracm_JacobianSP
KPP is generating the linear algebra routines:
    - gocartracm_LinearAlgebra
KPP is generating the utility functions:
    - gocartracm_Util
KPP is generating the rate laws:
    - gocartracm_Rates
KPP is generating UpdateRconstWRF (WRF conform): 
    - gocartracm_UpdateRconst
KPP is generating the parameters:
    - gocartracm_Parameters
KPP is generating the global data:
    - gocartracm_Global
KPP is generating the driver from general.f90:
    - gocartracm_Main
KPP is starting the code post-processing.

KPP has succesfully created the model "gocartracm".

cp -f gocartracm_Integrator.f90 ../../../module_kpp_gocartracm_Integr.F
cp -f gocartracm_Parameters.f90 ../../../module_kpp_gocartracm_Parameters.F
cp -f gocartracm_Precision.f90 ../../../module_kpp_gocartracm_Precision.F
cp -f gocartracm_JacobianSP.f90 ../../../module_kpp_gocartracm_JacobianSP.F
cp -f gocartracm_Jacobian.f90 ../../../module_kpp_gocartracm_Jacobian.F
cp -f gocartracm_Update_Rconst.f90 ../../../module_kpp_gocartracm_Update_Rconst.F
touch ../../util/run_wkc
Makefile:50: warning: overriding recipe for target '.F.o'
../../../../configure.wrf:397: warning: ignoring old recipe for target '.F.o'
Makefile:58: warning: overriding recipe for target '.c.o'
../../../../configure.wrf:440: warning: ignoring old recipe for target '.c.o'
rm -f decomp_uses.inc
echo USE gocartracm_Parameters > decomp_uses.inc
echo USE gocartracm_JacobianSP >> decomp_uses.inc
ln -sf  ../../../module_kpp_gocartracm_Precision.F
ln -sf  ../../../module_kpp_gocartracm_Parameters.F
ln -sf  ../../../module_kpp_gocartracm_JacobianSP.F
ln -sf  ../../../module_kpp_gocartracm_Integr.F
make -i -r comp
make[1]: Entering directory '/home/onishi/WRF/chem/KPP/util/write_decomp'
Makefile:50: warning: overriding recipe for target '.F.o'
../../../../configure.wrf:397: warning: ignoring old recipe for target '.F.o'
Makefile:58: warning: overriding recipe for target '.c.o'
../../../../configure.wrf:440: warning: ignoring old recipe for target '.c.o'
rm -f module_kpp_gocartracm_Precision.o
sed -f ../../../../arch/standard.sed module_kpp_gocartracm_Precision.F > module_kpp_gocartracm_Precision.b 
/lib/cpp -P -nostdinc -I/external/ioapi_share -I../../../../inc -DEM_CORE= -DNMM_CORE= -DNMM_MAX_DIM=2600 -DDA_CORE= -DWRFPLUS= -DIWORDSIZE=4 -DDWORDSIZE=8 -DRWORDSIZE=4 -DLWORDSIZE=4 -DNONSTANDARD_SYSTEM_FUNC  -DWRF_USE_CLM -DUSE_NETCDF4_FEATURES -DWRFIO_NCD_LARGE_FILE_SUPPORT  -DDM_PARALLEL -DNETCDF -DGRIB2 -DHDF5 -DLANDREAD_STUB=1 -DUSE_ALLOCATABLES -Dwrfmodel -DGRIB1 -DINTIO -DKEEP_INT_AROUND -DLIMIT_ARGS -DBUILD_RRTMG_FAST=0 -DBUILD_RRTMK=0 -DBUILD_SBM_FAST=1 -DSHOW_ALL_VARS_USED=0 -DCONFIG_BUF_LEN=65536 -DMAX_DOMAINS_F=21 -DMAX_HISTORY=25 -DNMM_NEST= -DWRF_CHEM -DBUILD_CHEM=1 -DWRF_KPP -I. -traditional-cpp -DUSE_NETCDF4_FEATURES -DWRFIO_NCD_LARGE_FILE_SUPPORT  module_kpp_gocartracm_Precision.b  > module_kpp_gocartracm_Precision.f90
rm -f module_kpp_gocartracm_Precision.b
ifort -c -O3 -ip -fp-model precise -w -ftz -align all -fno-alias -FR -convert big_endian    -real-size `expr 8 \* 4` -i4  module_kpp_gocartracm_Precision.f90
rm -f module_kpp_gocartracm_Parameters.o
sed -f ../../../../arch/standard.sed module_kpp_gocartracm_Parameters.F > module_kpp_gocartracm_Parameters.b 
/lib/cpp -P -nostdinc -I/external/ioapi_share -I../../../../inc -DEM_CORE= -DNMM_CORE= -DNMM_MAX_DIM=2600 -DDA_CORE= -DWRFPLUS= -DIWORDSIZE=4 -DDWORDSIZE=8 -DRWORDSIZE=4 -DLWORDSIZE=4 -DNONSTANDARD_SYSTEM_FUNC  -DWRF_USE_CLM -DUSE_NETCDF4_FEATURES -DWRFIO_NCD_LARGE_FILE_SUPPORT  -DDM_PARALLEL -DNETCDF -DGRIB2 -DHDF5 -DLANDREAD_STUB=1 -DUSE_ALLOCATABLES -Dwrfmodel -DGRIB1 -DINTIO -DKEEP_INT_AROUND -DLIMIT_ARGS -DBUILD_RRTMG_FAST=0 -DBUILD_RRTMK=0 -DBUILD_SBM_FAST=1 -DSHOW_ALL_VARS_USED=0 -DCONFIG_BUF_LEN=65536 -DMAX_DOMAINS_F=21 -DMAX_HISTORY=25 -DNMM_NEST= -DWRF_CHEM -DBUILD_CHEM=1 -DWRF_KPP -I. -traditional-cpp -DUSE_NETCDF4_FEATURES -DWRFIO_NCD_LARGE_FILE_SUPPORT  module_kpp_gocartracm_Parameters.b  > module_kpp_gocartracm_Parameters.f90
rm -f module_kpp_gocartracm_Parameters.b
ifort -c -O3 -ip -fp-model precise -w -ftz -align all -fno-alias -FR -convert big_endian    -real-size `expr 8 \* 4` -i4  module_kpp_gocartracm_Parameters.f90
rm -f module_kpp_gocartracm_JacobianSP.o
sed -f ../../../../arch/standard.sed module_kpp_gocartracm_JacobianSP.F > module_kpp_gocartracm_JacobianSP.b 
/lib/cpp -P -nostdinc -I/external/ioapi_share -I../../../../inc -DEM_CORE= -DNMM_CORE= -DNMM_MAX_DIM=2600 -DDA_CORE= -DWRFPLUS= -DIWORDSIZE=4 -DDWORDSIZE=8 -DRWORDSIZE=4 -DLWORDSIZE=4 -DNONSTANDARD_SYSTEM_FUNC  -DWRF_USE_CLM -DUSE_NETCDF4_FEATURES -DWRFIO_NCD_LARGE_FILE_SUPPORT  -DDM_PARALLEL -DNETCDF -DGRIB2 -DHDF5 -DLANDREAD_STUB=1 -DUSE_ALLOCATABLES -Dwrfmodel -DGRIB1 -DINTIO -DKEEP_INT_AROUND -DLIMIT_ARGS -DBUILD_RRTMG_FAST=0 -DBUILD_RRTMK=0 -DBUILD_SBM_FAST=1 -DSHOW_ALL_VARS_USED=0 -DCONFIG_BUF_LEN=65536 -DMAX_DOMAINS_F=21 -DMAX_HISTORY=25 -DNMM_NEST= -DWRF_CHEM -DBUILD_CHEM=1 -DWRF_KPP -I. -traditional-cpp -DUSE_NETCDF4_FEATURES -DWRFIO_NCD_LARGE_FILE_SUPPORT  module_kpp_gocartracm_JacobianSP.b  > module_kpp_gocartracm_JacobianSP.f90
rm -f module_kpp_gocartracm_JacobianSP.b
ifort -c -O3 -ip -fp-model precise -w -ftz -align all -fno-alias -FR -convert big_endian    -real-size `expr 8 \* 4` -i4  module_kpp_gocartracm_JacobianSP.f90
rm -f write_decomp.o
sed -f ../../../../arch/standard.sed write_decomp.F > write_decomp.b 
/lib/cpp -P -nostdinc -I/external/ioapi_share -I../../../../inc -DEM_CORE= -DNMM_CORE= -DNMM_MAX_DIM=2600 -DDA_CORE= -DWRFPLUS= -DIWORDSIZE=4 -DDWORDSIZE=8 -DRWORDSIZE=4 -DLWORDSIZE=4 -DNONSTANDARD_SYSTEM_FUNC  -DWRF_USE_CLM -DUSE_NETCDF4_FEATURES -DWRFIO_NCD_LARGE_FILE_SUPPORT  -DDM_PARALLEL -DNETCDF -DGRIB2 -DHDF5 -DLANDREAD_STUB=1 -DUSE_ALLOCATABLES -Dwrfmodel -DGRIB1 -DINTIO -DKEEP_INT_AROUND -DLIMIT_ARGS -DBUILD_RRTMG_FAST=0 -DBUILD_RRTMK=0 -DBUILD_SBM_FAST=1 -DSHOW_ALL_VARS_USED=0 -DCONFIG_BUF_LEN=65536 -DMAX_DOMAINS_F=21 -DMAX_HISTORY=25 -DNMM_NEST= -DWRF_CHEM -DBUILD_CHEM=1 -DWRF_KPP -I. -traditional-cpp -DUSE_NETCDF4_FEATURES -DWRFIO_NCD_LARGE_FILE_SUPPORT  write_decomp.b  > write_decomp.f90
rm -f write_decomp.b
ifort -c -O3 -ip -fp-model precise -w -ftz -align all -fno-alias -FR -convert big_endian    -real-size `expr 8 \* 4` -i4  write_decomp.f90
ifort -o write_decomp.exe module_kpp_gocartracm_Precision.o module_kpp_gocartracm_Parameters.o module_kpp_gocartracm_JacobianSP.o      write_decomp.o  
echo gocartracm > mech.tmp
make[1]: Leaving directory '/home/onishi/WRF/chem/KPP/util/write_decomp'
./write_decomp.exe
   -- in write_decomp
     for kpp mechanism: gocartracm
 fname:<decomp_gocartracm.inc>
make -i -r integr_edit
make[1]: Entering directory '/home/onishi/WRF/chem/KPP/util/write_decomp'
Makefile:50: warning: overriding recipe for target '.F.o'
../../../../configure.wrf:397: warning: ignoring old recipe for target '.F.o'
Makefile:58: warning: overriding recipe for target '.c.o'
../../../../configure.wrf:440: warning: ignoring old recipe for target '.c.o'
rm -f integr_edit.o
icc -c -w -O3 -ip -DRPC_TYPES=1  -DDM_PARALLEL -DLANDREAD_STUB=1 -DMAX_HISTORY=25 -DNMM_CORE= integr_edit.c
icc -o integr_edit.exe integr_edit.o
make[1]: Leaving directory '/home/onishi/WRF/chem/KPP/util/write_decomp'
./integr_edit.exe gocartracm
   integr_edit: replacing     CALL gocartracm_KppDecomp ( A, ising )
 
  END MODULE gocartracm_Integrator
 make -i -r clean 
make[1]: Entering directory '/home/onishi/WRF/chem/KPP/util/write_decomp'
Makefile:50: warning: overriding recipe for target '.F.o'
../../../../configure.wrf:397: warning: ignoring old recipe for target '.F.o'
Makefile:58: warning: overriding recipe for target '.c.o'
../../../../configure.wrf:440: warning: ignoring old recipe for target '.c.o'
make[1]: Leaving directory '/home/onishi/WRF/chem/KPP/util/write_decomp'
=========================================================
mechanisms/mozart_mosaic_4bin_aq
ln -s ../../util/Makefile_kpp mechanisms/mozart_mosaic_4bin_aq/Makefile
ln -s ../chem/KPP/inc/mozart_mosaic_4bin_aq/extra_args_to_update_rconst_mozart_mosaic_4bin_aq.inc /home/onishi/WRF/inc
ln -s ../chem/KPP/inc/mozart_mosaic_4bin_aq/extra_args_update_rconst_mozart_mosaic_4bin_aq.inc /home/onishi/WRF/inc
ln -s ../chem/KPP/inc/mozart_mosaic_4bin_aq/extra_decls_update_rconst_mozart_mosaic_4bin_aq.inc /home/onishi/WRF/inc
ln -s ../chem/KPP/inc/mozart_mosaic_4bin_aq/kpp_mechd_a_mozart_mosaic_4bin_aq.inc /home/onishi/WRF/inc
ln -s ../chem/KPP/inc/mozart_mosaic_4bin_aq/kpp_mechd_b_mozart_mosaic_4bin_aq.inc /home/onishi/WRF/inc
ln -s ../chem/KPP/inc/mozart_mosaic_4bin_aq/kpp_mechd_e_mozart_mosaic_4bin_aq.inc /home/onishi/WRF/inc
ln -s ../chem/KPP/inc/mozart_mosaic_4bin_aq/kpp_mechd_ia_mozart_mosaic_4bin_aq.inc /home/onishi/WRF/inc
ln -s ../chem/KPP/inc/mozart_mosaic_4bin_aq/kpp_mechd_ib_mozart_mosaic_4bin_aq.inc /home/onishi/WRF/inc
ln -s ../chem/KPP/inc/mozart_mosaic_4bin_aq/kpp_mechd_ibu_mozart_mosaic_4bin_aq.inc /home/onishi/WRF/inc
ln -s ../chem/KPP/inc/mozart_mosaic_4bin_aq/kpp_mechd_l_mozart_mosaic_4bin_aq.inc /home/onishi/WRF/inc
ln -s ../chem/KPP/inc/mozart_mosaic_4bin_aq/kpp_mechd_u_mozart_mosaic_4bin_aq.inc /home/onishi/WRF/inc
model mozart_mosaic_4bin_aq
/home/onishi/WRF/chem/KPP/kpp/kpp-2.1/bin/kpp mozart_mosaic_4bin_aq.kpp

This is KPP-2.1.

KPP is parsing the equation file.******
KPP was told to generate WRF conform code
KPP is computing Jacobian sparsity structure.
KPP is starting the code generation.
KPP is initializing the code generation.
 
 KPP is using the WRF conform integrator routine: 
 /home/onishi/WRF/chem/KPP/kpp/kpp-2.1/int/WRF_conform/rosenbrock 

KPP is generating the monitor data:
    - mozart_mosaic_4bin_aq_Monitor
KPP is generating the utility data:
    - mozart_mosaic_4bin_aq_Util
KPP is generating the global declarations:
    - mozart_mosaic_4bin_aq_Main
KPP is generating the ODE function:
    - mozart_mosaic_4bin_aq_Function
KPP is generating the ODE Jacobian:
    - mozart_mosaic_4bin_aq_Jacobian
    - mozart_mosaic_4bin_aq_JacobianSP
KPP is generating the linear algebra routines:
    - mozart_mosaic_4bin_aq_LinearAlgebra
KPP is generating the utility functions:
    - mozart_mosaic_4bin_aq_Util
KPP is generating the rate laws:
    - mozart_mosaic_4bin_aq_Rates
KPP is generating UpdateRconstWRF (WRF conform): 
    - mozart_mosaic_4bin_aq_UpdateRconst
KPP is generating the parameters:
    - mozart_mosaic_4bin_aq_Parameters
KPP is generating the global data:
    - mozart_mosaic_4bin_aq_Global
KPP is generating the driver from general.f90:
    - mozart_mosaic_4bin_aq_Main
KPP is starting the code post-processing.

KPP has succesfully created the model "mozart_mosaic_4bin_aq".

cp -f mozart_mosaic_4bin_aq_Integrator.f90 ../../../module_kpp_mozart_mosaic_4bin_aq_Integr.F
cp -f mozart_mosaic_4bin_aq_Parameters.f90 ../../../module_kpp_mozart_mosaic_4bin_aq_Parameters.F
cp -f mozart_mosaic_4bin_aq_Precision.f90 ../../../module_kpp_mozart_mosaic_4bin_aq_Precision.F
cp -f mozart_mosaic_4bin_aq_JacobianSP.f90 ../../../module_kpp_mozart_mosaic_4bin_aq_JacobianSP.F
cp -f mozart_mosaic_4bin_aq_Jacobian.f90 ../../../module_kpp_mozart_mosaic_4bin_aq_Jacobian.F
cp -f mozart_mosaic_4bin_aq_Update_Rconst.f90 ../../../module_kpp_mozart_mosaic_4bin_aq_Update_Rconst.F
touch ../../util/run_wkc
tuv_kpp: Argument = FIRST
tuv_kpp: Argument = mozart_mosaic_4bin_aq
tuv_kpp: Mechanism = mozart_mosaic_4bin_aq
Makefile:50: warning: overriding recipe for target '.F.o'
../../../../configure.wrf:397: warning: ignoring old recipe for target '.F.o'
Makefile:58: warning: overriding recipe for target '.c.o'
../../../../configure.wrf:440: warning: ignoring old recipe for target '.c.o'
rm -f decomp_uses.inc
echo USE mozart_mosaic_4bin_aq_Parameters > decomp_uses.inc
echo USE mozart_mosaic_4bin_aq_JacobianSP >> decomp_uses.inc
ln -sf  ../../../module_kpp_mozart_mosaic_4bin_aq_Precision.F
ln -sf  ../../../module_kpp_mozart_mosaic_4bin_aq_Parameters.F
ln -sf  ../../../module_kpp_mozart_mosaic_4bin_aq_JacobianSP.F
ln -sf  ../../../module_kpp_mozart_mosaic_4bin_aq_Integr.F
make -i -r comp
make[1]: Entering directory '/home/onishi/WRF/chem/KPP/util/write_decomp'
Makefile:50: warning: overriding recipe for target '.F.o'
../../../../configure.wrf:397: warning: ignoring old recipe for target '.F.o'
Makefile:58: warning: overriding recipe for target '.c.o'
../../../../configure.wrf:440: warning: ignoring old recipe for target '.c.o'
rm -f module_kpp_mozart_mosaic_4bin_aq_Precision.o
sed -f ../../../../arch/standard.sed module_kpp_mozart_mosaic_4bin_aq_Precision.F > module_kpp_mozart_mosaic_4bin_aq_Precision.b 
/lib/cpp -P -nostdinc -I/external/ioapi_share -I../../../../inc -DEM_CORE= -DNMM_CORE= -DNMM_MAX_DIM=2600 -DDA_CORE= -DWRFPLUS= -DIWORDSIZE=4 -DDWORDSIZE=8 -DRWORDSIZE=4 -DLWORDSIZE=4 -DNONSTANDARD_SYSTEM_FUNC  -DWRF_USE_CLM -DUSE_NETCDF4_FEATURES -DWRFIO_NCD_LARGE_FILE_SUPPORT  -DDM_PARALLEL -DNETCDF -DGRIB2 -DHDF5 -DLANDREAD_STUB=1 -DUSE_ALLOCATABLES -Dwrfmodel -DGRIB1 -DINTIO -DKEEP_INT_AROUND -DLIMIT_ARGS -DBUILD_RRTMG_FAST=0 -DBUILD_RRTMK=0 -DBUILD_SBM_FAST=1 -DSHOW_ALL_VARS_USED=0 -DCONFIG_BUF_LEN=65536 -DMAX_DOMAINS_F=21 -DMAX_HISTORY=25 -DNMM_NEST= -DWRF_CHEM -DBUILD_CHEM=1 -DWRF_KPP -I. -traditional-cpp -DUSE_NETCDF4_FEATURES -DWRFIO_NCD_LARGE_FILE_SUPPORT  module_kpp_mozart_mosaic_4bin_aq_Precision.b  > module_kpp_mozart_mosaic_4bin_aq_Precision.f90
rm -f module_kpp_mozart_mosaic_4bin_aq_Precision.b
ifort -c -O3 -ip -fp-model precise -w -ftz -align all -fno-alias -FR -convert big_endian    -real-size `expr 8 \* 4` -i4  module_kpp_mozart_mosaic_4bin_aq_Precision.f90
rm -f module_kpp_mozart_mosaic_4bin_aq_Parameters.o
sed -f ../../../../arch/standard.sed module_kpp_mozart_mosaic_4bin_aq_Parameters.F > module_kpp_mozart_mosaic_4bin_aq_Parameters.b 
/lib/cpp -P -nostdinc -I/external/ioapi_share -I../../../../inc -DEM_CORE= -DNMM_CORE= -DNMM_MAX_DIM=2600 -DDA_CORE= -DWRFPLUS= -DIWORDSIZE=4 -DDWORDSIZE=8 -DRWORDSIZE=4 -DLWORDSIZE=4 -DNONSTANDARD_SYSTEM_FUNC  -DWRF_USE_CLM -DUSE_NETCDF4_FEATURES -DWRFIO_NCD_LARGE_FILE_SUPPORT  -DDM_PARALLEL -DNETCDF -DGRIB2 -DHDF5 -DLANDREAD_STUB=1 -DUSE_ALLOCATABLES -Dwrfmodel -DGRIB1 -DINTIO -DKEEP_INT_AROUND -DLIMIT_ARGS -DBUILD_RRTMG_FAST=0 -DBUILD_RRTMK=0 -DBUILD_SBM_FAST=1 -DSHOW_ALL_VARS_USED=0 -DCONFIG_BUF_LEN=65536 -DMAX_DOMAINS_F=21 -DMAX_HISTORY=25 -DNMM_NEST= -DWRF_CHEM -DBUILD_CHEM=1 -DWRF_KPP -I. -traditional-cpp -DUSE_NETCDF4_FEATURES -DWRFIO_NCD_LARGE_FILE_SUPPORT  module_kpp_mozart_mosaic_4bin_aq_Parameters.b  > module_kpp_mozart_mosaic_4bin_aq_Parameters.f90
rm -f module_kpp_mozart_mosaic_4bin_aq_Parameters.b
ifort -c -O3 -ip -fp-model precise -w -ftz -align all -fno-alias -FR -convert big_endian    -real-size `expr 8 \* 4` -i4  module_kpp_mozart_mosaic_4bin_aq_Parameters.f90
rm -f module_kpp_mozart_mosaic_4bin_aq_JacobianSP.o
sed -f ../../../../arch/standard.sed module_kpp_mozart_mosaic_4bin_aq_JacobianSP.F > module_kpp_mozart_mosaic_4bin_aq_JacobianSP.b 
/lib/cpp -P -nostdinc -I/external/ioapi_share -I../../../../inc -DEM_CORE= -DNMM_CORE= -DNMM_MAX_DIM=2600 -DDA_CORE= -DWRFPLUS= -DIWORDSIZE=4 -DDWORDSIZE=8 -DRWORDSIZE=4 -DLWORDSIZE=4 -DNONSTANDARD_SYSTEM_FUNC  -DWRF_USE_CLM -DUSE_NETCDF4_FEATURES -DWRFIO_NCD_LARGE_FILE_SUPPORT  -DDM_PARALLEL -DNETCDF -DGRIB2 -DHDF5 -DLANDREAD_STUB=1 -DUSE_ALLOCATABLES -Dwrfmodel -DGRIB1 -DINTIO -DKEEP_INT_AROUND -DLIMIT_ARGS -DBUILD_RRTMG_FAST=0 -DBUILD_RRTMK=0 -DBUILD_SBM_FAST=1 -DSHOW_ALL_VARS_USED=0 -DCONFIG_BUF_LEN=65536 -DMAX_DOMAINS_F=21 -DMAX_HISTORY=25 -DNMM_NEST= -DWRF_CHEM -DBUILD_CHEM=1 -DWRF_KPP -I. -traditional-cpp -DUSE_NETCDF4_FEATURES -DWRFIO_NCD_LARGE_FILE_SUPPORT  module_kpp_mozart_mosaic_4bin_aq_JacobianSP.b  > module_kpp_mozart_mosaic_4bin_aq_JacobianSP.f90
rm -f module_kpp_mozart_mosaic_4bin_aq_JacobianSP.b
ifort -c -O3 -ip -fp-model precise -w -ftz -align all -fno-alias -FR -convert big_endian    -real-size `expr 8 \* 4` -i4  module_kpp_mozart_mosaic_4bin_aq_JacobianSP.f90
rm -f write_decomp.o
sed -f ../../../../arch/standard.sed write_decomp.F > write_decomp.b 
/lib/cpp -P -nostdinc -I/external/ioapi_share -I../../../../inc -DEM_CORE= -DNMM_CORE= -DNMM_MAX_DIM=2600 -DDA_CORE= -DWRFPLUS= -DIWORDSIZE=4 -DDWORDSIZE=8 -DRWORDSIZE=4 -DLWORDSIZE=4 -DNONSTANDARD_SYSTEM_FUNC  -DWRF_USE_CLM -DUSE_NETCDF4_FEATURES -DWRFIO_NCD_LARGE_FILE_SUPPORT  -DDM_PARALLEL -DNETCDF -DGRIB2 -DHDF5 -DLANDREAD_STUB=1 -DUSE_ALLOCATABLES -Dwrfmodel -DGRIB1 -DINTIO -DKEEP_INT_AROUND -DLIMIT_ARGS -DBUILD_RRTMG_FAST=0 -DBUILD_RRTMK=0 -DBUILD_SBM_FAST=1 -DSHOW_ALL_VARS_USED=0 -DCONFIG_BUF_LEN=65536 -DMAX_DOMAINS_F=21 -DMAX_HISTORY=25 -DNMM_NEST= -DWRF_CHEM -DBUILD_CHEM=1 -DWRF_KPP -I. -traditional-cpp -DUSE_NETCDF4_FEATURES -DWRFIO_NCD_LARGE_FILE_SUPPORT  write_decomp.b  > write_decomp.f90
rm -f write_decomp.b
ifort -c -O3 -ip -fp-model precise -w -ftz -align all -fno-alias -FR -convert big_endian    -real-size `expr 8 \* 4` -i4  write_decomp.f90
ifort -o write_decomp.exe module_kpp_mozart_mosaic_4bin_aq_Precision.o module_kpp_mozart_mosaic_4bin_aq_Parameters.o module_kpp_mozart_mosaic_4bin_aq_JacobianSP.o      write_decomp.o  
echo mozart_mosaic_4bin_aq > mech.tmp
make[1]: Leaving directory '/home/onishi/WRF/chem/KPP/util/write_decomp'
./write_decomp.exe
   -- in write_decomp
     for kpp mechanism: mozart_mosaic_4bin_aq
 fname:<decomp_mozart_mosaic_4bin_aq.inc>
make -i -r integr_edit
make[1]: Entering directory '/home/onishi/WRF/chem/KPP/util/write_decomp'
Makefile:50: warning: overriding recipe for target '.F.o'
../../../../configure.wrf:397: warning: ignoring old recipe for target '.F.o'
Makefile:58: warning: overriding recipe for target '.c.o'
../../../../configure.wrf:440: warning: ignoring old recipe for target '.c.o'
rm -f integr_edit.o
icc -c -w -O3 -ip -DRPC_TYPES=1  -DDM_PARALLEL -DLANDREAD_STUB=1 -DMAX_HISTORY=25 -DNMM_CORE= integr_edit.c
icc -o integr_edit.exe integr_edit.o
make[1]: Leaving directory '/home/onishi/WRF/chem/KPP/util/write_decomp'
./integr_edit.exe mozart_mosaic_4bin_aq
   integr_edit: replacing     CALL mozart_mosaic_4bin_aq_KppDecomp ( A, ising )
 
  END MODULE mozart_mosaic_4bin_aq_Integrator
 make -i -r clean 
make[1]: Entering directory '/home/onishi/WRF/chem/KPP/util/write_decomp'
Makefile:50: warning: overriding recipe for target '.F.o'
../../../../configure.wrf:397: warning: ignoring old recipe for target '.F.o'
Makefile:58: warning: overriding recipe for target '.c.o'
../../../../configure.wrf:440: warning: ignoring old recipe for target '.c.o'
make[1]: Leaving directory '/home/onishi/WRF/chem/KPP/util/write_decomp'
=========================================================
mechanisms/mozart_mosaic_4bin
ln -s ../../util/Makefile_kpp mechanisms/mozart_mosaic_4bin/Makefile
ln -s ../chem/KPP/inc/mozart_mosaic_4bin/extra_args_to_update_rconst_mozart_mosaic_4bin.inc /home/onishi/WRF/inc
ln -s ../chem/KPP/inc/mozart_mosaic_4bin/extra_args_update_rconst_mozart_mosaic_4bin.inc /home/onishi/WRF/inc
ln -s ../chem/KPP/inc/mozart_mosaic_4bin/extra_decls_update_rconst_mozart_mosaic_4bin.inc /home/onishi/WRF/inc
ln -s ../chem/KPP/inc/mozart_mosaic_4bin/kpp_mechd_a_mozart_mosaic_4bin.inc /home/onishi/WRF/inc
ln -s ../chem/KPP/inc/mozart_mosaic_4bin/kpp_mechd_b_mozart_mosaic_4bin.inc /home/onishi/WRF/inc
ln -s ../chem/KPP/inc/mozart_mosaic_4bin/kpp_mechd_e_mozart_mosaic_4bin.inc /home/onishi/WRF/inc
ln -s ../chem/KPP/inc/mozart_mosaic_4bin/kpp_mechd_ia_mozart_mosaic_4bin.inc /home/onishi/WRF/inc
ln -s ../chem/KPP/inc/mozart_mosaic_4bin/kpp_mechd_ib_mozart_mosaic_4bin.inc /home/onishi/WRF/inc
ln -s ../chem/KPP/inc/mozart_mosaic_4bin/kpp_mechd_ibu_mozart_mosaic_4bin.inc /home/onishi/WRF/inc
ln -s ../chem/KPP/inc/mozart_mosaic_4bin/kpp_mechd_l_mozart_mosaic_4bin.inc /home/onishi/WRF/inc
ln -s ../chem/KPP/inc/mozart_mosaic_4bin/kpp_mechd_u_mozart_mosaic_4bin.inc /home/onishi/WRF/inc
model mozart_mosaic_4bin
/home/onishi/WRF/chem/KPP/kpp/kpp-2.1/bin/kpp mozart_mosaic_4bin.kpp

This is KPP-2.1.

KPP is parsing the equation file.******
KPP was told to generate WRF conform code
KPP is computing Jacobian sparsity structure.
KPP is starting the code generation.
KPP is initializing the code generation.
 
 KPP is using the WRF conform integrator routine: 
 /home/onishi/WRF/chem/KPP/kpp/kpp-2.1/int/WRF_conform/rosenbrock 

KPP is generating the monitor data:
    - mozart_mosaic_4bin_Monitor
KPP is generating the utility data:
    - mozart_mosaic_4bin_Util
KPP is generating the global declarations:
    - mozart_mosaic_4bin_Main
KPP is generating the ODE function:
    - mozart_mosaic_4bin_Function
KPP is generating the ODE Jacobian:
    - mozart_mosaic_4bin_Jacobian
    - mozart_mosaic_4bin_JacobianSP
KPP is generating the linear algebra routines:
    - mozart_mosaic_4bin_LinearAlgebra
KPP is generating the utility functions:
    - mozart_mosaic_4bin_Util
KPP is generating the rate laws:
    - mozart_mosaic_4bin_Rates
KPP is generating UpdateRconstWRF (WRF conform): 
    - mozart_mosaic_4bin_UpdateRconst
KPP is generating the parameters:
    - mozart_mosaic_4bin_Parameters
KPP is generating the global data:
    - mozart_mosaic_4bin_Global
KPP is generating the driver from general.f90:
    - mozart_mosaic_4bin_Main
KPP is starting the code post-processing.

KPP has succesfully created the model "mozart_mosaic_4bin".

cp -f mozart_mosaic_4bin_Integrator.f90 ../../../module_kpp_mozart_mosaic_4bin_Integr.F
cp -f mozart_mosaic_4bin_Parameters.f90 ../../../module_kpp_mozart_mosaic_4bin_Parameters.F
cp -f mozart_mosaic_4bin_Precision.f90 ../../../module_kpp_mozart_mosaic_4bin_Precision.F
cp -f mozart_mosaic_4bin_JacobianSP.f90 ../../../module_kpp_mozart_mosaic_4bin_JacobianSP.F
cp -f mozart_mosaic_4bin_Jacobian.f90 ../../../module_kpp_mozart_mosaic_4bin_Jacobian.F
cp -f mozart_mosaic_4bin_Update_Rconst.f90 ../../../module_kpp_mozart_mosaic_4bin_Update_Rconst.F
touch ../../util/run_wkc
tuv_kpp: Argument = mozart_mosaic_4bin
tuv_kpp: Mechanism = mozart_mosaic_4bin
Makefile:50: warning: overriding recipe for target '.F.o'
../../../../configure.wrf:397: warning: ignoring old recipe for target '.F.o'
Makefile:58: warning: overriding recipe for target '.c.o'
../../../../configure.wrf:440: warning: ignoring old recipe for target '.c.o'
rm -f decomp_uses.inc
echo USE mozart_mosaic_4bin_Parameters > decomp_uses.inc
echo USE mozart_mosaic_4bin_JacobianSP >> decomp_uses.inc
ln -sf  ../../../module_kpp_mozart_mosaic_4bin_Precision.F
ln -sf  ../../../module_kpp_mozart_mosaic_4bin_Parameters.F
ln -sf  ../../../module_kpp_mozart_mosaic_4bin_JacobianSP.F
ln -sf  ../../../module_kpp_mozart_mosaic_4bin_Integr.F
make -i -r comp
make[1]: Entering directory '/home/onishi/WRF/chem/KPP/util/write_decomp'
Makefile:50: warning: overriding recipe for target '.F.o'
../../../../configure.wrf:397: warning: ignoring old recipe for target '.F.o'
Makefile:58: warning: overriding recipe for target '.c.o'
../../../../configure.wrf:440: warning: ignoring old recipe for target '.c.o'
rm -f module_kpp_mozart_mosaic_4bin_Precision.o
sed -f ../../../../arch/standard.sed module_kpp_mozart_mosaic_4bin_Precision.F > module_kpp_mozart_mosaic_4bin_Precision.b 
/lib/cpp -P -nostdinc -I/external/ioapi_share -I../../../../inc -DEM_CORE= -DNMM_CORE= -DNMM_MAX_DIM=2600 -DDA_CORE= -DWRFPLUS= -DIWORDSIZE=4 -DDWORDSIZE=8 -DRWORDSIZE=4 -DLWORDSIZE=4 -DNONSTANDARD_SYSTEM_FUNC  -DWRF_USE_CLM -DUSE_NETCDF4_FEATURES -DWRFIO_NCD_LARGE_FILE_SUPPORT  -DDM_PARALLEL -DNETCDF -DGRIB2 -DHDF5 -DLANDREAD_STUB=1 -DUSE_ALLOCATABLES -Dwrfmodel -DGRIB1 -DINTIO -DKEEP_INT_AROUND -DLIMIT_ARGS -DBUILD_RRTMG_FAST=0 -DBUILD_RRTMK=0 -DBUILD_SBM_FAST=1 -DSHOW_ALL_VARS_USED=0 -DCONFIG_BUF_LEN=65536 -DMAX_DOMAINS_F=21 -DMAX_HISTORY=25 -DNMM_NEST= -DWRF_CHEM -DBUILD_CHEM=1 -DWRF_KPP -I. -traditional-cpp -DUSE_NETCDF4_FEATURES -DWRFIO_NCD_LARGE_FILE_SUPPORT  module_kpp_mozart_mosaic_4bin_Precision.b  > module_kpp_mozart_mosaic_4bin_Precision.f90
rm -f module_kpp_mozart_mosaic_4bin_Precision.b
ifort -c -O3 -ip -fp-model precise -w -ftz -align all -fno-alias -FR -convert big_endian    -real-size `expr 8 \* 4` -i4  module_kpp_mozart_mosaic_4bin_Precision.f90
rm -f module_kpp_mozart_mosaic_4bin_Parameters.o
sed -f ../../../../arch/standard.sed module_kpp_mozart_mosaic_4bin_Parameters.F > module_kpp_mozart_mosaic_4bin_Parameters.b 
/lib/cpp -P -nostdinc -I/external/ioapi_share -I../../../../inc -DEM_CORE= -DNMM_CORE= -DNMM_MAX_DIM=2600 -DDA_CORE= -DWRFPLUS= -DIWORDSIZE=4 -DDWORDSIZE=8 -DRWORDSIZE=4 -DLWORDSIZE=4 -DNONSTANDARD_SYSTEM_FUNC  -DWRF_USE_CLM -DUSE_NETCDF4_FEATURES -DWRFIO_NCD_LARGE_FILE_SUPPORT  -DDM_PARALLEL -DNETCDF -DGRIB2 -DHDF5 -DLANDREAD_STUB=1 -DUSE_ALLOCATABLES -Dwrfmodel -DGRIB1 -DINTIO -DKEEP_INT_AROUND -DLIMIT_ARGS -DBUILD_RRTMG_FAST=0 -DBUILD_RRTMK=0 -DBUILD_SBM_FAST=1 -DSHOW_ALL_VARS_USED=0 -DCONFIG_BUF_LEN=65536 -DMAX_DOMAINS_F=21 -DMAX_HISTORY=25 -DNMM_NEST= -DWRF_CHEM -DBUILD_CHEM=1 -DWRF_KPP -I. -traditional-cpp -DUSE_NETCDF4_FEATURES -DWRFIO_NCD_LARGE_FILE_SUPPORT  module_kpp_mozart_mosaic_4bin_Parameters.b  > module_kpp_mozart_mosaic_4bin_Parameters.f90
rm -f module_kpp_mozart_mosaic_4bin_Parameters.b
ifort -c -O3 -ip -fp-model precise -w -ftz -align all -fno-alias -FR -convert big_endian    -real-size `expr 8 \* 4` -i4  module_kpp_mozart_mosaic_4bin_Parameters.f90
rm -f module_kpp_mozart_mosaic_4bin_JacobianSP.o
sed -f ../../../../arch/standard.sed module_kpp_mozart_mosaic_4bin_JacobianSP.F > module_kpp_mozart_mosaic_4bin_JacobianSP.b 
/lib/cpp -P -nostdinc -I/external/ioapi_share -I../../../../inc -DEM_CORE= -DNMM_CORE= -DNMM_MAX_DIM=2600 -DDA_CORE= -DWRFPLUS= -DIWORDSIZE=4 -DDWORDSIZE=8 -DRWORDSIZE=4 -DLWORDSIZE=4 -DNONSTANDARD_SYSTEM_FUNC  -DWRF_USE_CLM -DUSE_NETCDF4_FEATURES -DWRFIO_NCD_LARGE_FILE_SUPPORT  -DDM_PARALLEL -DNETCDF -DGRIB2 -DHDF5 -DLANDREAD_STUB=1 -DUSE_ALLOCATABLES -Dwrfmodel -DGRIB1 -DINTIO -DKEEP_INT_AROUND -DLIMIT_ARGS -DBUILD_RRTMG_FAST=0 -DBUILD_RRTMK=0 -DBUILD_SBM_FAST=1 -DSHOW_ALL_VARS_USED=0 -DCONFIG_BUF_LEN=65536 -DMAX_DOMAINS_F=21 -DMAX_HISTORY=25 -DNMM_NEST= -DWRF_CHEM -DBUILD_CHEM=1 -DWRF_KPP -I. -traditional-cpp -DUSE_NETCDF4_FEATURES -DWRFIO_NCD_LARGE_FILE_SUPPORT  module_kpp_mozart_mosaic_4bin_JacobianSP.b  > module_kpp_mozart_mosaic_4bin_JacobianSP.f90
rm -f module_kpp_mozart_mosaic_4bin_JacobianSP.b
ifort -c -O3 -ip -fp-model precise -w -ftz -align all -fno-alias -FR -convert big_endian    -real-size `expr 8 \* 4` -i4  module_kpp_mozart_mosaic_4bin_JacobianSP.f90
rm -f write_decomp.o
sed -f ../../../../arch/standard.sed write_decomp.F > write_decomp.b 
/lib/cpp -P -nostdinc -I/external/ioapi_share -I../../../../inc -DEM_CORE= -DNMM_CORE= -DNMM_MAX_DIM=2600 -DDA_CORE= -DWRFPLUS= -DIWORDSIZE=4 -DDWORDSIZE=8 -DRWORDSIZE=4 -DLWORDSIZE=4 -DNONSTANDARD_SYSTEM_FUNC  -DWRF_USE_CLM -DUSE_NETCDF4_FEATURES -DWRFIO_NCD_LARGE_FILE_SUPPORT  -DDM_PARALLEL -DNETCDF -DGRIB2 -DHDF5 -DLANDREAD_STUB=1 -DUSE_ALLOCATABLES -Dwrfmodel -DGRIB1 -DINTIO -DKEEP_INT_AROUND -DLIMIT_ARGS -DBUILD_RRTMG_FAST=0 -DBUILD_RRTMK=0 -DBUILD_SBM_FAST=1 -DSHOW_ALL_VARS_USED=0 -DCONFIG_BUF_LEN=65536 -DMAX_DOMAINS_F=21 -DMAX_HISTORY=25 -DNMM_NEST= -DWRF_CHEM -DBUILD_CHEM=1 -DWRF_KPP -I. -traditional-cpp -DUSE_NETCDF4_FEATURES -DWRFIO_NCD_LARGE_FILE_SUPPORT  write_decomp.b  > write_decomp.f90
rm -f write_decomp.b
ifort -c -O3 -ip -fp-model precise -w -ftz -align all -fno-alias -FR -convert big_endian    -real-size `expr 8 \* 4` -i4  write_decomp.f90
ifort -o write_decomp.exe module_kpp_mozart_mosaic_4bin_Precision.o module_kpp_mozart_mosaic_4bin_Parameters.o module_kpp_mozart_mosaic_4bin_JacobianSP.o      write_decomp.o  
echo mozart_mosaic_4bin > mech.tmp
make[1]: Leaving directory '/home/onishi/WRF/chem/KPP/util/write_decomp'
./write_decomp.exe
   -- in write_decomp
     for kpp mechanism: mozart_mosaic_4bin
 fname:<decomp_mozart_mosaic_4bin.inc>
make -i -r integr_edit
make[1]: Entering directory '/home/onishi/WRF/chem/KPP/util/write_decomp'
Makefile:50: warning: overriding recipe for target '.F.o'
../../../../configure.wrf:397: warning: ignoring old recipe for target '.F.o'
Makefile:58: warning: overriding recipe for target '.c.o'
../../../../configure.wrf:440: warning: ignoring old recipe for target '.c.o'
rm -f integr_edit.o
icc -c -w -O3 -ip -DRPC_TYPES=1  -DDM_PARALLEL -DLANDREAD_STUB=1 -DMAX_HISTORY=25 -DNMM_CORE= integr_edit.c
icc -o integr_edit.exe integr_edit.o
make[1]: Leaving directory '/home/onishi/WRF/chem/KPP/util/write_decomp'
./integr_edit.exe mozart_mosaic_4bin
   integr_edit: replacing     CALL mozart_mosaic_4bin_KppDecomp ( A, ising )
 
  END MODULE mozart_mosaic_4bin_Integrator
 make -i -r clean 
make[1]: Entering directory '/home/onishi/WRF/chem/KPP/util/write_decomp'
Makefile:50: warning: overriding recipe for target '.F.o'
../../../../configure.wrf:397: warning: ignoring old recipe for target '.F.o'
Makefile:58: warning: overriding recipe for target '.c.o'
../../../../configure.wrf:440: warning: ignoring old recipe for target '.c.o'
make[1]: Leaving directory '/home/onishi/WRF/chem/KPP/util/write_decomp'
=========================================================
mechanisms/mozart
ln -s ../../util/Makefile_kpp mechanisms/mozart/Makefile
ln -s ../chem/KPP/inc/mozart/extra_args_to_update_rconst_mozart.inc /home/onishi/WRF/inc
ln -s ../chem/KPP/inc/mozart/extra_args_update_rconst_mozart.inc /home/onishi/WRF/inc
ln -s ../chem/KPP/inc/mozart/extra_decls_update_rconst_mozart.inc /home/onishi/WRF/inc
ln -s ../chem/KPP/inc/mozart/kpp_mechd_a_mozart.inc /home/onishi/WRF/inc
ln -s ../chem/KPP/inc/mozart/kpp_mechd_b_mozart.inc /home/onishi/WRF/inc
ln -s ../chem/KPP/inc/mozart/kpp_mechd_e_mozart.inc /home/onishi/WRF/inc
ln -s ../chem/KPP/inc/mozart/kpp_mechd_ia_mozart.inc /home/onishi/WRF/inc
ln -s ../chem/KPP/inc/mozart/kpp_mechd_ib_mozart.inc /home/onishi/WRF/inc
ln -s ../chem/KPP/inc/mozart/kpp_mechd_ibu_mozart.inc /home/onishi/WRF/inc
ln -s ../chem/KPP/inc/mozart/kpp_mechd_l_mozart.inc /home/onishi/WRF/inc
ln -s ../chem/KPP/inc/mozart/kpp_mechd_u_mozart.inc /home/onishi/WRF/inc
model mozart
/home/onishi/WRF/chem/KPP/kpp/kpp-2.1/bin/kpp mozart.kpp

This is KPP-2.1.

KPP is parsing the equation file.
KPP was told to generate WRF conform code
KPP is computing Jacobian sparsity structure.
KPP is starting the code generation.
KPP is initializing the code generation.
 
 KPP is using the WRF conform integrator routine: 
 /home/onishi/WRF/chem/KPP/kpp/kpp-2.1/int/WRF_conform/rosenbrock 

KPP is generating the monitor data:
    - mozart_Monitor
KPP is generating the utility data:
    - mozart_Util
KPP is generating the global declarations:
    - mozart_Main
KPP is generating the ODE function:
    - mozart_Function
KPP is generating the ODE Jacobian:
    - mozart_Jacobian
    - mozart_JacobianSP
KPP is generating the linear algebra routines:
    - mozart_LinearAlgebra
KPP is generating the utility functions:
    - mozart_Util
KPP is generating the rate laws:
    - mozart_Rates
KPP is generating UpdateRconstWRF (WRF conform): 
    - mozart_UpdateRconst
KPP is generating the parameters:
    - mozart_Parameters
KPP is generating the global data:
    - mozart_Global
KPP is generating the driver from general.f90:
    - mozart_Main
KPP is starting the code post-processing.

KPP has succesfully created the model "mozart".

cp -f mozart_Integrator.f90 ../../../module_kpp_mozart_Integr.F
cp -f mozart_Parameters.f90 ../../../module_kpp_mozart_Parameters.F
cp -f mozart_Precision.f90 ../../../module_kpp_mozart_Precision.F
cp -f mozart_JacobianSP.f90 ../../../module_kpp_mozart_JacobianSP.F
cp -f mozart_Jacobian.f90 ../../../module_kpp_mozart_Jacobian.F
cp -f mozart_Update_Rconst.f90 ../../../module_kpp_mozart_Update_Rconst.F
touch ../../util/run_wkc
Makefile:50: warning: overriding recipe for target '.F.o'
../../../../configure.wrf:397: warning: ignoring old recipe for target '.F.o'
Makefile:58: warning: overriding recipe for target '.c.o'
../../../../configure.wrf:440: warning: ignoring old recipe for target '.c.o'
rm -f decomp_uses.inc
echo USE mozart_Parameters > decomp_uses.inc
echo USE mozart_JacobianSP >> decomp_uses.inc
ln -sf  ../../../module_kpp_mozart_Precision.F
ln -sf  ../../../module_kpp_mozart_Parameters.F
ln -sf  ../../../module_kpp_mozart_JacobianSP.F
ln -sf  ../../../module_kpp_mozart_Integr.F
make -i -r comp
make[1]: Entering directory '/home/onishi/WRF/chem/KPP/util/write_decomp'
Makefile:50: warning: overriding recipe for target '.F.o'
../../../../configure.wrf:397: warning: ignoring old recipe for target '.F.o'
Makefile:58: warning: overriding recipe for target '.c.o'
../../../../configure.wrf:440: warning: ignoring old recipe for target '.c.o'
rm -f module_kpp_mozart_Precision.o
sed -f ../../../../arch/standard.sed module_kpp_mozart_Precision.F > module_kpp_mozart_Precision.b 
/lib/cpp -P -nostdinc -I/external/ioapi_share -I../../../../inc -DEM_CORE= -DNMM_CORE= -DNMM_MAX_DIM=2600 -DDA_CORE= -DWRFPLUS= -DIWORDSIZE=4 -DDWORDSIZE=8 -DRWORDSIZE=4 -DLWORDSIZE=4 -DNONSTANDARD_SYSTEM_FUNC  -DWRF_USE_CLM -DUSE_NETCDF4_FEATURES -DWRFIO_NCD_LARGE_FILE_SUPPORT  -DDM_PARALLEL -DNETCDF -DGRIB2 -DHDF5 -DLANDREAD_STUB=1 -DUSE_ALLOCATABLES -Dwrfmodel -DGRIB1 -DINTIO -DKEEP_INT_AROUND -DLIMIT_ARGS -DBUILD_RRTMG_FAST=0 -DBUILD_RRTMK=0 -DBUILD_SBM_FAST=1 -DSHOW_ALL_VARS_USED=0 -DCONFIG_BUF_LEN=65536 -DMAX_DOMAINS_F=21 -DMAX_HISTORY=25 -DNMM_NEST= -DWRF_CHEM -DBUILD_CHEM=1 -DWRF_KPP -I. -traditional-cpp -DUSE_NETCDF4_FEATURES -DWRFIO_NCD_LARGE_FILE_SUPPORT  module_kpp_mozart_Precision.b  > module_kpp_mozart_Precision.f90
rm -f module_kpp_mozart_Precision.b
ifort -c -O3 -ip -fp-model precise -w -ftz -align all -fno-alias -FR -convert big_endian    -real-size `expr 8 \* 4` -i4  module_kpp_mozart_Precision.f90
rm -f module_kpp_mozart_Parameters.o
sed -f ../../../../arch/standard.sed module_kpp_mozart_Parameters.F > module_kpp_mozart_Parameters.b 
/lib/cpp -P -nostdinc -I/external/ioapi_share -I../../../../inc -DEM_CORE= -DNMM_CORE= -DNMM_MAX_DIM=2600 -DDA_CORE= -DWRFPLUS= -DIWORDSIZE=4 -DDWORDSIZE=8 -DRWORDSIZE=4 -DLWORDSIZE=4 -DNONSTANDARD_SYSTEM_FUNC  -DWRF_USE_CLM -DUSE_NETCDF4_FEATURES -DWRFIO_NCD_LARGE_FILE_SUPPORT  -DDM_PARALLEL -DNETCDF -DGRIB2 -DHDF5 -DLANDREAD_STUB=1 -DUSE_ALLOCATABLES -Dwrfmodel -DGRIB1 -DINTIO -DKEEP_INT_AROUND -DLIMIT_ARGS -DBUILD_RRTMG_FAST=0 -DBUILD_RRTMK=0 -DBUILD_SBM_FAST=1 -DSHOW_ALL_VARS_USED=0 -DCONFIG_BUF_LEN=65536 -DMAX_DOMAINS_F=21 -DMAX_HISTORY=25 -DNMM_NEST= -DWRF_CHEM -DBUILD_CHEM=1 -DWRF_KPP -I. -traditional-cpp -DUSE_NETCDF4_FEATURES -DWRFIO_NCD_LARGE_FILE_SUPPORT  module_kpp_mozart_Parameters.b  > module_kpp_mozart_Parameters.f90
rm -f module_kpp_mozart_Parameters.b
ifort -c -O3 -ip -fp-model precise -w -ftz -align all -fno-alias -FR -convert big_endian    -real-size `expr 8 \* 4` -i4  module_kpp_mozart_Parameters.f90
rm -f module_kpp_mozart_JacobianSP.o
sed -f ../../../../arch/standard.sed module_kpp_mozart_JacobianSP.F > module_kpp_mozart_JacobianSP.b 
/lib/cpp -P -nostdinc -I/external/ioapi_share -I../../../../inc -DEM_CORE= -DNMM_CORE= -DNMM_MAX_DIM=2600 -DDA_CORE= -DWRFPLUS= -DIWORDSIZE=4 -DDWORDSIZE=8 -DRWORDSIZE=4 -DLWORDSIZE=4 -DNONSTANDARD_SYSTEM_FUNC  -DWRF_USE_CLM -DUSE_NETCDF4_FEATURES -DWRFIO_NCD_LARGE_FILE_SUPPORT  -DDM_PARALLEL -DNETCDF -DGRIB2 -DHDF5 -DLANDREAD_STUB=1 -DUSE_ALLOCATABLES -Dwrfmodel -DGRIB1 -DINTIO -DKEEP_INT_AROUND -DLIMIT_ARGS -DBUILD_RRTMG_FAST=0 -DBUILD_RRTMK=0 -DBUILD_SBM_FAST=1 -DSHOW_ALL_VARS_USED=0 -DCONFIG_BUF_LEN=65536 -DMAX_DOMAINS_F=21 -DMAX_HISTORY=25 -DNMM_NEST= -DWRF_CHEM -DBUILD_CHEM=1 -DWRF_KPP -I. -traditional-cpp -DUSE_NETCDF4_FEATURES -DWRFIO_NCD_LARGE_FILE_SUPPORT  module_kpp_mozart_JacobianSP.b  > module_kpp_mozart_JacobianSP.f90
rm -f module_kpp_mozart_JacobianSP.b
ifort -c -O3 -ip -fp-model precise -w -ftz -align all -fno-alias -FR -convert big_endian    -real-size `expr 8 \* 4` -i4  module_kpp_mozart_JacobianSP.f90
rm -f write_decomp.o
sed -f ../../../../arch/standard.sed write_decomp.F > write_decomp.b 
/lib/cpp -P -nostdinc -I/external/ioapi_share -I../../../../inc -DEM_CORE= -DNMM_CORE= -DNMM_MAX_DIM=2600 -DDA_CORE= -DWRFPLUS= -DIWORDSIZE=4 -DDWORDSIZE=8 -DRWORDSIZE=4 -DLWORDSIZE=4 -DNONSTANDARD_SYSTEM_FUNC  -DWRF_USE_CLM -DUSE_NETCDF4_FEATURES -DWRFIO_NCD_LARGE_FILE_SUPPORT  -DDM_PARALLEL -DNETCDF -DGRIB2 -DHDF5 -DLANDREAD_STUB=1 -DUSE_ALLOCATABLES -Dwrfmodel -DGRIB1 -DINTIO -DKEEP_INT_AROUND -DLIMIT_ARGS -DBUILD_RRTMG_FAST=0 -DBUILD_RRTMK=0 -DBUILD_SBM_FAST=1 -DSHOW_ALL_VARS_USED=0 -DCONFIG_BUF_LEN=65536 -DMAX_DOMAINS_F=21 -DMAX_HISTORY=25 -DNMM_NEST= -DWRF_CHEM -DBUILD_CHEM=1 -DWRF_KPP -I. -traditional-cpp -DUSE_NETCDF4_FEATURES -DWRFIO_NCD_LARGE_FILE_SUPPORT  write_decomp.b  > write_decomp.f90
rm -f write_decomp.b
ifort -c -O3 -ip -fp-model precise -w -ftz -align all -fno-alias -FR -convert big_endian    -real-size `expr 8 \* 4` -i4  write_decomp.f90
ifort -o write_decomp.exe module_kpp_mozart_Precision.o module_kpp_mozart_Parameters.o module_kpp_mozart_JacobianSP.o      write_decomp.o  
echo mozart > mech.tmp
make[1]: Leaving directory '/home/onishi/WRF/chem/KPP/util/write_decomp'
./write_decomp.exe
   -- in write_decomp
     for kpp mechanism: mozart
 fname:<decomp_mozart.inc>
make -i -r integr_edit
make[1]: Entering directory '/home/onishi/WRF/chem/KPP/util/write_decomp'
Makefile:50: warning: overriding recipe for target '.F.o'
../../../../configure.wrf:397: warning: ignoring old recipe for target '.F.o'
Makefile:58: warning: overriding recipe for target '.c.o'
../../../../configure.wrf:440: warning: ignoring old recipe for target '.c.o'
rm -f integr_edit.o
icc -c -w -O3 -ip -DRPC_TYPES=1  -DDM_PARALLEL -DLANDREAD_STUB=1 -DMAX_HISTORY=25 -DNMM_CORE= integr_edit.c
icc -o integr_edit.exe integr_edit.o
make[1]: Leaving directory '/home/onishi/WRF/chem/KPP/util/write_decomp'
./integr_edit.exe mozart
   integr_edit: replacing     CALL mozart_KppDecomp ( A, ising )
 
  END MODULE mozart_Integrator
 make -i -r clean 
make[1]: Entering directory '/home/onishi/WRF/chem/KPP/util/write_decomp'
Makefile:50: warning: overriding recipe for target '.F.o'
../../../../configure.wrf:397: warning: ignoring old recipe for target '.F.o'
Makefile:58: warning: overriding recipe for target '.c.o'
../../../../configure.wrf:440: warning: ignoring old recipe for target '.c.o'
make[1]: Leaving directory '/home/onishi/WRF/chem/KPP/util/write_decomp'
=========================================================
mechanisms/mozcart
ln -s ../../util/Makefile_kpp mechanisms/mozcart/Makefile
ln -s ../chem/KPP/inc/mozcart/extra_args_to_update_rconst_mozcart.inc /home/onishi/WRF/inc
ln -s ../chem/KPP/inc/mozcart/extra_args_update_rconst_mozcart.inc /home/onishi/WRF/inc
ln -s ../chem/KPP/inc/mozcart/extra_decls_update_rconst_mozcart.inc /home/onishi/WRF/inc
ln -s ../chem/KPP/inc/mozcart/kpp_mechd_a_mozcart.inc /home/onishi/WRF/inc
ln -s ../chem/KPP/inc/mozcart/kpp_mechd_b_mozcart.inc /home/onishi/WRF/inc
ln -s ../chem/KPP/inc/mozcart/kpp_mechd_e_mozcart.inc /home/onishi/WRF/inc
ln -s ../chem/KPP/inc/mozcart/kpp_mechd_ia_mozcart.inc /home/onishi/WRF/inc
ln -s ../chem/KPP/inc/mozcart/kpp_mechd_ib_mozcart.inc /home/onishi/WRF/inc
ln -s ../chem/KPP/inc/mozcart/kpp_mechd_ibu_mozcart.inc /home/onishi/WRF/inc
ln -s ../chem/KPP/inc/mozcart/kpp_mechd_l_mozcart.inc /home/onishi/WRF/inc
ln -s ../chem/KPP/inc/mozcart/kpp_mechd_u_mozcart.inc /home/onishi/WRF/inc
model mozcart
/home/onishi/WRF/chem/KPP/kpp/kpp-2.1/bin/kpp mozcart.kpp

This is KPP-2.1.

KPP is parsing the equation file.
KPP was told to generate WRF conform code
KPP is computing Jacobian sparsity structure.
KPP is starting the code generation.
KPP is initializing the code generation.
 
 KPP is using the WRF conform integrator routine: 
 /home/onishi/WRF/chem/KPP/kpp/kpp-2.1/int/WRF_conform/rosenbrock 

KPP is generating the monitor data:
    - mozcart_Monitor
KPP is generating the utility data:
    - mozcart_Util
KPP is generating the global declarations:
    - mozcart_Main
KPP is generating the ODE function:
    - mozcart_Function
KPP is generating the ODE Jacobian:
    - mozcart_Jacobian
    - mozcart_JacobianSP
KPP is generating the linear algebra routines:
    - mozcart_LinearAlgebra
KPP is generating the utility functions:
    - mozcart_Util
KPP is generating the rate laws:
    - mozcart_Rates
KPP is generating UpdateRconstWRF (WRF conform): 
    - mozcart_UpdateRconst
KPP is generating the parameters:
    - mozcart_Parameters
KPP is generating the global data:
    - mozcart_Global
KPP is generating the driver from general.f90:
    - mozcart_Main
KPP is starting the code post-processing.

KPP has succesfully created the model "mozcart".

cp -f mozcart_Integrator.f90 ../../../module_kpp_mozcart_Integr.F
cp -f mozcart_Parameters.f90 ../../../module_kpp_mozcart_Parameters.F
cp -f mozcart_Precision.f90 ../../../module_kpp_mozcart_Precision.F
cp -f mozcart_JacobianSP.f90 ../../../module_kpp_mozcart_JacobianSP.F
cp -f mozcart_Jacobian.f90 ../../../module_kpp_mozcart_Jacobian.F
cp -f mozcart_Update_Rconst.f90 ../../../module_kpp_mozcart_Update_Rconst.F
touch ../../util/run_wkc
tuv_kpp: Argument = mozcart
tuv_kpp: Mechanism = mozcart
Makefile:50: warning: overriding recipe for target '.F.o'
../../../../configure.wrf:397: warning: ignoring old recipe for target '.F.o'
Makefile:58: warning: overriding recipe for target '.c.o'
../../../../configure.wrf:440: warning: ignoring old recipe for target '.c.o'
rm -f decomp_uses.inc
echo USE mozcart_Parameters > decomp_uses.inc
echo USE mozcart_JacobianSP >> decomp_uses.inc
ln -sf  ../../../module_kpp_mozcart_Precision.F
ln -sf  ../../../module_kpp_mozcart_Parameters.F
ln -sf  ../../../module_kpp_mozcart_JacobianSP.F
ln -sf  ../../../module_kpp_mozcart_Integr.F
make -i -r comp
make[1]: Entering directory '/home/onishi/WRF/chem/KPP/util/write_decomp'
Makefile:50: warning: overriding recipe for target '.F.o'
../../../../configure.wrf:397: warning: ignoring old recipe for target '.F.o'
Makefile:58: warning: overriding recipe for target '.c.o'
../../../../configure.wrf:440: warning: ignoring old recipe for target '.c.o'
rm -f module_kpp_mozcart_Precision.o
sed -f ../../../../arch/standard.sed module_kpp_mozcart_Precision.F > module_kpp_mozcart_Precision.b 
/lib/cpp -P -nostdinc -I/external/ioapi_share -I../../../../inc -DEM_CORE= -DNMM_CORE= -DNMM_MAX_DIM=2600 -DDA_CORE= -DWRFPLUS= -DIWORDSIZE=4 -DDWORDSIZE=8 -DRWORDSIZE=4 -DLWORDSIZE=4 -DNONSTANDARD_SYSTEM_FUNC  -DWRF_USE_CLM -DUSE_NETCDF4_FEATURES -DWRFIO_NCD_LARGE_FILE_SUPPORT  -DDM_PARALLEL -DNETCDF -DGRIB2 -DHDF5 -DLANDREAD_STUB=1 -DUSE_ALLOCATABLES -Dwrfmodel -DGRIB1 -DINTIO -DKEEP_INT_AROUND -DLIMIT_ARGS -DBUILD_RRTMG_FAST=0 -DBUILD_RRTMK=0 -DBUILD_SBM_FAST=1 -DSHOW_ALL_VARS_USED=0 -DCONFIG_BUF_LEN=65536 -DMAX_DOMAINS_F=21 -DMAX_HISTORY=25 -DNMM_NEST= -DWRF_CHEM -DBUILD_CHEM=1 -DWRF_KPP -I. -traditional-cpp -DUSE_NETCDF4_FEATURES -DWRFIO_NCD_LARGE_FILE_SUPPORT  module_kpp_mozcart_Precision.b  > module_kpp_mozcart_Precision.f90
rm -f module_kpp_mozcart_Precision.b
ifort -c -O3 -ip -fp-model precise -w -ftz -align all -fno-alias -FR -convert big_endian    -real-size `expr 8 \* 4` -i4  module_kpp_mozcart_Precision.f90
rm -f module_kpp_mozcart_Parameters.o
sed -f ../../../../arch/standard.sed module_kpp_mozcart_Parameters.F > module_kpp_mozcart_Parameters.b 
/lib/cpp -P -nostdinc -I/external/ioapi_share -I../../../../inc -DEM_CORE= -DNMM_CORE= -DNMM_MAX_DIM=2600 -DDA_CORE= -DWRFPLUS= -DIWORDSIZE=4 -DDWORDSIZE=8 -DRWORDSIZE=4 -DLWORDSIZE=4 -DNONSTANDARD_SYSTEM_FUNC  -DWRF_USE_CLM -DUSE_NETCDF4_FEATURES -DWRFIO_NCD_LARGE_FILE_SUPPORT  -DDM_PARALLEL -DNETCDF -DGRIB2 -DHDF5 -DLANDREAD_STUB=1 -DUSE_ALLOCATABLES -Dwrfmodel -DGRIB1 -DINTIO -DKEEP_INT_AROUND -DLIMIT_ARGS -DBUILD_RRTMG_FAST=0 -DBUILD_RRTMK=0 -DBUILD_SBM_FAST=1 -DSHOW_ALL_VARS_USED=0 -DCONFIG_BUF_LEN=65536 -DMAX_DOMAINS_F=21 -DMAX_HISTORY=25 -DNMM_NEST= -DWRF_CHEM -DBUILD_CHEM=1 -DWRF_KPP -I. -traditional-cpp -DUSE_NETCDF4_FEATURES -DWRFIO_NCD_LARGE_FILE_SUPPORT  module_kpp_mozcart_Parameters.b  > module_kpp_mozcart_Parameters.f90
rm -f module_kpp_mozcart_Parameters.b
ifort -c -O3 -ip -fp-model precise -w -ftz -align all -fno-alias -FR -convert big_endian    -real-size `expr 8 \* 4` -i4  module_kpp_mozcart_Parameters.f90
rm -f module_kpp_mozcart_JacobianSP.o
sed -f ../../../../arch/standard.sed module_kpp_mozcart_JacobianSP.F > module_kpp_mozcart_JacobianSP.b 
/lib/cpp -P -nostdinc -I/external/ioapi_share -I../../../../inc -DEM_CORE= -DNMM_CORE= -DNMM_MAX_DIM=2600 -DDA_CORE= -DWRFPLUS= -DIWORDSIZE=4 -DDWORDSIZE=8 -DRWORDSIZE=4 -DLWORDSIZE=4 -DNONSTANDARD_SYSTEM_FUNC  -DWRF_USE_CLM -DUSE_NETCDF4_FEATURES -DWRFIO_NCD_LARGE_FILE_SUPPORT  -DDM_PARALLEL -DNETCDF -DGRIB2 -DHDF5 -DLANDREAD_STUB=1 -DUSE_ALLOCATABLES -Dwrfmodel -DGRIB1 -DINTIO -DKEEP_INT_AROUND -DLIMIT_ARGS -DBUILD_RRTMG_FAST=0 -DBUILD_RRTMK=0 -DBUILD_SBM_FAST=1 -DSHOW_ALL_VARS_USED=0 -DCONFIG_BUF_LEN=65536 -DMAX_DOMAINS_F=21 -DMAX_HISTORY=25 -DNMM_NEST= -DWRF_CHEM -DBUILD_CHEM=1 -DWRF_KPP -I. -traditional-cpp -DUSE_NETCDF4_FEATURES -DWRFIO_NCD_LARGE_FILE_SUPPORT  module_kpp_mozcart_JacobianSP.b  > module_kpp_mozcart_JacobianSP.f90
rm -f module_kpp_mozcart_JacobianSP.b
ifort -c -O3 -ip -fp-model precise -w -ftz -align all -fno-alias -FR -convert big_endian    -real-size `expr 8 \* 4` -i4  module_kpp_mozcart_JacobianSP.f90
rm -f write_decomp.o
sed -f ../../../../arch/standard.sed write_decomp.F > write_decomp.b 
/lib/cpp -P -nostdinc -I/external/ioapi_share -I../../../../inc -DEM_CORE= -DNMM_CORE= -DNMM_MAX_DIM=2600 -DDA_CORE= -DWRFPLUS= -DIWORDSIZE=4 -DDWORDSIZE=8 -DRWORDSIZE=4 -DLWORDSIZE=4 -DNONSTANDARD_SYSTEM_FUNC  -DWRF_USE_CLM -DUSE_NETCDF4_FEATURES -DWRFIO_NCD_LARGE_FILE_SUPPORT  -DDM_PARALLEL -DNETCDF -DGRIB2 -DHDF5 -DLANDREAD_STUB=1 -DUSE_ALLOCATABLES -Dwrfmodel -DGRIB1 -DINTIO -DKEEP_INT_AROUND -DLIMIT_ARGS -DBUILD_RRTMG_FAST=0 -DBUILD_RRTMK=0 -DBUILD_SBM_FAST=1 -DSHOW_ALL_VARS_USED=0 -DCONFIG_BUF_LEN=65536 -DMAX_DOMAINS_F=21 -DMAX_HISTORY=25 -DNMM_NEST= -DWRF_CHEM -DBUILD_CHEM=1 -DWRF_KPP -I. -traditional-cpp -DUSE_NETCDF4_FEATURES -DWRFIO_NCD_LARGE_FILE_SUPPORT  write_decomp.b  > write_decomp.f90
rm -f write_decomp.b
ifort -c -O3 -ip -fp-model precise -w -ftz -align all -fno-alias -FR -convert big_endian    -real-size `expr 8 \* 4` -i4  write_decomp.f90
ifort -o write_decomp.exe module_kpp_mozcart_Precision.o module_kpp_mozcart_Parameters.o module_kpp_mozcart_JacobianSP.o      write_decomp.o  
echo mozcart > mech.tmp
make[1]: Leaving directory '/home/onishi/WRF/chem/KPP/util/write_decomp'
./write_decomp.exe
   -- in write_decomp
     for kpp mechanism: mozcart
 fname:<decomp_mozcart.inc>
make -i -r integr_edit
make[1]: Entering directory '/home/onishi/WRF/chem/KPP/util/write_decomp'
Makefile:50: warning: overriding recipe for target '.F.o'
../../../../configure.wrf:397: warning: ignoring old recipe for target '.F.o'
Makefile:58: warning: overriding recipe for target '.c.o'
../../../../configure.wrf:440: warning: ignoring old recipe for target '.c.o'
rm -f integr_edit.o
icc -c -w -O3 -ip -DRPC_TYPES=1  -DDM_PARALLEL -DLANDREAD_STUB=1 -DMAX_HISTORY=25 -DNMM_CORE= integr_edit.c
icc -o integr_edit.exe integr_edit.o
make[1]: Leaving directory '/home/onishi/WRF/chem/KPP/util/write_decomp'
./integr_edit.exe mozcart
   integr_edit: replacing     CALL mozcart_KppDecomp ( A, ising )
 
  END MODULE mozcart_Integrator
 make -i -r clean 
make[1]: Entering directory '/home/onishi/WRF/chem/KPP/util/write_decomp'
Makefile:50: warning: overriding recipe for target '.F.o'
../../../../configure.wrf:397: warning: ignoring old recipe for target '.F.o'
Makefile:58: warning: overriding recipe for target '.c.o'
../../../../configure.wrf:440: warning: ignoring old recipe for target '.c.o'
make[1]: Leaving directory '/home/onishi/WRF/chem/KPP/util/write_decomp'
=========================================================
mechanisms/nmhc9
ln -s ../../util/Makefile_kpp mechanisms/nmhc9/Makefile
ln -s ../chem/KPP/inc/nmhc9/extra_args_to_update_rconst_nmhc9.inc /home/onishi/WRF/inc
ln -s ../chem/KPP/inc/nmhc9/extra_args_update_rconst_nmhc9.inc /home/onishi/WRF/inc
ln -s ../chem/KPP/inc/nmhc9/extra_decls_update_rconst_nmhc9.inc /home/onishi/WRF/inc
ln -s ../chem/KPP/inc/nmhc9/kpp_mechd_a_nmhc9.inc /home/onishi/WRF/inc
ln -s ../chem/KPP/inc/nmhc9/kpp_mechd_b_nmhc9.inc /home/onishi/WRF/inc
ln -s ../chem/KPP/inc/nmhc9/kpp_mechd_e_nmhc9.inc /home/onishi/WRF/inc
ln -s ../chem/KPP/inc/nmhc9/kpp_mechd_ia_nmhc9.inc /home/onishi/WRF/inc
ln -s ../chem/KPP/inc/nmhc9/kpp_mechd_ib_nmhc9.inc /home/onishi/WRF/inc
ln -s ../chem/KPP/inc/nmhc9/kpp_mechd_ibu_nmhc9.inc /home/onishi/WRF/inc
ln -s ../chem/KPP/inc/nmhc9/kpp_mechd_l_nmhc9.inc /home/onishi/WRF/inc
ln -s ../chem/KPP/inc/nmhc9/kpp_mechd_u_nmhc9.inc /home/onishi/WRF/inc
model nmhc9
/home/onishi/WRF/chem/KPP/kpp/kpp-2.1/bin/kpp nmhc9.kpp

This is KPP-2.1.

KPP is parsing the equation file.
KPP was told to generate WRF conform code
KPP is computing Jacobian sparsity structure.
KPP is starting the code generation.
KPP is initializing the code generation.
 
 KPP is using the WRF conform integrator routine: 
 /home/onishi/WRF/chem/KPP/kpp/kpp-2.1/int/WRF_conform/rosenbrock 

KPP is generating the monitor data:
    - nmhc9_Monitor
KPP is generating the utility data:
    - nmhc9_Util
KPP is generating the global declarations:
    - nmhc9_Main
KPP is generating the ODE function:
    - nmhc9_Function
KPP is generating the ODE Jacobian:
    - nmhc9_Jacobian
    - nmhc9_JacobianSP
KPP is generating the linear algebra routines:
    - nmhc9_LinearAlgebra
KPP is generating the utility functions:
    - nmhc9_Util
KPP is generating the rate laws:
    - nmhc9_Rates
KPP is generating UpdateRconstWRF (WRF conform): 
    - nmhc9_UpdateRconst
KPP is generating the parameters:
    - nmhc9_Parameters
KPP is generating the global data:
    - nmhc9_Global
KPP is generating the driver from general.f90:
    - nmhc9_Main
KPP is starting the code post-processing.

KPP has succesfully created the model "nmhc9".

cp -f nmhc9_Integrator.f90 ../../../module_kpp_nmhc9_Integr.F
cp -f nmhc9_Parameters.f90 ../../../module_kpp_nmhc9_Parameters.F
cp -f nmhc9_Precision.f90 ../../../module_kpp_nmhc9_Precision.F
cp -f nmhc9_JacobianSP.f90 ../../../module_kpp_nmhc9_JacobianSP.F
cp -f nmhc9_Jacobian.f90 ../../../module_kpp_nmhc9_Jacobian.F
cp -f nmhc9_Update_Rconst.f90 ../../../module_kpp_nmhc9_Update_Rconst.F
touch ../../util/run_wkc
Makefile:50: warning: overriding recipe for target '.F.o'
../../../../configure.wrf:397: warning: ignoring old recipe for target '.F.o'
Makefile:58: warning: overriding recipe for target '.c.o'
../../../../configure.wrf:440: warning: ignoring old recipe for target '.c.o'
rm -f decomp_uses.inc
echo USE nmhc9_Parameters > decomp_uses.inc
echo USE nmhc9_JacobianSP >> decomp_uses.inc
ln -sf  ../../../module_kpp_nmhc9_Precision.F
ln -sf  ../../../module_kpp_nmhc9_Parameters.F
ln -sf  ../../../module_kpp_nmhc9_JacobianSP.F
ln -sf  ../../../module_kpp_nmhc9_Integr.F
make -i -r comp
make[1]: Entering directory '/home/onishi/WRF/chem/KPP/util/write_decomp'
Makefile:50: warning: overriding recipe for target '.F.o'
../../../../configure.wrf:397: warning: ignoring old recipe for target '.F.o'
Makefile:58: warning: overriding recipe for target '.c.o'
../../../../configure.wrf:440: warning: ignoring old recipe for target '.c.o'
rm -f module_kpp_nmhc9_Precision.o
sed -f ../../../../arch/standard.sed module_kpp_nmhc9_Precision.F > module_kpp_nmhc9_Precision.b 
/lib/cpp -P -nostdinc -I/external/ioapi_share -I../../../../inc -DEM_CORE= -DNMM_CORE= -DNMM_MAX_DIM=2600 -DDA_CORE= -DWRFPLUS= -DIWORDSIZE=4 -DDWORDSIZE=8 -DRWORDSIZE=4 -DLWORDSIZE=4 -DNONSTANDARD_SYSTEM_FUNC  -DWRF_USE_CLM -DUSE_NETCDF4_FEATURES -DWRFIO_NCD_LARGE_FILE_SUPPORT  -DDM_PARALLEL -DNETCDF -DGRIB2 -DHDF5 -DLANDREAD_STUB=1 -DUSE_ALLOCATABLES -Dwrfmodel -DGRIB1 -DINTIO -DKEEP_INT_AROUND -DLIMIT_ARGS -DBUILD_RRTMG_FAST=0 -DBUILD_RRTMK=0 -DBUILD_SBM_FAST=1 -DSHOW_ALL_VARS_USED=0 -DCONFIG_BUF_LEN=65536 -DMAX_DOMAINS_F=21 -DMAX_HISTORY=25 -DNMM_NEST= -DWRF_CHEM -DBUILD_CHEM=1 -DWRF_KPP -I. -traditional-cpp -DUSE_NETCDF4_FEATURES -DWRFIO_NCD_LARGE_FILE_SUPPORT  module_kpp_nmhc9_Precision.b  > module_kpp_nmhc9_Precision.f90
rm -f module_kpp_nmhc9_Precision.b
ifort -c -O3 -ip -fp-model precise -w -ftz -align all -fno-alias -FR -convert big_endian    -real-size `expr 8 \* 4` -i4  module_kpp_nmhc9_Precision.f90
rm -f module_kpp_nmhc9_Parameters.o
sed -f ../../../../arch/standard.sed module_kpp_nmhc9_Parameters.F > module_kpp_nmhc9_Parameters.b 
/lib/cpp -P -nostdinc -I/external/ioapi_share -I../../../../inc -DEM_CORE= -DNMM_CORE= -DNMM_MAX_DIM=2600 -DDA_CORE= -DWRFPLUS= -DIWORDSIZE=4 -DDWORDSIZE=8 -DRWORDSIZE=4 -DLWORDSIZE=4 -DNONSTANDARD_SYSTEM_FUNC  -DWRF_USE_CLM -DUSE_NETCDF4_FEATURES -DWRFIO_NCD_LARGE_FILE_SUPPORT  -DDM_PARALLEL -DNETCDF -DGRIB2 -DHDF5 -DLANDREAD_STUB=1 -DUSE_ALLOCATABLES -Dwrfmodel -DGRIB1 -DINTIO -DKEEP_INT_AROUND -DLIMIT_ARGS -DBUILD_RRTMG_FAST=0 -DBUILD_RRTMK=0 -DBUILD_SBM_FAST=1 -DSHOW_ALL_VARS_USED=0 -DCONFIG_BUF_LEN=65536 -DMAX_DOMAINS_F=21 -DMAX_HISTORY=25 -DNMM_NEST= -DWRF_CHEM -DBUILD_CHEM=1 -DWRF_KPP -I. -traditional-cpp -DUSE_NETCDF4_FEATURES -DWRFIO_NCD_LARGE_FILE_SUPPORT  module_kpp_nmhc9_Parameters.b  > module_kpp_nmhc9_Parameters.f90
rm -f module_kpp_nmhc9_Parameters.b
ifort -c -O3 -ip -fp-model precise -w -ftz -align all -fno-alias -FR -convert big_endian    -real-size `expr 8 \* 4` -i4  module_kpp_nmhc9_Parameters.f90
rm -f module_kpp_nmhc9_JacobianSP.o
sed -f ../../../../arch/standard.sed module_kpp_nmhc9_JacobianSP.F > module_kpp_nmhc9_JacobianSP.b 
/lib/cpp -P -nostdinc -I/external/ioapi_share -I../../../../inc -DEM_CORE= -DNMM_CORE= -DNMM_MAX_DIM=2600 -DDA_CORE= -DWRFPLUS= -DIWORDSIZE=4 -DDWORDSIZE=8 -DRWORDSIZE=4 -DLWORDSIZE=4 -DNONSTANDARD_SYSTEM_FUNC  -DWRF_USE_CLM -DUSE_NETCDF4_FEATURES -DWRFIO_NCD_LARGE_FILE_SUPPORT  -DDM_PARALLEL -DNETCDF -DGRIB2 -DHDF5 -DLANDREAD_STUB=1 -DUSE_ALLOCATABLES -Dwrfmodel -DGRIB1 -DINTIO -DKEEP_INT_AROUND -DLIMIT_ARGS -DBUILD_RRTMG_FAST=0 -DBUILD_RRTMK=0 -DBUILD_SBM_FAST=1 -DSHOW_ALL_VARS_USED=0 -DCONFIG_BUF_LEN=65536 -DMAX_DOMAINS_F=21 -DMAX_HISTORY=25 -DNMM_NEST= -DWRF_CHEM -DBUILD_CHEM=1 -DWRF_KPP -I. -traditional-cpp -DUSE_NETCDF4_FEATURES -DWRFIO_NCD_LARGE_FILE_SUPPORT  module_kpp_nmhc9_JacobianSP.b  > module_kpp_nmhc9_JacobianSP.f90
rm -f module_kpp_nmhc9_JacobianSP.b
ifort -c -O3 -ip -fp-model precise -w -ftz -align all -fno-alias -FR -convert big_endian    -real-size `expr 8 \* 4` -i4  module_kpp_nmhc9_JacobianSP.f90
rm -f write_decomp.o
sed -f ../../../../arch/standard.sed write_decomp.F > write_decomp.b 
/lib/cpp -P -nostdinc -I/external/ioapi_share -I../../../../inc -DEM_CORE= -DNMM_CORE= -DNMM_MAX_DIM=2600 -DDA_CORE= -DWRFPLUS= -DIWORDSIZE=4 -DDWORDSIZE=8 -DRWORDSIZE=4 -DLWORDSIZE=4 -DNONSTANDARD_SYSTEM_FUNC  -DWRF_USE_CLM -DUSE_NETCDF4_FEATURES -DWRFIO_NCD_LARGE_FILE_SUPPORT  -DDM_PARALLEL -DNETCDF -DGRIB2 -DHDF5 -DLANDREAD_STUB=1 -DUSE_ALLOCATABLES -Dwrfmodel -DGRIB1 -DINTIO -DKEEP_INT_AROUND -DLIMIT_ARGS -DBUILD_RRTMG_FAST=0 -DBUILD_RRTMK=0 -DBUILD_SBM_FAST=1 -DSHOW_ALL_VARS_USED=0 -DCONFIG_BUF_LEN=65536 -DMAX_DOMAINS_F=21 -DMAX_HISTORY=25 -DNMM_NEST= -DWRF_CHEM -DBUILD_CHEM=1 -DWRF_KPP -I. -traditional-cpp -DUSE_NETCDF4_FEATURES -DWRFIO_NCD_LARGE_FILE_SUPPORT  write_decomp.b  > write_decomp.f90
rm -f write_decomp.b
ifort -c -O3 -ip -fp-model precise -w -ftz -align all -fno-alias -FR -convert big_endian    -real-size `expr 8 \* 4` -i4  write_decomp.f90
ifort -o write_decomp.exe module_kpp_nmhc9_Precision.o module_kpp_nmhc9_Parameters.o module_kpp_nmhc9_JacobianSP.o      write_decomp.o  
echo nmhc9 > mech.tmp
make[1]: Leaving directory '/home/onishi/WRF/chem/KPP/util/write_decomp'
./write_decomp.exe
   -- in write_decomp
     for kpp mechanism: nmhc9
 fname:<decomp_nmhc9.inc>
make -i -r integr_edit
make[1]: Entering directory '/home/onishi/WRF/chem/KPP/util/write_decomp'
Makefile:50: warning: overriding recipe for target '.F.o'
../../../../configure.wrf:397: warning: ignoring old recipe for target '.F.o'
Makefile:58: warning: overriding recipe for target '.c.o'
../../../../configure.wrf:440: warning: ignoring old recipe for target '.c.o'
rm -f integr_edit.o
icc -c -w -O3 -ip -DRPC_TYPES=1  -DDM_PARALLEL -DLANDREAD_STUB=1 -DMAX_HISTORY=25 -DNMM_CORE= integr_edit.c
icc -o integr_edit.exe integr_edit.o
make[1]: Leaving directory '/home/onishi/WRF/chem/KPP/util/write_decomp'
./integr_edit.exe nmhc9
   integr_edit: replacing     CALL nmhc9_KppDecomp ( A, ising )
 
  END MODULE nmhc9_Integrator
 make -i -r clean 
make[1]: Entering directory '/home/onishi/WRF/chem/KPP/util/write_decomp'
Makefile:50: warning: overriding recipe for target '.F.o'
../../../../configure.wrf:397: warning: ignoring old recipe for target '.F.o'
Makefile:58: warning: overriding recipe for target '.c.o'
../../../../configure.wrf:440: warning: ignoring old recipe for target '.c.o'
make[1]: Leaving directory '/home/onishi/WRF/chem/KPP/util/write_decomp'
=========================================================
mechanisms/racm_esrlsorg_aqchem
ln -s ../../util/Makefile_kpp mechanisms/racm_esrlsorg_aqchem/Makefile
ln -s ../chem/KPP/inc/racm_esrlsorg_aqchem/extra_args_to_update_rconst_racm_esrlsorg_aqchem.inc /home/onishi/WRF/inc
ln -s ../chem/KPP/inc/racm_esrlsorg_aqchem/extra_args_update_rconst_racm_esrlsorg_aqchem.inc /home/onishi/WRF/inc
ln -s ../chem/KPP/inc/racm_esrlsorg_aqchem/extra_decls_update_rconst_racm_esrlsorg_aqchem.inc /home/onishi/WRF/inc
ln -s ../chem/KPP/inc/racm_esrlsorg_aqchem/kpp_mechd_a_racm_esrlsorg_aqchem.inc /home/onishi/WRF/inc
ln -s ../chem/KPP/inc/racm_esrlsorg_aqchem/kpp_mechd_b_racm_esrlsorg_aqchem.inc /home/onishi/WRF/inc
ln -s ../chem/KPP/inc/racm_esrlsorg_aqchem/kpp_mechd_e_racm_esrlsorg_aqchem.inc /home/onishi/WRF/inc
ln -s ../chem/KPP/inc/racm_esrlsorg_aqchem/kpp_mechd_ia_racm_esrlsorg_aqchem.inc /home/onishi/WRF/inc
ln -s ../chem/KPP/inc/racm_esrlsorg_aqchem/kpp_mechd_ib_racm_esrlsorg_aqchem.inc /home/onishi/WRF/inc
ln -s ../chem/KPP/inc/racm_esrlsorg_aqchem/kpp_mechd_ibu_racm_esrlsorg_aqchem.inc /home/onishi/WRF/inc
ln -s ../chem/KPP/inc/racm_esrlsorg_aqchem/kpp_mechd_l_racm_esrlsorg_aqchem.inc /home/onishi/WRF/inc
ln -s ../chem/KPP/inc/racm_esrlsorg_aqchem/kpp_mechd_u_racm_esrlsorg_aqchem.inc /home/onishi/WRF/inc
model racm_esrlsorg_aqchem
/home/onishi/WRF/chem/KPP/kpp/kpp-2.1/bin/kpp racm_esrlsorg_aqchem.kpp

This is KPP-2.1.

KPP is parsing the equation file.
KPP was told to generate WRF conform code
KPP is computing Jacobian sparsity structure.
KPP is starting the code generation.
KPP is initializing the code generation.
 
 KPP is using the WRF conform integrator routine: 
 /home/onishi/WRF/chem/KPP/kpp/kpp-2.1/int/WRF_conform/rosenbrock 

KPP is generating the monitor data:
    - racm_esrlsorg_aqchem_Monitor
KPP is generating the utility data:
    - racm_esrlsorg_aqchem_Util
KPP is generating the global declarations:
    - racm_esrlsorg_aqchem_Main
KPP is generating the ODE function:
    - racm_esrlsorg_aqchem_Function
KPP is generating the ODE Jacobian:
    - racm_esrlsorg_aqchem_Jacobian
    - racm_esrlsorg_aqchem_JacobianSP
KPP is generating the linear algebra routines:
    - racm_esrlsorg_aqchem_LinearAlgebra
KPP is generating the utility functions:
    - racm_esrlsorg_aqchem_Util
KPP is generating the rate laws:
    - racm_esrlsorg_aqchem_Rates
KPP is generating UpdateRconstWRF (WRF conform): 
    - racm_esrlsorg_aqchem_UpdateRconst
KPP is generating the parameters:
    - racm_esrlsorg_aqchem_Parameters
KPP is generating the global data:
    - racm_esrlsorg_aqchem_Global
KPP is generating the driver from general.f90:
    - racm_esrlsorg_aqchem_Main
KPP is starting the code post-processing.

KPP has succesfully created the model "racm_esrlsorg_aqchem".

cp -f racm_esrlsorg_aqchem_Integrator.f90 ../../../module_kpp_racm_esrlsorg_aqchem_Integr.F
cp -f racm_esrlsorg_aqchem_Parameters.f90 ../../../module_kpp_racm_esrlsorg_aqchem_Parameters.F
cp -f racm_esrlsorg_aqchem_Precision.f90 ../../../module_kpp_racm_esrlsorg_aqchem_Precision.F
cp -f racm_esrlsorg_aqchem_JacobianSP.f90 ../../../module_kpp_racm_esrlsorg_aqchem_JacobianSP.F
cp -f racm_esrlsorg_aqchem_Jacobian.f90 ../../../module_kpp_racm_esrlsorg_aqchem_Jacobian.F
cp -f racm_esrlsorg_aqchem_Update_Rconst.f90 ../../../module_kpp_racm_esrlsorg_aqchem_Update_Rconst.F
touch ../../util/run_wkc
Makefile:50: warning: overriding recipe for target '.F.o'
../../../../configure.wrf:397: warning: ignoring old recipe for target '.F.o'
Makefile:58: warning: overriding recipe for target '.c.o'
../../../../configure.wrf:440: warning: ignoring old recipe for target '.c.o'
rm -f decomp_uses.inc
echo USE racm_esrlsorg_aqchem_Parameters > decomp_uses.inc
echo USE racm_esrlsorg_aqchem_JacobianSP >> decomp_uses.inc
ln -sf  ../../../module_kpp_racm_esrlsorg_aqchem_Precision.F
ln -sf  ../../../module_kpp_racm_esrlsorg_aqchem_Parameters.F
ln -sf  ../../../module_kpp_racm_esrlsorg_aqchem_JacobianSP.F
ln -sf  ../../../module_kpp_racm_esrlsorg_aqchem_Integr.F
make -i -r comp
make[1]: Entering directory '/home/onishi/WRF/chem/KPP/util/write_decomp'
Makefile:50: warning: overriding recipe for target '.F.o'
../../../../configure.wrf:397: warning: ignoring old recipe for target '.F.o'
Makefile:58: warning: overriding recipe for target '.c.o'
../../../../configure.wrf:440: warning: ignoring old recipe for target '.c.o'
rm -f module_kpp_racm_esrlsorg_aqchem_Precision.o
sed -f ../../../../arch/standard.sed module_kpp_racm_esrlsorg_aqchem_Precision.F > module_kpp_racm_esrlsorg_aqchem_Precision.b 
/lib/cpp -P -nostdinc -I/external/ioapi_share -I../../../../inc -DEM_CORE= -DNMM_CORE= -DNMM_MAX_DIM=2600 -DDA_CORE= -DWRFPLUS= -DIWORDSIZE=4 -DDWORDSIZE=8 -DRWORDSIZE=4 -DLWORDSIZE=4 -DNONSTANDARD_SYSTEM_FUNC  -DWRF_USE_CLM -DUSE_NETCDF4_FEATURES -DWRFIO_NCD_LARGE_FILE_SUPPORT  -DDM_PARALLEL -DNETCDF -DGRIB2 -DHDF5 -DLANDREAD_STUB=1 -DUSE_ALLOCATABLES -Dwrfmodel -DGRIB1 -DINTIO -DKEEP_INT_AROUND -DLIMIT_ARGS -DBUILD_RRTMG_FAST=0 -DBUILD_RRTMK=0 -DBUILD_SBM_FAST=1 -DSHOW_ALL_VARS_USED=0 -DCONFIG_BUF_LEN=65536 -DMAX_DOMAINS_F=21 -DMAX_HISTORY=25 -DNMM_NEST= -DWRF_CHEM -DBUILD_CHEM=1 -DWRF_KPP -I. -traditional-cpp -DUSE_NETCDF4_FEATURES -DWRFIO_NCD_LARGE_FILE_SUPPORT  module_kpp_racm_esrlsorg_aqchem_Precision.b  > module_kpp_racm_esrlsorg_aqchem_Precision.f90
rm -f module_kpp_racm_esrlsorg_aqchem_Precision.b
ifort -c -O3 -ip -fp-model precise -w -ftz -align all -fno-alias -FR -convert big_endian    -real-size `expr 8 \* 4` -i4  module_kpp_racm_esrlsorg_aqchem_Precision.f90
rm -f module_kpp_racm_esrlsorg_aqchem_Parameters.o
sed -f ../../../../arch/standard.sed module_kpp_racm_esrlsorg_aqchem_Parameters.F > module_kpp_racm_esrlsorg_aqchem_Parameters.b 
/lib/cpp -P -nostdinc -I/external/ioapi_share -I../../../../inc -DEM_CORE= -DNMM_CORE= -DNMM_MAX_DIM=2600 -DDA_CORE= -DWRFPLUS= -DIWORDSIZE=4 -DDWORDSIZE=8 -DRWORDSIZE=4 -DLWORDSIZE=4 -DNONSTANDARD_SYSTEM_FUNC  -DWRF_USE_CLM -DUSE_NETCDF4_FEATURES -DWRFIO_NCD_LARGE_FILE_SUPPORT  -DDM_PARALLEL -DNETCDF -DGRIB2 -DHDF5 -DLANDREAD_STUB=1 -DUSE_ALLOCATABLES -Dwrfmodel -DGRIB1 -DINTIO -DKEEP_INT_AROUND -DLIMIT_ARGS -DBUILD_RRTMG_FAST=0 -DBUILD_RRTMK=0 -DBUILD_SBM_FAST=1 -DSHOW_ALL_VARS_USED=0 -DCONFIG_BUF_LEN=65536 -DMAX_DOMAINS_F=21 -DMAX_HISTORY=25 -DNMM_NEST= -DWRF_CHEM -DBUILD_CHEM=1 -DWRF_KPP -I. -traditional-cpp -DUSE_NETCDF4_FEATURES -DWRFIO_NCD_LARGE_FILE_SUPPORT  module_kpp_racm_esrlsorg_aqchem_Parameters.b  > module_kpp_racm_esrlsorg_aqchem_Parameters.f90
rm -f module_kpp_racm_esrlsorg_aqchem_Parameters.b
ifort -c -O3 -ip -fp-model precise -w -ftz -align all -fno-alias -FR -convert big_endian    -real-size `expr 8 \* 4` -i4  module_kpp_racm_esrlsorg_aqchem_Parameters.f90
rm -f module_kpp_racm_esrlsorg_aqchem_JacobianSP.o
sed -f ../../../../arch/standard.sed module_kpp_racm_esrlsorg_aqchem_JacobianSP.F > module_kpp_racm_esrlsorg_aqchem_JacobianSP.b 
/lib/cpp -P -nostdinc -I/external/ioapi_share -I../../../../inc -DEM_CORE= -DNMM_CORE= -DNMM_MAX_DIM=2600 -DDA_CORE= -DWRFPLUS= -DIWORDSIZE=4 -DDWORDSIZE=8 -DRWORDSIZE=4 -DLWORDSIZE=4 -DNONSTANDARD_SYSTEM_FUNC  -DWRF_USE_CLM -DUSE_NETCDF4_FEATURES -DWRFIO_NCD_LARGE_FILE_SUPPORT  -DDM_PARALLEL -DNETCDF -DGRIB2 -DHDF5 -DLANDREAD_STUB=1 -DUSE_ALLOCATABLES -Dwrfmodel -DGRIB1 -DINTIO -DKEEP_INT_AROUND -DLIMIT_ARGS -DBUILD_RRTMG_FAST=0 -DBUILD_RRTMK=0 -DBUILD_SBM_FAST=1 -DSHOW_ALL_VARS_USED=0 -DCONFIG_BUF_LEN=65536 -DMAX_DOMAINS_F=21 -DMAX_HISTORY=25 -DNMM_NEST= -DWRF_CHEM -DBUILD_CHEM=1 -DWRF_KPP -I. -traditional-cpp -DUSE_NETCDF4_FEATURES -DWRFIO_NCD_LARGE_FILE_SUPPORT  module_kpp_racm_esrlsorg_aqchem_JacobianSP.b  > module_kpp_racm_esrlsorg_aqchem_JacobianSP.f90
rm -f module_kpp_racm_esrlsorg_aqchem_JacobianSP.b
ifort -c -O3 -ip -fp-model precise -w -ftz -align all -fno-alias -FR -convert big_endian    -real-size `expr 8 \* 4` -i4  module_kpp_racm_esrlsorg_aqchem_JacobianSP.f90
rm -f write_decomp.o
sed -f ../../../../arch/standard.sed write_decomp.F > write_decomp.b 
/lib/cpp -P -nostdinc -I/external/ioapi_share -I../../../../inc -DEM_CORE= -DNMM_CORE= -DNMM_MAX_DIM=2600 -DDA_CORE= -DWRFPLUS= -DIWORDSIZE=4 -DDWORDSIZE=8 -DRWORDSIZE=4 -DLWORDSIZE=4 -DNONSTANDARD_SYSTEM_FUNC  -DWRF_USE_CLM -DUSE_NETCDF4_FEATURES -DWRFIO_NCD_LARGE_FILE_SUPPORT  -DDM_PARALLEL -DNETCDF -DGRIB2 -DHDF5 -DLANDREAD_STUB=1 -DUSE_ALLOCATABLES -Dwrfmodel -DGRIB1 -DINTIO -DKEEP_INT_AROUND -DLIMIT_ARGS -DBUILD_RRTMG_FAST=0 -DBUILD_RRTMK=0 -DBUILD_SBM_FAST=1 -DSHOW_ALL_VARS_USED=0 -DCONFIG_BUF_LEN=65536 -DMAX_DOMAINS_F=21 -DMAX_HISTORY=25 -DNMM_NEST= -DWRF_CHEM -DBUILD_CHEM=1 -DWRF_KPP -I. -traditional-cpp -DUSE_NETCDF4_FEATURES -DWRFIO_NCD_LARGE_FILE_SUPPORT  write_decomp.b  > write_decomp.f90
rm -f write_decomp.b
ifort -c -O3 -ip -fp-model precise -w -ftz -align all -fno-alias -FR -convert big_endian    -real-size `expr 8 \* 4` -i4  write_decomp.f90
ifort -o write_decomp.exe module_kpp_racm_esrlsorg_aqchem_Precision.o module_kpp_racm_esrlsorg_aqchem_Parameters.o module_kpp_racm_esrlsorg_aqchem_JacobianSP.o      write_decomp.o  
echo racm_esrlsorg_aqchem > mech.tmp
make[1]: Leaving directory '/home/onishi/WRF/chem/KPP/util/write_decomp'
./write_decomp.exe
   -- in write_decomp
     for kpp mechanism: racm_esrlsorg_aqchem
 fname:<decomp_racm_esrlsorg_aqchem.inc>
make -i -r integr_edit
make[1]: Entering directory '/home/onishi/WRF/chem/KPP/util/write_decomp'
Makefile:50: warning: overriding recipe for target '.F.o'
../../../../configure.wrf:397: warning: ignoring old recipe for target '.F.o'
Makefile:58: warning: overriding recipe for target '.c.o'
../../../../configure.wrf:440: warning: ignoring old recipe for target '.c.o'
rm -f integr_edit.o
icc -c -w -O3 -ip -DRPC_TYPES=1  -DDM_PARALLEL -DLANDREAD_STUB=1 -DMAX_HISTORY=25 -DNMM_CORE= integr_edit.c
icc -o integr_edit.exe integr_edit.o
make[1]: Leaving directory '/home/onishi/WRF/chem/KPP/util/write_decomp'
./integr_edit.exe racm_esrlsorg_aqchem
   integr_edit: replacing     CALL racm_esrlsorg_aqchem_KppDecomp ( A, ising )
 
  END MODULE racm_esrlsorg_aqchem_Integrator
 make -i -r clean 
make[1]: Entering directory '/home/onishi/WRF/chem/KPP/util/write_decomp'
Makefile:50: warning: overriding recipe for target '.F.o'
../../../../configure.wrf:397: warning: ignoring old recipe for target '.F.o'
Makefile:58: warning: overriding recipe for target '.c.o'
../../../../configure.wrf:440: warning: ignoring old recipe for target '.c.o'
make[1]: Leaving directory '/home/onishi/WRF/chem/KPP/util/write_decomp'
=========================================================
mechanisms/racm_esrlsorg
ln -s ../../util/Makefile_kpp mechanisms/racm_esrlsorg/Makefile
ln -s ../chem/KPP/inc/racm_esrlsorg/extra_args_to_update_rconst_racm_esrlsorg.inc /home/onishi/WRF/inc
ln -s ../chem/KPP/inc/racm_esrlsorg/extra_args_update_rconst_racm_esrlsorg.inc /home/onishi/WRF/inc
ln -s ../chem/KPP/inc/racm_esrlsorg/extra_decls_update_rconst_racm_esrlsorg.inc /home/onishi/WRF/inc
ln -s ../chem/KPP/inc/racm_esrlsorg/kpp_mechd_a_racm_esrlsorg.inc /home/onishi/WRF/inc
ln -s ../chem/KPP/inc/racm_esrlsorg/kpp_mechd_b_racm_esrlsorg.inc /home/onishi/WRF/inc
ln -s ../chem/KPP/inc/racm_esrlsorg/kpp_mechd_e_racm_esrlsorg.inc /home/onishi/WRF/inc
ln -s ../chem/KPP/inc/racm_esrlsorg/kpp_mechd_ia_racm_esrlsorg.inc /home/onishi/WRF/inc
ln -s ../chem/KPP/inc/racm_esrlsorg/kpp_mechd_ib_racm_esrlsorg.inc /home/onishi/WRF/inc
ln -s ../chem/KPP/inc/racm_esrlsorg/kpp_mechd_ibu_racm_esrlsorg.inc /home/onishi/WRF/inc
ln -s ../chem/KPP/inc/racm_esrlsorg/kpp_mechd_l_racm_esrlsorg.inc /home/onishi/WRF/inc
ln -s ../chem/KPP/inc/racm_esrlsorg/kpp_mechd_u_racm_esrlsorg.inc /home/onishi/WRF/inc
model racm_esrlsorg
/home/onishi/WRF/chem/KPP/kpp/kpp-2.1/bin/kpp racm_esrlsorg.kpp

This is KPP-2.1.

KPP is parsing the equation file.
KPP was told to generate WRF conform code
KPP is computing Jacobian sparsity structure.
KPP is starting the code generation.
KPP is initializing the code generation.
 
 KPP is using the WRF conform integrator routine: 
 /home/onishi/WRF/chem/KPP/kpp/kpp-2.1/int/WRF_conform/rosenbrock 

KPP is generating the monitor data:
    - racm_esrlsorg_Monitor
KPP is generating the utility data:
    - racm_esrlsorg_Util
KPP is generating the global declarations:
    - racm_esrlsorg_Main
KPP is generating the ODE function:
    - racm_esrlsorg_Function
KPP is generating the ODE Jacobian:
    - racm_esrlsorg_Jacobian
    - racm_esrlsorg_JacobianSP
KPP is generating the linear algebra routines:
    - racm_esrlsorg_LinearAlgebra
KPP is generating the utility functions:
    - racm_esrlsorg_Util
KPP is generating the rate laws:
    - racm_esrlsorg_Rates
KPP is generating UpdateRconstWRF (WRF conform): 
    - racm_esrlsorg_UpdateRconst
KPP is generating the parameters:
    - racm_esrlsorg_Parameters
KPP is generating the global data:
    - racm_esrlsorg_Global
KPP is generating the driver from general.f90:
    - racm_esrlsorg_Main
KPP is starting the code post-processing.

KPP has succesfully created the model "racm_esrlsorg".

cp -f racm_esrlsorg_Integrator.f90 ../../../module_kpp_racm_esrlsorg_Integr.F
cp -f racm_esrlsorg_Parameters.f90 ../../../module_kpp_racm_esrlsorg_Parameters.F
cp -f racm_esrlsorg_Precision.f90 ../../../module_kpp_racm_esrlsorg_Precision.F
cp -f racm_esrlsorg_JacobianSP.f90 ../../../module_kpp_racm_esrlsorg_JacobianSP.F
cp -f racm_esrlsorg_Jacobian.f90 ../../../module_kpp_racm_esrlsorg_Jacobian.F
cp -f racm_esrlsorg_Update_Rconst.f90 ../../../module_kpp_racm_esrlsorg_Update_Rconst.F
touch ../../util/run_wkc
Makefile:50: warning: overriding recipe for target '.F.o'
../../../../configure.wrf:397: warning: ignoring old recipe for target '.F.o'
Makefile:58: warning: overriding recipe for target '.c.o'
../../../../configure.wrf:440: warning: ignoring old recipe for target '.c.o'
rm -f decomp_uses.inc
echo USE racm_esrlsorg_Parameters > decomp_uses.inc
echo USE racm_esrlsorg_JacobianSP >> decomp_uses.inc
ln -sf  ../../../module_kpp_racm_esrlsorg_Precision.F
ln -sf  ../../../module_kpp_racm_esrlsorg_Parameters.F
ln -sf  ../../../module_kpp_racm_esrlsorg_JacobianSP.F
ln -sf  ../../../module_kpp_racm_esrlsorg_Integr.F
make -i -r comp
make[1]: Entering directory '/home/onishi/WRF/chem/KPP/util/write_decomp'
Makefile:50: warning: overriding recipe for target '.F.o'
../../../../configure.wrf:397: warning: ignoring old recipe for target '.F.o'
Makefile:58: warning: overriding recipe for target '.c.o'
../../../../configure.wrf:440: warning: ignoring old recipe for target '.c.o'
rm -f module_kpp_racm_esrlsorg_Precision.o
sed -f ../../../../arch/standard.sed module_kpp_racm_esrlsorg_Precision.F > module_kpp_racm_esrlsorg_Precision.b 
/lib/cpp -P -nostdinc -I/external/ioapi_share -I../../../../inc -DEM_CORE= -DNMM_CORE= -DNMM_MAX_DIM=2600 -DDA_CORE= -DWRFPLUS= -DIWORDSIZE=4 -DDWORDSIZE=8 -DRWORDSIZE=4 -DLWORDSIZE=4 -DNONSTANDARD_SYSTEM_FUNC  -DWRF_USE_CLM -DUSE_NETCDF4_FEATURES -DWRFIO_NCD_LARGE_FILE_SUPPORT  -DDM_PARALLEL -DNETCDF -DGRIB2 -DHDF5 -DLANDREAD_STUB=1 -DUSE_ALLOCATABLES -Dwrfmodel -DGRIB1 -DINTIO -DKEEP_INT_AROUND -DLIMIT_ARGS -DBUILD_RRTMG_FAST=0 -DBUILD_RRTMK=0 -DBUILD_SBM_FAST=1 -DSHOW_ALL_VARS_USED=0 -DCONFIG_BUF_LEN=65536 -DMAX_DOMAINS_F=21 -DMAX_HISTORY=25 -DNMM_NEST= -DWRF_CHEM -DBUILD_CHEM=1 -DWRF_KPP -I. -traditional-cpp -DUSE_NETCDF4_FEATURES -DWRFIO_NCD_LARGE_FILE_SUPPORT  module_kpp_racm_esrlsorg_Precision.b  > module_kpp_racm_esrlsorg_Precision.f90
rm -f module_kpp_racm_esrlsorg_Precision.b
ifort -c -O3 -ip -fp-model precise -w -ftz -align all -fno-alias -FR -convert big_endian    -real-size `expr 8 \* 4` -i4  module_kpp_racm_esrlsorg_Precision.f90
rm -f module_kpp_racm_esrlsorg_Parameters.o
sed -f ../../../../arch/standard.sed module_kpp_racm_esrlsorg_Parameters.F > module_kpp_racm_esrlsorg_Parameters.b 
/lib/cpp -P -nostdinc -I/external/ioapi_share -I../../../../inc -DEM_CORE= -DNMM_CORE= -DNMM_MAX_DIM=2600 -DDA_CORE= -DWRFPLUS= -DIWORDSIZE=4 -DDWORDSIZE=8 -DRWORDSIZE=4 -DLWORDSIZE=4 -DNONSTANDARD_SYSTEM_FUNC  -DWRF_USE_CLM -DUSE_NETCDF4_FEATURES -DWRFIO_NCD_LARGE_FILE_SUPPORT  -DDM_PARALLEL -DNETCDF -DGRIB2 -DHDF5 -DLANDREAD_STUB=1 -DUSE_ALLOCATABLES -Dwrfmodel -DGRIB1 -DINTIO -DKEEP_INT_AROUND -DLIMIT_ARGS -DBUILD_RRTMG_FAST=0 -DBUILD_RRTMK=0 -DBUILD_SBM_FAST=1 -DSHOW_ALL_VARS_USED=0 -DCONFIG_BUF_LEN=65536 -DMAX_DOMAINS_F=21 -DMAX_HISTORY=25 -DNMM_NEST= -DWRF_CHEM -DBUILD_CHEM=1 -DWRF_KPP -I. -traditional-cpp -DUSE_NETCDF4_FEATURES -DWRFIO_NCD_LARGE_FILE_SUPPORT  module_kpp_racm_esrlsorg_Parameters.b  > module_kpp_racm_esrlsorg_Parameters.f90
rm -f module_kpp_racm_esrlsorg_Parameters.b
ifort -c -O3 -ip -fp-model precise -w -ftz -align all -fno-alias -FR -convert big_endian    -real-size `expr 8 \* 4` -i4  module_kpp_racm_esrlsorg_Parameters.f90
rm -f module_kpp_racm_esrlsorg_JacobianSP.o
sed -f ../../../../arch/standard.sed module_kpp_racm_esrlsorg_JacobianSP.F > module_kpp_racm_esrlsorg_JacobianSP.b 
/lib/cpp -P -nostdinc -I/external/ioapi_share -I../../../../inc -DEM_CORE= -DNMM_CORE= -DNMM_MAX_DIM=2600 -DDA_CORE= -DWRFPLUS= -DIWORDSIZE=4 -DDWORDSIZE=8 -DRWORDSIZE=4 -DLWORDSIZE=4 -DNONSTANDARD_SYSTEM_FUNC  -DWRF_USE_CLM -DUSE_NETCDF4_FEATURES -DWRFIO_NCD_LARGE_FILE_SUPPORT  -DDM_PARALLEL -DNETCDF -DGRIB2 -DHDF5 -DLANDREAD_STUB=1 -DUSE_ALLOCATABLES -Dwrfmodel -DGRIB1 -DINTIO -DKEEP_INT_AROUND -DLIMIT_ARGS -DBUILD_RRTMG_FAST=0 -DBUILD_RRTMK=0 -DBUILD_SBM_FAST=1 -DSHOW_ALL_VARS_USED=0 -DCONFIG_BUF_LEN=65536 -DMAX_DOMAINS_F=21 -DMAX_HISTORY=25 -DNMM_NEST= -DWRF_CHEM -DBUILD_CHEM=1 -DWRF_KPP -I. -traditional-cpp -DUSE_NETCDF4_FEATURES -DWRFIO_NCD_LARGE_FILE_SUPPORT  module_kpp_racm_esrlsorg_JacobianSP.b  > module_kpp_racm_esrlsorg_JacobianSP.f90
rm -f module_kpp_racm_esrlsorg_JacobianSP.b
ifort -c -O3 -ip -fp-model precise -w -ftz -align all -fno-alias -FR -convert big_endian    -real-size `expr 8 \* 4` -i4  module_kpp_racm_esrlsorg_JacobianSP.f90
rm -f write_decomp.o
sed -f ../../../../arch/standard.sed write_decomp.F > write_decomp.b 
/lib/cpp -P -nostdinc -I/external/ioapi_share -I../../../../inc -DEM_CORE= -DNMM_CORE= -DNMM_MAX_DIM=2600 -DDA_CORE= -DWRFPLUS= -DIWORDSIZE=4 -DDWORDSIZE=8 -DRWORDSIZE=4 -DLWORDSIZE=4 -DNONSTANDARD_SYSTEM_FUNC  -DWRF_USE_CLM -DUSE_NETCDF4_FEATURES -DWRFIO_NCD_LARGE_FILE_SUPPORT  -DDM_PARALLEL -DNETCDF -DGRIB2 -DHDF5 -DLANDREAD_STUB=1 -DUSE_ALLOCATABLES -Dwrfmodel -DGRIB1 -DINTIO -DKEEP_INT_AROUND -DLIMIT_ARGS -DBUILD_RRTMG_FAST=0 -DBUILD_RRTMK=0 -DBUILD_SBM_FAST=1 -DSHOW_ALL_VARS_USED=0 -DCONFIG_BUF_LEN=65536 -DMAX_DOMAINS_F=21 -DMAX_HISTORY=25 -DNMM_NEST= -DWRF_CHEM -DBUILD_CHEM=1 -DWRF_KPP -I. -traditional-cpp -DUSE_NETCDF4_FEATURES -DWRFIO_NCD_LARGE_FILE_SUPPORT  write_decomp.b  > write_decomp.f90
rm -f write_decomp.b
ifort -c -O3 -ip -fp-model precise -w -ftz -align all -fno-alias -FR -convert big_endian    -real-size `expr 8 \* 4` -i4  write_decomp.f90
ifort -o write_decomp.exe module_kpp_racm_esrlsorg_Precision.o module_kpp_racm_esrlsorg_Parameters.o module_kpp_racm_esrlsorg_JacobianSP.o      write_decomp.o  
echo racm_esrlsorg > mech.tmp
make[1]: Leaving directory '/home/onishi/WRF/chem/KPP/util/write_decomp'
./write_decomp.exe
   -- in write_decomp
     for kpp mechanism: racm_esrlsorg
 fname:<decomp_racm_esrlsorg.inc>
make -i -r integr_edit
make[1]: Entering directory '/home/onishi/WRF/chem/KPP/util/write_decomp'
Makefile:50: warning: overriding recipe for target '.F.o'
../../../../configure.wrf:397: warning: ignoring old recipe for target '.F.o'
Makefile:58: warning: overriding recipe for target '.c.o'
../../../../configure.wrf:440: warning: ignoring old recipe for target '.c.o'
rm -f integr_edit.o
icc -c -w -O3 -ip -DRPC_TYPES=1  -DDM_PARALLEL -DLANDREAD_STUB=1 -DMAX_HISTORY=25 -DNMM_CORE= integr_edit.c
icc -o integr_edit.exe integr_edit.o
make[1]: Leaving directory '/home/onishi/WRF/chem/KPP/util/write_decomp'
./integr_edit.exe racm_esrlsorg
   integr_edit: replacing     CALL racm_esrlsorg_KppDecomp ( A, ising )
 
  END MODULE racm_esrlsorg_Integrator
 make -i -r clean 
make[1]: Entering directory '/home/onishi/WRF/chem/KPP/util/write_decomp'
Makefile:50: warning: overriding recipe for target '.F.o'
../../../../configure.wrf:397: warning: ignoring old recipe for target '.F.o'
Makefile:58: warning: overriding recipe for target '.c.o'
../../../../configure.wrf:440: warning: ignoring old recipe for target '.c.o'
make[1]: Leaving directory '/home/onishi/WRF/chem/KPP/util/write_decomp'
=========================================================
mechanisms/racm_mim
ln -s ../../util/Makefile_kpp mechanisms/racm_mim/Makefile
ln -s ../chem/KPP/inc/racm_mim/extra_args_to_update_rconst_racm_mim.inc /home/onishi/WRF/inc
ln -s ../chem/KPP/inc/racm_mim/extra_args_update_rconst_racm_mim.inc /home/onishi/WRF/inc
ln -s ../chem/KPP/inc/racm_mim/extra_decls_update_rconst_racm_mim.inc /home/onishi/WRF/inc
ln -s ../chem/KPP/inc/racm_mim/kpp_mechd_a_racm_mim.inc /home/onishi/WRF/inc
ln -s ../chem/KPP/inc/racm_mim/kpp_mechd_b_racm_mim.inc /home/onishi/WRF/inc
ln -s ../chem/KPP/inc/racm_mim/kpp_mechd_e_racm_mim.inc /home/onishi/WRF/inc
ln -s ../chem/KPP/inc/racm_mim/kpp_mechd_ia_racm_mim.inc /home/onishi/WRF/inc
ln -s ../chem/KPP/inc/racm_mim/kpp_mechd_ib_racm_mim.inc /home/onishi/WRF/inc
ln -s ../chem/KPP/inc/racm_mim/kpp_mechd_ibu_racm_mim.inc /home/onishi/WRF/inc
ln -s ../chem/KPP/inc/racm_mim/kpp_mechd_l_racm_mim.inc /home/onishi/WRF/inc
ln -s ../chem/KPP/inc/racm_mim/kpp_mechd_u_racm_mim.inc /home/onishi/WRF/inc
model racm_mim
/home/onishi/WRF/chem/KPP/kpp/kpp-2.1/bin/kpp racm_mim.kpp

This is KPP-2.1.

KPP is parsing the equation file.
KPP was told to generate WRF conform code
KPP is computing Jacobian sparsity structure.
KPP is starting the code generation.
KPP is initializing the code generation.
 
 KPP is using the WRF conform integrator routine: 
 /home/onishi/WRF/chem/KPP/kpp/kpp-2.1/int/WRF_conform/rosenbrock 

KPP is generating the monitor data:
    - racm_mim_Monitor
KPP is generating the utility data:
    - racm_mim_Util
KPP is generating the global declarations:
    - racm_mim_Main
KPP is generating the ODE function:
    - racm_mim_Function
KPP is generating the ODE Jacobian:
    - racm_mim_Jacobian
    - racm_mim_JacobianSP
KPP is generating the linear algebra routines:
    - racm_mim_LinearAlgebra
KPP is generating the utility functions:
    - racm_mim_Util
KPP is generating the rate laws:
    - racm_mim_Rates
KPP is generating UpdateRconstWRF (WRF conform): 
    - racm_mim_UpdateRconst
KPP is generating the parameters:
    - racm_mim_Parameters
KPP is generating the global data:
    - racm_mim_Global
KPP is generating the driver from general.f90:
    - racm_mim_Main
KPP is starting the code post-processing.

KPP has succesfully created the model "racm_mim".

cp -f racm_mim_Integrator.f90 ../../../module_kpp_racm_mim_Integr.F
cp -f racm_mim_Parameters.f90 ../../../module_kpp_racm_mim_Parameters.F
cp -f racm_mim_Precision.f90 ../../../module_kpp_racm_mim_Precision.F
cp -f racm_mim_JacobianSP.f90 ../../../module_kpp_racm_mim_JacobianSP.F
cp -f racm_mim_Jacobian.f90 ../../../module_kpp_racm_mim_Jacobian.F
cp -f racm_mim_Update_Rconst.f90 ../../../module_kpp_racm_mim_Update_Rconst.F
touch ../../util/run_wkc
Makefile:50: warning: overriding recipe for target '.F.o'
../../../../configure.wrf:397: warning: ignoring old recipe for target '.F.o'
Makefile:58: warning: overriding recipe for target '.c.o'
../../../../configure.wrf:440: warning: ignoring old recipe for target '.c.o'
rm -f decomp_uses.inc
echo USE racm_mim_Parameters > decomp_uses.inc
echo USE racm_mim_JacobianSP >> decomp_uses.inc
ln -sf  ../../../module_kpp_racm_mim_Precision.F
ln -sf  ../../../module_kpp_racm_mim_Parameters.F
ln -sf  ../../../module_kpp_racm_mim_JacobianSP.F
ln -sf  ../../../module_kpp_racm_mim_Integr.F
make -i -r comp
make[1]: Entering directory '/home/onishi/WRF/chem/KPP/util/write_decomp'
Makefile:50: warning: overriding recipe for target '.F.o'
../../../../configure.wrf:397: warning: ignoring old recipe for target '.F.o'
Makefile:58: warning: overriding recipe for target '.c.o'
../../../../configure.wrf:440: warning: ignoring old recipe for target '.c.o'
rm -f module_kpp_racm_mim_Precision.o
sed -f ../../../../arch/standard.sed module_kpp_racm_mim_Precision.F > module_kpp_racm_mim_Precision.b 
/lib/cpp -P -nostdinc -I/external/ioapi_share -I../../../../inc -DEM_CORE= -DNMM_CORE= -DNMM_MAX_DIM=2600 -DDA_CORE= -DWRFPLUS= -DIWORDSIZE=4 -DDWORDSIZE=8 -DRWORDSIZE=4 -DLWORDSIZE=4 -DNONSTANDARD_SYSTEM_FUNC  -DWRF_USE_CLM -DUSE_NETCDF4_FEATURES -DWRFIO_NCD_LARGE_FILE_SUPPORT  -DDM_PARALLEL -DNETCDF -DGRIB2 -DHDF5 -DLANDREAD_STUB=1 -DUSE_ALLOCATABLES -Dwrfmodel -DGRIB1 -DINTIO -DKEEP_INT_AROUND -DLIMIT_ARGS -DBUILD_RRTMG_FAST=0 -DBUILD_RRTMK=0 -DBUILD_SBM_FAST=1 -DSHOW_ALL_VARS_USED=0 -DCONFIG_BUF_LEN=65536 -DMAX_DOMAINS_F=21 -DMAX_HISTORY=25 -DNMM_NEST= -DWRF_CHEM -DBUILD_CHEM=1 -DWRF_KPP -I. -traditional-cpp -DUSE_NETCDF4_FEATURES -DWRFIO_NCD_LARGE_FILE_SUPPORT  module_kpp_racm_mim_Precision.b  > module_kpp_racm_mim_Precision.f90
rm -f module_kpp_racm_mim_Precision.b
ifort -c -O3 -ip -fp-model precise -w -ftz -align all -fno-alias -FR -convert big_endian    -real-size `expr 8 \* 4` -i4  module_kpp_racm_mim_Precision.f90
rm -f module_kpp_racm_mim_Parameters.o
sed -f ../../../../arch/standard.sed module_kpp_racm_mim_Parameters.F > module_kpp_racm_mim_Parameters.b 
/lib/cpp -P -nostdinc -I/external/ioapi_share -I../../../../inc -DEM_CORE= -DNMM_CORE= -DNMM_MAX_DIM=2600 -DDA_CORE= -DWRFPLUS= -DIWORDSIZE=4 -DDWORDSIZE=8 -DRWORDSIZE=4 -DLWORDSIZE=4 -DNONSTANDARD_SYSTEM_FUNC  -DWRF_USE_CLM -DUSE_NETCDF4_FEATURES -DWRFIO_NCD_LARGE_FILE_SUPPORT  -DDM_PARALLEL -DNETCDF -DGRIB2 -DHDF5 -DLANDREAD_STUB=1 -DUSE_ALLOCATABLES -Dwrfmodel -DGRIB1 -DINTIO -DKEEP_INT_AROUND -DLIMIT_ARGS -DBUILD_RRTMG_FAST=0 -DBUILD_RRTMK=0 -DBUILD_SBM_FAST=1 -DSHOW_ALL_VARS_USED=0 -DCONFIG_BUF_LEN=65536 -DMAX_DOMAINS_F=21 -DMAX_HISTORY=25 -DNMM_NEST= -DWRF_CHEM -DBUILD_CHEM=1 -DWRF_KPP -I. -traditional-cpp -DUSE_NETCDF4_FEATURES -DWRFIO_NCD_LARGE_FILE_SUPPORT  module_kpp_racm_mim_Parameters.b  > module_kpp_racm_mim_Parameters.f90
rm -f module_kpp_racm_mim_Parameters.b
ifort -c -O3 -ip -fp-model precise -w -ftz -align all -fno-alias -FR -convert big_endian    -real-size `expr 8 \* 4` -i4  module_kpp_racm_mim_Parameters.f90
rm -f module_kpp_racm_mim_JacobianSP.o
sed -f ../../../../arch/standard.sed module_kpp_racm_mim_JacobianSP.F > module_kpp_racm_mim_JacobianSP.b 
/lib/cpp -P -nostdinc -I/external/ioapi_share -I../../../../inc -DEM_CORE= -DNMM_CORE= -DNMM_MAX_DIM=2600 -DDA_CORE= -DWRFPLUS= -DIWORDSIZE=4 -DDWORDSIZE=8 -DRWORDSIZE=4 -DLWORDSIZE=4 -DNONSTANDARD_SYSTEM_FUNC  -DWRF_USE_CLM -DUSE_NETCDF4_FEATURES -DWRFIO_NCD_LARGE_FILE_SUPPORT  -DDM_PARALLEL -DNETCDF -DGRIB2 -DHDF5 -DLANDREAD_STUB=1 -DUSE_ALLOCATABLES -Dwrfmodel -DGRIB1 -DINTIO -DKEEP_INT_AROUND -DLIMIT_ARGS -DBUILD_RRTMG_FAST=0 -DBUILD_RRTMK=0 -DBUILD_SBM_FAST=1 -DSHOW_ALL_VARS_USED=0 -DCONFIG_BUF_LEN=65536 -DMAX_DOMAINS_F=21 -DMAX_HISTORY=25 -DNMM_NEST= -DWRF_CHEM -DBUILD_CHEM=1 -DWRF_KPP -I. -traditional-cpp -DUSE_NETCDF4_FEATURES -DWRFIO_NCD_LARGE_FILE_SUPPORT  module_kpp_racm_mim_JacobianSP.b  > module_kpp_racm_mim_JacobianSP.f90
rm -f module_kpp_racm_mim_JacobianSP.b
ifort -c -O3 -ip -fp-model precise -w -ftz -align all -fno-alias -FR -convert big_endian    -real-size `expr 8 \* 4` -i4  module_kpp_racm_mim_JacobianSP.f90
rm -f write_decomp.o
sed -f ../../../../arch/standard.sed write_decomp.F > write_decomp.b 
/lib/cpp -P -nostdinc -I/external/ioapi_share -I../../../../inc -DEM_CORE= -DNMM_CORE= -DNMM_MAX_DIM=2600 -DDA_CORE= -DWRFPLUS= -DIWORDSIZE=4 -DDWORDSIZE=8 -DRWORDSIZE=4 -DLWORDSIZE=4 -DNONSTANDARD_SYSTEM_FUNC  -DWRF_USE_CLM -DUSE_NETCDF4_FEATURES -DWRFIO_NCD_LARGE_FILE_SUPPORT  -DDM_PARALLEL -DNETCDF -DGRIB2 -DHDF5 -DLANDREAD_STUB=1 -DUSE_ALLOCATABLES -Dwrfmodel -DGRIB1 -DINTIO -DKEEP_INT_AROUND -DLIMIT_ARGS -DBUILD_RRTMG_FAST=0 -DBUILD_RRTMK=0 -DBUILD_SBM_FAST=1 -DSHOW_ALL_VARS_USED=0 -DCONFIG_BUF_LEN=65536 -DMAX_DOMAINS_F=21 -DMAX_HISTORY=25 -DNMM_NEST= -DWRF_CHEM -DBUILD_CHEM=1 -DWRF_KPP -I. -traditional-cpp -DUSE_NETCDF4_FEATURES -DWRFIO_NCD_LARGE_FILE_SUPPORT  write_decomp.b  > write_decomp.f90
rm -f write_decomp.b
ifort -c -O3 -ip -fp-model precise -w -ftz -align all -fno-alias -FR -convert big_endian    -real-size `expr 8 \* 4` -i4  write_decomp.f90
ifort -o write_decomp.exe module_kpp_racm_mim_Precision.o module_kpp_racm_mim_Parameters.o module_kpp_racm_mim_JacobianSP.o      write_decomp.o  
echo racm_mim > mech.tmp
make[1]: Leaving directory '/home/onishi/WRF/chem/KPP/util/write_decomp'
./write_decomp.exe
   -- in write_decomp
     for kpp mechanism: racm_mim
 fname:<decomp_racm_mim.inc>
make -i -r integr_edit
make[1]: Entering directory '/home/onishi/WRF/chem/KPP/util/write_decomp'
Makefile:50: warning: overriding recipe for target '.F.o'
../../../../configure.wrf:397: warning: ignoring old recipe for target '.F.o'
Makefile:58: warning: overriding recipe for target '.c.o'
../../../../configure.wrf:440: warning: ignoring old recipe for target '.c.o'
rm -f integr_edit.o
icc -c -w -O3 -ip -DRPC_TYPES=1  -DDM_PARALLEL -DLANDREAD_STUB=1 -DMAX_HISTORY=25 -DNMM_CORE= integr_edit.c
icc -o integr_edit.exe integr_edit.o
make[1]: Leaving directory '/home/onishi/WRF/chem/KPP/util/write_decomp'
./integr_edit.exe racm_mim
   integr_edit: replacing     CALL racm_mim_KppDecomp ( A, ising )
 
  END MODULE racm_mim_Integrator
 make -i -r clean 
make[1]: Entering directory '/home/onishi/WRF/chem/KPP/util/write_decomp'
Makefile:50: warning: overriding recipe for target '.F.o'
../../../../configure.wrf:397: warning: ignoring old recipe for target '.F.o'
Makefile:58: warning: overriding recipe for target '.c.o'
../../../../configure.wrf:440: warning: ignoring old recipe for target '.c.o'
make[1]: Leaving directory '/home/onishi/WRF/chem/KPP/util/write_decomp'
=========================================================
mechanisms/racmpm
ln -s ../../util/Makefile_kpp mechanisms/racmpm/Makefile
ln -s ../chem/KPP/inc/racmpm/extra_args_to_update_rconst_racmpm.inc /home/onishi/WRF/inc
ln -s ../chem/KPP/inc/racmpm/extra_args_update_rconst_racmpm.inc /home/onishi/WRF/inc
ln -s ../chem/KPP/inc/racmpm/extra_decls_update_rconst_racmpm.inc /home/onishi/WRF/inc
ln -s ../chem/KPP/inc/racmpm/kpp_mechd_a_racmpm.inc /home/onishi/WRF/inc
ln -s ../chem/KPP/inc/racmpm/kpp_mechd_b_racmpm.inc /home/onishi/WRF/inc
ln -s ../chem/KPP/inc/racmpm/kpp_mechd_e_racmpm.inc /home/onishi/WRF/inc
ln -s ../chem/KPP/inc/racmpm/kpp_mechd_ia_racmpm.inc /home/onishi/WRF/inc
ln -s ../chem/KPP/inc/racmpm/kpp_mechd_ib_racmpm.inc /home/onishi/WRF/inc
ln -s ../chem/KPP/inc/racmpm/kpp_mechd_ibu_racmpm.inc /home/onishi/WRF/inc
ln -s ../chem/KPP/inc/racmpm/kpp_mechd_l_racmpm.inc /home/onishi/WRF/inc
ln -s ../chem/KPP/inc/racmpm/kpp_mechd_u_racmpm.inc /home/onishi/WRF/inc
model racmpm
/home/onishi/WRF/chem/KPP/kpp/kpp-2.1/bin/kpp racmpm.kpp

This is KPP-2.1.

KPP is parsing the equation file.
KPP was told to generate WRF conform code
KPP is computing Jacobian sparsity structure.
KPP is starting the code generation.
KPP is initializing the code generation.
 
 KPP is using the WRF conform integrator routine: 
 /home/onishi/WRF/chem/KPP/kpp/kpp-2.1/int/WRF_conform/rosenbrock 

KPP is generating the monitor data:
    - racmpm_Monitor
KPP is generating the utility data:
    - racmpm_Util
KPP is generating the global declarations:
    - racmpm_Main
KPP is generating the ODE function:
    - racmpm_Function
KPP is generating the ODE Jacobian:
    - racmpm_Jacobian
    - racmpm_JacobianSP
KPP is generating the linear algebra routines:
    - racmpm_LinearAlgebra
KPP is generating the utility functions:
    - racmpm_Util
KPP is generating the rate laws:
    - racmpm_Rates
KPP is generating UpdateRconstWRF (WRF conform): 
    - racmpm_UpdateRconst
KPP is generating the parameters:
    - racmpm_Parameters
KPP is generating the global data:
    - racmpm_Global
KPP is generating the driver from general.f90:
    - racmpm_Main
KPP is starting the code post-processing.

KPP has succesfully created the model "racmpm".

cp -f racmpm_Integrator.f90 ../../../module_kpp_racmpm_Integr.F
cp -f racmpm_Parameters.f90 ../../../module_kpp_racmpm_Parameters.F
cp -f racmpm_Precision.f90 ../../../module_kpp_racmpm_Precision.F
cp -f racmpm_JacobianSP.f90 ../../../module_kpp_racmpm_JacobianSP.F
cp -f racmpm_Jacobian.f90 ../../../module_kpp_racmpm_Jacobian.F
cp -f racmpm_Update_Rconst.f90 ../../../module_kpp_racmpm_Update_Rconst.F
touch ../../util/run_wkc
Makefile:50: warning: overriding recipe for target '.F.o'
../../../../configure.wrf:397: warning: ignoring old recipe for target '.F.o'
Makefile:58: warning: overriding recipe for target '.c.o'
../../../../configure.wrf:440: warning: ignoring old recipe for target '.c.o'
rm -f decomp_uses.inc
echo USE racmpm_Parameters > decomp_uses.inc
echo USE racmpm_JacobianSP >> decomp_uses.inc
ln -sf  ../../../module_kpp_racmpm_Precision.F
ln -sf  ../../../module_kpp_racmpm_Parameters.F
ln -sf  ../../../module_kpp_racmpm_JacobianSP.F
ln -sf  ../../../module_kpp_racmpm_Integr.F
make -i -r comp
make[1]: Entering directory '/home/onishi/WRF/chem/KPP/util/write_decomp'
Makefile:50: warning: overriding recipe for target '.F.o'
../../../../configure.wrf:397: warning: ignoring old recipe for target '.F.o'
Makefile:58: warning: overriding recipe for target '.c.o'
../../../../configure.wrf:440: warning: ignoring old recipe for target '.c.o'
rm -f module_kpp_racmpm_Precision.o
sed -f ../../../../arch/standard.sed module_kpp_racmpm_Precision.F > module_kpp_racmpm_Precision.b 
/lib/cpp -P -nostdinc -I/external/ioapi_share -I../../../../inc -DEM_CORE= -DNMM_CORE= -DNMM_MAX_DIM=2600 -DDA_CORE= -DWRFPLUS= -DIWORDSIZE=4 -DDWORDSIZE=8 -DRWORDSIZE=4 -DLWORDSIZE=4 -DNONSTANDARD_SYSTEM_FUNC  -DWRF_USE_CLM -DUSE_NETCDF4_FEATURES -DWRFIO_NCD_LARGE_FILE_SUPPORT  -DDM_PARALLEL -DNETCDF -DGRIB2 -DHDF5 -DLANDREAD_STUB=1 -DUSE_ALLOCATABLES -Dwrfmodel -DGRIB1 -DINTIO -DKEEP_INT_AROUND -DLIMIT_ARGS -DBUILD_RRTMG_FAST=0 -DBUILD_RRTMK=0 -DBUILD_SBM_FAST=1 -DSHOW_ALL_VARS_USED=0 -DCONFIG_BUF_LEN=65536 -DMAX_DOMAINS_F=21 -DMAX_HISTORY=25 -DNMM_NEST= -DWRF_CHEM -DBUILD_CHEM=1 -DWRF_KPP -I. -traditional-cpp -DUSE_NETCDF4_FEATURES -DWRFIO_NCD_LARGE_FILE_SUPPORT  module_kpp_racmpm_Precision.b  > module_kpp_racmpm_Precision.f90
rm -f module_kpp_racmpm_Precision.b
ifort -c -O3 -ip -fp-model precise -w -ftz -align all -fno-alias -FR -convert big_endian    -real-size `expr 8 \* 4` -i4  module_kpp_racmpm_Precision.f90
rm -f module_kpp_racmpm_Parameters.o
sed -f ../../../../arch/standard.sed module_kpp_racmpm_Parameters.F > module_kpp_racmpm_Parameters.b 
/lib/cpp -P -nostdinc -I/external/ioapi_share -I../../../../inc -DEM_CORE= -DNMM_CORE= -DNMM_MAX_DIM=2600 -DDA_CORE= -DWRFPLUS= -DIWORDSIZE=4 -DDWORDSIZE=8 -DRWORDSIZE=4 -DLWORDSIZE=4 -DNONSTANDARD_SYSTEM_FUNC  -DWRF_USE_CLM -DUSE_NETCDF4_FEATURES -DWRFIO_NCD_LARGE_FILE_SUPPORT  -DDM_PARALLEL -DNETCDF -DGRIB2 -DHDF5 -DLANDREAD_STUB=1 -DUSE_ALLOCATABLES -Dwrfmodel -DGRIB1 -DINTIO -DKEEP_INT_AROUND -DLIMIT_ARGS -DBUILD_RRTMG_FAST=0 -DBUILD_RRTMK=0 -DBUILD_SBM_FAST=1 -DSHOW_ALL_VARS_USED=0 -DCONFIG_BUF_LEN=65536 -DMAX_DOMAINS_F=21 -DMAX_HISTORY=25 -DNMM_NEST= -DWRF_CHEM -DBUILD_CHEM=1 -DWRF_KPP -I. -traditional-cpp -DUSE_NETCDF4_FEATURES -DWRFIO_NCD_LARGE_FILE_SUPPORT  module_kpp_racmpm_Parameters.b  > module_kpp_racmpm_Parameters.f90
rm -f module_kpp_racmpm_Parameters.b
ifort -c -O3 -ip -fp-model precise -w -ftz -align all -fno-alias -FR -convert big_endian    -real-size `expr 8 \* 4` -i4  module_kpp_racmpm_Parameters.f90
rm -f module_kpp_racmpm_JacobianSP.o
sed -f ../../../../arch/standard.sed module_kpp_racmpm_JacobianSP.F > module_kpp_racmpm_JacobianSP.b 
/lib/cpp -P -nostdinc -I/external/ioapi_share -I../../../../inc -DEM_CORE= -DNMM_CORE= -DNMM_MAX_DIM=2600 -DDA_CORE= -DWRFPLUS= -DIWORDSIZE=4 -DDWORDSIZE=8 -DRWORDSIZE=4 -DLWORDSIZE=4 -DNONSTANDARD_SYSTEM_FUNC  -DWRF_USE_CLM -DUSE_NETCDF4_FEATURES -DWRFIO_NCD_LARGE_FILE_SUPPORT  -DDM_PARALLEL -DNETCDF -DGRIB2 -DHDF5 -DLANDREAD_STUB=1 -DUSE_ALLOCATABLES -Dwrfmodel -DGRIB1 -DINTIO -DKEEP_INT_AROUND -DLIMIT_ARGS -DBUILD_RRTMG_FAST=0 -DBUILD_RRTMK=0 -DBUILD_SBM_FAST=1 -DSHOW_ALL_VARS_USED=0 -DCONFIG_BUF_LEN=65536 -DMAX_DOMAINS_F=21 -DMAX_HISTORY=25 -DNMM_NEST= -DWRF_CHEM -DBUILD_CHEM=1 -DWRF_KPP -I. -traditional-cpp -DUSE_NETCDF4_FEATURES -DWRFIO_NCD_LARGE_FILE_SUPPORT  module_kpp_racmpm_JacobianSP.b  > module_kpp_racmpm_JacobianSP.f90
rm -f module_kpp_racmpm_JacobianSP.b
ifort -c -O3 -ip -fp-model precise -w -ftz -align all -fno-alias -FR -convert big_endian    -real-size `expr 8 \* 4` -i4  module_kpp_racmpm_JacobianSP.f90
rm -f write_decomp.o
sed -f ../../../../arch/standard.sed write_decomp.F > write_decomp.b 
/lib/cpp -P -nostdinc -I/external/ioapi_share -I../../../../inc -DEM_CORE= -DNMM_CORE= -DNMM_MAX_DIM=2600 -DDA_CORE= -DWRFPLUS= -DIWORDSIZE=4 -DDWORDSIZE=8 -DRWORDSIZE=4 -DLWORDSIZE=4 -DNONSTANDARD_SYSTEM_FUNC  -DWRF_USE_CLM -DUSE_NETCDF4_FEATURES -DWRFIO_NCD_LARGE_FILE_SUPPORT  -DDM_PARALLEL -DNETCDF -DGRIB2 -DHDF5 -DLANDREAD_STUB=1 -DUSE_ALLOCATABLES -Dwrfmodel -DGRIB1 -DINTIO -DKEEP_INT_AROUND -DLIMIT_ARGS -DBUILD_RRTMG_FAST=0 -DBUILD_RRTMK=0 -DBUILD_SBM_FAST=1 -DSHOW_ALL_VARS_USED=0 -DCONFIG_BUF_LEN=65536 -DMAX_DOMAINS_F=21 -DMAX_HISTORY=25 -DNMM_NEST= -DWRF_CHEM -DBUILD_CHEM=1 -DWRF_KPP -I. -traditional-cpp -DUSE_NETCDF4_FEATURES -DWRFIO_NCD_LARGE_FILE_SUPPORT  write_decomp.b  > write_decomp.f90
rm -f write_decomp.b
ifort -c -O3 -ip -fp-model precise -w -ftz -align all -fno-alias -FR -convert big_endian    -real-size `expr 8 \* 4` -i4  write_decomp.f90
ifort -o write_decomp.exe module_kpp_racmpm_Precision.o module_kpp_racmpm_Parameters.o module_kpp_racmpm_JacobianSP.o      write_decomp.o  
echo racmpm > mech.tmp
make[1]: Leaving directory '/home/onishi/WRF/chem/KPP/util/write_decomp'
./write_decomp.exe
   -- in write_decomp
     for kpp mechanism: racmpm
 fname:<decomp_racmpm.inc>
make -i -r integr_edit
make[1]: Entering directory '/home/onishi/WRF/chem/KPP/util/write_decomp'
Makefile:50: warning: overriding recipe for target '.F.o'
../../../../configure.wrf:397: warning: ignoring old recipe for target '.F.o'
Makefile:58: warning: overriding recipe for target '.c.o'
../../../../configure.wrf:440: warning: ignoring old recipe for target '.c.o'
rm -f integr_edit.o
icc -c -w -O3 -ip -DRPC_TYPES=1  -DDM_PARALLEL -DLANDREAD_STUB=1 -DMAX_HISTORY=25 -DNMM_CORE= integr_edit.c
icc -o integr_edit.exe integr_edit.o
make[1]: Leaving directory '/home/onishi/WRF/chem/KPP/util/write_decomp'
./integr_edit.exe racmpm
   integr_edit: replacing     CALL racmpm_KppDecomp ( A, ising )
 
  END MODULE racmpm_Integrator
 make -i -r clean 
make[1]: Entering directory '/home/onishi/WRF/chem/KPP/util/write_decomp'
Makefile:50: warning: overriding recipe for target '.F.o'
../../../../configure.wrf:397: warning: ignoring old recipe for target '.F.o'
Makefile:58: warning: overriding recipe for target '.c.o'
../../../../configure.wrf:440: warning: ignoring old recipe for target '.c.o'
make[1]: Leaving directory '/home/onishi/WRF/chem/KPP/util/write_decomp'
=========================================================
mechanisms/racm
ln -s ../../util/Makefile_kpp mechanisms/racm/Makefile
ln -s ../chem/KPP/inc/racm/extra_args_to_update_rconst_racm.inc /home/onishi/WRF/inc
ln -s ../chem/KPP/inc/racm/extra_args_update_rconst_racm.inc /home/onishi/WRF/inc
ln -s ../chem/KPP/inc/racm/extra_decls_update_rconst_racm.inc /home/onishi/WRF/inc
ln -s ../chem/KPP/inc/racm/kpp_mechd_a_racm.inc /home/onishi/WRF/inc
ln -s ../chem/KPP/inc/racm/kpp_mechd_b_racm.inc /home/onishi/WRF/inc
ln -s ../chem/KPP/inc/racm/kpp_mechd_e_racm.inc /home/onishi/WRF/inc
ln -s ../chem/KPP/inc/racm/kpp_mechd_ia_racm.inc /home/onishi/WRF/inc
ln -s ../chem/KPP/inc/racm/kpp_mechd_ib_racm.inc /home/onishi/WRF/inc
ln -s ../chem/KPP/inc/racm/kpp_mechd_ibu_racm.inc /home/onishi/WRF/inc
ln -s ../chem/KPP/inc/racm/kpp_mechd_l_racm.inc /home/onishi/WRF/inc
ln -s ../chem/KPP/inc/racm/kpp_mechd_u_racm.inc /home/onishi/WRF/inc
model racm
/home/onishi/WRF/chem/KPP/kpp/kpp-2.1/bin/kpp racm.kpp

This is KPP-2.1.

KPP is parsing the equation file.
KPP was told to generate WRF conform code
KPP is computing Jacobian sparsity structure.
KPP is starting the code generation.
KPP is initializing the code generation.
 
 KPP is using the WRF conform integrator routine: 
 /home/onishi/WRF/chem/KPP/kpp/kpp-2.1/int/WRF_conform/rosenbrock 

KPP is generating the monitor data:
    - racm_Monitor
KPP is generating the utility data:
    - racm_Util
KPP is generating the global declarations:
    - racm_Main
KPP is generating the ODE function:
    - racm_Function
KPP is generating the ODE Jacobian:
    - racm_Jacobian
    - racm_JacobianSP
KPP is generating the linear algebra routines:
    - racm_LinearAlgebra
KPP is generating the utility functions:
    - racm_Util
KPP is generating the rate laws:
    - racm_Rates
KPP is generating UpdateRconstWRF (WRF conform): 
    - racm_UpdateRconst
KPP is generating the parameters:
    - racm_Parameters
KPP is generating the global data:
    - racm_Global
KPP is generating the driver from general.f90:
    - racm_Main
KPP is starting the code post-processing.

KPP has succesfully created the model "racm".

cp -f racm_Integrator.f90 ../../../module_kpp_racm_Integr.F
cp -f racm_Parameters.f90 ../../../module_kpp_racm_Parameters.F
cp -f racm_Precision.f90 ../../../module_kpp_racm_Precision.F
cp -f racm_JacobianSP.f90 ../../../module_kpp_racm_JacobianSP.F
cp -f racm_Jacobian.f90 ../../../module_kpp_racm_Jacobian.F
cp -f racm_Update_Rconst.f90 ../../../module_kpp_racm_Update_Rconst.F
touch ../../util/run_wkc
Makefile:50: warning: overriding recipe for target '.F.o'
../../../../configure.wrf:397: warning: ignoring old recipe for target '.F.o'
Makefile:58: warning: overriding recipe for target '.c.o'
../../../../configure.wrf:440: warning: ignoring old recipe for target '.c.o'
rm -f decomp_uses.inc
echo USE racm_Parameters > decomp_uses.inc
echo USE racm_JacobianSP >> decomp_uses.inc
ln -sf  ../../../module_kpp_racm_Precision.F
ln -sf  ../../../module_kpp_racm_Parameters.F
ln -sf  ../../../module_kpp_racm_JacobianSP.F
ln -sf  ../../../module_kpp_racm_Integr.F
make -i -r comp
make[1]: Entering directory '/home/onishi/WRF/chem/KPP/util/write_decomp'
Makefile:50: warning: overriding recipe for target '.F.o'
../../../../configure.wrf:397: warning: ignoring old recipe for target '.F.o'
Makefile:58: warning: overriding recipe for target '.c.o'
../../../../configure.wrf:440: warning: ignoring old recipe for target '.c.o'
rm -f module_kpp_racm_Precision.o
sed -f ../../../../arch/standard.sed module_kpp_racm_Precision.F > module_kpp_racm_Precision.b 
/lib/cpp -P -nostdinc -I/external/ioapi_share -I../../../../inc -DEM_CORE= -DNMM_CORE= -DNMM_MAX_DIM=2600 -DDA_CORE= -DWRFPLUS= -DIWORDSIZE=4 -DDWORDSIZE=8 -DRWORDSIZE=4 -DLWORDSIZE=4 -DNONSTANDARD_SYSTEM_FUNC  -DWRF_USE_CLM -DUSE_NETCDF4_FEATURES -DWRFIO_NCD_LARGE_FILE_SUPPORT  -DDM_PARALLEL -DNETCDF -DGRIB2 -DHDF5 -DLANDREAD_STUB=1 -DUSE_ALLOCATABLES -Dwrfmodel -DGRIB1 -DINTIO -DKEEP_INT_AROUND -DLIMIT_ARGS -DBUILD_RRTMG_FAST=0 -DBUILD_RRTMK=0 -DBUILD_SBM_FAST=1 -DSHOW_ALL_VARS_USED=0 -DCONFIG_BUF_LEN=65536 -DMAX_DOMAINS_F=21 -DMAX_HISTORY=25 -DNMM_NEST= -DWRF_CHEM -DBUILD_CHEM=1 -DWRF_KPP -I. -traditional-cpp -DUSE_NETCDF4_FEATURES -DWRFIO_NCD_LARGE_FILE_SUPPORT  module_kpp_racm_Precision.b  > module_kpp_racm_Precision.f90
rm -f module_kpp_racm_Precision.b
ifort -c -O3 -ip -fp-model precise -w -ftz -align all -fno-alias -FR -convert big_endian    -real-size `expr 8 \* 4` -i4  module_kpp_racm_Precision.f90
rm -f module_kpp_racm_Parameters.o
sed -f ../../../../arch/standard.sed module_kpp_racm_Parameters.F > module_kpp_racm_Parameters.b 
/lib/cpp -P -nostdinc -I/external/ioapi_share -I../../../../inc -DEM_CORE= -DNMM_CORE= -DNMM_MAX_DIM=2600 -DDA_CORE= -DWRFPLUS= -DIWORDSIZE=4 -DDWORDSIZE=8 -DRWORDSIZE=4 -DLWORDSIZE=4 -DNONSTANDARD_SYSTEM_FUNC  -DWRF_USE_CLM -DUSE_NETCDF4_FEATURES -DWRFIO_NCD_LARGE_FILE_SUPPORT  -DDM_PARALLEL -DNETCDF -DGRIB2 -DHDF5 -DLANDREAD_STUB=1 -DUSE_ALLOCATABLES -Dwrfmodel -DGRIB1 -DINTIO -DKEEP_INT_AROUND -DLIMIT_ARGS -DBUILD_RRTMG_FAST=0 -DBUILD_RRTMK=0 -DBUILD_SBM_FAST=1 -DSHOW_ALL_VARS_USED=0 -DCONFIG_BUF_LEN=65536 -DMAX_DOMAINS_F=21 -DMAX_HISTORY=25 -DNMM_NEST= -DWRF_CHEM -DBUILD_CHEM=1 -DWRF_KPP -I. -traditional-cpp -DUSE_NETCDF4_FEATURES -DWRFIO_NCD_LARGE_FILE_SUPPORT  module_kpp_racm_Parameters.b  > module_kpp_racm_Parameters.f90
rm -f module_kpp_racm_Parameters.b
ifort -c -O3 -ip -fp-model precise -w -ftz -align all -fno-alias -FR -convert big_endian    -real-size `expr 8 \* 4` -i4  module_kpp_racm_Parameters.f90
rm -f module_kpp_racm_JacobianSP.o
sed -f ../../../../arch/standard.sed module_kpp_racm_JacobianSP.F > module_kpp_racm_JacobianSP.b 
/lib/cpp -P -nostdinc -I/external/ioapi_share -I../../../../inc -DEM_CORE= -DNMM_CORE= -DNMM_MAX_DIM=2600 -DDA_CORE= -DWRFPLUS= -DIWORDSIZE=4 -DDWORDSIZE=8 -DRWORDSIZE=4 -DLWORDSIZE=4 -DNONSTANDARD_SYSTEM_FUNC  -DWRF_USE_CLM -DUSE_NETCDF4_FEATURES -DWRFIO_NCD_LARGE_FILE_SUPPORT  -DDM_PARALLEL -DNETCDF -DGRIB2 -DHDF5 -DLANDREAD_STUB=1 -DUSE_ALLOCATABLES -Dwrfmodel -DGRIB1 -DINTIO -DKEEP_INT_AROUND -DLIMIT_ARGS -DBUILD_RRTMG_FAST=0 -DBUILD_RRTMK=0 -DBUILD_SBM_FAST=1 -DSHOW_ALL_VARS_USED=0 -DCONFIG_BUF_LEN=65536 -DMAX_DOMAINS_F=21 -DMAX_HISTORY=25 -DNMM_NEST= -DWRF_CHEM -DBUILD_CHEM=1 -DWRF_KPP -I. -traditional-cpp -DUSE_NETCDF4_FEATURES -DWRFIO_NCD_LARGE_FILE_SUPPORT  module_kpp_racm_JacobianSP.b  > module_kpp_racm_JacobianSP.f90
rm -f module_kpp_racm_JacobianSP.b
ifort -c -O3 -ip -fp-model precise -w -ftz -align all -fno-alias -FR -convert big_endian    -real-size `expr 8 \* 4` -i4  module_kpp_racm_JacobianSP.f90
rm -f write_decomp.o
sed -f ../../../../arch/standard.sed write_decomp.F > write_decomp.b 
/lib/cpp -P -nostdinc -I/external/ioapi_share -I../../../../inc -DEM_CORE= -DNMM_CORE= -DNMM_MAX_DIM=2600 -DDA_CORE= -DWRFPLUS= -DIWORDSIZE=4 -DDWORDSIZE=8 -DRWORDSIZE=4 -DLWORDSIZE=4 -DNONSTANDARD_SYSTEM_FUNC  -DWRF_USE_CLM -DUSE_NETCDF4_FEATURES -DWRFIO_NCD_LARGE_FILE_SUPPORT  -DDM_PARALLEL -DNETCDF -DGRIB2 -DHDF5 -DLANDREAD_STUB=1 -DUSE_ALLOCATABLES -Dwrfmodel -DGRIB1 -DINTIO -DKEEP_INT_AROUND -DLIMIT_ARGS -DBUILD_RRTMG_FAST=0 -DBUILD_RRTMK=0 -DBUILD_SBM_FAST=1 -DSHOW_ALL_VARS_USED=0 -DCONFIG_BUF_LEN=65536 -DMAX_DOMAINS_F=21 -DMAX_HISTORY=25 -DNMM_NEST= -DWRF_CHEM -DBUILD_CHEM=1 -DWRF_KPP -I. -traditional-cpp -DUSE_NETCDF4_FEATURES -DWRFIO_NCD_LARGE_FILE_SUPPORT  write_decomp.b  > write_decomp.f90
rm -f write_decomp.b
ifort -c -O3 -ip -fp-model precise -w -ftz -align all -fno-alias -FR -convert big_endian    -real-size `expr 8 \* 4` -i4  write_decomp.f90
ifort -o write_decomp.exe module_kpp_racm_Precision.o module_kpp_racm_Parameters.o module_kpp_racm_JacobianSP.o      write_decomp.o  
echo racm > mech.tmp
make[1]: Leaving directory '/home/onishi/WRF/chem/KPP/util/write_decomp'
./write_decomp.exe
   -- in write_decomp
     for kpp mechanism: racm
 fname:<decomp_racm.inc>
make -i -r integr_edit
make[1]: Entering directory '/home/onishi/WRF/chem/KPP/util/write_decomp'
Makefile:50: warning: overriding recipe for target '.F.o'
../../../../configure.wrf:397: warning: ignoring old recipe for target '.F.o'
Makefile:58: warning: overriding recipe for target '.c.o'
../../../../configure.wrf:440: warning: ignoring old recipe for target '.c.o'
rm -f integr_edit.o
icc -c -w -O3 -ip -DRPC_TYPES=1  -DDM_PARALLEL -DLANDREAD_STUB=1 -DMAX_HISTORY=25 -DNMM_CORE= integr_edit.c
icc -o integr_edit.exe integr_edit.o
make[1]: Leaving directory '/home/onishi/WRF/chem/KPP/util/write_decomp'
./integr_edit.exe racm
   integr_edit: replacing     CALL racm_KppDecomp ( A, ising )
 
  END MODULE racm_Integrator
 make -i -r clean 
make[1]: Entering directory '/home/onishi/WRF/chem/KPP/util/write_decomp'
Makefile:50: warning: overriding recipe for target '.F.o'
../../../../configure.wrf:397: warning: ignoring old recipe for target '.F.o'
Makefile:58: warning: overriding recipe for target '.c.o'
../../../../configure.wrf:440: warning: ignoring old recipe for target '.c.o'
make[1]: Leaving directory '/home/onishi/WRF/chem/KPP/util/write_decomp'
=========================================================
mechanisms/racm_soa_vbs_aqchem
ln -s ../../util/Makefile_kpp mechanisms/racm_soa_vbs_aqchem/Makefile
ln -s ../chem/KPP/inc/racm_soa_vbs_aqchem/extra_args_to_update_rconst_racm_soa_vbs_aqchem.inc /home/onishi/WRF/inc
ln -s ../chem/KPP/inc/racm_soa_vbs_aqchem/extra_args_update_rconst_racm_soa_vbs_aqchem.inc /home/onishi/WRF/inc
ln -s ../chem/KPP/inc/racm_soa_vbs_aqchem/extra_decls_update_rconst_racm_soa_vbs_aqchem.inc /home/onishi/WRF/inc
ln -s ../chem/KPP/inc/racm_soa_vbs_aqchem/kpp_mechd_a_racm_soa_vbs_aqchem.inc /home/onishi/WRF/inc
ln -s ../chem/KPP/inc/racm_soa_vbs_aqchem/kpp_mechd_b_racm_soa_vbs_aqchem.inc /home/onishi/WRF/inc
ln -s ../chem/KPP/inc/racm_soa_vbs_aqchem/kpp_mechd_e_racm_soa_vbs_aqchem.inc /home/onishi/WRF/inc
ln -s ../chem/KPP/inc/racm_soa_vbs_aqchem/kpp_mechd_ia_racm_soa_vbs_aqchem.inc /home/onishi/WRF/inc
ln -s ../chem/KPP/inc/racm_soa_vbs_aqchem/kpp_mechd_ib_racm_soa_vbs_aqchem.inc /home/onishi/WRF/inc
ln -s ../chem/KPP/inc/racm_soa_vbs_aqchem/kpp_mechd_ibu_racm_soa_vbs_aqchem.inc /home/onishi/WRF/inc
ln -s ../chem/KPP/inc/racm_soa_vbs_aqchem/kpp_mechd_l_racm_soa_vbs_aqchem.inc /home/onishi/WRF/inc
ln -s ../chem/KPP/inc/racm_soa_vbs_aqchem/kpp_mechd_u_racm_soa_vbs_aqchem.inc /home/onishi/WRF/inc
model racm_soa_vbs_aqchem
/home/onishi/WRF/chem/KPP/kpp/kpp-2.1/bin/kpp racm_soa_vbs_aqchem.kpp

This is KPP-2.1.

KPP is parsing the equation file.
KPP was told to generate WRF conform code
KPP is computing Jacobian sparsity structure.
KPP is starting the code generation.
KPP is initializing the code generation.
 
 KPP is using the WRF conform integrator routine: 
 /home/onishi/WRF/chem/KPP/kpp/kpp-2.1/int/WRF_conform/rosenbrock 

KPP is generating the monitor data:
    - racm_soa_vbs_aqchem_Monitor
KPP is generating the utility data:
    - racm_soa_vbs_aqchem_Util
KPP is generating the global declarations:
    - racm_soa_vbs_aqchem_Main
KPP is generating the ODE function:
    - racm_soa_vbs_aqchem_Function
KPP is generating the ODE Jacobian:
    - racm_soa_vbs_aqchem_Jacobian
    - racm_soa_vbs_aqchem_JacobianSP
KPP is generating the linear algebra routines:
    - racm_soa_vbs_aqchem_LinearAlgebra
KPP is generating the utility functions:
    - racm_soa_vbs_aqchem_Util
KPP is generating the rate laws:
    - racm_soa_vbs_aqchem_Rates
KPP is generating UpdateRconstWRF (WRF conform): 
    - racm_soa_vbs_aqchem_UpdateRconst
KPP is generating the parameters:
    - racm_soa_vbs_aqchem_Parameters
KPP is generating the global data:
    - racm_soa_vbs_aqchem_Global
KPP is generating the driver from general.f90:
    - racm_soa_vbs_aqchem_Main
KPP is starting the code post-processing.

KPP has succesfully created the model "racm_soa_vbs_aqchem".

cp -f racm_soa_vbs_aqchem_Integrator.f90 ../../../module_kpp_racm_soa_vbs_aqchem_Integr.F
cp -f racm_soa_vbs_aqchem_Parameters.f90 ../../../module_kpp_racm_soa_vbs_aqchem_Parameters.F
cp -f racm_soa_vbs_aqchem_Precision.f90 ../../../module_kpp_racm_soa_vbs_aqchem_Precision.F
cp -f racm_soa_vbs_aqchem_JacobianSP.f90 ../../../module_kpp_racm_soa_vbs_aqchem_JacobianSP.F
cp -f racm_soa_vbs_aqchem_Jacobian.f90 ../../../module_kpp_racm_soa_vbs_aqchem_Jacobian.F
cp -f racm_soa_vbs_aqchem_Update_Rconst.f90 ../../../module_kpp_racm_soa_vbs_aqchem_Update_Rconst.F
touch ../../util/run_wkc
Makefile:50: warning: overriding recipe for target '.F.o'
../../../../configure.wrf:397: warning: ignoring old recipe for target '.F.o'
Makefile:58: warning: overriding recipe for target '.c.o'
../../../../configure.wrf:440: warning: ignoring old recipe for target '.c.o'
rm -f decomp_uses.inc
echo USE racm_soa_vbs_aqchem_Parameters > decomp_uses.inc
echo USE racm_soa_vbs_aqchem_JacobianSP >> decomp_uses.inc
ln -sf  ../../../module_kpp_racm_soa_vbs_aqchem_Precision.F
ln -sf  ../../../module_kpp_racm_soa_vbs_aqchem_Parameters.F
ln -sf  ../../../module_kpp_racm_soa_vbs_aqchem_JacobianSP.F
ln -sf  ../../../module_kpp_racm_soa_vbs_aqchem_Integr.F
make -i -r comp
make[1]: Entering directory '/home/onishi/WRF/chem/KPP/util/write_decomp'
Makefile:50: warning: overriding recipe for target '.F.o'
../../../../configure.wrf:397: warning: ignoring old recipe for target '.F.o'
Makefile:58: warning: overriding recipe for target '.c.o'
../../../../configure.wrf:440: warning: ignoring old recipe for target '.c.o'
rm -f module_kpp_racm_soa_vbs_aqchem_Precision.o
sed -f ../../../../arch/standard.sed module_kpp_racm_soa_vbs_aqchem_Precision.F > module_kpp_racm_soa_vbs_aqchem_Precision.b 
/lib/cpp -P -nostdinc -I/external/ioapi_share -I../../../../inc -DEM_CORE= -DNMM_CORE= -DNMM_MAX_DIM=2600 -DDA_CORE= -DWRFPLUS= -DIWORDSIZE=4 -DDWORDSIZE=8 -DRWORDSIZE=4 -DLWORDSIZE=4 -DNONSTANDARD_SYSTEM_FUNC  -DWRF_USE_CLM -DUSE_NETCDF4_FEATURES -DWRFIO_NCD_LARGE_FILE_SUPPORT  -DDM_PARALLEL -DNETCDF -DGRIB2 -DHDF5 -DLANDREAD_STUB=1 -DUSE_ALLOCATABLES -Dwrfmodel -DGRIB1 -DINTIO -DKEEP_INT_AROUND -DLIMIT_ARGS -DBUILD_RRTMG_FAST=0 -DBUILD_RRTMK=0 -DBUILD_SBM_FAST=1 -DSHOW_ALL_VARS_USED=0 -DCONFIG_BUF_LEN=65536 -DMAX_DOMAINS_F=21 -DMAX_HISTORY=25 -DNMM_NEST= -DWRF_CHEM -DBUILD_CHEM=1 -DWRF_KPP -I. -traditional-cpp -DUSE_NETCDF4_FEATURES -DWRFIO_NCD_LARGE_FILE_SUPPORT  module_kpp_racm_soa_vbs_aqchem_Precision.b  > module_kpp_racm_soa_vbs_aqchem_Precision.f90
rm -f module_kpp_racm_soa_vbs_aqchem_Precision.b
ifort -c -O3 -ip -fp-model precise -w -ftz -align all -fno-alias -FR -convert big_endian    -real-size `expr 8 \* 4` -i4  module_kpp_racm_soa_vbs_aqchem_Precision.f90
rm -f module_kpp_racm_soa_vbs_aqchem_Parameters.o
sed -f ../../../../arch/standard.sed module_kpp_racm_soa_vbs_aqchem_Parameters.F > module_kpp_racm_soa_vbs_aqchem_Parameters.b 
/lib/cpp -P -nostdinc -I/external/ioapi_share -I../../../../inc -DEM_CORE= -DNMM_CORE= -DNMM_MAX_DIM=2600 -DDA_CORE= -DWRFPLUS= -DIWORDSIZE=4 -DDWORDSIZE=8 -DRWORDSIZE=4 -DLWORDSIZE=4 -DNONSTANDARD_SYSTEM_FUNC  -DWRF_USE_CLM -DUSE_NETCDF4_FEATURES -DWRFIO_NCD_LARGE_FILE_SUPPORT  -DDM_PARALLEL -DNETCDF -DGRIB2 -DHDF5 -DLANDREAD_STUB=1 -DUSE_ALLOCATABLES -Dwrfmodel -DGRIB1 -DINTIO -DKEEP_INT_AROUND -DLIMIT_ARGS -DBUILD_RRTMG_FAST=0 -DBUILD_RRTMK=0 -DBUILD_SBM_FAST=1 -DSHOW_ALL_VARS_USED=0 -DCONFIG_BUF_LEN=65536 -DMAX_DOMAINS_F=21 -DMAX_HISTORY=25 -DNMM_NEST= -DWRF_CHEM -DBUILD_CHEM=1 -DWRF_KPP -I. -traditional-cpp -DUSE_NETCDF4_FEATURES -DWRFIO_NCD_LARGE_FILE_SUPPORT  module_kpp_racm_soa_vbs_aqchem_Parameters.b  > module_kpp_racm_soa_vbs_aqchem_Parameters.f90
rm -f module_kpp_racm_soa_vbs_aqchem_Parameters.b
ifort -c -O3 -ip -fp-model precise -w -ftz -align all -fno-alias -FR -convert big_endian    -real-size `expr 8 \* 4` -i4  module_kpp_racm_soa_vbs_aqchem_Parameters.f90
rm -f module_kpp_racm_soa_vbs_aqchem_JacobianSP.o
sed -f ../../../../arch/standard.sed module_kpp_racm_soa_vbs_aqchem_JacobianSP.F > module_kpp_racm_soa_vbs_aqchem_JacobianSP.b 
/lib/cpp -P -nostdinc -I/external/ioapi_share -I../../../../inc -DEM_CORE= -DNMM_CORE= -DNMM_MAX_DIM=2600 -DDA_CORE= -DWRFPLUS= -DIWORDSIZE=4 -DDWORDSIZE=8 -DRWORDSIZE=4 -DLWORDSIZE=4 -DNONSTANDARD_SYSTEM_FUNC  -DWRF_USE_CLM -DUSE_NETCDF4_FEATURES -DWRFIO_NCD_LARGE_FILE_SUPPORT  -DDM_PARALLEL -DNETCDF -DGRIB2 -DHDF5 -DLANDREAD_STUB=1 -DUSE_ALLOCATABLES -Dwrfmodel -DGRIB1 -DINTIO -DKEEP_INT_AROUND -DLIMIT_ARGS -DBUILD_RRTMG_FAST=0 -DBUILD_RRTMK=0 -DBUILD_SBM_FAST=1 -DSHOW_ALL_VARS_USED=0 -DCONFIG_BUF_LEN=65536 -DMAX_DOMAINS_F=21 -DMAX_HISTORY=25 -DNMM_NEST= -DWRF_CHEM -DBUILD_CHEM=1 -DWRF_KPP -I. -traditional-cpp -DUSE_NETCDF4_FEATURES -DWRFIO_NCD_LARGE_FILE_SUPPORT  module_kpp_racm_soa_vbs_aqchem_JacobianSP.b  > module_kpp_racm_soa_vbs_aqchem_JacobianSP.f90
rm -f module_kpp_racm_soa_vbs_aqchem_JacobianSP.b
ifort -c -O3 -ip -fp-model precise -w -ftz -align all -fno-alias -FR -convert big_endian    -real-size `expr 8 \* 4` -i4  module_kpp_racm_soa_vbs_aqchem_JacobianSP.f90
rm -f write_decomp.o
sed -f ../../../../arch/standard.sed write_decomp.F > write_decomp.b 
/lib/cpp -P -nostdinc -I/external/ioapi_share -I../../../../inc -DEM_CORE= -DNMM_CORE= -DNMM_MAX_DIM=2600 -DDA_CORE= -DWRFPLUS= -DIWORDSIZE=4 -DDWORDSIZE=8 -DRWORDSIZE=4 -DLWORDSIZE=4 -DNONSTANDARD_SYSTEM_FUNC  -DWRF_USE_CLM -DUSE_NETCDF4_FEATURES -DWRFIO_NCD_LARGE_FILE_SUPPORT  -DDM_PARALLEL -DNETCDF -DGRIB2 -DHDF5 -DLANDREAD_STUB=1 -DUSE_ALLOCATABLES -Dwrfmodel -DGRIB1 -DINTIO -DKEEP_INT_AROUND -DLIMIT_ARGS -DBUILD_RRTMG_FAST=0 -DBUILD_RRTMK=0 -DBUILD_SBM_FAST=1 -DSHOW_ALL_VARS_USED=0 -DCONFIG_BUF_LEN=65536 -DMAX_DOMAINS_F=21 -DMAX_HISTORY=25 -DNMM_NEST= -DWRF_CHEM -DBUILD_CHEM=1 -DWRF_KPP -I. -traditional-cpp -DUSE_NETCDF4_FEATURES -DWRFIO_NCD_LARGE_FILE_SUPPORT  write_decomp.b  > write_decomp.f90
rm -f write_decomp.b
ifort -c -O3 -ip -fp-model precise -w -ftz -align all -fno-alias -FR -convert big_endian    -real-size `expr 8 \* 4` -i4  write_decomp.f90
ifort -o write_decomp.exe module_kpp_racm_soa_vbs_aqchem_Precision.o module_kpp_racm_soa_vbs_aqchem_Parameters.o module_kpp_racm_soa_vbs_aqchem_JacobianSP.o      write_decomp.o  
echo racm_soa_vbs_aqchem > mech.tmp
make[1]: Leaving directory '/home/onishi/WRF/chem/KPP/util/write_decomp'
./write_decomp.exe
   -- in write_decomp
     for kpp mechanism: racm_soa_vbs_aqchem
 fname:<decomp_racm_soa_vbs_aqchem.inc>
make -i -r integr_edit
make[1]: Entering directory '/home/onishi/WRF/chem/KPP/util/write_decomp'
Makefile:50: warning: overriding recipe for target '.F.o'
../../../../configure.wrf:397: warning: ignoring old recipe for target '.F.o'
Makefile:58: warning: overriding recipe for target '.c.o'
../../../../configure.wrf:440: warning: ignoring old recipe for target '.c.o'
rm -f integr_edit.o
icc -c -w -O3 -ip -DRPC_TYPES=1  -DDM_PARALLEL -DLANDREAD_STUB=1 -DMAX_HISTORY=25 -DNMM_CORE= integr_edit.c
icc -o integr_edit.exe integr_edit.o
make[1]: Leaving directory '/home/onishi/WRF/chem/KPP/util/write_decomp'
./integr_edit.exe racm_soa_vbs_aqchem
   integr_edit: replacing     CALL racm_soa_vbs_aqchem_KppDecomp ( A, ising )
 
  END MODULE racm_soa_vbs_aqchem_Integrator
 make -i -r clean 
make[1]: Entering directory '/home/onishi/WRF/chem/KPP/util/write_decomp'
Makefile:50: warning: overriding recipe for target '.F.o'
../../../../configure.wrf:397: warning: ignoring old recipe for target '.F.o'
Makefile:58: warning: overriding recipe for target '.c.o'
../../../../configure.wrf:440: warning: ignoring old recipe for target '.c.o'
make[1]: Leaving directory '/home/onishi/WRF/chem/KPP/util/write_decomp'
=========================================================
mechanisms/racm_soa_vbs_het
ln -s ../../util/Makefile_kpp mechanisms/racm_soa_vbs_het/Makefile
ln -s ../chem/KPP/inc/racm_soa_vbs_het/extra_args_to_update_rconst_racm_soa_vbs_het.inc /home/onishi/WRF/inc
ln -s ../chem/KPP/inc/racm_soa_vbs_het/extra_args_update_rconst_racm_soa_vbs_het.inc /home/onishi/WRF/inc
ln -s ../chem/KPP/inc/racm_soa_vbs_het/extra_decls_update_rconst_racm_soa_vbs_het.inc /home/onishi/WRF/inc
ln -s ../chem/KPP/inc/racm_soa_vbs_het/kpp_mechd_a_racm_soa_vbs_het.inc /home/onishi/WRF/inc
ln -s ../chem/KPP/inc/racm_soa_vbs_het/kpp_mechd_b_racm_soa_vbs_het.inc /home/onishi/WRF/inc
ln -s ../chem/KPP/inc/racm_soa_vbs_het/kpp_mechd_e_racm_soa_vbs_het.inc /home/onishi/WRF/inc
ln -s ../chem/KPP/inc/racm_soa_vbs_het/kpp_mechd_ia_racm_soa_vbs_het.inc /home/onishi/WRF/inc
ln -s ../chem/KPP/inc/racm_soa_vbs_het/kpp_mechd_ib_racm_soa_vbs_het.inc /home/onishi/WRF/inc
ln -s ../chem/KPP/inc/racm_soa_vbs_het/kpp_mechd_ibu_racm_soa_vbs_het.inc /home/onishi/WRF/inc
ln -s ../chem/KPP/inc/racm_soa_vbs_het/kpp_mechd_l_racm_soa_vbs_het.inc /home/onishi/WRF/inc
ln -s ../chem/KPP/inc/racm_soa_vbs_het/kpp_mechd_u_racm_soa_vbs_het.inc /home/onishi/WRF/inc
model racm_soa_vbs_het
/home/onishi/WRF/chem/KPP/kpp/kpp-2.1/bin/kpp racm_soa_vbs_het.kpp

This is KPP-2.1.

KPP is parsing the equation file.
KPP was told to generate WRF conform code
KPP is computing Jacobian sparsity structure.
KPP is starting the code generation.
KPP is initializing the code generation.
 
 KPP is using the WRF conform integrator routine: 
 /home/onishi/WRF/chem/KPP/kpp/kpp-2.1/int/WRF_conform/rosenbrock 

KPP is generating the monitor data:
    - racm_soa_vbs_het_Monitor
KPP is generating the utility data:
    - racm_soa_vbs_het_Util
KPP is generating the global declarations:
    - racm_soa_vbs_het_Main
KPP is generating the ODE function:
    - racm_soa_vbs_het_Function
KPP is generating the ODE Jacobian:
    - racm_soa_vbs_het_Jacobian
    - racm_soa_vbs_het_JacobianSP
KPP is generating the linear algebra routines:
    - racm_soa_vbs_het_LinearAlgebra
KPP is generating the utility functions:
    - racm_soa_vbs_het_Util
KPP is generating the rate laws:
    - racm_soa_vbs_het_Rates
KPP is generating UpdateRconstWRF (WRF conform): 
    - racm_soa_vbs_het_UpdateRconst
KPP is generating the parameters:
    - racm_soa_vbs_het_Parameters
KPP is generating the global data:
    - racm_soa_vbs_het_Global
KPP is generating the driver from general.f90:
    - racm_soa_vbs_het_Main
KPP is starting the code post-processing.

KPP has succesfully created the model "racm_soa_vbs_het".

cp -f racm_soa_vbs_het_Integrator.f90 ../../../module_kpp_racm_soa_vbs_het_Integr.F
cp -f racm_soa_vbs_het_Parameters.f90 ../../../module_kpp_racm_soa_vbs_het_Parameters.F
cp -f racm_soa_vbs_het_Precision.f90 ../../../module_kpp_racm_soa_vbs_het_Precision.F
cp -f racm_soa_vbs_het_JacobianSP.f90 ../../../module_kpp_racm_soa_vbs_het_JacobianSP.F
cp -f racm_soa_vbs_het_Jacobian.f90 ../../../module_kpp_racm_soa_vbs_het_Jacobian.F
cp -f racm_soa_vbs_het_Update_Rconst.f90 ../../../module_kpp_racm_soa_vbs_het_Update_Rconst.F
touch ../../util/run_wkc
Makefile:50: warning: overriding recipe for target '.F.o'
../../../../configure.wrf:397: warning: ignoring old recipe for target '.F.o'
Makefile:58: warning: overriding recipe for target '.c.o'
../../../../configure.wrf:440: warning: ignoring old recipe for target '.c.o'
rm -f decomp_uses.inc
echo USE racm_soa_vbs_het_Parameters > decomp_uses.inc
echo USE racm_soa_vbs_het_JacobianSP >> decomp_uses.inc
ln -sf  ../../../module_kpp_racm_soa_vbs_het_Precision.F
ln -sf  ../../../module_kpp_racm_soa_vbs_het_Parameters.F
ln -sf  ../../../module_kpp_racm_soa_vbs_het_JacobianSP.F
ln -sf  ../../../module_kpp_racm_soa_vbs_het_Integr.F
make -i -r comp
make[1]: Entering directory '/home/onishi/WRF/chem/KPP/util/write_decomp'
Makefile:50: warning: overriding recipe for target '.F.o'
../../../../configure.wrf:397: warning: ignoring old recipe for target '.F.o'
Makefile:58: warning: overriding recipe for target '.c.o'
../../../../configure.wrf:440: warning: ignoring old recipe for target '.c.o'
rm -f module_kpp_racm_soa_vbs_het_Precision.o
sed -f ../../../../arch/standard.sed module_kpp_racm_soa_vbs_het_Precision.F > module_kpp_racm_soa_vbs_het_Precision.b 
/lib/cpp -P -nostdinc -I/external/ioapi_share -I../../../../inc -DEM_CORE= -DNMM_CORE= -DNMM_MAX_DIM=2600 -DDA_CORE= -DWRFPLUS= -DIWORDSIZE=4 -DDWORDSIZE=8 -DRWORDSIZE=4 -DLWORDSIZE=4 -DNONSTANDARD_SYSTEM_FUNC  -DWRF_USE_CLM -DUSE_NETCDF4_FEATURES -DWRFIO_NCD_LARGE_FILE_SUPPORT  -DDM_PARALLEL -DNETCDF -DGRIB2 -DHDF5 -DLANDREAD_STUB=1 -DUSE_ALLOCATABLES -Dwrfmodel -DGRIB1 -DINTIO -DKEEP_INT_AROUND -DLIMIT_ARGS -DBUILD_RRTMG_FAST=0 -DBUILD_RRTMK=0 -DBUILD_SBM_FAST=1 -DSHOW_ALL_VARS_USED=0 -DCONFIG_BUF_LEN=65536 -DMAX_DOMAINS_F=21 -DMAX_HISTORY=25 -DNMM_NEST= -DWRF_CHEM -DBUILD_CHEM=1 -DWRF_KPP -I. -traditional-cpp -DUSE_NETCDF4_FEATURES -DWRFIO_NCD_LARGE_FILE_SUPPORT  module_kpp_racm_soa_vbs_het_Precision.b  > module_kpp_racm_soa_vbs_het_Precision.f90
rm -f module_kpp_racm_soa_vbs_het_Precision.b
ifort -c -O3 -ip -fp-model precise -w -ftz -align all -fno-alias -FR -convert big_endian    -real-size `expr 8 \* 4` -i4  module_kpp_racm_soa_vbs_het_Precision.f90
rm -f module_kpp_racm_soa_vbs_het_Parameters.o
sed -f ../../../../arch/standard.sed module_kpp_racm_soa_vbs_het_Parameters.F > module_kpp_racm_soa_vbs_het_Parameters.b 
/lib/cpp -P -nostdinc -I/external/ioapi_share -I../../../../inc -DEM_CORE= -DNMM_CORE= -DNMM_MAX_DIM=2600 -DDA_CORE= -DWRFPLUS= -DIWORDSIZE=4 -DDWORDSIZE=8 -DRWORDSIZE=4 -DLWORDSIZE=4 -DNONSTANDARD_SYSTEM_FUNC  -DWRF_USE_CLM -DUSE_NETCDF4_FEATURES -DWRFIO_NCD_LARGE_FILE_SUPPORT  -DDM_PARALLEL -DNETCDF -DGRIB2 -DHDF5 -DLANDREAD_STUB=1 -DUSE_ALLOCATABLES -Dwrfmodel -DGRIB1 -DINTIO -DKEEP_INT_AROUND -DLIMIT_ARGS -DBUILD_RRTMG_FAST=0 -DBUILD_RRTMK=0 -DBUILD_SBM_FAST=1 -DSHOW_ALL_VARS_USED=0 -DCONFIG_BUF_LEN=65536 -DMAX_DOMAINS_F=21 -DMAX_HISTORY=25 -DNMM_NEST= -DWRF_CHEM -DBUILD_CHEM=1 -DWRF_KPP -I. -traditional-cpp -DUSE_NETCDF4_FEATURES -DWRFIO_NCD_LARGE_FILE_SUPPORT  module_kpp_racm_soa_vbs_het_Parameters.b  > module_kpp_racm_soa_vbs_het_Parameters.f90
rm -f module_kpp_racm_soa_vbs_het_Parameters.b
ifort -c -O3 -ip -fp-model precise -w -ftz -align all -fno-alias -FR -convert big_endian    -real-size `expr 8 \* 4` -i4  module_kpp_racm_soa_vbs_het_Parameters.f90
rm -f module_kpp_racm_soa_vbs_het_JacobianSP.o
sed -f ../../../../arch/standard.sed module_kpp_racm_soa_vbs_het_JacobianSP.F > module_kpp_racm_soa_vbs_het_JacobianSP.b 
/lib/cpp -P -nostdinc -I/external/ioapi_share -I../../../../inc -DEM_CORE= -DNMM_CORE= -DNMM_MAX_DIM=2600 -DDA_CORE= -DWRFPLUS= -DIWORDSIZE=4 -DDWORDSIZE=8 -DRWORDSIZE=4 -DLWORDSIZE=4 -DNONSTANDARD_SYSTEM_FUNC  -DWRF_USE_CLM -DUSE_NETCDF4_FEATURES -DWRFIO_NCD_LARGE_FILE_SUPPORT  -DDM_PARALLEL -DNETCDF -DGRIB2 -DHDF5 -DLANDREAD_STUB=1 -DUSE_ALLOCATABLES -Dwrfmodel -DGRIB1 -DINTIO -DKEEP_INT_AROUND -DLIMIT_ARGS -DBUILD_RRTMG_FAST=0 -DBUILD_RRTMK=0 -DBUILD_SBM_FAST=1 -DSHOW_ALL_VARS_USED=0 -DCONFIG_BUF_LEN=65536 -DMAX_DOMAINS_F=21 -DMAX_HISTORY=25 -DNMM_NEST= -DWRF_CHEM -DBUILD_CHEM=1 -DWRF_KPP -I. -traditional-cpp -DUSE_NETCDF4_FEATURES -DWRFIO_NCD_LARGE_FILE_SUPPORT  module_kpp_racm_soa_vbs_het_JacobianSP.b  > module_kpp_racm_soa_vbs_het_JacobianSP.f90
rm -f module_kpp_racm_soa_vbs_het_JacobianSP.b
ifort -c -O3 -ip -fp-model precise -w -ftz -align all -fno-alias -FR -convert big_endian    -real-size `expr 8 \* 4` -i4  module_kpp_racm_soa_vbs_het_JacobianSP.f90
rm -f write_decomp.o
sed -f ../../../../arch/standard.sed write_decomp.F > write_decomp.b 
/lib/cpp -P -nostdinc -I/external/ioapi_share -I../../../../inc -DEM_CORE= -DNMM_CORE= -DNMM_MAX_DIM=2600 -DDA_CORE= -DWRFPLUS= -DIWORDSIZE=4 -DDWORDSIZE=8 -DRWORDSIZE=4 -DLWORDSIZE=4 -DNONSTANDARD_SYSTEM_FUNC  -DWRF_USE_CLM -DUSE_NETCDF4_FEATURES -DWRFIO_NCD_LARGE_FILE_SUPPORT  -DDM_PARALLEL -DNETCDF -DGRIB2 -DHDF5 -DLANDREAD_STUB=1 -DUSE_ALLOCATABLES -Dwrfmodel -DGRIB1 -DINTIO -DKEEP_INT_AROUND -DLIMIT_ARGS -DBUILD_RRTMG_FAST=0 -DBUILD_RRTMK=0 -DBUILD_SBM_FAST=1 -DSHOW_ALL_VARS_USED=0 -DCONFIG_BUF_LEN=65536 -DMAX_DOMAINS_F=21 -DMAX_HISTORY=25 -DNMM_NEST= -DWRF_CHEM -DBUILD_CHEM=1 -DWRF_KPP -I. -traditional-cpp -DUSE_NETCDF4_FEATURES -DWRFIO_NCD_LARGE_FILE_SUPPORT  write_decomp.b  > write_decomp.f90
rm -f write_decomp.b
ifort -c -O3 -ip -fp-model precise -w -ftz -align all -fno-alias -FR -convert big_endian    -real-size `expr 8 \* 4` -i4  write_decomp.f90
ifort -o write_decomp.exe module_kpp_racm_soa_vbs_het_Precision.o module_kpp_racm_soa_vbs_het_Parameters.o module_kpp_racm_soa_vbs_het_JacobianSP.o      write_decomp.o  
echo racm_soa_vbs_het > mech.tmp
make[1]: Leaving directory '/home/onishi/WRF/chem/KPP/util/write_decomp'
./write_decomp.exe
   -- in write_decomp
     for kpp mechanism: racm_soa_vbs_het
 fname:<decomp_racm_soa_vbs_het.inc>
make -i -r integr_edit
make[1]: Entering directory '/home/onishi/WRF/chem/KPP/util/write_decomp'
Makefile:50: warning: overriding recipe for target '.F.o'
../../../../configure.wrf:397: warning: ignoring old recipe for target '.F.o'
Makefile:58: warning: overriding recipe for target '.c.o'
../../../../configure.wrf:440: warning: ignoring old recipe for target '.c.o'
rm -f integr_edit.o
icc -c -w -O3 -ip -DRPC_TYPES=1  -DDM_PARALLEL -DLANDREAD_STUB=1 -DMAX_HISTORY=25 -DNMM_CORE= integr_edit.c
icc -o integr_edit.exe integr_edit.o
make[1]: Leaving directory '/home/onishi/WRF/chem/KPP/util/write_decomp'
./integr_edit.exe racm_soa_vbs_het
   integr_edit: replacing     CALL racm_soa_vbs_het_KppDecomp ( A, ising )
 
  END MODULE racm_soa_vbs_het_Integrator
 make -i -r clean 
make[1]: Entering directory '/home/onishi/WRF/chem/KPP/util/write_decomp'
Makefile:50: warning: overriding recipe for target '.F.o'
../../../../configure.wrf:397: warning: ignoring old recipe for target '.F.o'
Makefile:58: warning: overriding recipe for target '.c.o'
../../../../configure.wrf:440: warning: ignoring old recipe for target '.c.o'
make[1]: Leaving directory '/home/onishi/WRF/chem/KPP/util/write_decomp'
=========================================================
mechanisms/racm_soa_vbs
ln -s ../../util/Makefile_kpp mechanisms/racm_soa_vbs/Makefile
ln -s ../chem/KPP/inc/racm_soa_vbs/extra_args_to_update_rconst_racm_soa_vbs.inc /home/onishi/WRF/inc
ln -s ../chem/KPP/inc/racm_soa_vbs/extra_args_update_rconst_racm_soa_vbs.inc /home/onishi/WRF/inc
ln -s ../chem/KPP/inc/racm_soa_vbs/extra_decls_update_rconst_racm_soa_vbs.inc /home/onishi/WRF/inc
ln -s ../chem/KPP/inc/racm_soa_vbs/kpp_mechd_a_racm_soa_vbs.inc /home/onishi/WRF/inc
ln -s ../chem/KPP/inc/racm_soa_vbs/kpp_mechd_b_racm_soa_vbs.inc /home/onishi/WRF/inc
ln -s ../chem/KPP/inc/racm_soa_vbs/kpp_mechd_e_racm_soa_vbs.inc /home/onishi/WRF/inc
ln -s ../chem/KPP/inc/racm_soa_vbs/kpp_mechd_ia_racm_soa_vbs.inc /home/onishi/WRF/inc
ln -s ../chem/KPP/inc/racm_soa_vbs/kpp_mechd_ib_racm_soa_vbs.inc /home/onishi/WRF/inc
ln -s ../chem/KPP/inc/racm_soa_vbs/kpp_mechd_ibu_racm_soa_vbs.inc /home/onishi/WRF/inc
ln -s ../chem/KPP/inc/racm_soa_vbs/kpp_mechd_l_racm_soa_vbs.inc /home/onishi/WRF/inc
ln -s ../chem/KPP/inc/racm_soa_vbs/kpp_mechd_u_racm_soa_vbs.inc /home/onishi/WRF/inc
model racm_soa_vbs
/home/onishi/WRF/chem/KPP/kpp/kpp-2.1/bin/kpp racm_soa_vbs.kpp

This is KPP-2.1.

KPP is parsing the equation file.
KPP was told to generate WRF conform code
KPP is computing Jacobian sparsity structure.
KPP is starting the code generation.
KPP is initializing the code generation.
 
 KPP is using the WRF conform integrator routine: 
 /home/onishi/WRF/chem/KPP/kpp/kpp-2.1/int/WRF_conform/rosenbrock 

KPP is generating the monitor data:
    - racm_soa_vbs_Monitor
KPP is generating the utility data:
    - racm_soa_vbs_Util
KPP is generating the global declarations:
    - racm_soa_vbs_Main
KPP is generating the ODE function:
    - racm_soa_vbs_Function
KPP is generating the ODE Jacobian:
    - racm_soa_vbs_Jacobian
    - racm_soa_vbs_JacobianSP
KPP is generating the linear algebra routines:
    - racm_soa_vbs_LinearAlgebra
KPP is generating the utility functions:
    - racm_soa_vbs_Util
KPP is generating the rate laws:
    - racm_soa_vbs_Rates
KPP is generating UpdateRconstWRF (WRF conform): 
    - racm_soa_vbs_UpdateRconst
KPP is generating the parameters:
    - racm_soa_vbs_Parameters
KPP is generating the global data:
    - racm_soa_vbs_Global
KPP is generating the driver from general.f90:
    - racm_soa_vbs_Main
KPP is starting the code post-processing.

KPP has succesfully created the model "racm_soa_vbs".

cp -f racm_soa_vbs_Integrator.f90 ../../../module_kpp_racm_soa_vbs_Integr.F
cp -f racm_soa_vbs_Parameters.f90 ../../../module_kpp_racm_soa_vbs_Parameters.F
cp -f racm_soa_vbs_Precision.f90 ../../../module_kpp_racm_soa_vbs_Precision.F
cp -f racm_soa_vbs_JacobianSP.f90 ../../../module_kpp_racm_soa_vbs_JacobianSP.F
cp -f racm_soa_vbs_Jacobian.f90 ../../../module_kpp_racm_soa_vbs_Jacobian.F
cp -f racm_soa_vbs_Update_Rconst.f90 ../../../module_kpp_racm_soa_vbs_Update_Rconst.F
touch ../../util/run_wkc
Makefile:50: warning: overriding recipe for target '.F.o'
../../../../configure.wrf:397: warning: ignoring old recipe for target '.F.o'
Makefile:58: warning: overriding recipe for target '.c.o'
../../../../configure.wrf:440: warning: ignoring old recipe for target '.c.o'
rm -f decomp_uses.inc
echo USE racm_soa_vbs_Parameters > decomp_uses.inc
echo USE racm_soa_vbs_JacobianSP >> decomp_uses.inc
ln -sf  ../../../module_kpp_racm_soa_vbs_Precision.F
ln -sf  ../../../module_kpp_racm_soa_vbs_Parameters.F
ln -sf  ../../../module_kpp_racm_soa_vbs_JacobianSP.F
ln -sf  ../../../module_kpp_racm_soa_vbs_Integr.F
make -i -r comp
make[1]: Entering directory '/home/onishi/WRF/chem/KPP/util/write_decomp'
Makefile:50: warning: overriding recipe for target '.F.o'
../../../../configure.wrf:397: warning: ignoring old recipe for target '.F.o'
Makefile:58: warning: overriding recipe for target '.c.o'
../../../../configure.wrf:440: warning: ignoring old recipe for target '.c.o'
rm -f module_kpp_racm_soa_vbs_Precision.o
sed -f ../../../../arch/standard.sed module_kpp_racm_soa_vbs_Precision.F > module_kpp_racm_soa_vbs_Precision.b 
/lib/cpp -P -nostdinc -I/external/ioapi_share -I../../../../inc -DEM_CORE= -DNMM_CORE= -DNMM_MAX_DIM=2600 -DDA_CORE= -DWRFPLUS= -DIWORDSIZE=4 -DDWORDSIZE=8 -DRWORDSIZE=4 -DLWORDSIZE=4 -DNONSTANDARD_SYSTEM_FUNC  -DWRF_USE_CLM -DUSE_NETCDF4_FEATURES -DWRFIO_NCD_LARGE_FILE_SUPPORT  -DDM_PARALLEL -DNETCDF -DGRIB2 -DHDF5 -DLANDREAD_STUB=1 -DUSE_ALLOCATABLES -Dwrfmodel -DGRIB1 -DINTIO -DKEEP_INT_AROUND -DLIMIT_ARGS -DBUILD_RRTMG_FAST=0 -DBUILD_RRTMK=0 -DBUILD_SBM_FAST=1 -DSHOW_ALL_VARS_USED=0 -DCONFIG_BUF_LEN=65536 -DMAX_DOMAINS_F=21 -DMAX_HISTORY=25 -DNMM_NEST= -DWRF_CHEM -DBUILD_CHEM=1 -DWRF_KPP -I. -traditional-cpp -DUSE_NETCDF4_FEATURES -DWRFIO_NCD_LARGE_FILE_SUPPORT  module_kpp_racm_soa_vbs_Precision.b  > module_kpp_racm_soa_vbs_Precision.f90
rm -f module_kpp_racm_soa_vbs_Precision.b
ifort -c -O3 -ip -fp-model precise -w -ftz -align all -fno-alias -FR -convert big_endian    -real-size `expr 8 \* 4` -i4  module_kpp_racm_soa_vbs_Precision.f90
rm -f module_kpp_racm_soa_vbs_Parameters.o
sed -f ../../../../arch/standard.sed module_kpp_racm_soa_vbs_Parameters.F > module_kpp_racm_soa_vbs_Parameters.b 
/lib/cpp -P -nostdinc -I/external/ioapi_share -I../../../../inc -DEM_CORE= -DNMM_CORE= -DNMM_MAX_DIM=2600 -DDA_CORE= -DWRFPLUS= -DIWORDSIZE=4 -DDWORDSIZE=8 -DRWORDSIZE=4 -DLWORDSIZE=4 -DNONSTANDARD_SYSTEM_FUNC  -DWRF_USE_CLM -DUSE_NETCDF4_FEATURES -DWRFIO_NCD_LARGE_FILE_SUPPORT  -DDM_PARALLEL -DNETCDF -DGRIB2 -DHDF5 -DLANDREAD_STUB=1 -DUSE_ALLOCATABLES -Dwrfmodel -DGRIB1 -DINTIO -DKEEP_INT_AROUND -DLIMIT_ARGS -DBUILD_RRTMG_FAST=0 -DBUILD_RRTMK=0 -DBUILD_SBM_FAST=1 -DSHOW_ALL_VARS_USED=0 -DCONFIG_BUF_LEN=65536 -DMAX_DOMAINS_F=21 -DMAX_HISTORY=25 -DNMM_NEST= -DWRF_CHEM -DBUILD_CHEM=1 -DWRF_KPP -I. -traditional-cpp -DUSE_NETCDF4_FEATURES -DWRFIO_NCD_LARGE_FILE_SUPPORT  module_kpp_racm_soa_vbs_Parameters.b  > module_kpp_racm_soa_vbs_Parameters.f90
rm -f module_kpp_racm_soa_vbs_Parameters.b
ifort -c -O3 -ip -fp-model precise -w -ftz -align all -fno-alias -FR -convert big_endian    -real-size `expr 8 \* 4` -i4  module_kpp_racm_soa_vbs_Parameters.f90
rm -f module_kpp_racm_soa_vbs_JacobianSP.o
sed -f ../../../../arch/standard.sed module_kpp_racm_soa_vbs_JacobianSP.F > module_kpp_racm_soa_vbs_JacobianSP.b 
/lib/cpp -P -nostdinc -I/external/ioapi_share -I../../../../inc -DEM_CORE= -DNMM_CORE= -DNMM_MAX_DIM=2600 -DDA_CORE= -DWRFPLUS= -DIWORDSIZE=4 -DDWORDSIZE=8 -DRWORDSIZE=4 -DLWORDSIZE=4 -DNONSTANDARD_SYSTEM_FUNC  -DWRF_USE_CLM -DUSE_NETCDF4_FEATURES -DWRFIO_NCD_LARGE_FILE_SUPPORT  -DDM_PARALLEL -DNETCDF -DGRIB2 -DHDF5 -DLANDREAD_STUB=1 -DUSE_ALLOCATABLES -Dwrfmodel -DGRIB1 -DINTIO -DKEEP_INT_AROUND -DLIMIT_ARGS -DBUILD_RRTMG_FAST=0 -DBUILD_RRTMK=0 -DBUILD_SBM_FAST=1 -DSHOW_ALL_VARS_USED=0 -DCONFIG_BUF_LEN=65536 -DMAX_DOMAINS_F=21 -DMAX_HISTORY=25 -DNMM_NEST= -DWRF_CHEM -DBUILD_CHEM=1 -DWRF_KPP -I. -traditional-cpp -DUSE_NETCDF4_FEATURES -DWRFIO_NCD_LARGE_FILE_SUPPORT  module_kpp_racm_soa_vbs_JacobianSP.b  > module_kpp_racm_soa_vbs_JacobianSP.f90
rm -f module_kpp_racm_soa_vbs_JacobianSP.b
ifort -c -O3 -ip -fp-model precise -w -ftz -align all -fno-alias -FR -convert big_endian    -real-size `expr 8 \* 4` -i4  module_kpp_racm_soa_vbs_JacobianSP.f90
rm -f write_decomp.o
sed -f ../../../../arch/standard.sed write_decomp.F > write_decomp.b 
/lib/cpp -P -nostdinc -I/external/ioapi_share -I../../../../inc -DEM_CORE= -DNMM_CORE= -DNMM_MAX_DIM=2600 -DDA_CORE= -DWRFPLUS= -DIWORDSIZE=4 -DDWORDSIZE=8 -DRWORDSIZE=4 -DLWORDSIZE=4 -DNONSTANDARD_SYSTEM_FUNC  -DWRF_USE_CLM -DUSE_NETCDF4_FEATURES -DWRFIO_NCD_LARGE_FILE_SUPPORT  -DDM_PARALLEL -DNETCDF -DGRIB2 -DHDF5 -DLANDREAD_STUB=1 -DUSE_ALLOCATABLES -Dwrfmodel -DGRIB1 -DINTIO -DKEEP_INT_AROUND -DLIMIT_ARGS -DBUILD_RRTMG_FAST=0 -DBUILD_RRTMK=0 -DBUILD_SBM_FAST=1 -DSHOW_ALL_VARS_USED=0 -DCONFIG_BUF_LEN=65536 -DMAX_DOMAINS_F=21 -DMAX_HISTORY=25 -DNMM_NEST= -DWRF_CHEM -DBUILD_CHEM=1 -DWRF_KPP -I. -traditional-cpp -DUSE_NETCDF4_FEATURES -DWRFIO_NCD_LARGE_FILE_SUPPORT  write_decomp.b  > write_decomp.f90
rm -f write_decomp.b
ifort -c -O3 -ip -fp-model precise -w -ftz -align all -fno-alias -FR -convert big_endian    -real-size `expr 8 \* 4` -i4  write_decomp.f90
ifort -o write_decomp.exe module_kpp_racm_soa_vbs_Precision.o module_kpp_racm_soa_vbs_Parameters.o module_kpp_racm_soa_vbs_JacobianSP.o      write_decomp.o  
echo racm_soa_vbs > mech.tmp
make[1]: Leaving directory '/home/onishi/WRF/chem/KPP/util/write_decomp'
./write_decomp.exe
   -- in write_decomp
     for kpp mechanism: racm_soa_vbs
 fname:<decomp_racm_soa_vbs.inc>
make -i -r integr_edit
make[1]: Entering directory '/home/onishi/WRF/chem/KPP/util/write_decomp'
Makefile:50: warning: overriding recipe for target '.F.o'
../../../../configure.wrf:397: warning: ignoring old recipe for target '.F.o'
Makefile:58: warning: overriding recipe for target '.c.o'
../../../../configure.wrf:440: warning: ignoring old recipe for target '.c.o'
rm -f integr_edit.o
icc -c -w -O3 -ip -DRPC_TYPES=1  -DDM_PARALLEL -DLANDREAD_STUB=1 -DMAX_HISTORY=25 -DNMM_CORE= integr_edit.c
icc -o integr_edit.exe integr_edit.o
make[1]: Leaving directory '/home/onishi/WRF/chem/KPP/util/write_decomp'
./integr_edit.exe racm_soa_vbs
   integr_edit: replacing     CALL racm_soa_vbs_KppDecomp ( A, ising )
 
  END MODULE racm_soa_vbs_Integrator
 make -i -r clean 
make[1]: Entering directory '/home/onishi/WRF/chem/KPP/util/write_decomp'
Makefile:50: warning: overriding recipe for target '.F.o'
../../../../configure.wrf:397: warning: ignoring old recipe for target '.F.o'
Makefile:58: warning: overriding recipe for target '.c.o'
../../../../configure.wrf:440: warning: ignoring old recipe for target '.c.o'
make[1]: Leaving directory '/home/onishi/WRF/chem/KPP/util/write_decomp'
=========================================================
mechanisms/racmsorg_aqchem
ln -s ../../util/Makefile_kpp mechanisms/racmsorg_aqchem/Makefile
ln -s ../chem/KPP/inc/racmsorg_aqchem/extra_args_to_update_rconst_racmsorg_aqchem.inc /home/onishi/WRF/inc
ln -s ../chem/KPP/inc/racmsorg_aqchem/extra_args_update_rconst_racmsorg_aqchem.inc /home/onishi/WRF/inc
ln -s ../chem/KPP/inc/racmsorg_aqchem/extra_decls_update_rconst_racmsorg_aqchem.inc /home/onishi/WRF/inc
ln -s ../chem/KPP/inc/racmsorg_aqchem/kpp_mechd_a_racmsorg_aqchem.inc /home/onishi/WRF/inc
ln -s ../chem/KPP/inc/racmsorg_aqchem/kpp_mechd_b_racmsorg_aqchem.inc /home/onishi/WRF/inc
ln -s ../chem/KPP/inc/racmsorg_aqchem/kpp_mechd_e_racmsorg_aqchem.inc /home/onishi/WRF/inc
ln -s ../chem/KPP/inc/racmsorg_aqchem/kpp_mechd_ia_racmsorg_aqchem.inc /home/onishi/WRF/inc
ln -s ../chem/KPP/inc/racmsorg_aqchem/kpp_mechd_ib_racmsorg_aqchem.inc /home/onishi/WRF/inc
ln -s ../chem/KPP/inc/racmsorg_aqchem/kpp_mechd_ibu_racmsorg_aqchem.inc /home/onishi/WRF/inc
ln -s ../chem/KPP/inc/racmsorg_aqchem/kpp_mechd_l_racmsorg_aqchem.inc /home/onishi/WRF/inc
ln -s ../chem/KPP/inc/racmsorg_aqchem/kpp_mechd_u_racmsorg_aqchem.inc /home/onishi/WRF/inc
model racmsorg_aqchem
/home/onishi/WRF/chem/KPP/kpp/kpp-2.1/bin/kpp racmsorg_aqchem.kpp

This is KPP-2.1.

KPP is parsing the equation file.
KPP was told to generate WRF conform code
KPP is computing Jacobian sparsity structure.
KPP is starting the code generation.
KPP is initializing the code generation.
 
 KPP is using the WRF conform integrator routine: 
 /home/onishi/WRF/chem/KPP/kpp/kpp-2.1/int/WRF_conform/rosenbrock 

KPP is generating the monitor data:
    - racmsorg_aqchem_Monitor
KPP is generating the utility data:
    - racmsorg_aqchem_Util
KPP is generating the global declarations:
    - racmsorg_aqchem_Main
KPP is generating the ODE function:
    - racmsorg_aqchem_Function
KPP is generating the ODE Jacobian:
    - racmsorg_aqchem_Jacobian
    - racmsorg_aqchem_JacobianSP
KPP is generating the linear algebra routines:
    - racmsorg_aqchem_LinearAlgebra
KPP is generating the utility functions:
    - racmsorg_aqchem_Util
KPP is generating the rate laws:
    - racmsorg_aqchem_Rates
KPP is generating UpdateRconstWRF (WRF conform): 
    - racmsorg_aqchem_UpdateRconst
KPP is generating the parameters:
    - racmsorg_aqchem_Parameters
KPP is generating the global data:
    - racmsorg_aqchem_Global
KPP is generating the driver from general.f90:
    - racmsorg_aqchem_Main
KPP is starting the code post-processing.

KPP has succesfully created the model "racmsorg_aqchem".

cp -f racmsorg_aqchem_Integrator.f90 ../../../module_kpp_racmsorg_aqchem_Integr.F
cp -f racmsorg_aqchem_Parameters.f90 ../../../module_kpp_racmsorg_aqchem_Parameters.F
cp -f racmsorg_aqchem_Precision.f90 ../../../module_kpp_racmsorg_aqchem_Precision.F
cp -f racmsorg_aqchem_JacobianSP.f90 ../../../module_kpp_racmsorg_aqchem_JacobianSP.F
cp -f racmsorg_aqchem_Jacobian.f90 ../../../module_kpp_racmsorg_aqchem_Jacobian.F
cp -f racmsorg_aqchem_Update_Rconst.f90 ../../../module_kpp_racmsorg_aqchem_Update_Rconst.F
touch ../../util/run_wkc
Makefile:50: warning: overriding recipe for target '.F.o'
../../../../configure.wrf:397: warning: ignoring old recipe for target '.F.o'
Makefile:58: warning: overriding recipe for target '.c.o'
../../../../configure.wrf:440: warning: ignoring old recipe for target '.c.o'
rm -f decomp_uses.inc
echo USE racmsorg_aqchem_Parameters > decomp_uses.inc
echo USE racmsorg_aqchem_JacobianSP >> decomp_uses.inc
ln -sf  ../../../module_kpp_racmsorg_aqchem_Precision.F
ln -sf  ../../../module_kpp_racmsorg_aqchem_Parameters.F
ln -sf  ../../../module_kpp_racmsorg_aqchem_JacobianSP.F
ln -sf  ../../../module_kpp_racmsorg_aqchem_Integr.F
make -i -r comp
make[1]: Entering directory '/home/onishi/WRF/chem/KPP/util/write_decomp'
Makefile:50: warning: overriding recipe for target '.F.o'
../../../../configure.wrf:397: warning: ignoring old recipe for target '.F.o'
Makefile:58: warning: overriding recipe for target '.c.o'
../../../../configure.wrf:440: warning: ignoring old recipe for target '.c.o'
rm -f module_kpp_racmsorg_aqchem_Precision.o
sed -f ../../../../arch/standard.sed module_kpp_racmsorg_aqchem_Precision.F > module_kpp_racmsorg_aqchem_Precision.b 
/lib/cpp -P -nostdinc -I/external/ioapi_share -I../../../../inc -DEM_CORE= -DNMM_CORE= -DNMM_MAX_DIM=2600 -DDA_CORE= -DWRFPLUS= -DIWORDSIZE=4 -DDWORDSIZE=8 -DRWORDSIZE=4 -DLWORDSIZE=4 -DNONSTANDARD_SYSTEM_FUNC  -DWRF_USE_CLM -DUSE_NETCDF4_FEATURES -DWRFIO_NCD_LARGE_FILE_SUPPORT  -DDM_PARALLEL -DNETCDF -DGRIB2 -DHDF5 -DLANDREAD_STUB=1 -DUSE_ALLOCATABLES -Dwrfmodel -DGRIB1 -DINTIO -DKEEP_INT_AROUND -DLIMIT_ARGS -DBUILD_RRTMG_FAST=0 -DBUILD_RRTMK=0 -DBUILD_SBM_FAST=1 -DSHOW_ALL_VARS_USED=0 -DCONFIG_BUF_LEN=65536 -DMAX_DOMAINS_F=21 -DMAX_HISTORY=25 -DNMM_NEST= -DWRF_CHEM -DBUILD_CHEM=1 -DWRF_KPP -I. -traditional-cpp -DUSE_NETCDF4_FEATURES -DWRFIO_NCD_LARGE_FILE_SUPPORT  module_kpp_racmsorg_aqchem_Precision.b  > module_kpp_racmsorg_aqchem_Precision.f90
rm -f module_kpp_racmsorg_aqchem_Precision.b
ifort -c -O3 -ip -fp-model precise -w -ftz -align all -fno-alias -FR -convert big_endian    -real-size `expr 8 \* 4` -i4  module_kpp_racmsorg_aqchem_Precision.f90
rm -f module_kpp_racmsorg_aqchem_Parameters.o
sed -f ../../../../arch/standard.sed module_kpp_racmsorg_aqchem_Parameters.F > module_kpp_racmsorg_aqchem_Parameters.b 
/lib/cpp -P -nostdinc -I/external/ioapi_share -I../../../../inc -DEM_CORE= -DNMM_CORE= -DNMM_MAX_DIM=2600 -DDA_CORE= -DWRFPLUS= -DIWORDSIZE=4 -DDWORDSIZE=8 -DRWORDSIZE=4 -DLWORDSIZE=4 -DNONSTANDARD_SYSTEM_FUNC  -DWRF_USE_CLM -DUSE_NETCDF4_FEATURES -DWRFIO_NCD_LARGE_FILE_SUPPORT  -DDM_PARALLEL -DNETCDF -DGRIB2 -DHDF5 -DLANDREAD_STUB=1 -DUSE_ALLOCATABLES -Dwrfmodel -DGRIB1 -DINTIO -DKEEP_INT_AROUND -DLIMIT_ARGS -DBUILD_RRTMG_FAST=0 -DBUILD_RRTMK=0 -DBUILD_SBM_FAST=1 -DSHOW_ALL_VARS_USED=0 -DCONFIG_BUF_LEN=65536 -DMAX_DOMAINS_F=21 -DMAX_HISTORY=25 -DNMM_NEST= -DWRF_CHEM -DBUILD_CHEM=1 -DWRF_KPP -I. -traditional-cpp -DUSE_NETCDF4_FEATURES -DWRFIO_NCD_LARGE_FILE_SUPPORT  module_kpp_racmsorg_aqchem_Parameters.b  > module_kpp_racmsorg_aqchem_Parameters.f90
rm -f module_kpp_racmsorg_aqchem_Parameters.b
ifort -c -O3 -ip -fp-model precise -w -ftz -align all -fno-alias -FR -convert big_endian    -real-size `expr 8 \* 4` -i4  module_kpp_racmsorg_aqchem_Parameters.f90
rm -f module_kpp_racmsorg_aqchem_JacobianSP.o
sed -f ../../../../arch/standard.sed module_kpp_racmsorg_aqchem_JacobianSP.F > module_kpp_racmsorg_aqchem_JacobianSP.b 
/lib/cpp -P -nostdinc -I/external/ioapi_share -I../../../../inc -DEM_CORE= -DNMM_CORE= -DNMM_MAX_DIM=2600 -DDA_CORE= -DWRFPLUS= -DIWORDSIZE=4 -DDWORDSIZE=8 -DRWORDSIZE=4 -DLWORDSIZE=4 -DNONSTANDARD_SYSTEM_FUNC  -DWRF_USE_CLM -DUSE_NETCDF4_FEATURES -DWRFIO_NCD_LARGE_FILE_SUPPORT  -DDM_PARALLEL -DNETCDF -DGRIB2 -DHDF5 -DLANDREAD_STUB=1 -DUSE_ALLOCATABLES -Dwrfmodel -DGRIB1 -DINTIO -DKEEP_INT_AROUND -DLIMIT_ARGS -DBUILD_RRTMG_FAST=0 -DBUILD_RRTMK=0 -DBUILD_SBM_FAST=1 -DSHOW_ALL_VARS_USED=0 -DCONFIG_BUF_LEN=65536 -DMAX_DOMAINS_F=21 -DMAX_HISTORY=25 -DNMM_NEST= -DWRF_CHEM -DBUILD_CHEM=1 -DWRF_KPP -I. -traditional-cpp -DUSE_NETCDF4_FEATURES -DWRFIO_NCD_LARGE_FILE_SUPPORT  module_kpp_racmsorg_aqchem_JacobianSP.b  > module_kpp_racmsorg_aqchem_JacobianSP.f90
rm -f module_kpp_racmsorg_aqchem_JacobianSP.b
ifort -c -O3 -ip -fp-model precise -w -ftz -align all -fno-alias -FR -convert big_endian    -real-size `expr 8 \* 4` -i4  module_kpp_racmsorg_aqchem_JacobianSP.f90
rm -f write_decomp.o
sed -f ../../../../arch/standard.sed write_decomp.F > write_decomp.b 
/lib/cpp -P -nostdinc -I/external/ioapi_share -I../../../../inc -DEM_CORE= -DNMM_CORE= -DNMM_MAX_DIM=2600 -DDA_CORE= -DWRFPLUS= -DIWORDSIZE=4 -DDWORDSIZE=8 -DRWORDSIZE=4 -DLWORDSIZE=4 -DNONSTANDARD_SYSTEM_FUNC  -DWRF_USE_CLM -DUSE_NETCDF4_FEATURES -DWRFIO_NCD_LARGE_FILE_SUPPORT  -DDM_PARALLEL -DNETCDF -DGRIB2 -DHDF5 -DLANDREAD_STUB=1 -DUSE_ALLOCATABLES -Dwrfmodel -DGRIB1 -DINTIO -DKEEP_INT_AROUND -DLIMIT_ARGS -DBUILD_RRTMG_FAST=0 -DBUILD_RRTMK=0 -DBUILD_SBM_FAST=1 -DSHOW_ALL_VARS_USED=0 -DCONFIG_BUF_LEN=65536 -DMAX_DOMAINS_F=21 -DMAX_HISTORY=25 -DNMM_NEST= -DWRF_CHEM -DBUILD_CHEM=1 -DWRF_KPP -I. -traditional-cpp -DUSE_NETCDF4_FEATURES -DWRFIO_NCD_LARGE_FILE_SUPPORT  write_decomp.b  > write_decomp.f90
rm -f write_decomp.b
ifort -c -O3 -ip -fp-model precise -w -ftz -align all -fno-alias -FR -convert big_endian    -real-size `expr 8 \* 4` -i4  write_decomp.f90
ifort -o write_decomp.exe module_kpp_racmsorg_aqchem_Precision.o module_kpp_racmsorg_aqchem_Parameters.o module_kpp_racmsorg_aqchem_JacobianSP.o      write_decomp.o  
echo racmsorg_aqchem > mech.tmp
make[1]: Leaving directory '/home/onishi/WRF/chem/KPP/util/write_decomp'
./write_decomp.exe
   -- in write_decomp
     for kpp mechanism: racmsorg_aqchem
 fname:<decomp_racmsorg_aqchem.inc>
make -i -r integr_edit
make[1]: Entering directory '/home/onishi/WRF/chem/KPP/util/write_decomp'
Makefile:50: warning: overriding recipe for target '.F.o'
../../../../configure.wrf:397: warning: ignoring old recipe for target '.F.o'
Makefile:58: warning: overriding recipe for target '.c.o'
../../../../configure.wrf:440: warning: ignoring old recipe for target '.c.o'
rm -f integr_edit.o
icc -c -w -O3 -ip -DRPC_TYPES=1  -DDM_PARALLEL -DLANDREAD_STUB=1 -DMAX_HISTORY=25 -DNMM_CORE= integr_edit.c
icc -o integr_edit.exe integr_edit.o
make[1]: Leaving directory '/home/onishi/WRF/chem/KPP/util/write_decomp'
./integr_edit.exe racmsorg_aqchem
   integr_edit: replacing     CALL racmsorg_aqchem_KppDecomp ( A, ising )
 
  END MODULE racmsorg_aqchem_Integrator
 make -i -r clean 
make[1]: Entering directory '/home/onishi/WRF/chem/KPP/util/write_decomp'
Makefile:50: warning: overriding recipe for target '.F.o'
../../../../configure.wrf:397: warning: ignoring old recipe for target '.F.o'
Makefile:58: warning: overriding recipe for target '.c.o'
../../../../configure.wrf:440: warning: ignoring old recipe for target '.c.o'
make[1]: Leaving directory '/home/onishi/WRF/chem/KPP/util/write_decomp'
=========================================================
mechanisms/racmsorg
ln -s ../../util/Makefile_kpp mechanisms/racmsorg/Makefile
ln -s ../chem/KPP/inc/racmsorg/extra_args_to_update_rconst_racmsorg.inc /home/onishi/WRF/inc
ln -s ../chem/KPP/inc/racmsorg/extra_args_update_rconst_racmsorg.inc /home/onishi/WRF/inc
ln -s ../chem/KPP/inc/racmsorg/extra_decls_update_rconst_racmsorg.inc /home/onishi/WRF/inc
ln -s ../chem/KPP/inc/racmsorg/kpp_mechd_a_racmsorg.inc /home/onishi/WRF/inc
ln -s ../chem/KPP/inc/racmsorg/kpp_mechd_b_racmsorg.inc /home/onishi/WRF/inc
ln -s ../chem/KPP/inc/racmsorg/kpp_mechd_e_racmsorg.inc /home/onishi/WRF/inc
ln -s ../chem/KPP/inc/racmsorg/kpp_mechd_ia_racmsorg.inc /home/onishi/WRF/inc
ln -s ../chem/KPP/inc/racmsorg/kpp_mechd_ib_racmsorg.inc /home/onishi/WRF/inc
ln -s ../chem/KPP/inc/racmsorg/kpp_mechd_ibu_racmsorg.inc /home/onishi/WRF/inc
ln -s ../chem/KPP/inc/racmsorg/kpp_mechd_l_racmsorg.inc /home/onishi/WRF/inc
ln -s ../chem/KPP/inc/racmsorg/kpp_mechd_u_racmsorg.inc /home/onishi/WRF/inc
model racmsorg
/home/onishi/WRF/chem/KPP/kpp/kpp-2.1/bin/kpp racmsorg.kpp

This is KPP-2.1.

KPP is parsing the equation file.
KPP was told to generate WRF conform code
KPP is computing Jacobian sparsity structure.
KPP is starting the code generation.
KPP is initializing the code generation.
 
 KPP is using the WRF conform integrator routine: 
 /home/onishi/WRF/chem/KPP/kpp/kpp-2.1/int/WRF_conform/rosenbrock 

KPP is generating the monitor data:
    - racmsorg_Monitor
KPP is generating the utility data:
    - racmsorg_Util
KPP is generating the global declarations:
    - racmsorg_Main
KPP is generating the ODE function:
    - racmsorg_Function
KPP is generating the ODE Jacobian:
    - racmsorg_Jacobian
    - racmsorg_JacobianSP
KPP is generating the linear algebra routines:
    - racmsorg_LinearAlgebra
KPP is generating the utility functions:
    - racmsorg_Util
KPP is generating the rate laws:
    - racmsorg_Rates
KPP is generating UpdateRconstWRF (WRF conform): 
    - racmsorg_UpdateRconst
KPP is generating the parameters:
    - racmsorg_Parameters
KPP is generating the global data:
    - racmsorg_Global
KPP is generating the driver from general.f90:
    - racmsorg_Main
KPP is starting the code post-processing.

KPP has succesfully created the model "racmsorg".

cp -f racmsorg_Integrator.f90 ../../../module_kpp_racmsorg_Integr.F
cp -f racmsorg_Parameters.f90 ../../../module_kpp_racmsorg_Parameters.F
cp -f racmsorg_Precision.f90 ../../../module_kpp_racmsorg_Precision.F
cp -f racmsorg_JacobianSP.f90 ../../../module_kpp_racmsorg_JacobianSP.F
cp -f racmsorg_Jacobian.f90 ../../../module_kpp_racmsorg_Jacobian.F
cp -f racmsorg_Update_Rconst.f90 ../../../module_kpp_racmsorg_Update_Rconst.F
touch ../../util/run_wkc
Makefile:50: warning: overriding recipe for target '.F.o'
../../../../configure.wrf:397: warning: ignoring old recipe for target '.F.o'
Makefile:58: warning: overriding recipe for target '.c.o'
../../../../configure.wrf:440: warning: ignoring old recipe for target '.c.o'
rm -f decomp_uses.inc
echo USE racmsorg_Parameters > decomp_uses.inc
echo USE racmsorg_JacobianSP >> decomp_uses.inc
ln -sf  ../../../module_kpp_racmsorg_Precision.F
ln -sf  ../../../module_kpp_racmsorg_Parameters.F
ln -sf  ../../../module_kpp_racmsorg_JacobianSP.F
ln -sf  ../../../module_kpp_racmsorg_Integr.F
make -i -r comp
make[1]: Entering directory '/home/onishi/WRF/chem/KPP/util/write_decomp'
Makefile:50: warning: overriding recipe for target '.F.o'
../../../../configure.wrf:397: warning: ignoring old recipe for target '.F.o'
Makefile:58: warning: overriding recipe for target '.c.o'
../../../../configure.wrf:440: warning: ignoring old recipe for target '.c.o'
rm -f module_kpp_racmsorg_Precision.o
sed -f ../../../../arch/standard.sed module_kpp_racmsorg_Precision.F > module_kpp_racmsorg_Precision.b 
/lib/cpp -P -nostdinc -I/external/ioapi_share -I../../../../inc -DEM_CORE= -DNMM_CORE= -DNMM_MAX_DIM=2600 -DDA_CORE= -DWRFPLUS= -DIWORDSIZE=4 -DDWORDSIZE=8 -DRWORDSIZE=4 -DLWORDSIZE=4 -DNONSTANDARD_SYSTEM_FUNC  -DWRF_USE_CLM -DUSE_NETCDF4_FEATURES -DWRFIO_NCD_LARGE_FILE_SUPPORT  -DDM_PARALLEL -DNETCDF -DGRIB2 -DHDF5 -DLANDREAD_STUB=1 -DUSE_ALLOCATABLES -Dwrfmodel -DGRIB1 -DINTIO -DKEEP_INT_AROUND -DLIMIT_ARGS -DBUILD_RRTMG_FAST=0 -DBUILD_RRTMK=0 -DBUILD_SBM_FAST=1 -DSHOW_ALL_VARS_USED=0 -DCONFIG_BUF_LEN=65536 -DMAX_DOMAINS_F=21 -DMAX_HISTORY=25 -DNMM_NEST= -DWRF_CHEM -DBUILD_CHEM=1 -DWRF_KPP -I. -traditional-cpp -DUSE_NETCDF4_FEATURES -DWRFIO_NCD_LARGE_FILE_SUPPORT  module_kpp_racmsorg_Precision.b  > module_kpp_racmsorg_Precision.f90
rm -f module_kpp_racmsorg_Precision.b
ifort -c -O3 -ip -fp-model precise -w -ftz -align all -fno-alias -FR -convert big_endian    -real-size `expr 8 \* 4` -i4  module_kpp_racmsorg_Precision.f90
rm -f module_kpp_racmsorg_Parameters.o
sed -f ../../../../arch/standard.sed module_kpp_racmsorg_Parameters.F > module_kpp_racmsorg_Parameters.b 
/lib/cpp -P -nostdinc -I/external/ioapi_share -I../../../../inc -DEM_CORE= -DNMM_CORE= -DNMM_MAX_DIM=2600 -DDA_CORE= -DWRFPLUS= -DIWORDSIZE=4 -DDWORDSIZE=8 -DRWORDSIZE=4 -DLWORDSIZE=4 -DNONSTANDARD_SYSTEM_FUNC  -DWRF_USE_CLM -DUSE_NETCDF4_FEATURES -DWRFIO_NCD_LARGE_FILE_SUPPORT  -DDM_PARALLEL -DNETCDF -DGRIB2 -DHDF5 -DLANDREAD_STUB=1 -DUSE_ALLOCATABLES -Dwrfmodel -DGRIB1 -DINTIO -DKEEP_INT_AROUND -DLIMIT_ARGS -DBUILD_RRTMG_FAST=0 -DBUILD_RRTMK=0 -DBUILD_SBM_FAST=1 -DSHOW_ALL_VARS_USED=0 -DCONFIG_BUF_LEN=65536 -DMAX_DOMAINS_F=21 -DMAX_HISTORY=25 -DNMM_NEST= -DWRF_CHEM -DBUILD_CHEM=1 -DWRF_KPP -I. -traditional-cpp -DUSE_NETCDF4_FEATURES -DWRFIO_NCD_LARGE_FILE_SUPPORT  module_kpp_racmsorg_Parameters.b  > module_kpp_racmsorg_Parameters.f90
rm -f module_kpp_racmsorg_Parameters.b
ifort -c -O3 -ip -fp-model precise -w -ftz -align all -fno-alias -FR -convert big_endian    -real-size `expr 8 \* 4` -i4  module_kpp_racmsorg_Parameters.f90
rm -f module_kpp_racmsorg_JacobianSP.o
sed -f ../../../../arch/standard.sed module_kpp_racmsorg_JacobianSP.F > module_kpp_racmsorg_JacobianSP.b 
/lib/cpp -P -nostdinc -I/external/ioapi_share -I../../../../inc -DEM_CORE= -DNMM_CORE= -DNMM_MAX_DIM=2600 -DDA_CORE= -DWRFPLUS= -DIWORDSIZE=4 -DDWORDSIZE=8 -DRWORDSIZE=4 -DLWORDSIZE=4 -DNONSTANDARD_SYSTEM_FUNC  -DWRF_USE_CLM -DUSE_NETCDF4_FEATURES -DWRFIO_NCD_LARGE_FILE_SUPPORT  -DDM_PARALLEL -DNETCDF -DGRIB2 -DHDF5 -DLANDREAD_STUB=1 -DUSE_ALLOCATABLES -Dwrfmodel -DGRIB1 -DINTIO -DKEEP_INT_AROUND -DLIMIT_ARGS -DBUILD_RRTMG_FAST=0 -DBUILD_RRTMK=0 -DBUILD_SBM_FAST=1 -DSHOW_ALL_VARS_USED=0 -DCONFIG_BUF_LEN=65536 -DMAX_DOMAINS_F=21 -DMAX_HISTORY=25 -DNMM_NEST= -DWRF_CHEM -DBUILD_CHEM=1 -DWRF_KPP -I. -traditional-cpp -DUSE_NETCDF4_FEATURES -DWRFIO_NCD_LARGE_FILE_SUPPORT  module_kpp_racmsorg_JacobianSP.b  > module_kpp_racmsorg_JacobianSP.f90
rm -f module_kpp_racmsorg_JacobianSP.b
ifort -c -O3 -ip -fp-model precise -w -ftz -align all -fno-alias -FR -convert big_endian    -real-size `expr 8 \* 4` -i4  module_kpp_racmsorg_JacobianSP.f90
rm -f write_decomp.o
sed -f ../../../../arch/standard.sed write_decomp.F > write_decomp.b 
/lib/cpp -P -nostdinc -I/external/ioapi_share -I../../../../inc -DEM_CORE= -DNMM_CORE= -DNMM_MAX_DIM=2600 -DDA_CORE= -DWRFPLUS= -DIWORDSIZE=4 -DDWORDSIZE=8 -DRWORDSIZE=4 -DLWORDSIZE=4 -DNONSTANDARD_SYSTEM_FUNC  -DWRF_USE_CLM -DUSE_NETCDF4_FEATURES -DWRFIO_NCD_LARGE_FILE_SUPPORT  -DDM_PARALLEL -DNETCDF -DGRIB2 -DHDF5 -DLANDREAD_STUB=1 -DUSE_ALLOCATABLES -Dwrfmodel -DGRIB1 -DINTIO -DKEEP_INT_AROUND -DLIMIT_ARGS -DBUILD_RRTMG_FAST=0 -DBUILD_RRTMK=0 -DBUILD_SBM_FAST=1 -DSHOW_ALL_VARS_USED=0 -DCONFIG_BUF_LEN=65536 -DMAX_DOMAINS_F=21 -DMAX_HISTORY=25 -DNMM_NEST= -DWRF_CHEM -DBUILD_CHEM=1 -DWRF_KPP -I. -traditional-cpp -DUSE_NETCDF4_FEATURES -DWRFIO_NCD_LARGE_FILE_SUPPORT  write_decomp.b  > write_decomp.f90
rm -f write_decomp.b
ifort -c -O3 -ip -fp-model precise -w -ftz -align all -fno-alias -FR -convert big_endian    -real-size `expr 8 \* 4` -i4  write_decomp.f90
ifort -o write_decomp.exe module_kpp_racmsorg_Precision.o module_kpp_racmsorg_Parameters.o module_kpp_racmsorg_JacobianSP.o      write_decomp.o  
echo racmsorg > mech.tmp
make[1]: Leaving directory '/home/onishi/WRF/chem/KPP/util/write_decomp'
./write_decomp.exe
   -- in write_decomp
     for kpp mechanism: racmsorg
 fname:<decomp_racmsorg.inc>
make -i -r integr_edit
make[1]: Entering directory '/home/onishi/WRF/chem/KPP/util/write_decomp'
Makefile:50: warning: overriding recipe for target '.F.o'
../../../../configure.wrf:397: warning: ignoring old recipe for target '.F.o'
Makefile:58: warning: overriding recipe for target '.c.o'
../../../../configure.wrf:440: warning: ignoring old recipe for target '.c.o'
rm -f integr_edit.o
icc -c -w -O3 -ip -DRPC_TYPES=1  -DDM_PARALLEL -DLANDREAD_STUB=1 -DMAX_HISTORY=25 -DNMM_CORE= integr_edit.c
icc -o integr_edit.exe integr_edit.o
make[1]: Leaving directory '/home/onishi/WRF/chem/KPP/util/write_decomp'
./integr_edit.exe racmsorg
   integr_edit: replacing     CALL racmsorg_KppDecomp ( A, ising )
 
  END MODULE racmsorg_Integrator
 make -i -r clean 
make[1]: Entering directory '/home/onishi/WRF/chem/KPP/util/write_decomp'
Makefile:50: warning: overriding recipe for target '.F.o'
../../../../configure.wrf:397: warning: ignoring old recipe for target '.F.o'
Makefile:58: warning: overriding recipe for target '.c.o'
../../../../configure.wrf:440: warning: ignoring old recipe for target '.c.o'
make[1]: Leaving directory '/home/onishi/WRF/chem/KPP/util/write_decomp'
=========================================================
mechanisms/radm2
ln -s ../../util/Makefile_kpp mechanisms/radm2/Makefile
ln -s ../chem/KPP/inc/radm2/extra_args_to_update_rconst_radm2.inc /home/onishi/WRF/inc
ln -s ../chem/KPP/inc/radm2/extra_args_update_rconst_radm2.inc /home/onishi/WRF/inc
ln -s ../chem/KPP/inc/radm2/extra_decls_update_rconst_radm2.inc /home/onishi/WRF/inc
ln -s ../chem/KPP/inc/radm2/kpp_mechd_a_radm2.inc /home/onishi/WRF/inc
ln -s ../chem/KPP/inc/radm2/kpp_mechd_b_radm2.inc /home/onishi/WRF/inc
ln -s ../chem/KPP/inc/radm2/kpp_mechd_e_radm2.inc /home/onishi/WRF/inc
ln -s ../chem/KPP/inc/radm2/kpp_mechd_ia_radm2.inc /home/onishi/WRF/inc
ln -s ../chem/KPP/inc/radm2/kpp_mechd_ib_radm2.inc /home/onishi/WRF/inc
ln -s ../chem/KPP/inc/radm2/kpp_mechd_ibu_radm2.inc /home/onishi/WRF/inc
ln -s ../chem/KPP/inc/radm2/kpp_mechd_l_radm2.inc /home/onishi/WRF/inc
ln -s ../chem/KPP/inc/radm2/kpp_mechd_u_radm2.inc /home/onishi/WRF/inc
model radm2
/home/onishi/WRF/chem/KPP/kpp/kpp-2.1/bin/kpp radm2.kpp

This is KPP-2.1.

KPP is parsing the equation file.
KPP was told to generate WRF conform code
KPP is computing Jacobian sparsity structure.
KPP is starting the code generation.
KPP is initializing the code generation.
 
 KPP is using the WRF conform integrator routine: 
 /home/onishi/WRF/chem/KPP/kpp/kpp-2.1/int/WRF_conform/rosenbrock 

KPP is generating the monitor data:
    - radm2_Monitor
KPP is generating the utility data:
    - radm2_Util
KPP is generating the global declarations:
    - radm2_Main
KPP is generating the ODE function:
    - radm2_Function
KPP is generating the ODE Jacobian:
    - radm2_Jacobian
    - radm2_JacobianSP
KPP is generating the linear algebra routines:
    - radm2_LinearAlgebra
KPP is generating the utility functions:
    - radm2_Util
KPP is generating the rate laws:
    - radm2_Rates
KPP is generating UpdateRconstWRF (WRF conform): 
    - radm2_UpdateRconst
KPP is generating the parameters:
    - radm2_Parameters
KPP is generating the global data:
    - radm2_Global
KPP is generating the driver from general.f90:
    - radm2_Main
KPP is starting the code post-processing.

KPP has succesfully created the model "radm2".

cp -f radm2_Integrator.f90 ../../../module_kpp_radm2_Integr.F
cp -f radm2_Parameters.f90 ../../../module_kpp_radm2_Parameters.F
cp -f radm2_Precision.f90 ../../../module_kpp_radm2_Precision.F
cp -f radm2_JacobianSP.f90 ../../../module_kpp_radm2_JacobianSP.F
cp -f radm2_Jacobian.f90 ../../../module_kpp_radm2_Jacobian.F
cp -f radm2_Update_Rconst.f90 ../../../module_kpp_radm2_Update_Rconst.F
touch ../../util/run_wkc
Makefile:50: warning: overriding recipe for target '.F.o'
../../../../configure.wrf:397: warning: ignoring old recipe for target '.F.o'
Makefile:58: warning: overriding recipe for target '.c.o'
../../../../configure.wrf:440: warning: ignoring old recipe for target '.c.o'
rm -f decomp_uses.inc
echo USE radm2_Parameters > decomp_uses.inc
echo USE radm2_JacobianSP >> decomp_uses.inc
ln -sf  ../../../module_kpp_radm2_Precision.F
ln -sf  ../../../module_kpp_radm2_Parameters.F
ln -sf  ../../../module_kpp_radm2_JacobianSP.F
ln -sf  ../../../module_kpp_radm2_Integr.F
make -i -r comp
make[1]: Entering directory '/home/onishi/WRF/chem/KPP/util/write_decomp'
Makefile:50: warning: overriding recipe for target '.F.o'
../../../../configure.wrf:397: warning: ignoring old recipe for target '.F.o'
Makefile:58: warning: overriding recipe for target '.c.o'
../../../../configure.wrf:440: warning: ignoring old recipe for target '.c.o'
rm -f module_kpp_radm2_Precision.o
sed -f ../../../../arch/standard.sed module_kpp_radm2_Precision.F > module_kpp_radm2_Precision.b 
/lib/cpp -P -nostdinc -I/external/ioapi_share -I../../../../inc -DEM_CORE= -DNMM_CORE= -DNMM_MAX_DIM=2600 -DDA_CORE= -DWRFPLUS= -DIWORDSIZE=4 -DDWORDSIZE=8 -DRWORDSIZE=4 -DLWORDSIZE=4 -DNONSTANDARD_SYSTEM_FUNC  -DWRF_USE_CLM -DUSE_NETCDF4_FEATURES -DWRFIO_NCD_LARGE_FILE_SUPPORT  -DDM_PARALLEL -DNETCDF -DGRIB2 -DHDF5 -DLANDREAD_STUB=1 -DUSE_ALLOCATABLES -Dwrfmodel -DGRIB1 -DINTIO -DKEEP_INT_AROUND -DLIMIT_ARGS -DBUILD_RRTMG_FAST=0 -DBUILD_RRTMK=0 -DBUILD_SBM_FAST=1 -DSHOW_ALL_VARS_USED=0 -DCONFIG_BUF_LEN=65536 -DMAX_DOMAINS_F=21 -DMAX_HISTORY=25 -DNMM_NEST= -DWRF_CHEM -DBUILD_CHEM=1 -DWRF_KPP -I. -traditional-cpp -DUSE_NETCDF4_FEATURES -DWRFIO_NCD_LARGE_FILE_SUPPORT  module_kpp_radm2_Precision.b  > module_kpp_radm2_Precision.f90
rm -f module_kpp_radm2_Precision.b
ifort -c -O3 -ip -fp-model precise -w -ftz -align all -fno-alias -FR -convert big_endian    -real-size `expr 8 \* 4` -i4  module_kpp_radm2_Precision.f90
rm -f module_kpp_radm2_Parameters.o
sed -f ../../../../arch/standard.sed module_kpp_radm2_Parameters.F > module_kpp_radm2_Parameters.b 
/lib/cpp -P -nostdinc -I/external/ioapi_share -I../../../../inc -DEM_CORE= -DNMM_CORE= -DNMM_MAX_DIM=2600 -DDA_CORE= -DWRFPLUS= -DIWORDSIZE=4 -DDWORDSIZE=8 -DRWORDSIZE=4 -DLWORDSIZE=4 -DNONSTANDARD_SYSTEM_FUNC  -DWRF_USE_CLM -DUSE_NETCDF4_FEATURES -DWRFIO_NCD_LARGE_FILE_SUPPORT  -DDM_PARALLEL -DNETCDF -DGRIB2 -DHDF5 -DLANDREAD_STUB=1 -DUSE_ALLOCATABLES -Dwrfmodel -DGRIB1 -DINTIO -DKEEP_INT_AROUND -DLIMIT_ARGS -DBUILD_RRTMG_FAST=0 -DBUILD_RRTMK=0 -DBUILD_SBM_FAST=1 -DSHOW_ALL_VARS_USED=0 -DCONFIG_BUF_LEN=65536 -DMAX_DOMAINS_F=21 -DMAX_HISTORY=25 -DNMM_NEST= -DWRF_CHEM -DBUILD_CHEM=1 -DWRF_KPP -I. -traditional-cpp -DUSE_NETCDF4_FEATURES -DWRFIO_NCD_LARGE_FILE_SUPPORT  module_kpp_radm2_Parameters.b  > module_kpp_radm2_Parameters.f90
rm -f module_kpp_radm2_Parameters.b
ifort -c -O3 -ip -fp-model precise -w -ftz -align all -fno-alias -FR -convert big_endian    -real-size `expr 8 \* 4` -i4  module_kpp_radm2_Parameters.f90
rm -f module_kpp_radm2_JacobianSP.o
sed -f ../../../../arch/standard.sed module_kpp_radm2_JacobianSP.F > module_kpp_radm2_JacobianSP.b 
/lib/cpp -P -nostdinc -I/external/ioapi_share -I../../../../inc -DEM_CORE= -DNMM_CORE= -DNMM_MAX_DIM=2600 -DDA_CORE= -DWRFPLUS= -DIWORDSIZE=4 -DDWORDSIZE=8 -DRWORDSIZE=4 -DLWORDSIZE=4 -DNONSTANDARD_SYSTEM_FUNC  -DWRF_USE_CLM -DUSE_NETCDF4_FEATURES -DWRFIO_NCD_LARGE_FILE_SUPPORT  -DDM_PARALLEL -DNETCDF -DGRIB2 -DHDF5 -DLANDREAD_STUB=1 -DUSE_ALLOCATABLES -Dwrfmodel -DGRIB1 -DINTIO -DKEEP_INT_AROUND -DLIMIT_ARGS -DBUILD_RRTMG_FAST=0 -DBUILD_RRTMK=0 -DBUILD_SBM_FAST=1 -DSHOW_ALL_VARS_USED=0 -DCONFIG_BUF_LEN=65536 -DMAX_DOMAINS_F=21 -DMAX_HISTORY=25 -DNMM_NEST= -DWRF_CHEM -DBUILD_CHEM=1 -DWRF_KPP -I. -traditional-cpp -DUSE_NETCDF4_FEATURES -DWRFIO_NCD_LARGE_FILE_SUPPORT  module_kpp_radm2_JacobianSP.b  > module_kpp_radm2_JacobianSP.f90
rm -f module_kpp_radm2_JacobianSP.b
ifort -c -O3 -ip -fp-model precise -w -ftz -align all -fno-alias -FR -convert big_endian    -real-size `expr 8 \* 4` -i4  module_kpp_radm2_JacobianSP.f90
rm -f write_decomp.o
sed -f ../../../../arch/standard.sed write_decomp.F > write_decomp.b 
/lib/cpp -P -nostdinc -I/external/ioapi_share -I../../../../inc -DEM_CORE= -DNMM_CORE= -DNMM_MAX_DIM=2600 -DDA_CORE= -DWRFPLUS= -DIWORDSIZE=4 -DDWORDSIZE=8 -DRWORDSIZE=4 -DLWORDSIZE=4 -DNONSTANDARD_SYSTEM_FUNC  -DWRF_USE_CLM -DUSE_NETCDF4_FEATURES -DWRFIO_NCD_LARGE_FILE_SUPPORT  -DDM_PARALLEL -DNETCDF -DGRIB2 -DHDF5 -DLANDREAD_STUB=1 -DUSE_ALLOCATABLES -Dwrfmodel -DGRIB1 -DINTIO -DKEEP_INT_AROUND -DLIMIT_ARGS -DBUILD_RRTMG_FAST=0 -DBUILD_RRTMK=0 -DBUILD_SBM_FAST=1 -DSHOW_ALL_VARS_USED=0 -DCONFIG_BUF_LEN=65536 -DMAX_DOMAINS_F=21 -DMAX_HISTORY=25 -DNMM_NEST= -DWRF_CHEM -DBUILD_CHEM=1 -DWRF_KPP -I. -traditional-cpp -DUSE_NETCDF4_FEATURES -DWRFIO_NCD_LARGE_FILE_SUPPORT  write_decomp.b  > write_decomp.f90
rm -f write_decomp.b
ifort -c -O3 -ip -fp-model precise -w -ftz -align all -fno-alias -FR -convert big_endian    -real-size `expr 8 \* 4` -i4  write_decomp.f90
ifort -o write_decomp.exe module_kpp_radm2_Precision.o module_kpp_radm2_Parameters.o module_kpp_radm2_JacobianSP.o      write_decomp.o  
echo radm2 > mech.tmp
make[1]: Leaving directory '/home/onishi/WRF/chem/KPP/util/write_decomp'
./write_decomp.exe
   -- in write_decomp
     for kpp mechanism: radm2
 fname:<decomp_radm2.inc>
make -i -r integr_edit
make[1]: Entering directory '/home/onishi/WRF/chem/KPP/util/write_decomp'
Makefile:50: warning: overriding recipe for target '.F.o'
../../../../configure.wrf:397: warning: ignoring old recipe for target '.F.o'
Makefile:58: warning: overriding recipe for target '.c.o'
../../../../configure.wrf:440: warning: ignoring old recipe for target '.c.o'
rm -f integr_edit.o
icc -c -w -O3 -ip -DRPC_TYPES=1  -DDM_PARALLEL -DLANDREAD_STUB=1 -DMAX_HISTORY=25 -DNMM_CORE= integr_edit.c
icc -o integr_edit.exe integr_edit.o
make[1]: Leaving directory '/home/onishi/WRF/chem/KPP/util/write_decomp'
./integr_edit.exe radm2
   integr_edit: replacing     CALL radm2_KppDecomp ( A, ising )
 
  END MODULE radm2_Integrator
 make -i -r clean 
make[1]: Entering directory '/home/onishi/WRF/chem/KPP/util/write_decomp'
Makefile:50: warning: overriding recipe for target '.F.o'
../../../../configure.wrf:397: warning: ignoring old recipe for target '.F.o'
Makefile:58: warning: overriding recipe for target '.c.o'
../../../../configure.wrf:440: warning: ignoring old recipe for target '.c.o'
make[1]: Leaving directory '/home/onishi/WRF/chem/KPP/util/write_decomp'
=========================================================
mechanisms/radm2sorg
ln -s ../../util/Makefile_kpp mechanisms/radm2sorg/Makefile
ln -s ../chem/KPP/inc/radm2sorg/extra_args_to_update_rconst_radm2sorg.inc /home/onishi/WRF/inc
ln -s ../chem/KPP/inc/radm2sorg/extra_args_update_rconst_radm2sorg.inc /home/onishi/WRF/inc
ln -s ../chem/KPP/inc/radm2sorg/extra_decls_update_rconst_radm2sorg.inc /home/onishi/WRF/inc
ln -s ../chem/KPP/inc/radm2sorg/kpp_mechd_a_radm2sorg.inc /home/onishi/WRF/inc
ln -s ../chem/KPP/inc/radm2sorg/kpp_mechd_b_radm2sorg.inc /home/onishi/WRF/inc
ln -s ../chem/KPP/inc/radm2sorg/kpp_mechd_e_radm2sorg.inc /home/onishi/WRF/inc
ln -s ../chem/KPP/inc/radm2sorg/kpp_mechd_ia_radm2sorg.inc /home/onishi/WRF/inc
ln -s ../chem/KPP/inc/radm2sorg/kpp_mechd_ib_radm2sorg.inc /home/onishi/WRF/inc
ln -s ../chem/KPP/inc/radm2sorg/kpp_mechd_ibu_radm2sorg.inc /home/onishi/WRF/inc
ln -s ../chem/KPP/inc/radm2sorg/kpp_mechd_l_radm2sorg.inc /home/onishi/WRF/inc
ln -s ../chem/KPP/inc/radm2sorg/kpp_mechd_u_radm2sorg.inc /home/onishi/WRF/inc
model radm2sorg
/home/onishi/WRF/chem/KPP/kpp/kpp-2.1/bin/kpp radm2sorg.kpp

This is KPP-2.1.

KPP is parsing the equation file.
KPP was told to generate WRF conform code
KPP is computing Jacobian sparsity structure.
KPP is starting the code generation.
KPP is initializing the code generation.
 
 KPP is using the WRF conform integrator routine: 
 /home/onishi/WRF/chem/KPP/kpp/kpp-2.1/int/WRF_conform/rosenbrock 

KPP is generating the monitor data:
    - radm2sorg_Monitor
KPP is generating the utility data:
    - radm2sorg_Util
KPP is generating the global declarations:
    - radm2sorg_Main
KPP is generating the ODE function:
    - radm2sorg_Function
KPP is generating the ODE Jacobian:
    - radm2sorg_Jacobian
    - radm2sorg_JacobianSP
KPP is generating the linear algebra routines:
    - radm2sorg_LinearAlgebra
KPP is generating the utility functions:
    - radm2sorg_Util
KPP is generating the rate laws:
    - radm2sorg_Rates
KPP is generating UpdateRconstWRF (WRF conform): 
    - radm2sorg_UpdateRconst
KPP is generating the parameters:
    - radm2sorg_Parameters
KPP is generating the global data:
    - radm2sorg_Global
KPP is generating the driver from general.f90:
    - radm2sorg_Main
KPP is starting the code post-processing.

KPP has succesfully created the model "radm2sorg".

cp -f radm2sorg_Integrator.f90 ../../../module_kpp_radm2sorg_Integr.F
cp -f radm2sorg_Parameters.f90 ../../../module_kpp_radm2sorg_Parameters.F
cp -f radm2sorg_Precision.f90 ../../../module_kpp_radm2sorg_Precision.F
cp -f radm2sorg_JacobianSP.f90 ../../../module_kpp_radm2sorg_JacobianSP.F
cp -f radm2sorg_Jacobian.f90 ../../../module_kpp_radm2sorg_Jacobian.F
cp -f radm2sorg_Update_Rconst.f90 ../../../module_kpp_radm2sorg_Update_Rconst.F
touch ../../util/run_wkc
Makefile:50: warning: overriding recipe for target '.F.o'
../../../../configure.wrf:397: warning: ignoring old recipe for target '.F.o'
Makefile:58: warning: overriding recipe for target '.c.o'
../../../../configure.wrf:440: warning: ignoring old recipe for target '.c.o'
rm -f decomp_uses.inc
echo USE radm2sorg_Parameters > decomp_uses.inc
echo USE radm2sorg_JacobianSP >> decomp_uses.inc
ln -sf  ../../../module_kpp_radm2sorg_Precision.F
ln -sf  ../../../module_kpp_radm2sorg_Parameters.F
ln -sf  ../../../module_kpp_radm2sorg_JacobianSP.F
ln -sf  ../../../module_kpp_radm2sorg_Integr.F
make -i -r comp
make[1]: Entering directory '/home/onishi/WRF/chem/KPP/util/write_decomp'
Makefile:50: warning: overriding recipe for target '.F.o'
../../../../configure.wrf:397: warning: ignoring old recipe for target '.F.o'
Makefile:58: warning: overriding recipe for target '.c.o'
../../../../configure.wrf:440: warning: ignoring old recipe for target '.c.o'
rm -f module_kpp_radm2sorg_Precision.o
sed -f ../../../../arch/standard.sed module_kpp_radm2sorg_Precision.F > module_kpp_radm2sorg_Precision.b 
/lib/cpp -P -nostdinc -I/external/ioapi_share -I../../../../inc -DEM_CORE= -DNMM_CORE= -DNMM_MAX_DIM=2600 -DDA_CORE= -DWRFPLUS= -DIWORDSIZE=4 -DDWORDSIZE=8 -DRWORDSIZE=4 -DLWORDSIZE=4 -DNONSTANDARD_SYSTEM_FUNC  -DWRF_USE_CLM -DUSE_NETCDF4_FEATURES -DWRFIO_NCD_LARGE_FILE_SUPPORT  -DDM_PARALLEL -DNETCDF -DGRIB2 -DHDF5 -DLANDREAD_STUB=1 -DUSE_ALLOCATABLES -Dwrfmodel -DGRIB1 -DINTIO -DKEEP_INT_AROUND -DLIMIT_ARGS -DBUILD_RRTMG_FAST=0 -DBUILD_RRTMK=0 -DBUILD_SBM_FAST=1 -DSHOW_ALL_VARS_USED=0 -DCONFIG_BUF_LEN=65536 -DMAX_DOMAINS_F=21 -DMAX_HISTORY=25 -DNMM_NEST= -DWRF_CHEM -DBUILD_CHEM=1 -DWRF_KPP -I. -traditional-cpp -DUSE_NETCDF4_FEATURES -DWRFIO_NCD_LARGE_FILE_SUPPORT  module_kpp_radm2sorg_Precision.b  > module_kpp_radm2sorg_Precision.f90
rm -f module_kpp_radm2sorg_Precision.b
ifort -c -O3 -ip -fp-model precise -w -ftz -align all -fno-alias -FR -convert big_endian    -real-size `expr 8 \* 4` -i4  module_kpp_radm2sorg_Precision.f90
rm -f module_kpp_radm2sorg_Parameters.o
sed -f ../../../../arch/standard.sed module_kpp_radm2sorg_Parameters.F > module_kpp_radm2sorg_Parameters.b 
/lib/cpp -P -nostdinc -I/external/ioapi_share -I../../../../inc -DEM_CORE= -DNMM_CORE= -DNMM_MAX_DIM=2600 -DDA_CORE= -DWRFPLUS= -DIWORDSIZE=4 -DDWORDSIZE=8 -DRWORDSIZE=4 -DLWORDSIZE=4 -DNONSTANDARD_SYSTEM_FUNC  -DWRF_USE_CLM -DUSE_NETCDF4_FEATURES -DWRFIO_NCD_LARGE_FILE_SUPPORT  -DDM_PARALLEL -DNETCDF -DGRIB2 -DHDF5 -DLANDREAD_STUB=1 -DUSE_ALLOCATABLES -Dwrfmodel -DGRIB1 -DINTIO -DKEEP_INT_AROUND -DLIMIT_ARGS -DBUILD_RRTMG_FAST=0 -DBUILD_RRTMK=0 -DBUILD_SBM_FAST=1 -DSHOW_ALL_VARS_USED=0 -DCONFIG_BUF_LEN=65536 -DMAX_DOMAINS_F=21 -DMAX_HISTORY=25 -DNMM_NEST= -DWRF_CHEM -DBUILD_CHEM=1 -DWRF_KPP -I. -traditional-cpp -DUSE_NETCDF4_FEATURES -DWRFIO_NCD_LARGE_FILE_SUPPORT  module_kpp_radm2sorg_Parameters.b  > module_kpp_radm2sorg_Parameters.f90
rm -f module_kpp_radm2sorg_Parameters.b
ifort -c -O3 -ip -fp-model precise -w -ftz -align all -fno-alias -FR -convert big_endian    -real-size `expr 8 \* 4` -i4  module_kpp_radm2sorg_Parameters.f90
rm -f module_kpp_radm2sorg_JacobianSP.o
sed -f ../../../../arch/standard.sed module_kpp_radm2sorg_JacobianSP.F > module_kpp_radm2sorg_JacobianSP.b 
/lib/cpp -P -nostdinc -I/external/ioapi_share -I../../../../inc -DEM_CORE= -DNMM_CORE= -DNMM_MAX_DIM=2600 -DDA_CORE= -DWRFPLUS= -DIWORDSIZE=4 -DDWORDSIZE=8 -DRWORDSIZE=4 -DLWORDSIZE=4 -DNONSTANDARD_SYSTEM_FUNC  -DWRF_USE_CLM -DUSE_NETCDF4_FEATURES -DWRFIO_NCD_LARGE_FILE_SUPPORT  -DDM_PARALLEL -DNETCDF -DGRIB2 -DHDF5 -DLANDREAD_STUB=1 -DUSE_ALLOCATABLES -Dwrfmodel -DGRIB1 -DINTIO -DKEEP_INT_AROUND -DLIMIT_ARGS -DBUILD_RRTMG_FAST=0 -DBUILD_RRTMK=0 -DBUILD_SBM_FAST=1 -DSHOW_ALL_VARS_USED=0 -DCONFIG_BUF_LEN=65536 -DMAX_DOMAINS_F=21 -DMAX_HISTORY=25 -DNMM_NEST= -DWRF_CHEM -DBUILD_CHEM=1 -DWRF_KPP -I. -traditional-cpp -DUSE_NETCDF4_FEATURES -DWRFIO_NCD_LARGE_FILE_SUPPORT  module_kpp_radm2sorg_JacobianSP.b  > module_kpp_radm2sorg_JacobianSP.f90
rm -f module_kpp_radm2sorg_JacobianSP.b
ifort -c -O3 -ip -fp-model precise -w -ftz -align all -fno-alias -FR -convert big_endian    -real-size `expr 8 \* 4` -i4  module_kpp_radm2sorg_JacobianSP.f90
rm -f write_decomp.o
sed -f ../../../../arch/standard.sed write_decomp.F > write_decomp.b 
/lib/cpp -P -nostdinc -I/external/ioapi_share -I../../../../inc -DEM_CORE= -DNMM_CORE= -DNMM_MAX_DIM=2600 -DDA_CORE= -DWRFPLUS= -DIWORDSIZE=4 -DDWORDSIZE=8 -DRWORDSIZE=4 -DLWORDSIZE=4 -DNONSTANDARD_SYSTEM_FUNC  -DWRF_USE_CLM -DUSE_NETCDF4_FEATURES -DWRFIO_NCD_LARGE_FILE_SUPPORT  -DDM_PARALLEL -DNETCDF -DGRIB2 -DHDF5 -DLANDREAD_STUB=1 -DUSE_ALLOCATABLES -Dwrfmodel -DGRIB1 -DINTIO -DKEEP_INT_AROUND -DLIMIT_ARGS -DBUILD_RRTMG_FAST=0 -DBUILD_RRTMK=0 -DBUILD_SBM_FAST=1 -DSHOW_ALL_VARS_USED=0 -DCONFIG_BUF_LEN=65536 -DMAX_DOMAINS_F=21 -DMAX_HISTORY=25 -DNMM_NEST= -DWRF_CHEM -DBUILD_CHEM=1 -DWRF_KPP -I. -traditional-cpp -DUSE_NETCDF4_FEATURES -DWRFIO_NCD_LARGE_FILE_SUPPORT  write_decomp.b  > write_decomp.f90
rm -f write_decomp.b
ifort -c -O3 -ip -fp-model precise -w -ftz -align all -fno-alias -FR -convert big_endian    -real-size `expr 8 \* 4` -i4  write_decomp.f90
ifort -o write_decomp.exe module_kpp_radm2sorg_Precision.o module_kpp_radm2sorg_Parameters.o module_kpp_radm2sorg_JacobianSP.o      write_decomp.o  
echo radm2sorg > mech.tmp
make[1]: Leaving directory '/home/onishi/WRF/chem/KPP/util/write_decomp'
./write_decomp.exe
   -- in write_decomp
     for kpp mechanism: radm2sorg
 fname:<decomp_radm2sorg.inc>
make -i -r integr_edit
make[1]: Entering directory '/home/onishi/WRF/chem/KPP/util/write_decomp'
Makefile:50: warning: overriding recipe for target '.F.o'
../../../../configure.wrf:397: warning: ignoring old recipe for target '.F.o'
Makefile:58: warning: overriding recipe for target '.c.o'
../../../../configure.wrf:440: warning: ignoring old recipe for target '.c.o'
rm -f integr_edit.o
icc -c -w -O3 -ip -DRPC_TYPES=1  -DDM_PARALLEL -DLANDREAD_STUB=1 -DMAX_HISTORY=25 -DNMM_CORE= integr_edit.c
icc -o integr_edit.exe integr_edit.o
make[1]: Leaving directory '/home/onishi/WRF/chem/KPP/util/write_decomp'
./integr_edit.exe radm2sorg
   integr_edit: replacing     CALL radm2sorg_KppDecomp ( A, ising )
 
  END MODULE radm2sorg_Integrator
 make -i -r clean 
make[1]: Entering directory '/home/onishi/WRF/chem/KPP/util/write_decomp'
Makefile:50: warning: overriding recipe for target '.F.o'
../../../../configure.wrf:397: warning: ignoring old recipe for target '.F.o'
Makefile:58: warning: overriding recipe for target '.c.o'
../../../../configure.wrf:440: warning: ignoring old recipe for target '.c.o'
make[1]: Leaving directory '/home/onishi/WRF/chem/KPP/util/write_decomp'
=========================================================
mechanisms/saprc99_mosaic_4bin_vbs2
ln -s ../../util/Makefile_kpp mechanisms/saprc99_mosaic_4bin_vbs2/Makefile
ln -s ../chem/KPP/inc/saprc99_mosaic_4bin_vbs2/extra_args_to_update_rconst_saprc99_mosaic_4bin_vbs2.inc /home/onishi/WRF/inc
ln -s ../chem/KPP/inc/saprc99_mosaic_4bin_vbs2/extra_args_update_rconst_saprc99_mosaic_4bin_vbs2.inc /home/onishi/WRF/inc
ln -s ../chem/KPP/inc/saprc99_mosaic_4bin_vbs2/extra_decls_update_rconst_saprc99_mosaic_4bin_vbs2.inc /home/onishi/WRF/inc
ln -s ../chem/KPP/inc/saprc99_mosaic_4bin_vbs2/kpp_mechd_a_saprc99_mosaic_4bin_vbs2.inc /home/onishi/WRF/inc
ln -s ../chem/KPP/inc/saprc99_mosaic_4bin_vbs2/kpp_mechd_b_saprc99_mosaic_4bin_vbs2.inc /home/onishi/WRF/inc
ln -s ../chem/KPP/inc/saprc99_mosaic_4bin_vbs2/kpp_mechd_e_saprc99_mosaic_4bin_vbs2.inc /home/onishi/WRF/inc
ln -s ../chem/KPP/inc/saprc99_mosaic_4bin_vbs2/kpp_mechd_ia_saprc99_mosaic_4bin_vbs2.inc /home/onishi/WRF/inc
ln -s ../chem/KPP/inc/saprc99_mosaic_4bin_vbs2/kpp_mechd_ib_saprc99_mosaic_4bin_vbs2.inc /home/onishi/WRF/inc
ln -s ../chem/KPP/inc/saprc99_mosaic_4bin_vbs2/kpp_mechd_ibu_saprc99_mosaic_4bin_vbs2.inc /home/onishi/WRF/inc
ln -s ../chem/KPP/inc/saprc99_mosaic_4bin_vbs2/kpp_mechd_l_saprc99_mosaic_4bin_vbs2.inc /home/onishi/WRF/inc
ln -s ../chem/KPP/inc/saprc99_mosaic_4bin_vbs2/kpp_mechd_u_saprc99_mosaic_4bin_vbs2.inc /home/onishi/WRF/inc
model saprc99_mosaic_4bin_vbs2
/home/onishi/WRF/chem/KPP/kpp/kpp-2.1/bin/kpp saprc99_mosaic_4bin_vbs2.kpp

This is KPP-2.1.

KPP is parsing the equation file.
KPP was told to generate WRF conform code
KPP is computing Jacobian sparsity structure.
KPP is starting the code generation.
KPP is initializing the code generation.
 
 KPP is using the WRF conform integrator routine: 
 /home/onishi/WRF/chem/KPP/kpp/kpp-2.1/int/WRF_conform/rosenbrock 

KPP is generating the monitor data:
    - saprc99_mosaic_4bin_vbs2_Monitor
KPP is generating the utility data:
    - saprc99_mosaic_4bin_vbs2_Util
KPP is generating the global declarations:
    - saprc99_mosaic_4bin_vbs2_Main
KPP is generating the ODE function:
    - saprc99_mosaic_4bin_vbs2_Function
KPP is generating the ODE Jacobian:
    - saprc99_mosaic_4bin_vbs2_Jacobian
    - saprc99_mosaic_4bin_vbs2_JacobianSP
KPP is generating the linear algebra routines:
    - saprc99_mosaic_4bin_vbs2_LinearAlgebra
KPP is generating the utility functions:
    - saprc99_mosaic_4bin_vbs2_Util
KPP is generating the rate laws:
    - saprc99_mosaic_4bin_vbs2_Rates
KPP is generating UpdateRconstWRF (WRF conform): 
    - saprc99_mosaic_4bin_vbs2_UpdateRconst
KPP is generating the parameters:
    - saprc99_mosaic_4bin_vbs2_Parameters
KPP is generating the global data:
    - saprc99_mosaic_4bin_vbs2_Global
KPP is generating the driver from general.f90:
    - saprc99_mosaic_4bin_vbs2_Main
KPP is starting the code post-processing.

KPP has succesfully created the model "saprc99_mosaic_4bin_vbs2".

cp -f saprc99_mosaic_4bin_vbs2_Integrator.f90 ../../../module_kpp_saprc99_mosaic_4bin_vbs2_Integr.F
cp -f saprc99_mosaic_4bin_vbs2_Parameters.f90 ../../../module_kpp_saprc99_mosaic_4bin_vbs2_Parameters.F
cp -f saprc99_mosaic_4bin_vbs2_Precision.f90 ../../../module_kpp_saprc99_mosaic_4bin_vbs2_Precision.F
cp -f saprc99_mosaic_4bin_vbs2_JacobianSP.f90 ../../../module_kpp_saprc99_mosaic_4bin_vbs2_JacobianSP.F
cp -f saprc99_mosaic_4bin_vbs2_Jacobian.f90 ../../../module_kpp_saprc99_mosaic_4bin_vbs2_Jacobian.F
cp -f saprc99_mosaic_4bin_vbs2_Update_Rconst.f90 ../../../module_kpp_saprc99_mosaic_4bin_vbs2_Update_Rconst.F
touch ../../util/run_wkc
Makefile:50: warning: overriding recipe for target '.F.o'
../../../../configure.wrf:397: warning: ignoring old recipe for target '.F.o'
Makefile:58: warning: overriding recipe for target '.c.o'
../../../../configure.wrf:440: warning: ignoring old recipe for target '.c.o'
rm -f decomp_uses.inc
echo USE saprc99_mosaic_4bin_vbs2_Parameters > decomp_uses.inc
echo USE saprc99_mosaic_4bin_vbs2_JacobianSP >> decomp_uses.inc
ln -sf  ../../../module_kpp_saprc99_mosaic_4bin_vbs2_Precision.F
ln -sf  ../../../module_kpp_saprc99_mosaic_4bin_vbs2_Parameters.F
ln -sf  ../../../module_kpp_saprc99_mosaic_4bin_vbs2_JacobianSP.F
ln -sf  ../../../module_kpp_saprc99_mosaic_4bin_vbs2_Integr.F
make -i -r comp
make[1]: Entering directory '/home/onishi/WRF/chem/KPP/util/write_decomp'
Makefile:50: warning: overriding recipe for target '.F.o'
../../../../configure.wrf:397: warning: ignoring old recipe for target '.F.o'
Makefile:58: warning: overriding recipe for target '.c.o'
../../../../configure.wrf:440: warning: ignoring old recipe for target '.c.o'
rm -f module_kpp_saprc99_mosaic_4bin_vbs2_Precision.o
sed -f ../../../../arch/standard.sed module_kpp_saprc99_mosaic_4bin_vbs2_Precision.F > module_kpp_saprc99_mosaic_4bin_vbs2_Precision.b 
/lib/cpp -P -nostdinc -I/external/ioapi_share -I../../../../inc -DEM_CORE= -DNMM_CORE= -DNMM_MAX_DIM=2600 -DDA_CORE= -DWRFPLUS= -DIWORDSIZE=4 -DDWORDSIZE=8 -DRWORDSIZE=4 -DLWORDSIZE=4 -DNONSTANDARD_SYSTEM_FUNC  -DWRF_USE_CLM -DUSE_NETCDF4_FEATURES -DWRFIO_NCD_LARGE_FILE_SUPPORT  -DDM_PARALLEL -DNETCDF -DGRIB2 -DHDF5 -DLANDREAD_STUB=1 -DUSE_ALLOCATABLES -Dwrfmodel -DGRIB1 -DINTIO -DKEEP_INT_AROUND -DLIMIT_ARGS -DBUILD_RRTMG_FAST=0 -DBUILD_RRTMK=0 -DBUILD_SBM_FAST=1 -DSHOW_ALL_VARS_USED=0 -DCONFIG_BUF_LEN=65536 -DMAX_DOMAINS_F=21 -DMAX_HISTORY=25 -DNMM_NEST= -DWRF_CHEM -DBUILD_CHEM=1 -DWRF_KPP -I. -traditional-cpp -DUSE_NETCDF4_FEATURES -DWRFIO_NCD_LARGE_FILE_SUPPORT  module_kpp_saprc99_mosaic_4bin_vbs2_Precision.b  > module_kpp_saprc99_mosaic_4bin_vbs2_Precision.f90
rm -f module_kpp_saprc99_mosaic_4bin_vbs2_Precision.b
ifort -c -O3 -ip -fp-model precise -w -ftz -align all -fno-alias -FR -convert big_endian    -real-size `expr 8 \* 4` -i4  module_kpp_saprc99_mosaic_4bin_vbs2_Precision.f90
rm -f module_kpp_saprc99_mosaic_4bin_vbs2_Parameters.o
sed -f ../../../../arch/standard.sed module_kpp_saprc99_mosaic_4bin_vbs2_Parameters.F > module_kpp_saprc99_mosaic_4bin_vbs2_Parameters.b 
/lib/cpp -P -nostdinc -I/external/ioapi_share -I../../../../inc -DEM_CORE= -DNMM_CORE= -DNMM_MAX_DIM=2600 -DDA_CORE= -DWRFPLUS= -DIWORDSIZE=4 -DDWORDSIZE=8 -DRWORDSIZE=4 -DLWORDSIZE=4 -DNONSTANDARD_SYSTEM_FUNC  -DWRF_USE_CLM -DUSE_NETCDF4_FEATURES -DWRFIO_NCD_LARGE_FILE_SUPPORT  -DDM_PARALLEL -DNETCDF -DGRIB2 -DHDF5 -DLANDREAD_STUB=1 -DUSE_ALLOCATABLES -Dwrfmodel -DGRIB1 -DINTIO -DKEEP_INT_AROUND -DLIMIT_ARGS -DBUILD_RRTMG_FAST=0 -DBUILD_RRTMK=0 -DBUILD_SBM_FAST=1 -DSHOW_ALL_VARS_USED=0 -DCONFIG_BUF_LEN=65536 -DMAX_DOMAINS_F=21 -DMAX_HISTORY=25 -DNMM_NEST= -DWRF_CHEM -DBUILD_CHEM=1 -DWRF_KPP -I. -traditional-cpp -DUSE_NETCDF4_FEATURES -DWRFIO_NCD_LARGE_FILE_SUPPORT  module_kpp_saprc99_mosaic_4bin_vbs2_Parameters.b  > module_kpp_saprc99_mosaic_4bin_vbs2_Parameters.f90
rm -f module_kpp_saprc99_mosaic_4bin_vbs2_Parameters.b
ifort -c -O3 -ip -fp-model precise -w -ftz -align all -fno-alias -FR -convert big_endian    -real-size `expr 8 \* 4` -i4  module_kpp_saprc99_mosaic_4bin_vbs2_Parameters.f90
rm -f module_kpp_saprc99_mosaic_4bin_vbs2_JacobianSP.o
sed -f ../../../../arch/standard.sed module_kpp_saprc99_mosaic_4bin_vbs2_JacobianSP.F > module_kpp_saprc99_mosaic_4bin_vbs2_JacobianSP.b 
/lib/cpp -P -nostdinc -I/external/ioapi_share -I../../../../inc -DEM_CORE= -DNMM_CORE= -DNMM_MAX_DIM=2600 -DDA_CORE= -DWRFPLUS= -DIWORDSIZE=4 -DDWORDSIZE=8 -DRWORDSIZE=4 -DLWORDSIZE=4 -DNONSTANDARD_SYSTEM_FUNC  -DWRF_USE_CLM -DUSE_NETCDF4_FEATURES -DWRFIO_NCD_LARGE_FILE_SUPPORT  -DDM_PARALLEL -DNETCDF -DGRIB2 -DHDF5 -DLANDREAD_STUB=1 -DUSE_ALLOCATABLES -Dwrfmodel -DGRIB1 -DINTIO -DKEEP_INT_AROUND -DLIMIT_ARGS -DBUILD_RRTMG_FAST=0 -DBUILD_RRTMK=0 -DBUILD_SBM_FAST=1 -DSHOW_ALL_VARS_USED=0 -DCONFIG_BUF_LEN=65536 -DMAX_DOMAINS_F=21 -DMAX_HISTORY=25 -DNMM_NEST= -DWRF_CHEM -DBUILD_CHEM=1 -DWRF_KPP -I. -traditional-cpp -DUSE_NETCDF4_FEATURES -DWRFIO_NCD_LARGE_FILE_SUPPORT  module_kpp_saprc99_mosaic_4bin_vbs2_JacobianSP.b  > module_kpp_saprc99_mosaic_4bin_vbs2_JacobianSP.f90
rm -f module_kpp_saprc99_mosaic_4bin_vbs2_JacobianSP.b
ifort -c -O3 -ip -fp-model precise -w -ftz -align all -fno-alias -FR -convert big_endian    -real-size `expr 8 \* 4` -i4  module_kpp_saprc99_mosaic_4bin_vbs2_JacobianSP.f90
rm -f write_decomp.o
sed -f ../../../../arch/standard.sed write_decomp.F > write_decomp.b 
/lib/cpp -P -nostdinc -I/external/ioapi_share -I../../../../inc -DEM_CORE= -DNMM_CORE= -DNMM_MAX_DIM=2600 -DDA_CORE= -DWRFPLUS= -DIWORDSIZE=4 -DDWORDSIZE=8 -DRWORDSIZE=4 -DLWORDSIZE=4 -DNONSTANDARD_SYSTEM_FUNC  -DWRF_USE_CLM -DUSE_NETCDF4_FEATURES -DWRFIO_NCD_LARGE_FILE_SUPPORT  -DDM_PARALLEL -DNETCDF -DGRIB2 -DHDF5 -DLANDREAD_STUB=1 -DUSE_ALLOCATABLES -Dwrfmodel -DGRIB1 -DINTIO -DKEEP_INT_AROUND -DLIMIT_ARGS -DBUILD_RRTMG_FAST=0 -DBUILD_RRTMK=0 -DBUILD_SBM_FAST=1 -DSHOW_ALL_VARS_USED=0 -DCONFIG_BUF_LEN=65536 -DMAX_DOMAINS_F=21 -DMAX_HISTORY=25 -DNMM_NEST= -DWRF_CHEM -DBUILD_CHEM=1 -DWRF_KPP -I. -traditional-cpp -DUSE_NETCDF4_FEATURES -DWRFIO_NCD_LARGE_FILE_SUPPORT  write_decomp.b  > write_decomp.f90
rm -f write_decomp.b
ifort -c -O3 -ip -fp-model precise -w -ftz -align all -fno-alias -FR -convert big_endian    -real-size `expr 8 \* 4` -i4  write_decomp.f90
ifort -o write_decomp.exe module_kpp_saprc99_mosaic_4bin_vbs2_Precision.o module_kpp_saprc99_mosaic_4bin_vbs2_Parameters.o module_kpp_saprc99_mosaic_4bin_vbs2_JacobianSP.o      write_decomp.o  
echo saprc99_mosaic_4bin_vbs2 > mech.tmp
make[1]: Leaving directory '/home/onishi/WRF/chem/KPP/util/write_decomp'
./write_decomp.exe
   -- in write_decomp
     for kpp mechanism: saprc99_mosaic_4bin_vbs2
 fname:<decomp_saprc99_mosaic_4bin_vbs2.inc>
make -i -r integr_edit
make[1]: Entering directory '/home/onishi/WRF/chem/KPP/util/write_decomp'
Makefile:50: warning: overriding recipe for target '.F.o'
../../../../configure.wrf:397: warning: ignoring old recipe for target '.F.o'
Makefile:58: warning: overriding recipe for target '.c.o'
../../../../configure.wrf:440: warning: ignoring old recipe for target '.c.o'
rm -f integr_edit.o
icc -c -w -O3 -ip -DRPC_TYPES=1  -DDM_PARALLEL -DLANDREAD_STUB=1 -DMAX_HISTORY=25 -DNMM_CORE= integr_edit.c
icc -o integr_edit.exe integr_edit.o
make[1]: Leaving directory '/home/onishi/WRF/chem/KPP/util/write_decomp'
./integr_edit.exe saprc99_mosaic_4bin_vbs2
   integr_edit: replacing     CALL saprc99_mosaic_4bin_vbs2_KppDecomp ( A, ising )
 
  END MODULE saprc99_mosaic_4bin_vbs2_Integrator
 make -i -r clean 
make[1]: Entering directory '/home/onishi/WRF/chem/KPP/util/write_decomp'
Makefile:50: warning: overriding recipe for target '.F.o'
../../../../configure.wrf:397: warning: ignoring old recipe for target '.F.o'
Makefile:58: warning: overriding recipe for target '.c.o'
../../../../configure.wrf:440: warning: ignoring old recipe for target '.c.o'
make[1]: Leaving directory '/home/onishi/WRF/chem/KPP/util/write_decomp'
=========================================================
mechanisms/saprc99_mosaic_8bin_vbs2_aq
ln -s ../../util/Makefile_kpp mechanisms/saprc99_mosaic_8bin_vbs2_aq/Makefile
ln -s ../chem/KPP/inc/saprc99_mosaic_8bin_vbs2_aq/extra_args_to_update_rconst_saprc99_mosaic_8bin_vbs2_aq.inc /home/onishi/WRF/inc
ln -s ../chem/KPP/inc/saprc99_mosaic_8bin_vbs2_aq/extra_args_update_rconst_saprc99_mosaic_8bin_vbs2_aq.inc /home/onishi/WRF/inc
ln -s ../chem/KPP/inc/saprc99_mosaic_8bin_vbs2_aq/extra_decls_update_rconst_saprc99_mosaic_8bin_vbs2_aq.inc /home/onishi/WRF/inc
ln -s ../chem/KPP/inc/saprc99_mosaic_8bin_vbs2_aq/kpp_mechd_a_saprc99_mosaic_8bin_vbs2_aq.inc /home/onishi/WRF/inc
ln -s ../chem/KPP/inc/saprc99_mosaic_8bin_vbs2_aq/kpp_mechd_b_saprc99_mosaic_8bin_vbs2_aq.inc /home/onishi/WRF/inc
ln -s ../chem/KPP/inc/saprc99_mosaic_8bin_vbs2_aq/kpp_mechd_e_saprc99_mosaic_8bin_vbs2_aq.inc /home/onishi/WRF/inc
ln -s ../chem/KPP/inc/saprc99_mosaic_8bin_vbs2_aq/kpp_mechd_ia_saprc99_mosaic_8bin_vbs2_aq.inc /home/onishi/WRF/inc
ln -s ../chem/KPP/inc/saprc99_mosaic_8bin_vbs2_aq/kpp_mechd_ib_saprc99_mosaic_8bin_vbs2_aq.inc /home/onishi/WRF/inc
ln -s ../chem/KPP/inc/saprc99_mosaic_8bin_vbs2_aq/kpp_mechd_ibu_saprc99_mosaic_8bin_vbs2_aq.inc /home/onishi/WRF/inc
ln -s ../chem/KPP/inc/saprc99_mosaic_8bin_vbs2_aq/kpp_mechd_l_saprc99_mosaic_8bin_vbs2_aq.inc /home/onishi/WRF/inc
ln -s ../chem/KPP/inc/saprc99_mosaic_8bin_vbs2_aq/kpp_mechd_u_saprc99_mosaic_8bin_vbs2_aq.inc /home/onishi/WRF/inc
model saprc99_mosaic_8bin_vbs2_aq
/home/onishi/WRF/chem/KPP/kpp/kpp-2.1/bin/kpp saprc99_mosaic_8bin_vbs2_aq.kpp

This is KPP-2.1.

KPP is parsing the equation file.);
KPP was told to generate WRF conform code
KPP is computing Jacobian sparsity structure.
KPP is starting the code generation.
KPP is initializing the code generation.
 
 KPP is using the WRF conform integrator routine: 
 /home/onishi/WRF/chem/KPP/kpp/kpp-2.1/int/WRF_conform/rosenbrock 

KPP is generating the monitor data:
    - saprc99_mosaic_8bin_vbs2_aq_Monitor
KPP is generating the utility data:
    - saprc99_mosaic_8bin_vbs2_aq_Util
KPP is generating the global declarations:
    - saprc99_mosaic_8bin_vbs2_aq_Main
KPP is generating the ODE function:
    - saprc99_mosaic_8bin_vbs2_aq_Function
KPP is generating the ODE Jacobian:
    - saprc99_mosaic_8bin_vbs2_aq_Jacobian
    - saprc99_mosaic_8bin_vbs2_aq_JacobianSP
KPP is generating the linear algebra routines:
    - saprc99_mosaic_8bin_vbs2_aq_LinearAlgebra
KPP is generating the utility functions:
    - saprc99_mosaic_8bin_vbs2_aq_Util
KPP is generating the rate laws:
    - saprc99_mosaic_8bin_vbs2_aq_Rates
KPP is generating UpdateRconstWRF (WRF conform): 
    - saprc99_mosaic_8bin_vbs2_aq_UpdateRconst
KPP is generating the parameters:
    - saprc99_mosaic_8bin_vbs2_aq_Parameters
KPP is generating the global data:
    - saprc99_mosaic_8bin_vbs2_aq_Global
KPP is generating the driver from general.f90:
    - saprc99_mosaic_8bin_vbs2_aq_Main
KPP is starting the code post-processing.

KPP has succesfully created the model "saprc99_mosaic_8bin_vbs2_aq".

cp -f saprc99_mosaic_8bin_vbs2_aq_Integrator.f90 ../../../module_kpp_saprc99_mosaic_8bin_vbs2_aq_Integr.F
cp -f saprc99_mosaic_8bin_vbs2_aq_Parameters.f90 ../../../module_kpp_saprc99_mosaic_8bin_vbs2_aq_Parameters.F
cp -f saprc99_mosaic_8bin_vbs2_aq_Precision.f90 ../../../module_kpp_saprc99_mosaic_8bin_vbs2_aq_Precision.F
cp -f saprc99_mosaic_8bin_vbs2_aq_JacobianSP.f90 ../../../module_kpp_saprc99_mosaic_8bin_vbs2_aq_JacobianSP.F
cp -f saprc99_mosaic_8bin_vbs2_aq_Jacobian.f90 ../../../module_kpp_saprc99_mosaic_8bin_vbs2_aq_Jacobian.F
cp -f saprc99_mosaic_8bin_vbs2_aq_Update_Rconst.f90 ../../../module_kpp_saprc99_mosaic_8bin_vbs2_aq_Update_Rconst.F
touch ../../util/run_wkc
Makefile:50: warning: overriding recipe for target '.F.o'
../../../../configure.wrf:397: warning: ignoring old recipe for target '.F.o'
Makefile:58: warning: overriding recipe for target '.c.o'
../../../../configure.wrf:440: warning: ignoring old recipe for target '.c.o'
rm -f decomp_uses.inc
echo USE saprc99_mosaic_8bin_vbs2_aq_Parameters > decomp_uses.inc
echo USE saprc99_mosaic_8bin_vbs2_aq_JacobianSP >> decomp_uses.inc
ln -sf  ../../../module_kpp_saprc99_mosaic_8bin_vbs2_aq_Precision.F
ln -sf  ../../../module_kpp_saprc99_mosaic_8bin_vbs2_aq_Parameters.F
ln -sf  ../../../module_kpp_saprc99_mosaic_8bin_vbs2_aq_JacobianSP.F
ln -sf  ../../../module_kpp_saprc99_mosaic_8bin_vbs2_aq_Integr.F
make -i -r comp
make[1]: Entering directory '/home/onishi/WRF/chem/KPP/util/write_decomp'
Makefile:50: warning: overriding recipe for target '.F.o'
../../../../configure.wrf:397: warning: ignoring old recipe for target '.F.o'
Makefile:58: warning: overriding recipe for target '.c.o'
../../../../configure.wrf:440: warning: ignoring old recipe for target '.c.o'
rm -f module_kpp_saprc99_mosaic_8bin_vbs2_aq_Precision.o
sed -f ../../../../arch/standard.sed module_kpp_saprc99_mosaic_8bin_vbs2_aq_Precision.F > module_kpp_saprc99_mosaic_8bin_vbs2_aq_Precision.b 
/lib/cpp -P -nostdinc -I/external/ioapi_share -I../../../../inc -DEM_CORE= -DNMM_CORE= -DNMM_MAX_DIM=2600 -DDA_CORE= -DWRFPLUS= -DIWORDSIZE=4 -DDWORDSIZE=8 -DRWORDSIZE=4 -DLWORDSIZE=4 -DNONSTANDARD_SYSTEM_FUNC  -DWRF_USE_CLM -DUSE_NETCDF4_FEATURES -DWRFIO_NCD_LARGE_FILE_SUPPORT  -DDM_PARALLEL -DNETCDF -DGRIB2 -DHDF5 -DLANDREAD_STUB=1 -DUSE_ALLOCATABLES -Dwrfmodel -DGRIB1 -DINTIO -DKEEP_INT_AROUND -DLIMIT_ARGS -DBUILD_RRTMG_FAST=0 -DBUILD_RRTMK=0 -DBUILD_SBM_FAST=1 -DSHOW_ALL_VARS_USED=0 -DCONFIG_BUF_LEN=65536 -DMAX_DOMAINS_F=21 -DMAX_HISTORY=25 -DNMM_NEST= -DWRF_CHEM -DBUILD_CHEM=1 -DWRF_KPP -I. -traditional-cpp -DUSE_NETCDF4_FEATURES -DWRFIO_NCD_LARGE_FILE_SUPPORT  module_kpp_saprc99_mosaic_8bin_vbs2_aq_Precision.b  > module_kpp_saprc99_mosaic_8bin_vbs2_aq_Precision.f90
rm -f module_kpp_saprc99_mosaic_8bin_vbs2_aq_Precision.b
ifort -c -O3 -ip -fp-model precise -w -ftz -align all -fno-alias -FR -convert big_endian    -real-size `expr 8 \* 4` -i4  module_kpp_saprc99_mosaic_8bin_vbs2_aq_Precision.f90
rm -f module_kpp_saprc99_mosaic_8bin_vbs2_aq_Parameters.o
sed -f ../../../../arch/standard.sed module_kpp_saprc99_mosaic_8bin_vbs2_aq_Parameters.F > module_kpp_saprc99_mosaic_8bin_vbs2_aq_Parameters.b 
/lib/cpp -P -nostdinc -I/external/ioapi_share -I../../../../inc -DEM_CORE= -DNMM_CORE= -DNMM_MAX_DIM=2600 -DDA_CORE= -DWRFPLUS= -DIWORDSIZE=4 -DDWORDSIZE=8 -DRWORDSIZE=4 -DLWORDSIZE=4 -DNONSTANDARD_SYSTEM_FUNC  -DWRF_USE_CLM -DUSE_NETCDF4_FEATURES -DWRFIO_NCD_LARGE_FILE_SUPPORT  -DDM_PARALLEL -DNETCDF -DGRIB2 -DHDF5 -DLANDREAD_STUB=1 -DUSE_ALLOCATABLES -Dwrfmodel -DGRIB1 -DINTIO -DKEEP_INT_AROUND -DLIMIT_ARGS -DBUILD_RRTMG_FAST=0 -DBUILD_RRTMK=0 -DBUILD_SBM_FAST=1 -DSHOW_ALL_VARS_USED=0 -DCONFIG_BUF_LEN=65536 -DMAX_DOMAINS_F=21 -DMAX_HISTORY=25 -DNMM_NEST= -DWRF_CHEM -DBUILD_CHEM=1 -DWRF_KPP -I. -traditional-cpp -DUSE_NETCDF4_FEATURES -DWRFIO_NCD_LARGE_FILE_SUPPORT  module_kpp_saprc99_mosaic_8bin_vbs2_aq_Parameters.b  > module_kpp_saprc99_mosaic_8bin_vbs2_aq_Parameters.f90
rm -f module_kpp_saprc99_mosaic_8bin_vbs2_aq_Parameters.b
ifort -c -O3 -ip -fp-model precise -w -ftz -align all -fno-alias -FR -convert big_endian    -real-size `expr 8 \* 4` -i4  module_kpp_saprc99_mosaic_8bin_vbs2_aq_Parameters.f90
rm -f module_kpp_saprc99_mosaic_8bin_vbs2_aq_JacobianSP.o
sed -f ../../../../arch/standard.sed module_kpp_saprc99_mosaic_8bin_vbs2_aq_JacobianSP.F > module_kpp_saprc99_mosaic_8bin_vbs2_aq_JacobianSP.b 
/lib/cpp -P -nostdinc -I/external/ioapi_share -I../../../../inc -DEM_CORE= -DNMM_CORE= -DNMM_MAX_DIM=2600 -DDA_CORE= -DWRFPLUS= -DIWORDSIZE=4 -DDWORDSIZE=8 -DRWORDSIZE=4 -DLWORDSIZE=4 -DNONSTANDARD_SYSTEM_FUNC  -DWRF_USE_CLM -DUSE_NETCDF4_FEATURES -DWRFIO_NCD_LARGE_FILE_SUPPORT  -DDM_PARALLEL -DNETCDF -DGRIB2 -DHDF5 -DLANDREAD_STUB=1 -DUSE_ALLOCATABLES -Dwrfmodel -DGRIB1 -DINTIO -DKEEP_INT_AROUND -DLIMIT_ARGS -DBUILD_RRTMG_FAST=0 -DBUILD_RRTMK=0 -DBUILD_SBM_FAST=1 -DSHOW_ALL_VARS_USED=0 -DCONFIG_BUF_LEN=65536 -DMAX_DOMAINS_F=21 -DMAX_HISTORY=25 -DNMM_NEST= -DWRF_CHEM -DBUILD_CHEM=1 -DWRF_KPP -I. -traditional-cpp -DUSE_NETCDF4_FEATURES -DWRFIO_NCD_LARGE_FILE_SUPPORT  module_kpp_saprc99_mosaic_8bin_vbs2_aq_JacobianSP.b  > module_kpp_saprc99_mosaic_8bin_vbs2_aq_JacobianSP.f90
rm -f module_kpp_saprc99_mosaic_8bin_vbs2_aq_JacobianSP.b
ifort -c -O3 -ip -fp-model precise -w -ftz -align all -fno-alias -FR -convert big_endian    -real-size `expr 8 \* 4` -i4  module_kpp_saprc99_mosaic_8bin_vbs2_aq_JacobianSP.f90
rm -f write_decomp.o
sed -f ../../../../arch/standard.sed write_decomp.F > write_decomp.b 
/lib/cpp -P -nostdinc -I/external/ioapi_share -I../../../../inc -DEM_CORE= -DNMM_CORE= -DNMM_MAX_DIM=2600 -DDA_CORE= -DWRFPLUS= -DIWORDSIZE=4 -DDWORDSIZE=8 -DRWORDSIZE=4 -DLWORDSIZE=4 -DNONSTANDARD_SYSTEM_FUNC  -DWRF_USE_CLM -DUSE_NETCDF4_FEATURES -DWRFIO_NCD_LARGE_FILE_SUPPORT  -DDM_PARALLEL -DNETCDF -DGRIB2 -DHDF5 -DLANDREAD_STUB=1 -DUSE_ALLOCATABLES -Dwrfmodel -DGRIB1 -DINTIO -DKEEP_INT_AROUND -DLIMIT_ARGS -DBUILD_RRTMG_FAST=0 -DBUILD_RRTMK=0 -DBUILD_SBM_FAST=1 -DSHOW_ALL_VARS_USED=0 -DCONFIG_BUF_LEN=65536 -DMAX_DOMAINS_F=21 -DMAX_HISTORY=25 -DNMM_NEST= -DWRF_CHEM -DBUILD_CHEM=1 -DWRF_KPP -I. -traditional-cpp -DUSE_NETCDF4_FEATURES -DWRFIO_NCD_LARGE_FILE_SUPPORT  write_decomp.b  > write_decomp.f90
rm -f write_decomp.b
ifort -c -O3 -ip -fp-model precise -w -ftz -align all -fno-alias -FR -convert big_endian    -real-size `expr 8 \* 4` -i4  write_decomp.f90
ifort -o write_decomp.exe module_kpp_saprc99_mosaic_8bin_vbs2_aq_Precision.o module_kpp_saprc99_mosaic_8bin_vbs2_aq_Parameters.o module_kpp_saprc99_mosaic_8bin_vbs2_aq_JacobianSP.o      write_decomp.o  
echo saprc99_mosaic_8bin_vbs2_aq > mech.tmp
make[1]: Leaving directory '/home/onishi/WRF/chem/KPP/util/write_decomp'
./write_decomp.exe
   -- in write_decomp
     for kpp mechanism: saprc99_mosaic_8bin_vbs2_aq
 fname:<decomp_saprc99_mosaic_8bin_vbs2_aq.inc>
make -i -r integr_edit
make[1]: Entering directory '/home/onishi/WRF/chem/KPP/util/write_decomp'
Makefile:50: warning: overriding recipe for target '.F.o'
../../../../configure.wrf:397: warning: ignoring old recipe for target '.F.o'
Makefile:58: warning: overriding recipe for target '.c.o'
../../../../configure.wrf:440: warning: ignoring old recipe for target '.c.o'
rm -f integr_edit.o
icc -c -w -O3 -ip -DRPC_TYPES=1  -DDM_PARALLEL -DLANDREAD_STUB=1 -DMAX_HISTORY=25 -DNMM_CORE= integr_edit.c
icc -o integr_edit.exe integr_edit.o
make[1]: Leaving directory '/home/onishi/WRF/chem/KPP/util/write_decomp'
./integr_edit.exe saprc99_mosaic_8bin_vbs2_aq
   integr_edit: replacing     CALL saprc99_mosaic_8bin_vbs2_aq_KppDecomp ( A, ising )
 
  END MODULE saprc99_mosaic_8bin_vbs2_aq_Integrator
 make -i -r clean 
make[1]: Entering directory '/home/onishi/WRF/chem/KPP/util/write_decomp'
Makefile:50: warning: overriding recipe for target '.F.o'
../../../../configure.wrf:397: warning: ignoring old recipe for target '.F.o'
Makefile:58: warning: overriding recipe for target '.c.o'
../../../../configure.wrf:440: warning: ignoring old recipe for target '.c.o'
make[1]: Leaving directory '/home/onishi/WRF/chem/KPP/util/write_decomp'
=========================================================
mechanisms/saprc99
ln -s ../../util/Makefile_kpp mechanisms/saprc99/Makefile
ln -s ../chem/KPP/inc/saprc99/extra_args_to_update_rconst_saprc99.inc /home/onishi/WRF/inc
ln -s ../chem/KPP/inc/saprc99/extra_args_update_rconst_saprc99.inc /home/onishi/WRF/inc
ln -s ../chem/KPP/inc/saprc99/extra_decls_update_rconst_saprc99.inc /home/onishi/WRF/inc
ln -s ../chem/KPP/inc/saprc99/kpp_mechd_a_saprc99.inc /home/onishi/WRF/inc
ln -s ../chem/KPP/inc/saprc99/kpp_mechd_b_saprc99.inc /home/onishi/WRF/inc
ln -s ../chem/KPP/inc/saprc99/kpp_mechd_e_saprc99.inc /home/onishi/WRF/inc
ln -s ../chem/KPP/inc/saprc99/kpp_mechd_ia_saprc99.inc /home/onishi/WRF/inc
ln -s ../chem/KPP/inc/saprc99/kpp_mechd_ib_saprc99.inc /home/onishi/WRF/inc
ln -s ../chem/KPP/inc/saprc99/kpp_mechd_ibu_saprc99.inc /home/onishi/WRF/inc
ln -s ../chem/KPP/inc/saprc99/kpp_mechd_l_saprc99.inc /home/onishi/WRF/inc
ln -s ../chem/KPP/inc/saprc99/kpp_mechd_u_saprc99.inc /home/onishi/WRF/inc
model saprc99
/home/onishi/WRF/chem/KPP/kpp/kpp-2.1/bin/kpp saprc99.kpp

This is KPP-2.1.

KPP is parsing the equation file.
KPP was told to generate WRF conform code
KPP is computing Jacobian sparsity structure.
KPP is starting the code generation.
KPP is initializing the code generation.
 
 KPP is using the WRF conform integrator routine: 
 /home/onishi/WRF/chem/KPP/kpp/kpp-2.1/int/WRF_conform/rosenbrock 

KPP is generating the monitor data:
    - saprc99_Monitor
KPP is generating the utility data:
    - saprc99_Util
KPP is generating the global declarations:
    - saprc99_Main
KPP is generating the ODE function:
    - saprc99_Function
KPP is generating the ODE Jacobian:
    - saprc99_Jacobian
    - saprc99_JacobianSP
KPP is generating the linear algebra routines:
    - saprc99_LinearAlgebra
KPP is generating the utility functions:
    - saprc99_Util
KPP is generating the rate laws:
    - saprc99_Rates
KPP is generating UpdateRconstWRF (WRF conform): 
    - saprc99_UpdateRconst
KPP is generating the parameters:
    - saprc99_Parameters
KPP is generating the global data:
    - saprc99_Global
KPP is generating the driver from general.f90:
    - saprc99_Main
KPP is starting the code post-processing.

KPP has succesfully created the model "saprc99".

cp -f saprc99_Integrator.f90 ../../../module_kpp_saprc99_Integr.F
cp -f saprc99_Parameters.f90 ../../../module_kpp_saprc99_Parameters.F
cp -f saprc99_Precision.f90 ../../../module_kpp_saprc99_Precision.F
cp -f saprc99_JacobianSP.f90 ../../../module_kpp_saprc99_JacobianSP.F
cp -f saprc99_Jacobian.f90 ../../../module_kpp_saprc99_Jacobian.F
cp -f saprc99_Update_Rconst.f90 ../../../module_kpp_saprc99_Update_Rconst.F
touch ../../util/run_wkc
Makefile:50: warning: overriding recipe for target '.F.o'
../../../../configure.wrf:397: warning: ignoring old recipe for target '.F.o'
Makefile:58: warning: overriding recipe for target '.c.o'
../../../../configure.wrf:440: warning: ignoring old recipe for target '.c.o'
rm -f decomp_uses.inc
echo USE saprc99_Parameters > decomp_uses.inc
echo USE saprc99_JacobianSP >> decomp_uses.inc
ln -sf  ../../../module_kpp_saprc99_Precision.F
ln -sf  ../../../module_kpp_saprc99_Parameters.F
ln -sf  ../../../module_kpp_saprc99_JacobianSP.F
ln -sf  ../../../module_kpp_saprc99_Integr.F
make -i -r comp
make[1]: Entering directory '/home/onishi/WRF/chem/KPP/util/write_decomp'
Makefile:50: warning: overriding recipe for target '.F.o'
../../../../configure.wrf:397: warning: ignoring old recipe for target '.F.o'
Makefile:58: warning: overriding recipe for target '.c.o'
../../../../configure.wrf:440: warning: ignoring old recipe for target '.c.o'
rm -f module_kpp_saprc99_Precision.o
sed -f ../../../../arch/standard.sed module_kpp_saprc99_Precision.F > module_kpp_saprc99_Precision.b 
/lib/cpp -P -nostdinc -I/external/ioapi_share -I../../../../inc -DEM_CORE= -DNMM_CORE= -DNMM_MAX_DIM=2600 -DDA_CORE= -DWRFPLUS= -DIWORDSIZE=4 -DDWORDSIZE=8 -DRWORDSIZE=4 -DLWORDSIZE=4 -DNONSTANDARD_SYSTEM_FUNC  -DWRF_USE_CLM -DUSE_NETCDF4_FEATURES -DWRFIO_NCD_LARGE_FILE_SUPPORT  -DDM_PARALLEL -DNETCDF -DGRIB2 -DHDF5 -DLANDREAD_STUB=1 -DUSE_ALLOCATABLES -Dwrfmodel -DGRIB1 -DINTIO -DKEEP_INT_AROUND -DLIMIT_ARGS -DBUILD_RRTMG_FAST=0 -DBUILD_RRTMK=0 -DBUILD_SBM_FAST=1 -DSHOW_ALL_VARS_USED=0 -DCONFIG_BUF_LEN=65536 -DMAX_DOMAINS_F=21 -DMAX_HISTORY=25 -DNMM_NEST= -DWRF_CHEM -DBUILD_CHEM=1 -DWRF_KPP -I. -traditional-cpp -DUSE_NETCDF4_FEATURES -DWRFIO_NCD_LARGE_FILE_SUPPORT  module_kpp_saprc99_Precision.b  > module_kpp_saprc99_Precision.f90
rm -f module_kpp_saprc99_Precision.b
ifort -c -O3 -ip -fp-model precise -w -ftz -align all -fno-alias -FR -convert big_endian    -real-size `expr 8 \* 4` -i4  module_kpp_saprc99_Precision.f90
rm -f module_kpp_saprc99_Parameters.o
sed -f ../../../../arch/standard.sed module_kpp_saprc99_Parameters.F > module_kpp_saprc99_Parameters.b 
/lib/cpp -P -nostdinc -I/external/ioapi_share -I../../../../inc -DEM_CORE= -DNMM_CORE= -DNMM_MAX_DIM=2600 -DDA_CORE= -DWRFPLUS= -DIWORDSIZE=4 -DDWORDSIZE=8 -DRWORDSIZE=4 -DLWORDSIZE=4 -DNONSTANDARD_SYSTEM_FUNC  -DWRF_USE_CLM -DUSE_NETCDF4_FEATURES -DWRFIO_NCD_LARGE_FILE_SUPPORT  -DDM_PARALLEL -DNETCDF -DGRIB2 -DHDF5 -DLANDREAD_STUB=1 -DUSE_ALLOCATABLES -Dwrfmodel -DGRIB1 -DINTIO -DKEEP_INT_AROUND -DLIMIT_ARGS -DBUILD_RRTMG_FAST=0 -DBUILD_RRTMK=0 -DBUILD_SBM_FAST=1 -DSHOW_ALL_VARS_USED=0 -DCONFIG_BUF_LEN=65536 -DMAX_DOMAINS_F=21 -DMAX_HISTORY=25 -DNMM_NEST= -DWRF_CHEM -DBUILD_CHEM=1 -DWRF_KPP -I. -traditional-cpp -DUSE_NETCDF4_FEATURES -DWRFIO_NCD_LARGE_FILE_SUPPORT  module_kpp_saprc99_Parameters.b  > module_kpp_saprc99_Parameters.f90
rm -f module_kpp_saprc99_Parameters.b
ifort -c -O3 -ip -fp-model precise -w -ftz -align all -fno-alias -FR -convert big_endian    -real-size `expr 8 \* 4` -i4  module_kpp_saprc99_Parameters.f90
rm -f module_kpp_saprc99_JacobianSP.o
sed -f ../../../../arch/standard.sed module_kpp_saprc99_JacobianSP.F > module_kpp_saprc99_JacobianSP.b 
/lib/cpp -P -nostdinc -I/external/ioapi_share -I../../../../inc -DEM_CORE= -DNMM_CORE= -DNMM_MAX_DIM=2600 -DDA_CORE= -DWRFPLUS= -DIWORDSIZE=4 -DDWORDSIZE=8 -DRWORDSIZE=4 -DLWORDSIZE=4 -DNONSTANDARD_SYSTEM_FUNC  -DWRF_USE_CLM -DUSE_NETCDF4_FEATURES -DWRFIO_NCD_LARGE_FILE_SUPPORT  -DDM_PARALLEL -DNETCDF -DGRIB2 -DHDF5 -DLANDREAD_STUB=1 -DUSE_ALLOCATABLES -Dwrfmodel -DGRIB1 -DINTIO -DKEEP_INT_AROUND -DLIMIT_ARGS -DBUILD_RRTMG_FAST=0 -DBUILD_RRTMK=0 -DBUILD_SBM_FAST=1 -DSHOW_ALL_VARS_USED=0 -DCONFIG_BUF_LEN=65536 -DMAX_DOMAINS_F=21 -DMAX_HISTORY=25 -DNMM_NEST= -DWRF_CHEM -DBUILD_CHEM=1 -DWRF_KPP -I. -traditional-cpp -DUSE_NETCDF4_FEATURES -DWRFIO_NCD_LARGE_FILE_SUPPORT  module_kpp_saprc99_JacobianSP.b  > module_kpp_saprc99_JacobianSP.f90
rm -f module_kpp_saprc99_JacobianSP.b
ifort -c -O3 -ip -fp-model precise -w -ftz -align all -fno-alias -FR -convert big_endian    -real-size `expr 8 \* 4` -i4  module_kpp_saprc99_JacobianSP.f90
rm -f write_decomp.o
sed -f ../../../../arch/standard.sed write_decomp.F > write_decomp.b 
/lib/cpp -P -nostdinc -I/external/ioapi_share -I../../../../inc -DEM_CORE= -DNMM_CORE= -DNMM_MAX_DIM=2600 -DDA_CORE= -DWRFPLUS= -DIWORDSIZE=4 -DDWORDSIZE=8 -DRWORDSIZE=4 -DLWORDSIZE=4 -DNONSTANDARD_SYSTEM_FUNC  -DWRF_USE_CLM -DUSE_NETCDF4_FEATURES -DWRFIO_NCD_LARGE_FILE_SUPPORT  -DDM_PARALLEL -DNETCDF -DGRIB2 -DHDF5 -DLANDREAD_STUB=1 -DUSE_ALLOCATABLES -Dwrfmodel -DGRIB1 -DINTIO -DKEEP_INT_AROUND -DLIMIT_ARGS -DBUILD_RRTMG_FAST=0 -DBUILD_RRTMK=0 -DBUILD_SBM_FAST=1 -DSHOW_ALL_VARS_USED=0 -DCONFIG_BUF_LEN=65536 -DMAX_DOMAINS_F=21 -DMAX_HISTORY=25 -DNMM_NEST= -DWRF_CHEM -DBUILD_CHEM=1 -DWRF_KPP -I. -traditional-cpp -DUSE_NETCDF4_FEATURES -DWRFIO_NCD_LARGE_FILE_SUPPORT  write_decomp.b  > write_decomp.f90
rm -f write_decomp.b
ifort -c -O3 -ip -fp-model precise -w -ftz -align all -fno-alias -FR -convert big_endian    -real-size `expr 8 \* 4` -i4  write_decomp.f90
ifort -o write_decomp.exe module_kpp_saprc99_Precision.o module_kpp_saprc99_Parameters.o module_kpp_saprc99_JacobianSP.o      write_decomp.o  
echo saprc99 > mech.tmp
make[1]: Leaving directory '/home/onishi/WRF/chem/KPP/util/write_decomp'
./write_decomp.exe
   -- in write_decomp
     for kpp mechanism: saprc99
 fname:<decomp_saprc99.inc>
make -i -r integr_edit
make[1]: Entering directory '/home/onishi/WRF/chem/KPP/util/write_decomp'
Makefile:50: warning: overriding recipe for target '.F.o'
../../../../configure.wrf:397: warning: ignoring old recipe for target '.F.o'
Makefile:58: warning: overriding recipe for target '.c.o'
../../../../configure.wrf:440: warning: ignoring old recipe for target '.c.o'
rm -f integr_edit.o
icc -c -w -O3 -ip -DRPC_TYPES=1  -DDM_PARALLEL -DLANDREAD_STUB=1 -DMAX_HISTORY=25 -DNMM_CORE= integr_edit.c
icc -o integr_edit.exe integr_edit.o
make[1]: Leaving directory '/home/onishi/WRF/chem/KPP/util/write_decomp'
./integr_edit.exe saprc99
   integr_edit: replacing     CALL saprc99_KppDecomp ( A, ising )
 
  END MODULE saprc99_Integrator
 make -i -r clean 
make[1]: Entering directory '/home/onishi/WRF/chem/KPP/util/write_decomp'
Makefile:50: warning: overriding recipe for target '.F.o'
../../../../configure.wrf:397: warning: ignoring old recipe for target '.F.o'
Makefile:58: warning: overriding recipe for target '.c.o'
../../../../configure.wrf:440: warning: ignoring old recipe for target '.c.o'
make[1]: Leaving directory '/home/onishi/WRF/chem/KPP/util/write_decomp'
=========================================================
mechanisms/t1_mozcart
ln -s ../../util/Makefile_kpp mechanisms/t1_mozcart/Makefile
ln -s ../chem/KPP/inc/t1_mozcart/extra_args_to_update_rconst_t1_mozcart.inc /home/onishi/WRF/inc
ln -s ../chem/KPP/inc/t1_mozcart/extra_args_update_rconst_t1_mozcart.inc /home/onishi/WRF/inc
ln -s ../chem/KPP/inc/t1_mozcart/extra_decls_update_rconst_t1_mozcart.inc /home/onishi/WRF/inc
ln -s ../chem/KPP/inc/t1_mozcart/kpp_mechd_a_t1_mozcart.inc /home/onishi/WRF/inc
ln -s ../chem/KPP/inc/t1_mozcart/kpp_mechd_b_t1_mozcart.inc /home/onishi/WRF/inc
ln -s ../chem/KPP/inc/t1_mozcart/kpp_mechd_e_t1_mozcart.inc /home/onishi/WRF/inc
ln -s ../chem/KPP/inc/t1_mozcart/kpp_mechd_ia_t1_mozcart.inc /home/onishi/WRF/inc
ln -s ../chem/KPP/inc/t1_mozcart/kpp_mechd_ib_t1_mozcart.inc /home/onishi/WRF/inc
ln -s ../chem/KPP/inc/t1_mozcart/kpp_mechd_ibu_t1_mozcart.inc /home/onishi/WRF/inc
ln -s ../chem/KPP/inc/t1_mozcart/kpp_mechd_l_t1_mozcart.inc /home/onishi/WRF/inc
ln -s ../chem/KPP/inc/t1_mozcart/kpp_mechd_u_t1_mozcart.inc /home/onishi/WRF/inc
model t1_mozcart
/home/onishi/WRF/chem/KPP/kpp/kpp-2.1/bin/kpp t1_mozcart.kpp

This is KPP-2.1.

KPP is parsing the equation file.
KPP was told to generate WRF conform code
KPP is computing Jacobian sparsity structure.
KPP is starting the code generation.
KPP is initializing the code generation.
 
 KPP is using the WRF conform integrator routine: 
 /home/onishi/WRF/chem/KPP/kpp/kpp-2.1/int/WRF_conform/rosenbrock 

KPP is generating the monitor data:
    - t1_mozcart_Monitor
KPP is generating the utility data:
    - t1_mozcart_Util
KPP is generating the global declarations:
    - t1_mozcart_Main
KPP is generating the ODE function:
    - t1_mozcart_Function
KPP is generating the ODE Jacobian:
    - t1_mozcart_Jacobian
    - t1_mozcart_JacobianSP
KPP is generating the linear algebra routines:
    - t1_mozcart_LinearAlgebra
KPP is generating the utility functions:
    - t1_mozcart_Util
KPP is generating the rate laws:
    - t1_mozcart_Rates
KPP is generating UpdateRconstWRF (WRF conform): 
    - t1_mozcart_UpdateRconst
KPP is generating the parameters:
    - t1_mozcart_Parameters
KPP is generating the global data:
    - t1_mozcart_Global
KPP is generating the driver from general.f90:
    - t1_mozcart_Main
KPP is starting the code post-processing.

KPP has succesfully created the model "t1_mozcart".

cp -f t1_mozcart_Integrator.f90 ../../../module_kpp_t1_mozcart_Integr.F
cp -f t1_mozcart_Parameters.f90 ../../../module_kpp_t1_mozcart_Parameters.F
cp -f t1_mozcart_Precision.f90 ../../../module_kpp_t1_mozcart_Precision.F
cp -f t1_mozcart_JacobianSP.f90 ../../../module_kpp_t1_mozcart_JacobianSP.F
cp -f t1_mozcart_Jacobian.f90 ../../../module_kpp_t1_mozcart_Jacobian.F
cp -f t1_mozcart_Update_Rconst.f90 ../../../module_kpp_t1_mozcart_Update_Rconst.F
touch ../../util/run_wkc
tuv_kpp: Argument = t1_mozcart
tuv_kpp: Mechanism = t1_mozcart
Makefile:50: warning: overriding recipe for target '.F.o'
../../../../configure.wrf:397: warning: ignoring old recipe for target '.F.o'
Makefile:58: warning: overriding recipe for target '.c.o'
../../../../configure.wrf:440: warning: ignoring old recipe for target '.c.o'
rm -f decomp_uses.inc
echo USE t1_mozcart_Parameters > decomp_uses.inc
echo USE t1_mozcart_JacobianSP >> decomp_uses.inc
ln -sf  ../../../module_kpp_t1_mozcart_Precision.F
ln -sf  ../../../module_kpp_t1_mozcart_Parameters.F
ln -sf  ../../../module_kpp_t1_mozcart_JacobianSP.F
ln -sf  ../../../module_kpp_t1_mozcart_Integr.F
make -i -r comp
make[1]: Entering directory '/home/onishi/WRF/chem/KPP/util/write_decomp'
Makefile:50: warning: overriding recipe for target '.F.o'
../../../../configure.wrf:397: warning: ignoring old recipe for target '.F.o'
Makefile:58: warning: overriding recipe for target '.c.o'
../../../../configure.wrf:440: warning: ignoring old recipe for target '.c.o'
rm -f module_kpp_t1_mozcart_Precision.o
sed -f ../../../../arch/standard.sed module_kpp_t1_mozcart_Precision.F > module_kpp_t1_mozcart_Precision.b 
/lib/cpp -P -nostdinc -I/external/ioapi_share -I../../../../inc -DEM_CORE= -DNMM_CORE= -DNMM_MAX_DIM=2600 -DDA_CORE= -DWRFPLUS= -DIWORDSIZE=4 -DDWORDSIZE=8 -DRWORDSIZE=4 -DLWORDSIZE=4 -DNONSTANDARD_SYSTEM_FUNC  -DWRF_USE_CLM -DUSE_NETCDF4_FEATURES -DWRFIO_NCD_LARGE_FILE_SUPPORT  -DDM_PARALLEL -DNETCDF -DGRIB2 -DHDF5 -DLANDREAD_STUB=1 -DUSE_ALLOCATABLES -Dwrfmodel -DGRIB1 -DINTIO -DKEEP_INT_AROUND -DLIMIT_ARGS -DBUILD_RRTMG_FAST=0 -DBUILD_RRTMK=0 -DBUILD_SBM_FAST=1 -DSHOW_ALL_VARS_USED=0 -DCONFIG_BUF_LEN=65536 -DMAX_DOMAINS_F=21 -DMAX_HISTORY=25 -DNMM_NEST= -DWRF_CHEM -DBUILD_CHEM=1 -DWRF_KPP -I. -traditional-cpp -DUSE_NETCDF4_FEATURES -DWRFIO_NCD_LARGE_FILE_SUPPORT  module_kpp_t1_mozcart_Precision.b  > module_kpp_t1_mozcart_Precision.f90
rm -f module_kpp_t1_mozcart_Precision.b
ifort -c -O3 -ip -fp-model precise -w -ftz -align all -fno-alias -FR -convert big_endian    -real-size `expr 8 \* 4` -i4  module_kpp_t1_mozcart_Precision.f90
rm -f module_kpp_t1_mozcart_Parameters.o
sed -f ../../../../arch/standard.sed module_kpp_t1_mozcart_Parameters.F > module_kpp_t1_mozcart_Parameters.b 
/lib/cpp -P -nostdinc -I/external/ioapi_share -I../../../../inc -DEM_CORE= -DNMM_CORE= -DNMM_MAX_DIM=2600 -DDA_CORE= -DWRFPLUS= -DIWORDSIZE=4 -DDWORDSIZE=8 -DRWORDSIZE=4 -DLWORDSIZE=4 -DNONSTANDARD_SYSTEM_FUNC  -DWRF_USE_CLM -DUSE_NETCDF4_FEATURES -DWRFIO_NCD_LARGE_FILE_SUPPORT  -DDM_PARALLEL -DNETCDF -DGRIB2 -DHDF5 -DLANDREAD_STUB=1 -DUSE_ALLOCATABLES -Dwrfmodel -DGRIB1 -DINTIO -DKEEP_INT_AROUND -DLIMIT_ARGS -DBUILD_RRTMG_FAST=0 -DBUILD_RRTMK=0 -DBUILD_SBM_FAST=1 -DSHOW_ALL_VARS_USED=0 -DCONFIG_BUF_LEN=65536 -DMAX_DOMAINS_F=21 -DMAX_HISTORY=25 -DNMM_NEST= -DWRF_CHEM -DBUILD_CHEM=1 -DWRF_KPP -I. -traditional-cpp -DUSE_NETCDF4_FEATURES -DWRFIO_NCD_LARGE_FILE_SUPPORT  module_kpp_t1_mozcart_Parameters.b  > module_kpp_t1_mozcart_Parameters.f90
rm -f module_kpp_t1_mozcart_Parameters.b
ifort -c -O3 -ip -fp-model precise -w -ftz -align all -fno-alias -FR -convert big_endian    -real-size `expr 8 \* 4` -i4  module_kpp_t1_mozcart_Parameters.f90
rm -f module_kpp_t1_mozcart_JacobianSP.o
sed -f ../../../../arch/standard.sed module_kpp_t1_mozcart_JacobianSP.F > module_kpp_t1_mozcart_JacobianSP.b 
/lib/cpp -P -nostdinc -I/external/ioapi_share -I../../../../inc -DEM_CORE= -DNMM_CORE= -DNMM_MAX_DIM=2600 -DDA_CORE= -DWRFPLUS= -DIWORDSIZE=4 -DDWORDSIZE=8 -DRWORDSIZE=4 -DLWORDSIZE=4 -DNONSTANDARD_SYSTEM_FUNC  -DWRF_USE_CLM -DUSE_NETCDF4_FEATURES -DWRFIO_NCD_LARGE_FILE_SUPPORT  -DDM_PARALLEL -DNETCDF -DGRIB2 -DHDF5 -DLANDREAD_STUB=1 -DUSE_ALLOCATABLES -Dwrfmodel -DGRIB1 -DINTIO -DKEEP_INT_AROUND -DLIMIT_ARGS -DBUILD_RRTMG_FAST=0 -DBUILD_RRTMK=0 -DBUILD_SBM_FAST=1 -DSHOW_ALL_VARS_USED=0 -DCONFIG_BUF_LEN=65536 -DMAX_DOMAINS_F=21 -DMAX_HISTORY=25 -DNMM_NEST= -DWRF_CHEM -DBUILD_CHEM=1 -DWRF_KPP -I. -traditional-cpp -DUSE_NETCDF4_FEATURES -DWRFIO_NCD_LARGE_FILE_SUPPORT  module_kpp_t1_mozcart_JacobianSP.b  > module_kpp_t1_mozcart_JacobianSP.f90
rm -f module_kpp_t1_mozcart_JacobianSP.b
ifort -c -O3 -ip -fp-model precise -w -ftz -align all -fno-alias -FR -convert big_endian    -real-size `expr 8 \* 4` -i4  module_kpp_t1_mozcart_JacobianSP.f90
rm -f write_decomp.o
sed -f ../../../../arch/standard.sed write_decomp.F > write_decomp.b 
/lib/cpp -P -nostdinc -I/external/ioapi_share -I../../../../inc -DEM_CORE= -DNMM_CORE= -DNMM_MAX_DIM=2600 -DDA_CORE= -DWRFPLUS= -DIWORDSIZE=4 -DDWORDSIZE=8 -DRWORDSIZE=4 -DLWORDSIZE=4 -DNONSTANDARD_SYSTEM_FUNC  -DWRF_USE_CLM -DUSE_NETCDF4_FEATURES -DWRFIO_NCD_LARGE_FILE_SUPPORT  -DDM_PARALLEL -DNETCDF -DGRIB2 -DHDF5 -DLANDREAD_STUB=1 -DUSE_ALLOCATABLES -Dwrfmodel -DGRIB1 -DINTIO -DKEEP_INT_AROUND -DLIMIT_ARGS -DBUILD_RRTMG_FAST=0 -DBUILD_RRTMK=0 -DBUILD_SBM_FAST=1 -DSHOW_ALL_VARS_USED=0 -DCONFIG_BUF_LEN=65536 -DMAX_DOMAINS_F=21 -DMAX_HISTORY=25 -DNMM_NEST= -DWRF_CHEM -DBUILD_CHEM=1 -DWRF_KPP -I. -traditional-cpp -DUSE_NETCDF4_FEATURES -DWRFIO_NCD_LARGE_FILE_SUPPORT  write_decomp.b  > write_decomp.f90
rm -f write_decomp.b
ifort -c -O3 -ip -fp-model precise -w -ftz -align all -fno-alias -FR -convert big_endian    -real-size `expr 8 \* 4` -i4  write_decomp.f90
ifort -o write_decomp.exe module_kpp_t1_mozcart_Precision.o module_kpp_t1_mozcart_Parameters.o module_kpp_t1_mozcart_JacobianSP.o      write_decomp.o  
echo t1_mozcart > mech.tmp
make[1]: Leaving directory '/home/onishi/WRF/chem/KPP/util/write_decomp'
./write_decomp.exe
   -- in write_decomp
     for kpp mechanism: t1_mozcart
 fname:<decomp_t1_mozcart.inc>
make -i -r integr_edit
make[1]: Entering directory '/home/onishi/WRF/chem/KPP/util/write_decomp'
Makefile:50: warning: overriding recipe for target '.F.o'
../../../../configure.wrf:397: warning: ignoring old recipe for target '.F.o'
Makefile:58: warning: overriding recipe for target '.c.o'
../../../../configure.wrf:440: warning: ignoring old recipe for target '.c.o'
rm -f integr_edit.o
icc -c -w -O3 -ip -DRPC_TYPES=1  -DDM_PARALLEL -DLANDREAD_STUB=1 -DMAX_HISTORY=25 -DNMM_CORE= integr_edit.c
icc -o integr_edit.exe integr_edit.o
make[1]: Leaving directory '/home/onishi/WRF/chem/KPP/util/write_decomp'
./integr_edit.exe t1_mozcart
   integr_edit: replacing     CALL t1_mozcart_KppDecomp ( A, ising )
 
  END MODULE t1_mozcart_Integrator
 make -i -r clean 
make[1]: Entering directory '/home/onishi/WRF/chem/KPP/util/write_decomp'
Makefile:50: warning: overriding recipe for target '.F.o'
../../../../configure.wrf:397: warning: ignoring old recipe for target '.F.o'
Makefile:58: warning: overriding recipe for target '.c.o'
../../../../configure.wrf:440: warning: ignoring old recipe for target '.c.o'
make[1]: Leaving directory '/home/onishi/WRF/chem/KPP/util/write_decomp'
tuv_kpp: Argument = LAST
=========================================================
ln -s ../chem/KPP/inc/fixed_args_kpp_interf.inc /home/onishi/WRF/inc
ln -s ../chem/KPP/inc/fixed_decl_kpp_interf.inc /home/onishi/WRF/inc
ln -s ../chem/KPP/inc/kpp_ctrl_default.inc /home/onishi/WRF/inc
 
RUN WRF-Chem KPP coupler ---------------------------
opening Registry/registry.dimspec
including Registry/registry.dimspec
opening Registry/registry.chem
including Registry/registry.chem
opening Registry/registry.new3d_gca
including Registry/registry.new3d_gca
opening Registry/registry.em_shared_collection
including Registry/registry.em_shared_collection
opening Registry/Registry.EM_COMMON
including Registry/Registry.EM_COMMON
opening Registry/registry.io_boilerplate
including Registry/registry.io_boilerplate
opening Registry/io_boilerplate_temporary.inc
Registry warning: cannot open Registry/io_boilerplate_temporary.inc. Tried Registry/io_boilerplate_temporary.inc and ./Registry/io_boilerplate_temporary.inc Ignoring.
opening Registry/registry.fire
including Registry/registry.fire
opening Registry/registry.avgflx
including Registry/registry.avgflx
opening Registry/registry.stoch
including Registry/registry.stoch
opening Registry/registry.les
including Registry/registry.les
opening Registry/registry.cam
including Registry/registry.cam
opening Registry/registry.clm
including Registry/registry.clm
opening Registry/registry.lake
including Registry/registry.lake
opening Registry/registry.ssib
including Registry/registry.ssib
opening Registry/registry.noahmp
including Registry/registry.noahmp
opening Registry/registry.sbm
including Registry/registry.sbm
opening Registry/registry.polrad
including Registry/registry.polrad
opening Registry/registry.afwa
including Registry/registry.afwa
opening Registry/registry.rasm_diag
including Registry/registry.rasm_diag
opening Registry/registry.elec
including Registry/registry.elec
opening Registry/registry.bdy_perturb
including Registry/registry.bdy_perturb
opening Registry/registry.hyb_coord
including Registry/registry.hyb_coord
opening Registry/registry.new3d_wif
including Registry/registry.new3d_wif
opening Registry/registry.trad_fields
including Registry/registry.trad_fields
opening Registry/registry.solar_fields
including Registry/registry.solar_fields
opening Registry/registry.diags
including Registry/registry.diags
opening Registry/registry.CMAQ
including Registry/registry.CMAQ
 spcfilename: chem/KPP/mechanisms/cb05_sorg_aq/cb05_sorg_aq.spc 
 spcfilename: chem/KPP/mechanisms/cb05_sorg_vbs_aq/cb05_sorg_vbs_aq.spc 
 spcfilename: chem/KPP/mechanisms/cbm4/cbm4.spc 
 spcfilename: chem/KPP/mechanisms/cbmz_bb/cbmz_bb.spc 
 spcfilename: chem/KPP/mechanisms/cbmz_mosaic/cbmz_mosaic.spc 
 spcfilename: chem/KPP/mechanisms/cri_mosaic_4bin_aq/cri_mosaic_4bin_aq.spc 
 spcfilename: chem/KPP/mechanisms/cri_mosaic_8bin_aq/cri_mosaic_8bin_aq.spc 
 spcfilename: chem/KPP/mechanisms/crimech/crimech.spc 
 spcfilename: chem/KPP/mechanisms/gocartracm/gocartracm.spc 
 spcfilename: chem/KPP/mechanisms/mozart/mozart.spc 
 spcfilename: chem/KPP/mechanisms/mozart_mosaic_4bin/mozart_mosaic_4bin.spc 
 spcfilename: chem/KPP/mechanisms/mozart_mosaic_4bin_aq/mozart_mosaic_4bin_aq.spc 
 spcfilename: chem/KPP/mechanisms/mozcart/mozcart.spc 
 spcfilename: chem/KPP/mechanisms/nmhc9/nmhc9.spc 
 spcfilename: chem/KPP/mechanisms/racm/racm.spc 
 spcfilename: chem/KPP/mechanisms/racm_esrlsorg/racm_esrlsorg.spc 
 spcfilename: chem/KPP/mechanisms/racm_esrlsorg_aqchem/racm_esrlsorg_aqchem.spc 
 spcfilename: chem/KPP/mechanisms/racm_mim/racm_mim.spc 
 spcfilename: chem/KPP/mechanisms/racm_soa_vbs/racm_soa_vbs.spc 
 spcfilename: chem/KPP/mechanisms/racm_soa_vbs_aqchem/racm_soa_vbs_aqchem.spc 
 spcfilename: chem/KPP/mechanisms/racm_soa_vbs_het/racm_soa_vbs_het.spc 
 spcfilename: chem/KPP/mechanisms/racmpm/racmpm.spc 
 spcfilename: chem/KPP/mechanisms/racmsorg/racmsorg.spc 
 spcfilename: chem/KPP/mechanisms/racmsorg_aqchem/racmsorg_aqchem.spc 
 spcfilename: chem/KPP/mechanisms/radm2/radm2.spc 
 spcfilename: chem/KPP/mechanisms/radm2sorg/radm2sorg.spc 
 spcfilename: chem/KPP/mechanisms/saprc99/saprc99.spc 
 spcfilename: chem/KPP/mechanisms/saprc99_mosaic_4bin_vbs2/saprc99_mosaic_4bin_vbs2.spc 
 spcfilename: chem/KPP/mechanisms/saprc99_mosaic_8bin_vbs2_aq/saprc99_mosaic_8bin_vbs2_aq.spc 
 spcfilename: chem/KPP/mechanisms/t1_mozcart/t1_mozcart.spc 

 
 FOUND match between WRF-Chem/KPP for mechanism:  cb05_sorg_aq 
 Found file chem/KPP/mechanisms/cb05_sorg_aq/cb05_sorg_aq_wrfkpp.equiv

 
 FOUND match between WRF-Chem/KPP for mechanism:  cb05_sorg_vbs_aq 
 Found file chem/KPP/mechanisms/cb05_sorg_vbs_aq/cb05_sorg_vbs_aq_wrfkpp.equiv

 
 FOUND match between WRF-Chem/KPP for mechanism:  cbm4 
 Found file chem/KPP/mechanisms/cbm4/cbm4_wrfkpp.equiv
ERROR: variable name for third body in KPP species file is expected to be  M, but was not found in cbm4 species file 

 
 FOUND match between WRF-Chem/KPP for mechanism:  cbmz_bb 
 Found file chem/KPP/mechanisms/cbmz_bb/cbmz_bb_wrfkpp.equiv

 
 FOUND match between WRF-Chem/KPP for mechanism:  cbmz_mosaic 
 Found file chem/KPP/mechanisms/cbmz_mosaic/cbmz_mosaic_wrfkpp.equiv
next: get_wrf_chem_specs 
next: get_wrf_radicals 
next: get_wrf_jvals 
next: get_kpp_chem_specs 
chem/KPP/mechanisms/cb05_sorg_aq 
 Found chem/KPP/mechanisms/cb05_sorg_aq/cb05_sorg_aq.spc 
chem/KPP/mechanisms/cb05_sorg_vbs_aq 
 Found chem/KPP/mechanisms/cb05_sorg_vbs_aq/cb05_sorg_vbs_aq.spc 
chem/KPP/mechanisms/cbm4 
 Found chem/KPP/mechanisms/cbm4/cbm4.spc 
chem/KPP/mechanisms/cbmz_bb 
 Found chem/KPP/mechanisms/cbmz_bb/cbmz_bb.spc 
chem/KPP/mechanisms/cbmz_mosaic 
 Found chem/KPP/mechanisms/cbmz_mosaic/cbmz_mosaic.spc 
chem/KPP/mechanisms/cri_mosaic_4bin_aq 
 Found chem/KPP/mechanisms/cri_mosaic_4bin_aq/cri_mosaic_4bin_aq.spc 
chem/KPP/mechanisms/cri_mosaic_8bin_aq 
 Found chem/KPP/mechanisms/cri_mosaic_8bin_aq/cri_mosaic_8bin_aq.spc 
chem/KPP/mechanisms/crimech 
 Found chem/KPP/mechanisms/crimech/crimech.spc 
chem/KPP/mechanisms/gocartracm 
 Found chem/KPP/mechanisms/gocartracm/gocartracm.spc 
chem/KPP/mechanisms/mozart 
 Found chem/KPP/mechanisms/mozart/mozart.spc 
chem/KPP/mechanisms/mozart_mosaic_4bin 
 Found chem/KPP/mechanisms/mozart_mosaic_4bin/mozart_mosaic_4bin.spc 
chem/KPP/mechanisms/mozart_mosaic_4bin_aq 
 Found chem/KPP/mechanisms/mozart_mosaic_4bin_aq/mozart_mosaic_4bin_aq.spc 
chem/KPP/mechanisms/mozcart 
 Found chem/KPP/mechanisms/mozcart/mozcart.spc 
chem/KPP/mechanisms/nmhc9 
 Found chem/KPP/mechanisms/nmhc9/nmhc9.spc 
chem/KPP/mechanisms/racm 
 Found chem/KPP/mechanisms/racm/racm.spc 
chem/KPP/mechanisms/racm_esrlsorg 
 Found chem/KPP/mechanisms/racm_esrlsorg/racm_esrlsorg.spc 
chem/KPP/mechanisms/racm_esrlsorg_aqchem 
 Found chem/KPP/mechanisms/racm_esrlsorg_aqchem/racm_esrlsorg_aqchem.spc 
chem/KPP/mechanisms/racm_mim 
 Found chem/KPP/mechanisms/racm_mim/racm_mim.spc 
chem/KPP/mechanisms/racm_soa_vbs 
 Found chem/KPP/mechanisms/racm_soa_vbs/racm_soa_vbs.spc 
chem/KPP/mechanisms/racm_soa_vbs_aqchem 
 Found chem/KPP/mechanisms/racm_soa_vbs_aqchem/racm_soa_vbs_aqchem.spc 
chem/KPP/mechanisms/racm_soa_vbs_het 
 Found chem/KPP/mechanisms/racm_soa_vbs_het/racm_soa_vbs_het.spc 
chem/KPP/mechanisms/racmpm 
 Found chem/KPP/mechanisms/racmpm/racmpm.spc 
chem/KPP/mechanisms/racmsorg 
 Found chem/KPP/mechanisms/racmsorg/racmsorg.spc 
chem/KPP/mechanisms/racmsorg_aqchem 
 Found chem/KPP/mechanisms/racmsorg_aqchem/racmsorg_aqchem.spc 
chem/KPP/mechanisms/radm2 
 Found chem/KPP/mechanisms/radm2/radm2.spc 
chem/KPP/mechanisms/radm2sorg 
 Found chem/KPP/mechanisms/radm2sorg/radm2sorg.spc 
chem/KPP/mechanisms/saprc99 
 Found chem/KPP/mechanisms/saprc99/saprc99.spc 
chem/KPP/mechanisms/saprc99_mosaic_4bin_vbs2 
 Found chem/KPP/mechanisms/saprc99_mosaic_4bin_vbs2/saprc99_mosaic_4bin_vbs2.spc 
chem/KPP/mechanisms/saprc99_mosaic_8bin_vbs2_aq 
 Found chem/KPP/mechanisms/saprc99_mosaic_8bin_vbs2_aq/saprc99_mosaic_8bin_vbs2_aq.spc 
chem/KPP/mechanisms/t1_mozcart 
 Found chem/KPP/mechanisms/t1_mozcart/t1_mozcart.spc 
next: compare_kpp_to_species 
 ... testing  cb05_sorg_aq cb05_sorg_aq
 ... testing  cb05_sorg_vbs_aq cb05_sorg_vbs_aq
 ... testing  cbm4 cbm4
 ... testing  cbmz_bb cbmz_bb
 kpp_name,  wrf_name   OH HO 
  kpp_name,  wrf_name   H2SO4 SULF 
  kpp_name,  wrf_name   C2H6 ETH 
  kpp_name,  wrf_name   ALD2 ALD 
  kpp_name,  wrf_name   AONE KET 
  kpp_name,  wrf_name   C2H4 OL2 
  kpp_name,  wrf_name   OLET OLT 
  kpp_name,  wrf_name   OLEI OLI 
  kpp_name,  wrf_name   CRES CSL 
  kpp_name,  wrf_name   ISOP ISO 
  kpp_name,  wrf_name   CH3OOH OP1 
  kpp_name,  wrf_name   ETHOOH OP2 
  kpp_name,  wrf_name   HCOOH ORA1 
  kpp_name,  wrf_name   RCOOH ORA2 
  kpp_name,  wrf_name   ANOL C2H5OH 
  kpp_name,  wrf_name   ROOH OP3 
  ... testing  cbmz_mosaic cbmz_mosaic
 kpp_name,  wrf_name   OH HO 
  kpp_name,  wrf_name   H2SO4 SULF 
  kpp_name,  wrf_name   C2H6 ETH 
  kpp_name,  wrf_name   ALD2 ALD 
  kpp_name,  wrf_name   AONE KET 
  kpp_name,  wrf_name   C2H4 OL2 
  kpp_name,  wrf_name   OLET OLT 
  kpp_name,  wrf_name   OLEI OLI 
  kpp_name,  wrf_name   CRES CSL 
  kpp_name,  wrf_name   ISOP ISO 
  kpp_name,  wrf_name   CH3OOH OP1 
  kpp_name,  wrf_name   ETHOOH OP2 
  kpp_name,  wrf_name   HCOOH ORA1 
  kpp_name,  wrf_nam
 
 FOUND match between WRF-Chem/KPP for mechanism:  cri_mosaic_4bin_aq 
 Found file chem/KPP/mechanisms/cri_mosaic_4bin_aq/cri_mosaic_4bin_aq_wrfkpp.equiv

 
 FOUND match between WRF-Chem/KPP for mechanism:  cri_mosaic_8bin_aq 
 Found file chem/KPP/mechanisms/cri_mosaic_8bin_aq/cri_mosaic_8bin_aq_wrfkpp.equiv

 
 FOUND match between WRF-Chem/KPP for mechanism:  crimech 
 Found file chem/KPP/mechanisms/crimech/crimech_wrfkpp.equiv

 
 FOUND match between WRF-Chem/KPP for mechanism:  gocartracm 
 Found file chem/KPP/mechanisms/gocartracm/gocartracm_wrfkpp.equiv

 
 FOUND match between WRF-Chem/KPP for mechanism:  mozart 
 Found file chem/KPP/mechanisms/mozart/mozart_wrfkpp.equiv

 
 FOUND match between WRF-Chem/KPP for mechanism:  mozart_mosaic_4bin 
 Found file chem/KPP/mechanisms/mozart_mosaic_4bin/mozart_mosaic_4bin_wrfkpp.equiv

 
 FOUND match between WRF-Chem/KPP for mechanism:  mozart_mosaic_4bin_aq 
 Found file chem/KPP/mechanisms/mozart_mosaic_4bin_aq/mozart_mosaic_4bin_aq_wrfkpp.equiv
e   RCOOH ORA2 
  kpp_name,  wrf_name   ANOL C2H5OH 
  kpp_name,  wrf_name   ROOH OP3 
  ... testing  cri_mosaic_4bin_aq cri_mosaic_4bin_aq
 kpp_name,  wrf_name   OH HO 
  kpp_name,  wrf_name   CH3COCH3 KET 
  kpp_name,  wrf_name   CH3CO3 ACO3 
  kpp_name,  wrf_name   CH3CO3H PAA 
  kpp_name,  wrf_name   IC3H7OOH PROOH 
  kpp_name,  wrf_name   H2SO4 SULF 
  ... testing  cri_mosaic_8bin_aq cri_mosaic_8bin_aq
 kpp_name,  wrf_name   OH HO 
  kpp_name,  wrf_name   CH3COCH3 KET 
  kpp_name,  wrf_name   CH3CO3 ACO3 
  kpp_name,  wrf_name   CH3CO3H PAA 
  kpp_name,  wrf_name   IC3H7OOH PROOH 
  kpp_name,  wrf_name   H2SO4 SULF 
  ... testing  crimech crimech
 kpp_name,  wrf_name   OH HO 
  kpp_name,  wrf_name   CH3COCH3 KET 
  kpp_name,  wrf_name   CH3CO3 ACO3 
  kpp_name,  wrf_name   CH3CO3H PAA 
  kpp_name,  wrf_name   IC3H7OOH PROOH 
  kpp_name,  wrf_name   H2SO4 SULF 
  ... testing  gocartracm gocartracm
 kpp_name,  wrf_name   PHO RPHO 
  ... testing  mozart mozart
 kpp_name,  wrf_name   OH HO 
  kpp_name,  wrf_name   HO2NO2 HNO4 
  kpp_name,  wrf_name   CH2O HCHO 
  kpp_name,  wrf_name   CH3COCH3 ACET 
  kpp_name,  wrf_name   ROOH ACETP 
  kpp_name,  wrf_name   HYAC ACETOL 
  kpp_name,  wrf_name   RO2 ACETO2 
  kpp_name,  wrf_name   CH3COCHO MGLY 
  kpp_name,  wrf_name   CH3CO3 ACO3 
  kpp_name,  wrf_name   CH3COOOH PAA 
  kpp_name,  wrf_name   GLYOXAL GLY 
  kpp_name,  wrf_name   POOH C3H6OOH 
  kpp_name,  wrf_name   C2H5OOH ETOOH 
  kpp_name,  wrf_name   C2H5O2 ETO2 
  kpp_name,  wrf_name   CH3CHO ALD 
  kpp_name,  wrf_name   MACRO2 MVKO2 
  kpp_name,  wrf_name   MACROOH MVKOOH 
  kpp_name,  wrf_name   C3H7OOH PROOH 
  kpp_name,  wrf_name   C3H7O2 PRO2 
  kpp_name,  wrf_name   ISOP ISOPR 
  kpp_name,  wrf_name   ISOPO2 ISO2 
  kpp_name,  wrf_name   ISOPOOH ISOOH 
  kpp_name,  wrf_name   ISOPNO3 ISOPN 
  kpp_name,  wrf_name   BIGALD OPEN 
  kpp_name,  wrf_name   CRESOL CRES 
  kpp_name,  wrf_name   TOLUENE TOL 
  kpp_name,  wrf_name   TOLO2 TO2 
  kpp_name,  wrf_name   SO4 SULF 
  ... testing  mozart_mosaic_4bin mozart_mosaic_4bin
 kpp_name,  wrf_name   OH HO 
  kpp_name,  wrf_name   HO2NO2 HNO4 
  kpp_name,  wrf_name   CH2O HCHO 
  kpp_name,  wrf_name   CH3COCH3 ACET 
  kpp_name,  wrf_name   ROOH ACETP 
  kpp_name,  wrf_name   HYAC ACETOL 
  kpp_name,  wrf_name   RO2 ACETO2 
  kpp_name,  wrf_name   CH3COCHO MGLY 
  kpp_name,  wrf_name   CH3CO3 ACO3 
  kpp_name,  wrf_name   CH3COOOH PAA 
  kpp_name,  wrf_name   GLYOXAL GLY 
  kpp_name,  wrf_name   POOH C3H6OOH 
  kpp_name,  wrf_name   C2H5OOH ETOOH 
  kpp_name,  wrf_name   C2H5O2 ETO2 
  kpp_name,  wrf_name   CH3CHO ALD 
  kpp_name,  wrf_name   MACRO2 MVKO2 
  kpp_name,  wrf_name   MACROOH MVKOOH 
  kpp_name,  wrf_name   C3H7OOH PROOH 
  kpp_name,  wrf_name   C3H7O2 PRO2 
  kpp_name,  wrf_name   ISOP ISOPR 
  kpp_name,  wrf_name   ISOPO2 ISO2 
  kpp_name,  wrf_name   ISOPOOH ISOOH 
  kpp_name,  wrf_name   ISOPNO3 ISOPN 
  kpp_name,  wrf_name   BIGALD OPEN 
  kpp_name,  wrf_name   CRESOL CRES 
  kpp_name,  wrf_name   TOLUENE TOL 
  kpp_name,  wrf_name   TOLO2 TO2 
  kpp_name,  wrf_name   SO4 SULF 
  kpp_name,  wrf_name   PHENOL PHEN 
  kpp_name,  wrf_name   XYLENES XYL 
  kpp_name,  wrf_name   BZALD BALD 
  ... testing  mozart_mosaic_4bin_aq mozart_mosaic_4bin_aq
 kpp_name,  wrf_name   OH HO 
  kpp_name,  wrf_name   HO2NO2 HNO4 
  kpp_name,  wrf_name   CH2O HCHO 
  kpp_name,  wrf_name   CH3COCH3 ACET 
  kpp_name,  wrf_name   ROOH ACETP 
  kpp_name,  wrf_name   HYAC ACETOL 
  kpp_name,  wrf_name   RO2 ACETO2 
  kpp_name,  wrf_name   CH3COCHO MGLY 
  kpp_name,  wrf_name   CH3CO3 ACO3 
  kpp_name,  wrf_name   CH3COOOH PAA 
  kpp_name,  wrf_name   GLYOXAL GLY 
  kpp_name,  wrf_name   POOH C3H6OOH 
  kpp_name,  wrf_name   C2H5OOH ETOOH 
  kpp_name,  wrf_name   C2H5O2 ETO2 
  kpp_name,  wrf_name   CH3CHO ALD 
  kpp_name,  wrf_name   MACRO2 MVKO2 
  kpp_name,  wrf_name   MACROOH MVKOOH 
  kpp_name,  wrf_name   C3H7OOH PROOH 
  kpp_name,  wrf_name   C3H7O2 PRO2 
  kpp_name,  wrf_name   ISOP ISOPR 
  kpp_name,  wrf_name   ISOPO2 ISO2 
  kpp_name,  wrf_name   ISOPOOH ISOOH 
  kpp_na
 
 FOUND match between WRF-Chem/KPP for mechanism:  mozcart 
 Found file chem/KPP/mechanisms/mozcart/mozcart_wrfkpp.equiv

 
 FOUND match between WRF-Chem/KPP for mechanism:  nmhc9 
 Found file chem/KPP/mechanisms/nmhc9/nmhc9_wrfkpp.equiv

 
 FOUND match between WRF-Chem/KPP for mechanism:  racm 
 Found file chem/KPP/mechanisms/racm/racm_wrfkpp.equiv

 
 FOUND match between WRF-Chem/KPP for mechanism:  racm_esrlsorg 
 Found file chem/KPP/mechanisms/racm_esrlsorg/racm_esrlsorg_wrfkpp.equiv

 
 FOUND match between WRF-Chem/KPP for mechanism:  racm_esrlsorg_aqchem 
 Found file chem/KPP/mechanisms/racm_esrlsorg_aqchem/racm_esrlsorg_aqchem_wrfkpp.equiv

 
 FOUND match between WRF-Chem/KPP for mechanism:  racm_mim 
 Found file chem/KPP/mechanisms/racm_mim/racm_mim_wrfkpp.equiv

 
 FOUND match between WRF-Chem/KPP for mechanism:  racm_soa_vbs 
 Found file chem/KPP/mechanisms/racm_soa_vbs/racm_soa_vbs_wrfkpp.equiv

 
 FOUND match between WRF-Chem/KPP for mechanism:  racm_soa_vbs_aqchem 
 Found file chem/KPP/mechanisms/racm_soa_vbs_aqchem/racm_soa_vbs_aqchem_wrfkpp.equiv

 
 FOUND match between WRF-Chem/KPP for mechanism:  racm_soa_vbs_het 
 Found file chem/KPP/mechanisms/racm_soa_vbs_het/racm_soa_vbs_het_wrfkpp.equiv

 
 FOUND match between WRF-Chem/KPP for mechanism:  racmpm 
 Found file chem/KPP/mechanisms/racmpm/racmpm_wrfkpp.equiv

 
 FOUND match between WRF-Chem/KPP for mechanism:  racmsorg 
 Found file chem/KPP/mechanisms/racmsorg/racmsorg_wrfkpp.equiv

 
 FOUND match between WRF-Chem/KPP for mechanism:  racmsorg_aqchem 
 Found file chem/KPP/mechanisms/racmsorg_aqchem/racmsorg_aqchem_wrfkpp.equiv

 
 FOUND match between WRF-Chem/KPP for mechanism:  radm2 
 Found file chem/KPP/mechanisms/radm2/radm2_wrfkpp.equiv

 
 FOUND match between WRF-Chem/KPP for mechanism:  radm2sorg 
 Found file chem/KPP/mechanisms/radm2sorg/radm2sorg_wrfkpp.equiv

 
 FOUND match between WRF-Chem/KPP for mechanism:  saprc99 
 Found file chem/KPP/mechanisms/saprc99/saprc99_wrfkpp.equiv

 
 FOUND match between WRF-Chem/KPP for mechanism:  saprc99_mosaic_4bin_vbs2 
 Found file chem/KPP/mechanisms/saprc99_mosaic_4bin_vbs2/saprc99_mosaic_4bin_vbs2_wrfkpp.equiv

 
 FOUND match between WRF-Chem/KPP for mechanism:  saprc99_mosaic_8bin_vbs2_aq 
 Found file chem/KPP/mechanisms/saprc99_mosaic_8bin_vbs2_aq/saprc99_mosaic_8bin_vbs2_aq_wrfkpp.equiv

 
 FOUND match between WRF-Chem/KPP for mechanism:  t1_mozcart 
 Found file chem/KPP/mechanisms/t1_mozcart/t1_mozcart_wrfkpp.equiv
MATCHING PACK:  cb05_sorg_aq_kpp 
 1 found (special) H2O WATER VAPOR  
 1 found (special) M THIRD BODY  
MATCHING PACK:  cb05_sorg_vbs_aq_kpp 
 1 found (special) H2O WATER VAPOR  
 1 found (special) M THIRD BODY  
MATCHING PACK:  cbm4_kpp 
 1 found (special) H2O WATER VAPOR  
MATCHING PACK:  cbmz_bb_kpp 
 1 found (special) H2O WATER VAPOR  
 1 found (special) M THIRD BODY  
MATCHING PACK:  cbmz_mosaic_kpp 
 1 found (special) H2O WATER VAPOR  
 1 found (special) M THIRD BODY  
MATCHING PACK:  cri_mosaic_4bin_aq_kpp 
 1 found (special) H2O WATER VAPOR  
 1 found (special) M THIRD BODY  
MATCHING PACK:  cri_mosaic_8bin_aq_kpp 
 1 found (special) H2O WATER VAPOR  
 1 found (special) M THIRD BODY  
MATCHING PACK:  crimech_kpp 
 1 found (special) H2O WATER VAPOR  
 1 found (special) M THIRD BODY  
MATCHING PACK:  gocartracm_kpp 
 1 found (special) CO2 CO2  
 1 found (special) H2O WATER VAPOR  
 1 found (special) M THIRD BODY  
MATCHING PACK:  mozart_kpp 
 1 found (special) H2O WATER VAPOR  
 1 found (special) M THIRD BODY  
MATCHING PACK:  mozart_mosaic_4bin_kpp 
 1 found (special) H2O WATER VAPOR  
 1 found (special) M THIRD BODY  
MATCHING PACK:  mozart_mosaic_4bin_aq_kpp 
 1 found (special) H2O WATER VAPOR  
 1 found (special) M THIRD BODY  
MATCHING PACK:  mozcart_kpp 
 1 found (special) H2O WATER VAPOR  
 1 found (special) M THIRD BODY  
MATCHING PACK:  nmhc9_kpp 
 1 found (special) H2O WATER VAPOR  
 1 found (special) M THIRD BODY  
MATCHING PACK:  racm_kpp 
 1 found (special) CO2 CO2  
 1 found (special) H2O WATER VAPOR  
 1 found (special) M THIRD BODY  
MATCHING PACK:  racm_esrlsorg_kpp 
 1 found (special) CO2 CO2  
 1 found (special) H2O WATER VAPOR  
 1 found (special) M THIRD BODY  
MATCHING PACK:  racm_esrlsorg_aqchem_kpp 
 1 found (special) CO2 CO2  
 1 found (special) H2O WATER VAPOR  
 1 found (special) M THIRD BODY  
MATCHING PACK:  racm_mim_kpp 
 1 found (special) CO2 CO2  
 1 found (special) H2O WATER VAPOR  
 1 found (special) M THIRD BODY  
MATCHING PACK:  racm_soa_vbs_kpp 
 1 found (special) CO2 CO2  
 1 found (special) H2O WATER VAPOR  
 1 found (special) M THIRD BODY  
MATCHING PACK:  racm_soa_vbs_aqchem_kpp 
 1 found (special) CO2 CO2  
 1 found (special) H2O WATER VAPOR  
 1 found (special) M THIRD BODY  
MATCHING PACK:  racm_soa_vbs_het_kpp 
 1 found (special) CO2 CO2  
 1 found (special) H2O WATER VAPOR  
 1 found (special) M THIRD BODY  
MATCHING PACK:  racmpm_kpp 
 1 found (special) CO2 CO2  
 1 found (special) H2O WATER VAPOR  
 1 found (special) M THIRD BODY  
MATCHING PACK:  racmsorg_kpp 
 1 found (special) CO2 CO2  
 1 found (special) H2O WATER VAPOR  
 1 found (special) M THIRD BODY  
MATCHING PACK:  racmsorg_aqchem_kpp 
 1 found (special) CO2 CO2  
 1 found (special) H2O WATER VAPOR  
 1 found (special) M THIRD BODY  
MATCHING PACK:  radm2_kpp 
 1 found (special) CO2 CO2  
 1 found (special) H2O WATER VAPOR  
 1 found (special) M THIRD BODY  
MATCHING PACK:  radm2sorg_kpp 
 1 found (special) CO2 CO2  
 1 found (special) H2O WATER VAPOR  
 1 found (special) M THIRD BODY  
MATCHING PACK:  saprc99_kpp 
 1 found (special) CO2 CO2  
 1 found (special) H2O WATER VAPOR  
 1 found (special) M THIRD BODY  
MATCHING PACK:  saprc99_mosaic_4bin_vbs2_kpp 
 1 found (special) CO2 CO2  
 1 found (special) H2O WATER VAPOR  
 1 found (special) M THIRD BODY  
MATCHING PACK:  saprc99_mosaic_8bin_vbs2_aq_kpp 
 1 found (special) CO2 CO2  
 1 found (special) H2O WATER VAPOR  
 1 found (special) M THIRD BODY  
MATCHING PACK:  t1_mozcart_kpp 
 1 found (special) M THIRD BODY  
 1 found (special) H2O WATER VAPOR  
 1 found (special) O2 MOLECULAR OXYGEN  
 1 found (special) N2 MOLECULAR NITROGEN  
 1 found (special) CO2 CO2  
me,  wrf_name   ISOPNO3 ISOPN 
  kpp_name,  wrf_name   BIGALD OPEN 
  kpp_name,  wrf_name   CRESOL CRES 
  kpp_name,  wrf_name   TOLUENE TOL 
  kpp_name,  wrf_name   TOLO2 TO2 
  kpp_name,  wrf_name   SO4 SULF 
  kpp_name,  wrf_name   PHENOL PHEN 
  kpp_name,  wrf_name   XYLENES XYL 
  kpp_name,  wrf_name   BZALD BALD 
  ... testing  mozcart mozcart
 kpp_name,  wrf_name   OH HO 
  kpp_name,  wrf_name   HO2NO2 HNO4 
  kpp_name,  wrf_name   CH2O HCHO 
  kpp_name,  wrf_name   CH3COCH3 ACET 
  kpp_name,  wrf_name   ROOH ACETP 
  kpp_name,  wrf_name   HYAC ACETOL 
  kpp_name,  wrf_name   RO2 ACETO2 
  kpp_name,  wrf_name   CH3COCHO MGLY 
  kpp_name,  wrf_name   CH3CO3 ACO3 
  kpp_name,  wrf_name   CH3COOOH PAA 
  kpp_name,  wrf_name   GLYOXAL GLY 
  kpp_name,  wrf_name   POOH C3H6OOH 
  kpp_name,  wrf_name   C2H5OOH ETOOH 
  kpp_name,  wrf_name   C2H5O2 ETO2 
  kpp_name,  wrf_name   CH3CHO ALD 
  kpp_name,  wrf_name   MACRO2 MVKO2 
  kpp_name,  wrf_name   MACROOH MVKOOH 
  kpp_name,  wrf_name   C3H7OOH PROOH 
  kpp_name,  wrf_name   C3H7O2 PRO2 
  kpp_name,  wrf_name   ISOP ISOPR 
  kpp_name,  wrf_name   ISOPO2 ISO2 
  kpp_name,  wrf_name   ISOPOOH ISOOH 
  kpp_name,  wrf_name   ISOPNO3 ISOPN 
  kpp_name,  wrf_name   BIGALD OPEN 
  kpp_name,  wrf_name   CRESOL CRES 
  kpp_name,  wrf_name   TOLUENE TOL 
  kpp_name,  wrf_name   TOLO2 TO2 
  kpp_name,  wrf_name   SO4 SULF 
  ... testing  nmhc9 nmhc9
 kpp_name,  wrf_name   MEOOH OP1 
  kpp_name,  wrf_name   ISOP ISOPR 
  kpp_name,  wrf_name   OH HO 
  ... testing  racm racm
 kpp_name,  wrf_name   PHO RPHO 
  ... testing  racm_esrlsorg racm_esrlsorg
 kpp_name,  wrf_name   PHO RPHO 
  ... testing  racm_esrlsorg_aqchem racm_esrlsorg_aqchem
 kpp_name,  wrf_name   PHO RPHO 
  ... testing  racm_mim racm_mim
 kpp_name,  wrf_name   PHO RPHO 
  ... testing  racm_soa_vbs racm_soa_vbs
 kpp_name,  wrf_name   PHO RPHO 
  ... testing  racm_soa_vbs_aqchem racm_soa_vbs_aqchem
 kpp_name,  wrf_name   PHO RPHO 
  ... testing  racm_soa_vbs_het racm_soa_vbs_het
 kpp_name,  wrf_name   PHO RPHO 
  ... testing  racmpm racmpm
 kpp_name,  wrf_name   PHO RPHO 
  ... testing  racmsorg racmsorg
 kpp_name,  wrf_name   PHO RPHO 
  ... testing  racmsorg_aqchem racmsorg_aqchem
 kpp_name,  wrf_name   PHO RPHO 
  ... testing  radm2 radm2
 kpp_name,  wrf_name   OH HO 
  ... testing  radm2sorg radm2sorg
 kpp_name,  wrf_name   OH HO 
  ... testing  saprc99 saprc99
 kpp_name,  wrf_name   OH HO 
  ... testing  saprc99_mosaic_4bin_vbs2 saprc99_mosaic_4bin_vbs2
 kpp_name,  wrf_name   OH HO 
  ... testing  saprc99_mosaic_8bin_vbs2_aq saprc99_mosaic_8bin_vbs2_aq
 kpp_name,  wrf_name   OH HO 
  ... testing  t1_mozcart t1_mozcart
 kpp_name,  wrf_name   OH HO 
  kpp_name,  wrf_name   HO2NO2 HNO4 
  kpp_name,  wrf_name   CH2O HCHO 
  kpp_name,  wrf_name   CH3COCH3 ACET 
  kpp_name,  wrf_name   ROOH ACETP 
  kpp_name,  wrf_name   HYAC ACETOL 
  kpp_name,  wrf_name   RO2 ACETO2 
  kpp_name,  wrf_name   CH3COCHO MGLY 
  kpp_name,  wrf_name   CH3CO3 ACO3 
  kpp_name,  wrf_name   CH3COOOH PAA 
  kpp_name,  wrf_name   GLYOXAL GLY 
  kpp_name,  wrf_name   POOH C3H6OOH 
  kpp_name,  wrf_name   C2H5OOH ETOOH 
  kpp_name,  wrf_name   C2H5O2 ETO2 
  kpp_name,  wrf_name   CH3CHO ALD 
  kpp_name,  wrf_name   MACRO2 MVKO2 
  kpp_name,  wrf_name   MACROOH MVKOOH 
  kpp_name,  wrf_name   C3H7OOH PROOH 
  kpp_name,  wrf_name   C3H7O2 PRO2 
  kpp_name,  wrf_name   ISOP ISOPR 
  kpp_name,  wrf_name   ISOPOOH ISOOH 
  kpp_name,  wrf_name   ISOPNO3 ISOPN 
  kpp_name,  wrf_name   BIGALD OPEN 
  kpp_name,  wrf_name   CRESOL CRES 
  kpp_name,  wrf_name   TOLUENE TOL 
  kpp_name,  wrf_name   TOLO2 TO2 
  kpp_name,  wrf_name   SO4 SULF 
 next: screen_out 
next: check_all 
next: change_chem_Makefile  
next: gen_kpp_mechanism_driver (writing chem/kpp_mechanism_driver.F) 
next: gen_call_to_kpp_mechanism_driver (writing inc/call_to_kpp_mech_drive.inc) 
next: gen_kpp_args_to_Update_Rconst (writing inc/args_to_update_rconst.inc and inc/<decls_update_rconst.inc) 
next: gen_kpp_interface (writing several module_kpp_* for each mechanism)
DONE gen_kpp 
 back from KPP coupler: check generated code in chem directory
end of compile_wkc
=========================================================
Neither WRF_EM_CORE nor WRF_PLUS_CORE
        are explicitly specified in shell environment.... 
copying Registry/Registry.EM_CHEM to Registry/Registry
 
============================================================================================== 
 
V4.6.0
git commit 419a458c829c4fe5c7378bf0b12a0deddad37df2 5 files changed, 6 insertions(+), 3847 deletions(-)
 
Compiling: WRF_EM_CORE  
WRFIO_NCD_NO_LARGE_FILE_SUPPORT=0
WRFIO_NCD_LARGE_FILE_SUPPORT=1
 
Linux spirit32-01 5.15.0-125-generic #135~20.04.1-Ubuntu SMP Mon Oct 7 13:56:22 UTC 2024 x86_64 x86_64 x86_64 GNU/Linux
 
Intel(R) Fortran Intel(R) 64 Compiler for applications running on Intel(R) 64, Version 19.0.8.324 Build 20200220
Copyright (C) 1985-2020 Intel Corporation.  All rights reserved.

 
============================================================================================== 
 
setting parallel make -j 2
 
============================================================================================== 
 
The following indicate the compilers selected to build the WRF system
 
Serial Fortran compiler (mostly for tool generation):
which SFC
/net/nfs/tools/intel/2019/compilers_and_libraries/linux/bin/intel64/ifort
 
Serial C compiler (mostly for tool generation):
which SCC
/net/nfs/tools/intel/2019/compilers_and_libraries/linux/bin/intel64/icc
 
Fortran compiler for the model source code:
which FC
/net/nfs/tools/u20/22.3/PrgEnv/intel/linux-ubuntu20.04-zen2/openmpi/4.0.7-intel-19.0.8.324-c2pjuvf3hyji37yuu5alskryhdiihmzi/bin/mpif90
Will use 'time' to report timing information
 
C compiler for the model source code:
which CC
/net/nfs/tools/u20/22.3/PrgEnv/intel/linux-ubuntu20.04-zen2/openmpi/4.0.7-intel-19.0.8.324-c2pjuvf3hyji37yuu5alskryhdiihmzi/bin/mpicc
 
============================================================================================== 
 
make -i -r MODULE_DIRS="-I../dyn_em  -I/home/onishi/WRF/external/esmf_time_f90  -I/home/onishi/WRF/main -I/home/onishi/WRF/external/io_netcdf -I/home/onishi/WRF/external/io_int -I/home/onishi/WRF/frame -I/home/onishi/WRF/share -I/home/onishi/WRF/phys -I/home/onishi/WRF/wrftladj -I/home/onishi/WRF/chem -I/home/onishi/WRF/inc -I/home/onishi/NETCDF_DIR2//include " ext
make[1]: Entering directory '/home/onishi/WRF'
--------------------------------------
if [ 0 -eq 0 ] ; then \
  ( cd frame ; make -i -r externals ) ; \
else \
  ( cd frame ; make -i -r PLUSFLAG="-DWRFPLUS=1" externals ) ; \
fi
make[2]: Entering directory '/home/onishi/WRF/frame'
( cd /home/onishi/WRF/external/esmf_time_f90 ; \
          make -j 2 FC="ifort -real-size `expr 8 \* 4` -i4  -ip -fp-model precise -w -ftz -align all -fno-alias -FR -convert big_endian  " RANLIB="ranlib" \
          CPP="/lib/cpp -P -nostdinc -I/home/onishi/WRF/external/ioapi_share -I/home/onishi/WRF/inc -I. -DEM_CORE=1 -DNMM_CORE=0 -DNMM_MAX_DIM=2600 -DDA_CORE=0 -DWRFPLUS=0 -DIWORDSIZE=4 -DDWORDSIZE=8 -DRWORDSIZE=4 -DLWORDSIZE=4 -DNONSTANDARD_SYSTEM_FUNC  -DWRF_USE_CLM -DUSE_NETCDF4_FEATURES -DWRFIO_NCD_LARGE_FILE_SUPPORT  -DDM_PARALLEL -DNETCDF -DGRIB2 -DHDF5 -DLANDREAD_STUB=1 -DUSE_ALLOCATABLES -Dwrfmodel -DGRIB1 -DINTIO -DKEEP_INT_AROUND -DLIMIT_ARGS -DBUILD_RRTMG_FAST=0 -DBUILD_RRTMK=0 -DBUILD_SBM_FAST=1 -DSHOW_ALL_VARS_USED=0 -DCONFIG_BUF_LEN=65536 -DMAX_DOMAINS_F=21 -DMAX_HISTORY=25 -DNMM_NEST=0 -traditional-cpp -DUSE_NETCDF4_FEATURES -DWRFIO_NCD_LARGE_FILE_SUPPORT" AR="ar" ARFLAGS="ru" )
make[3]: Entering directory '/home/onishi/WRF/external/esmf_time_f90'
/bin/rm -f ESMF_Base.o
/bin/rm -f ESMF_Fraction.o
sed -e "/\!.*'/s/'//g" ESMF_Base.F90 > ESMF_Base.b
sed -e "/\!.*'/s/'//g" ESMF_Fraction.F90 > ESMF_Fraction.b
/lib/cpp -P -nostdinc -I/home/onishi/WRF/external/ioapi_share -I/home/onishi/WRF/inc -I. -DEM_CORE=1 -DNMM_CORE=0 -DNMM_MAX_DIM=2600 -DDA_CORE=0 -DWRFPLUS=0 -DIWORDSIZE=4 -DDWORDSIZE=8 -DRWORDSIZE=4 -DLWORDSIZE=4 -DNONSTANDARD_SYSTEM_FUNC  -DWRF_USE_CLM -DUSE_NETCDF4_FEATURES -DWRFIO_NCD_LARGE_FILE_SUPPORT  -DDM_PARALLEL -DNETCDF -DGRIB2 -DHDF5 -DLANDREAD_STUB=1 -DUSE_ALLOCATABLES -Dwrfmodel -DGRIB1 -DINTIO -DKEEP_INT_AROUND -DLIMIT_ARGS -DBUILD_RRTMG_FAST=0 -DBUILD_RRTMK=0 -DBUILD_SBM_FAST=1 -DSHOW_ALL_VARS_USED=0 -DCONFIG_BUF_LEN=65536 -DMAX_DOMAINS_F=21 -DMAX_HISTORY=25 -DNMM_NEST=0 -traditional-cpp -DUSE_NETCDF4_FEATURES -DWRFIO_NCD_LARGE_FILE_SUPPORT -I. ESMF_Base.b > ESMF_Base.f
/lib/cpp -P -nostdinc -I/home/onishi/WRF/external/ioapi_share -I/home/onishi/WRF/inc -I. -DEM_CORE=1 -DNMM_CORE=0 -DNMM_MAX_DIM=2600 -DDA_CORE=0 -DWRFPLUS=0 -DIWORDSIZE=4 -DDWORDSIZE=8 -DRWORDSIZE=4 -DLWORDSIZE=4 -DNONSTANDARD_SYSTEM_FUNC  -DWRF_USE_CLM -DUSE_NETCDF4_FEATURES -DWRFIO_NCD_LARGE_FILE_SUPPORT  -DDM_PARALLEL -DNETCDF -DGRIB2 -DHDF5 -DLANDREAD_STUB=1 -DUSE_ALLOCATABLES -Dwrfmodel -DGRIB1 -DINTIO -DKEEP_INT_AROUND -DLIMIT_ARGS -DBUILD_RRTMG_FAST=0 -DBUILD_RRTMK=0 -DBUILD_SBM_FAST=1 -DSHOW_ALL_VARS_USED=0 -DCONFIG_BUF_LEN=65536 -DMAX_DOMAINS_F=21 -DMAX_HISTORY=25 -DNMM_NEST=0 -traditional-cpp -DUSE_NETCDF4_FEATURES -DWRFIO_NCD_LARGE_FILE_SUPPORT -I. ESMF_Fraction.b > ESMF_Fraction.f
/bin/rm -f ESMF_Fraction.b
/bin/rm -f ESMF_Base.b
ifort -real-size 32 -i4  -ip -fp-model precise -w -ftz -align all -fno-alias -FR -convert big_endian   -o ESMF_Fraction.o -c ESMF_Fraction.f
ifort -real-size 32 -i4  -ip -fp-model precise -w -ftz -align all -fno-alias -FR -convert big_endian   -o ESMF_Base.o -c ESMF_Base.f
/bin/rm -f ESMF_BaseTime.o
sed -e "/\!.*'/s/'//g" ESMF_BaseTime.F90 > ESMF_BaseTime.b
/lib/cpp -P -nostdinc -I/home/onishi/WRF/external/ioapi_share -I/home/onishi/WRF/inc -I. -DEM_CORE=1 -DNMM_CORE=0 -DNMM_MAX_DIM=2600 -DDA_CORE=0 -DWRFPLUS=0 -DIWORDSIZE=4 -DDWORDSIZE=8 -DRWORDSIZE=4 -DLWORDSIZE=4 -DNONSTANDARD_SYSTEM_FUNC  -DWRF_USE_CLM -DUSE_NETCDF4_FEATURES -DWRFIO_NCD_LARGE_FILE_SUPPORT  -DDM_PARALLEL -DNETCDF -DGRIB2 -DHDF5 -DLANDREAD_STUB=1 -DUSE_ALLOCATABLES -Dwrfmodel -DGRIB1 -DINTIO -DKEEP_INT_AROUND -DLIMIT_ARGS -DBUILD_RRTMG_FAST=0 -DBUILD_RRTMK=0 -DBUILD_SBM_FAST=1 -DSHOW_ALL_VARS_USED=0 -DCONFIG_BUF_LEN=65536 -DMAX_DOMAINS_F=21 -DMAX_HISTORY=25 -DNMM_NEST=0 -traditional-cpp -DUSE_NETCDF4_FEATURES -DWRFIO_NCD_LARGE_FILE_SUPPORT -I. ESMF_BaseTime.b > ESMF_BaseTime.f
/bin/rm -f ESMF_BaseTime.b
ifort -real-size 32 -i4  -ip -fp-model precise -w -ftz -align all -fno-alias -FR -convert big_endian   -o ESMF_BaseTime.o -c ESMF_BaseTime.f
/bin/rm -f ESMF_Calendar.o
sed -e "/\!.*'/s/'//g" ESMF_Calendar.F90 > ESMF_Calendar.b
/lib/cpp -P -nostdinc -I/home/onishi/WRF/external/ioapi_share -I/home/onishi/WRF/inc -I. -DEM_CORE=1 -DNMM_CORE=0 -DNMM_MAX_DIM=2600 -DDA_CORE=0 -DWRFPLUS=0 -DIWORDSIZE=4 -DDWORDSIZE=8 -DRWORDSIZE=4 -DLWORDSIZE=4 -DNONSTANDARD_SYSTEM_FUNC  -DWRF_USE_CLM -DUSE_NETCDF4_FEATURES -DWRFIO_NCD_LARGE_FILE_SUPPORT  -DDM_PARALLEL -DNETCDF -DGRIB2 -DHDF5 -DLANDREAD_STUB=1 -DUSE_ALLOCATABLES -Dwrfmodel -DGRIB1 -DINTIO -DKEEP_INT_AROUND -DLIMIT_ARGS -DBUILD_RRTMG_FAST=0 -DBUILD_RRTMK=0 -DBUILD_SBM_FAST=1 -DSHOW_ALL_VARS_USED=0 -DCONFIG_BUF_LEN=65536 -DMAX_DOMAINS_F=21 -DMAX_HISTORY=25 -DNMM_NEST=0 -traditional-cpp -DUSE_NETCDF4_FEATURES -DWRFIO_NCD_LARGE_FILE_SUPPORT -I. ESMF_Calendar.b > ESMF_Calendar.f
/bin/rm -f ESMF_Calendar.b
ifort -real-size 32 -i4  -ip -fp-model precise -w -ftz -align all -fno-alias -FR -convert big_endian   -o ESMF_Calendar.o -c ESMF_Calendar.f
/bin/rm -f ESMF_TimeInterval.o
/bin/rm -f ESMF_Stubs.o
sed -e "/\!.*'/s/'//g" ESMF_TimeInterval.F90 > ESMF_TimeInterval.b
sed -e "/\!.*'/s/'//g" ESMF_Stubs.F90 > ESMF_Stubs.b
/lib/cpp -P -nostdinc -I/home/onishi/WRF/external/ioapi_share -I/home/onishi/WRF/inc -I. -DEM_CORE=1 -DNMM_CORE=0 -DNMM_MAX_DIM=2600 -DDA_CORE=0 -DWRFPLUS=0 -DIWORDSIZE=4 -DDWORDSIZE=8 -DRWORDSIZE=4 -DLWORDSIZE=4 -DNONSTANDARD_SYSTEM_FUNC  -DWRF_USE_CLM -DUSE_NETCDF4_FEATURES -DWRFIO_NCD_LARGE_FILE_SUPPORT  -DDM_PARALLEL -DNETCDF -DGRIB2 -DHDF5 -DLANDREAD_STUB=1 -DUSE_ALLOCATABLES -Dwrfmodel -DGRIB1 -DINTIO -DKEEP_INT_AROUND -DLIMIT_ARGS -DBUILD_RRTMG_FAST=0 -DBUILD_RRTMK=0 -DBUILD_SBM_FAST=1 -DSHOW_ALL_VARS_USED=0 -DCONFIG_BUF_LEN=65536 -DMAX_DOMAINS_F=21 -DMAX_HISTORY=25 -DNMM_NEST=0 -traditional-cpp -DUSE_NETCDF4_FEATURES -DWRFIO_NCD_LARGE_FILE_SUPPORT -I. ESMF_Stubs.b > ESMF_Stubs.f
/lib/cpp -P -nostdinc -I/home/onishi/WRF/external/ioapi_share -I/home/onishi/WRF/inc -I. -DEM_CORE=1 -DNMM_CORE=0 -DNMM_MAX_DIM=2600 -DDA_CORE=0 -DWRFPLUS=0 -DIWORDSIZE=4 -DDWORDSIZE=8 -DRWORDSIZE=4 -DLWORDSIZE=4 -DNONSTANDARD_SYSTEM_FUNC  -DWRF_USE_CLM -DUSE_NETCDF4_FEATURES -DWRFIO_NCD_LARGE_FILE_SUPPORT  -DDM_PARALLEL -DNETCDF -DGRIB2 -DHDF5 -DLANDREAD_STUB=1 -DUSE_ALLOCATABLES -Dwrfmodel -DGRIB1 -DINTIO -DKEEP_INT_AROUND -DLIMIT_ARGS -DBUILD_RRTMG_FAST=0 -DBUILD_RRTMK=0 -DBUILD_SBM_FAST=1 -DSHOW_ALL_VARS_USED=0 -DCONFIG_BUF_LEN=65536 -DMAX_DOMAINS_F=21 -DMAX_HISTORY=25 -DNMM_NEST=0 -traditional-cpp -DUSE_NETCDF4_FEATURES -DWRFIO_NCD_LARGE_FILE_SUPPORT -I. ESMF_TimeInterval.b > ESMF_TimeInterval.f
/bin/rm -f ESMF_Stubs.b
/bin/rm -f ESMF_TimeInterval.b
ifort -real-size 32 -i4  -ip -fp-model precise -w -ftz -align all -fno-alias -FR -convert big_endian   -o ESMF_Stubs.o -c ESMF_Stubs.f
ifort -real-size 32 -i4  -ip -fp-model precise -w -ftz -align all -fno-alias -FR -convert big_endian   -o ESMF_TimeInterval.o -c ESMF_TimeInterval.f
/bin/rm -f ESMF_Time.o
sed -e "/\!.*'/s/'//g" ESMF_Time.F90 > ESMF_Time.b
/lib/cpp -P -nostdinc -I/home/onishi/WRF/external/ioapi_share -I/home/onishi/WRF/inc -I. -DEM_CORE=1 -DNMM_CORE=0 -DNMM_MAX_DIM=2600 -DDA_CORE=0 -DWRFPLUS=0 -DIWORDSIZE=4 -DDWORDSIZE=8 -DRWORDSIZE=4 -DLWORDSIZE=4 -DNONSTANDARD_SYSTEM_FUNC  -DWRF_USE_CLM -DUSE_NETCDF4_FEATURES -DWRFIO_NCD_LARGE_FILE_SUPPORT  -DDM_PARALLEL -DNETCDF -DGRIB2 -DHDF5 -DLANDREAD_STUB=1 -DUSE_ALLOCATABLES -Dwrfmodel -DGRIB1 -DINTIO -DKEEP_INT_AROUND -DLIMIT_ARGS -DBUILD_RRTMG_FAST=0 -DBUILD_RRTMK=0 -DBUILD_SBM_FAST=1 -DSHOW_ALL_VARS_USED=0 -DCONFIG_BUF_LEN=65536 -DMAX_DOMAINS_F=21 -DMAX_HISTORY=25 -DNMM_NEST=0 -traditional-cpp -DUSE_NETCDF4_FEATURES -DWRFIO_NCD_LARGE_FILE_SUPPORT -I. ESMF_Time.b > ESMF_Time.f
/bin/rm -f ESMF_Time.b
ifort -real-size 32 -i4  -ip -fp-model precise -w -ftz -align all -fno-alias -FR -convert big_endian   -o ESMF_Time.o -c ESMF_Time.f
/bin/rm -f ESMF_Alarm.o
sed -e "/\!.*'/s/'//g" ESMF_Alarm.F90 > ESMF_Alarm.b
/lib/cpp -P -nostdinc -I/home/onishi/WRF/external/ioapi_share -I/home/onishi/WRF/inc -I. -DEM_CORE=1 -DNMM_CORE=0 -DNMM_MAX_DIM=2600 -DDA_CORE=0 -DWRFPLUS=0 -DIWORDSIZE=4 -DDWORDSIZE=8 -DRWORDSIZE=4 -DLWORDSIZE=4 -DNONSTANDARD_SYSTEM_FUNC  -DWRF_USE_CLM -DUSE_NETCDF4_FEATURES -DWRFIO_NCD_LARGE_FILE_SUPPORT  -DDM_PARALLEL -DNETCDF -DGRIB2 -DHDF5 -DLANDREAD_STUB=1 -DUSE_ALLOCATABLES -Dwrfmodel -DGRIB1 -DINTIO -DKEEP_INT_AROUND -DLIMIT_ARGS -DBUILD_RRTMG_FAST=0 -DBUILD_RRTMK=0 -DBUILD_SBM_FAST=1 -DSHOW_ALL_VARS_USED=0 -DCONFIG_BUF_LEN=65536 -DMAX_DOMAINS_F=21 -DMAX_HISTORY=25 -DNMM_NEST=0 -traditional-cpp -DUSE_NETCDF4_FEATURES -DWRFIO_NCD_LARGE_FILE_SUPPORT -I. ESMF_Alarm.b > ESMF_Alarm.f
/bin/rm -f ESMF_Alarm.b
ifort -real-size 32 -i4  -ip -fp-model precise -w -ftz -align all -fno-alias -FR -convert big_endian   -o ESMF_Alarm.o -c ESMF_Alarm.f
/bin/rm -f ESMF_Clock.o
sed -e "/\!.*'/s/'//g" ESMF_Clock.F90 > ESMF_Clock.b
/lib/cpp -P -nostdinc -I/home/onishi/WRF/external/ioapi_share -I/home/onishi/WRF/inc -I. -DEM_CORE=1 -DNMM_CORE=0 -DNMM_MAX_DIM=2600 -DDA_CORE=0 -DWRFPLUS=0 -DIWORDSIZE=4 -DDWORDSIZE=8 -DRWORDSIZE=4 -DLWORDSIZE=4 -DNONSTANDARD_SYSTEM_FUNC  -DWRF_USE_CLM -DUSE_NETCDF4_FEATURES -DWRFIO_NCD_LARGE_FILE_SUPPORT  -DDM_PARALLEL -DNETCDF -DGRIB2 -DHDF5 -DLANDREAD_STUB=1 -DUSE_ALLOCATABLES -Dwrfmodel -DGRIB1 -DINTIO -DKEEP_INT_AROUND -DLIMIT_ARGS -DBUILD_RRTMG_FAST=0 -DBUILD_RRTMK=0 -DBUILD_SBM_FAST=1 -DSHOW_ALL_VARS_USED=0 -DCONFIG_BUF_LEN=65536 -DMAX_DOMAINS_F=21 -DMAX_HISTORY=25 -DNMM_NEST=0 -traditional-cpp -DUSE_NETCDF4_FEATURES -DWRFIO_NCD_LARGE_FILE_SUPPORT -I. ESMF_Clock.b > ESMF_Clock.f
/bin/rm -f ESMF_Clock.b
ifort -real-size 32 -i4  -ip -fp-model precise -w -ftz -align all -fno-alias -FR -convert big_endian   -o ESMF_Clock.o -c ESMF_Clock.f
/bin/rm -f Meat.o
/bin/rm -f ESMF_AlarmClock.o
sed -e "/\!.*'/s/'//g" Meat.F90 > Meat.b
sed -e "/\!.*'/s/'//g" ESMF_AlarmClock.F90 > ESMF_AlarmClock.b
/lib/cpp -P -nostdinc -I/home/onishi/WRF/external/ioapi_share -I/home/onishi/WRF/inc -I. -DEM_CORE=1 -DNMM_CORE=0 -DNMM_MAX_DIM=2600 -DDA_CORE=0 -DWRFPLUS=0 -DIWORDSIZE=4 -DDWORDSIZE=8 -DRWORDSIZE=4 -DLWORDSIZE=4 -DNONSTANDARD_SYSTEM_FUNC  -DWRF_USE_CLM -DUSE_NETCDF4_FEATURES -DWRFIO_NCD_LARGE_FILE_SUPPORT  -DDM_PARALLEL -DNETCDF -DGRIB2 -DHDF5 -DLANDREAD_STUB=1 -DUSE_ALLOCATABLES -Dwrfmodel -DGRIB1 -DINTIO -DKEEP_INT_AROUND -DLIMIT_ARGS -DBUILD_RRTMG_FAST=0 -DBUILD_RRTMK=0 -DBUILD_SBM_FAST=1 -DSHOW_ALL_VARS_USED=0 -DCONFIG_BUF_LEN=65536 -DMAX_DOMAINS_F=21 -DMAX_HISTORY=25 -DNMM_NEST=0 -traditional-cpp -DUSE_NETCDF4_FEATURES -DWRFIO_NCD_LARGE_FILE_SUPPORT -I. ESMF_AlarmClock.b > ESMF_AlarmClock.f
/lib/cpp -P -nostdinc -I/home/onishi/WRF/external/ioapi_share -I/home/onishi/WRF/inc -I. -DEM_CORE=1 -DNMM_CORE=0 -DNMM_MAX_DIM=2600 -DDA_CORE=0 -DWRFPLUS=0 -DIWORDSIZE=4 -DDWORDSIZE=8 -DRWORDSIZE=4 -DLWORDSIZE=4 -DNONSTANDARD_SYSTEM_FUNC  -DWRF_USE_CLM -DUSE_NETCDF4_FEATURES -DWRFIO_NCD_LARGE_FILE_SUPPORT  -DDM_PARALLEL -DNETCDF -DGRIB2 -DHDF5 -DLANDREAD_STUB=1 -DUSE_ALLOCATABLES -Dwrfmodel -DGRIB1 -DINTIO -DKEEP_INT_AROUND -DLIMIT_ARGS -DBUILD_RRTMG_FAST=0 -DBUILD_RRTMK=0 -DBUILD_SBM_FAST=1 -DSHOW_ALL_VARS_USED=0 -DCONFIG_BUF_LEN=65536 -DMAX_DOMAINS_F=21 -DMAX_HISTORY=25 -DNMM_NEST=0 -traditional-cpp -DUSE_NETCDF4_FEATURES -DWRFIO_NCD_LARGE_FILE_SUPPORT -I. Meat.b > Meat.f
/bin/rm -f ESMF_AlarmClock.b
/bin/rm -f Meat.b
ifort -real-size 32 -i4  -ip -fp-model precise -w -ftz -align all -fno-alias -FR -convert big_endian   -o ESMF_AlarmClock.o -c ESMF_AlarmClock.f
ifort -real-size 32 -i4  -ip -fp-model precise -w -ftz -align all -fno-alias -FR -convert big_endian   -o Meat.o -c Meat.f
/bin/rm -f ESMF_Mod.o
sed -e "/\!.*'/s/'//g" ESMF_Mod.F90 > ESMF_Mod.b
/lib/cpp -P -nostdinc -I/home/onishi/WRF/external/ioapi_share -I/home/onishi/WRF/inc -I. -DEM_CORE=1 -DNMM_CORE=0 -DNMM_MAX_DIM=2600 -DDA_CORE=0 -DWRFPLUS=0 -DIWORDSIZE=4 -DDWORDSIZE=8 -DRWORDSIZE=4 -DLWORDSIZE=4 -DNONSTANDARD_SYSTEM_FUNC  -DWRF_USE_CLM -DUSE_NETCDF4_FEATURES -DWRFIO_NCD_LARGE_FILE_SUPPORT  -DDM_PARALLEL -DNETCDF -DGRIB2 -DHDF5 -DLANDREAD_STUB=1 -DUSE_ALLOCATABLES -Dwrfmodel -DGRIB1 -DINTIO -DKEEP_INT_AROUND -DLIMIT_ARGS -DBUILD_RRTMG_FAST=0 -DBUILD_RRTMK=0 -DBUILD_SBM_FAST=1 -DSHOW_ALL_VARS_USED=0 -DCONFIG_BUF_LEN=65536 -DMAX_DOMAINS_F=21 -DMAX_HISTORY=25 -DNMM_NEST=0 -traditional-cpp -DUSE_NETCDF4_FEATURES -DWRFIO_NCD_LARGE_FILE_SUPPORT -I. ESMF_Mod.b > ESMF_Mod.f
/bin/rm -f ESMF_Mod.b
ifort -real-size 32 -i4  -ip -fp-model precise -w -ftz -align all -fno-alias -FR -convert big_endian   -o ESMF_Mod.o -c ESMF_Mod.f
/bin/rm -f module_symbols_util.o
sed -e "/\!.*'/s/'//g" module_symbols_util.F90 > module_symbols_util.b
/lib/cpp -P -nostdinc -I/home/onishi/WRF/external/ioapi_share -I/home/onishi/WRF/inc -I. -DEM_CORE=1 -DNMM_CORE=0 -DNMM_MAX_DIM=2600 -DDA_CORE=0 -DWRFPLUS=0 -DIWORDSIZE=4 -DDWORDSIZE=8 -DRWORDSIZE=4 -DLWORDSIZE=4 -DNONSTANDARD_SYSTEM_FUNC  -DWRF_USE_CLM -DUSE_NETCDF4_FEATURES -DWRFIO_NCD_LARGE_FILE_SUPPORT  -DDM_PARALLEL -DNETCDF -DGRIB2 -DHDF5 -DLANDREAD_STUB=1 -DUSE_ALLOCATABLES -Dwrfmodel -DGRIB1 -DINTIO -DKEEP_INT_AROUND -DLIMIT_ARGS -DBUILD_RRTMG_FAST=0 -DBUILD_RRTMK=0 -DBUILD_SBM_FAST=1 -DSHOW_ALL_VARS_USED=0 -DCONFIG_BUF_LEN=65536 -DMAX_DOMAINS_F=21 -DMAX_HISTORY=25 -DNMM_NEST=0 -traditional-cpp -DUSE_NETCDF4_FEATURES -DWRFIO_NCD_LARGE_FILE_SUPPORT -I. module_symbols_util.b > module_symbols_util.f
/bin/rm -f module_symbols_util.b
ifort -real-size 32 -i4  -ip -fp-model precise -w -ftz -align all -fno-alias -FR -convert big_endian   -o module_symbols_util.o -c module_symbols_util.f
/bin/rm -f module_utility.o
sed -e "/\!.*'/s/'//g" module_utility.F90 > module_utility.b
/lib/cpp -P -nostdinc -I/home/onishi/WRF/external/ioapi_share -I/home/onishi/WRF/inc -I. -DEM_CORE=1 -DNMM_CORE=0 -DNMM_MAX_DIM=2600 -DDA_CORE=0 -DWRFPLUS=0 -DIWORDSIZE=4 -DDWORDSIZE=8 -DRWORDSIZE=4 -DLWORDSIZE=4 -DNONSTANDARD_SYSTEM_FUNC  -DWRF_USE_CLM -DUSE_NETCDF4_FEATURES -DWRFIO_NCD_LARGE_FILE_SUPPORT  -DDM_PARALLEL -DNETCDF -DGRIB2 -DHDF5 -DLANDREAD_STUB=1 -DUSE_ALLOCATABLES -Dwrfmodel -DGRIB1 -DINTIO -DKEEP_INT_AROUND -DLIMIT_ARGS -DBUILD_RRTMG_FAST=0 -DBUILD_RRTMK=0 -DBUILD_SBM_FAST=1 -DSHOW_ALL_VARS_USED=0 -DCONFIG_BUF_LEN=65536 -DMAX_DOMAINS_F=21 -DMAX_HISTORY=25 -DNMM_NEST=0 -traditional-cpp -DUSE_NETCDF4_FEATURES -DWRFIO_NCD_LARGE_FILE_SUPPORT -I. module_utility.b > module_utility.f
/bin/rm -f module_utility.b
ifort -real-size 32 -i4  -ip -fp-model precise -w -ftz -align all -fno-alias -FR -convert big_endian   -o module_utility.o -c module_utility.f
/bin/rm -f libesmf_time.a
if [ "ar" != "lib.exe" ] ; then \
          ar ru libesmf_time.a ESMF_Alarm.o ESMF_BaseTime.o ESMF_Clock.o ESMF_Time.o Meat.o ESMF_Base.o ESMF_Calendar.o ESMF_Fraction.o ESMF_TimeInterval.o ESMF_Stubs.o ESMF_Mod.o module_symbols_util.o module_utility.o ESMF_AlarmClock.o ; \
        else \
          ar /out:libesmf_time.a ESMF_Alarm.o ESMF_BaseTime.o ESMF_Clock.o ESMF_Time.o Meat.o ESMF_Base.o ESMF_Calendar.o ESMF_Fraction.o ESMF_TimeInterval.o ESMF_Stubs.o ESMF_Mod.o module_symbols_util.o module_utility.o ESMF_AlarmClock.o ; \
        fi
ar: `u' modifier ignored since `D' is the default (see `U')
ar: creating libesmf_time.a
ranlib libesmf_time.a
make[3]: Leaving directory '/home/onishi/WRF/external/esmf_time_f90'
( cd /home/onishi/WRF/external/io_netcdf ; \
          make -j 2 NETCDFPATH="/home/onishi/NETCDF_DIR2/" RANLIB="ranlib" CPP="/lib/cpp -P -nostdinc -I/home/onishi/WRF/external/ioapi_share" \
          CC="icc" CFLAGS="-w -O3 -ip -DRPC_TYPES=1  -DDM_PARALLEL -DLANDREAD_STUB=1 -DMAX_HISTORY=25 -DNMM_CORE=0" NETCDF4_DEP_LIB="-L/net/nfs/tools/u20/22.3/PrgEnv/intel/linux-ubuntu20.04-zen2/netcdf-c/4.7.4-intel-19.0.8.324-lrkc3hr6tci6gc3d5xw47c3py4sfuiqv/lib -lnetcdf -L/net/nfs/tools/u20/22.3/PrgEnv/intel/linux-ubuntu20.04-zen2/netcdf-fortran/4.5.3-intel-19.0.8.324-friscs3w2oeb73gbl37h4ae7p43fp2gh/lib -lnetcdff" \
          FC="ifort -real-size `expr 8 \* 4` -i4  -O3 -ip -fp-model precise -w -ftz -align all -fno-alias -FR -convert big_endian  " TRADFLAG="-traditional-cpp -DUSE_NETCDF4_FEATURES -DWRFIO_NCD_LARGE_FILE_SUPPORT" AR="ar" ARFLAGS="ru" )
make[3]: Entering directory '/home/onishi/WRF/external/io_netcdf'
grep nf_format_64bit /home/onishi/NETCDF_DIR2//include/netcdf.inc ;\
                        a=$? ; export a ; \
		if [ $a -a "$WRFIO_NCD_LARGE_FILE_SUPPORT" = "1" ] ; then \
                          /lib/cpp -P -nostdinc -I/home/onishi/WRF/external/ioapi_share -P -traditional-cpp -DUSE_NETCDF4_FEATURES -DWRFIO_NCD_LARGE_FILE_SUPPORT -DWRFIO_NCD_LARGE_FILE_SUPPORT -I../ioapi_share wrf_io.F90 | m4 -Uinclude -Uindex -Ulen - > wrf_io.f ; \
                        else \
                          /lib/cpp -P -nostdinc -I/home/onishi/WRF/external/ioapi_share -P -traditional-cpp -DUSE_NETCDF4_FEATURES -DWRFIO_NCD_LARGE_FILE_SUPPORT -I../ioapi_share wrf_io.F90 | m4 -Uinclude -Uindex -Ulen - > wrf_io.f ; \
                        fi
/lib/cpp -P -nostdinc -I/home/onishi/WRF/external/ioapi_share -P -traditional-cpp -DUSE_NETCDF4_FEATURES -DWRFIO_NCD_LARGE_FILE_SUPPORT -I../ioapi_share module_wrfsi_static.F90 > module_wrfsi_static.f
      integer nf_format_64bit
      integer nf_format_64bit_offset
      integer nf_format_64bit_data
      parameter (nf_format_64bit = 2)
      parameter (nf_format_64bit_offset = nf_format_64bit)
      parameter (nf_format_64bit_data = 5)
      parameter (nf_format_cdf5 = nf_format_64bit_data)
ifort -real-size 32 -i4  -O3 -ip -fp-model precise -w -ftz -align all -fno-alias -FR -convert big_endian   -o module_wrfsi_static.o  -I/home/onishi/NETCDF_DIR2//include -I../ioapi_share -c module_wrfsi_static.f
ifort -real-size 32 -i4  -O3 -ip -fp-model precise -w -ftz -align all -fno-alias -FR -convert big_endian   -o wrf_io.o  -I/home/onishi/NETCDF_DIR2//include -I../ioapi_share -c wrf_io.f
/lib/cpp -P -nostdinc -I/home/onishi/WRF/external/ioapi_share -P -traditional-cpp -DUSE_NETCDF4_FEATURES -DWRFIO_NCD_LARGE_FILE_SUPPORT -I../ioapi_share field_routines.F90 > field_routines.f
ifort -real-size 32 -i4  -O3 -ip -fp-model precise -w -ftz -align all -fno-alias -FR -convert big_endian   -o field_routines.o  -I/home/onishi/NETCDF_DIR2//include -I../ioapi_share -c field_routines.f
/bin/rm -f libwrfio_nf.a
if [ "ar" != "lib.exe" ] ; then \
                          ar cr libwrfio_nf.a wrf_io.o field_routines.o module_wrfsi_static.o ; \
                        else \
                          ar /out:libwrfio_nf.a wrf_io.o field_routines.o module_wrfsi_static.o ; \
                        fi
ranlib libwrfio_nf.a
make[3]: Leaving directory '/home/onishi/WRF/external/io_netcdf'
( cd /home/onishi/WRF/external/io_grib2 ; \
          make -j 2 CC="icc" CFLAGS="-w -O3 -ip -DRPC_TYPES=1  -DDM_PARALLEL -DLANDREAD_STUB=1 -DMAX_HISTORY=25 -DNMM_CORE=0 -I/net/nfs/tools/u20/22.3/PrgEnv/intel/linux-ubuntu20.04-zen2/jasper/2.0.32-intel-19.0.8.324-rn5xwv3gngxlo65dohllnzn2uf5smq5x/include" RM="rm -f" RANLIB="ranlib" \
          CPP="/lib/cpp -P -nostdinc -I/home/onishi/WRF/external/ioapi_share" \
          FC="ifort -real-size `expr 8 \* 4` -i4 -I.  -ip -fp-model precise -w -ftz -align all -fno-alias -FR -convert big_endian   " TRADFLAG="-traditional" AR="ar" ARFLAGS="ru" \
          FIXED="-FI" archive)
make[3]: Entering directory '/home/onishi/WRF/external/io_grib2'
        Doing make archive on library subdirectory bacio-1.3
make[4]: Entering directory '/home/onishi/WRF/external/io_grib2/bacio-1.3'
make[5]: Entering directory '/home/onishi/WRF/external/io_grib2/bacio-1.3'
icc  -I. -w -O3 -ip -DRPC_TYPES=1  -DDM_PARALLEL -DLANDREAD_STUB=1 -DMAX_HISTORY=25 -DNMM_CORE=0 -I/net/nfs/tools/u20/22.3/PrgEnv/intel/linux-ubuntu20.04-zen2/jasper/2.0.32-intel-19.0.8.324-rn5xwv3gngxlo65dohllnzn2uf5smq5x/include   -c bacio.v1.3.c
rm -f baciof.o
/lib/cpp -P -nostdinc -I/home/onishi/WRF/external/ioapi_share  -traditional   baciof.F > baciof.f90
ifort -real-size 32 -i4 -I.  -ip -fp-model precise -w -ftz -align all -fno-alias -FR -convert big_endian          -FI -c baciof.f90
ar ru ../libio_grib2.a bacio.v1.3.o baciof.o
ar: `u' modifier ignored since `D' is the default (see `U')
ar: creating ../libio_grib2.a
ranlib ../libio_grib2.a
make[5]: Leaving directory '/home/onishi/WRF/external/io_grib2/bacio-1.3'
make[4]: Leaving directory '/home/onishi/WRF/external/io_grib2/bacio-1.3'
        Doing make archive on library subdirectory g2lib
make[4]: Entering directory '/home/onishi/WRF/external/io_grib2/g2lib'
make[5]: Entering directory '/home/onishi/WRF/external/io_grib2/g2lib'
rm -f gridtemplates.o
rm -f pdstemplates.o
/lib/cpp -P -nostdinc -I/home/onishi/WRF/external/ioapi_share -DUSE_JPEG2000 -traditional  -I. -Ig2lib gridtemplates.F > gridtemplates.f90
/lib/cpp -P -nostdinc -I/home/onishi/WRF/external/ioapi_share -DUSE_JPEG2000 -traditional  -I. -Ig2lib pdstemplates.F > pdstemplates.f90
ifort -real-size 32 -i4 -I.  -ip -fp-model precise -w -ftz -align all -fno-alias -FR -convert big_endian      -I. -Ig2lib    -FI -c gridtemplates.f90
ifort -real-size 32 -i4 -I.  -ip -fp-model precise -w -ftz -align all -fno-alias -FR -convert big_endian      -I. -Ig2lib    -FI -c pdstemplates.f90
rm -f drstemplates.o
/lib/cpp -P -nostdinc -I/home/onishi/WRF/external/ioapi_share -DUSE_JPEG2000 -traditional  -I. -Ig2lib drstemplates.F > drstemplates.f90
ifort -real-size 32 -i4 -I.  -ip -fp-model precise -w -ftz -align all -fno-alias -FR -convert big_endian      -I. -Ig2lib    -FI -c drstemplates.f90
rm -f gribmod.o
/lib/cpp -P -nostdinc -I/home/onishi/WRF/external/ioapi_share -DUSE_JPEG2000 -traditional  -I. -Ig2lib gribmod.F > gribmod.f90
rm -f realloc.o
/lib/cpp -P -nostdinc -I/home/onishi/WRF/external/ioapi_share -DUSE_JPEG2000 -traditional  -I. -Ig2lib realloc.F > realloc.f90
ifort -real-size 32 -i4 -I.  -ip -fp-model precise -w -ftz -align all -fno-alias -FR -convert big_endian      -I. -Ig2lib    -FI -c gribmod.f90
ifort -real-size 32 -i4 -I.  -ip -fp-model precise -w -ftz -align all -fno-alias -FR -convert big_endian      -I. -Ig2lib    -FI -c realloc.f90
rm -f addfield.o
/lib/cpp -P -nostdinc -I/home/onishi/WRF/external/ioapi_share -DUSE_JPEG2000 -traditional  -I. -Ig2lib addfield.F > addfield.f90
ifort -real-size 32 -i4 -I.  -ip -fp-model precise -w -ftz -align all -fno-alias -FR -convert big_endian      -I. -Ig2lib    -FI -c addfield.f90
rm -f addgrid.o
/lib/cpp -P -nostdinc -I/home/onishi/WRF/external/ioapi_share -DUSE_JPEG2000 -traditional  -I. -Ig2lib addgrid.F > addgrid.f90
ifort -real-size 32 -i4 -I.  -ip -fp-model precise -w -ftz -align all -fno-alias -FR -convert big_endian      -I. -Ig2lib    -FI -c addgrid.f90
rm -f addlocal.o
/lib/cpp -P -nostdinc -I/home/onishi/WRF/external/ioapi_share -DUSE_JPEG2000 -traditional  -I. -Ig2lib addlocal.F > addlocal.f90
ifort -real-size 32 -i4 -I.  -ip -fp-model precise -w -ftz -align all -fno-alias -FR -convert big_endian      -I. -Ig2lib    -FI -c addlocal.f90
rm -f getfield.o
/lib/cpp -P -nostdinc -I/home/onishi/WRF/external/ioapi_share -DUSE_JPEG2000 -traditional  -I. -Ig2lib getfield.F > getfield.f90
ifort -real-size 32 -i4 -I.  -ip -fp-model precise -w -ftz -align all -fno-alias -FR -convert big_endian      -I. -Ig2lib    -FI -c getfield.f90
rm -f gb_info.o
/lib/cpp -P -nostdinc -I/home/onishi/WRF/external/ioapi_share -DUSE_JPEG2000 -traditional  -I. -Ig2lib gb_info.F > gb_info.f90
ifort -real-size 32 -i4 -I.  -ip -fp-model precise -w -ftz -align all -fno-alias -FR -convert big_endian      -I. -Ig2lib    -FI -c gb_info.f90
rm -f gf_getfld.o
/lib/cpp -P -nostdinc -I/home/onishi/WRF/external/ioapi_share -DUSE_JPEG2000 -traditional  -I. -Ig2lib gf_getfld.F > gf_getfld.f90
ifort -real-size 32 -i4 -I.  -ip -fp-model precise -w -ftz -align all -fno-alias -FR -convert big_endian      -I. -Ig2lib    -FI -c gf_getfld.f90
rm -f gf_free.o
/lib/cpp -P -nostdinc -I/home/onishi/WRF/external/ioapi_share -DUSE_JPEG2000 -traditional  -I. -Ig2lib gf_free.F > gf_free.f90
rm -f gf_unpack1.o
/lib/cpp -P -nostdinc -I/home/onishi/WRF/external/ioapi_share -DUSE_JPEG2000 -traditional  -I. -Ig2lib gf_unpack1.F > gf_unpack1.f90
ifort -real-size 32 -i4 -I.  -ip -fp-model precise -w -ftz -align all -fno-alias -FR -convert big_endian      -I. -Ig2lib    -FI -c gf_free.f90
ifort -real-size 32 -i4 -I.  -ip -fp-model precise -w -ftz -align all -fno-alias -FR -convert big_endian      -I. -Ig2lib    -FI -c gf_unpack1.f90
rm -f gf_unpack2.o
rm -f gf_unpack3.o
/lib/cpp -P -nostdinc -I/home/onishi/WRF/external/ioapi_share -DUSE_JPEG2000 -traditional  -I. -Ig2lib gf_unpack2.F > gf_unpack2.f90
/lib/cpp -P -nostdinc -I/home/onishi/WRF/external/ioapi_share -DUSE_JPEG2000 -traditional  -I. -Ig2lib gf_unpack3.F > gf_unpack3.f90
ifort -real-size 32 -i4 -I.  -ip -fp-model precise -w -ftz -align all -fno-alias -FR -convert big_endian      -I. -Ig2lib    -FI -c gf_unpack2.f90
ifort -real-size 32 -i4 -I.  -ip -fp-model precise -w -ftz -align all -fno-alias -FR -convert big_endian      -I. -Ig2lib    -FI -c gf_unpack3.f90
rm -f gf_unpack4.o
/lib/cpp -P -nostdinc -I/home/onishi/WRF/external/ioapi_share -DUSE_JPEG2000 -traditional  -I. -Ig2lib gf_unpack4.F > gf_unpack4.f90
ifort -real-size 32 -i4 -I.  -ip -fp-model precise -w -ftz -align all -fno-alias -FR -convert big_endian      -I. -Ig2lib    -FI -c gf_unpack4.f90
rm -f gf_unpack5.o
/lib/cpp -P -nostdinc -I/home/onishi/WRF/external/ioapi_share -DUSE_JPEG2000 -traditional  -I. -Ig2lib gf_unpack5.F > gf_unpack5.f90
ifort -real-size 32 -i4 -I.  -ip -fp-model precise -w -ftz -align all -fno-alias -FR -convert big_endian      -I. -Ig2lib    -FI -c gf_unpack5.f90
rm -f gf_unpack6.o
/lib/cpp -P -nostdinc -I/home/onishi/WRF/external/ioapi_share -DUSE_JPEG2000 -traditional  -I. -Ig2lib gf_unpack6.F > gf_unpack6.f90
ifort -real-size 32 -i4 -I.  -ip -fp-model precise -w -ftz -align all -fno-alias -FR -convert big_endian      -I. -Ig2lib    -FI -c gf_unpack6.f90
rm -f gf_unpack7.o
/lib/cpp -P -nostdinc -I/home/onishi/WRF/external/ioapi_share -DUSE_JPEG2000 -traditional  -I. -Ig2lib gf_unpack7.F > gf_unpack7.f90
ifort -real-size 32 -i4 -I.  -ip -fp-model precise -w -ftz -align all -fno-alias -FR -convert big_endian      -I. -Ig2lib    -FI -c gf_unpack7.f90
rm -f gettemplates.o
/lib/cpp -P -nostdinc -I/home/onishi/WRF/external/ioapi_share -DUSE_JPEG2000 -traditional  -I. -Ig2lib gettemplates.F > gettemplates.f90
ifort -real-size 32 -i4 -I.  -ip -fp-model precise -w -ftz -align all -fno-alias -FR -convert big_endian      -I. -Ig2lib    -FI -c gettemplates.f90
rm -f getlocal.o
/lib/cpp -P -nostdinc -I/home/onishi/WRF/external/ioapi_share -DUSE_JPEG2000 -traditional  -I. -Ig2lib getlocal.F > getlocal.f90
ifort -real-size 32 -i4 -I.  -ip -fp-model precise -w -ftz -align all -fno-alias -FR -convert big_endian      -I. -Ig2lib    -FI -c getlocal.f90
rm -f getdim.o
/lib/cpp -P -nostdinc -I/home/onishi/WRF/external/ioapi_share -DUSE_JPEG2000 -traditional  -I. -Ig2lib getdim.F > getdim.f90
ifort -real-size 32 -i4 -I.  -ip -fp-model precise -w -ftz -align all -fno-alias -FR -convert big_endian      -I. -Ig2lib    -FI -c getdim.f90
rm -f getpoly.o
/lib/cpp -P -nostdinc -I/home/onishi/WRF/external/ioapi_share -DUSE_JPEG2000 -traditional  -I. -Ig2lib getpoly.F > getpoly.f90
ifort -real-size 32 -i4 -I.  -ip -fp-model precise -w -ftz -align all -fno-alias -FR -convert big_endian      -I. -Ig2lib    -FI -c getpoly.f90
rm -f gribcreate.o
/lib/cpp -P -nostdinc -I/home/onishi/WRF/external/ioapi_share -DUSE_JPEG2000 -traditional  -I. -Ig2lib gribcreate.F > gribcreate.f90
rm -f gribend.o
ifort -real-size 32 -i4 -I.  -ip -fp-model precise -w -ftz -align all -fno-alias -FR -convert big_endian      -I. -Ig2lib    -FI -c gribcreate.f90
/lib/cpp -P -nostdinc -I/home/onishi/WRF/external/ioapi_share -DUSE_JPEG2000 -traditional  -I. -Ig2lib gribend.F > gribend.f90
ifort -real-size 32 -i4 -I.  -ip -fp-model precise -w -ftz -align all -fno-alias -FR -convert big_endian      -I. -Ig2lib    -FI -c gribend.f90
rm -f gribinfo.o
/lib/cpp -P -nostdinc -I/home/onishi/WRF/external/ioapi_share -DUSE_JPEG2000 -traditional  -I. -Ig2lib gribinfo.F > gribinfo.f90
rm -f mkieee.o
ifort -real-size 32 -i4 -I.  -ip -fp-model precise -w -ftz -align all -fno-alias -FR -convert big_endian      -I. -Ig2lib    -FI -c gribinfo.f90
/lib/cpp -P -nostdinc -I/home/onishi/WRF/external/ioapi_share -DUSE_JPEG2000 -traditional  -I. -Ig2lib mkieee.F > mkieee.f90
ifort -real-size 32 -i4 -I.  -ip -fp-model precise -w -ftz -align all -fno-alias -FR -convert big_endian      -I. -Ig2lib    -FI -c mkieee.f90
rm -f rdieee.o
/lib/cpp -P -nostdinc -I/home/onishi/WRF/external/ioapi_share -DUSE_JPEG2000 -traditional  -I. -Ig2lib rdieee.F > rdieee.f90
rm -f simpack.o
/lib/cpp -P -nostdinc -I/home/onishi/WRF/external/ioapi_share -DUSE_JPEG2000 -traditional  -I. -Ig2lib simpack.F > simpack.f90
ifort -real-size 32 -i4 -I.  -ip -fp-model precise -w -ftz -align all -fno-alias -FR -convert big_endian      -I. -Ig2lib    -FI -c rdieee.f90
ifort -real-size 32 -i4 -I.  -ip -fp-model precise -w -ftz -align all -fno-alias -FR -convert big_endian      -I. -Ig2lib    -FI -c simpack.f90
rm -f simunpack.o
/lib/cpp -P -nostdinc -I/home/onishi/WRF/external/ioapi_share -DUSE_JPEG2000 -traditional  -I. -Ig2lib simunpack.F > simunpack.f90
rm -f cmplxpack.o
ifort -real-size 32 -i4 -I.  -ip -fp-model precise -w -ftz -align all -fno-alias -FR -convert big_endian      -I. -Ig2lib    -FI -c simunpack.f90
/lib/cpp -P -nostdinc -I/home/onishi/WRF/external/ioapi_share -DUSE_JPEG2000 -traditional  -I. -Ig2lib cmplxpack.F > cmplxpack.f90
ifort -real-size 32 -i4 -I.  -ip -fp-model precise -w -ftz -align all -fno-alias -FR -convert big_endian      -I. -Ig2lib    -FI -c cmplxpack.f90
rm -f compack.o
rm -f misspack.o
/lib/cpp -P -nostdinc -I/home/onishi/WRF/external/ioapi_share -DUSE_JPEG2000 -traditional  -I. -Ig2lib compack.F > compack.f90
/lib/cpp -P -nostdinc -I/home/onishi/WRF/external/ioapi_share -DUSE_JPEG2000 -traditional  -I. -Ig2lib misspack.F > misspack.f90
ifort -real-size 32 -i4 -I.  -ip -fp-model precise -w -ftz -align all -fno-alias -FR -convert big_endian      -I. -Ig2lib    -FI -c compack.f90
ifort -real-size 32 -i4 -I.  -ip -fp-model precise -w -ftz -align all -fno-alias -FR -convert big_endian      -I. -Ig2lib    -FI -c misspack.f90
rm -f pack_gp.o
/lib/cpp -P -nostdinc -I/home/onishi/WRF/external/ioapi_share -DUSE_JPEG2000 -traditional  -I. -Ig2lib pack_gp.F > pack_gp.f90
ifort -real-size 32 -i4 -I.  -ip -fp-model precise -w -ftz -align all -fno-alias -FR -convert big_endian      -I. -Ig2lib    -FI -c pack_gp.f90
rm -f reduce.o
/lib/cpp -P -nostdinc -I/home/onishi/WRF/external/ioapi_share -DUSE_JPEG2000 -traditional  -I. -Ig2lib reduce.F > reduce.f90
ifort -real-size 32 -i4 -I.  -ip -fp-model precise -w -ftz -align all -fno-alias -FR -convert big_endian      -I. -Ig2lib    -FI -c reduce.f90
rm -f comunpack.o
/lib/cpp -P -nostdinc -I/home/onishi/WRF/external/ioapi_share -DUSE_JPEG2000 -traditional  -I. -Ig2lib comunpack.F > comunpack.f90
ifort -real-size 32 -i4 -I.  -ip -fp-model precise -w -ftz -align all -fno-alias -FR -convert big_endian      -I. -Ig2lib    -FI -c comunpack.f90
rm -f specpack.o
/lib/cpp -P -nostdinc -I/home/onishi/WRF/external/ioapi_share -DUSE_JPEG2000 -traditional  -I. -Ig2lib specpack.F > specpack.f90
rm -f specunpack.o
/lib/cpp -P -nostdinc -I/home/onishi/WRF/external/ioapi_share -DUSE_JPEG2000 -traditional  -I. -Ig2lib specunpack.F > specunpack.f90
ifort -real-size 32 -i4 -I.  -ip -fp-model precise -w -ftz -align all -fno-alias -FR -convert big_endian      -I. -Ig2lib    -FI -c specpack.f90
ifort -real-size 32 -i4 -I.  -ip -fp-model precise -w -ftz -align all -fno-alias -FR -convert big_endian      -I. -Ig2lib    -FI -c specunpack.f90
rm -f jpcpack.o
/lib/cpp -P -nostdinc -I/home/onishi/WRF/external/ioapi_share -DUSE_JPEG2000 -traditional  -I. -Ig2lib jpcpack.F > jpcpack.f90
rm -f jpcunpack.o
/lib/cpp -P -nostdinc -I/home/onishi/WRF/external/ioapi_share -DUSE_JPEG2000 -traditional  -I. -Ig2lib jpcunpack.F > jpcunpack.f90
ifort -real-size 32 -i4 -I.  -ip -fp-model precise -w -ftz -align all -fno-alias -FR -convert big_endian      -I. -Ig2lib    -FI -c jpcpack.f90
ifort -real-size 32 -i4 -I.  -ip -fp-model precise -w -ftz -align all -fno-alias -FR -convert big_endian      -I. -Ig2lib    -FI -c jpcunpack.f90
icc  -I. -w -O3 -ip -DRPC_TYPES=1  -DDM_PARALLEL -DLANDREAD_STUB=1 -DMAX_HISTORY=25 -DNMM_CORE=0 -I/net/nfs/tools/u20/22.3/PrgEnv/intel/linux-ubuntu20.04-zen2/jasper/2.0.32-intel-19.0.8.324-rn5xwv3gngxlo65dohllnzn2uf5smq5x/include   -c enc_jpeg2000.c
icc  -I. -w -O3 -ip -DRPC_TYPES=1  -DDM_PARALLEL -DLANDREAD_STUB=1 -DMAX_HISTORY=25 -DNMM_CORE=0 -I/net/nfs/tools/u20/22.3/PrgEnv/intel/linux-ubuntu20.04-zen2/jasper/2.0.32-intel-19.0.8.324-rn5xwv3gngxlo65dohllnzn2uf5smq5x/include   -c dec_jpeg2000.c
rm -f gbytesc.o
/lib/cpp -P -nostdinc -I/home/onishi/WRF/external/ioapi_share -DUSE_JPEG2000 -traditional  -I. -Ig2lib gbytesc.F > gbytesc.f90
ifort -real-size 32 -i4 -I.  -ip -fp-model precise -w -ftz -align all -fno-alias -FR -convert big_endian      -I. -Ig2lib    -FI -c gbytesc.f90
rm -f skgb.o
/lib/cpp -P -nostdinc -I/home/onishi/WRF/external/ioapi_share -DUSE_JPEG2000 -traditional  -I. -Ig2lib skgb.F > skgb.f90
ifort -real-size 32 -i4 -I.  -ip -fp-model precise -w -ftz -align all -fno-alias -FR -convert big_endian      -I. -Ig2lib    -FI -c skgb.f90
rm -f ixgb2.o
/lib/cpp -P -nostdinc -I/home/onishi/WRF/external/ioapi_share -DUSE_JPEG2000 -traditional  -I. -Ig2lib ixgb2.F > ixgb2.f90
ifort -real-size 32 -i4 -I.  -ip -fp-model precise -w -ftz -align all -fno-alias -FR -convert big_endian      -I. -Ig2lib    -FI -c ixgb2.f90
rm -f getidx.o
/lib/cpp -P -nostdinc -I/home/onishi/WRF/external/ioapi_share -DUSE_JPEG2000 -traditional  -I. -Ig2lib getidx.F > getidx.f90
ifort -real-size 32 -i4 -I.  -ip -fp-model precise -w -ftz -align all -fno-alias -FR -convert big_endian      -I. -Ig2lib    -FI -c getidx.f90
rm -f getg2i.o
/lib/cpp -P -nostdinc -I/home/onishi/WRF/external/ioapi_share -DUSE_JPEG2000 -traditional  -I. -Ig2lib getg2i.F > getg2i.f90
ifort -real-size 32 -i4 -I.  -ip -fp-model precise -w -ftz -align all -fno-alias -FR -convert big_endian      -I. -Ig2lib    -FI -c getg2i.f90
rm -f getg2ir.o
/lib/cpp -P -nostdinc -I/home/onishi/WRF/external/ioapi_share -DUSE_JPEG2000 -traditional  -I. -Ig2lib getg2ir.F > getg2ir.f90
ifort -real-size 32 -i4 -I.  -ip -fp-model precise -w -ftz -align all -fno-alias -FR -convert big_endian      -I. -Ig2lib    -FI -c getg2ir.f90
rm -f getgb2s.o
/lib/cpp -P -nostdinc -I/home/onishi/WRF/external/ioapi_share -DUSE_JPEG2000 -traditional  -I. -Ig2lib getgb2s.F > getgb2s.f90
ifort -real-size 32 -i4 -I.  -ip -fp-model precise -w -ftz -align all -fno-alias -FR -convert big_endian      -I. -Ig2lib    -FI -c getgb2s.f90
rm -f getgb2r.o
/lib/cpp -P -nostdinc -I/home/onishi/WRF/external/ioapi_share -DUSE_JPEG2000 -traditional  -I. -Ig2lib getgb2r.F > getgb2r.f90
ifort -real-size 32 -i4 -I.  -ip -fp-model precise -w -ftz -align all -fno-alias -FR -convert big_endian      -I. -Ig2lib    -FI -c getgb2r.f90
rm -f getgb2l.o
/lib/cpp -P -nostdinc -I/home/onishi/WRF/external/ioapi_share -DUSE_JPEG2000 -traditional  -I. -Ig2lib getgb2l.F > getgb2l.f90
rm -f getgb2.o
/lib/cpp -P -nostdinc -I/home/onishi/WRF/external/ioapi_share -DUSE_JPEG2000 -traditional  -I. -Ig2lib getgb2.F > getgb2.f90
ifort -real-size 32 -i4 -I.  -ip -fp-model precise -w -ftz -align all -fno-alias -FR -convert big_endian      -I. -Ig2lib    -FI -c getgb2l.f90
ifort -real-size 32 -i4 -I.  -ip -fp-model precise -w -ftz -align all -fno-alias -FR -convert big_endian      -I. -Ig2lib    -FI -c getgb2.f90
rm -f getgb2p.o
/lib/cpp -P -nostdinc -I/home/onishi/WRF/external/ioapi_share -DUSE_JPEG2000 -traditional  -I. -Ig2lib getgb2p.F > getgb2p.f90
rm -f getgb2rp.o
/lib/cpp -P -nostdinc -I/home/onishi/WRF/external/ioapi_share -DUSE_JPEG2000 -traditional  -I. -Ig2lib getgb2rp.F > getgb2rp.f90
ifort -real-size 32 -i4 -I.  -ip -fp-model precise -w -ftz -align all -fno-alias -FR -convert big_endian      -I. -Ig2lib    -FI -c getgb2p.f90
ifort -real-size 32 -i4 -I.  -ip -fp-model precise -w -ftz -align all -fno-alias -FR -convert big_endian      -I. -Ig2lib    -FI -c getgb2rp.f90
rm -f putgb2.o
/lib/cpp -P -nostdinc -I/home/onishi/WRF/external/ioapi_share -DUSE_JPEG2000 -traditional  -I. -Ig2lib putgb2.F > putgb2.f90
ifort -real-size 32 -i4 -I.  -ip -fp-model precise -w -ftz -align all -fno-alias -FR -convert big_endian      -I. -Ig2lib    -FI -c putgb2.f90
rm -f g2grids.o
/lib/cpp -P -nostdinc -I/home/onishi/WRF/external/ioapi_share -DUSE_JPEG2000 -traditional  -I. -Ig2lib g2grids.F > g2grids.f90
ifort -real-size 32 -i4 -I.  -ip -fp-model precise -w -ftz -align all -fno-alias -FR -convert big_endian      -I. -Ig2lib    -FI -c g2grids.f90
rm -f gdt2gds.o
/lib/cpp -P -nostdinc -I/home/onishi/WRF/external/ioapi_share -DUSE_JPEG2000 -traditional  -I. -Ig2lib gdt2gds.F > gdt2gds.f90
ifort -real-size 32 -i4 -I.  -ip -fp-model precise -w -ftz -align all -fno-alias -FR -convert big_endian      -I. -Ig2lib    -FI -c gdt2gds.f90
icc  -I. -w -O3 -ip -DRPC_TYPES=1  -DDM_PARALLEL -DLANDREAD_STUB=1 -DMAX_HISTORY=25 -DNMM_CORE=0 -I/net/nfs/tools/u20/22.3/PrgEnv/intel/linux-ubuntu20.04-zen2/jasper/2.0.32-intel-19.0.8.324-rn5xwv3gngxlo65dohllnzn2uf5smq5x/include   -c mova2i.c
rm -f params.o
/lib/cpp -P -nostdinc -I/home/onishi/WRF/external/ioapi_share -DUSE_JPEG2000 -traditional  -I. -Ig2lib params.F > params.f90
ifort -real-size 32 -i4 -I.  -ip -fp-model precise -w -ftz -align all -fno-alias -FR -convert big_endian      -I. -Ig2lib    -FI -c params.f90
ar ru ../libio_grib2.a gridtemplates.o pdstemplates.o drstemplates.o gribmod.o realloc.o addfield.o addgrid.o addlocal.o getfield.o gb_info.o gf_getfld.o gf_free.o gf_unpack1.o gf_unpack2.o gf_unpack3.o gf_unpack4.o gf_unpack5.o gf_unpack6.o gf_unpack7.o gettemplates.o getlocal.o getdim.o getpoly.o gribcreate.o gribend.o gribinfo.o mkieee.o rdieee.o simpack.o simunpack.o cmplxpack.o compack.o misspack.o pack_gp.o reduce.o comunpack.o specpack.o specunpack.o jpcpack.o jpcunpack.o enc_jpeg2000.o dec_jpeg2000.o gbytesc.o skgb.o ixgb2.o getidx.o getg2i.o getg2ir.o getgb2s.o getgb2r.o getgb2l.o getgb2.o getgb2p.o getgb2rp.o putgb2.o g2grids.o gdt2gds.o mova2i.o params.o
ar: `u' modifier ignored since `D' is the default (see `U')
ranlib ../libio_grib2.a
make[5]: Leaving directory '/home/onishi/WRF/external/io_grib2/g2lib'
make[4]: Leaving directory '/home/onishi/WRF/external/io_grib2/g2lib'
make[4]: Entering directory '/home/onishi/WRF/external/io_grib2'
rm -f grib2tbls_types.o
/lib/cpp -P -nostdinc -I/home/onishi/WRF/external/ioapi_share  -traditional  -I. -Ig2lib -Ibacio-1.3 -I../io_grib_share grib2tbls_types.F > grib2tbls_types.f90
ifort -real-size 32 -i4 -I.  -ip -fp-model precise -w -ftz -align all -fno-alias -FR -convert big_endian      -I. -Ig2lib -Ibacio-1.3 -I../io_grib_share     -c grib2tbls_types.f90
rm -f io_grib2.o
rm -f read_grib2map.o
/lib/cpp -P -nostdinc -I/home/onishi/WRF/external/ioapi_share  -traditional  -I. -Ig2lib -Ibacio-1.3 -I../io_grib_share io_grib2.F > io_grib2.f90
/lib/cpp -P -nostdinc -I/home/onishi/WRF/external/ioapi_share  -traditional  -I. -Ig2lib -Ibacio-1.3 -I../io_grib_share read_grib2map.F > read_grib2map.f90
ifort -real-size 32 -i4 -I.  -ip -fp-model precise -w -ftz -align all -fno-alias -FR -convert big_endian      -I. -Ig2lib -Ibacio-1.3 -I../io_grib_share     -c read_grib2map.f90
ifort -real-size 32 -i4 -I.  -ip -fp-model precise -w -ftz -align all -fno-alias -FR -convert big_endian      -I. -Ig2lib -Ibacio-1.3 -I../io_grib_share     -c io_grib2.f90
ar ru ./libio_grib2.a grib2tbls_types.o io_grib2.o read_grib2map.o
ar: `u' modifier ignored since `D' is the default (see `U')
ranlib ./libio_grib2.a
make[4]: Leaving directory '/home/onishi/WRF/external/io_grib2'
make[3]: Leaving directory '/home/onishi/WRF/external/io_grib2'
( cd /home/onishi/WRF/external/ioapi_share ; \
          make -i -r NATIVE_RWORDSIZE="4" RWORDSIZE="4" AR="ar" ARFLAGS="ru" )
make[3]: Entering directory '/home/onishi/WRF/external/ioapi_share'
( /bin/rm -f ../../inc/wrf_io_flags.h foo_io_flags.h; \
/bin/cp wrf_io_flags.h foo_io_flags.h; \
if [ 4 -ne 4 ] ; then \
  /bin/rm -f foo_io_flags.h; \
  sed -e 's/104/105/' wrf_io_flags.h > foo_io_flags.h ;\
fi ; \
/bin/mv foo_io_flags.h ../../inc/wrf_io_flags.h )
/bin/rm -f ../../inc/wrf_status_codes.h
/bin/cp wrf_status_codes.h ../../inc
make[3]: Leaving directory '/home/onishi/WRF/external/ioapi_share'
( cd /home/onishi/WRF/external/io_grib_share ; \
          make -j 2 CC="icc" CFLAGS="-w -O3 -ip -DRPC_TYPES=1  -DDM_PARALLEL -DLANDREAD_STUB=1 -DMAX_HISTORY=25 -DNMM_CORE=0" RM="rm -f" RANLIB="ranlib" CPP="/lib/cpp -P -nostdinc -I/home/onishi/WRF/external/ioapi_share" \
          FC="ifort -real-size `expr 8 \* 4` -i4 -I.  -ip -fp-model precise -w -ftz -align all -fno-alias -FR -convert big_endian   " TRADFLAG="-traditional-cpp -DUSE_NETCDF4_FEATURES -DWRFIO_NCD_LARGE_FILE_SUPPORT" AR="ar" ARFLAGS="ru" archive)
make[3]: Entering directory '/home/onishi/WRF/external/io_grib_share'
make[4]: Entering directory '/home/onishi/WRF/external/io_grib_share'
rm -f io_grib_share.o
icc  -I. -I../ioapi_share -w -O3 -ip -DRPC_TYPES=1  -DDM_PARALLEL -DLANDREAD_STUB=1 -DMAX_HISTORY=25 -DNMM_CORE=0   -c get_region_center.c
/lib/cpp -P -nostdinc -I/home/onishi/WRF/external/ioapi_share  -traditional-cpp -DUSE_NETCDF4_FEATURES -DWRFIO_NCD_LARGE_FILE_SUPPORT  -I. -I../ioapi_share io_grib_share.F > io_grib_share.f90
ifort -real-size 32 -i4 -I.  -ip -fp-model precise -w -ftz -align all -fno-alias -FR -convert big_endian      -I. -I../ioapi_share     -c io_grib_share.f90
icc  -I. -I../ioapi_share -w -O3 -ip -DRPC_TYPES=1  -DDM_PARALLEL -DLANDREAD_STUB=1 -DMAX_HISTORY=25 -DNMM_CORE=0   -c gridnav.c
icc  -I. -I../ioapi_share -w -O3 -ip -DRPC_TYPES=1  -DDM_PARALLEL -DLANDREAD_STUB=1 -DMAX_HISTORY=25 -DNMM_CORE=0   -c open_file.c
ar ru ./libio_grib_share.a io_grib_share.o get_region_center.o gridnav.o open_file.o
ar: `u' modifier ignored since `D' is the default (see `U')
ar: creating ./libio_grib_share.a
ranlib ./libio_grib_share.a
make[4]: Leaving directory '/home/onishi/WRF/external/io_grib_share'
make[3]: Leaving directory '/home/onishi/WRF/external/io_grib_share'
( cd /home/onishi/WRF/external/io_grib1 ; \
          make -j 2 CC="icc" CFLAGS="-w -O3 -ip -DRPC_TYPES=1  -DDM_PARALLEL -DLANDREAD_STUB=1 -DMAX_HISTORY=25 -DNMM_CORE=0" RM="rm -f" RANLIB="ranlib" CPP="/lib/cpp -P -nostdinc -I/home/onishi/WRF/external/ioapi_share" \
          FC="ifort -real-size `expr 8 \* 4` -i4 -I.  -ip -fp-model precise -w -ftz -align all -fno-alias -FR -convert big_endian   " TRADFLAG="-traditional-cpp -DUSE_NETCDF4_FEATURES -DWRFIO_NCD_LARGE_FILE_SUPPORT" AR="ar" ARFLAGS="ru" archive)
make[3]: Entering directory '/home/onishi/WRF/external/io_grib1'
        Doing make archive on library subdirectory MEL_grib1
make[4]: Entering directory '/home/onishi/WRF/external/io_grib1/MEL_grib1'
make[5]: Entering directory '/home/onishi/WRF/external/io_grib1/MEL_grib1'
icc  -I. -w -O3 -ip -DRPC_TYPES=1  -DDM_PARALLEL -DLANDREAD_STUB=1 -DMAX_HISTORY=25 -DNMM_CORE=0   -c FTP_getfile.c
icc  -I. -w -O3 -ip -DRPC_TYPES=1  -DDM_PARALLEL -DLANDREAD_STUB=1 -DMAX_HISTORY=25 -DNMM_CORE=0   -c apply_bitmap.c
icc  -I. -w -O3 -ip -DRPC_TYPES=1  -DDM_PARALLEL -DLANDREAD_STUB=1 -DMAX_HISTORY=25 -DNMM_CORE=0   -c display_gribhdr.c
icc  -I. -w -O3 -ip -DRPC_TYPES=1  -DDM_PARALLEL -DLANDREAD_STUB=1 -DMAX_HISTORY=25 -DNMM_CORE=0   -c gbyte.c
icc  -I. -w -O3 -ip -DRPC_TYPES=1  -DDM_PARALLEL -DLANDREAD_STUB=1 -DMAX_HISTORY=25 -DNMM_CORE=0   -c grib_dec.c
icc  -I. -w -O3 -ip -DRPC_TYPES=1  -DDM_PARALLEL -DLANDREAD_STUB=1 -DMAX_HISTORY=25 -DNMM_CORE=0   -c grib_enc.c
icc  -I. -w -O3 -ip -DRPC_TYPES=1  -DDM_PARALLEL -DLANDREAD_STUB=1 -DMAX_HISTORY=25 -DNMM_CORE=0   -c grib_seek.c
icc  -I. -w -O3 -ip -DRPC_TYPES=1  -DDM_PARALLEL -DLANDREAD_STUB=1 -DMAX_HISTORY=25 -DNMM_CORE=0   -c gribgetbds.c
icc  -I. -w -O3 -ip -DRPC_TYPES=1  -DDM_PARALLEL -DLANDREAD_STUB=1 -DMAX_HISTORY=25 -DNMM_CORE=0   -c gribgetbms.c
icc  -I. -w -O3 -ip -DRPC_TYPES=1  -DDM_PARALLEL -DLANDREAD_STUB=1 -DMAX_HISTORY=25 -DNMM_CORE=0   -c gribgetgds.c
icc  -I. -w -O3 -ip -DRPC_TYPES=1  -DDM_PARALLEL -DLANDREAD_STUB=1 -DMAX_HISTORY=25 -DNMM_CORE=0   -c gribgetpds.c
icc  -I. -w -O3 -ip -DRPC_TYPES=1  -DDM_PARALLEL -DLANDREAD_STUB=1 -DMAX_HISTORY=25 -DNMM_CORE=0   -c gribhdr2file.c
icc  -I. -w -O3 -ip -DRPC_TYPES=1  -DDM_PARALLEL -DLANDREAD_STUB=1 -DMAX_HISTORY=25 -DNMM_CORE=0   -c gribputbds.c
icc  -I. -w -O3 -ip -DRPC_TYPES=1  -DDM_PARALLEL -DLANDREAD_STUB=1 -DMAX_HISTORY=25 -DNMM_CORE=0   -c gribputgds.c
icc  -I. -w -O3 -ip -DRPC_TYPES=1  -DDM_PARALLEL -DLANDREAD_STUB=1 -DMAX_HISTORY=25 -DNMM_CORE=0   -c gribputpds.c
icc  -I. -w -O3 -ip -DRPC_TYPES=1  -DDM_PARALLEL -DLANDREAD_STUB=1 -DMAX_HISTORY=25 -DNMM_CORE=0   -c hdr_print.c
icc  -I. -w -O3 -ip -DRPC_TYPES=1  -DDM_PARALLEL -DLANDREAD_STUB=1 -DMAX_HISTORY=25 -DNMM_CORE=0   -c init_dec_struct.c
icc  -I. -w -O3 -ip -DRPC_TYPES=1  -DDM_PARALLEL -DLANDREAD_STUB=1 -DMAX_HISTORY=25 -DNMM_CORE=0   -c init_enc_struct.c
icc  -I. -w -O3 -ip -DRPC_TYPES=1  -DDM_PARALLEL -DLANDREAD_STUB=1 -DMAX_HISTORY=25 -DNMM_CORE=0   -c init_gribhdr.c
icc  -I. -w -O3 -ip -DRPC_TYPES=1  -DDM_PARALLEL -DLANDREAD_STUB=1 -DMAX_HISTORY=25 -DNMM_CORE=0   -c init_struct.c
icc  -I. -w -O3 -ip -DRPC_TYPES=1  -DDM_PARALLEL -DLANDREAD_STUB=1 -DMAX_HISTORY=25 -DNMM_CORE=0   -c ld_dec_lookup.c
icc  -I. -w -O3 -ip -DRPC_TYPES=1  -DDM_PARALLEL -DLANDREAD_STUB=1 -DMAX_HISTORY=25 -DNMM_CORE=0   -c ld_enc_input.c
icc  -I. -w -O3 -ip -DRPC_TYPES=1  -DDM_PARALLEL -DLANDREAD_STUB=1 -DMAX_HISTORY=25 -DNMM_CORE=0   -c ld_enc_lookup.c
icc  -I. -w -O3 -ip -DRPC_TYPES=1  -DDM_PARALLEL -DLANDREAD_STUB=1 -DMAX_HISTORY=25 -DNMM_CORE=0   -c ld_grib_origctrs.c
icc  -I. -w -O3 -ip -DRPC_TYPES=1  -DDM_PARALLEL -DLANDREAD_STUB=1 -DMAX_HISTORY=25 -DNMM_CORE=0   -c make_default_grbfn.c
icc  -I. -w -O3 -ip -DRPC_TYPES=1  -DDM_PARALLEL -DLANDREAD_STUB=1 -DMAX_HISTORY=25 -DNMM_CORE=0   -c make_grib_log.c
icc  -I. -w -O3 -ip -DRPC_TYPES=1  -DDM_PARALLEL -DLANDREAD_STUB=1 -DMAX_HISTORY=25 -DNMM_CORE=0   -c map_lvl.c
icc  -I. -w -O3 -ip -DRPC_TYPES=1  -DDM_PARALLEL -DLANDREAD_STUB=1 -DMAX_HISTORY=25 -DNMM_CORE=0   -c map_parm.c
icc  -I. -w -O3 -ip -DRPC_TYPES=1  -DDM_PARALLEL -DLANDREAD_STUB=1 -DMAX_HISTORY=25 -DNMM_CORE=0   -c pack_spatial.c
icc  -I. -w -O3 -ip -DRPC_TYPES=1  -DDM_PARALLEL -DLANDREAD_STUB=1 -DMAX_HISTORY=25 -DNMM_CORE=0   -c prt_inp_struct.c
icc  -I. -w -O3 -ip -DRPC_TYPES=1  -DDM_PARALLEL -DLANDREAD_STUB=1 -DMAX_HISTORY=25 -DNMM_CORE=0   -c upd_child_errmsg.c
icc  -I. -w -O3 -ip -DRPC_TYPES=1  -DDM_PARALLEL -DLANDREAD_STUB=1 -DMAX_HISTORY=25 -DNMM_CORE=0   -c prt_badmsg.c
icc  -I. -w -O3 -ip -DRPC_TYPES=1  -DDM_PARALLEL -DLANDREAD_STUB=1 -DMAX_HISTORY=25 -DNMM_CORE=0   -c swap.c
icc  -I. -w -O3 -ip -DRPC_TYPES=1  -DDM_PARALLEL -DLANDREAD_STUB=1 -DMAX_HISTORY=25 -DNMM_CORE=0   -c grib_uthin.c
icc  -I. -w -O3 -ip -DRPC_TYPES=1  -DDM_PARALLEL -DLANDREAD_STUB=1 -DMAX_HISTORY=25 -DNMM_CORE=0   -c set_bytes.c
ar ru ../libio_grib1.a FTP_getfile.o apply_bitmap.o display_gribhdr.o gbyte.o grib_dec.o grib_enc.o grib_seek.o gribgetbds.o gribgetbms.o gribgetgds.o gribgetpds.o gribhdr2file.o gribputbds.o gribputgds.o gribputpds.o hdr_print.o init_dec_struct.o init_enc_struct.o init_gribhdr.o init_struct.o ld_dec_lookup.o ld_enc_input.o ld_enc_lookup.o ld_grib_origctrs.o make_default_grbfn.o make_grib_log.o map_lvl.o map_parm.o pack_spatial.o prt_inp_struct.o upd_child_errmsg.o prt_badmsg.o swap.o grib_uthin.o set_bytes.o
ar: `u' modifier ignored since `D' is the default (see `U')
ar: creating ../libio_grib1.a
ranlib ../libio_grib1.a
make[5]: Leaving directory '/home/onishi/WRF/external/io_grib1/MEL_grib1'
make[4]: Leaving directory '/home/onishi/WRF/external/io_grib1/MEL_grib1'
        Doing make archive on library subdirectory grib1_util
make[4]: Entering directory '/home/onishi/WRF/external/io_grib1/grib1_util'
make[5]: Entering directory '/home/onishi/WRF/external/io_grib1/grib1_util'
icc  -I. -I../MEL_grib1 -w -O3 -ip -DRPC_TYPES=1  -DDM_PARALLEL -DLANDREAD_STUB=1 -DMAX_HISTORY=25 -DNMM_CORE=0   -c alloc_2d.c
icc  -I. -I../MEL_grib1 -w -O3 -ip -DRPC_TYPES=1  -DDM_PARALLEL -DLANDREAD_STUB=1 -DMAX_HISTORY=25 -DNMM_CORE=0   -c read_grib.c
icc  -I. -I../MEL_grib1 -w -O3 -ip -DRPC_TYPES=1  -DDM_PARALLEL -DLANDREAD_STUB=1 -DMAX_HISTORY=25 -DNMM_CORE=0   -c write_grib.c
ar ru ../libio_grib1.a alloc_2d.o read_grib.o write_grib.o
ar: `u' modifier ignored since `D' is the default (see `U')
ranlib ../libio_grib1.a
make[5]: Leaving directory '/home/onishi/WRF/external/io_grib1/grib1_util'
make[4]: Leaving directory '/home/onishi/WRF/external/io_grib1/grib1_util'
        Doing make archive on library subdirectory WGRIB
make[4]: Entering directory '/home/onishi/WRF/external/io_grib1/WGRIB'
icc -c -O wgrib_main.c
icc -c -O seekgrib.c
icc -c -O ibm2flt.c
icc -c -O readgrib.c
icc -c -O intpower.c
icc -c -O cnames.c
icc -c -O BDSunpk.c
icc -c -O flt2ieee.c
icc -c -O wrtieee.c
icc -c -O levels.c
icc -c -O PDStimes.c
icc -c -O missing.c
icc -c -O nceptable_reanal.c
icc -c -O nceptable_opn.c
icc -c -O ensemble.c
icc -c -O ombtable.c
icc -c -O ec_ext.c
icc -c -O gribtable.c
icc -c -O gds_grid.c
icc -c -O PDS_date.c
icc -c -O ectable_128.c
icc -c -O ectable_129.c
icc -c -O ectable_130.c
icc -c -O ectable_131.c
icc -c -O ectable_140.c
icc -c -O ectable_150.c
icc -c -O ectable_151.c
icc -c -O ectable_160.c
icc -c -O ectable_170.c
icc -c -O ectable_180.c
icc -c -O nceptab_129.c
icc -c -O dwdtable_002.c
icc -c -O dwdtable_201.c
icc -c -O dwdtable_202.c
icc -c -O dwdtable_203.c
icc -c -O cptectable_254.c
icc -c -O nceptab_130.c
icc -c -O nceptab_131.c
icc -o wgrib.exe wgrib_main.o seekgrib.o ibm2flt.o readgrib.o intpower.o cnames.o BDSunpk.o flt2ieee.o wrtieee.o levels.o PDStimes.o missing.o nceptable_reanal.o nceptable_opn.o ensemble.o ombtable.o ec_ext.o gribtable.o gds_grid.o PDS_date.o ectable_128.o ectable_129.o ectable_130.o ectable_131.o ectable_140.o ectable_150.o ectable_151.o ectable_160.o ectable_170.o ectable_180.o nceptab_129.o dwdtable_002.o dwdtable_201.o dwdtable_202.o dwdtable_203.o cptectable_254.o nceptab_130.o nceptab_131.o #-lm
( cd .. ; \rm -f wgrib.exe ; \ln -sf WGRIB/wgrib.exe wgrib.exe ; cd WGRIB )
make[4]: Leaving directory '/home/onishi/WRF/external/io_grib1/WGRIB'
make[4]: Entering directory '/home/onishi/WRF/external/io_grib1'
icc  -I. -I./MEL_grib1 -Igrib1_util -I../io_grib_share -I../ -I../ioapi_share -w -O3 -ip -DRPC_TYPES=1  -DDM_PARALLEL -DLANDREAD_STUB=1 -DMAX_HISTORY=25 -DNMM_CORE=0   -c grib1_routines.c
icc  -I. -I./MEL_grib1 -Igrib1_util -I../io_grib_share -I../ -I../ioapi_share -w -O3 -ip -DRPC_TYPES=1  -DDM_PARALLEL -DLANDREAD_STUB=1 -DMAX_HISTORY=25 -DNMM_CORE=0   -c gribmap.c
rm -f io_grib1.o
/lib/cpp -P -nostdinc -I/home/onishi/WRF/external/ioapi_share  -traditional-cpp -DUSE_NETCDF4_FEATURES -DWRFIO_NCD_LARGE_FILE_SUPPORT  -I. -I./MEL_grib1 -Igrib1_util -I../io_grib_share -I../ -I../ioapi_share io_grib1.F > io_grib1.f90
ifort -real-size 32 -i4 -I.  -ip -fp-model precise -w -ftz -align all -fno-alias -FR -convert big_endian      -I. -I./MEL_grib1 -Igrib1_util -I../io_grib_share -I../ -I../ioapi_share     -c io_grib1.f90
icc  -I. -I./MEL_grib1 -Igrib1_util -I../io_grib_share -I../ -I../ioapi_share -w -O3 -ip -DRPC_TYPES=1  -DDM_PARALLEL -DLANDREAD_STUB=1 -DMAX_HISTORY=25 -DNMM_CORE=0   -c trim.c
ar ru ./libio_grib1.a grib1_routines.o gribmap.o io_grib1.o trim.o
ar: `u' modifier ignored since `D' is the default (see `U')
ranlib ./libio_grib1.a
make[4]: Leaving directory '/home/onishi/WRF/external/io_grib1'
make[3]: Leaving directory '/home/onishi/WRF/external/io_grib1'
( cd /home/onishi/WRF/external/io_int ; \
          make -j 2 CC="mpicc -cc=icc -DFSEEKO64_OK " CFLAGS_LOCAL="-w -O3 -ip -DRPC_TYPES=1 " RM="rm -f" RANLIB="ranlib" CPP="/lib/cpp -P -nostdinc -I/home/onishi/WRF/external/ioapi_share" \
          FC="time mpif90 -f90=ifort -real-size `expr 8 \* 4` -i4  -ip -fp-model precise -w -ftz -align all -fno-alias -FR -convert big_endian   " FGREP="fgrep -iq" \
          TRADFLAG="-traditional-cpp -DUSE_NETCDF4_FEATURES -DWRFIO_NCD_LARGE_FILE_SUPPORT" AR="ar" ARFLAGS="ru" ARCHFLAGS="-DEM_CORE=1 -DNMM_CORE=0 -DNMM_MAX_DIM=2600 -DDA_CORE=0 -DWRFPLUS=0 -DIWORDSIZE=4 -DDWORDSIZE=8 -DRWORDSIZE=4 -DLWORDSIZE=4 -DNONSTANDARD_SYSTEM_FUNC  -DWRF_USE_CLM -DUSE_NETCDF4_FEATURES -DWRFIO_NCD_LARGE_FILE_SUPPORT  -DDM_PARALLEL -DNETCDF -DGRIB2 -DHDF5 -DLANDREAD_STUB=1 -DUSE_ALLOCATABLES -Dwrfmodel -DGRIB1 -DINTIO -DKEEP_INT_AROUND -DLIMIT_ARGS -DBUILD_RRTMG_FAST=0 -DBUILD_RRTMK=0 -DBUILD_SBM_FAST=1 -DSHOW_ALL_VARS_USED=0 -DCONFIG_BUF_LEN=65536 -DMAX_DOMAINS_F=21 -DMAX_HISTORY=25 -DNMM_NEST=0" all )
make[3]: Entering directory '/home/onishi/WRF/external/io_int'
rm -f module_internal_header_util.f
mpicc -cc=icc -DFSEEKO64_OK  -I../../inc -o io_int_idx.o -c -w -O3 -ip -DRPC_TYPES=1  io_int_idx.c
cp ../../frame/module_internal_header_util.F mod_int_hdr_util.b
/lib/cpp -P -nostdinc -I/home/onishi/WRF/external/ioapi_share -traditional-cpp -DUSE_NETCDF4_FEATURES -DWRFIO_NCD_LARGE_FILE_SUPPORT -DEM_CORE=1 -DNMM_CORE=0 -DNMM_MAX_DIM=2600 -DDA_CORE=0 -DWRFPLUS=0 -DIWORDSIZE=4 -DDWORDSIZE=8 -DRWORDSIZE=4 -DLWORDSIZE=4 -DNONSTANDARD_SYSTEM_FUNC  -DWRF_USE_CLM -DUSE_NETCDF4_FEATURES -DWRFIO_NCD_LARGE_FILE_SUPPORT  -DDM_PARALLEL -DNETCDF -DGRIB2 -DHDF5 -DLANDREAD_STUB=1 -DUSE_ALLOCATABLES -Dwrfmodel -DGRIB1 -DINTIO -DKEEP_INT_AROUND -DLIMIT_ARGS -DBUILD_RRTMG_FAST=0 -DBUILD_RRTMK=0 -DBUILD_SBM_FAST=1 -DSHOW_ALL_VARS_USED=0 -DCONFIG_BUF_LEN=65536 -DMAX_DOMAINS_F=21 -DMAX_HISTORY=25 -DNMM_NEST=0 -I../../inc -I../ioapi_share mod_int_hdr_util.b > module_internal_header_util.f
rm -f mod_int_hdr_util.b
/lib/cpp -P -nostdinc -I/home/onishi/WRF/external/ioapi_share -traditional-cpp -DUSE_NETCDF4_FEATURES -DWRFIO_NCD_LARGE_FILE_SUPPORT -DEM_CORE=1 -DNMM_CORE=0 -DNMM_MAX_DIM=2600 -DDA_CORE=0 -DWRFPLUS=0 -DIWORDSIZE=4 -DDWORDSIZE=8 -DRWORDSIZE=4 -DLWORDSIZE=4 -DNONSTANDARD_SYSTEM_FUNC  -DWRF_USE_CLM -DUSE_NETCDF4_FEATURES -DWRFIO_NCD_LARGE_FILE_SUPPORT  -DDM_PARALLEL -DNETCDF -DGRIB2 -DHDF5 -DLANDREAD_STUB=1 -DUSE_ALLOCATABLES -Dwrfmodel -DGRIB1 -DINTIO -DKEEP_INT_AROUND -DLIMIT_ARGS -DBUILD_RRTMG_FAST=0 -DBUILD_RRTMK=0 -DBUILD_SBM_FAST=1 -DSHOW_ALL_VARS_USED=0 -DCONFIG_BUF_LEN=65536 -DMAX_DOMAINS_F=21 -DMAX_HISTORY=25 -DNMM_NEST=0 module_io_int_idx.F90 > module_io_int_idx.f
/lib/cpp -P -nostdinc -I/home/onishi/WRF/external/ioapi_share -traditional-cpp -DUSE_NETCDF4_FEATURES -DWRFIO_NCD_LARGE_FILE_SUPPORT -DEM_CORE=1 -DNMM_CORE=0 -DNMM_MAX_DIM=2600 -DDA_CORE=0 -DWRFPLUS=0 -DIWORDSIZE=4 -DDWORDSIZE=8 -DRWORDSIZE=4 -DLWORDSIZE=4 -DNONSTANDARD_SYSTEM_FUNC  -DWRF_USE_CLM -DUSE_NETCDF4_FEATURES -DWRFIO_NCD_LARGE_FILE_SUPPORT  -DDM_PARALLEL -DNETCDF -DGRIB2 -DHDF5 -DLANDREAD_STUB=1 -DUSE_ALLOCATABLES -Dwrfmodel -DGRIB1 -DINTIO -DKEEP_INT_AROUND -DLIMIT_ARGS -DBUILD_RRTMG_FAST=0 -DBUILD_RRTMK=0 -DBUILD_SBM_FAST=1 -DSHOW_ALL_VARS_USED=0 -DCONFIG_BUF_LEN=65536 -DMAX_DOMAINS_F=21 -DMAX_HISTORY=25 -DNMM_NEST=0 -DEM_CORE=1 -DNMM_CORE=0 -DNMM_MAX_DIM=2600 -DDA_CORE=0 -DWRFPLUS=0 -DIWORDSIZE=4 -DDWORDSIZE=8 -DRWORDSIZE=4 -DLWORDSIZE=4 -DNONSTANDARD_SYSTEM_FUNC  -DWRF_USE_CLM -DUSE_NETCDF4_FEATURES -DWRFIO_NCD_LARGE_FILE_SUPPORT  -DDM_PARALLEL -DNETCDF -DGRIB2 -DHDF5 -DLANDREAD_STUB=1 -DUSE_ALLOCATABLES -Dwrfmodel -DGRIB1 -DINTIO -DKEEP_INT_AROUND -DLIMIT_ARGS -DBUILD_RRTMG_FAST=0 -DBUILD_RRTMK=0 -DBUILD_SBM_FAST=1 -DSHOW_ALL_VARS_USED=0 -DCONFIG_BUF_LEN=65536 -DMAX_DOMAINS_F=21 -DMAX_HISTORY=25 -DNMM_NEST=0 module_io_int_read.F90 > module_io_int_read.f
Diffwrf io_int will be built later on in this compile. No need to rerun compile. 
Diffwrf io_int will be built later on in this compile. No need to rerun compile. 
Diffwrf io_int will be built later on in this compile. No need to rerun compile. 
Diffwrf io_int will be built later on in this compile. No need to rerun compile. 
Diffwrf io_int will be built later on in this compile. No need to rerun compile. 
Diffwrf io_int will be built later on in this compile. No need to rerun compile. 
/lib/cpp -P -nostdinc -I/home/onishi/WRF/external/ioapi_share -traditional-cpp -DUSE_NETCDF4_FEATURES -DWRFIO_NCD_LARGE_FILE_SUPPORT -DEM_CORE=1 -DNMM_CORE=0 -DNMM_MAX_DIM=2600 -DDA_CORE=0 -DWRFPLUS=0 -DIWORDSIZE=4 -DDWORDSIZE=8 -DRWORDSIZE=4 -DLWORDSIZE=4 -DNONSTANDARD_SYSTEM_FUNC  -DWRF_USE_CLM -DUSE_NETCDF4_FEATURES -DWRFIO_NCD_LARGE_FILE_SUPPORT  -DDM_PARALLEL -DNETCDF -DGRIB2 -DHDF5 -DLANDREAD_STUB=1 -DUSE_ALLOCATABLES -Dwrfmodel -DGRIB1 -DINTIO -DKEEP_INT_AROUND -DLIMIT_ARGS -DBUILD_RRTMG_FAST=0 -DBUILD_RRTMK=0 -DBUILD_SBM_FAST=1 -DSHOW_ALL_VARS_USED=0 -DCONFIG_BUF_LEN=65536 -DMAX_DOMAINS_F=21 -DMAX_HISTORY=25 -DNMM_NEST=0 test_io_idx.F90 > test_io_idx.f
time mpif90 -f90=ifort -real-size 32 -i4  -ip -fp-model precise -w -ftz -align all -fno-alias -FR -convert big_endian     -o module_internal_header_util.o -c module_internal_header_util.f
time mpif90 -f90=ifort -real-size 32 -i4  -ip -fp-model precise -w -ftz -align all -fno-alias -FR -convert big_endian     -o module_io_int_idx.o -c module_io_int_idx.f
0.04user 0.07system 0:00.13elapsed 87%CPU (0avgtext+0avgdata 43536maxresident)k
16inputs+136outputs (0major+6838minor)pagefaults 0swaps
time mpif90 -f90=ifort -real-size 32 -i4  -ip -fp-model precise -w -ftz -align all -fno-alias -FR -convert big_endian     -I../../frame -o module_io_int_read.o -c module_io_int_read.f
0.37user 0.12system 0:00.51elapsed 95%CPU (0avgtext+0avgdata 55652maxresident)k
56inputs+464outputs (0major+10055minor)pagefaults 0swaps
0.71user 0.07system 0:00.81elapsed 97%CPU (0avgtext+0avgdata 57092maxresident)k
88inputs+400outputs (0major+10718minor)pagefaults 0swaps
/lib/cpp -P -nostdinc -I/home/onishi/WRF/external/ioapi_share -traditional-cpp -DUSE_NETCDF4_FEATURES -DWRFIO_NCD_LARGE_FILE_SUPPORT -DEM_CORE=1 -DNMM_CORE=0 -DNMM_MAX_DIM=2600 -DDA_CORE=0 -DWRFPLUS=0 -DIWORDSIZE=4 -DDWORDSIZE=8 -DRWORDSIZE=4 -DLWORDSIZE=4 -DNONSTANDARD_SYSTEM_FUNC  -DWRF_USE_CLM -DUSE_NETCDF4_FEATURES -DWRFIO_NCD_LARGE_FILE_SUPPORT  -DDM_PARALLEL -DNETCDF -DGRIB2 -DHDF5 -DLANDREAD_STUB=1 -DUSE_ALLOCATABLES -Dwrfmodel -DGRIB1 -DINTIO -DKEEP_INT_AROUND -DLIMIT_ARGS -DBUILD_RRTMG_FAST=0 -DBUILD_RRTMK=0 -DBUILD_SBM_FAST=1 -DSHOW_ALL_VARS_USED=0 -DCONFIG_BUF_LEN=65536 -DMAX_DOMAINS_F=21 -DMAX_HISTORY=25 -DNMM_NEST=0  -I../../inc -I../ioapi_share io_int.F90 | m4 -Uinclude -Uindex -Ulen - > io_int.f
time mpif90 -f90=ifort -real-size 32 -i4  -ip -fp-model precise -w -ftz -align all -fno-alias -FR -convert big_endian     -I../../inc -I../ioapi_share -o io_int.o -c io_int.f
0.43user 0.07system 0:00.53elapsed 94%CPU (0avgtext+0avgdata 57160maxresident)k
256inputs+688outputs (0major+10693minor)pagefaults 0swaps
rm -f libwrfio_int.a
if [ `echo "time mpif90 -f90=ifort -real-size 32 -i4  -ip -fp-model precise -w -ftz -align all -fno-alias -FR -convert big_endian   " | awk '{print $1}'` = "gfortran" ] ; then \
	echo removing external declaration of iargc for gfortran ; \
	/lib/cpp -P -nostdinc -I/home/onishi/WRF/external/ioapi_share -traditional-cpp -DUSE_NETCDF4_FEATURES -DWRFIO_NCD_LARGE_FILE_SUPPORT -DEM_CORE=1 -DNMM_CORE=0 -DNMM_MAX_DIM=2600 -DDA_CORE=0 -DWRFPLUS=0 -DIWORDSIZE=4 -DDWORDSIZE=8 -DRWORDSIZE=4 -DLWORDSIZE=4 -DNONSTANDARD_SYSTEM_FUNC  -DWRF_USE_CLM -DUSE_NETCDF4_FEATURES -DWRFIO_NCD_LARGE_FILE_SUPPORT  -DDM_PARALLEL -DNETCDF -DGRIB2 -DHDF5 -DLANDREAD_STUB=1 -DUSE_ALLOCATABLES -Dwrfmodel -DGRIB1 -DINTIO -DKEEP_INT_AROUND -DLIMIT_ARGS -DBUILD_RRTMG_FAST=0 -DBUILD_RRTMK=0 -DBUILD_SBM_FAST=1 -DSHOW_ALL_VARS_USED=0 -DCONFIG_BUF_LEN=65536 -DMAX_DOMAINS_F=21 -DMAX_HISTORY=25 -DNMM_NEST=0  -I../ioapi_share diffwrf.F90 | \
	sed '/integer *, *external.*iargc/d' > diffwrf.f  ; \
else \
	/lib/cpp -P -nostdinc -I/home/onishi/WRF/external/ioapi_share -traditional-cpp -DUSE_NETCDF4_FEATURES -DWRFIO_NCD_LARGE_FILE_SUPPORT -DEM_CORE=1 -DNMM_CORE=0 -DNMM_MAX_DIM=2600 -DDA_CORE=0 -DWRFPLUS=0 -DIWORDSIZE=4 -DDWORDSIZE=8 -DRWORDSIZE=4 -DLWORDSIZE=4 -DNONSTANDARD_SYSTEM_FUNC  -DWRF_USE_CLM -DUSE_NETCDF4_FEATURES -DWRFIO_NCD_LARGE_FILE_SUPPORT  -DDM_PARALLEL -DNETCDF -DGRIB2 -DHDF5 -DLANDREAD_STUB=1 -DUSE_ALLOCATABLES -Dwrfmodel -DGRIB1 -DINTIO -DKEEP_INT_AROUND -DLIMIT_ARGS -DBUILD_RRTMG_FAST=0 -DBUILD_RRTMK=0 -DBUILD_SBM_FAST=1 -DSHOW_ALL_VARS_USED=0 -DCONFIG_BUF_LEN=65536 -DMAX_DOMAINS_F=21 -DMAX_HISTORY=25 -DNMM_NEST=0  -I../ioapi_share diffwrf.F90 > diffwrf.f  ; \
fi ; \
time mpif90 -f90=ifort -real-size 32 -i4  -ip -fp-model precise -w -ftz -align all -fno-alias -FR -convert big_endian    -c  -I../ioapi_share diffwrf.f ; \

ar ru libwrfio_int.a io_int.o io_int_idx.o module_io_int_idx.o module_io_int_read.o
ar: `u' modifier ignored since `D' is the default (see `U')
ar: creating libwrfio_int.a
ranlib libwrfio_int.a
time mpif90 -f90=ifort -real-size 32 -i4  -ip -fp-model precise -w -ftz -align all -fno-alias -FR -convert big_endian      -O3 -ip -fp-model precise -w -ftz -align all -fno-alias -FR -convert big_endian   -ip   -o test_io_idx test_io_idx.f -L. -lwrfio_int
0.22user 0.07system 0:00.33elapsed 89%CPU (0avgtext+0avgdata 57432maxresident)k
56inputs+496outputs (0major+10937minor)pagefaults 0swaps
if [ -f ../../frame/pack_utils.o -a -f ../../frame/clog.o ] ; then \
  time mpif90 -f90=ifort -real-size 32 -i4  -ip -fp-model precise -w -ftz -align all -fno-alias -FR -convert big_endian      -O3 -ip -fp-model precise -w -ftz -align all -fno-alias -FR -convert big_endian   -ip   -I../ioapi_share -o diffwrf diffwrf.f \
	../../frame/pack_utils.o ../../frame/module_internal_header_util.o ../../frame/module_driver_constants.o ../../frame/module_machine.o ../../frame/module_wrf_error.o ../../frame/wrf_debug.o  libwrfio_int.a ; \
fi
0.17user 0.13system 0:00.33elapsed 91%CPU (0avgtext+0avgdata 45212maxresident)k
1752inputs+2024outputs (1major+18053minor)pagefaults 0swaps
make[3]: Leaving directory '/home/onishi/WRF/external/io_int'
( cd /home/onishi/WRF/external/fftpack/fftpack5 ; \
          make -j 2 FC="ifort" FFLAGS="-real-size `expr 8 \* 4` -i4  -ip -fp-model precise -w -ftz -align all -fno-alias -FR -convert big_endian  " RANLIB="ranlib" AR="ar" \
          ARFLAGS="ru" CPP="/lib/cpp -P -nostdinc -I/home/onishi/WRF/external/ioapi_share" CPPFLAGS="-DEM_CORE=1 -DNMM_CORE=0 -DNMM_MAX_DIM=2600 -DDA_CORE=0 -DWRFPLUS=0 -DIWORDSIZE=4 -DDWORDSIZE=8 -DRWORDSIZE=4 -DLWORDSIZE=4 -DNONSTANDARD_SYSTEM_FUNC  -DWRF_USE_CLM -DUSE_NETCDF4_FEATURES -DWRFIO_NCD_LARGE_FILE_SUPPORT  -DDM_PARALLEL -DNETCDF -DGRIB2 -DHDF5 -DLANDREAD_STUB=1 -DUSE_ALLOCATABLES -Dwrfmodel -DGRIB1 -DINTIO -DKEEP_INT_AROUND -DLIMIT_ARGS -DBUILD_RRTMG_FAST=0 -DBUILD_RRTMK=0 -DBUILD_SBM_FAST=1 -DSHOW_ALL_VARS_USED=0 -DCONFIG_BUF_LEN=65536 -DMAX_DOMAINS_F=21 -DMAX_HISTORY=25 -DNMM_NEST=0 -DWRF_CHEM -DBUILD_CHEM=1 -DWRF_KPP -I. -traditional-cpp -DUSE_NETCDF4_FEATURES -DWRFIO_NCD_LARGE_FILE_SUPPORT " RM="rm -f" )
make[3]: Entering directory '/home/onishi/WRF/external/fftpack/fftpack5'
/lib/cpp -P -nostdinc -I/home/onishi/WRF/external/ioapi_share -DEM_CORE=1 -DNMM_CORE=0 -DNMM_MAX_DIM=2600 -DDA_CORE=0 -DWRFPLUS=0 -DIWORDSIZE=4 -DDWORDSIZE=8 -DRWORDSIZE=4 -DLWORDSIZE=4 -DNONSTANDARD_SYSTEM_FUNC  -DWRF_USE_CLM -DUSE_NETCDF4_FEATURES -DWRFIO_NCD_LARGE_FILE_SUPPORT  -DDM_PARALLEL -DNETCDF -DGRIB2 -DHDF5 -DLANDREAD_STUB=1 -DUSE_ALLOCATABLES -Dwrfmodel -DGRIB1 -DINTIO -DKEEP_INT_AROUND -DLIMIT_ARGS -DBUILD_RRTMG_FAST=0 -DBUILD_RRTMK=0 -DBUILD_SBM_FAST=1 -DSHOW_ALL_VARS_USED=0 -DCONFIG_BUF_LEN=65536 -DMAX_DOMAINS_F=21 -DMAX_HISTORY=25 -DNMM_NEST=0 -DWRF_CHEM -DBUILD_CHEM=1 -DWRF_KPP -I. -traditional-cpp -DUSE_NETCDF4_FEATURES -DWRFIO_NCD_LARGE_FILE_SUPPORT  c1f2kb.F  > c1f2kb.f90
/lib/cpp -P -nostdinc -I/home/onishi/WRF/external/ioapi_share -DEM_CORE=1 -DNMM_CORE=0 -DNMM_MAX_DIM=2600 -DDA_CORE=0 -DWRFPLUS=0 -DIWORDSIZE=4 -DDWORDSIZE=8 -DRWORDSIZE=4 -DLWORDSIZE=4 -DNONSTANDARD_SYSTEM_FUNC  -DWRF_USE_CLM -DUSE_NETCDF4_FEATURES -DWRFIO_NCD_LARGE_FILE_SUPPORT  -DDM_PARALLEL -DNETCDF -DGRIB2 -DHDF5 -DLANDREAD_STUB=1 -DUSE_ALLOCATABLES -Dwrfmodel -DGRIB1 -DINTIO -DKEEP_INT_AROUND -DLIMIT_ARGS -DBUILD_RRTMG_FAST=0 -DBUILD_RRTMK=0 -DBUILD_SBM_FAST=1 -DSHOW_ALL_VARS_USED=0 -DCONFIG_BUF_LEN=65536 -DMAX_DOMAINS_F=21 -DMAX_HISTORY=25 -DNMM_NEST=0 -DWRF_CHEM -DBUILD_CHEM=1 -DWRF_KPP -I. -traditional-cpp -DUSE_NETCDF4_FEATURES -DWRFIO_NCD_LARGE_FILE_SUPPORT  cfft1b.F  > cfft1b.f90
ifort -c -real-size 32 -i4  -ip -fp-model precise -w -ftz -align all -fno-alias -FR -convert big_endian   c1f2kb.f90
ifort -c -real-size 32 -i4  -ip -fp-model precise -w -ftz -align all -fno-alias -FR -convert big_endian   cfft1b.f90
rm -f -f cfft1b.f90
/lib/cpp -P -nostdinc -I/home/onishi/WRF/external/ioapi_share -DEM_CORE=1 -DNMM_CORE=0 -DNMM_MAX_DIM=2600 -DDA_CORE=0 -DWRFPLUS=0 -DIWORDSIZE=4 -DDWORDSIZE=8 -DRWORDSIZE=4 -DLWORDSIZE=4 -DNONSTANDARD_SYSTEM_FUNC  -DWRF_USE_CLM -DUSE_NETCDF4_FEATURES -DWRFIO_NCD_LARGE_FILE_SUPPORT  -DDM_PARALLEL -DNETCDF -DGRIB2 -DHDF5 -DLANDREAD_STUB=1 -DUSE_ALLOCATABLES -Dwrfmodel -DGRIB1 -DINTIO -DKEEP_INT_AROUND -DLIMIT_ARGS -DBUILD_RRTMG_FAST=0 -DBUILD_RRTMK=0 -DBUILD_SBM_FAST=1 -DSHOW_ALL_VARS_USED=0 -DCONFIG_BUF_LEN=65536 -DMAX_DOMAINS_F=21 -DMAX_HISTORY=25 -DNMM_NEST=0 -DWRF_CHEM -DBUILD_CHEM=1 -DWRF_KPP -I. -traditional-cpp -DUSE_NETCDF4_FEATURES -DWRFIO_NCD_LARGE_FILE_SUPPORT  cmf3kf.F  > cmf3kf.f90
rm -f -f c1f2kb.f90
ifort -c -real-size 32 -i4  -ip -fp-model precise -w -ftz -align all -fno-alias -FR -convert big_endian   cmf3kf.f90
/lib/cpp -P -nostdinc -I/home/onishi/WRF/external/ioapi_share -DEM_CORE=1 -DNMM_CORE=0 -DNMM_MAX_DIM=2600 -DDA_CORE=0 -DWRFPLUS=0 -DIWORDSIZE=4 -DDWORDSIZE=8 -DRWORDSIZE=4 -DLWORDSIZE=4 -DNONSTANDARD_SYSTEM_FUNC  -DWRF_USE_CLM -DUSE_NETCDF4_FEATURES -DWRFIO_NCD_LARGE_FILE_SUPPORT  -DDM_PARALLEL -DNETCDF -DGRIB2 -DHDF5 -DLANDREAD_STUB=1 -DUSE_ALLOCATABLES -Dwrfmodel -DGRIB1 -DINTIO -DKEEP_INT_AROUND -DLIMIT_ARGS -DBUILD_RRTMG_FAST=0 -DBUILD_RRTMK=0 -DBUILD_SBM_FAST=1 -DSHOW_ALL_VARS_USED=0 -DCONFIG_BUF_LEN=65536 -DMAX_DOMAINS_F=21 -DMAX_HISTORY=25 -DNMM_NEST=0 -DWRF_CHEM -DBUILD_CHEM=1 -DWRF_KPP -I. -traditional-cpp -DUSE_NETCDF4_FEATURES -DWRFIO_NCD_LARGE_FILE_SUPPORT  cosqb1.F  > cosqb1.f90
ifort -c -real-size 32 -i4  -ip -fp-model precise -w -ftz -align all -fno-alias -FR -convert big_endian   cosqb1.f90
rm -f -f cosqb1.f90
/lib/cpp -P -nostdinc -I/home/onishi/WRF/external/ioapi_share -DEM_CORE=1 -DNMM_CORE=0 -DNMM_MAX_DIM=2600 -DDA_CORE=0 -DWRFPLUS=0 -DIWORDSIZE=4 -DDWORDSIZE=8 -DRWORDSIZE=4 -DLWORDSIZE=4 -DNONSTANDARD_SYSTEM_FUNC  -DWRF_USE_CLM -DUSE_NETCDF4_FEATURES -DWRFIO_NCD_LARGE_FILE_SUPPORT  -DDM_PARALLEL -DNETCDF -DGRIB2 -DHDF5 -DLANDREAD_STUB=1 -DUSE_ALLOCATABLES -Dwrfmodel -DGRIB1 -DINTIO -DKEEP_INT_AROUND -DLIMIT_ARGS -DBUILD_RRTMG_FAST=0 -DBUILD_RRTMK=0 -DBUILD_SBM_FAST=1 -DSHOW_ALL_VARS_USED=0 -DCONFIG_BUF_LEN=65536 -DMAX_DOMAINS_F=21 -DMAX_HISTORY=25 -DNMM_NEST=0 -DWRF_CHEM -DBUILD_CHEM=1 -DWRF_KPP -I. -traditional-cpp -DUSE_NETCDF4_FEATURES -DWRFIO_NCD_LARGE_FILE_SUPPORT  costmi.F  > costmi.f90
ifort -c -real-size 32 -i4  -ip -fp-model precise -w -ftz -align all -fno-alias -FR -convert big_endian   costmi.f90
rm -f -f cmf3kf.f90
/lib/cpp -P -nostdinc -I/home/onishi/WRF/external/ioapi_share -DEM_CORE=1 -DNMM_CORE=0 -DNMM_MAX_DIM=2600 -DDA_CORE=0 -DWRFPLUS=0 -DIWORDSIZE=4 -DDWORDSIZE=8 -DRWORDSIZE=4 -DLWORDSIZE=4 -DNONSTANDARD_SYSTEM_FUNC  -DWRF_USE_CLM -DUSE_NETCDF4_FEATURES -DWRFIO_NCD_LARGE_FILE_SUPPORT  -DDM_PARALLEL -DNETCDF -DGRIB2 -DHDF5 -DLANDREAD_STUB=1 -DUSE_ALLOCATABLES -Dwrfmodel -DGRIB1 -DINTIO -DKEEP_INT_AROUND -DLIMIT_ARGS -DBUILD_RRTMG_FAST=0 -DBUILD_RRTMK=0 -DBUILD_SBM_FAST=1 -DSHOW_ALL_VARS_USED=0 -DCONFIG_BUF_LEN=65536 -DMAX_DOMAINS_F=21 -DMAX_HISTORY=25 -DNMM_NEST=0 -DWRF_CHEM -DBUILD_CHEM=1 -DWRF_KPP -I. -traditional-cpp -DUSE_NETCDF4_FEATURES -DWRFIO_NCD_LARGE_FILE_SUPPORT  dcosq1f.F  > dcosq1f.f90
ifort -c -real-size 32 -i4  -ip -fp-model precise -w -ftz -align all -fno-alias -FR -convert big_endian   dcosq1f.f90
rm -f -f costmi.f90
/lib/cpp -P -nostdinc -I/home/onishi/WRF/external/ioapi_share -DEM_CORE=1 -DNMM_CORE=0 -DNMM_MAX_DIM=2600 -DDA_CORE=0 -DWRFPLUS=0 -DIWORDSIZE=4 -DDWORDSIZE=8 -DRWORDSIZE=4 -DLWORDSIZE=4 -DNONSTANDARD_SYSTEM_FUNC  -DWRF_USE_CLM -DUSE_NETCDF4_FEATURES -DWRFIO_NCD_LARGE_FILE_SUPPORT  -DDM_PARALLEL -DNETCDF -DGRIB2 -DHDF5 -DLANDREAD_STUB=1 -DUSE_ALLOCATABLES -Dwrfmodel -DGRIB1 -DINTIO -DKEEP_INT_AROUND -DLIMIT_ARGS -DBUILD_RRTMG_FAST=0 -DBUILD_RRTMK=0 -DBUILD_SBM_FAST=1 -DSHOW_ALL_VARS_USED=0 -DCONFIG_BUF_LEN=65536 -DMAX_DOMAINS_F=21 -DMAX_HISTORY=25 -DNMM_NEST=0 -DWRF_CHEM -DBUILD_CHEM=1 -DWRF_KPP -I. -traditional-cpp -DUSE_NETCDF4_FEATURES -DWRFIO_NCD_LARGE_FILE_SUPPORT  dfftb1.F  > dfftb1.f90
ifort -c -real-size 32 -i4  -ip -fp-model precise -w -ftz -align all -fno-alias -FR -convert big_endian   dfftb1.f90
rm -f -f dcosq1f.f90
/lib/cpp -P -nostdinc -I/home/onishi/WRF/external/ioapi_share -DEM_CORE=1 -DNMM_CORE=0 -DNMM_MAX_DIM=2600 -DDA_CORE=0 -DWRFPLUS=0 -DIWORDSIZE=4 -DDWORDSIZE=8 -DRWORDSIZE=4 -DLWORDSIZE=4 -DNONSTANDARD_SYSTEM_FUNC  -DWRF_USE_CLM -DUSE_NETCDF4_FEATURES -DWRFIO_NCD_LARGE_FILE_SUPPORT  -DDM_PARALLEL -DNETCDF -DGRIB2 -DHDF5 -DLANDREAD_STUB=1 -DUSE_ALLOCATABLES -Dwrfmodel -DGRIB1 -DINTIO -DKEEP_INT_AROUND -DLIMIT_ARGS -DBUILD_RRTMG_FAST=0 -DBUILD_RRTMK=0 -DBUILD_SBM_FAST=1 -DSHOW_ALL_VARS_USED=0 -DCONFIG_BUF_LEN=65536 -DMAX_DOMAINS_F=21 -DMAX_HISTORY=25 -DNMM_NEST=0 -DWRF_CHEM -DBUILD_CHEM=1 -DWRF_KPP -I. -traditional-cpp -DUSE_NETCDF4_FEATURES -DWRFIO_NCD_LARGE_FILE_SUPPORT  mradb2.F  > mradb2.f90
ifort -c -real-size 32 -i4  -ip -fp-model precise -w -ftz -align all -fno-alias -FR -convert big_endian   mradb2.f90
rm -f -f dfftb1.f90
/lib/cpp -P -nostdinc -I/home/onishi/WRF/external/ioapi_share -DEM_CORE=1 -DNMM_CORE=0 -DNMM_MAX_DIM=2600 -DDA_CORE=0 -DWRFPLUS=0 -DIWORDSIZE=4 -DDWORDSIZE=8 -DRWORDSIZE=4 -DLWORDSIZE=4 -DNONSTANDARD_SYSTEM_FUNC  -DWRF_USE_CLM -DUSE_NETCDF4_FEATURES -DWRFIO_NCD_LARGE_FILE_SUPPORT  -DDM_PARALLEL -DNETCDF -DGRIB2 -DHDF5 -DLANDREAD_STUB=1 -DUSE_ALLOCATABLES -Dwrfmodel -DGRIB1 -DINTIO -DKEEP_INT_AROUND -DLIMIT_ARGS -DBUILD_RRTMG_FAST=0 -DBUILD_RRTMK=0 -DBUILD_SBM_FAST=1 -DSHOW_ALL_VARS_USED=0 -DCONFIG_BUF_LEN=65536 -DMAX_DOMAINS_F=21 -DMAX_HISTORY=25 -DNMM_NEST=0 -DWRF_CHEM -DBUILD_CHEM=1 -DWRF_KPP -I. -traditional-cpp -DUSE_NETCDF4_FEATURES -DWRFIO_NCD_LARGE_FILE_SUPPORT  mrfti1.F  > mrfti1.f90
ifort -c -real-size 32 -i4  -ip -fp-model precise -w -ftz -align all -fno-alias -FR -convert big_endian   mrfti1.f90
rm -f -f mradb2.f90
/lib/cpp -P -nostdinc -I/home/onishi/WRF/external/ioapi_share -DEM_CORE=1 -DNMM_CORE=0 -DNMM_MAX_DIM=2600 -DDA_CORE=0 -DWRFPLUS=0 -DIWORDSIZE=4 -DDWORDSIZE=8 -DRWORDSIZE=4 -DLWORDSIZE=4 -DNONSTANDARD_SYSTEM_FUNC  -DWRF_USE_CLM -DUSE_NETCDF4_FEATURES -DWRFIO_NCD_LARGE_FILE_SUPPORT  -DDM_PARALLEL -DNETCDF -DGRIB2 -DHDF5 -DLANDREAD_STUB=1 -DUSE_ALLOCATABLES -Dwrfmodel -DGRIB1 -DINTIO -DKEEP_INT_AROUND -DLIMIT_ARGS -DBUILD_RRTMG_FAST=0 -DBUILD_RRTMK=0 -DBUILD_SBM_FAST=1 -DSHOW_ALL_VARS_USED=0 -DCONFIG_BUF_LEN=65536 -DMAX_DOMAINS_F=21 -DMAX_HISTORY=25 -DNMM_NEST=0 -DWRF_CHEM -DBUILD_CHEM=1 -DWRF_KPP -I. -traditional-cpp -DUSE_NETCDF4_FEATURES -DWRFIO_NCD_LARGE_FILE_SUPPORT  r1fgkf.F  > r1fgkf.f90
ifort -c -real-size 32 -i4  -ip -fp-model precise -w -ftz -align all -fno-alias -FR -convert big_endian   r1fgkf.f90
rm -f -f mrfti1.f90
/lib/cpp -P -nostdinc -I/home/onishi/WRF/external/ioapi_share -DEM_CORE=1 -DNMM_CORE=0 -DNMM_MAX_DIM=2600 -DDA_CORE=0 -DWRFPLUS=0 -DIWORDSIZE=4 -DDWORDSIZE=8 -DRWORDSIZE=4 -DLWORDSIZE=4 -DNONSTANDARD_SYSTEM_FUNC  -DWRF_USE_CLM -DUSE_NETCDF4_FEATURES -DWRFIO_NCD_LARGE_FILE_SUPPORT  -DDM_PARALLEL -DNETCDF -DGRIB2 -DHDF5 -DLANDREAD_STUB=1 -DUSE_ALLOCATABLES -Dwrfmodel -DGRIB1 -DINTIO -DKEEP_INT_AROUND -DLIMIT_ARGS -DBUILD_RRTMG_FAST=0 -DBUILD_RRTMK=0 -DBUILD_SBM_FAST=1 -DSHOW_ALL_VARS_USED=0 -DCONFIG_BUF_LEN=65536 -DMAX_DOMAINS_F=21 -DMAX_HISTORY=25 -DNMM_NEST=0 -DWRF_CHEM -DBUILD_CHEM=1 -DWRF_KPP -I. -traditional-cpp -DUSE_NETCDF4_FEATURES -DWRFIO_NCD_LARGE_FILE_SUPPORT  rfft2i.F  > rfft2i.f90
ifort -c -real-size 32 -i4  -ip -fp-model precise -w -ftz -align all -fno-alias -FR -convert big_endian   rfft2i.f90
rm -f -f rfft2i.f90
/lib/cpp -P -nostdinc -I/home/onishi/WRF/external/ioapi_share -DEM_CORE=1 -DNMM_CORE=0 -DNMM_MAX_DIM=2600 -DDA_CORE=0 -DWRFPLUS=0 -DIWORDSIZE=4 -DDWORDSIZE=8 -DRWORDSIZE=4 -DLWORDSIZE=4 -DNONSTANDARD_SYSTEM_FUNC  -DWRF_USE_CLM -DUSE_NETCDF4_FEATURES -DWRFIO_NCD_LARGE_FILE_SUPPORT  -DDM_PARALLEL -DNETCDF -DGRIB2 -DHDF5 -DLANDREAD_STUB=1 -DUSE_ALLOCATABLES -Dwrfmodel -DGRIB1 -DINTIO -DKEEP_INT_AROUND -DLIMIT_ARGS -DBUILD_RRTMG_FAST=0 -DBUILD_RRTMK=0 -DBUILD_SBM_FAST=1 -DSHOW_ALL_VARS_USED=0 -DCONFIG_BUF_LEN=65536 -DMAX_DOMAINS_F=21 -DMAX_HISTORY=25 -DNMM_NEST=0 -DWRF_CHEM -DBUILD_CHEM=1 -DWRF_KPP -I. -traditional-cpp -DUSE_NETCDF4_FEATURES -DWRFIO_NCD_LARGE_FILE_SUPPORT  sinqmi.F  > sinqmi.f90
ifort -c -real-size 32 -i4  -ip -fp-model precise -w -ftz -align all -fno-alias -FR -convert big_endian   sinqmi.f90
rm -f -f sinqmi.f90
/lib/cpp -P -nostdinc -I/home/onishi/WRF/external/ioapi_share -DEM_CORE=1 -DNMM_CORE=0 -DNMM_MAX_DIM=2600 -DDA_CORE=0 -DWRFPLUS=0 -DIWORDSIZE=4 -DDWORDSIZE=8 -DRWORDSIZE=4 -DLWORDSIZE=4 -DNONSTANDARD_SYSTEM_FUNC  -DWRF_USE_CLM -DUSE_NETCDF4_FEATURES -DWRFIO_NCD_LARGE_FILE_SUPPORT  -DDM_PARALLEL -DNETCDF -DGRIB2 -DHDF5 -DLANDREAD_STUB=1 -DUSE_ALLOCATABLES -Dwrfmodel -DGRIB1 -DINTIO -DKEEP_INT_AROUND -DLIMIT_ARGS -DBUILD_RRTMG_FAST=0 -DBUILD_RRTMK=0 -DBUILD_SBM_FAST=1 -DSHOW_ALL_VARS_USED=0 -DCONFIG_BUF_LEN=65536 -DMAX_DOMAINS_F=21 -DMAX_HISTORY=25 -DNMM_NEST=0 -DWRF_CHEM -DBUILD_CHEM=1 -DWRF_KPP -I. -traditional-cpp -DUSE_NETCDF4_FEATURES -DWRFIO_NCD_LARGE_FILE_SUPPORT  z1f2kf.F  > z1f2kf.f90
ifort -c -real-size 32 -i4  -ip -fp-model precise -w -ftz -align all -fno-alias -FR -convert big_endian   z1f2kf.f90
rm -f -f z1f2kf.f90
/lib/cpp -P -nostdinc -I/home/onishi/WRF/external/ioapi_share -DEM_CORE=1 -DNMM_CORE=0 -DNMM_MAX_DIM=2600 -DDA_CORE=0 -DWRFPLUS=0 -DIWORDSIZE=4 -DDWORDSIZE=8 -DRWORDSIZE=4 -DLWORDSIZE=4 -DNONSTANDARD_SYSTEM_FUNC  -DWRF_USE_CLM -DUSE_NETCDF4_FEATURES -DWRFIO_NCD_LARGE_FILE_SUPPORT  -DDM_PARALLEL -DNETCDF -DGRIB2 -DHDF5 -DLANDREAD_STUB=1 -DUSE_ALLOCATABLES -Dwrfmodel -DGRIB1 -DINTIO -DKEEP_INT_AROUND -DLIMIT_ARGS -DBUILD_RRTMG_FAST=0 -DBUILD_RRTMK=0 -DBUILD_SBM_FAST=1 -DSHOW_ALL_VARS_USED=0 -DCONFIG_BUF_LEN=65536 -DMAX_DOMAINS_F=21 -DMAX_HISTORY=25 -DNMM_NEST=0 -DWRF_CHEM -DBUILD_CHEM=1 -DWRF_KPP -I. -traditional-cpp -DUSE_NETCDF4_FEATURES -DWRFIO_NCD_LARGE_FILE_SUPPORT  zfft1f.F  > zfft1f.f90
ifort -c -real-size 32 -i4  -ip -fp-model precise -w -ftz -align all -fno-alias -FR -convert big_endian   zfft1f.f90
rm -f -f r1fgkf.f90
/lib/cpp -P -nostdinc -I/home/onishi/WRF/external/ioapi_share -DEM_CORE=1 -DNMM_CORE=0 -DNMM_MAX_DIM=2600 -DDA_CORE=0 -DWRFPLUS=0 -DIWORDSIZE=4 -DDWORDSIZE=8 -DRWORDSIZE=4 -DLWORDSIZE=4 -DNONSTANDARD_SYSTEM_FUNC  -DWRF_USE_CLM -DUSE_NETCDF4_FEATURES -DWRFIO_NCD_LARGE_FILE_SUPPORT  -DDM_PARALLEL -DNETCDF -DGRIB2 -DHDF5 -DLANDREAD_STUB=1 -DUSE_ALLOCATABLES -Dwrfmodel -DGRIB1 -DINTIO -DKEEP_INT_AROUND -DLIMIT_ARGS -DBUILD_RRTMG_FAST=0 -DBUILD_RRTMK=0 -DBUILD_SBM_FAST=1 -DSHOW_ALL_VARS_USED=0 -DCONFIG_BUF_LEN=65536 -DMAX_DOMAINS_F=21 -DMAX_HISTORY=25 -DNMM_NEST=0 -DWRF_CHEM -DBUILD_CHEM=1 -DWRF_KPP -I. -traditional-cpp -DUSE_NETCDF4_FEATURES -DWRFIO_NCD_LARGE_FILE_SUPPORT  zmf4kb.F  > zmf4kb.f90
ifort -c -real-size 32 -i4  -ip -fp-model precise -w -ftz -align all -fno-alias -FR -convert big_endian   zmf4kb.f90
rm -f -f zfft1f.f90
/lib/cpp -P -nostdinc -I/home/onishi/WRF/external/ioapi_share -DEM_CORE=1 -DNMM_CORE=0 -DNMM_MAX_DIM=2600 -DDA_CORE=0 -DWRFPLUS=0 -DIWORDSIZE=4 -DDWORDSIZE=8 -DRWORDSIZE=4 -DLWORDSIZE=4 -DNONSTANDARD_SYSTEM_FUNC  -DWRF_USE_CLM -DUSE_NETCDF4_FEATURES -DWRFIO_NCD_LARGE_FILE_SUPPORT  -DDM_PARALLEL -DNETCDF -DGRIB2 -DHDF5 -DLANDREAD_STUB=1 -DUSE_ALLOCATABLES -Dwrfmodel -DGRIB1 -DINTIO -DKEEP_INT_AROUND -DLIMIT_ARGS -DBUILD_RRTMG_FAST=0 -DBUILD_RRTMK=0 -DBUILD_SBM_FAST=1 -DSHOW_ALL_VARS_USED=0 -DCONFIG_BUF_LEN=65536 -DMAX_DOMAINS_F=21 -DMAX_HISTORY=25 -DNMM_NEST=0 -DWRF_CHEM -DBUILD_CHEM=1 -DWRF_KPP -I. -traditional-cpp -DUSE_NETCDF4_FEATURES -DWRFIO_NCD_LARGE_FILE_SUPPORT  c1f2kf.F  > c1f2kf.f90
ifort -c -real-size 32 -i4  -ip -fp-model precise -w -ftz -align all -fno-alias -FR -convert big_endian   c1f2kf.f90
rm -f -f c1f2kf.f90
/lib/cpp -P -nostdinc -I/home/onishi/WRF/external/ioapi_share -DEM_CORE=1 -DNMM_CORE=0 -DNMM_MAX_DIM=2600 -DDA_CORE=0 -DWRFPLUS=0 -DIWORDSIZE=4 -DDWORDSIZE=8 -DRWORDSIZE=4 -DLWORDSIZE=4 -DNONSTANDARD_SYSTEM_FUNC  -DWRF_USE_CLM -DUSE_NETCDF4_FEATURES -DWRFIO_NCD_LARGE_FILE_SUPPORT  -DDM_PARALLEL -DNETCDF -DGRIB2 -DHDF5 -DLANDREAD_STUB=1 -DUSE_ALLOCATABLES -Dwrfmodel -DGRIB1 -DINTIO -DKEEP_INT_AROUND -DLIMIT_ARGS -DBUILD_RRTMG_FAST=0 -DBUILD_RRTMK=0 -DBUILD_SBM_FAST=1 -DSHOW_ALL_VARS_USED=0 -DCONFIG_BUF_LEN=65536 -DMAX_DOMAINS_F=21 -DMAX_HISTORY=25 -DNMM_NEST=0 -DWRF_CHEM -DBUILD_CHEM=1 -DWRF_KPP -I. -traditional-cpp -DUSE_NETCDF4_FEATURES -DWRFIO_NCD_LARGE_FILE_SUPPORT  cfft1f.F  > cfft1f.f90
rm -f -f zmf4kb.f90
/lib/cpp -P -nostdinc -I/home/onishi/WRF/external/ioapi_share -DEM_CORE=1 -DNMM_CORE=0 -DNMM_MAX_DIM=2600 -DDA_CORE=0 -DWRFPLUS=0 -DIWORDSIZE=4 -DDWORDSIZE=8 -DRWORDSIZE=4 -DLWORDSIZE=4 -DNONSTANDARD_SYSTEM_FUNC  -DWRF_USE_CLM -DUSE_NETCDF4_FEATURES -DWRFIO_NCD_LARGE_FILE_SUPPORT  -DDM_PARALLEL -DNETCDF -DGRIB2 -DHDF5 -DLANDREAD_STUB=1 -DUSE_ALLOCATABLES -Dwrfmodel -DGRIB1 -DINTIO -DKEEP_INT_AROUND -DLIMIT_ARGS -DBUILD_RRTMG_FAST=0 -DBUILD_RRTMK=0 -DBUILD_SBM_FAST=1 -DSHOW_ALL_VARS_USED=0 -DCONFIG_BUF_LEN=65536 -DMAX_DOMAINS_F=21 -DMAX_HISTORY=25 -DNMM_NEST=0 -DWRF_CHEM -DBUILD_CHEM=1 -DWRF_KPP -I. -traditional-cpp -DUSE_NETCDF4_FEATURES -DWRFIO_NCD_LARGE_FILE_SUPPORT  cmf4kb.F  > cmf4kb.f90
ifort -c -real-size 32 -i4  -ip -fp-model precise -w -ftz -align all -fno-alias -FR -convert big_endian   cfft1f.f90
ifort -c -real-size 32 -i4  -ip -fp-model precise -w -ftz -align all -fno-alias -FR -convert big_endian   cmf4kb.f90
rm -f -f cfft1f.f90
/lib/cpp -P -nostdinc -I/home/onishi/WRF/external/ioapi_share -DEM_CORE=1 -DNMM_CORE=0 -DNMM_MAX_DIM=2600 -DDA_CORE=0 -DWRFPLUS=0 -DIWORDSIZE=4 -DDWORDSIZE=8 -DRWORDSIZE=4 -DLWORDSIZE=4 -DNONSTANDARD_SYSTEM_FUNC  -DWRF_USE_CLM -DUSE_NETCDF4_FEATURES -DWRFIO_NCD_LARGE_FILE_SUPPORT  -DDM_PARALLEL -DNETCDF -DGRIB2 -DHDF5 -DLANDREAD_STUB=1 -DUSE_ALLOCATABLES -Dwrfmodel -DGRIB1 -DINTIO -DKEEP_INT_AROUND -DLIMIT_ARGS -DBUILD_RRTMG_FAST=0 -DBUILD_RRTMK=0 -DBUILD_SBM_FAST=1 -DSHOW_ALL_VARS_USED=0 -DCONFIG_BUF_LEN=65536 -DMAX_DOMAINS_F=21 -DMAX_HISTORY=25 -DNMM_NEST=0 -DWRF_CHEM -DBUILD_CHEM=1 -DWRF_KPP -I. -traditional-cpp -DUSE_NETCDF4_FEATURES -DWRFIO_NCD_LARGE_FILE_SUPPORT  cosqf1.F  > cosqf1.f90
ifort -c -real-size 32 -i4  -ip -fp-model precise -w -ftz -align all -fno-alias -FR -convert big_endian   cosqf1.f90
rm -f -f cmf4kb.f90
/lib/cpp -P -nostdinc -I/home/onishi/WRF/external/ioapi_share -DEM_CORE=1 -DNMM_CORE=0 -DNMM_MAX_DIM=2600 -DDA_CORE=0 -DWRFPLUS=0 -DIWORDSIZE=4 -DDWORDSIZE=8 -DRWORDSIZE=4 -DLWORDSIZE=4 -DNONSTANDARD_SYSTEM_FUNC  -DWRF_USE_CLM -DUSE_NETCDF4_FEATURES -DWRFIO_NCD_LARGE_FILE_SUPPORT  -DDM_PARALLEL -DNETCDF -DGRIB2 -DHDF5 -DLANDREAD_STUB=1 -DUSE_ALLOCATABLES -Dwrfmodel -DGRIB1 -DINTIO -DKEEP_INT_AROUND -DLIMIT_ARGS -DBUILD_RRTMG_FAST=0 -DBUILD_RRTMK=0 -DBUILD_SBM_FAST=1 -DSHOW_ALL_VARS_USED=0 -DCONFIG_BUF_LEN=65536 -DMAX_DOMAINS_F=21 -DMAX_HISTORY=25 -DNMM_NEST=0 -DWRF_CHEM -DBUILD_CHEM=1 -DWRF_KPP -I. -traditional-cpp -DUSE_NETCDF4_FEATURES -DWRFIO_NCD_LARGE_FILE_SUPPORT  d1f2kb.F  > d1f2kb.f90
rm -f -f cosqf1.f90
/lib/cpp -P -nostdinc -I/home/onishi/WRF/external/ioapi_share -DEM_CORE=1 -DNMM_CORE=0 -DNMM_MAX_DIM=2600 -DDA_CORE=0 -DWRFPLUS=0 -DIWORDSIZE=4 -DDWORDSIZE=8 -DRWORDSIZE=4 -DLWORDSIZE=4 -DNONSTANDARD_SYSTEM_FUNC  -DWRF_USE_CLM -DUSE_NETCDF4_FEATURES -DWRFIO_NCD_LARGE_FILE_SUPPORT  -DDM_PARALLEL -DNETCDF -DGRIB2 -DHDF5 -DLANDREAD_STUB=1 -DUSE_ALLOCATABLES -Dwrfmodel -DGRIB1 -DINTIO -DKEEP_INT_AROUND -DLIMIT_ARGS -DBUILD_RRTMG_FAST=0 -DBUILD_RRTMK=0 -DBUILD_SBM_FAST=1 -DSHOW_ALL_VARS_USED=0 -DCONFIG_BUF_LEN=65536 -DMAX_DOMAINS_F=21 -DMAX_HISTORY=25 -DNMM_NEST=0 -DWRF_CHEM -DBUILD_CHEM=1 -DWRF_KPP -I. -traditional-cpp -DUSE_NETCDF4_FEATURES -DWRFIO_NCD_LARGE_FILE_SUPPORT  dcosq1i.F  > dcosq1i.f90
ifort -c -real-size 32 -i4  -ip -fp-model precise -w -ftz -align all -fno-alias -FR -convert big_endian   d1f2kb.f90
ifort -c -real-size 32 -i4  -ip -fp-model precise -w -ftz -align all -fno-alias -FR -convert big_endian   dcosq1i.f90
rm -f -f dcosq1i.f90
/lib/cpp -P -nostdinc -I/home/onishi/WRF/external/ioapi_share -DEM_CORE=1 -DNMM_CORE=0 -DNMM_MAX_DIM=2600 -DDA_CORE=0 -DWRFPLUS=0 -DIWORDSIZE=4 -DDWORDSIZE=8 -DRWORDSIZE=4 -DLWORDSIZE=4 -DNONSTANDARD_SYSTEM_FUNC  -DWRF_USE_CLM -DUSE_NETCDF4_FEATURES -DWRFIO_NCD_LARGE_FILE_SUPPORT  -DDM_PARALLEL -DNETCDF -DGRIB2 -DHDF5 -DLANDREAD_STUB=1 -DUSE_ALLOCATABLES -Dwrfmodel -DGRIB1 -DINTIO -DKEEP_INT_AROUND -DLIMIT_ARGS -DBUILD_RRTMG_FAST=0 -DBUILD_RRTMK=0 -DBUILD_SBM_FAST=1 -DSHOW_ALL_VARS_USED=0 -DCONFIG_BUF_LEN=65536 -DMAX_DOMAINS_F=21 -DMAX_HISTORY=25 -DNMM_NEST=0 -DWRF_CHEM -DBUILD_CHEM=1 -DWRF_KPP -I. -traditional-cpp -DUSE_NETCDF4_FEATURES -DWRFIO_NCD_LARGE_FILE_SUPPORT  dfftf1.F  > dfftf1.f90
ifort -c -real-size 32 -i4  -ip -fp-model precise -w -ftz -align all -fno-alias -FR -convert big_endian   dfftf1.f90
rm -f -f d1f2kb.f90
/lib/cpp -P -nostdinc -I/home/onishi/WRF/external/ioapi_share -DEM_CORE=1 -DNMM_CORE=0 -DNMM_MAX_DIM=2600 -DDA_CORE=0 -DWRFPLUS=0 -DIWORDSIZE=4 -DDWORDSIZE=8 -DRWORDSIZE=4 -DLWORDSIZE=4 -DNONSTANDARD_SYSTEM_FUNC  -DWRF_USE_CLM -DUSE_NETCDF4_FEATURES -DWRFIO_NCD_LARGE_FILE_SUPPORT  -DDM_PARALLEL -DNETCDF -DGRIB2 -DHDF5 -DLANDREAD_STUB=1 -DUSE_ALLOCATABLES -Dwrfmodel -DGRIB1 -DINTIO -DKEEP_INT_AROUND -DLIMIT_ARGS -DBUILD_RRTMG_FAST=0 -DBUILD_RRTMK=0 -DBUILD_SBM_FAST=1 -DSHOW_ALL_VARS_USED=0 -DCONFIG_BUF_LEN=65536 -DMAX_DOMAINS_F=21 -DMAX_HISTORY=25 -DNMM_NEST=0 -DWRF_CHEM -DBUILD_CHEM=1 -DWRF_KPP -I. -traditional-cpp -DUSE_NETCDF4_FEATURES -DWRFIO_NCD_LARGE_FILE_SUPPORT  mradb3.F  > mradb3.f90
ifort -c -real-size 32 -i4  -ip -fp-model precise -w -ftz -align all -fno-alias -FR -convert big_endian   mradb3.f90
rm -f -f dfftf1.f90
/lib/cpp -P -nostdinc -I/home/onishi/WRF/external/ioapi_share -DEM_CORE=1 -DNMM_CORE=0 -DNMM_MAX_DIM=2600 -DDA_CORE=0 -DWRFPLUS=0 -DIWORDSIZE=4 -DDWORDSIZE=8 -DRWORDSIZE=4 -DLWORDSIZE=4 -DNONSTANDARD_SYSTEM_FUNC  -DWRF_USE_CLM -DUSE_NETCDF4_FEATURES -DWRFIO_NCD_LARGE_FILE_SUPPORT  -DDM_PARALLEL -DNETCDF -DGRIB2 -DHDF5 -DLANDREAD_STUB=1 -DUSE_ALLOCATABLES -Dwrfmodel -DGRIB1 -DINTIO -DKEEP_INT_AROUND -DLIMIT_ARGS -DBUILD_RRTMG_FAST=0 -DBUILD_RRTMK=0 -DBUILD_SBM_FAST=1 -DSHOW_ALL_VARS_USED=0 -DCONFIG_BUF_LEN=65536 -DMAX_DOMAINS_F=21 -DMAX_HISTORY=25 -DNMM_NEST=0 -DWRF_CHEM -DBUILD_CHEM=1 -DWRF_KPP -I. -traditional-cpp -DUSE_NETCDF4_FEATURES -DWRFIO_NCD_LARGE_FILE_SUPPORT  msntb1.F  > msntb1.f90
ifort -c -real-size 32 -i4  -ip -fp-model precise -w -ftz -align all -fno-alias -FR -convert big_endian   msntb1.f90
rm -f -f mradb3.f90
/lib/cpp -P -nostdinc -I/home/onishi/WRF/external/ioapi_share -DEM_CORE=1 -DNMM_CORE=0 -DNMM_MAX_DIM=2600 -DDA_CORE=0 -DWRFPLUS=0 -DIWORDSIZE=4 -DDWORDSIZE=8 -DRWORDSIZE=4 -DLWORDSIZE=4 -DNONSTANDARD_SYSTEM_FUNC  -DWRF_USE_CLM -DUSE_NETCDF4_FEATURES -DWRFIO_NCD_LARGE_FILE_SUPPORT  -DDM_PARALLEL -DNETCDF -DGRIB2 -DHDF5 -DLANDREAD_STUB=1 -DUSE_ALLOCATABLES -Dwrfmodel -DGRIB1 -DINTIO -DKEEP_INT_AROUND -DLIMIT_ARGS -DBUILD_RRTMG_FAST=0 -DBUILD_RRTMK=0 -DBUILD_SBM_FAST=1 -DSHOW_ALL_VARS_USED=0 -DCONFIG_BUF_LEN=65536 -DMAX_DOMAINS_F=21 -DMAX_HISTORY=25 -DNMM_NEST=0 -DWRF_CHEM -DBUILD_CHEM=1 -DWRF_KPP -I. -traditional-cpp -DUSE_NETCDF4_FEATURES -DWRFIO_NCD_LARGE_FILE_SUPPORT  r4_factor.F  > r4_factor.f90
ifort -c -real-size 32 -i4  -ip -fp-model precise -w -ftz -align all -fno-alias -FR -convert big_endian   r4_factor.f90
rm -f -f msntb1.f90
/lib/cpp -P -nostdinc -I/home/onishi/WRF/external/ioapi_share -DEM_CORE=1 -DNMM_CORE=0 -DNMM_MAX_DIM=2600 -DDA_CORE=0 -DWRFPLUS=0 -DIWORDSIZE=4 -DDWORDSIZE=8 -DRWORDSIZE=4 -DLWORDSIZE=4 -DNONSTANDARD_SYSTEM_FUNC  -DWRF_USE_CLM -DUSE_NETCDF4_FEATURES -DWRFIO_NCD_LARGE_FILE_SUPPORT  -DDM_PARALLEL -DNETCDF -DGRIB2 -DHDF5 -DLANDREAD_STUB=1 -DUSE_ALLOCATABLES -Dwrfmodel -DGRIB1 -DINTIO -DKEEP_INT_AROUND -DLIMIT_ARGS -DBUILD_RRTMG_FAST=0 -DBUILD_RRTMK=0 -DBUILD_SBM_FAST=1 -DSHOW_ALL_VARS_USED=0 -DCONFIG_BUF_LEN=65536 -DMAX_DOMAINS_F=21 -DMAX_HISTORY=25 -DNMM_NEST=0 -DWRF_CHEM -DBUILD_CHEM=1 -DWRF_KPP -I. -traditional-cpp -DUSE_NETCDF4_FEATURES -DWRFIO_NCD_LARGE_FILE_SUPPORT  rfftb1.F  > rfftb1.f90
ifort -c -real-size 32 -i4  -ip -fp-model precise -w -ftz -align all -fno-alias -FR -convert big_endian   rfftb1.f90
rm -f -f r4_factor.f90
/lib/cpp -P -nostdinc -I/home/onishi/WRF/external/ioapi_share -DEM_CORE=1 -DNMM_CORE=0 -DNMM_MAX_DIM=2600 -DDA_CORE=0 -DWRFPLUS=0 -DIWORDSIZE=4 -DDWORDSIZE=8 -DRWORDSIZE=4 -DLWORDSIZE=4 -DNONSTANDARD_SYSTEM_FUNC  -DWRF_USE_CLM -DUSE_NETCDF4_FEATURES -DWRFIO_NCD_LARGE_FILE_SUPPORT  -DDM_PARALLEL -DNETCDF -DGRIB2 -DHDF5 -DLANDREAD_STUB=1 -DUSE_ALLOCATABLES -Dwrfmodel -DGRIB1 -DINTIO -DKEEP_INT_AROUND -DLIMIT_ARGS -DBUILD_RRTMG_FAST=0 -DBUILD_RRTMK=0 -DBUILD_SBM_FAST=1 -DSHOW_ALL_VARS_USED=0 -DCONFIG_BUF_LEN=65536 -DMAX_DOMAINS_F=21 -DMAX_HISTORY=25 -DNMM_NEST=0 -DWRF_CHEM -DBUILD_CHEM=1 -DWRF_KPP -I. -traditional-cpp -DUSE_NETCDF4_FEATURES -DWRFIO_NCD_LARGE_FILE_SUPPORT  sint1b.F  > sint1b.f90
ifort -c -real-size 32 -i4  -ip -fp-model precise -w -ftz -align all -fno-alias -FR -convert big_endian   sint1b.f90
rm -f -f rfftb1.f90
/lib/cpp -P -nostdinc -I/home/onishi/WRF/external/ioapi_share -DEM_CORE=1 -DNMM_CORE=0 -DNMM_MAX_DIM=2600 -DDA_CORE=0 -DWRFPLUS=0 -DIWORDSIZE=4 -DDWORDSIZE=8 -DRWORDSIZE=4 -DLWORDSIZE=4 -DNONSTANDARD_SYSTEM_FUNC  -DWRF_USE_CLM -DUSE_NETCDF4_FEATURES -DWRFIO_NCD_LARGE_FILE_SUPPORT  -DDM_PARALLEL -DNETCDF -DGRIB2 -DHDF5 -DLANDREAD_STUB=1 -DUSE_ALLOCATABLES -Dwrfmodel -DGRIB1 -DINTIO -DKEEP_INT_AROUND -DLIMIT_ARGS -DBUILD_RRTMG_FAST=0 -DBUILD_RRTMK=0 -DBUILD_SBM_FAST=1 -DSHOW_ALL_VARS_USED=0 -DCONFIG_BUF_LEN=65536 -DMAX_DOMAINS_F=21 -DMAX_HISTORY=25 -DNMM_NEST=0 -DWRF_CHEM -DBUILD_CHEM=1 -DWRF_KPP -I. -traditional-cpp -DUSE_NETCDF4_FEATURES -DWRFIO_NCD_LARGE_FILE_SUPPORT  z1f3kb.F  > z1f3kb.f90
rm -f -f sint1b.f90
/lib/cpp -P -nostdinc -I/home/onishi/WRF/external/ioapi_share -DEM_CORE=1 -DNMM_CORE=0 -DNMM_MAX_DIM=2600 -DDA_CORE=0 -DWRFPLUS=0 -DIWORDSIZE=4 -DDWORDSIZE=8 -DRWORDSIZE=4 -DLWORDSIZE=4 -DNONSTANDARD_SYSTEM_FUNC  -DWRF_USE_CLM -DUSE_NETCDF4_FEATURES -DWRFIO_NCD_LARGE_FILE_SUPPORT  -DDM_PARALLEL -DNETCDF -DGRIB2 -DHDF5 -DLANDREAD_STUB=1 -DUSE_ALLOCATABLES -Dwrfmodel -DGRIB1 -DINTIO -DKEEP_INT_AROUND -DLIMIT_ARGS -DBUILD_RRTMG_FAST=0 -DBUILD_RRTMK=0 -DBUILD_SBM_FAST=1 -DSHOW_ALL_VARS_USED=0 -DCONFIG_BUF_LEN=65536 -DMAX_DOMAINS_F=21 -DMAX_HISTORY=25 -DNMM_NEST=0 -DWRF_CHEM -DBUILD_CHEM=1 -DWRF_KPP -I. -traditional-cpp -DUSE_NETCDF4_FEATURES -DWRFIO_NCD_LARGE_FILE_SUPPORT  zfft1i.F  > zfft1i.f90
ifort -c -real-size 32 -i4  -ip -fp-model precise -w -ftz -align all -fno-alias -FR -convert big_endian   z1f3kb.f90
ifort -c -real-size 32 -i4  -ip -fp-model precise -w -ftz -align all -fno-alias -FR -convert big_endian   zfft1i.f90
rm -f -f zfft1i.f90
/lib/cpp -P -nostdinc -I/home/onishi/WRF/external/ioapi_share -DEM_CORE=1 -DNMM_CORE=0 -DNMM_MAX_DIM=2600 -DDA_CORE=0 -DWRFPLUS=0 -DIWORDSIZE=4 -DDWORDSIZE=8 -DRWORDSIZE=4 -DLWORDSIZE=4 -DNONSTANDARD_SYSTEM_FUNC  -DWRF_USE_CLM -DUSE_NETCDF4_FEATURES -DWRFIO_NCD_LARGE_FILE_SUPPORT  -DDM_PARALLEL -DNETCDF -DGRIB2 -DHDF5 -DLANDREAD_STUB=1 -DUSE_ALLOCATABLES -Dwrfmodel -DGRIB1 -DINTIO -DKEEP_INT_AROUND -DLIMIT_ARGS -DBUILD_RRTMG_FAST=0 -DBUILD_RRTMK=0 -DBUILD_SBM_FAST=1 -DSHOW_ALL_VARS_USED=0 -DCONFIG_BUF_LEN=65536 -DMAX_DOMAINS_F=21 -DMAX_HISTORY=25 -DNMM_NEST=0 -DWRF_CHEM -DBUILD_CHEM=1 -DWRF_KPP -I. -traditional-cpp -DUSE_NETCDF4_FEATURES -DWRFIO_NCD_LARGE_FILE_SUPPORT  zmf4kf.F  > zmf4kf.f90
ifort -c -real-size 32 -i4  -ip -fp-model precise -w -ftz -align all -fno-alias -FR -convert big_endian   zmf4kf.f90
rm -f -f z1f3kb.f90
/lib/cpp -P -nostdinc -I/home/onishi/WRF/external/ioapi_share -DEM_CORE=1 -DNMM_CORE=0 -DNMM_MAX_DIM=2600 -DDA_CORE=0 -DWRFPLUS=0 -DIWORDSIZE=4 -DDWORDSIZE=8 -DRWORDSIZE=4 -DLWORDSIZE=4 -DNONSTANDARD_SYSTEM_FUNC  -DWRF_USE_CLM -DUSE_NETCDF4_FEATURES -DWRFIO_NCD_LARGE_FILE_SUPPORT  -DDM_PARALLEL -DNETCDF -DGRIB2 -DHDF5 -DLANDREAD_STUB=1 -DUSE_ALLOCATABLES -Dwrfmodel -DGRIB1 -DINTIO -DKEEP_INT_AROUND -DLIMIT_ARGS -DBUILD_RRTMG_FAST=0 -DBUILD_RRTMK=0 -DBUILD_SBM_FAST=1 -DSHOW_ALL_VARS_USED=0 -DCONFIG_BUF_LEN=65536 -DMAX_DOMAINS_F=21 -DMAX_HISTORY=25 -DNMM_NEST=0 -DWRF_CHEM -DBUILD_CHEM=1 -DWRF_KPP -I. -traditional-cpp -DUSE_NETCDF4_FEATURES -DWRFIO_NCD_LARGE_FILE_SUPPORT  c1f3kb.F  > c1f3kb.f90
ifort -c -real-size 32 -i4  -ip -fp-model precise -w -ftz -align all -fno-alias -FR -convert big_endian   c1f3kb.f90
rm -f -f zmf4kf.f90
/lib/cpp -P -nostdinc -I/home/onishi/WRF/external/ioapi_share -DEM_CORE=1 -DNMM_CORE=0 -DNMM_MAX_DIM=2600 -DDA_CORE=0 -DWRFPLUS=0 -DIWORDSIZE=4 -DDWORDSIZE=8 -DRWORDSIZE=4 -DLWORDSIZE=4 -DNONSTANDARD_SYSTEM_FUNC  -DWRF_USE_CLM -DUSE_NETCDF4_FEATURES -DWRFIO_NCD_LARGE_FILE_SUPPORT  -DDM_PARALLEL -DNETCDF -DGRIB2 -DHDF5 -DLANDREAD_STUB=1 -DUSE_ALLOCATABLES -Dwrfmodel -DGRIB1 -DINTIO -DKEEP_INT_AROUND -DLIMIT_ARGS -DBUILD_RRTMG_FAST=0 -DBUILD_RRTMK=0 -DBUILD_SBM_FAST=1 -DSHOW_ALL_VARS_USED=0 -DCONFIG_BUF_LEN=65536 -DMAX_DOMAINS_F=21 -DMAX_HISTORY=25 -DNMM_NEST=0 -DWRF_CHEM -DBUILD_CHEM=1 -DWRF_KPP -I. -traditional-cpp -DUSE_NETCDF4_FEATURES -DWRFIO_NCD_LARGE_FILE_SUPPORT  cfft1i.F  > cfft1i.f90
ifort -c -real-size 32 -i4  -ip -fp-model precise -w -ftz -align all -fno-alias -FR -convert big_endian   cfft1i.f90
rm -f -f c1f3kb.f90
/lib/cpp -P -nostdinc -I/home/onishi/WRF/external/ioapi_share -DEM_CORE=1 -DNMM_CORE=0 -DNMM_MAX_DIM=2600 -DDA_CORE=0 -DWRFPLUS=0 -DIWORDSIZE=4 -DDWORDSIZE=8 -DRWORDSIZE=4 -DLWORDSIZE=4 -DNONSTANDARD_SYSTEM_FUNC  -DWRF_USE_CLM -DUSE_NETCDF4_FEATURES -DWRFIO_NCD_LARGE_FILE_SUPPORT  -DDM_PARALLEL -DNETCDF -DGRIB2 -DHDF5 -DLANDREAD_STUB=1 -DUSE_ALLOCATABLES -Dwrfmodel -DGRIB1 -DINTIO -DKEEP_INT_AROUND -DLIMIT_ARGS -DBUILD_RRTMG_FAST=0 -DBUILD_RRTMK=0 -DBUILD_SBM_FAST=1 -DSHOW_ALL_VARS_USED=0 -DCONFIG_BUF_LEN=65536 -DMAX_DOMAINS_F=21 -DMAX_HISTORY=25 -DNMM_NEST=0 -DWRF_CHEM -DBUILD_CHEM=1 -DWRF_KPP -I. -traditional-cpp -DUSE_NETCDF4_FEATURES -DWRFIO_NCD_LARGE_FILE_SUPPORT  cmf4kf.F  > cmf4kf.f90
ifort -c -real-size 32 -i4  -ip -fp-model precise -w -ftz -align all -fno-alias -FR -convert big_endian   cmf4kf.f90
rm -f -f cfft1i.f90
/lib/cpp -P -nostdinc -I/home/onishi/WRF/external/ioapi_share -DEM_CORE=1 -DNMM_CORE=0 -DNMM_MAX_DIM=2600 -DDA_CORE=0 -DWRFPLUS=0 -DIWORDSIZE=4 -DDWORDSIZE=8 -DRWORDSIZE=4 -DLWORDSIZE=4 -DNONSTANDARD_SYSTEM_FUNC  -DWRF_USE_CLM -DUSE_NETCDF4_FEATURES -DWRFIO_NCD_LARGE_FILE_SUPPORT  -DDM_PARALLEL -DNETCDF -DGRIB2 -DHDF5 -DLANDREAD_STUB=1 -DUSE_ALLOCATABLES -Dwrfmodel -DGRIB1 -DINTIO -DKEEP_INT_AROUND -DLIMIT_ARGS -DBUILD_RRTMG_FAST=0 -DBUILD_RRTMK=0 -DBUILD_SBM_FAST=1 -DSHOW_ALL_VARS_USED=0 -DCONFIG_BUF_LEN=65536 -DMAX_DOMAINS_F=21 -DMAX_HISTORY=25 -DNMM_NEST=0 -DWRF_CHEM -DBUILD_CHEM=1 -DWRF_KPP -I. -traditional-cpp -DUSE_NETCDF4_FEATURES -DWRFIO_NCD_LARGE_FILE_SUPPORT  cosqmb.F  > cosqmb.f90
ifort -c -real-size 32 -i4  -ip -fp-model precise -w -ftz -align all -fno-alias -FR -convert big_endian   cosqmb.f90
rm -f -f cosqmb.f90
/lib/cpp -P -nostdinc -I/home/onishi/WRF/external/ioapi_share -DEM_CORE=1 -DNMM_CORE=0 -DNMM_MAX_DIM=2600 -DDA_CORE=0 -DWRFPLUS=0 -DIWORDSIZE=4 -DDWORDSIZE=8 -DRWORDSIZE=4 -DLWORDSIZE=4 -DNONSTANDARD_SYSTEM_FUNC  -DWRF_USE_CLM -DUSE_NETCDF4_FEATURES -DWRFIO_NCD_LARGE_FILE_SUPPORT  -DDM_PARALLEL -DNETCDF -DGRIB2 -DHDF5 -DLANDREAD_STUB=1 -DUSE_ALLOCATABLES -Dwrfmodel -DGRIB1 -DINTIO -DKEEP_INT_AROUND -DLIMIT_ARGS -DBUILD_RRTMG_FAST=0 -DBUILD_RRTMK=0 -DBUILD_SBM_FAST=1 -DSHOW_ALL_VARS_USED=0 -DCONFIG_BUF_LEN=65536 -DMAX_DOMAINS_F=21 -DMAX_HISTORY=25 -DNMM_NEST=0 -DWRF_CHEM -DBUILD_CHEM=1 -DWRF_KPP -I. -traditional-cpp -DUSE_NETCDF4_FEATURES -DWRFIO_NCD_LARGE_FILE_SUPPORT  d1f2kf.F  > d1f2kf.f90
ifort -c -real-size 32 -i4  -ip -fp-model precise -w -ftz -align all -fno-alias -FR -convert big_endian   d1f2kf.f90
rm -f -f cmf4kf.f90
/lib/cpp -P -nostdinc -I/home/onishi/WRF/external/ioapi_share -DEM_CORE=1 -DNMM_CORE=0 -DNMM_MAX_DIM=2600 -DDA_CORE=0 -DWRFPLUS=0 -DIWORDSIZE=4 -DDWORDSIZE=8 -DRWORDSIZE=4 -DLWORDSIZE=4 -DNONSTANDARD_SYSTEM_FUNC  -DWRF_USE_CLM -DUSE_NETCDF4_FEATURES -DWRFIO_NCD_LARGE_FILE_SUPPORT  -DDM_PARALLEL -DNETCDF -DGRIB2 -DHDF5 -DLANDREAD_STUB=1 -DUSE_ALLOCATABLES -Dwrfmodel -DGRIB1 -DINTIO -DKEEP_INT_AROUND -DLIMIT_ARGS -DBUILD_RRTMG_FAST=0 -DBUILD_RRTMK=0 -DBUILD_SBM_FAST=1 -DSHOW_ALL_VARS_USED=0 -DCONFIG_BUF_LEN=65536 -DMAX_DOMAINS_F=21 -DMAX_HISTORY=25 -DNMM_NEST=0 -DWRF_CHEM -DBUILD_CHEM=1 -DWRF_KPP -I. -traditional-cpp -DUSE_NETCDF4_FEATURES -DWRFIO_NCD_LARGE_FILE_SUPPORT  dcosqb1.F  > dcosqb1.f90
ifort -c -real-size 32 -i4  -ip -fp-model precise -w -ftz -align all -fno-alias -FR -convert big_endian   dcosqb1.f90
rm -f -f d1f2kf.f90
/lib/cpp -P -nostdinc -I/home/onishi/WRF/external/ioapi_share -DEM_CORE=1 -DNMM_CORE=0 -DNMM_MAX_DIM=2600 -DDA_CORE=0 -DWRFPLUS=0 -DIWORDSIZE=4 -DDWORDSIZE=8 -DRWORDSIZE=4 -DLWORDSIZE=4 -DNONSTANDARD_SYSTEM_FUNC  -DWRF_USE_CLM -DUSE_NETCDF4_FEATURES -DWRFIO_NCD_LARGE_FILE_SUPPORT  -DDM_PARALLEL -DNETCDF -DGRIB2 -DHDF5 -DLANDREAD_STUB=1 -DUSE_ALLOCATABLES -Dwrfmodel -DGRIB1 -DINTIO -DKEEP_INT_AROUND -DLIMIT_ARGS -DBUILD_RRTMG_FAST=0 -DBUILD_RRTMK=0 -DBUILD_SBM_FAST=1 -DSHOW_ALL_VARS_USED=0 -DCONFIG_BUF_LEN=65536 -DMAX_DOMAINS_F=21 -DMAX_HISTORY=25 -DNMM_NEST=0 -DWRF_CHEM -DBUILD_CHEM=1 -DWRF_KPP -I. -traditional-cpp -DUSE_NETCDF4_FEATURES -DWRFIO_NCD_LARGE_FILE_SUPPORT  dffti1.F  > dffti1.f90
rm -f -f dcosqb1.f90
/lib/cpp -P -nostdinc -I/home/onishi/WRF/external/ioapi_share -DEM_CORE=1 -DNMM_CORE=0 -DNMM_MAX_DIM=2600 -DDA_CORE=0 -DWRFPLUS=0 -DIWORDSIZE=4 -DDWORDSIZE=8 -DRWORDSIZE=4 -DLWORDSIZE=4 -DNONSTANDARD_SYSTEM_FUNC  -DWRF_USE_CLM -DUSE_NETCDF4_FEATURES -DWRFIO_NCD_LARGE_FILE_SUPPORT  -DDM_PARALLEL -DNETCDF -DGRIB2 -DHDF5 -DLANDREAD_STUB=1 -DUSE_ALLOCATABLES -Dwrfmodel -DGRIB1 -DINTIO -DKEEP_INT_AROUND -DLIMIT_ARGS -DBUILD_RRTMG_FAST=0 -DBUILD_RRTMK=0 -DBUILD_SBM_FAST=1 -DSHOW_ALL_VARS_USED=0 -DCONFIG_BUF_LEN=65536 -DMAX_DOMAINS_F=21 -DMAX_HISTORY=25 -DNMM_NEST=0 -DWRF_CHEM -DBUILD_CHEM=1 -DWRF_KPP -I. -traditional-cpp -DUSE_NETCDF4_FEATURES -DWRFIO_NCD_LARGE_FILE_SUPPORT  mradb4.F  > mradb4.f90
ifort -c -real-size 32 -i4  -ip -fp-model precise -w -ftz -align all -fno-alias -FR -convert big_endian   dffti1.f90
ifort -c -real-size 32 -i4  -ip -fp-model precise -w -ftz -align all -fno-alias -FR -convert big_endian   mradb4.f90
rm -f -f dffti1.f90
/lib/cpp -P -nostdinc -I/home/onishi/WRF/external/ioapi_share -DEM_CORE=1 -DNMM_CORE=0 -DNMM_MAX_DIM=2600 -DDA_CORE=0 -DWRFPLUS=0 -DIWORDSIZE=4 -DDWORDSIZE=8 -DRWORDSIZE=4 -DLWORDSIZE=4 -DNONSTANDARD_SYSTEM_FUNC  -DWRF_USE_CLM -DUSE_NETCDF4_FEATURES -DWRFIO_NCD_LARGE_FILE_SUPPORT  -DDM_PARALLEL -DNETCDF -DGRIB2 -DHDF5 -DLANDREAD_STUB=1 -DUSE_ALLOCATABLES -Dwrfmodel -DGRIB1 -DINTIO -DKEEP_INT_AROUND -DLIMIT_ARGS -DBUILD_RRTMG_FAST=0 -DBUILD_RRTMK=0 -DBUILD_SBM_FAST=1 -DSHOW_ALL_VARS_USED=0 -DCONFIG_BUF_LEN=65536 -DMAX_DOMAINS_F=21 -DMAX_HISTORY=25 -DNMM_NEST=0 -DWRF_CHEM -DBUILD_CHEM=1 -DWRF_KPP -I. -traditional-cpp -DUSE_NETCDF4_FEATURES -DWRFIO_NCD_LARGE_FILE_SUPPORT  msntf1.F  > msntf1.f90
ifort -c -real-size 32 -i4  -ip -fp-model precise -w -ftz -align all -fno-alias -FR -convert big_endian   msntf1.f90
rm -f -f mradb4.f90
/lib/cpp -P -nostdinc -I/home/onishi/WRF/external/ioapi_share -DEM_CORE=1 -DNMM_CORE=0 -DNMM_MAX_DIM=2600 -DDA_CORE=0 -DWRFPLUS=0 -DIWORDSIZE=4 -DDWORDSIZE=8 -DRWORDSIZE=4 -DLWORDSIZE=4 -DNONSTANDARD_SYSTEM_FUNC  -DWRF_USE_CLM -DUSE_NETCDF4_FEATURES -DWRFIO_NCD_LARGE_FILE_SUPPORT  -DDM_PARALLEL -DNETCDF -DGRIB2 -DHDF5 -DLANDREAD_STUB=1 -DUSE_ALLOCATABLES -Dwrfmodel -DGRIB1 -DINTIO -DKEEP_INT_AROUND -DLIMIT_ARGS -DBUILD_RRTMG_FAST=0 -DBUILD_RRTMK=0 -DBUILD_SBM_FAST=1 -DSHOW_ALL_VARS_USED=0 -DCONFIG_BUF_LEN=65536 -DMAX_DOMAINS_F=21 -DMAX_HISTORY=25 -DNMM_NEST=0 -DWRF_CHEM -DBUILD_CHEM=1 -DWRF_KPP -I. -traditional-cpp -DUSE_NETCDF4_FEATURES -DWRFIO_NCD_LARGE_FILE_SUPPORT  r4_mcfti1.F  > r4_mcfti1.f90
ifort -c -real-size 32 -i4  -ip -fp-model precise -w -ftz -align all -fno-alias -FR -convert big_endian   r4_mcfti1.f90
rm -f -f msntf1.f90
/lib/cpp -P -nostdinc -I/home/onishi/WRF/external/ioapi_share -DEM_CORE=1 -DNMM_CORE=0 -DNMM_MAX_DIM=2600 -DDA_CORE=0 -DWRFPLUS=0 -DIWORDSIZE=4 -DDWORDSIZE=8 -DRWORDSIZE=4 -DLWORDSIZE=4 -DNONSTANDARD_SYSTEM_FUNC  -DWRF_USE_CLM -DUSE_NETCDF4_FEATURES -DWRFIO_NCD_LARGE_FILE_SUPPORT  -DDM_PARALLEL -DNETCDF -DGRIB2 -DHDF5 -DLANDREAD_STUB=1 -DUSE_ALLOCATABLES -Dwrfmodel -DGRIB1 -DINTIO -DKEEP_INT_AROUND -DLIMIT_ARGS -DBUILD_RRTMG_FAST=0 -DBUILD_RRTMK=0 -DBUILD_SBM_FAST=1 -DSHOW_ALL_VARS_USED=0 -DCONFIG_BUF_LEN=65536 -DMAX_DOMAINS_F=21 -DMAX_HISTORY=25 -DNMM_NEST=0 -DWRF_CHEM -DBUILD_CHEM=1 -DWRF_KPP -I. -traditional-cpp -DUSE_NETCDF4_FEATURES -DWRFIO_NCD_LARGE_FILE_SUPPORT  rfftf1.F  > rfftf1.f90
ifort -c -real-size 32 -i4  -ip -fp-model precise -w -ftz -align all -fno-alias -FR -convert big_endian   rfftf1.f90
rm -f -f r4_mcfti1.f90
/lib/cpp -P -nostdinc -I/home/onishi/WRF/external/ioapi_share -DEM_CORE=1 -DNMM_CORE=0 -DNMM_MAX_DIM=2600 -DDA_CORE=0 -DWRFPLUS=0 -DIWORDSIZE=4 -DDWORDSIZE=8 -DRWORDSIZE=4 -DLWORDSIZE=4 -DNONSTANDARD_SYSTEM_FUNC  -DWRF_USE_CLM -DUSE_NETCDF4_FEATURES -DWRFIO_NCD_LARGE_FILE_SUPPORT  -DDM_PARALLEL -DNETCDF -DGRIB2 -DHDF5 -DLANDREAD_STUB=1 -DUSE_ALLOCATABLES -Dwrfmodel -DGRIB1 -DINTIO -DKEEP_INT_AROUND -DLIMIT_ARGS -DBUILD_RRTMG_FAST=0 -DBUILD_RRTMK=0 -DBUILD_SBM_FAST=1 -DSHOW_ALL_VARS_USED=0 -DCONFIG_BUF_LEN=65536 -DMAX_DOMAINS_F=21 -DMAX_HISTORY=25 -DNMM_NEST=0 -DWRF_CHEM -DBUILD_CHEM=1 -DWRF_KPP -I. -traditional-cpp -DUSE_NETCDF4_FEATURES -DWRFIO_NCD_LARGE_FILE_SUPPORT  sint1f.F  > sint1f.f90
ifort -c -real-size 32 -i4  -ip -fp-model precise -w -ftz -align all -fno-alias -FR -convert big_endian   sint1f.f90
rm -f -f rfftf1.f90
/lib/cpp -P -nostdinc -I/home/onishi/WRF/external/ioapi_share -DEM_CORE=1 -DNMM_CORE=0 -DNMM_MAX_DIM=2600 -DDA_CORE=0 -DWRFPLUS=0 -DIWORDSIZE=4 -DDWORDSIZE=8 -DRWORDSIZE=4 -DLWORDSIZE=4 -DNONSTANDARD_SYSTEM_FUNC  -DWRF_USE_CLM -DUSE_NETCDF4_FEATURES -DWRFIO_NCD_LARGE_FILE_SUPPORT  -DDM_PARALLEL -DNETCDF -DGRIB2 -DHDF5 -DLANDREAD_STUB=1 -DUSE_ALLOCATABLES -Dwrfmodel -DGRIB1 -DINTIO -DKEEP_INT_AROUND -DLIMIT_ARGS -DBUILD_RRTMG_FAST=0 -DBUILD_RRTMK=0 -DBUILD_SBM_FAST=1 -DSHOW_ALL_VARS_USED=0 -DCONFIG_BUF_LEN=65536 -DMAX_DOMAINS_F=21 -DMAX_HISTORY=25 -DNMM_NEST=0 -DWRF_CHEM -DBUILD_CHEM=1 -DWRF_KPP -I. -traditional-cpp -DUSE_NETCDF4_FEATURES -DWRFIO_NCD_LARGE_FILE_SUPPORT  z1f3kf.F  > z1f3kf.f90
ifort -c -real-size 32 -i4  -ip -fp-model precise -w -ftz -align all -fno-alias -FR -convert big_endian   z1f3kf.f90
rm -f -f sint1f.f90
/lib/cpp -P -nostdinc -I/home/onishi/WRF/external/ioapi_share -DEM_CORE=1 -DNMM_CORE=0 -DNMM_MAX_DIM=2600 -DDA_CORE=0 -DWRFPLUS=0 -DIWORDSIZE=4 -DDWORDSIZE=8 -DRWORDSIZE=4 -DLWORDSIZE=4 -DNONSTANDARD_SYSTEM_FUNC  -DWRF_USE_CLM -DUSE_NETCDF4_FEATURES -DWRFIO_NCD_LARGE_FILE_SUPPORT  -DDM_PARALLEL -DNETCDF -DGRIB2 -DHDF5 -DLANDREAD_STUB=1 -DUSE_ALLOCATABLES -Dwrfmodel -DGRIB1 -DINTIO -DKEEP_INT_AROUND -DLIMIT_ARGS -DBUILD_RRTMG_FAST=0 -DBUILD_RRTMK=0 -DBUILD_SBM_FAST=1 -DSHOW_ALL_VARS_USED=0 -DCONFIG_BUF_LEN=65536 -DMAX_DOMAINS_F=21 -DMAX_HISTORY=25 -DNMM_NEST=0 -DWRF_CHEM -DBUILD_CHEM=1 -DWRF_KPP -I. -traditional-cpp -DUSE_NETCDF4_FEATURES -DWRFIO_NCD_LARGE_FILE_SUPPORT  zfft2b.F  > zfft2b.f90
ifort -c -real-size 32 -i4  -ip -fp-model precise -w -ftz -align all -fno-alias -FR -convert big_endian   zfft2b.f90
rm -f -f zfft2b.f90
/lib/cpp -P -nostdinc -I/home/onishi/WRF/external/ioapi_share -DEM_CORE=1 -DNMM_CORE=0 -DNMM_MAX_DIM=2600 -DDA_CORE=0 -DWRFPLUS=0 -DIWORDSIZE=4 -DDWORDSIZE=8 -DRWORDSIZE=4 -DLWORDSIZE=4 -DNONSTANDARD_SYSTEM_FUNC  -DWRF_USE_CLM -DUSE_NETCDF4_FEATURES -DWRFIO_NCD_LARGE_FILE_SUPPORT  -DDM_PARALLEL -DNETCDF -DGRIB2 -DHDF5 -DLANDREAD_STUB=1 -DUSE_ALLOCATABLES -Dwrfmodel -DGRIB1 -DINTIO -DKEEP_INT_AROUND -DLIMIT_ARGS -DBUILD_RRTMG_FAST=0 -DBUILD_RRTMK=0 -DBUILD_SBM_FAST=1 -DSHOW_ALL_VARS_USED=0 -DCONFIG_BUF_LEN=65536 -DMAX_DOMAINS_F=21 -DMAX_HISTORY=25 -DNMM_NEST=0 -DWRF_CHEM -DBUILD_CHEM=1 -DWRF_KPP -I. -traditional-cpp -DUSE_NETCDF4_FEATURES -DWRFIO_NCD_LARGE_FILE_SUPPORT  zmf5kb.F  > zmf5kb.f90
ifort -c -real-size 32 -i4  -ip -fp-model precise -w -ftz -align all -fno-alias -FR -convert big_endian   zmf5kb.f90
rm -f -f z1f3kf.f90
/lib/cpp -P -nostdinc -I/home/onishi/WRF/external/ioapi_share -DEM_CORE=1 -DNMM_CORE=0 -DNMM_MAX_DIM=2600 -DDA_CORE=0 -DWRFPLUS=0 -DIWORDSIZE=4 -DDWORDSIZE=8 -DRWORDSIZE=4 -DLWORDSIZE=4 -DNONSTANDARD_SYSTEM_FUNC  -DWRF_USE_CLM -DUSE_NETCDF4_FEATURES -DWRFIO_NCD_LARGE_FILE_SUPPORT  -DDM_PARALLEL -DNETCDF -DGRIB2 -DHDF5 -DLANDREAD_STUB=1 -DUSE_ALLOCATABLES -Dwrfmodel -DGRIB1 -DINTIO -DKEEP_INT_AROUND -DLIMIT_ARGS -DBUILD_RRTMG_FAST=0 -DBUILD_RRTMK=0 -DBUILD_SBM_FAST=1 -DSHOW_ALL_VARS_USED=0 -DCONFIG_BUF_LEN=65536 -DMAX_DOMAINS_F=21 -DMAX_HISTORY=25 -DNMM_NEST=0 -DWRF_CHEM -DBUILD_CHEM=1 -DWRF_KPP -I. -traditional-cpp -DUSE_NETCDF4_FEATURES -DWRFIO_NCD_LARGE_FILE_SUPPORT  c1f3kf.F  > c1f3kf.f90
ifort -c -real-size 32 -i4  -ip -fp-model precise -w -ftz -align all -fno-alias -FR -convert big_endian   c1f3kf.f90
rm -f -f zmf5kb.f90
/lib/cpp -P -nostdinc -I/home/onishi/WRF/external/ioapi_share -DEM_CORE=1 -DNMM_CORE=0 -DNMM_MAX_DIM=2600 -DDA_CORE=0 -DWRFPLUS=0 -DIWORDSIZE=4 -DDWORDSIZE=8 -DRWORDSIZE=4 -DLWORDSIZE=4 -DNONSTANDARD_SYSTEM_FUNC  -DWRF_USE_CLM -DUSE_NETCDF4_FEATURES -DWRFIO_NCD_LARGE_FILE_SUPPORT  -DDM_PARALLEL -DNETCDF -DGRIB2 -DHDF5 -DLANDREAD_STUB=1 -DUSE_ALLOCATABLES -Dwrfmodel -DGRIB1 -DINTIO -DKEEP_INT_AROUND -DLIMIT_ARGS -DBUILD_RRTMG_FAST=0 -DBUILD_RRTMK=0 -DBUILD_SBM_FAST=1 -DSHOW_ALL_VARS_USED=0 -DCONFIG_BUF_LEN=65536 -DMAX_DOMAINS_F=21 -DMAX_HISTORY=25 -DNMM_NEST=0 -DWRF_CHEM -DBUILD_CHEM=1 -DWRF_KPP -I. -traditional-cpp -DUSE_NETCDF4_FEATURES -DWRFIO_NCD_LARGE_FILE_SUPPORT  cfft2b.F  > cfft2b.f90
ifort -c -real-size 32 -i4  -ip -fp-model precise -w -ftz -align all -fno-alias -FR -convert big_endian   cfft2b.f90
rm -f -f c1f3kf.f90
/lib/cpp -P -nostdinc -I/home/onishi/WRF/external/ioapi_share -DEM_CORE=1 -DNMM_CORE=0 -DNMM_MAX_DIM=2600 -DDA_CORE=0 -DWRFPLUS=0 -DIWORDSIZE=4 -DDWORDSIZE=8 -DRWORDSIZE=4 -DLWORDSIZE=4 -DNONSTANDARD_SYSTEM_FUNC  -DWRF_USE_CLM -DUSE_NETCDF4_FEATURES -DWRFIO_NCD_LARGE_FILE_SUPPORT  -DDM_PARALLEL -DNETCDF -DGRIB2 -DHDF5 -DLANDREAD_STUB=1 -DUSE_ALLOCATABLES -Dwrfmodel -DGRIB1 -DINTIO -DKEEP_INT_AROUND -DLIMIT_ARGS -DBUILD_RRTMG_FAST=0 -DBUILD_RRTMK=0 -DBUILD_SBM_FAST=1 -DSHOW_ALL_VARS_USED=0 -DCONFIG_BUF_LEN=65536 -DMAX_DOMAINS_F=21 -DMAX_HISTORY=25 -DNMM_NEST=0 -DWRF_CHEM -DBUILD_CHEM=1 -DWRF_KPP -I. -traditional-cpp -DUSE_NETCDF4_FEATURES -DWRFIO_NCD_LARGE_FILE_SUPPORT  cmf5kb.F  > cmf5kb.f90
ifort -c -real-size 32 -i4  -ip -fp-model precise -w -ftz -align all -fno-alias -FR -convert big_endian   cmf5kb.f90
rm -f -f cfft2b.f90
/lib/cpp -P -nostdinc -I/home/onishi/WRF/external/ioapi_share -DEM_CORE=1 -DNMM_CORE=0 -DNMM_MAX_DIM=2600 -DDA_CORE=0 -DWRFPLUS=0 -DIWORDSIZE=4 -DDWORDSIZE=8 -DRWORDSIZE=4 -DLWORDSIZE=4 -DNONSTANDARD_SYSTEM_FUNC  -DWRF_USE_CLM -DUSE_NETCDF4_FEATURES -DWRFIO_NCD_LARGE_FILE_SUPPORT  -DDM_PARALLEL -DNETCDF -DGRIB2 -DHDF5 -DLANDREAD_STUB=1 -DUSE_ALLOCATABLES -Dwrfmodel -DGRIB1 -DINTIO -DKEEP_INT_AROUND -DLIMIT_ARGS -DBUILD_RRTMG_FAST=0 -DBUILD_RRTMK=0 -DBUILD_SBM_FAST=1 -DSHOW_ALL_VARS_USED=0 -DCONFIG_BUF_LEN=65536 -DMAX_DOMAINS_F=21 -DMAX_HISTORY=25 -DNMM_NEST=0 -DWRF_CHEM -DBUILD_CHEM=1 -DWRF_KPP -I. -traditional-cpp -DUSE_NETCDF4_FEATURES -DWRFIO_NCD_LARGE_FILE_SUPPORT  cosqmf.F  > cosqmf.f90
ifort -c -real-size 32 -i4  -ip -fp-model precise -w -ftz -align all -fno-alias -FR -convert big_endian   cosqmf.f90
rm -f -f cosqmf.f90
/lib/cpp -P -nostdinc -I/home/onishi/WRF/external/ioapi_share -DEM_CORE=1 -DNMM_CORE=0 -DNMM_MAX_DIM=2600 -DDA_CORE=0 -DWRFPLUS=0 -DIWORDSIZE=4 -DDWORDSIZE=8 -DRWORDSIZE=4 -DLWORDSIZE=4 -DNONSTANDARD_SYSTEM_FUNC  -DWRF_USE_CLM -DUSE_NETCDF4_FEATURES -DWRFIO_NCD_LARGE_FILE_SUPPORT  -DDM_PARALLEL -DNETCDF -DGRIB2 -DHDF5 -DLANDREAD_STUB=1 -DUSE_ALLOCATABLES -Dwrfmodel -DGRIB1 -DINTIO -DKEEP_INT_AROUND -DLIMIT_ARGS -DBUILD_RRTMG_FAST=0 -DBUILD_RRTMK=0 -DBUILD_SBM_FAST=1 -DSHOW_ALL_VARS_USED=0 -DCONFIG_BUF_LEN=65536 -DMAX_DOMAINS_F=21 -DMAX_HISTORY=25 -DNMM_NEST=0 -DWRF_CHEM -DBUILD_CHEM=1 -DWRF_KPP -I. -traditional-cpp -DUSE_NETCDF4_FEATURES -DWRFIO_NCD_LARGE_FILE_SUPPORT  d1f3kb.F  > d1f3kb.f90
ifort -c -real-size 32 -i4  -ip -fp-model precise -w -ftz -align all -fno-alias -FR -convert big_endian   d1f3kb.f90
rm -f -f cmf5kb.f90
/lib/cpp -P -nostdinc -I/home/onishi/WRF/external/ioapi_share -DEM_CORE=1 -DNMM_CORE=0 -DNMM_MAX_DIM=2600 -DDA_CORE=0 -DWRFPLUS=0 -DIWORDSIZE=4 -DDWORDSIZE=8 -DRWORDSIZE=4 -DLWORDSIZE=4 -DNONSTANDARD_SYSTEM_FUNC  -DWRF_USE_CLM -DUSE_NETCDF4_FEATURES -DWRFIO_NCD_LARGE_FILE_SUPPORT  -DDM_PARALLEL -DNETCDF -DGRIB2 -DHDF5 -DLANDREAD_STUB=1 -DUSE_ALLOCATABLES -Dwrfmodel -DGRIB1 -DINTIO -DKEEP_INT_AROUND -DLIMIT_ARGS -DBUILD_RRTMG_FAST=0 -DBUILD_RRTMK=0 -DBUILD_SBM_FAST=1 -DSHOW_ALL_VARS_USED=0 -DCONFIG_BUF_LEN=65536 -DMAX_DOMAINS_F=21 -DMAX_HISTORY=25 -DNMM_NEST=0 -DWRF_CHEM -DBUILD_CHEM=1 -DWRF_KPP -I. -traditional-cpp -DUSE_NETCDF4_FEATURES -DWRFIO_NCD_LARGE_FILE_SUPPORT  dcosqf1.F  > dcosqf1.f90
ifort -c -real-size 32 -i4  -ip -fp-model precise -w -ftz -align all -fno-alias -FR -convert big_endian   dcosqf1.f90
rm -f -f d1f3kb.f90
/lib/cpp -P -nostdinc -I/home/onishi/WRF/external/ioapi_share -DEM_CORE=1 -DNMM_CORE=0 -DNMM_MAX_DIM=2600 -DDA_CORE=0 -DWRFPLUS=0 -DIWORDSIZE=4 -DDWORDSIZE=8 -DRWORDSIZE=4 -DLWORDSIZE=4 -DNONSTANDARD_SYSTEM_FUNC  -DWRF_USE_CLM -DUSE_NETCDF4_FEATURES -DWRFIO_NCD_LARGE_FILE_SUPPORT  -DDM_PARALLEL -DNETCDF -DGRIB2 -DHDF5 -DLANDREAD_STUB=1 -DUSE_ALLOCATABLES -Dwrfmodel -DGRIB1 -DINTIO -DKEEP_INT_AROUND -DLIMIT_ARGS -DBUILD_RRTMG_FAST=0 -DBUILD_RRTMK=0 -DBUILD_SBM_FAST=1 -DSHOW_ALL_VARS_USED=0 -DCONFIG_BUF_LEN=65536 -DMAX_DOMAINS_F=21 -DMAX_HISTORY=25 -DNMM_NEST=0 -DWRF_CHEM -DBUILD_CHEM=1 -DWRF_KPP -I. -traditional-cpp -DUSE_NETCDF4_FEATURES -DWRFIO_NCD_LARGE_FILE_SUPPORT  dsint1b.F  > dsint1b.f90
rm -f -f dcosqf1.f90
/lib/cpp -P -nostdinc -I/home/onishi/WRF/external/ioapi_share -DEM_CORE=1 -DNMM_CORE=0 -DNMM_MAX_DIM=2600 -DDA_CORE=0 -DWRFPLUS=0 -DIWORDSIZE=4 -DDWORDSIZE=8 -DRWORDSIZE=4 -DLWORDSIZE=4 -DNONSTANDARD_SYSTEM_FUNC  -DWRF_USE_CLM -DUSE_NETCDF4_FEATURES -DWRFIO_NCD_LARGE_FILE_SUPPORT  -DDM_PARALLEL -DNETCDF -DGRIB2 -DHDF5 -DLANDREAD_STUB=1 -DUSE_ALLOCATABLES -Dwrfmodel -DGRIB1 -DINTIO -DKEEP_INT_AROUND -DLIMIT_ARGS -DBUILD_RRTMG_FAST=0 -DBUILD_RRTMK=0 -DBUILD_SBM_FAST=1 -DSHOW_ALL_VARS_USED=0 -DCONFIG_BUF_LEN=65536 -DMAX_DOMAINS_F=21 -DMAX_HISTORY=25 -DNMM_NEST=0 -DWRF_CHEM -DBUILD_CHEM=1 -DWRF_KPP -I. -traditional-cpp -DUSE_NETCDF4_FEATURES -DWRFIO_NCD_LARGE_FILE_SUPPORT  mradb5.F  > mradb5.f90
ifort -c -real-size 32 -i4  -ip -fp-model precise -w -ftz -align all -fno-alias -FR -convert big_endian   dsint1b.f90
ifort -c -real-size 32 -i4  -ip -fp-model precise -w -ftz -align all -fno-alias -FR -convert big_endian   mradb5.f90
rm -f -f dsint1b.f90
/lib/cpp -P -nostdinc -I/home/onishi/WRF/external/ioapi_share -DEM_CORE=1 -DNMM_CORE=0 -DNMM_MAX_DIM=2600 -DDA_CORE=0 -DWRFPLUS=0 -DIWORDSIZE=4 -DDWORDSIZE=8 -DRWORDSIZE=4 -DLWORDSIZE=4 -DNONSTANDARD_SYSTEM_FUNC  -DWRF_USE_CLM -DUSE_NETCDF4_FEATURES -DWRFIO_NCD_LARGE_FILE_SUPPORT  -DDM_PARALLEL -DNETCDF -DGRIB2 -DHDF5 -DLANDREAD_STUB=1 -DUSE_ALLOCATABLES -Dwrfmodel -DGRIB1 -DINTIO -DKEEP_INT_AROUND -DLIMIT_ARGS -DBUILD_RRTMG_FAST=0 -DBUILD_RRTMK=0 -DBUILD_SBM_FAST=1 -DSHOW_ALL_VARS_USED=0 -DCONFIG_BUF_LEN=65536 -DMAX_DOMAINS_F=21 -DMAX_HISTORY=25 -DNMM_NEST=0 -DWRF_CHEM -DBUILD_CHEM=1 -DWRF_KPP -I. -traditional-cpp -DUSE_NETCDF4_FEATURES -DWRFIO_NCD_LARGE_FILE_SUPPORT  r1f2kb.F  > r1f2kb.f90
ifort -c -real-size 32 -i4  -ip -fp-model precise -w -ftz -align all -fno-alias -FR -convert big_endian   r1f2kb.f90
rm -f -f r1f2kb.f90
/lib/cpp -P -nostdinc -I/home/onishi/WRF/external/ioapi_share -DEM_CORE=1 -DNMM_CORE=0 -DNMM_MAX_DIM=2600 -DDA_CORE=0 -DWRFPLUS=0 -DIWORDSIZE=4 -DDWORDSIZE=8 -DRWORDSIZE=4 -DLWORDSIZE=4 -DNONSTANDARD_SYSTEM_FUNC  -DWRF_USE_CLM -DUSE_NETCDF4_FEATURES -DWRFIO_NCD_LARGE_FILE_SUPPORT  -DDM_PARALLEL -DNETCDF -DGRIB2 -DHDF5 -DLANDREAD_STUB=1 -DUSE_ALLOCATABLES -Dwrfmodel -DGRIB1 -DINTIO -DKEEP_INT_AROUND -DLIMIT_ARGS -DBUILD_RRTMG_FAST=0 -DBUILD_RRTMK=0 -DBUILD_SBM_FAST=1 -DSHOW_ALL_VARS_USED=0 -DCONFIG_BUF_LEN=65536 -DMAX_DOMAINS_F=21 -DMAX_HISTORY=25 -DNMM_NEST=0 -DWRF_CHEM -DBUILD_CHEM=1 -DWRF_KPP -I. -traditional-cpp -DUSE_NETCDF4_FEATURES -DWRFIO_NCD_LARGE_FILE_SUPPORT  r4_tables.F  > r4_tables.f90
ifort -c -real-size 32 -i4  -ip -fp-model precise -w -ftz -align all -fno-alias -FR -convert big_endian   r4_tables.f90
rm -f -f r4_tables.f90
/lib/cpp -P -nostdinc -I/home/onishi/WRF/external/ioapi_share -DEM_CORE=1 -DNMM_CORE=0 -DNMM_MAX_DIM=2600 -DDA_CORE=0 -DWRFPLUS=0 -DIWORDSIZE=4 -DDWORDSIZE=8 -DRWORDSIZE=4 -DLWORDSIZE=4 -DNONSTANDARD_SYSTEM_FUNC  -DWRF_USE_CLM -DUSE_NETCDF4_FEATURES -DWRFIO_NCD_LARGE_FILE_SUPPORT  -DDM_PARALLEL -DNETCDF -DGRIB2 -DHDF5 -DLANDREAD_STUB=1 -DUSE_ALLOCATABLES -Dwrfmodel -DGRIB1 -DINTIO -DKEEP_INT_AROUND -DLIMIT_ARGS -DBUILD_RRTMG_FAST=0 -DBUILD_RRTMK=0 -DBUILD_SBM_FAST=1 -DSHOW_ALL_VARS_USED=0 -DCONFIG_BUF_LEN=65536 -DMAX_DOMAINS_F=21 -DMAX_HISTORY=25 -DNMM_NEST=0 -DWRF_CHEM -DBUILD_CHEM=1 -DWRF_KPP -I. -traditional-cpp -DUSE_NETCDF4_FEATURES -DWRFIO_NCD_LARGE_FILE_SUPPORT  rffti1.F  > rffti1.f90
ifort -c -real-size 32 -i4  -ip -fp-model precise -w -ftz -align all -fno-alias -FR -convert big_endian   rffti1.f90
rm -f -f rffti1.f90
/lib/cpp -P -nostdinc -I/home/onishi/WRF/external/ioapi_share -DEM_CORE=1 -DNMM_CORE=0 -DNMM_MAX_DIM=2600 -DDA_CORE=0 -DWRFPLUS=0 -DIWORDSIZE=4 -DDWORDSIZE=8 -DRWORDSIZE=4 -DLWORDSIZE=4 -DNONSTANDARD_SYSTEM_FUNC  -DWRF_USE_CLM -DUSE_NETCDF4_FEATURES -DWRFIO_NCD_LARGE_FILE_SUPPORT  -DDM_PARALLEL -DNETCDF -DGRIB2 -DHDF5 -DLANDREAD_STUB=1 -DUSE_ALLOCATABLES -Dwrfmodel -DGRIB1 -DINTIO -DKEEP_INT_AROUND -DLIMIT_ARGS -DBUILD_RRTMG_FAST=0 -DBUILD_RRTMK=0 -DBUILD_SBM_FAST=1 -DSHOW_ALL_VARS_USED=0 -DCONFIG_BUF_LEN=65536 -DMAX_DOMAINS_F=21 -DMAX_HISTORY=25 -DNMM_NEST=0 -DWRF_CHEM -DBUILD_CHEM=1 -DWRF_KPP -I. -traditional-cpp -DUSE_NETCDF4_FEATURES -DWRFIO_NCD_LARGE_FILE_SUPPORT  sint1i.F  > sint1i.f90
rm -f -f mradb5.f90
/lib/cpp -P -nostdinc -I/home/onishi/WRF/external/ioapi_share -DEM_CORE=1 -DNMM_CORE=0 -DNMM_MAX_DIM=2600 -DDA_CORE=0 -DWRFPLUS=0 -DIWORDSIZE=4 -DDWORDSIZE=8 -DRWORDSIZE=4 -DLWORDSIZE=4 -DNONSTANDARD_SYSTEM_FUNC  -DWRF_USE_CLM -DUSE_NETCDF4_FEATURES -DWRFIO_NCD_LARGE_FILE_SUPPORT  -DDM_PARALLEL -DNETCDF -DGRIB2 -DHDF5 -DLANDREAD_STUB=1 -DUSE_ALLOCATABLES -Dwrfmodel -DGRIB1 -DINTIO -DKEEP_INT_AROUND -DLIMIT_ARGS -DBUILD_RRTMG_FAST=0 -DBUILD_RRTMK=0 -DBUILD_SBM_FAST=1 -DSHOW_ALL_VARS_USED=0 -DCONFIG_BUF_LEN=65536 -DMAX_DOMAINS_F=21 -DMAX_HISTORY=25 -DNMM_NEST=0 -DWRF_CHEM -DBUILD_CHEM=1 -DWRF_KPP -I. -traditional-cpp -DUSE_NETCDF4_FEATURES -DWRFIO_NCD_LARGE_FILE_SUPPORT  z1f4kb.F  > z1f4kb.f90
ifort -c -real-size 32 -i4  -ip -fp-model precise -w -ftz -align all -fno-alias -FR -convert big_endian   sint1i.f90
ifort -c -real-size 32 -i4  -ip -fp-model precise -w -ftz -align all -fno-alias -FR -convert big_endian   z1f4kb.f90
rm -f -f sint1i.f90
/lib/cpp -P -nostdinc -I/home/onishi/WRF/external/ioapi_share -DEM_CORE=1 -DNMM_CORE=0 -DNMM_MAX_DIM=2600 -DDA_CORE=0 -DWRFPLUS=0 -DIWORDSIZE=4 -DDWORDSIZE=8 -DRWORDSIZE=4 -DLWORDSIZE=4 -DNONSTANDARD_SYSTEM_FUNC  -DWRF_USE_CLM -DUSE_NETCDF4_FEATURES -DWRFIO_NCD_LARGE_FILE_SUPPORT  -DDM_PARALLEL -DNETCDF -DGRIB2 -DHDF5 -DLANDREAD_STUB=1 -DUSE_ALLOCATABLES -Dwrfmodel -DGRIB1 -DINTIO -DKEEP_INT_AROUND -DLIMIT_ARGS -DBUILD_RRTMG_FAST=0 -DBUILD_RRTMK=0 -DBUILD_SBM_FAST=1 -DSHOW_ALL_VARS_USED=0 -DCONFIG_BUF_LEN=65536 -DMAX_DOMAINS_F=21 -DMAX_HISTORY=25 -DNMM_NEST=0 -DWRF_CHEM -DBUILD_CHEM=1 -DWRF_KPP -I. -traditional-cpp -DUSE_NETCDF4_FEATURES -DWRFIO_NCD_LARGE_FILE_SUPPORT  zfft2f.F  > zfft2f.f90
ifort -c -real-size 32 -i4  -ip -fp-model precise -w -ftz -align all -fno-alias -FR -convert big_endian   zfft2f.f90
rm -f -f zfft2f.f90
/lib/cpp -P -nostdinc -I/home/onishi/WRF/external/ioapi_share -DEM_CORE=1 -DNMM_CORE=0 -DNMM_MAX_DIM=2600 -DDA_CORE=0 -DWRFPLUS=0 -DIWORDSIZE=4 -DDWORDSIZE=8 -DRWORDSIZE=4 -DLWORDSIZE=4 -DNONSTANDARD_SYSTEM_FUNC  -DWRF_USE_CLM -DUSE_NETCDF4_FEATURES -DWRFIO_NCD_LARGE_FILE_SUPPORT  -DDM_PARALLEL -DNETCDF -DGRIB2 -DHDF5 -DLANDREAD_STUB=1 -DUSE_ALLOCATABLES -Dwrfmodel -DGRIB1 -DINTIO -DKEEP_INT_AROUND -DLIMIT_ARGS -DBUILD_RRTMG_FAST=0 -DBUILD_RRTMK=0 -DBUILD_SBM_FAST=1 -DSHOW_ALL_VARS_USED=0 -DCONFIG_BUF_LEN=65536 -DMAX_DOMAINS_F=21 -DMAX_HISTORY=25 -DNMM_NEST=0 -DWRF_CHEM -DBUILD_CHEM=1 -DWRF_KPP -I. -traditional-cpp -DUSE_NETCDF4_FEATURES -DWRFIO_NCD_LARGE_FILE_SUPPORT  zmf5kf.F  > zmf5kf.f90
ifort -c -real-size 32 -i4  -ip -fp-model precise -w -ftz -align all -fno-alias -FR -convert big_endian   zmf5kf.f90
rm -f -f z1f4kb.f90
/lib/cpp -P -nostdinc -I/home/onishi/WRF/external/ioapi_share -DEM_CORE=1 -DNMM_CORE=0 -DNMM_MAX_DIM=2600 -DDA_CORE=0 -DWRFPLUS=0 -DIWORDSIZE=4 -DDWORDSIZE=8 -DRWORDSIZE=4 -DLWORDSIZE=4 -DNONSTANDARD_SYSTEM_FUNC  -DWRF_USE_CLM -DUSE_NETCDF4_FEATURES -DWRFIO_NCD_LARGE_FILE_SUPPORT  -DDM_PARALLEL -DNETCDF -DGRIB2 -DHDF5 -DLANDREAD_STUB=1 -DUSE_ALLOCATABLES -Dwrfmodel -DGRIB1 -DINTIO -DKEEP_INT_AROUND -DLIMIT_ARGS -DBUILD_RRTMG_FAST=0 -DBUILD_RRTMK=0 -DBUILD_SBM_FAST=1 -DSHOW_ALL_VARS_USED=0 -DCONFIG_BUF_LEN=65536 -DMAX_DOMAINS_F=21 -DMAX_HISTORY=25 -DNMM_NEST=0 -DWRF_CHEM -DBUILD_CHEM=1 -DWRF_KPP -I. -traditional-cpp -DUSE_NETCDF4_FEATURES -DWRFIO_NCD_LARGE_FILE_SUPPORT  c1f4kb.F  > c1f4kb.f90
ifort -c -real-size 32 -i4  -ip -fp-model precise -w -ftz -align all -fno-alias -FR -convert big_endian   c1f4kb.f90
rm -f -f c1f4kb.f90
/lib/cpp -P -nostdinc -I/home/onishi/WRF/external/ioapi_share -DEM_CORE=1 -DNMM_CORE=0 -DNMM_MAX_DIM=2600 -DDA_CORE=0 -DWRFPLUS=0 -DIWORDSIZE=4 -DDWORDSIZE=8 -DRWORDSIZE=4 -DLWORDSIZE=4 -DNONSTANDARD_SYSTEM_FUNC  -DWRF_USE_CLM -DUSE_NETCDF4_FEATURES -DWRFIO_NCD_LARGE_FILE_SUPPORT  -DDM_PARALLEL -DNETCDF -DGRIB2 -DHDF5 -DLANDREAD_STUB=1 -DUSE_ALLOCATABLES -Dwrfmodel -DGRIB1 -DINTIO -DKEEP_INT_AROUND -DLIMIT_ARGS -DBUILD_RRTMG_FAST=0 -DBUILD_RRTMK=0 -DBUILD_SBM_FAST=1 -DSHOW_ALL_VARS_USED=0 -DCONFIG_BUF_LEN=65536 -DMAX_DOMAINS_F=21 -DMAX_HISTORY=25 -DNMM_NEST=0 -DWRF_CHEM -DBUILD_CHEM=1 -DWRF_KPP -I. -traditional-cpp -DUSE_NETCDF4_FEATURES -DWRFIO_NCD_LARGE_FILE_SUPPORT  cfft2f.F  > cfft2f.f90
ifort -c -real-size 32 -i4  -ip -fp-model precise -w -ftz -align all -fno-alias -FR -convert big_endian   cfft2f.f90
rm -f -f zmf5kf.f90
/lib/cpp -P -nostdinc -I/home/onishi/WRF/external/ioapi_share -DEM_CORE=1 -DNMM_CORE=0 -DNMM_MAX_DIM=2600 -DDA_CORE=0 -DWRFPLUS=0 -DIWORDSIZE=4 -DDWORDSIZE=8 -DRWORDSIZE=4 -DLWORDSIZE=4 -DNONSTANDARD_SYSTEM_FUNC  -DWRF_USE_CLM -DUSE_NETCDF4_FEATURES -DWRFIO_NCD_LARGE_FILE_SUPPORT  -DDM_PARALLEL -DNETCDF -DGRIB2 -DHDF5 -DLANDREAD_STUB=1 -DUSE_ALLOCATABLES -Dwrfmodel -DGRIB1 -DINTIO -DKEEP_INT_AROUND -DLIMIT_ARGS -DBUILD_RRTMG_FAST=0 -DBUILD_RRTMK=0 -DBUILD_SBM_FAST=1 -DSHOW_ALL_VARS_USED=0 -DCONFIG_BUF_LEN=65536 -DMAX_DOMAINS_F=21 -DMAX_HISTORY=25 -DNMM_NEST=0 -DWRF_CHEM -DBUILD_CHEM=1 -DWRF_KPP -I. -traditional-cpp -DUSE_NETCDF4_FEATURES -DWRFIO_NCD_LARGE_FILE_SUPPORT  cmf5kf.F  > cmf5kf.f90
ifort -c -real-size 32 -i4  -ip -fp-model precise -w -ftz -align all -fno-alias -FR -convert big_endian   cmf5kf.f90
rm -f -f cfft2f.f90
/lib/cpp -P -nostdinc -I/home/onishi/WRF/external/ioapi_share -DEM_CORE=1 -DNMM_CORE=0 -DNMM_MAX_DIM=2600 -DDA_CORE=0 -DWRFPLUS=0 -DIWORDSIZE=4 -DDWORDSIZE=8 -DRWORDSIZE=4 -DLWORDSIZE=4 -DNONSTANDARD_SYSTEM_FUNC  -DWRF_USE_CLM -DUSE_NETCDF4_FEATURES -DWRFIO_NCD_LARGE_FILE_SUPPORT  -DDM_PARALLEL -DNETCDF -DGRIB2 -DHDF5 -DLANDREAD_STUB=1 -DUSE_ALLOCATABLES -Dwrfmodel -DGRIB1 -DINTIO -DKEEP_INT_AROUND -DLIMIT_ARGS -DBUILD_RRTMG_FAST=0 -DBUILD_RRTMK=0 -DBUILD_SBM_FAST=1 -DSHOW_ALL_VARS_USED=0 -DCONFIG_BUF_LEN=65536 -DMAX_DOMAINS_F=21 -DMAX_HISTORY=25 -DNMM_NEST=0 -DWRF_CHEM -DBUILD_CHEM=1 -DWRF_KPP -I. -traditional-cpp -DUSE_NETCDF4_FEATURES -DWRFIO_NCD_LARGE_FILE_SUPPORT  cosqmi.F  > cosqmi.f90
ifort -c -real-size 32 -i4  -ip -fp-model precise -w -ftz -align all -fno-alias -FR -convert big_endian   cosqmi.f90
rm -f -f cosqmi.f90
/lib/cpp -P -nostdinc -I/home/onishi/WRF/external/ioapi_share -DEM_CORE=1 -DNMM_CORE=0 -DNMM_MAX_DIM=2600 -DDA_CORE=0 -DWRFPLUS=0 -DIWORDSIZE=4 -DDWORDSIZE=8 -DRWORDSIZE=4 -DLWORDSIZE=4 -DNONSTANDARD_SYSTEM_FUNC  -DWRF_USE_CLM -DUSE_NETCDF4_FEATURES -DWRFIO_NCD_LARGE_FILE_SUPPORT  -DDM_PARALLEL -DNETCDF -DGRIB2 -DHDF5 -DLANDREAD_STUB=1 -DUSE_ALLOCATABLES -Dwrfmodel -DGRIB1 -DINTIO -DKEEP_INT_AROUND -DLIMIT_ARGS -DBUILD_RRTMG_FAST=0 -DBUILD_RRTMK=0 -DBUILD_SBM_FAST=1 -DSHOW_ALL_VARS_USED=0 -DCONFIG_BUF_LEN=65536 -DMAX_DOMAINS_F=21 -DMAX_HISTORY=25 -DNMM_NEST=0 -DWRF_CHEM -DBUILD_CHEM=1 -DWRF_KPP -I. -traditional-cpp -DUSE_NETCDF4_FEATURES -DWRFIO_NCD_LARGE_FILE_SUPPORT  d1f3kf.F  > d1f3kf.f90
ifort -c -real-size 32 -i4  -ip -fp-model precise -w -ftz -align all -fno-alias -FR -convert big_endian   d1f3kf.f90
rm -f -f cmf5kf.f90
/lib/cpp -P -nostdinc -I/home/onishi/WRF/external/ioapi_share -DEM_CORE=1 -DNMM_CORE=0 -DNMM_MAX_DIM=2600 -DDA_CORE=0 -DWRFPLUS=0 -DIWORDSIZE=4 -DDWORDSIZE=8 -DRWORDSIZE=4 -DLWORDSIZE=4 -DNONSTANDARD_SYSTEM_FUNC  -DWRF_USE_CLM -DUSE_NETCDF4_FEATURES -DWRFIO_NCD_LARGE_FILE_SUPPORT  -DDM_PARALLEL -DNETCDF -DGRIB2 -DHDF5 -DLANDREAD_STUB=1 -DUSE_ALLOCATABLES -Dwrfmodel -DGRIB1 -DINTIO -DKEEP_INT_AROUND -DLIMIT_ARGS -DBUILD_RRTMG_FAST=0 -DBUILD_RRTMK=0 -DBUILD_SBM_FAST=1 -DSHOW_ALL_VARS_USED=0 -DCONFIG_BUF_LEN=65536 -DMAX_DOMAINS_F=21 -DMAX_HISTORY=25 -DNMM_NEST=0 -DWRF_CHEM -DBUILD_CHEM=1 -DWRF_KPP -I. -traditional-cpp -DUSE_NETCDF4_FEATURES -DWRFIO_NCD_LARGE_FILE_SUPPORT  dcost1b.F  > dcost1b.f90
ifort -c -real-size 32 -i4  -ip -fp-model precise -w -ftz -align all -fno-alias -FR -convert big_endian   dcost1b.f90
rm -f -f dcost1b.f90
/lib/cpp -P -nostdinc -I/home/onishi/WRF/external/ioapi_share -DEM_CORE=1 -DNMM_CORE=0 -DNMM_MAX_DIM=2600 -DDA_CORE=0 -DWRFPLUS=0 -DIWORDSIZE=4 -DDWORDSIZE=8 -DRWORDSIZE=4 -DLWORDSIZE=4 -DNONSTANDARD_SYSTEM_FUNC  -DWRF_USE_CLM -DUSE_NETCDF4_FEATURES -DWRFIO_NCD_LARGE_FILE_SUPPORT  -DDM_PARALLEL -DNETCDF -DGRIB2 -DHDF5 -DLANDREAD_STUB=1 -DUSE_ALLOCATABLES -Dwrfmodel -DGRIB1 -DINTIO -DKEEP_INT_AROUND -DLIMIT_ARGS -DBUILD_RRTMG_FAST=0 -DBUILD_RRTMK=0 -DBUILD_SBM_FAST=1 -DSHOW_ALL_VARS_USED=0 -DCONFIG_BUF_LEN=65536 -DMAX_DOMAINS_F=21 -DMAX_HISTORY=25 -DNMM_NEST=0 -DWRF_CHEM -DBUILD_CHEM=1 -DWRF_KPP -I. -traditional-cpp -DUSE_NETCDF4_FEATURES -DWRFIO_NCD_LARGE_FILE_SUPPORT  dsint1f.F  > dsint1f.f90
rm -f -f d1f3kf.f90
/lib/cpp -P -nostdinc -I/home/onishi/WRF/external/ioapi_share -DEM_CORE=1 -DNMM_CORE=0 -DNMM_MAX_DIM=2600 -DDA_CORE=0 -DWRFPLUS=0 -DIWORDSIZE=4 -DDWORDSIZE=8 -DRWORDSIZE=4 -DLWORDSIZE=4 -DNONSTANDARD_SYSTEM_FUNC  -DWRF_USE_CLM -DUSE_NETCDF4_FEATURES -DWRFIO_NCD_LARGE_FILE_SUPPORT  -DDM_PARALLEL -DNETCDF -DGRIB2 -DHDF5 -DLANDREAD_STUB=1 -DUSE_ALLOCATABLES -Dwrfmodel -DGRIB1 -DINTIO -DKEEP_INT_AROUND -DLIMIT_ARGS -DBUILD_RRTMG_FAST=0 -DBUILD_RRTMK=0 -DBUILD_SBM_FAST=1 -DSHOW_ALL_VARS_USED=0 -DCONFIG_BUF_LEN=65536 -DMAX_DOMAINS_F=21 -DMAX_HISTORY=25 -DNMM_NEST=0 -DWRF_CHEM -DBUILD_CHEM=1 -DWRF_KPP -I. -traditional-cpp -DUSE_NETCDF4_FEATURES -DWRFIO_NCD_LARGE_FILE_SUPPORT  mradbg.F  > mradbg.f90
ifort -c -real-size 32 -i4  -ip -fp-model precise -w -ftz -align all -fno-alias -FR -convert big_endian   dsint1f.f90
ifort -c -real-size 32 -i4  -ip -fp-model precise -w -ftz -align all -fno-alias -FR -convert big_endian   mradbg.f90
rm -f -f dsint1f.f90
/lib/cpp -P -nostdinc -I/home/onishi/WRF/external/ioapi_share -DEM_CORE=1 -DNMM_CORE=0 -DNMM_MAX_DIM=2600 -DDA_CORE=0 -DWRFPLUS=0 -DIWORDSIZE=4 -DDWORDSIZE=8 -DRWORDSIZE=4 -DLWORDSIZE=4 -DNONSTANDARD_SYSTEM_FUNC  -DWRF_USE_CLM -DUSE_NETCDF4_FEATURES -DWRFIO_NCD_LARGE_FILE_SUPPORT  -DDM_PARALLEL -DNETCDF -DGRIB2 -DHDF5 -DLANDREAD_STUB=1 -DUSE_ALLOCATABLES -Dwrfmodel -DGRIB1 -DINTIO -DKEEP_INT_AROUND -DLIMIT_ARGS -DBUILD_RRTMG_FAST=0 -DBUILD_RRTMK=0 -DBUILD_SBM_FAST=1 -DSHOW_ALL_VARS_USED=0 -DCONFIG_BUF_LEN=65536 -DMAX_DOMAINS_F=21 -DMAX_HISTORY=25 -DNMM_NEST=0 -DWRF_CHEM -DBUILD_CHEM=1 -DWRF_KPP -I. -traditional-cpp -DUSE_NETCDF4_FEATURES -DWRFIO_NCD_LARGE_FILE_SUPPORT  r1f2kf.F  > r1f2kf.f90
ifort -c -real-size 32 -i4  -ip -fp-model precise -w -ftz -align all -fno-alias -FR -convert big_endian   r1f2kf.f90
rm -f -f r1f2kf.f90
/lib/cpp -P -nostdinc -I/home/onishi/WRF/external/ioapi_share -DEM_CORE=1 -DNMM_CORE=0 -DNMM_MAX_DIM=2600 -DDA_CORE=0 -DWRFPLUS=0 -DIWORDSIZE=4 -DDWORDSIZE=8 -DRWORDSIZE=4 -DLWORDSIZE=4 -DNONSTANDARD_SYSTEM_FUNC  -DWRF_USE_CLM -DUSE_NETCDF4_FEATURES -DWRFIO_NCD_LARGE_FILE_SUPPORT  -DDM_PARALLEL -DNETCDF -DGRIB2 -DHDF5 -DLANDREAD_STUB=1 -DUSE_ALLOCATABLES -Dwrfmodel -DGRIB1 -DINTIO -DKEEP_INT_AROUND -DLIMIT_ARGS -DBUILD_RRTMG_FAST=0 -DBUILD_RRTMK=0 -DBUILD_SBM_FAST=1 -DSHOW_ALL_VARS_USED=0 -DCONFIG_BUF_LEN=65536 -DMAX_DOMAINS_F=21 -DMAX_HISTORY=25 -DNMM_NEST=0 -DWRF_CHEM -DBUILD_CHEM=1 -DWRF_KPP -I. -traditional-cpp -DUSE_NETCDF4_FEATURES -DWRFIO_NCD_LARGE_FILE_SUPPORT  r8_factor.F  > r8_factor.f90
ifort -c -real-size 32 -i4  -ip -fp-model precise -w -ftz -align all -fno-alias -FR -convert big_endian   r8_factor.f90
rm -f -f r8_factor.f90
/lib/cpp -P -nostdinc -I/home/onishi/WRF/external/ioapi_share -DEM_CORE=1 -DNMM_CORE=0 -DNMM_MAX_DIM=2600 -DDA_CORE=0 -DWRFPLUS=0 -DIWORDSIZE=4 -DDWORDSIZE=8 -DRWORDSIZE=4 -DLWORDSIZE=4 -DNONSTANDARD_SYSTEM_FUNC  -DWRF_USE_CLM -DUSE_NETCDF4_FEATURES -DWRFIO_NCD_LARGE_FILE_SUPPORT  -DDM_PARALLEL -DNETCDF -DGRIB2 -DHDF5 -DLANDREAD_STUB=1 -DUSE_ALLOCATABLES -Dwrfmodel -DGRIB1 -DINTIO -DKEEP_INT_AROUND -DLIMIT_ARGS -DBUILD_RRTMG_FAST=0 -DBUILD_RRTMK=0 -DBUILD_SBM_FAST=1 -DSHOW_ALL_VARS_USED=0 -DCONFIG_BUF_LEN=65536 -DMAX_DOMAINS_F=21 -DMAX_HISTORY=25 -DNMM_NEST=0 -DWRF_CHEM -DBUILD_CHEM=1 -DWRF_KPP -I. -traditional-cpp -DUSE_NETCDF4_FEATURES -DWRFIO_NCD_LARGE_FILE_SUPPORT  rfftmb.F  > rfftmb.f90
ifort -c -real-size 32 -i4  -ip -fp-model precise -w -ftz -align all -fno-alias -FR -convert big_endian   rfftmb.f90
rm -f -f rfftmb.f90
/lib/cpp -P -nostdinc -I/home/onishi/WRF/external/ioapi_share -DEM_CORE=1 -DNMM_CORE=0 -DNMM_MAX_DIM=2600 -DDA_CORE=0 -DWRFPLUS=0 -DIWORDSIZE=4 -DDWORDSIZE=8 -DRWORDSIZE=4 -DLWORDSIZE=4 -DNONSTANDARD_SYSTEM_FUNC  -DWRF_USE_CLM -DUSE_NETCDF4_FEATURES -DWRFIO_NCD_LARGE_FILE_SUPPORT  -DDM_PARALLEL -DNETCDF -DGRIB2 -DHDF5 -DLANDREAD_STUB=1 -DUSE_ALLOCATABLES -Dwrfmodel -DGRIB1 -DINTIO -DKEEP_INT_AROUND -DLIMIT_ARGS -DBUILD_RRTMG_FAST=0 -DBUILD_RRTMK=0 -DBUILD_SBM_FAST=1 -DSHOW_ALL_VARS_USED=0 -DCONFIG_BUF_LEN=65536 -DMAX_DOMAINS_F=21 -DMAX_HISTORY=25 -DNMM_NEST=0 -DWRF_CHEM -DBUILD_CHEM=1 -DWRF_KPP -I. -traditional-cpp -DUSE_NETCDF4_FEATURES -DWRFIO_NCD_LARGE_FILE_SUPPORT  sintb1.F  > sintb1.f90
ifort -c -real-size 32 -i4  -ip -fp-model precise -w -ftz -align all -fno-alias -FR -convert big_endian   sintb1.f90
rm -f -f mradbg.f90
/lib/cpp -P -nostdinc -I/home/onishi/WRF/external/ioapi_share -DEM_CORE=1 -DNMM_CORE=0 -DNMM_MAX_DIM=2600 -DDA_CORE=0 -DWRFPLUS=0 -DIWORDSIZE=4 -DDWORDSIZE=8 -DRWORDSIZE=4 -DLWORDSIZE=4 -DNONSTANDARD_SYSTEM_FUNC  -DWRF_USE_CLM -DUSE_NETCDF4_FEATURES -DWRFIO_NCD_LARGE_FILE_SUPPORT  -DDM_PARALLEL -DNETCDF -DGRIB2 -DHDF5 -DLANDREAD_STUB=1 -DUSE_ALLOCATABLES -Dwrfmodel -DGRIB1 -DINTIO -DKEEP_INT_AROUND -DLIMIT_ARGS -DBUILD_RRTMG_FAST=0 -DBUILD_RRTMK=0 -DBUILD_SBM_FAST=1 -DSHOW_ALL_VARS_USED=0 -DCONFIG_BUF_LEN=65536 -DMAX_DOMAINS_F=21 -DMAX_HISTORY=25 -DNMM_NEST=0 -DWRF_CHEM -DBUILD_CHEM=1 -DWRF_KPP -I. -traditional-cpp -DUSE_NETCDF4_FEATURES -DWRFIO_NCD_LARGE_FILE_SUPPORT  z1f4kf.F  > z1f4kf.f90
ifort -c -real-size 32 -i4  -ip -fp-model precise -w -ftz -align all -fno-alias -FR -convert big_endian   z1f4kf.f90
rm -f -f sintb1.f90
/lib/cpp -P -nostdinc -I/home/onishi/WRF/external/ioapi_share -DEM_CORE=1 -DNMM_CORE=0 -DNMM_MAX_DIM=2600 -DDA_CORE=0 -DWRFPLUS=0 -DIWORDSIZE=4 -DDWORDSIZE=8 -DRWORDSIZE=4 -DLWORDSIZE=4 -DNONSTANDARD_SYSTEM_FUNC  -DWRF_USE_CLM -DUSE_NETCDF4_FEATURES -DWRFIO_NCD_LARGE_FILE_SUPPORT  -DDM_PARALLEL -DNETCDF -DGRIB2 -DHDF5 -DLANDREAD_STUB=1 -DUSE_ALLOCATABLES -Dwrfmodel -DGRIB1 -DINTIO -DKEEP_INT_AROUND -DLIMIT_ARGS -DBUILD_RRTMG_FAST=0 -DBUILD_RRTMK=0 -DBUILD_SBM_FAST=1 -DSHOW_ALL_VARS_USED=0 -DCONFIG_BUF_LEN=65536 -DMAX_DOMAINS_F=21 -DMAX_HISTORY=25 -DNMM_NEST=0 -DWRF_CHEM -DBUILD_CHEM=1 -DWRF_KPP -I. -traditional-cpp -DUSE_NETCDF4_FEATURES -DWRFIO_NCD_LARGE_FILE_SUPPORT  zfft2i.F  > zfft2i.f90
ifort -c -real-size 32 -i4  -ip -fp-model precise -w -ftz -align all -fno-alias -FR -convert big_endian   zfft2i.f90
rm -f -f zfft2i.f90
/lib/cpp -P -nostdinc -I/home/onishi/WRF/external/ioapi_share -DEM_CORE=1 -DNMM_CORE=0 -DNMM_MAX_DIM=2600 -DDA_CORE=0 -DWRFPLUS=0 -DIWORDSIZE=4 -DDWORDSIZE=8 -DRWORDSIZE=4 -DLWORDSIZE=4 -DNONSTANDARD_SYSTEM_FUNC  -DWRF_USE_CLM -DUSE_NETCDF4_FEATURES -DWRFIO_NCD_LARGE_FILE_SUPPORT  -DDM_PARALLEL -DNETCDF -DGRIB2 -DHDF5 -DLANDREAD_STUB=1 -DUSE_ALLOCATABLES -Dwrfmodel -DGRIB1 -DINTIO -DKEEP_INT_AROUND -DLIMIT_ARGS -DBUILD_RRTMG_FAST=0 -DBUILD_RRTMK=0 -DBUILD_SBM_FAST=1 -DSHOW_ALL_VARS_USED=0 -DCONFIG_BUF_LEN=65536 -DMAX_DOMAINS_F=21 -DMAX_HISTORY=25 -DNMM_NEST=0 -DWRF_CHEM -DBUILD_CHEM=1 -DWRF_KPP -I. -traditional-cpp -DUSE_NETCDF4_FEATURES -DWRFIO_NCD_LARGE_FILE_SUPPORT  zmfgkb.F  > zmfgkb.f90
ifort -c -real-size 32 -i4  -ip -fp-model precise -w -ftz -align all -fno-alias -FR -convert big_endian   zmfgkb.f90
rm -f -f z1f4kf.f90
/lib/cpp -P -nostdinc -I/home/onishi/WRF/external/ioapi_share -DEM_CORE=1 -DNMM_CORE=0 -DNMM_MAX_DIM=2600 -DDA_CORE=0 -DWRFPLUS=0 -DIWORDSIZE=4 -DDWORDSIZE=8 -DRWORDSIZE=4 -DLWORDSIZE=4 -DNONSTANDARD_SYSTEM_FUNC  -DWRF_USE_CLM -DUSE_NETCDF4_FEATURES -DWRFIO_NCD_LARGE_FILE_SUPPORT  -DDM_PARALLEL -DNETCDF -DGRIB2 -DHDF5 -DLANDREAD_STUB=1 -DUSE_ALLOCATABLES -Dwrfmodel -DGRIB1 -DINTIO -DKEEP_INT_AROUND -DLIMIT_ARGS -DBUILD_RRTMG_FAST=0 -DBUILD_RRTMK=0 -DBUILD_SBM_FAST=1 -DSHOW_ALL_VARS_USED=0 -DCONFIG_BUF_LEN=65536 -DMAX_DOMAINS_F=21 -DMAX_HISTORY=25 -DNMM_NEST=0 -DWRF_CHEM -DBUILD_CHEM=1 -DWRF_KPP -I. -traditional-cpp -DUSE_NETCDF4_FEATURES -DWRFIO_NCD_LARGE_FILE_SUPPORT  c1f4kf.F  > c1f4kf.f90
ifort -c -real-size 32 -i4  -ip -fp-model precise -w -ftz -align all -fno-alias -FR -convert big_endian   c1f4kf.f90
rm -f -f zmfgkb.f90
/lib/cpp -P -nostdinc -I/home/onishi/WRF/external/ioapi_share -DEM_CORE=1 -DNMM_CORE=0 -DNMM_MAX_DIM=2600 -DDA_CORE=0 -DWRFPLUS=0 -DIWORDSIZE=4 -DDWORDSIZE=8 -DRWORDSIZE=4 -DLWORDSIZE=4 -DNONSTANDARD_SYSTEM_FUNC  -DWRF_USE_CLM -DUSE_NETCDF4_FEATURES -DWRFIO_NCD_LARGE_FILE_SUPPORT  -DDM_PARALLEL -DNETCDF -DGRIB2 -DHDF5 -DLANDREAD_STUB=1 -DUSE_ALLOCATABLES -Dwrfmodel -DGRIB1 -DINTIO -DKEEP_INT_AROUND -DLIMIT_ARGS -DBUILD_RRTMG_FAST=0 -DBUILD_RRTMK=0 -DBUILD_SBM_FAST=1 -DSHOW_ALL_VARS_USED=0 -DCONFIG_BUF_LEN=65536 -DMAX_DOMAINS_F=21 -DMAX_HISTORY=25 -DNMM_NEST=0 -DWRF_CHEM -DBUILD_CHEM=1 -DWRF_KPP -I. -traditional-cpp -DUSE_NETCDF4_FEATURES -DWRFIO_NCD_LARGE_FILE_SUPPORT  cfft2i.F  > cfft2i.f90
ifort -c -real-size 32 -i4  -ip -fp-model precise -w -ftz -align all -fno-alias -FR -convert big_endian   cfft2i.f90
rm -f -f c1f4kf.f90
/lib/cpp -P -nostdinc -I/home/onishi/WRF/external/ioapi_share -DEM_CORE=1 -DNMM_CORE=0 -DNMM_MAX_DIM=2600 -DDA_CORE=0 -DWRFPLUS=0 -DIWORDSIZE=4 -DDWORDSIZE=8 -DRWORDSIZE=4 -DLWORDSIZE=4 -DNONSTANDARD_SYSTEM_FUNC  -DWRF_USE_CLM -DUSE_NETCDF4_FEATURES -DWRFIO_NCD_LARGE_FILE_SUPPORT  -DDM_PARALLEL -DNETCDF -DGRIB2 -DHDF5 -DLANDREAD_STUB=1 -DUSE_ALLOCATABLES -Dwrfmodel -DGRIB1 -DINTIO -DKEEP_INT_AROUND -DLIMIT_ARGS -DBUILD_RRTMG_FAST=0 -DBUILD_RRTMK=0 -DBUILD_SBM_FAST=1 -DSHOW_ALL_VARS_USED=0 -DCONFIG_BUF_LEN=65536 -DMAX_DOMAINS_F=21 -DMAX_HISTORY=25 -DNMM_NEST=0 -DWRF_CHEM -DBUILD_CHEM=1 -DWRF_KPP -I. -traditional-cpp -DUSE_NETCDF4_FEATURES -DWRFIO_NCD_LARGE_FILE_SUPPORT  cmfgkb.F  > cmfgkb.f90
ifort -c -real-size 32 -i4  -ip -fp-model precise -w -ftz -align all -fno-alias -FR -convert big_endian   cmfgkb.f90
rm -f -f cfft2i.f90
/lib/cpp -P -nostdinc -I/home/onishi/WRF/external/ioapi_share -DEM_CORE=1 -DNMM_CORE=0 -DNMM_MAX_DIM=2600 -DDA_CORE=0 -DWRFPLUS=0 -DIWORDSIZE=4 -DDWORDSIZE=8 -DRWORDSIZE=4 -DLWORDSIZE=4 -DNONSTANDARD_SYSTEM_FUNC  -DWRF_USE_CLM -DUSE_NETCDF4_FEATURES -DWRFIO_NCD_LARGE_FILE_SUPPORT  -DDM_PARALLEL -DNETCDF -DGRIB2 -DHDF5 -DLANDREAD_STUB=1 -DUSE_ALLOCATABLES -Dwrfmodel -DGRIB1 -DINTIO -DKEEP_INT_AROUND -DLIMIT_ARGS -DBUILD_RRTMG_FAST=0 -DBUILD_RRTMK=0 -DBUILD_SBM_FAST=1 -DSHOW_ALL_VARS_USED=0 -DCONFIG_BUF_LEN=65536 -DMAX_DOMAINS_F=21 -DMAX_HISTORY=25 -DNMM_NEST=0 -DWRF_CHEM -DBUILD_CHEM=1 -DWRF_KPP -I. -traditional-cpp -DUSE_NETCDF4_FEATURES -DWRFIO_NCD_LARGE_FILE_SUPPORT  cost1b.F  > cost1b.f90
ifort -c -real-size 32 -i4  -ip -fp-model precise -w -ftz -align all -fno-alias -FR -convert big_endian   cost1b.f90
rm -f -f cost1b.f90
/lib/cpp -P -nostdinc -I/home/onishi/WRF/external/ioapi_share -DEM_CORE=1 -DNMM_CORE=0 -DNMM_MAX_DIM=2600 -DDA_CORE=0 -DWRFPLUS=0 -DIWORDSIZE=4 -DDWORDSIZE=8 -DRWORDSIZE=4 -DLWORDSIZE=4 -DNONSTANDARD_SYSTEM_FUNC  -DWRF_USE_CLM -DUSE_NETCDF4_FEATURES -DWRFIO_NCD_LARGE_FILE_SUPPORT  -DDM_PARALLEL -DNETCDF -DGRIB2 -DHDF5 -DLANDREAD_STUB=1 -DUSE_ALLOCATABLES -Dwrfmodel -DGRIB1 -DINTIO -DKEEP_INT_AROUND -DLIMIT_ARGS -DBUILD_RRTMG_FAST=0 -DBUILD_RRTMK=0 -DBUILD_SBM_FAST=1 -DSHOW_ALL_VARS_USED=0 -DCONFIG_BUF_LEN=65536 -DMAX_DOMAINS_F=21 -DMAX_HISTORY=25 -DNMM_NEST=0 -DWRF_CHEM -DBUILD_CHEM=1 -DWRF_KPP -I. -traditional-cpp -DUSE_NETCDF4_FEATURES -DWRFIO_NCD_LARGE_FILE_SUPPORT  d1f4kb.F  > d1f4kb.f90
ifort -c -real-size 32 -i4  -ip -fp-model precise -w -ftz -align all -fno-alias -FR -convert big_endian   d1f4kb.f90
rm -f -f cmfgkb.f90
/lib/cpp -P -nostdinc -I/home/onishi/WRF/external/ioapi_share -DEM_CORE=1 -DNMM_CORE=0 -DNMM_MAX_DIM=2600 -DDA_CORE=0 -DWRFPLUS=0 -DIWORDSIZE=4 -DDWORDSIZE=8 -DRWORDSIZE=4 -DLWORDSIZE=4 -DNONSTANDARD_SYSTEM_FUNC  -DWRF_USE_CLM -DUSE_NETCDF4_FEATURES -DWRFIO_NCD_LARGE_FILE_SUPPORT  -DDM_PARALLEL -DNETCDF -DGRIB2 -DHDF5 -DLANDREAD_STUB=1 -DUSE_ALLOCATABLES -Dwrfmodel -DGRIB1 -DINTIO -DKEEP_INT_AROUND -DLIMIT_ARGS -DBUILD_RRTMG_FAST=0 -DBUILD_RRTMK=0 -DBUILD_SBM_FAST=1 -DSHOW_ALL_VARS_USED=0 -DCONFIG_BUF_LEN=65536 -DMAX_DOMAINS_F=21 -DMAX_HISTORY=25 -DNMM_NEST=0 -DWRF_CHEM -DBUILD_CHEM=1 -DWRF_KPP -I. -traditional-cpp -DUSE_NETCDF4_FEATURES -DWRFIO_NCD_LARGE_FILE_SUPPORT  dcost1f.F  > dcost1f.f90
ifort -c -real-size 32 -i4  -ip -fp-model precise -w -ftz -align all -fno-alias -FR -convert big_endian   dcost1f.f90
rm -f -f d1f4kb.f90
/lib/cpp -P -nostdinc -I/home/onishi/WRF/external/ioapi_share -DEM_CORE=1 -DNMM_CORE=0 -DNMM_MAX_DIM=2600 -DDA_CORE=0 -DWRFPLUS=0 -DIWORDSIZE=4 -DDWORDSIZE=8 -DRWORDSIZE=4 -DLWORDSIZE=4 -DNONSTANDARD_SYSTEM_FUNC  -DWRF_USE_CLM -DUSE_NETCDF4_FEATURES -DWRFIO_NCD_LARGE_FILE_SUPPORT  -DDM_PARALLEL -DNETCDF -DGRIB2 -DHDF5 -DLANDREAD_STUB=1 -DUSE_ALLOCATABLES -Dwrfmodel -DGRIB1 -DINTIO -DKEEP_INT_AROUND -DLIMIT_ARGS -DBUILD_RRTMG_FAST=0 -DBUILD_RRTMK=0 -DBUILD_SBM_FAST=1 -DSHOW_ALL_VARS_USED=0 -DCONFIG_BUF_LEN=65536 -DMAX_DOMAINS_F=21 -DMAX_HISTORY=25 -DNMM_NEST=0 -DWRF_CHEM -DBUILD_CHEM=1 -DWRF_KPP -I. -traditional-cpp -DUSE_NETCDF4_FEATURES -DWRFIO_NCD_LARGE_FILE_SUPPORT  dsint1i.F  > dsint1i.f90
ifort -c -real-size 32 -i4  -ip -fp-model precise -w -ftz -align all -fno-alias -FR -convert big_endian   dsint1i.f90
rm -f -f dcost1f.f90
/lib/cpp -P -nostdinc -I/home/onishi/WRF/external/ioapi_share -DEM_CORE=1 -DNMM_CORE=0 -DNMM_MAX_DIM=2600 -DDA_CORE=0 -DWRFPLUS=0 -DIWORDSIZE=4 -DDWORDSIZE=8 -DRWORDSIZE=4 -DLWORDSIZE=4 -DNONSTANDARD_SYSTEM_FUNC  -DWRF_USE_CLM -DUSE_NETCDF4_FEATURES -DWRFIO_NCD_LARGE_FILE_SUPPORT  -DDM_PARALLEL -DNETCDF -DGRIB2 -DHDF5 -DLANDREAD_STUB=1 -DUSE_ALLOCATABLES -Dwrfmodel -DGRIB1 -DINTIO -DKEEP_INT_AROUND -DLIMIT_ARGS -DBUILD_RRTMG_FAST=0 -DBUILD_RRTMK=0 -DBUILD_SBM_FAST=1 -DSHOW_ALL_VARS_USED=0 -DCONFIG_BUF_LEN=65536 -DMAX_DOMAINS_F=21 -DMAX_HISTORY=25 -DNMM_NEST=0 -DWRF_CHEM -DBUILD_CHEM=1 -DWRF_KPP -I. -traditional-cpp -DUSE_NETCDF4_FEATURES -DWRFIO_NCD_LARGE_FILE_SUPPORT  mradf2.F  > mradf2.f90
ifort -c -real-size 32 -i4  -ip -fp-model precise -w -ftz -align all -fno-alias -FR -convert big_endian   mradf2.f90
rm -f -f dsint1i.f90
/lib/cpp -P -nostdinc -I/home/onishi/WRF/external/ioapi_share -DEM_CORE=1 -DNMM_CORE=0 -DNMM_MAX_DIM=2600 -DDA_CORE=0 -DWRFPLUS=0 -DIWORDSIZE=4 -DDWORDSIZE=8 -DRWORDSIZE=4 -DLWORDSIZE=4 -DNONSTANDARD_SYSTEM_FUNC  -DWRF_USE_CLM -DUSE_NETCDF4_FEATURES -DWRFIO_NCD_LARGE_FILE_SUPPORT  -DDM_PARALLEL -DNETCDF -DGRIB2 -DHDF5 -DLANDREAD_STUB=1 -DUSE_ALLOCATABLES -Dwrfmodel -DGRIB1 -DINTIO -DKEEP_INT_AROUND -DLIMIT_ARGS -DBUILD_RRTMG_FAST=0 -DBUILD_RRTMK=0 -DBUILD_SBM_FAST=1 -DSHOW_ALL_VARS_USED=0 -DCONFIG_BUF_LEN=65536 -DMAX_DOMAINS_F=21 -DMAX_HISTORY=25 -DNMM_NEST=0 -DWRF_CHEM -DBUILD_CHEM=1 -DWRF_KPP -I. -traditional-cpp -DUSE_NETCDF4_FEATURES -DWRFIO_NCD_LARGE_FILE_SUPPORT  r1f3kb.F  > r1f3kb.f90
ifort -c -real-size 32 -i4  -ip -fp-model precise -w -ftz -align all -fno-alias -FR -convert big_endian   r1f3kb.f90
rm -f -f mradf2.f90
/lib/cpp -P -nostdinc -I/home/onishi/WRF/external/ioapi_share -DEM_CORE=1 -DNMM_CORE=0 -DNMM_MAX_DIM=2600 -DDA_CORE=0 -DWRFPLUS=0 -DIWORDSIZE=4 -DDWORDSIZE=8 -DRWORDSIZE=4 -DLWORDSIZE=4 -DNONSTANDARD_SYSTEM_FUNC  -DWRF_USE_CLM -DUSE_NETCDF4_FEATURES -DWRFIO_NCD_LARGE_FILE_SUPPORT  -DDM_PARALLEL -DNETCDF -DGRIB2 -DHDF5 -DLANDREAD_STUB=1 -DUSE_ALLOCATABLES -Dwrfmodel -DGRIB1 -DINTIO -DKEEP_INT_AROUND -DLIMIT_ARGS -DBUILD_RRTMG_FAST=0 -DBUILD_RRTMK=0 -DBUILD_SBM_FAST=1 -DSHOW_ALL_VARS_USED=0 -DCONFIG_BUF_LEN=65536 -DMAX_DOMAINS_F=21 -DMAX_HISTORY=25 -DNMM_NEST=0 -DWRF_CHEM -DBUILD_CHEM=1 -DWRF_KPP -I. -traditional-cpp -DUSE_NETCDF4_FEATURES -DWRFIO_NCD_LARGE_FILE_SUPPORT  r8_mcfti1.F  > r8_mcfti1.f90
ifort -c -real-size 32 -i4  -ip -fp-model precise -w -ftz -align all -fno-alias -FR -convert big_endian   r8_mcfti1.f90
rm -f -f r1f3kb.f90
/lib/cpp -P -nostdinc -I/home/onishi/WRF/external/ioapi_share -DEM_CORE=1 -DNMM_CORE=0 -DNMM_MAX_DIM=2600 -DDA_CORE=0 -DWRFPLUS=0 -DIWORDSIZE=4 -DDWORDSIZE=8 -DRWORDSIZE=4 -DLWORDSIZE=4 -DNONSTANDARD_SYSTEM_FUNC  -DWRF_USE_CLM -DUSE_NETCDF4_FEATURES -DWRFIO_NCD_LARGE_FILE_SUPPORT  -DDM_PARALLEL -DNETCDF -DGRIB2 -DHDF5 -DLANDREAD_STUB=1 -DUSE_ALLOCATABLES -Dwrfmodel -DGRIB1 -DINTIO -DKEEP_INT_AROUND -DLIMIT_ARGS -DBUILD_RRTMG_FAST=0 -DBUILD_RRTMK=0 -DBUILD_SBM_FAST=1 -DSHOW_ALL_VARS_USED=0 -DCONFIG_BUF_LEN=65536 -DMAX_DOMAINS_F=21 -DMAX_HISTORY=25 -DNMM_NEST=0 -DWRF_CHEM -DBUILD_CHEM=1 -DWRF_KPP -I. -traditional-cpp -DUSE_NETCDF4_FEATURES -DWRFIO_NCD_LARGE_FILE_SUPPORT  rfftmf.F  > rfftmf.f90
ifort -c -real-size 32 -i4  -ip -fp-model precise -w -ftz -align all -fno-alias -FR -convert big_endian   rfftmf.f90
rm -f -f r8_mcfti1.f90
/lib/cpp -P -nostdinc -I/home/onishi/WRF/external/ioapi_share -DEM_CORE=1 -DNMM_CORE=0 -DNMM_MAX_DIM=2600 -DDA_CORE=0 -DWRFPLUS=0 -DIWORDSIZE=4 -DDWORDSIZE=8 -DRWORDSIZE=4 -DLWORDSIZE=4 -DNONSTANDARD_SYSTEM_FUNC  -DWRF_USE_CLM -DUSE_NETCDF4_FEATURES -DWRFIO_NCD_LARGE_FILE_SUPPORT  -DDM_PARALLEL -DNETCDF -DGRIB2 -DHDF5 -DLANDREAD_STUB=1 -DUSE_ALLOCATABLES -Dwrfmodel -DGRIB1 -DINTIO -DKEEP_INT_AROUND -DLIMIT_ARGS -DBUILD_RRTMG_FAST=0 -DBUILD_RRTMK=0 -DBUILD_SBM_FAST=1 -DSHOW_ALL_VARS_USED=0 -DCONFIG_BUF_LEN=65536 -DMAX_DOMAINS_F=21 -DMAX_HISTORY=25 -DNMM_NEST=0 -DWRF_CHEM -DBUILD_CHEM=1 -DWRF_KPP -I. -traditional-cpp -DUSE_NETCDF4_FEATURES -DWRFIO_NCD_LARGE_FILE_SUPPORT  sintf1.F  > sintf1.f90
ifort -c -real-size 32 -i4  -ip -fp-model precise -w -ftz -align all -fno-alias -FR -convert big_endian   sintf1.f90
rm -f -f rfftmf.f90
/lib/cpp -P -nostdinc -I/home/onishi/WRF/external/ioapi_share -DEM_CORE=1 -DNMM_CORE=0 -DNMM_MAX_DIM=2600 -DDA_CORE=0 -DWRFPLUS=0 -DIWORDSIZE=4 -DDWORDSIZE=8 -DRWORDSIZE=4 -DLWORDSIZE=4 -DNONSTANDARD_SYSTEM_FUNC  -DWRF_USE_CLM -DUSE_NETCDF4_FEATURES -DWRFIO_NCD_LARGE_FILE_SUPPORT  -DDM_PARALLEL -DNETCDF -DGRIB2 -DHDF5 -DLANDREAD_STUB=1 -DUSE_ALLOCATABLES -Dwrfmodel -DGRIB1 -DINTIO -DKEEP_INT_AROUND -DLIMIT_ARGS -DBUILD_RRTMG_FAST=0 -DBUILD_RRTMK=0 -DBUILD_SBM_FAST=1 -DSHOW_ALL_VARS_USED=0 -DCONFIG_BUF_LEN=65536 -DMAX_DOMAINS_F=21 -DMAX_HISTORY=25 -DNMM_NEST=0 -DWRF_CHEM -DBUILD_CHEM=1 -DWRF_KPP -I. -traditional-cpp -DUSE_NETCDF4_FEATURES -DWRFIO_NCD_LARGE_FILE_SUPPORT  z1f5kb.F  > z1f5kb.f90
ifort -c -real-size 32 -i4  -ip -fp-model precise -w -ftz -align all -fno-alias -FR -convert big_endian   z1f5kb.f90
rm -f -f sintf1.f90
/lib/cpp -P -nostdinc -I/home/onishi/WRF/external/ioapi_share -DEM_CORE=1 -DNMM_CORE=0 -DNMM_MAX_DIM=2600 -DDA_CORE=0 -DWRFPLUS=0 -DIWORDSIZE=4 -DDWORDSIZE=8 -DRWORDSIZE=4 -DLWORDSIZE=4 -DNONSTANDARD_SYSTEM_FUNC  -DWRF_USE_CLM -DUSE_NETCDF4_FEATURES -DWRFIO_NCD_LARGE_FILE_SUPPORT  -DDM_PARALLEL -DNETCDF -DGRIB2 -DHDF5 -DLANDREAD_STUB=1 -DUSE_ALLOCATABLES -Dwrfmodel -DGRIB1 -DINTIO -DKEEP_INT_AROUND -DLIMIT_ARGS -DBUILD_RRTMG_FAST=0 -DBUILD_RRTMK=0 -DBUILD_SBM_FAST=1 -DSHOW_ALL_VARS_USED=0 -DCONFIG_BUF_LEN=65536 -DMAX_DOMAINS_F=21 -DMAX_HISTORY=25 -DNMM_NEST=0 -DWRF_CHEM -DBUILD_CHEM=1 -DWRF_KPP -I. -traditional-cpp -DUSE_NETCDF4_FEATURES -DWRFIO_NCD_LARGE_FILE_SUPPORT  zfftmb.F  > zfftmb.f90
ifort -c -real-size 32 -i4  -ip -fp-model precise -w -ftz -align all -fno-alias -FR -convert big_endian   zfftmb.f90
rm -f -f zfftmb.f90
/lib/cpp -P -nostdinc -I/home/onishi/WRF/external/ioapi_share -DEM_CORE=1 -DNMM_CORE=0 -DNMM_MAX_DIM=2600 -DDA_CORE=0 -DWRFPLUS=0 -DIWORDSIZE=4 -DDWORDSIZE=8 -DRWORDSIZE=4 -DLWORDSIZE=4 -DNONSTANDARD_SYSTEM_FUNC  -DWRF_USE_CLM -DUSE_NETCDF4_FEATURES -DWRFIO_NCD_LARGE_FILE_SUPPORT  -DDM_PARALLEL -DNETCDF -DGRIB2 -DHDF5 -DLANDREAD_STUB=1 -DUSE_ALLOCATABLES -Dwrfmodel -DGRIB1 -DINTIO -DKEEP_INT_AROUND -DLIMIT_ARGS -DBUILD_RRTMG_FAST=0 -DBUILD_RRTMK=0 -DBUILD_SBM_FAST=1 -DSHOW_ALL_VARS_USED=0 -DCONFIG_BUF_LEN=65536 -DMAX_DOMAINS_F=21 -DMAX_HISTORY=25 -DNMM_NEST=0 -DWRF_CHEM -DBUILD_CHEM=1 -DWRF_KPP -I. -traditional-cpp -DUSE_NETCDF4_FEATURES -DWRFIO_NCD_LARGE_FILE_SUPPORT  zmfgkf.F  > zmfgkf.f90
ifort -c -real-size 32 -i4  -ip -fp-model precise -w -ftz -align all -fno-alias -FR -convert big_endian   zmfgkf.f90
rm -f -f z1f5kb.f90
/lib/cpp -P -nostdinc -I/home/onishi/WRF/external/ioapi_share -DEM_CORE=1 -DNMM_CORE=0 -DNMM_MAX_DIM=2600 -DDA_CORE=0 -DWRFPLUS=0 -DIWORDSIZE=4 -DDWORDSIZE=8 -DRWORDSIZE=4 -DLWORDSIZE=4 -DNONSTANDARD_SYSTEM_FUNC  -DWRF_USE_CLM -DUSE_NETCDF4_FEATURES -DWRFIO_NCD_LARGE_FILE_SUPPORT  -DDM_PARALLEL -DNETCDF -DGRIB2 -DHDF5 -DLANDREAD_STUB=1 -DUSE_ALLOCATABLES -Dwrfmodel -DGRIB1 -DINTIO -DKEEP_INT_AROUND -DLIMIT_ARGS -DBUILD_RRTMG_FAST=0 -DBUILD_RRTMK=0 -DBUILD_SBM_FAST=1 -DSHOW_ALL_VARS_USED=0 -DCONFIG_BUF_LEN=65536 -DMAX_DOMAINS_F=21 -DMAX_HISTORY=25 -DNMM_NEST=0 -DWRF_CHEM -DBUILD_CHEM=1 -DWRF_KPP -I. -traditional-cpp -DUSE_NETCDF4_FEATURES -DWRFIO_NCD_LARGE_FILE_SUPPORT  c1f5kb.F  > c1f5kb.f90
ifort -c -real-size 32 -i4  -ip -fp-model precise -w -ftz -align all -fno-alias -FR -convert big_endian   c1f5kb.f90
rm -f -f c1f5kb.f90
rm -f -f zmfgkf.f90
/lib/cpp -P -nostdinc -I/home/onishi/WRF/external/ioapi_share -DEM_CORE=1 -DNMM_CORE=0 -DNMM_MAX_DIM=2600 -DDA_CORE=0 -DWRFPLUS=0 -DIWORDSIZE=4 -DDWORDSIZE=8 -DRWORDSIZE=4 -DLWORDSIZE=4 -DNONSTANDARD_SYSTEM_FUNC  -DWRF_USE_CLM -DUSE_NETCDF4_FEATURES -DWRFIO_NCD_LARGE_FILE_SUPPORT  -DDM_PARALLEL -DNETCDF -DGRIB2 -DHDF5 -DLANDREAD_STUB=1 -DUSE_ALLOCATABLES -Dwrfmodel -DGRIB1 -DINTIO -DKEEP_INT_AROUND -DLIMIT_ARGS -DBUILD_RRTMG_FAST=0 -DBUILD_RRTMK=0 -DBUILD_SBM_FAST=1 -DSHOW_ALL_VARS_USED=0 -DCONFIG_BUF_LEN=65536 -DMAX_DOMAINS_F=21 -DMAX_HISTORY=25 -DNMM_NEST=0 -DWRF_CHEM -DBUILD_CHEM=1 -DWRF_KPP -I. -traditional-cpp -DUSE_NETCDF4_FEATURES -DWRFIO_NCD_LARGE_FILE_SUPPORT  cfftmb.F  > cfftmb.f90
/lib/cpp -P -nostdinc -I/home/onishi/WRF/external/ioapi_share -DEM_CORE=1 -DNMM_CORE=0 -DNMM_MAX_DIM=2600 -DDA_CORE=0 -DWRFPLUS=0 -DIWORDSIZE=4 -DDWORDSIZE=8 -DRWORDSIZE=4 -DLWORDSIZE=4 -DNONSTANDARD_SYSTEM_FUNC  -DWRF_USE_CLM -DUSE_NETCDF4_FEATURES -DWRFIO_NCD_LARGE_FILE_SUPPORT  -DDM_PARALLEL -DNETCDF -DGRIB2 -DHDF5 -DLANDREAD_STUB=1 -DUSE_ALLOCATABLES -Dwrfmodel -DGRIB1 -DINTIO -DKEEP_INT_AROUND -DLIMIT_ARGS -DBUILD_RRTMG_FAST=0 -DBUILD_RRTMK=0 -DBUILD_SBM_FAST=1 -DSHOW_ALL_VARS_USED=0 -DCONFIG_BUF_LEN=65536 -DMAX_DOMAINS_F=21 -DMAX_HISTORY=25 -DNMM_NEST=0 -DWRF_CHEM -DBUILD_CHEM=1 -DWRF_KPP -I. -traditional-cpp -DUSE_NETCDF4_FEATURES -DWRFIO_NCD_LARGE_FILE_SUPPORT  cmfgkf.F  > cmfgkf.f90
ifort -c -real-size 32 -i4  -ip -fp-model precise -w -ftz -align all -fno-alias -FR -convert big_endian   cfftmb.f90
ifort -c -real-size 32 -i4  -ip -fp-model precise -w -ftz -align all -fno-alias -FR -convert big_endian   cmfgkf.f90
rm -f -f cfftmb.f90
/lib/cpp -P -nostdinc -I/home/onishi/WRF/external/ioapi_share -DEM_CORE=1 -DNMM_CORE=0 -DNMM_MAX_DIM=2600 -DDA_CORE=0 -DWRFPLUS=0 -DIWORDSIZE=4 -DDWORDSIZE=8 -DRWORDSIZE=4 -DLWORDSIZE=4 -DNONSTANDARD_SYSTEM_FUNC  -DWRF_USE_CLM -DUSE_NETCDF4_FEATURES -DWRFIO_NCD_LARGE_FILE_SUPPORT  -DDM_PARALLEL -DNETCDF -DGRIB2 -DHDF5 -DLANDREAD_STUB=1 -DUSE_ALLOCATABLES -Dwrfmodel -DGRIB1 -DINTIO -DKEEP_INT_AROUND -DLIMIT_ARGS -DBUILD_RRTMG_FAST=0 -DBUILD_RRTMK=0 -DBUILD_SBM_FAST=1 -DSHOW_ALL_VARS_USED=0 -DCONFIG_BUF_LEN=65536 -DMAX_DOMAINS_F=21 -DMAX_HISTORY=25 -DNMM_NEST=0 -DWRF_CHEM -DBUILD_CHEM=1 -DWRF_KPP -I. -traditional-cpp -DUSE_NETCDF4_FEATURES -DWRFIO_NCD_LARGE_FILE_SUPPORT  cost1f.F  > cost1f.f90
ifort -c -real-size 32 -i4  -ip -fp-model precise -w -ftz -align all -fno-alias -FR -convert big_endian   cost1f.f90
rm -f -f cost1f.f90
/lib/cpp -P -nostdinc -I/home/onishi/WRF/external/ioapi_share -DEM_CORE=1 -DNMM_CORE=0 -DNMM_MAX_DIM=2600 -DDA_CORE=0 -DWRFPLUS=0 -DIWORDSIZE=4 -DDWORDSIZE=8 -DRWORDSIZE=4 -DLWORDSIZE=4 -DNONSTANDARD_SYSTEM_FUNC  -DWRF_USE_CLM -DUSE_NETCDF4_FEATURES -DWRFIO_NCD_LARGE_FILE_SUPPORT  -DDM_PARALLEL -DNETCDF -DGRIB2 -DHDF5 -DLANDREAD_STUB=1 -DUSE_ALLOCATABLES -Dwrfmodel -DGRIB1 -DINTIO -DKEEP_INT_AROUND -DLIMIT_ARGS -DBUILD_RRTMG_FAST=0 -DBUILD_RRTMK=0 -DBUILD_SBM_FAST=1 -DSHOW_ALL_VARS_USED=0 -DCONFIG_BUF_LEN=65536 -DMAX_DOMAINS_F=21 -DMAX_HISTORY=25 -DNMM_NEST=0 -DWRF_CHEM -DBUILD_CHEM=1 -DWRF_KPP -I. -traditional-cpp -DUSE_NETCDF4_FEATURES -DWRFIO_NCD_LARGE_FILE_SUPPORT  d1f4kf.F  > d1f4kf.f90
ifort -c -real-size 32 -i4  -ip -fp-model precise -w -ftz -align all -fno-alias -FR -convert big_endian   d1f4kf.f90
rm -f -f cmfgkf.f90
/lib/cpp -P -nostdinc -I/home/onishi/WRF/external/ioapi_share -DEM_CORE=1 -DNMM_CORE=0 -DNMM_MAX_DIM=2600 -DDA_CORE=0 -DWRFPLUS=0 -DIWORDSIZE=4 -DDWORDSIZE=8 -DRWORDSIZE=4 -DLWORDSIZE=4 -DNONSTANDARD_SYSTEM_FUNC  -DWRF_USE_CLM -DUSE_NETCDF4_FEATURES -DWRFIO_NCD_LARGE_FILE_SUPPORT  -DDM_PARALLEL -DNETCDF -DGRIB2 -DHDF5 -DLANDREAD_STUB=1 -DUSE_ALLOCATABLES -Dwrfmodel -DGRIB1 -DINTIO -DKEEP_INT_AROUND -DLIMIT_ARGS -DBUILD_RRTMG_FAST=0 -DBUILD_RRTMK=0 -DBUILD_SBM_FAST=1 -DSHOW_ALL_VARS_USED=0 -DCONFIG_BUF_LEN=65536 -DMAX_DOMAINS_F=21 -DMAX_HISTORY=25 -DNMM_NEST=0 -DWRF_CHEM -DBUILD_CHEM=1 -DWRF_KPP -I. -traditional-cpp -DUSE_NETCDF4_FEATURES -DWRFIO_NCD_LARGE_FILE_SUPPORT  dcost1i.F  > dcost1i.f90
ifort -c -real-size 32 -i4  -ip -fp-model precise -w -ftz -align all -fno-alias -FR -convert big_endian   dcost1i.f90
rm -f -f dcost1i.f90
/lib/cpp -P -nostdinc -I/home/onishi/WRF/external/ioapi_share -DEM_CORE=1 -DNMM_CORE=0 -DNMM_MAX_DIM=2600 -DDA_CORE=0 -DWRFPLUS=0 -DIWORDSIZE=4 -DDWORDSIZE=8 -DRWORDSIZE=4 -DLWORDSIZE=4 -DNONSTANDARD_SYSTEM_FUNC  -DWRF_USE_CLM -DUSE_NETCDF4_FEATURES -DWRFIO_NCD_LARGE_FILE_SUPPORT  -DDM_PARALLEL -DNETCDF -DGRIB2 -DHDF5 -DLANDREAD_STUB=1 -DUSE_ALLOCATABLES -Dwrfmodel -DGRIB1 -DINTIO -DKEEP_INT_AROUND -DLIMIT_ARGS -DBUILD_RRTMG_FAST=0 -DBUILD_RRTMK=0 -DBUILD_SBM_FAST=1 -DSHOW_ALL_VARS_USED=0 -DCONFIG_BUF_LEN=65536 -DMAX_DOMAINS_F=21 -DMAX_HISTORY=25 -DNMM_NEST=0 -DWRF_CHEM -DBUILD_CHEM=1 -DWRF_KPP -I. -traditional-cpp -DUSE_NETCDF4_FEATURES -DWRFIO_NCD_LARGE_FILE_SUPPORT  dsintb1.F  > dsintb1.f90
ifort -c -real-size 32 -i4  -ip -fp-model precise -w -ftz -align all -fno-alias -FR -convert big_endian   dsintb1.f90
rm -f -f d1f4kf.f90
/lib/cpp -P -nostdinc -I/home/onishi/WRF/external/ioapi_share -DEM_CORE=1 -DNMM_CORE=0 -DNMM_MAX_DIM=2600 -DDA_CORE=0 -DWRFPLUS=0 -DIWORDSIZE=4 -DDWORDSIZE=8 -DRWORDSIZE=4 -DLWORDSIZE=4 -DNONSTANDARD_SYSTEM_FUNC  -DWRF_USE_CLM -DUSE_NETCDF4_FEATURES -DWRFIO_NCD_LARGE_FILE_SUPPORT  -DDM_PARALLEL -DNETCDF -DGRIB2 -DHDF5 -DLANDREAD_STUB=1 -DUSE_ALLOCATABLES -Dwrfmodel -DGRIB1 -DINTIO -DKEEP_INT_AROUND -DLIMIT_ARGS -DBUILD_RRTMG_FAST=0 -DBUILD_RRTMK=0 -DBUILD_SBM_FAST=1 -DSHOW_ALL_VARS_USED=0 -DCONFIG_BUF_LEN=65536 -DMAX_DOMAINS_F=21 -DMAX_HISTORY=25 -DNMM_NEST=0 -DWRF_CHEM -DBUILD_CHEM=1 -DWRF_KPP -I. -traditional-cpp -DUSE_NETCDF4_FEATURES -DWRFIO_NCD_LARGE_FILE_SUPPORT  mradf3.F  > mradf3.f90
ifort -c -real-size 32 -i4  -ip -fp-model precise -w -ftz -align all -fno-alias -FR -convert big_endian   mradf3.f90
rm -f -f dsintb1.f90
/lib/cpp -P -nostdinc -I/home/onishi/WRF/external/ioapi_share -DEM_CORE=1 -DNMM_CORE=0 -DNMM_MAX_DIM=2600 -DDA_CORE=0 -DWRFPLUS=0 -DIWORDSIZE=4 -DDWORDSIZE=8 -DRWORDSIZE=4 -DLWORDSIZE=4 -DNONSTANDARD_SYSTEM_FUNC  -DWRF_USE_CLM -DUSE_NETCDF4_FEATURES -DWRFIO_NCD_LARGE_FILE_SUPPORT  -DDM_PARALLEL -DNETCDF -DGRIB2 -DHDF5 -DLANDREAD_STUB=1 -DUSE_ALLOCATABLES -Dwrfmodel -DGRIB1 -DINTIO -DKEEP_INT_AROUND -DLIMIT_ARGS -DBUILD_RRTMG_FAST=0 -DBUILD_RRTMK=0 -DBUILD_SBM_FAST=1 -DSHOW_ALL_VARS_USED=0 -DCONFIG_BUF_LEN=65536 -DMAX_DOMAINS_F=21 -DMAX_HISTORY=25 -DNMM_NEST=0 -DWRF_CHEM -DBUILD_CHEM=1 -DWRF_KPP -I. -traditional-cpp -DUSE_NETCDF4_FEATURES -DWRFIO_NCD_LARGE_FILE_SUPPORT  r1f3kf.F  > r1f3kf.f90
ifort -c -real-size 32 -i4  -ip -fp-model precise -w -ftz -align all -fno-alias -FR -convert big_endian   r1f3kf.f90
rm -f -f mradf3.f90
/lib/cpp -P -nostdinc -I/home/onishi/WRF/external/ioapi_share -DEM_CORE=1 -DNMM_CORE=0 -DNMM_MAX_DIM=2600 -DDA_CORE=0 -DWRFPLUS=0 -DIWORDSIZE=4 -DDWORDSIZE=8 -DRWORDSIZE=4 -DLWORDSIZE=4 -DNONSTANDARD_SYSTEM_FUNC  -DWRF_USE_CLM -DUSE_NETCDF4_FEATURES -DWRFIO_NCD_LARGE_FILE_SUPPORT  -DDM_PARALLEL -DNETCDF -DGRIB2 -DHDF5 -DLANDREAD_STUB=1 -DUSE_ALLOCATABLES -Dwrfmodel -DGRIB1 -DINTIO -DKEEP_INT_AROUND -DLIMIT_ARGS -DBUILD_RRTMG_FAST=0 -DBUILD_RRTMK=0 -DBUILD_SBM_FAST=1 -DSHOW_ALL_VARS_USED=0 -DCONFIG_BUF_LEN=65536 -DMAX_DOMAINS_F=21 -DMAX_HISTORY=25 -DNMM_NEST=0 -DWRF_CHEM -DBUILD_CHEM=1 -DWRF_KPP -I. -traditional-cpp -DUSE_NETCDF4_FEATURES -DWRFIO_NCD_LARGE_FILE_SUPPORT  r8_tables.F  > r8_tables.f90
ifort -c -real-size 32 -i4  -ip -fp-model precise -w -ftz -align all -fno-alias -FR -convert big_endian   r8_tables.f90
rm -f -f r1f3kf.f90
/lib/cpp -P -nostdinc -I/home/onishi/WRF/external/ioapi_share -DEM_CORE=1 -DNMM_CORE=0 -DNMM_MAX_DIM=2600 -DDA_CORE=0 -DWRFPLUS=0 -DIWORDSIZE=4 -DDWORDSIZE=8 -DRWORDSIZE=4 -DLWORDSIZE=4 -DNONSTANDARD_SYSTEM_FUNC  -DWRF_USE_CLM -DUSE_NETCDF4_FEATURES -DWRFIO_NCD_LARGE_FILE_SUPPORT  -DDM_PARALLEL -DNETCDF -DGRIB2 -DHDF5 -DLANDREAD_STUB=1 -DUSE_ALLOCATABLES -Dwrfmodel -DGRIB1 -DINTIO -DKEEP_INT_AROUND -DLIMIT_ARGS -DBUILD_RRTMG_FAST=0 -DBUILD_RRTMK=0 -DBUILD_SBM_FAST=1 -DSHOW_ALL_VARS_USED=0 -DCONFIG_BUF_LEN=65536 -DMAX_DOMAINS_F=21 -DMAX_HISTORY=25 -DNMM_NEST=0 -DWRF_CHEM -DBUILD_CHEM=1 -DWRF_KPP -I. -traditional-cpp -DUSE_NETCDF4_FEATURES -DWRFIO_NCD_LARGE_FILE_SUPPORT  rfftmi.F  > rfftmi.f90
ifort -c -real-size 32 -i4  -ip -fp-model precise -w -ftz -align all -fno-alias -FR -convert big_endian   rfftmi.f90
rm -f -f r8_tables.f90
/lib/cpp -P -nostdinc -I/home/onishi/WRF/external/ioapi_share -DEM_CORE=1 -DNMM_CORE=0 -DNMM_MAX_DIM=2600 -DDA_CORE=0 -DWRFPLUS=0 -DIWORDSIZE=4 -DDWORDSIZE=8 -DRWORDSIZE=4 -DLWORDSIZE=4 -DNONSTANDARD_SYSTEM_FUNC  -DWRF_USE_CLM -DUSE_NETCDF4_FEATURES -DWRFIO_NCD_LARGE_FILE_SUPPORT  -DDM_PARALLEL -DNETCDF -DGRIB2 -DHDF5 -DLANDREAD_STUB=1 -DUSE_ALLOCATABLES -Dwrfmodel -DGRIB1 -DINTIO -DKEEP_INT_AROUND -DLIMIT_ARGS -DBUILD_RRTMG_FAST=0 -DBUILD_RRTMK=0 -DBUILD_SBM_FAST=1 -DSHOW_ALL_VARS_USED=0 -DCONFIG_BUF_LEN=65536 -DMAX_DOMAINS_F=21 -DMAX_HISTORY=25 -DNMM_NEST=0 -DWRF_CHEM -DBUILD_CHEM=1 -DWRF_KPP -I. -traditional-cpp -DUSE_NETCDF4_FEATURES -DWRFIO_NCD_LARGE_FILE_SUPPORT  sintmb.F  > sintmb.f90
ifort -c -real-size 32 -i4  -ip -fp-model precise -w -ftz -align all -fno-alias -FR -convert big_endian   sintmb.f90
rm -f -f rfftmi.f90
/lib/cpp -P -nostdinc -I/home/onishi/WRF/external/ioapi_share -DEM_CORE=1 -DNMM_CORE=0 -DNMM_MAX_DIM=2600 -DDA_CORE=0 -DWRFPLUS=0 -DIWORDSIZE=4 -DDWORDSIZE=8 -DRWORDSIZE=4 -DLWORDSIZE=4 -DNONSTANDARD_SYSTEM_FUNC  -DWRF_USE_CLM -DUSE_NETCDF4_FEATURES -DWRFIO_NCD_LARGE_FILE_SUPPORT  -DDM_PARALLEL -DNETCDF -DGRIB2 -DHDF5 -DLANDREAD_STUB=1 -DUSE_ALLOCATABLES -Dwrfmodel -DGRIB1 -DINTIO -DKEEP_INT_AROUND -DLIMIT_ARGS -DBUILD_RRTMG_FAST=0 -DBUILD_RRTMK=0 -DBUILD_SBM_FAST=1 -DSHOW_ALL_VARS_USED=0 -DCONFIG_BUF_LEN=65536 -DMAX_DOMAINS_F=21 -DMAX_HISTORY=25 -DNMM_NEST=0 -DWRF_CHEM -DBUILD_CHEM=1 -DWRF_KPP -I. -traditional-cpp -DUSE_NETCDF4_FEATURES -DWRFIO_NCD_LARGE_FILE_SUPPORT  z1f5kf.F  > z1f5kf.f90
ifort -c -real-size 32 -i4  -ip -fp-model precise -w -ftz -align all -fno-alias -FR -convert big_endian   z1f5kf.f90
rm -f -f sintmb.f90
/lib/cpp -P -nostdinc -I/home/onishi/WRF/external/ioapi_share -DEM_CORE=1 -DNMM_CORE=0 -DNMM_MAX_DIM=2600 -DDA_CORE=0 -DWRFPLUS=0 -DIWORDSIZE=4 -DDWORDSIZE=8 -DRWORDSIZE=4 -DLWORDSIZE=4 -DNONSTANDARD_SYSTEM_FUNC  -DWRF_USE_CLM -DUSE_NETCDF4_FEATURES -DWRFIO_NCD_LARGE_FILE_SUPPORT  -DDM_PARALLEL -DNETCDF -DGRIB2 -DHDF5 -DLANDREAD_STUB=1 -DUSE_ALLOCATABLES -Dwrfmodel -DGRIB1 -DINTIO -DKEEP_INT_AROUND -DLIMIT_ARGS -DBUILD_RRTMG_FAST=0 -DBUILD_RRTMK=0 -DBUILD_SBM_FAST=1 -DSHOW_ALL_VARS_USED=0 -DCONFIG_BUF_LEN=65536 -DMAX_DOMAINS_F=21 -DMAX_HISTORY=25 -DNMM_NEST=0 -DWRF_CHEM -DBUILD_CHEM=1 -DWRF_KPP -I. -traditional-cpp -DUSE_NETCDF4_FEATURES -DWRFIO_NCD_LARGE_FILE_SUPPORT  zfftmf.F  > zfftmf.f90
ifort -c -real-size 32 -i4  -ip -fp-model precise -w -ftz -align all -fno-alias -FR -convert big_endian   zfftmf.f90
rm -f -f zfftmf.f90
/lib/cpp -P -nostdinc -I/home/onishi/WRF/external/ioapi_share -DEM_CORE=1 -DNMM_CORE=0 -DNMM_MAX_DIM=2600 -DDA_CORE=0 -DWRFPLUS=0 -DIWORDSIZE=4 -DDWORDSIZE=8 -DRWORDSIZE=4 -DLWORDSIZE=4 -DNONSTANDARD_SYSTEM_FUNC  -DWRF_USE_CLM -DUSE_NETCDF4_FEATURES -DWRFIO_NCD_LARGE_FILE_SUPPORT  -DDM_PARALLEL -DNETCDF -DGRIB2 -DHDF5 -DLANDREAD_STUB=1 -DUSE_ALLOCATABLES -Dwrfmodel -DGRIB1 -DINTIO -DKEEP_INT_AROUND -DLIMIT_ARGS -DBUILD_RRTMG_FAST=0 -DBUILD_RRTMK=0 -DBUILD_SBM_FAST=1 -DSHOW_ALL_VARS_USED=0 -DCONFIG_BUF_LEN=65536 -DMAX_DOMAINS_F=21 -DMAX_HISTORY=25 -DNMM_NEST=0 -DWRF_CHEM -DBUILD_CHEM=1 -DWRF_KPP -I. -traditional-cpp -DUSE_NETCDF4_FEATURES -DWRFIO_NCD_LARGE_FILE_SUPPORT  zmfm1b.F  > zmfm1b.f90
ifort -c -real-size 32 -i4  -ip -fp-model precise -w -ftz -align all -fno-alias -FR -convert big_endian   zmfm1b.f90
rm -f -f zmfm1b.f90
/lib/cpp -P -nostdinc -I/home/onishi/WRF/external/ioapi_share -DEM_CORE=1 -DNMM_CORE=0 -DNMM_MAX_DIM=2600 -DDA_CORE=0 -DWRFPLUS=0 -DIWORDSIZE=4 -DDWORDSIZE=8 -DRWORDSIZE=4 -DLWORDSIZE=4 -DNONSTANDARD_SYSTEM_FUNC  -DWRF_USE_CLM -DUSE_NETCDF4_FEATURES -DWRFIO_NCD_LARGE_FILE_SUPPORT  -DDM_PARALLEL -DNETCDF -DGRIB2 -DHDF5 -DLANDREAD_STUB=1 -DUSE_ALLOCATABLES -Dwrfmodel -DGRIB1 -DINTIO -DKEEP_INT_AROUND -DLIMIT_ARGS -DBUILD_RRTMG_FAST=0 -DBUILD_RRTMK=0 -DBUILD_SBM_FAST=1 -DSHOW_ALL_VARS_USED=0 -DCONFIG_BUF_LEN=65536 -DMAX_DOMAINS_F=21 -DMAX_HISTORY=25 -DNMM_NEST=0 -DWRF_CHEM -DBUILD_CHEM=1 -DWRF_KPP -I. -traditional-cpp -DUSE_NETCDF4_FEATURES -DWRFIO_NCD_LARGE_FILE_SUPPORT  c1f5kf.F  > c1f5kf.f90
ifort -c -real-size 32 -i4  -ip -fp-model precise -w -ftz -align all -fno-alias -FR -convert big_endian   c1f5kf.f90
rm -f -f z1f5kf.f90
/lib/cpp -P -nostdinc -I/home/onishi/WRF/external/ioapi_share -DEM_CORE=1 -DNMM_CORE=0 -DNMM_MAX_DIM=2600 -DDA_CORE=0 -DWRFPLUS=0 -DIWORDSIZE=4 -DDWORDSIZE=8 -DRWORDSIZE=4 -DLWORDSIZE=4 -DNONSTANDARD_SYSTEM_FUNC  -DWRF_USE_CLM -DUSE_NETCDF4_FEATURES -DWRFIO_NCD_LARGE_FILE_SUPPORT  -DDM_PARALLEL -DNETCDF -DGRIB2 -DHDF5 -DLANDREAD_STUB=1 -DUSE_ALLOCATABLES -Dwrfmodel -DGRIB1 -DINTIO -DKEEP_INT_AROUND -DLIMIT_ARGS -DBUILD_RRTMG_FAST=0 -DBUILD_RRTMK=0 -DBUILD_SBM_FAST=1 -DSHOW_ALL_VARS_USED=0 -DCONFIG_BUF_LEN=65536 -DMAX_DOMAINS_F=21 -DMAX_HISTORY=25 -DNMM_NEST=0 -DWRF_CHEM -DBUILD_CHEM=1 -DWRF_KPP -I. -traditional-cpp -DUSE_NETCDF4_FEATURES -DWRFIO_NCD_LARGE_FILE_SUPPORT  cfftmf.F  > cfftmf.f90
ifort -c -real-size 32 -i4  -ip -fp-model precise -w -ftz -align all -fno-alias -FR -convert big_endian   cfftmf.f90
rm -f -f c1f5kf.f90
/lib/cpp -P -nostdinc -I/home/onishi/WRF/external/ioapi_share -DEM_CORE=1 -DNMM_CORE=0 -DNMM_MAX_DIM=2600 -DDA_CORE=0 -DWRFPLUS=0 -DIWORDSIZE=4 -DDWORDSIZE=8 -DRWORDSIZE=4 -DLWORDSIZE=4 -DNONSTANDARD_SYSTEM_FUNC  -DWRF_USE_CLM -DUSE_NETCDF4_FEATURES -DWRFIO_NCD_LARGE_FILE_SUPPORT  -DDM_PARALLEL -DNETCDF -DGRIB2 -DHDF5 -DLANDREAD_STUB=1 -DUSE_ALLOCATABLES -Dwrfmodel -DGRIB1 -DINTIO -DKEEP_INT_AROUND -DLIMIT_ARGS -DBUILD_RRTMG_FAST=0 -DBUILD_RRTMK=0 -DBUILD_SBM_FAST=1 -DSHOW_ALL_VARS_USED=0 -DCONFIG_BUF_LEN=65536 -DMAX_DOMAINS_F=21 -DMAX_HISTORY=25 -DNMM_NEST=0 -DWRF_CHEM -DBUILD_CHEM=1 -DWRF_KPP -I. -traditional-cpp -DUSE_NETCDF4_FEATURES -DWRFIO_NCD_LARGE_FILE_SUPPORT  cmfm1b.F  > cmfm1b.f90
rm -f -f cfftmf.f90
/lib/cpp -P -nostdinc -I/home/onishi/WRF/external/ioapi_share -DEM_CORE=1 -DNMM_CORE=0 -DNMM_MAX_DIM=2600 -DDA_CORE=0 -DWRFPLUS=0 -DIWORDSIZE=4 -DDWORDSIZE=8 -DRWORDSIZE=4 -DLWORDSIZE=4 -DNONSTANDARD_SYSTEM_FUNC  -DWRF_USE_CLM -DUSE_NETCDF4_FEATURES -DWRFIO_NCD_LARGE_FILE_SUPPORT  -DDM_PARALLEL -DNETCDF -DGRIB2 -DHDF5 -DLANDREAD_STUB=1 -DUSE_ALLOCATABLES -Dwrfmodel -DGRIB1 -DINTIO -DKEEP_INT_AROUND -DLIMIT_ARGS -DBUILD_RRTMG_FAST=0 -DBUILD_RRTMK=0 -DBUILD_SBM_FAST=1 -DSHOW_ALL_VARS_USED=0 -DCONFIG_BUF_LEN=65536 -DMAX_DOMAINS_F=21 -DMAX_HISTORY=25 -DNMM_NEST=0 -DWRF_CHEM -DBUILD_CHEM=1 -DWRF_KPP -I. -traditional-cpp -DUSE_NETCDF4_FEATURES -DWRFIO_NCD_LARGE_FILE_SUPPORT  cost1i.F  > cost1i.f90
ifort -c -real-size 32 -i4  -ip -fp-model precise -w -ftz -align all -fno-alias -FR -convert big_endian   cmfm1b.f90
ifort -c -real-size 32 -i4  -ip -fp-model precise -w -ftz -align all -fno-alias -FR -convert big_endian   cost1i.f90
rm -f -f cmfm1b.f90
rm -f -f cost1i.f90
/lib/cpp -P -nostdinc -I/home/onishi/WRF/external/ioapi_share -DEM_CORE=1 -DNMM_CORE=0 -DNMM_MAX_DIM=2600 -DDA_CORE=0 -DWRFPLUS=0 -DIWORDSIZE=4 -DDWORDSIZE=8 -DRWORDSIZE=4 -DLWORDSIZE=4 -DNONSTANDARD_SYSTEM_FUNC  -DWRF_USE_CLM -DUSE_NETCDF4_FEATURES -DWRFIO_NCD_LARGE_FILE_SUPPORT  -DDM_PARALLEL -DNETCDF -DGRIB2 -DHDF5 -DLANDREAD_STUB=1 -DUSE_ALLOCATABLES -Dwrfmodel -DGRIB1 -DINTIO -DKEEP_INT_AROUND -DLIMIT_ARGS -DBUILD_RRTMG_FAST=0 -DBUILD_RRTMK=0 -DBUILD_SBM_FAST=1 -DSHOW_ALL_VARS_USED=0 -DCONFIG_BUF_LEN=65536 -DMAX_DOMAINS_F=21 -DMAX_HISTORY=25 -DNMM_NEST=0 -DWRF_CHEM -DBUILD_CHEM=1 -DWRF_KPP -I. -traditional-cpp -DUSE_NETCDF4_FEATURES -DWRFIO_NCD_LARGE_FILE_SUPPORT  d1f5kb.F  > d1f5kb.f90
/lib/cpp -P -nostdinc -I/home/onishi/WRF/external/ioapi_share -DEM_CORE=1 -DNMM_CORE=0 -DNMM_MAX_DIM=2600 -DDA_CORE=0 -DWRFPLUS=0 -DIWORDSIZE=4 -DDWORDSIZE=8 -DRWORDSIZE=4 -DLWORDSIZE=4 -DNONSTANDARD_SYSTEM_FUNC  -DWRF_USE_CLM -DUSE_NETCDF4_FEATURES -DWRFIO_NCD_LARGE_FILE_SUPPORT  -DDM_PARALLEL -DNETCDF -DGRIB2 -DHDF5 -DLANDREAD_STUB=1 -DUSE_ALLOCATABLES -Dwrfmodel -DGRIB1 -DINTIO -DKEEP_INT_AROUND -DLIMIT_ARGS -DBUILD_RRTMG_FAST=0 -DBUILD_RRTMK=0 -DBUILD_SBM_FAST=1 -DSHOW_ALL_VARS_USED=0 -DCONFIG_BUF_LEN=65536 -DMAX_DOMAINS_F=21 -DMAX_HISTORY=25 -DNMM_NEST=0 -DWRF_CHEM -DBUILD_CHEM=1 -DWRF_KPP -I. -traditional-cpp -DUSE_NETCDF4_FEATURES -DWRFIO_NCD_LARGE_FILE_SUPPORT  dcostb1.F  > dcostb1.f90
ifort -c -real-size 32 -i4  -ip -fp-model precise -w -ftz -align all -fno-alias -FR -convert big_endian   d1f5kb.f90
ifort -c -real-size 32 -i4  -ip -fp-model precise -w -ftz -align all -fno-alias -FR -convert big_endian   dcostb1.f90
rm -f -f dcostb1.f90
/lib/cpp -P -nostdinc -I/home/onishi/WRF/external/ioapi_share -DEM_CORE=1 -DNMM_CORE=0 -DNMM_MAX_DIM=2600 -DDA_CORE=0 -DWRFPLUS=0 -DIWORDSIZE=4 -DDWORDSIZE=8 -DRWORDSIZE=4 -DLWORDSIZE=4 -DNONSTANDARD_SYSTEM_FUNC  -DWRF_USE_CLM -DUSE_NETCDF4_FEATURES -DWRFIO_NCD_LARGE_FILE_SUPPORT  -DDM_PARALLEL -DNETCDF -DGRIB2 -DHDF5 -DLANDREAD_STUB=1 -DUSE_ALLOCATABLES -Dwrfmodel -DGRIB1 -DINTIO -DKEEP_INT_AROUND -DLIMIT_ARGS -DBUILD_RRTMG_FAST=0 -DBUILD_RRTMK=0 -DBUILD_SBM_FAST=1 -DSHOW_ALL_VARS_USED=0 -DCONFIG_BUF_LEN=65536 -DMAX_DOMAINS_F=21 -DMAX_HISTORY=25 -DNMM_NEST=0 -DWRF_CHEM -DBUILD_CHEM=1 -DWRF_KPP -I. -traditional-cpp -DUSE_NETCDF4_FEATURES -DWRFIO_NCD_LARGE_FILE_SUPPORT  dsintf1.F  > dsintf1.f90
ifort -c -real-size 32 -i4  -ip -fp-model precise -w -ftz -align all -fno-alias -FR -convert big_endian   dsintf1.f90
rm -f -f dsintf1.f90
/lib/cpp -P -nostdinc -I/home/onishi/WRF/external/ioapi_share -DEM_CORE=1 -DNMM_CORE=0 -DNMM_MAX_DIM=2600 -DDA_CORE=0 -DWRFPLUS=0 -DIWORDSIZE=4 -DDWORDSIZE=8 -DRWORDSIZE=4 -DLWORDSIZE=4 -DNONSTANDARD_SYSTEM_FUNC  -DWRF_USE_CLM -DUSE_NETCDF4_FEATURES -DWRFIO_NCD_LARGE_FILE_SUPPORT  -DDM_PARALLEL -DNETCDF -DGRIB2 -DHDF5 -DLANDREAD_STUB=1 -DUSE_ALLOCATABLES -Dwrfmodel -DGRIB1 -DINTIO -DKEEP_INT_AROUND -DLIMIT_ARGS -DBUILD_RRTMG_FAST=0 -DBUILD_RRTMK=0 -DBUILD_SBM_FAST=1 -DSHOW_ALL_VARS_USED=0 -DCONFIG_BUF_LEN=65536 -DMAX_DOMAINS_F=21 -DMAX_HISTORY=25 -DNMM_NEST=0 -DWRF_CHEM -DBUILD_CHEM=1 -DWRF_KPP -I. -traditional-cpp -DUSE_NETCDF4_FEATURES -DWRFIO_NCD_LARGE_FILE_SUPPORT  mradf4.F  > mradf4.f90
ifort -c -real-size 32 -i4  -ip -fp-model precise -w -ftz -align all -fno-alias -FR -convert big_endian   mradf4.f90
rm -f -f d1f5kb.f90
/lib/cpp -P -nostdinc -I/home/onishi/WRF/external/ioapi_share -DEM_CORE=1 -DNMM_CORE=0 -DNMM_MAX_DIM=2600 -DDA_CORE=0 -DWRFPLUS=0 -DIWORDSIZE=4 -DDWORDSIZE=8 -DRWORDSIZE=4 -DLWORDSIZE=4 -DNONSTANDARD_SYSTEM_FUNC  -DWRF_USE_CLM -DUSE_NETCDF4_FEATURES -DWRFIO_NCD_LARGE_FILE_SUPPORT  -DDM_PARALLEL -DNETCDF -DGRIB2 -DHDF5 -DLANDREAD_STUB=1 -DUSE_ALLOCATABLES -Dwrfmodel -DGRIB1 -DINTIO -DKEEP_INT_AROUND -DLIMIT_ARGS -DBUILD_RRTMG_FAST=0 -DBUILD_RRTMK=0 -DBUILD_SBM_FAST=1 -DSHOW_ALL_VARS_USED=0 -DCONFIG_BUF_LEN=65536 -DMAX_DOMAINS_F=21 -DMAX_HISTORY=25 -DNMM_NEST=0 -DWRF_CHEM -DBUILD_CHEM=1 -DWRF_KPP -I. -traditional-cpp -DUSE_NETCDF4_FEATURES -DWRFIO_NCD_LARGE_FILE_SUPPORT  r1f4kb.F  > r1f4kb.f90
ifort -c -real-size 32 -i4  -ip -fp-model precise -w -ftz -align all -fno-alias -FR -convert big_endian   r1f4kb.f90
rm -f -f mradf4.f90
/lib/cpp -P -nostdinc -I/home/onishi/WRF/external/ioapi_share -DEM_CORE=1 -DNMM_CORE=0 -DNMM_MAX_DIM=2600 -DDA_CORE=0 -DWRFPLUS=0 -DIWORDSIZE=4 -DDWORDSIZE=8 -DRWORDSIZE=4 -DLWORDSIZE=4 -DNONSTANDARD_SYSTEM_FUNC  -DWRF_USE_CLM -DUSE_NETCDF4_FEATURES -DWRFIO_NCD_LARGE_FILE_SUPPORT  -DDM_PARALLEL -DNETCDF -DGRIB2 -DHDF5 -DLANDREAD_STUB=1 -DUSE_ALLOCATABLES -Dwrfmodel -DGRIB1 -DINTIO -DKEEP_INT_AROUND -DLIMIT_ARGS -DBUILD_RRTMG_FAST=0 -DBUILD_RRTMK=0 -DBUILD_SBM_FAST=1 -DSHOW_ALL_VARS_USED=0 -DCONFIG_BUF_LEN=65536 -DMAX_DOMAINS_F=21 -DMAX_HISTORY=25 -DNMM_NEST=0 -DWRF_CHEM -DBUILD_CHEM=1 -DWRF_KPP -I. -traditional-cpp -DUSE_NETCDF4_FEATURES -DWRFIO_NCD_LARGE_FILE_SUPPORT  rfft1b.F  > rfft1b.f90
ifort -c -real-size 32 -i4  -ip -fp-model precise -w -ftz -align all -fno-alias -FR -convert big_endian   rfft1b.f90
rm -f -f rfft1b.f90
/lib/cpp -P -nostdinc -I/home/onishi/WRF/external/ioapi_share -DEM_CORE=1 -DNMM_CORE=0 -DNMM_MAX_DIM=2600 -DDA_CORE=0 -DWRFPLUS=0 -DIWORDSIZE=4 -DDWORDSIZE=8 -DRWORDSIZE=4 -DLWORDSIZE=4 -DNONSTANDARD_SYSTEM_FUNC  -DWRF_USE_CLM -DUSE_NETCDF4_FEATURES -DWRFIO_NCD_LARGE_FILE_SUPPORT  -DDM_PARALLEL -DNETCDF -DGRIB2 -DHDF5 -DLANDREAD_STUB=1 -DUSE_ALLOCATABLES -Dwrfmodel -DGRIB1 -DINTIO -DKEEP_INT_AROUND -DLIMIT_ARGS -DBUILD_RRTMG_FAST=0 -DBUILD_RRTMK=0 -DBUILD_SBM_FAST=1 -DSHOW_ALL_VARS_USED=0 -DCONFIG_BUF_LEN=65536 -DMAX_DOMAINS_F=21 -DMAX_HISTORY=25 -DNMM_NEST=0 -DWRF_CHEM -DBUILD_CHEM=1 -DWRF_KPP -I. -traditional-cpp -DUSE_NETCDF4_FEATURES -DWRFIO_NCD_LARGE_FILE_SUPPORT  sinq1b.F  > sinq1b.f90
ifort -c -real-size 32 -i4  -ip -fp-model precise -w -ftz -align all -fno-alias -FR -convert big_endian   sinq1b.f90
rm -f -f r1f4kb.f90
/lib/cpp -P -nostdinc -I/home/onishi/WRF/external/ioapi_share -DEM_CORE=1 -DNMM_CORE=0 -DNMM_MAX_DIM=2600 -DDA_CORE=0 -DWRFPLUS=0 -DIWORDSIZE=4 -DDWORDSIZE=8 -DRWORDSIZE=4 -DLWORDSIZE=4 -DNONSTANDARD_SYSTEM_FUNC  -DWRF_USE_CLM -DUSE_NETCDF4_FEATURES -DWRFIO_NCD_LARGE_FILE_SUPPORT  -DDM_PARALLEL -DNETCDF -DGRIB2 -DHDF5 -DLANDREAD_STUB=1 -DUSE_ALLOCATABLES -Dwrfmodel -DGRIB1 -DINTIO -DKEEP_INT_AROUND -DLIMIT_ARGS -DBUILD_RRTMG_FAST=0 -DBUILD_RRTMK=0 -DBUILD_SBM_FAST=1 -DSHOW_ALL_VARS_USED=0 -DCONFIG_BUF_LEN=65536 -DMAX_DOMAINS_F=21 -DMAX_HISTORY=25 -DNMM_NEST=0 -DWRF_CHEM -DBUILD_CHEM=1 -DWRF_KPP -I. -traditional-cpp -DUSE_NETCDF4_FEATURES -DWRFIO_NCD_LARGE_FILE_SUPPORT  sintmf.F  > sintmf.f90
ifort -c -real-size 32 -i4  -ip -fp-model precise -w -ftz -align all -fno-alias -FR -convert big_endian   sintmf.f90
rm -f -f sinq1b.f90
/lib/cpp -P -nostdinc -I/home/onishi/WRF/external/ioapi_share -DEM_CORE=1 -DNMM_CORE=0 -DNMM_MAX_DIM=2600 -DDA_CORE=0 -DWRFPLUS=0 -DIWORDSIZE=4 -DDWORDSIZE=8 -DRWORDSIZE=4 -DLWORDSIZE=4 -DNONSTANDARD_SYSTEM_FUNC  -DWRF_USE_CLM -DUSE_NETCDF4_FEATURES -DWRFIO_NCD_LARGE_FILE_SUPPORT  -DDM_PARALLEL -DNETCDF -DGRIB2 -DHDF5 -DLANDREAD_STUB=1 -DUSE_ALLOCATABLES -Dwrfmodel -DGRIB1 -DINTIO -DKEEP_INT_AROUND -DLIMIT_ARGS -DBUILD_RRTMG_FAST=0 -DBUILD_RRTMK=0 -DBUILD_SBM_FAST=1 -DSHOW_ALL_VARS_USED=0 -DCONFIG_BUF_LEN=65536 -DMAX_DOMAINS_F=21 -DMAX_HISTORY=25 -DNMM_NEST=0 -DWRF_CHEM -DBUILD_CHEM=1 -DWRF_KPP -I. -traditional-cpp -DUSE_NETCDF4_FEATURES -DWRFIO_NCD_LARGE_FILE_SUPPORT  z1fgkb.F  > z1fgkb.f90
ifort -c -real-size 32 -i4  -ip -fp-model precise -w -ftz -align all -fno-alias -FR -convert big_endian   z1fgkb.f90
rm -f -f sintmf.f90
/lib/cpp -P -nostdinc -I/home/onishi/WRF/external/ioapi_share -DEM_CORE=1 -DNMM_CORE=0 -DNMM_MAX_DIM=2600 -DDA_CORE=0 -DWRFPLUS=0 -DIWORDSIZE=4 -DDWORDSIZE=8 -DRWORDSIZE=4 -DLWORDSIZE=4 -DNONSTANDARD_SYSTEM_FUNC  -DWRF_USE_CLM -DUSE_NETCDF4_FEATURES -DWRFIO_NCD_LARGE_FILE_SUPPORT  -DDM_PARALLEL -DNETCDF -DGRIB2 -DHDF5 -DLANDREAD_STUB=1 -DUSE_ALLOCATABLES -Dwrfmodel -DGRIB1 -DINTIO -DKEEP_INT_AROUND -DLIMIT_ARGS -DBUILD_RRTMG_FAST=0 -DBUILD_RRTMK=0 -DBUILD_SBM_FAST=1 -DSHOW_ALL_VARS_USED=0 -DCONFIG_BUF_LEN=65536 -DMAX_DOMAINS_F=21 -DMAX_HISTORY=25 -DNMM_NEST=0 -DWRF_CHEM -DBUILD_CHEM=1 -DWRF_KPP -I. -traditional-cpp -DUSE_NETCDF4_FEATURES -DWRFIO_NCD_LARGE_FILE_SUPPORT  zfftmi.F  > zfftmi.f90
ifort -c -real-size 32 -i4  -ip -fp-model precise -w -ftz -align all -fno-alias -FR -convert big_endian   zfftmi.f90
rm -f -f zfftmi.f90
/lib/cpp -P -nostdinc -I/home/onishi/WRF/external/ioapi_share -DEM_CORE=1 -DNMM_CORE=0 -DNMM_MAX_DIM=2600 -DDA_CORE=0 -DWRFPLUS=0 -DIWORDSIZE=4 -DDWORDSIZE=8 -DRWORDSIZE=4 -DLWORDSIZE=4 -DNONSTANDARD_SYSTEM_FUNC  -DWRF_USE_CLM -DUSE_NETCDF4_FEATURES -DWRFIO_NCD_LARGE_FILE_SUPPORT  -DDM_PARALLEL -DNETCDF -DGRIB2 -DHDF5 -DLANDREAD_STUB=1 -DUSE_ALLOCATABLES -Dwrfmodel -DGRIB1 -DINTIO -DKEEP_INT_AROUND -DLIMIT_ARGS -DBUILD_RRTMG_FAST=0 -DBUILD_RRTMK=0 -DBUILD_SBM_FAST=1 -DSHOW_ALL_VARS_USED=0 -DCONFIG_BUF_LEN=65536 -DMAX_DOMAINS_F=21 -DMAX_HISTORY=25 -DNMM_NEST=0 -DWRF_CHEM -DBUILD_CHEM=1 -DWRF_KPP -I. -traditional-cpp -DUSE_NETCDF4_FEATURES -DWRFIO_NCD_LARGE_FILE_SUPPORT  zmfm1f.F  > zmfm1f.f90
ifort -c -real-size 32 -i4  -ip -fp-model precise -w -ftz -align all -fno-alias -FR -convert big_endian   zmfm1f.f90
rm -f -f zmfm1f.f90
/lib/cpp -P -nostdinc -I/home/onishi/WRF/external/ioapi_share -DEM_CORE=1 -DNMM_CORE=0 -DNMM_MAX_DIM=2600 -DDA_CORE=0 -DWRFPLUS=0 -DIWORDSIZE=4 -DDWORDSIZE=8 -DRWORDSIZE=4 -DLWORDSIZE=4 -DNONSTANDARD_SYSTEM_FUNC  -DWRF_USE_CLM -DUSE_NETCDF4_FEATURES -DWRFIO_NCD_LARGE_FILE_SUPPORT  -DDM_PARALLEL -DNETCDF -DGRIB2 -DHDF5 -DLANDREAD_STUB=1 -DUSE_ALLOCATABLES -Dwrfmodel -DGRIB1 -DINTIO -DKEEP_INT_AROUND -DLIMIT_ARGS -DBUILD_RRTMG_FAST=0 -DBUILD_RRTMK=0 -DBUILD_SBM_FAST=1 -DSHOW_ALL_VARS_USED=0 -DCONFIG_BUF_LEN=65536 -DMAX_DOMAINS_F=21 -DMAX_HISTORY=25 -DNMM_NEST=0 -DWRF_CHEM -DBUILD_CHEM=1 -DWRF_KPP -I. -traditional-cpp -DUSE_NETCDF4_FEATURES -DWRFIO_NCD_LARGE_FILE_SUPPORT  c1fgkb.F  > c1fgkb.f90
ifort -c -real-size 32 -i4  -ip -fp-model precise -w -ftz -align all -fno-alias -FR -convert big_endian   c1fgkb.f90
rm -f -f z1fgkb.f90
/lib/cpp -P -nostdinc -I/home/onishi/WRF/external/ioapi_share -DEM_CORE=1 -DNMM_CORE=0 -DNMM_MAX_DIM=2600 -DDA_CORE=0 -DWRFPLUS=0 -DIWORDSIZE=4 -DDWORDSIZE=8 -DRWORDSIZE=4 -DLWORDSIZE=4 -DNONSTANDARD_SYSTEM_FUNC  -DWRF_USE_CLM -DUSE_NETCDF4_FEATURES -DWRFIO_NCD_LARGE_FILE_SUPPORT  -DDM_PARALLEL -DNETCDF -DGRIB2 -DHDF5 -DLANDREAD_STUB=1 -DUSE_ALLOCATABLES -Dwrfmodel -DGRIB1 -DINTIO -DKEEP_INT_AROUND -DLIMIT_ARGS -DBUILD_RRTMG_FAST=0 -DBUILD_RRTMK=0 -DBUILD_SBM_FAST=1 -DSHOW_ALL_VARS_USED=0 -DCONFIG_BUF_LEN=65536 -DMAX_DOMAINS_F=21 -DMAX_HISTORY=25 -DNMM_NEST=0 -DWRF_CHEM -DBUILD_CHEM=1 -DWRF_KPP -I. -traditional-cpp -DUSE_NETCDF4_FEATURES -DWRFIO_NCD_LARGE_FILE_SUPPORT  cfftmi.F  > cfftmi.f90
ifort -c -real-size 32 -i4  -ip -fp-model precise -w -ftz -align all -fno-alias -FR -convert big_endian   cfftmi.f90
rm -f -f cfftmi.f90
/lib/cpp -P -nostdinc -I/home/onishi/WRF/external/ioapi_share -DEM_CORE=1 -DNMM_CORE=0 -DNMM_MAX_DIM=2600 -DDA_CORE=0 -DWRFPLUS=0 -DIWORDSIZE=4 -DDWORDSIZE=8 -DRWORDSIZE=4 -DLWORDSIZE=4 -DNONSTANDARD_SYSTEM_FUNC  -DWRF_USE_CLM -DUSE_NETCDF4_FEATURES -DWRFIO_NCD_LARGE_FILE_SUPPORT  -DDM_PARALLEL -DNETCDF -DGRIB2 -DHDF5 -DLANDREAD_STUB=1 -DUSE_ALLOCATABLES -Dwrfmodel -DGRIB1 -DINTIO -DKEEP_INT_AROUND -DLIMIT_ARGS -DBUILD_RRTMG_FAST=0 -DBUILD_RRTMK=0 -DBUILD_SBM_FAST=1 -DSHOW_ALL_VARS_USED=0 -DCONFIG_BUF_LEN=65536 -DMAX_DOMAINS_F=21 -DMAX_HISTORY=25 -DNMM_NEST=0 -DWRF_CHEM -DBUILD_CHEM=1 -DWRF_KPP -I. -traditional-cpp -DUSE_NETCDF4_FEATURES -DWRFIO_NCD_LARGE_FILE_SUPPORT  cmfm1f.F  > cmfm1f.f90
ifort -c -real-size 32 -i4  -ip -fp-model precise -w -ftz -align all -fno-alias -FR -convert big_endian   cmfm1f.f90
rm -f -f c1fgkb.f90
rm -f -f cmfm1f.f90
/lib/cpp -P -nostdinc -I/home/onishi/WRF/external/ioapi_share -DEM_CORE=1 -DNMM_CORE=0 -DNMM_MAX_DIM=2600 -DDA_CORE=0 -DWRFPLUS=0 -DIWORDSIZE=4 -DDWORDSIZE=8 -DRWORDSIZE=4 -DLWORDSIZE=4 -DNONSTANDARD_SYSTEM_FUNC  -DWRF_USE_CLM -DUSE_NETCDF4_FEATURES -DWRFIO_NCD_LARGE_FILE_SUPPORT  -DDM_PARALLEL -DNETCDF -DGRIB2 -DHDF5 -DLANDREAD_STUB=1 -DUSE_ALLOCATABLES -Dwrfmodel -DGRIB1 -DINTIO -DKEEP_INT_AROUND -DLIMIT_ARGS -DBUILD_RRTMG_FAST=0 -DBUILD_RRTMK=0 -DBUILD_SBM_FAST=1 -DSHOW_ALL_VARS_USED=0 -DCONFIG_BUF_LEN=65536 -DMAX_DOMAINS_F=21 -DMAX_HISTORY=25 -DNMM_NEST=0 -DWRF_CHEM -DBUILD_CHEM=1 -DWRF_KPP -I. -traditional-cpp -DUSE_NETCDF4_FEATURES -DWRFIO_NCD_LARGE_FILE_SUPPORT  costb1.F  > costb1.f90
/lib/cpp -P -nostdinc -I/home/onishi/WRF/external/ioapi_share -DEM_CORE=1 -DNMM_CORE=0 -DNMM_MAX_DIM=2600 -DDA_CORE=0 -DWRFPLUS=0 -DIWORDSIZE=4 -DDWORDSIZE=8 -DRWORDSIZE=4 -DLWORDSIZE=4 -DNONSTANDARD_SYSTEM_FUNC  -DWRF_USE_CLM -DUSE_NETCDF4_FEATURES -DWRFIO_NCD_LARGE_FILE_SUPPORT  -DDM_PARALLEL -DNETCDF -DGRIB2 -DHDF5 -DLANDREAD_STUB=1 -DUSE_ALLOCATABLES -Dwrfmodel -DGRIB1 -DINTIO -DKEEP_INT_AROUND -DLIMIT_ARGS -DBUILD_RRTMG_FAST=0 -DBUILD_RRTMK=0 -DBUILD_SBM_FAST=1 -DSHOW_ALL_VARS_USED=0 -DCONFIG_BUF_LEN=65536 -DMAX_DOMAINS_F=21 -DMAX_HISTORY=25 -DNMM_NEST=0 -DWRF_CHEM -DBUILD_CHEM=1 -DWRF_KPP -I. -traditional-cpp -DUSE_NETCDF4_FEATURES -DWRFIO_NCD_LARGE_FILE_SUPPORT  d1f5kf.F  > d1f5kf.f90
ifort -c -real-size 32 -i4  -ip -fp-model precise -w -ftz -align all -fno-alias -FR -convert big_endian   costb1.f90
ifort -c -real-size 32 -i4  -ip -fp-model precise -w -ftz -align all -fno-alias -FR -convert big_endian   d1f5kf.f90
rm -f -f costb1.f90
/lib/cpp -P -nostdinc -I/home/onishi/WRF/external/ioapi_share -DEM_CORE=1 -DNMM_CORE=0 -DNMM_MAX_DIM=2600 -DDA_CORE=0 -DWRFPLUS=0 -DIWORDSIZE=4 -DDWORDSIZE=8 -DRWORDSIZE=4 -DLWORDSIZE=4 -DNONSTANDARD_SYSTEM_FUNC  -DWRF_USE_CLM -DUSE_NETCDF4_FEATURES -DWRFIO_NCD_LARGE_FILE_SUPPORT  -DDM_PARALLEL -DNETCDF -DGRIB2 -DHDF5 -DLANDREAD_STUB=1 -DUSE_ALLOCATABLES -Dwrfmodel -DGRIB1 -DINTIO -DKEEP_INT_AROUND -DLIMIT_ARGS -DBUILD_RRTMG_FAST=0 -DBUILD_RRTMK=0 -DBUILD_SBM_FAST=1 -DSHOW_ALL_VARS_USED=0 -DCONFIG_BUF_LEN=65536 -DMAX_DOMAINS_F=21 -DMAX_HISTORY=25 -DNMM_NEST=0 -DWRF_CHEM -DBUILD_CHEM=1 -DWRF_KPP -I. -traditional-cpp -DUSE_NETCDF4_FEATURES -DWRFIO_NCD_LARGE_FILE_SUPPORT  dcostf1.F  > dcostf1.f90
ifort -c -real-size 32 -i4  -ip -fp-model precise -w -ftz -align all -fno-alias -FR -convert big_endian   dcostf1.f90
rm -f -f dcostf1.f90
/lib/cpp -P -nostdinc -I/home/onishi/WRF/external/ioapi_share -DEM_CORE=1 -DNMM_CORE=0 -DNMM_MAX_DIM=2600 -DDA_CORE=0 -DWRFPLUS=0 -DIWORDSIZE=4 -DDWORDSIZE=8 -DRWORDSIZE=4 -DLWORDSIZE=4 -DNONSTANDARD_SYSTEM_FUNC  -DWRF_USE_CLM -DUSE_NETCDF4_FEATURES -DWRFIO_NCD_LARGE_FILE_SUPPORT  -DDM_PARALLEL -DNETCDF -DGRIB2 -DHDF5 -DLANDREAD_STUB=1 -DUSE_ALLOCATABLES -Dwrfmodel -DGRIB1 -DINTIO -DKEEP_INT_AROUND -DLIMIT_ARGS -DBUILD_RRTMG_FAST=0 -DBUILD_RRTMK=0 -DBUILD_SBM_FAST=1 -DSHOW_ALL_VARS_USED=0 -DCONFIG_BUF_LEN=65536 -DMAX_DOMAINS_F=21 -DMAX_HISTORY=25 -DNMM_NEST=0 -DWRF_CHEM -DBUILD_CHEM=1 -DWRF_KPP -I. -traditional-cpp -DUSE_NETCDF4_FEATURES -DWRFIO_NCD_LARGE_FILE_SUPPORT  mcsqb1.F  > mcsqb1.f90
ifort -c -real-size 32 -i4  -ip -fp-model precise -w -ftz -align all -fno-alias -FR -convert big_endian   mcsqb1.f90
rm -f -f mcsqb1.f90
/lib/cpp -P -nostdinc -I/home/onishi/WRF/external/ioapi_share -DEM_CORE=1 -DNMM_CORE=0 -DNMM_MAX_DIM=2600 -DDA_CORE=0 -DWRFPLUS=0 -DIWORDSIZE=4 -DDWORDSIZE=8 -DRWORDSIZE=4 -DLWORDSIZE=4 -DNONSTANDARD_SYSTEM_FUNC  -DWRF_USE_CLM -DUSE_NETCDF4_FEATURES -DWRFIO_NCD_LARGE_FILE_SUPPORT  -DDM_PARALLEL -DNETCDF -DGRIB2 -DHDF5 -DLANDREAD_STUB=1 -DUSE_ALLOCATABLES -Dwrfmodel -DGRIB1 -DINTIO -DKEEP_INT_AROUND -DLIMIT_ARGS -DBUILD_RRTMG_FAST=0 -DBUILD_RRTMK=0 -DBUILD_SBM_FAST=1 -DSHOW_ALL_VARS_USED=0 -DCONFIG_BUF_LEN=65536 -DMAX_DOMAINS_F=21 -DMAX_HISTORY=25 -DNMM_NEST=0 -DWRF_CHEM -DBUILD_CHEM=1 -DWRF_KPP -I. -traditional-cpp -DUSE_NETCDF4_FEATURES -DWRFIO_NCD_LARGE_FILE_SUPPORT  mradf5.F  > mradf5.f90
ifort -c -real-size 32 -i4  -ip -fp-model precise -w -ftz -align all -fno-alias -FR -convert big_endian   mradf5.f90
rm -f -f d1f5kf.f90
/lib/cpp -P -nostdinc -I/home/onishi/WRF/external/ioapi_share -DEM_CORE=1 -DNMM_CORE=0 -DNMM_MAX_DIM=2600 -DDA_CORE=0 -DWRFPLUS=0 -DIWORDSIZE=4 -DDWORDSIZE=8 -DRWORDSIZE=4 -DLWORDSIZE=4 -DNONSTANDARD_SYSTEM_FUNC  -DWRF_USE_CLM -DUSE_NETCDF4_FEATURES -DWRFIO_NCD_LARGE_FILE_SUPPORT  -DDM_PARALLEL -DNETCDF -DGRIB2 -DHDF5 -DLANDREAD_STUB=1 -DUSE_ALLOCATABLES -Dwrfmodel -DGRIB1 -DINTIO -DKEEP_INT_AROUND -DLIMIT_ARGS -DBUILD_RRTMG_FAST=0 -DBUILD_RRTMK=0 -DBUILD_SBM_FAST=1 -DSHOW_ALL_VARS_USED=0 -DCONFIG_BUF_LEN=65536 -DMAX_DOMAINS_F=21 -DMAX_HISTORY=25 -DNMM_NEST=0 -DWRF_CHEM -DBUILD_CHEM=1 -DWRF_KPP -I. -traditional-cpp -DUSE_NETCDF4_FEATURES -DWRFIO_NCD_LARGE_FILE_SUPPORT  r1f4kf.F  > r1f4kf.f90
ifort -c -real-size 32 -i4  -ip -fp-model precise -w -ftz -align all -fno-alias -FR -convert big_endian   r1f4kf.f90
rm -f -f r1f4kf.f90
rm -f -f mradf5.f90
/lib/cpp -P -nostdinc -I/home/onishi/WRF/external/ioapi_share -DEM_CORE=1 -DNMM_CORE=0 -DNMM_MAX_DIM=2600 -DDA_CORE=0 -DWRFPLUS=0 -DIWORDSIZE=4 -DDWORDSIZE=8 -DRWORDSIZE=4 -DLWORDSIZE=4 -DNONSTANDARD_SYSTEM_FUNC  -DWRF_USE_CLM -DUSE_NETCDF4_FEATURES -DWRFIO_NCD_LARGE_FILE_SUPPORT  -DDM_PARALLEL -DNETCDF -DGRIB2 -DHDF5 -DLANDREAD_STUB=1 -DUSE_ALLOCATABLES -Dwrfmodel -DGRIB1 -DINTIO -DKEEP_INT_AROUND -DLIMIT_ARGS -DBUILD_RRTMG_FAST=0 -DBUILD_RRTMK=0 -DBUILD_SBM_FAST=1 -DSHOW_ALL_VARS_USED=0 -DCONFIG_BUF_LEN=65536 -DMAX_DOMAINS_F=21 -DMAX_HISTORY=25 -DNMM_NEST=0 -DWRF_CHEM -DBUILD_CHEM=1 -DWRF_KPP -I. -traditional-cpp -DUSE_NETCDF4_FEATURES -DWRFIO_NCD_LARGE_FILE_SUPPORT  rfft1f.F  > rfft1f.f90
/lib/cpp -P -nostdinc -I/home/onishi/WRF/external/ioapi_share -DEM_CORE=1 -DNMM_CORE=0 -DNMM_MAX_DIM=2600 -DDA_CORE=0 -DWRFPLUS=0 -DIWORDSIZE=4 -DDWORDSIZE=8 -DRWORDSIZE=4 -DLWORDSIZE=4 -DNONSTANDARD_SYSTEM_FUNC  -DWRF_USE_CLM -DUSE_NETCDF4_FEATURES -DWRFIO_NCD_LARGE_FILE_SUPPORT  -DDM_PARALLEL -DNETCDF -DGRIB2 -DHDF5 -DLANDREAD_STUB=1 -DUSE_ALLOCATABLES -Dwrfmodel -DGRIB1 -DINTIO -DKEEP_INT_AROUND -DLIMIT_ARGS -DBUILD_RRTMG_FAST=0 -DBUILD_RRTMK=0 -DBUILD_SBM_FAST=1 -DSHOW_ALL_VARS_USED=0 -DCONFIG_BUF_LEN=65536 -DMAX_DOMAINS_F=21 -DMAX_HISTORY=25 -DNMM_NEST=0 -DWRF_CHEM -DBUILD_CHEM=1 -DWRF_KPP -I. -traditional-cpp -DUSE_NETCDF4_FEATURES -DWRFIO_NCD_LARGE_FILE_SUPPORT  sinq1f.F  > sinq1f.f90
ifort -c -real-size 32 -i4  -ip -fp-model precise -w -ftz -align all -fno-alias -FR -convert big_endian   rfft1f.f90
ifort -c -real-size 32 -i4  -ip -fp-model precise -w -ftz -align all -fno-alias -FR -convert big_endian   sinq1f.f90
rm -f -f rfft1f.f90
/lib/cpp -P -nostdinc -I/home/onishi/WRF/external/ioapi_share -DEM_CORE=1 -DNMM_CORE=0 -DNMM_MAX_DIM=2600 -DDA_CORE=0 -DWRFPLUS=0 -DIWORDSIZE=4 -DDWORDSIZE=8 -DRWORDSIZE=4 -DLWORDSIZE=4 -DNONSTANDARD_SYSTEM_FUNC  -DWRF_USE_CLM -DUSE_NETCDF4_FEATURES -DWRFIO_NCD_LARGE_FILE_SUPPORT  -DDM_PARALLEL -DNETCDF -DGRIB2 -DHDF5 -DLANDREAD_STUB=1 -DUSE_ALLOCATABLES -Dwrfmodel -DGRIB1 -DINTIO -DKEEP_INT_AROUND -DLIMIT_ARGS -DBUILD_RRTMG_FAST=0 -DBUILD_RRTMK=0 -DBUILD_SBM_FAST=1 -DSHOW_ALL_VARS_USED=0 -DCONFIG_BUF_LEN=65536 -DMAX_DOMAINS_F=21 -DMAX_HISTORY=25 -DNMM_NEST=0 -DWRF_CHEM -DBUILD_CHEM=1 -DWRF_KPP -I. -traditional-cpp -DUSE_NETCDF4_FEATURES -DWRFIO_NCD_LARGE_FILE_SUPPORT  sintmi.F  > sintmi.f90
rm -f -f sinq1f.f90
/lib/cpp -P -nostdinc -I/home/onishi/WRF/external/ioapi_share -DEM_CORE=1 -DNMM_CORE=0 -DNMM_MAX_DIM=2600 -DDA_CORE=0 -DWRFPLUS=0 -DIWORDSIZE=4 -DDWORDSIZE=8 -DRWORDSIZE=4 -DLWORDSIZE=4 -DNONSTANDARD_SYSTEM_FUNC  -DWRF_USE_CLM -DUSE_NETCDF4_FEATURES -DWRFIO_NCD_LARGE_FILE_SUPPORT  -DDM_PARALLEL -DNETCDF -DGRIB2 -DHDF5 -DLANDREAD_STUB=1 -DUSE_ALLOCATABLES -Dwrfmodel -DGRIB1 -DINTIO -DKEEP_INT_AROUND -DLIMIT_ARGS -DBUILD_RRTMG_FAST=0 -DBUILD_RRTMK=0 -DBUILD_SBM_FAST=1 -DSHOW_ALL_VARS_USED=0 -DCONFIG_BUF_LEN=65536 -DMAX_DOMAINS_F=21 -DMAX_HISTORY=25 -DNMM_NEST=0 -DWRF_CHEM -DBUILD_CHEM=1 -DWRF_KPP -I. -traditional-cpp -DUSE_NETCDF4_FEATURES -DWRFIO_NCD_LARGE_FILE_SUPPORT  z1fgkf.F  > z1fgkf.f90
ifort -c -real-size 32 -i4  -ip -fp-model precise -w -ftz -align all -fno-alias -FR -convert big_endian   sintmi.f90
ifort -c -real-size 32 -i4  -ip -fp-model precise -w -ftz -align all -fno-alias -FR -convert big_endian   z1fgkf.f90
rm -f -f sintmi.f90
/lib/cpp -P -nostdinc -I/home/onishi/WRF/external/ioapi_share -DEM_CORE=1 -DNMM_CORE=0 -DNMM_MAX_DIM=2600 -DDA_CORE=0 -DWRFPLUS=0 -DIWORDSIZE=4 -DDWORDSIZE=8 -DRWORDSIZE=4 -DLWORDSIZE=4 -DNONSTANDARD_SYSTEM_FUNC  -DWRF_USE_CLM -DUSE_NETCDF4_FEATURES -DWRFIO_NCD_LARGE_FILE_SUPPORT  -DDM_PARALLEL -DNETCDF -DGRIB2 -DHDF5 -DLANDREAD_STUB=1 -DUSE_ALLOCATABLES -Dwrfmodel -DGRIB1 -DINTIO -DKEEP_INT_AROUND -DLIMIT_ARGS -DBUILD_RRTMG_FAST=0 -DBUILD_RRTMK=0 -DBUILD_SBM_FAST=1 -DSHOW_ALL_VARS_USED=0 -DCONFIG_BUF_LEN=65536 -DMAX_DOMAINS_F=21 -DMAX_HISTORY=25 -DNMM_NEST=0 -DWRF_CHEM -DBUILD_CHEM=1 -DWRF_KPP -I. -traditional-cpp -DUSE_NETCDF4_FEATURES -DWRFIO_NCD_LARGE_FILE_SUPPORT  zmf2kb.F  > zmf2kb.f90
ifort -c -real-size 32 -i4  -ip -fp-model precise -w -ftz -align all -fno-alias -FR -convert big_endian   zmf2kb.f90
rm -f -f zmf2kb.f90
/lib/cpp -P -nostdinc -I/home/onishi/WRF/external/ioapi_share -DEM_CORE=1 -DNMM_CORE=0 -DNMM_MAX_DIM=2600 -DDA_CORE=0 -DWRFPLUS=0 -DIWORDSIZE=4 -DDWORDSIZE=8 -DRWORDSIZE=4 -DLWORDSIZE=4 -DNONSTANDARD_SYSTEM_FUNC  -DWRF_USE_CLM -DUSE_NETCDF4_FEATURES -DWRFIO_NCD_LARGE_FILE_SUPPORT  -DDM_PARALLEL -DNETCDF -DGRIB2 -DHDF5 -DLANDREAD_STUB=1 -DUSE_ALLOCATABLES -Dwrfmodel -DGRIB1 -DINTIO -DKEEP_INT_AROUND -DLIMIT_ARGS -DBUILD_RRTMG_FAST=0 -DBUILD_RRTMK=0 -DBUILD_SBM_FAST=1 -DSHOW_ALL_VARS_USED=0 -DCONFIG_BUF_LEN=65536 -DMAX_DOMAINS_F=21 -DMAX_HISTORY=25 -DNMM_NEST=0 -DWRF_CHEM -DBUILD_CHEM=1 -DWRF_KPP -I. -traditional-cpp -DUSE_NETCDF4_FEATURES -DWRFIO_NCD_LARGE_FILE_SUPPORT  c1fgkf.F  > c1fgkf.f90
ifort -c -real-size 32 -i4  -ip -fp-model precise -w -ftz -align all -fno-alias -FR -convert big_endian   c1fgkf.f90
rm -f -f z1fgkf.f90
/lib/cpp -P -nostdinc -I/home/onishi/WRF/external/ioapi_share -DEM_CORE=1 -DNMM_CORE=0 -DNMM_MAX_DIM=2600 -DDA_CORE=0 -DWRFPLUS=0 -DIWORDSIZE=4 -DDWORDSIZE=8 -DRWORDSIZE=4 -DLWORDSIZE=4 -DNONSTANDARD_SYSTEM_FUNC  -DWRF_USE_CLM -DUSE_NETCDF4_FEATURES -DWRFIO_NCD_LARGE_FILE_SUPPORT  -DDM_PARALLEL -DNETCDF -DGRIB2 -DHDF5 -DLANDREAD_STUB=1 -DUSE_ALLOCATABLES -Dwrfmodel -DGRIB1 -DINTIO -DKEEP_INT_AROUND -DLIMIT_ARGS -DBUILD_RRTMG_FAST=0 -DBUILD_RRTMK=0 -DBUILD_SBM_FAST=1 -DSHOW_ALL_VARS_USED=0 -DCONFIG_BUF_LEN=65536 -DMAX_DOMAINS_F=21 -DMAX_HISTORY=25 -DNMM_NEST=0 -DWRF_CHEM -DBUILD_CHEM=1 -DWRF_KPP -I. -traditional-cpp -DUSE_NETCDF4_FEATURES -DWRFIO_NCD_LARGE_FILE_SUPPORT  cmf2kb.F  > cmf2kb.f90
ifort -c -real-size 32 -i4  -ip -fp-model precise -w -ftz -align all -fno-alias -FR -convert big_endian   cmf2kb.f90
rm -f -f cmf2kb.f90
/lib/cpp -P -nostdinc -I/home/onishi/WRF/external/ioapi_share -DEM_CORE=1 -DNMM_CORE=0 -DNMM_MAX_DIM=2600 -DDA_CORE=0 -DWRFPLUS=0 -DIWORDSIZE=4 -DDWORDSIZE=8 -DRWORDSIZE=4 -DLWORDSIZE=4 -DNONSTANDARD_SYSTEM_FUNC  -DWRF_USE_CLM -DUSE_NETCDF4_FEATURES -DWRFIO_NCD_LARGE_FILE_SUPPORT  -DDM_PARALLEL -DNETCDF -DGRIB2 -DHDF5 -DLANDREAD_STUB=1 -DUSE_ALLOCATABLES -Dwrfmodel -DGRIB1 -DINTIO -DKEEP_INT_AROUND -DLIMIT_ARGS -DBUILD_RRTMG_FAST=0 -DBUILD_RRTMK=0 -DBUILD_SBM_FAST=1 -DSHOW_ALL_VARS_USED=0 -DCONFIG_BUF_LEN=65536 -DMAX_DOMAINS_F=21 -DMAX_HISTORY=25 -DNMM_NEST=0 -DWRF_CHEM -DBUILD_CHEM=1 -DWRF_KPP -I. -traditional-cpp -DUSE_NETCDF4_FEATURES -DWRFIO_NCD_LARGE_FILE_SUPPORT  cosq1b.F  > cosq1b.f90
ifort -c -real-size 32 -i4  -ip -fp-model precise -w -ftz -align all -fno-alias -FR -convert big_endian   cosq1b.f90
rm -f -f c1fgkf.f90
/lib/cpp -P -nostdinc -I/home/onishi/WRF/external/ioapi_share -DEM_CORE=1 -DNMM_CORE=0 -DNMM_MAX_DIM=2600 -DDA_CORE=0 -DWRFPLUS=0 -DIWORDSIZE=4 -DDWORDSIZE=8 -DRWORDSIZE=4 -DLWORDSIZE=4 -DNONSTANDARD_SYSTEM_FUNC  -DWRF_USE_CLM -DUSE_NETCDF4_FEATURES -DWRFIO_NCD_LARGE_FILE_SUPPORT  -DDM_PARALLEL -DNETCDF -DGRIB2 -DHDF5 -DLANDREAD_STUB=1 -DUSE_ALLOCATABLES -Dwrfmodel -DGRIB1 -DINTIO -DKEEP_INT_AROUND -DLIMIT_ARGS -DBUILD_RRTMG_FAST=0 -DBUILD_RRTMK=0 -DBUILD_SBM_FAST=1 -DSHOW_ALL_VARS_USED=0 -DCONFIG_BUF_LEN=65536 -DMAX_DOMAINS_F=21 -DMAX_HISTORY=25 -DNMM_NEST=0 -DWRF_CHEM -DBUILD_CHEM=1 -DWRF_KPP -I. -traditional-cpp -DUSE_NETCDF4_FEATURES -DWRFIO_NCD_LARGE_FILE_SUPPORT  costf1.F  > costf1.f90
ifort -c -real-size 32 -i4  -ip -fp-model precise -w -ftz -align all -fno-alias -FR -convert big_endian   costf1.f90
rm -f -f cosq1b.f90
/lib/cpp -P -nostdinc -I/home/onishi/WRF/external/ioapi_share -DEM_CORE=1 -DNMM_CORE=0 -DNMM_MAX_DIM=2600 -DDA_CORE=0 -DWRFPLUS=0 -DIWORDSIZE=4 -DDWORDSIZE=8 -DRWORDSIZE=4 -DLWORDSIZE=4 -DNONSTANDARD_SYSTEM_FUNC  -DWRF_USE_CLM -DUSE_NETCDF4_FEATURES -DWRFIO_NCD_LARGE_FILE_SUPPORT  -DDM_PARALLEL -DNETCDF -DGRIB2 -DHDF5 -DLANDREAD_STUB=1 -DUSE_ALLOCATABLES -Dwrfmodel -DGRIB1 -DINTIO -DKEEP_INT_AROUND -DLIMIT_ARGS -DBUILD_RRTMG_FAST=0 -DBUILD_RRTMK=0 -DBUILD_SBM_FAST=1 -DSHOW_ALL_VARS_USED=0 -DCONFIG_BUF_LEN=65536 -DMAX_DOMAINS_F=21 -DMAX_HISTORY=25 -DNMM_NEST=0 -DWRF_CHEM -DBUILD_CHEM=1 -DWRF_KPP -I. -traditional-cpp -DUSE_NETCDF4_FEATURES -DWRFIO_NCD_LARGE_FILE_SUPPORT  d1fgkb.F  > d1fgkb.f90
ifort -c -real-size 32 -i4  -ip -fp-model precise -w -ftz -align all -fno-alias -FR -convert big_endian   d1fgkb.f90
rm -f -f costf1.f90
/lib/cpp -P -nostdinc -I/home/onishi/WRF/external/ioapi_share -DEM_CORE=1 -DNMM_CORE=0 -DNMM_MAX_DIM=2600 -DDA_CORE=0 -DWRFPLUS=0 -DIWORDSIZE=4 -DDWORDSIZE=8 -DRWORDSIZE=4 -DLWORDSIZE=4 -DNONSTANDARD_SYSTEM_FUNC  -DWRF_USE_CLM -DUSE_NETCDF4_FEATURES -DWRFIO_NCD_LARGE_FILE_SUPPORT  -DDM_PARALLEL -DNETCDF -DGRIB2 -DHDF5 -DLANDREAD_STUB=1 -DUSE_ALLOCATABLES -Dwrfmodel -DGRIB1 -DINTIO -DKEEP_INT_AROUND -DLIMIT_ARGS -DBUILD_RRTMG_FAST=0 -DBUILD_RRTMK=0 -DBUILD_SBM_FAST=1 -DSHOW_ALL_VARS_USED=0 -DCONFIG_BUF_LEN=65536 -DMAX_DOMAINS_F=21 -DMAX_HISTORY=25 -DNMM_NEST=0 -DWRF_CHEM -DBUILD_CHEM=1 -DWRF_KPP -I. -traditional-cpp -DUSE_NETCDF4_FEATURES -DWRFIO_NCD_LARGE_FILE_SUPPORT  dfft1b.F  > dfft1b.f90
ifort -c -real-size 32 -i4  -ip -fp-model precise -w -ftz -align all -fno-alias -FR -convert big_endian   dfft1b.f90
rm -f -f dfft1b.f90
/lib/cpp -P -nostdinc -I/home/onishi/WRF/external/ioapi_share -DEM_CORE=1 -DNMM_CORE=0 -DNMM_MAX_DIM=2600 -DDA_CORE=0 -DWRFPLUS=0 -DIWORDSIZE=4 -DDWORDSIZE=8 -DRWORDSIZE=4 -DLWORDSIZE=4 -DNONSTANDARD_SYSTEM_FUNC  -DWRF_USE_CLM -DUSE_NETCDF4_FEATURES -DWRFIO_NCD_LARGE_FILE_SUPPORT  -DDM_PARALLEL -DNETCDF -DGRIB2 -DHDF5 -DLANDREAD_STUB=1 -DUSE_ALLOCATABLES -Dwrfmodel -DGRIB1 -DINTIO -DKEEP_INT_AROUND -DLIMIT_ARGS -DBUILD_RRTMG_FAST=0 -DBUILD_RRTMK=0 -DBUILD_SBM_FAST=1 -DSHOW_ALL_VARS_USED=0 -DCONFIG_BUF_LEN=65536 -DMAX_DOMAINS_F=21 -DMAX_HISTORY=25 -DNMM_NEST=0 -DWRF_CHEM -DBUILD_CHEM=1 -DWRF_KPP -I. -traditional-cpp -DUSE_NETCDF4_FEATURES -DWRFIO_NCD_LARGE_FILE_SUPPORT  mcsqf1.F  > mcsqf1.f90
ifort -c -real-size 32 -i4  -ip -fp-model precise -w -ftz -align all -fno-alias -FR -convert big_endian   mcsqf1.f90
rm -f -f mcsqf1.f90
/lib/cpp -P -nostdinc -I/home/onishi/WRF/external/ioapi_share -DEM_CORE=1 -DNMM_CORE=0 -DNMM_MAX_DIM=2600 -DDA_CORE=0 -DWRFPLUS=0 -DIWORDSIZE=4 -DDWORDSIZE=8 -DRWORDSIZE=4 -DLWORDSIZE=4 -DNONSTANDARD_SYSTEM_FUNC  -DWRF_USE_CLM -DUSE_NETCDF4_FEATURES -DWRFIO_NCD_LARGE_FILE_SUPPORT  -DDM_PARALLEL -DNETCDF -DGRIB2 -DHDF5 -DLANDREAD_STUB=1 -DUSE_ALLOCATABLES -Dwrfmodel -DGRIB1 -DINTIO -DKEEP_INT_AROUND -DLIMIT_ARGS -DBUILD_RRTMG_FAST=0 -DBUILD_RRTMK=0 -DBUILD_SBM_FAST=1 -DSHOW_ALL_VARS_USED=0 -DCONFIG_BUF_LEN=65536 -DMAX_DOMAINS_F=21 -DMAX_HISTORY=25 -DNMM_NEST=0 -DWRF_CHEM -DBUILD_CHEM=1 -DWRF_KPP -I. -traditional-cpp -DUSE_NETCDF4_FEATURES -DWRFIO_NCD_LARGE_FILE_SUPPORT  mradfg.F  > mradfg.f90
ifort -c -real-size 32 -i4  -ip -fp-model precise -w -ftz -align all -fno-alias -FR -convert big_endian   mradfg.f90
rm -f -f d1fgkb.f90
/lib/cpp -P -nostdinc -I/home/onishi/WRF/external/ioapi_share -DEM_CORE=1 -DNMM_CORE=0 -DNMM_MAX_DIM=2600 -DDA_CORE=0 -DWRFPLUS=0 -DIWORDSIZE=4 -DDWORDSIZE=8 -DRWORDSIZE=4 -DLWORDSIZE=4 -DNONSTANDARD_SYSTEM_FUNC  -DWRF_USE_CLM -DUSE_NETCDF4_FEATURES -DWRFIO_NCD_LARGE_FILE_SUPPORT  -DDM_PARALLEL -DNETCDF -DGRIB2 -DHDF5 -DLANDREAD_STUB=1 -DUSE_ALLOCATABLES -Dwrfmodel -DGRIB1 -DINTIO -DKEEP_INT_AROUND -DLIMIT_ARGS -DBUILD_RRTMG_FAST=0 -DBUILD_RRTMK=0 -DBUILD_SBM_FAST=1 -DSHOW_ALL_VARS_USED=0 -DCONFIG_BUF_LEN=65536 -DMAX_DOMAINS_F=21 -DMAX_HISTORY=25 -DNMM_NEST=0 -DWRF_CHEM -DBUILD_CHEM=1 -DWRF_KPP -I. -traditional-cpp -DUSE_NETCDF4_FEATURES -DWRFIO_NCD_LARGE_FILE_SUPPORT  r1f5kb.F  > r1f5kb.f90
ifort -c -real-size 32 -i4  -ip -fp-model precise -w -ftz -align all -fno-alias -FR -convert big_endian   r1f5kb.f90
rm -f -f mradfg.f90
/lib/cpp -P -nostdinc -I/home/onishi/WRF/external/ioapi_share -DEM_CORE=1 -DNMM_CORE=0 -DNMM_MAX_DIM=2600 -DDA_CORE=0 -DWRFPLUS=0 -DIWORDSIZE=4 -DDWORDSIZE=8 -DRWORDSIZE=4 -DLWORDSIZE=4 -DNONSTANDARD_SYSTEM_FUNC  -DWRF_USE_CLM -DUSE_NETCDF4_FEATURES -DWRFIO_NCD_LARGE_FILE_SUPPORT  -DDM_PARALLEL -DNETCDF -DGRIB2 -DHDF5 -DLANDREAD_STUB=1 -DUSE_ALLOCATABLES -Dwrfmodel -DGRIB1 -DINTIO -DKEEP_INT_AROUND -DLIMIT_ARGS -DBUILD_RRTMG_FAST=0 -DBUILD_RRTMK=0 -DBUILD_SBM_FAST=1 -DSHOW_ALL_VARS_USED=0 -DCONFIG_BUF_LEN=65536 -DMAX_DOMAINS_F=21 -DMAX_HISTORY=25 -DNMM_NEST=0 -DWRF_CHEM -DBUILD_CHEM=1 -DWRF_KPP -I. -traditional-cpp -DUSE_NETCDF4_FEATURES -DWRFIO_NCD_LARGE_FILE_SUPPORT  rfft1i.F  > rfft1i.f90
ifort -c -real-size 32 -i4  -ip -fp-model precise -w -ftz -align all -fno-alias -FR -convert big_endian   rfft1i.f90
rm -f -f rfft1i.f90
/lib/cpp -P -nostdinc -I/home/onishi/WRF/external/ioapi_share -DEM_CORE=1 -DNMM_CORE=0 -DNMM_MAX_DIM=2600 -DDA_CORE=0 -DWRFPLUS=0 -DIWORDSIZE=4 -DDWORDSIZE=8 -DRWORDSIZE=4 -DLWORDSIZE=4 -DNONSTANDARD_SYSTEM_FUNC  -DWRF_USE_CLM -DUSE_NETCDF4_FEATURES -DWRFIO_NCD_LARGE_FILE_SUPPORT  -DDM_PARALLEL -DNETCDF -DGRIB2 -DHDF5 -DLANDREAD_STUB=1 -DUSE_ALLOCATABLES -Dwrfmodel -DGRIB1 -DINTIO -DKEEP_INT_AROUND -DLIMIT_ARGS -DBUILD_RRTMG_FAST=0 -DBUILD_RRTMK=0 -DBUILD_SBM_FAST=1 -DSHOW_ALL_VARS_USED=0 -DCONFIG_BUF_LEN=65536 -DMAX_DOMAINS_F=21 -DMAX_HISTORY=25 -DNMM_NEST=0 -DWRF_CHEM -DBUILD_CHEM=1 -DWRF_KPP -I. -traditional-cpp -DUSE_NETCDF4_FEATURES -DWRFIO_NCD_LARGE_FILE_SUPPORT  sinq1i.F  > sinq1i.f90
ifort -c -real-size 32 -i4  -ip -fp-model precise -w -ftz -align all -fno-alias -FR -convert big_endian   sinq1i.f90
rm -f -f sinq1i.f90
/lib/cpp -P -nostdinc -I/home/onishi/WRF/external/ioapi_share -DEM_CORE=1 -DNMM_CORE=0 -DNMM_MAX_DIM=2600 -DDA_CORE=0 -DWRFPLUS=0 -DIWORDSIZE=4 -DDWORDSIZE=8 -DRWORDSIZE=4 -DLWORDSIZE=4 -DNONSTANDARD_SYSTEM_FUNC  -DWRF_USE_CLM -DUSE_NETCDF4_FEATURES -DWRFIO_NCD_LARGE_FILE_SUPPORT  -DDM_PARALLEL -DNETCDF -DGRIB2 -DHDF5 -DLANDREAD_STUB=1 -DUSE_ALLOCATABLES -Dwrfmodel -DGRIB1 -DINTIO -DKEEP_INT_AROUND -DLIMIT_ARGS -DBUILD_RRTMG_FAST=0 -DBUILD_RRTMK=0 -DBUILD_SBM_FAST=1 -DSHOW_ALL_VARS_USED=0 -DCONFIG_BUF_LEN=65536 -DMAX_DOMAINS_F=21 -DMAX_HISTORY=25 -DNMM_NEST=0 -DWRF_CHEM -DBUILD_CHEM=1 -DWRF_KPP -I. -traditional-cpp -DUSE_NETCDF4_FEATURES -DWRFIO_NCD_LARGE_FILE_SUPPORT  xercon.F  > xercon.f90
rm -f -f r1f5kb.f90
ifort -c -real-size 32 -i4  -ip -fp-model precise -w -ftz -align all -fno-alias -FR -convert big_endian   xercon.f90
/lib/cpp -P -nostdinc -I/home/onishi/WRF/external/ioapi_share -DEM_CORE=1 -DNMM_CORE=0 -DNMM_MAX_DIM=2600 -DDA_CORE=0 -DWRFPLUS=0 -DIWORDSIZE=4 -DDWORDSIZE=8 -DRWORDSIZE=4 -DLWORDSIZE=4 -DNONSTANDARD_SYSTEM_FUNC  -DWRF_USE_CLM -DUSE_NETCDF4_FEATURES -DWRFIO_NCD_LARGE_FILE_SUPPORT  -DDM_PARALLEL -DNETCDF -DGRIB2 -DHDF5 -DLANDREAD_STUB=1 -DUSE_ALLOCATABLES -Dwrfmodel -DGRIB1 -DINTIO -DKEEP_INT_AROUND -DLIMIT_ARGS -DBUILD_RRTMG_FAST=0 -DBUILD_RRTMK=0 -DBUILD_SBM_FAST=1 -DSHOW_ALL_VARS_USED=0 -DCONFIG_BUF_LEN=65536 -DMAX_DOMAINS_F=21 -DMAX_HISTORY=25 -DNMM_NEST=0 -DWRF_CHEM -DBUILD_CHEM=1 -DWRF_KPP -I. -traditional-cpp -DUSE_NETCDF4_FEATURES -DWRFIO_NCD_LARGE_FILE_SUPPORT  z1fm1b.F  > z1fm1b.f90
ifort -c -real-size 32 -i4  -ip -fp-model precise -w -ftz -align all -fno-alias -FR -convert big_endian   z1fm1b.f90
rm -f -f xercon.f90
/lib/cpp -P -nostdinc -I/home/onishi/WRF/external/ioapi_share -DEM_CORE=1 -DNMM_CORE=0 -DNMM_MAX_DIM=2600 -DDA_CORE=0 -DWRFPLUS=0 -DIWORDSIZE=4 -DDWORDSIZE=8 -DRWORDSIZE=4 -DLWORDSIZE=4 -DNONSTANDARD_SYSTEM_FUNC  -DWRF_USE_CLM -DUSE_NETCDF4_FEATURES -DWRFIO_NCD_LARGE_FILE_SUPPORT  -DDM_PARALLEL -DNETCDF -DGRIB2 -DHDF5 -DLANDREAD_STUB=1 -DUSE_ALLOCATABLES -Dwrfmodel -DGRIB1 -DINTIO -DKEEP_INT_AROUND -DLIMIT_ARGS -DBUILD_RRTMG_FAST=0 -DBUILD_RRTMK=0 -DBUILD_SBM_FAST=1 -DSHOW_ALL_VARS_USED=0 -DCONFIG_BUF_LEN=65536 -DMAX_DOMAINS_F=21 -DMAX_HISTORY=25 -DNMM_NEST=0 -DWRF_CHEM -DBUILD_CHEM=1 -DWRF_KPP -I. -traditional-cpp -DUSE_NETCDF4_FEATURES -DWRFIO_NCD_LARGE_FILE_SUPPORT  zmf2kf.F  > zmf2kf.f90
ifort -c -real-size 32 -i4  -ip -fp-model precise -w -ftz -align all -fno-alias -FR -convert big_endian   zmf2kf.f90
rm -f -f z1fm1b.f90
/lib/cpp -P -nostdinc -I/home/onishi/WRF/external/ioapi_share -DEM_CORE=1 -DNMM_CORE=0 -DNMM_MAX_DIM=2600 -DDA_CORE=0 -DWRFPLUS=0 -DIWORDSIZE=4 -DDWORDSIZE=8 -DRWORDSIZE=4 -DLWORDSIZE=4 -DNONSTANDARD_SYSTEM_FUNC  -DWRF_USE_CLM -DUSE_NETCDF4_FEATURES -DWRFIO_NCD_LARGE_FILE_SUPPORT  -DDM_PARALLEL -DNETCDF -DGRIB2 -DHDF5 -DLANDREAD_STUB=1 -DUSE_ALLOCATABLES -Dwrfmodel -DGRIB1 -DINTIO -DKEEP_INT_AROUND -DLIMIT_ARGS -DBUILD_RRTMG_FAST=0 -DBUILD_RRTMK=0 -DBUILD_SBM_FAST=1 -DSHOW_ALL_VARS_USED=0 -DCONFIG_BUF_LEN=65536 -DMAX_DOMAINS_F=21 -DMAX_HISTORY=25 -DNMM_NEST=0 -DWRF_CHEM -DBUILD_CHEM=1 -DWRF_KPP -I. -traditional-cpp -DUSE_NETCDF4_FEATURES -DWRFIO_NCD_LARGE_FILE_SUPPORT  c1fm1b.F  > c1fm1b.f90
ifort -c -real-size 32 -i4  -ip -fp-model precise -w -ftz -align all -fno-alias -FR -convert big_endian   c1fm1b.f90
rm -f -f c1fm1b.f90
/lib/cpp -P -nostdinc -I/home/onishi/WRF/external/ioapi_share -DEM_CORE=1 -DNMM_CORE=0 -DNMM_MAX_DIM=2600 -DDA_CORE=0 -DWRFPLUS=0 -DIWORDSIZE=4 -DDWORDSIZE=8 -DRWORDSIZE=4 -DLWORDSIZE=4 -DNONSTANDARD_SYSTEM_FUNC  -DWRF_USE_CLM -DUSE_NETCDF4_FEATURES -DWRFIO_NCD_LARGE_FILE_SUPPORT  -DDM_PARALLEL -DNETCDF -DGRIB2 -DHDF5 -DLANDREAD_STUB=1 -DUSE_ALLOCATABLES -Dwrfmodel -DGRIB1 -DINTIO -DKEEP_INT_AROUND -DLIMIT_ARGS -DBUILD_RRTMG_FAST=0 -DBUILD_RRTMK=0 -DBUILD_SBM_FAST=1 -DSHOW_ALL_VARS_USED=0 -DCONFIG_BUF_LEN=65536 -DMAX_DOMAINS_F=21 -DMAX_HISTORY=25 -DNMM_NEST=0 -DWRF_CHEM -DBUILD_CHEM=1 -DWRF_KPP -I. -traditional-cpp -DUSE_NETCDF4_FEATURES -DWRFIO_NCD_LARGE_FILE_SUPPORT  cmf2kf.F  > cmf2kf.f90
rm -f -f zmf2kf.f90
ifort -c -real-size 32 -i4  -ip -fp-model precise -w -ftz -align all -fno-alias -FR -convert big_endian   cmf2kf.f90
/lib/cpp -P -nostdinc -I/home/onishi/WRF/external/ioapi_share -DEM_CORE=1 -DNMM_CORE=0 -DNMM_MAX_DIM=2600 -DDA_CORE=0 -DWRFPLUS=0 -DIWORDSIZE=4 -DDWORDSIZE=8 -DRWORDSIZE=4 -DLWORDSIZE=4 -DNONSTANDARD_SYSTEM_FUNC  -DWRF_USE_CLM -DUSE_NETCDF4_FEATURES -DWRFIO_NCD_LARGE_FILE_SUPPORT  -DDM_PARALLEL -DNETCDF -DGRIB2 -DHDF5 -DLANDREAD_STUB=1 -DUSE_ALLOCATABLES -Dwrfmodel -DGRIB1 -DINTIO -DKEEP_INT_AROUND -DLIMIT_ARGS -DBUILD_RRTMG_FAST=0 -DBUILD_RRTMK=0 -DBUILD_SBM_FAST=1 -DSHOW_ALL_VARS_USED=0 -DCONFIG_BUF_LEN=65536 -DMAX_DOMAINS_F=21 -DMAX_HISTORY=25 -DNMM_NEST=0 -DWRF_CHEM -DBUILD_CHEM=1 -DWRF_KPP -I. -traditional-cpp -DUSE_NETCDF4_FEATURES -DWRFIO_NCD_LARGE_FILE_SUPPORT  cosq1f.F  > cosq1f.f90
ifort -c -real-size 32 -i4  -ip -fp-model precise -w -ftz -align all -fno-alias -FR -convert big_endian   cosq1f.f90
rm -f -f cosq1f.f90
/lib/cpp -P -nostdinc -I/home/onishi/WRF/external/ioapi_share -DEM_CORE=1 -DNMM_CORE=0 -DNMM_MAX_DIM=2600 -DDA_CORE=0 -DWRFPLUS=0 -DIWORDSIZE=4 -DDWORDSIZE=8 -DRWORDSIZE=4 -DLWORDSIZE=4 -DNONSTANDARD_SYSTEM_FUNC  -DWRF_USE_CLM -DUSE_NETCDF4_FEATURES -DWRFIO_NCD_LARGE_FILE_SUPPORT  -DDM_PARALLEL -DNETCDF -DGRIB2 -DHDF5 -DLANDREAD_STUB=1 -DUSE_ALLOCATABLES -Dwrfmodel -DGRIB1 -DINTIO -DKEEP_INT_AROUND -DLIMIT_ARGS -DBUILD_RRTMG_FAST=0 -DBUILD_RRTMK=0 -DBUILD_SBM_FAST=1 -DSHOW_ALL_VARS_USED=0 -DCONFIG_BUF_LEN=65536 -DMAX_DOMAINS_F=21 -DMAX_HISTORY=25 -DNMM_NEST=0 -DWRF_CHEM -DBUILD_CHEM=1 -DWRF_KPP -I. -traditional-cpp -DUSE_NETCDF4_FEATURES -DWRFIO_NCD_LARGE_FILE_SUPPORT  costmb.F  > costmb.f90
ifort -c -real-size 32 -i4  -ip -fp-model precise -w -ftz -align all -fno-alias -FR -convert big_endian   costmb.f90
rm -f -f cmf2kf.f90
/lib/cpp -P -nostdinc -I/home/onishi/WRF/external/ioapi_share -DEM_CORE=1 -DNMM_CORE=0 -DNMM_MAX_DIM=2600 -DDA_CORE=0 -DWRFPLUS=0 -DIWORDSIZE=4 -DDWORDSIZE=8 -DRWORDSIZE=4 -DLWORDSIZE=4 -DNONSTANDARD_SYSTEM_FUNC  -DWRF_USE_CLM -DUSE_NETCDF4_FEATURES -DWRFIO_NCD_LARGE_FILE_SUPPORT  -DDM_PARALLEL -DNETCDF -DGRIB2 -DHDF5 -DLANDREAD_STUB=1 -DUSE_ALLOCATABLES -Dwrfmodel -DGRIB1 -DINTIO -DKEEP_INT_AROUND -DLIMIT_ARGS -DBUILD_RRTMG_FAST=0 -DBUILD_RRTMK=0 -DBUILD_SBM_FAST=1 -DSHOW_ALL_VARS_USED=0 -DCONFIG_BUF_LEN=65536 -DMAX_DOMAINS_F=21 -DMAX_HISTORY=25 -DNMM_NEST=0 -DWRF_CHEM -DBUILD_CHEM=1 -DWRF_KPP -I. -traditional-cpp -DUSE_NETCDF4_FEATURES -DWRFIO_NCD_LARGE_FILE_SUPPORT  d1fgkf.F  > d1fgkf.f90
ifort -c -real-size 32 -i4  -ip -fp-model precise -w -ftz -align all -fno-alias -FR -convert big_endian   d1fgkf.f90
rm -f -f costmb.f90
/lib/cpp -P -nostdinc -I/home/onishi/WRF/external/ioapi_share -DEM_CORE=1 -DNMM_CORE=0 -DNMM_MAX_DIM=2600 -DDA_CORE=0 -DWRFPLUS=0 -DIWORDSIZE=4 -DDWORDSIZE=8 -DRWORDSIZE=4 -DLWORDSIZE=4 -DNONSTANDARD_SYSTEM_FUNC  -DWRF_USE_CLM -DUSE_NETCDF4_FEATURES -DWRFIO_NCD_LARGE_FILE_SUPPORT  -DDM_PARALLEL -DNETCDF -DGRIB2 -DHDF5 -DLANDREAD_STUB=1 -DUSE_ALLOCATABLES -Dwrfmodel -DGRIB1 -DINTIO -DKEEP_INT_AROUND -DLIMIT_ARGS -DBUILD_RRTMG_FAST=0 -DBUILD_RRTMK=0 -DBUILD_SBM_FAST=1 -DSHOW_ALL_VARS_USED=0 -DCONFIG_BUF_LEN=65536 -DMAX_DOMAINS_F=21 -DMAX_HISTORY=25 -DNMM_NEST=0 -DWRF_CHEM -DBUILD_CHEM=1 -DWRF_KPP -I. -traditional-cpp -DUSE_NETCDF4_FEATURES -DWRFIO_NCD_LARGE_FILE_SUPPORT  dfft1f.F  > dfft1f.f90
ifort -c -real-size 32 -i4  -ip -fp-model precise -w -ftz -align all -fno-alias -FR -convert big_endian   dfft1f.f90
rm -f -f dfft1f.f90
/lib/cpp -P -nostdinc -I/home/onishi/WRF/external/ioapi_share -DEM_CORE=1 -DNMM_CORE=0 -DNMM_MAX_DIM=2600 -DDA_CORE=0 -DWRFPLUS=0 -DIWORDSIZE=4 -DDWORDSIZE=8 -DRWORDSIZE=4 -DLWORDSIZE=4 -DNONSTANDARD_SYSTEM_FUNC  -DWRF_USE_CLM -DUSE_NETCDF4_FEATURES -DWRFIO_NCD_LARGE_FILE_SUPPORT  -DDM_PARALLEL -DNETCDF -DGRIB2 -DHDF5 -DLANDREAD_STUB=1 -DUSE_ALLOCATABLES -Dwrfmodel -DGRIB1 -DINTIO -DKEEP_INT_AROUND -DLIMIT_ARGS -DBUILD_RRTMG_FAST=0 -DBUILD_RRTMK=0 -DBUILD_SBM_FAST=1 -DSHOW_ALL_VARS_USED=0 -DCONFIG_BUF_LEN=65536 -DMAX_DOMAINS_F=21 -DMAX_HISTORY=25 -DNMM_NEST=0 -DWRF_CHEM -DBUILD_CHEM=1 -DWRF_KPP -I. -traditional-cpp -DUSE_NETCDF4_FEATURES -DWRFIO_NCD_LARGE_FILE_SUPPORT  mcstb1.F  > mcstb1.f90
ifort -c -real-size 32 -i4  -ip -fp-model precise -w -ftz -align all -fno-alias -FR -convert big_endian   mcstb1.f90
rm -f -f mcstb1.f90
/lib/cpp -P -nostdinc -I/home/onishi/WRF/external/ioapi_share -DEM_CORE=1 -DNMM_CORE=0 -DNMM_MAX_DIM=2600 -DDA_CORE=0 -DWRFPLUS=0 -DIWORDSIZE=4 -DDWORDSIZE=8 -DRWORDSIZE=4 -DLWORDSIZE=4 -DNONSTANDARD_SYSTEM_FUNC  -DWRF_USE_CLM -DUSE_NETCDF4_FEATURES -DWRFIO_NCD_LARGE_FILE_SUPPORT  -DDM_PARALLEL -DNETCDF -DGRIB2 -DHDF5 -DLANDREAD_STUB=1 -DUSE_ALLOCATABLES -Dwrfmodel -DGRIB1 -DINTIO -DKEEP_INT_AROUND -DLIMIT_ARGS -DBUILD_RRTMG_FAST=0 -DBUILD_RRTMK=0 -DBUILD_SBM_FAST=1 -DSHOW_ALL_VARS_USED=0 -DCONFIG_BUF_LEN=65536 -DMAX_DOMAINS_F=21 -DMAX_HISTORY=25 -DNMM_NEST=0 -DWRF_CHEM -DBUILD_CHEM=1 -DWRF_KPP -I. -traditional-cpp -DUSE_NETCDF4_FEATURES -DWRFIO_NCD_LARGE_FILE_SUPPORT  mrftb1.F  > mrftb1.f90
ifort -c -real-size 32 -i4  -ip -fp-model precise -w -ftz -align all -fno-alias -FR -convert big_endian   mrftb1.f90
rm -f -f mrftb1.f90
/lib/cpp -P -nostdinc -I/home/onishi/WRF/external/ioapi_share -DEM_CORE=1 -DNMM_CORE=0 -DNMM_MAX_DIM=2600 -DDA_CORE=0 -DWRFPLUS=0 -DIWORDSIZE=4 -DDWORDSIZE=8 -DRWORDSIZE=4 -DLWORDSIZE=4 -DNONSTANDARD_SYSTEM_FUNC  -DWRF_USE_CLM -DUSE_NETCDF4_FEATURES -DWRFIO_NCD_LARGE_FILE_SUPPORT  -DDM_PARALLEL -DNETCDF -DGRIB2 -DHDF5 -DLANDREAD_STUB=1 -DUSE_ALLOCATABLES -Dwrfmodel -DGRIB1 -DINTIO -DKEEP_INT_AROUND -DLIMIT_ARGS -DBUILD_RRTMG_FAST=0 -DBUILD_RRTMK=0 -DBUILD_SBM_FAST=1 -DSHOW_ALL_VARS_USED=0 -DCONFIG_BUF_LEN=65536 -DMAX_DOMAINS_F=21 -DMAX_HISTORY=25 -DNMM_NEST=0 -DWRF_CHEM -DBUILD_CHEM=1 -DWRF_KPP -I. -traditional-cpp -DUSE_NETCDF4_FEATURES -DWRFIO_NCD_LARGE_FILE_SUPPORT  r1f5kf.F  > r1f5kf.f90
ifort -c -real-size 32 -i4  -ip -fp-model precise -w -ftz -align all -fno-alias -FR -convert big_endian   r1f5kf.f90
rm -f -f d1fgkf.f90
/lib/cpp -P -nostdinc -I/home/onishi/WRF/external/ioapi_share -DEM_CORE=1 -DNMM_CORE=0 -DNMM_MAX_DIM=2600 -DDA_CORE=0 -DWRFPLUS=0 -DIWORDSIZE=4 -DDWORDSIZE=8 -DRWORDSIZE=4 -DLWORDSIZE=4 -DNONSTANDARD_SYSTEM_FUNC  -DWRF_USE_CLM -DUSE_NETCDF4_FEATURES -DWRFIO_NCD_LARGE_FILE_SUPPORT  -DDM_PARALLEL -DNETCDF -DGRIB2 -DHDF5 -DLANDREAD_STUB=1 -DUSE_ALLOCATABLES -Dwrfmodel -DGRIB1 -DINTIO -DKEEP_INT_AROUND -DLIMIT_ARGS -DBUILD_RRTMG_FAST=0 -DBUILD_RRTMK=0 -DBUILD_SBM_FAST=1 -DSHOW_ALL_VARS_USED=0 -DCONFIG_BUF_LEN=65536 -DMAX_DOMAINS_F=21 -DMAX_HISTORY=25 -DNMM_NEST=0 -DWRF_CHEM -DBUILD_CHEM=1 -DWRF_KPP -I. -traditional-cpp -DUSE_NETCDF4_FEATURES -DWRFIO_NCD_LARGE_FILE_SUPPORT  rfft2b.F  > rfft2b.f90
ifort -c -real-size 32 -i4  -ip -fp-model precise -w -ftz -align all -fno-alias -FR -convert big_endian   rfft2b.f90
rm -f -f rfft2b.f90
/lib/cpp -P -nostdinc -I/home/onishi/WRF/external/ioapi_share -DEM_CORE=1 -DNMM_CORE=0 -DNMM_MAX_DIM=2600 -DDA_CORE=0 -DWRFPLUS=0 -DIWORDSIZE=4 -DDWORDSIZE=8 -DRWORDSIZE=4 -DLWORDSIZE=4 -DNONSTANDARD_SYSTEM_FUNC  -DWRF_USE_CLM -DUSE_NETCDF4_FEATURES -DWRFIO_NCD_LARGE_FILE_SUPPORT  -DDM_PARALLEL -DNETCDF -DGRIB2 -DHDF5 -DLANDREAD_STUB=1 -DUSE_ALLOCATABLES -Dwrfmodel -DGRIB1 -DINTIO -DKEEP_INT_AROUND -DLIMIT_ARGS -DBUILD_RRTMG_FAST=0 -DBUILD_RRTMK=0 -DBUILD_SBM_FAST=1 -DSHOW_ALL_VARS_USED=0 -DCONFIG_BUF_LEN=65536 -DMAX_DOMAINS_F=21 -DMAX_HISTORY=25 -DNMM_NEST=0 -DWRF_CHEM -DBUILD_CHEM=1 -DWRF_KPP -I. -traditional-cpp -DUSE_NETCDF4_FEATURES -DWRFIO_NCD_LARGE_FILE_SUPPORT  sinqmb.F  > sinqmb.f90
ifort -c -real-size 32 -i4  -ip -fp-model precise -w -ftz -align all -fno-alias -FR -convert big_endian   sinqmb.f90
rm -f -f sinqmb.f90
/lib/cpp -P -nostdinc -I/home/onishi/WRF/external/ioapi_share -DEM_CORE=1 -DNMM_CORE=0 -DNMM_MAX_DIM=2600 -DDA_CORE=0 -DWRFPLUS=0 -DIWORDSIZE=4 -DDWORDSIZE=8 -DRWORDSIZE=4 -DLWORDSIZE=4 -DNONSTANDARD_SYSTEM_FUNC  -DWRF_USE_CLM -DUSE_NETCDF4_FEATURES -DWRFIO_NCD_LARGE_FILE_SUPPORT  -DDM_PARALLEL -DNETCDF -DGRIB2 -DHDF5 -DLANDREAD_STUB=1 -DUSE_ALLOCATABLES -Dwrfmodel -DGRIB1 -DINTIO -DKEEP_INT_AROUND -DLIMIT_ARGS -DBUILD_RRTMG_FAST=0 -DBUILD_RRTMK=0 -DBUILD_SBM_FAST=1 -DSHOW_ALL_VARS_USED=0 -DCONFIG_BUF_LEN=65536 -DMAX_DOMAINS_F=21 -DMAX_HISTORY=25 -DNMM_NEST=0 -DWRF_CHEM -DBUILD_CHEM=1 -DWRF_KPP -I. -traditional-cpp -DUSE_NETCDF4_FEATURES -DWRFIO_NCD_LARGE_FILE_SUPPORT  xerfft.F  > xerfft.f90
ifort -c -real-size 32 -i4  -ip -fp-model precise -w -ftz -align all -fno-alias -FR -convert big_endian   xerfft.f90
rm -f -f xerfft.f90
/lib/cpp -P -nostdinc -I/home/onishi/WRF/external/ioapi_share -DEM_CORE=1 -DNMM_CORE=0 -DNMM_MAX_DIM=2600 -DDA_CORE=0 -DWRFPLUS=0 -DIWORDSIZE=4 -DDWORDSIZE=8 -DRWORDSIZE=4 -DLWORDSIZE=4 -DNONSTANDARD_SYSTEM_FUNC  -DWRF_USE_CLM -DUSE_NETCDF4_FEATURES -DWRFIO_NCD_LARGE_FILE_SUPPORT  -DDM_PARALLEL -DNETCDF -DGRIB2 -DHDF5 -DLANDREAD_STUB=1 -DUSE_ALLOCATABLES -Dwrfmodel -DGRIB1 -DINTIO -DKEEP_INT_AROUND -DLIMIT_ARGS -DBUILD_RRTMG_FAST=0 -DBUILD_RRTMK=0 -DBUILD_SBM_FAST=1 -DSHOW_ALL_VARS_USED=0 -DCONFIG_BUF_LEN=65536 -DMAX_DOMAINS_F=21 -DMAX_HISTORY=25 -DNMM_NEST=0 -DWRF_CHEM -DBUILD_CHEM=1 -DWRF_KPP -I. -traditional-cpp -DUSE_NETCDF4_FEATURES -DWRFIO_NCD_LARGE_FILE_SUPPORT  z1fm1f.F  > z1fm1f.f90
ifort -c -real-size 32 -i4  -ip -fp-model precise -w -ftz -align all -fno-alias -FR -convert big_endian   z1fm1f.f90
rm -f -f z1fm1f.f90
/lib/cpp -P -nostdinc -I/home/onishi/WRF/external/ioapi_share -DEM_CORE=1 -DNMM_CORE=0 -DNMM_MAX_DIM=2600 -DDA_CORE=0 -DWRFPLUS=0 -DIWORDSIZE=4 -DDWORDSIZE=8 -DRWORDSIZE=4 -DLWORDSIZE=4 -DNONSTANDARD_SYSTEM_FUNC  -DWRF_USE_CLM -DUSE_NETCDF4_FEATURES -DWRFIO_NCD_LARGE_FILE_SUPPORT  -DDM_PARALLEL -DNETCDF -DGRIB2 -DHDF5 -DLANDREAD_STUB=1 -DUSE_ALLOCATABLES -Dwrfmodel -DGRIB1 -DINTIO -DKEEP_INT_AROUND -DLIMIT_ARGS -DBUILD_RRTMG_FAST=0 -DBUILD_RRTMK=0 -DBUILD_SBM_FAST=1 -DSHOW_ALL_VARS_USED=0 -DCONFIG_BUF_LEN=65536 -DMAX_DOMAINS_F=21 -DMAX_HISTORY=25 -DNMM_NEST=0 -DWRF_CHEM -DBUILD_CHEM=1 -DWRF_KPP -I. -traditional-cpp -DUSE_NETCDF4_FEATURES -DWRFIO_NCD_LARGE_FILE_SUPPORT  zmf3kb.F  > zmf3kb.f90
ifort -c -real-size 32 -i4  -ip -fp-model precise -w -ftz -align all -fno-alias -FR -convert big_endian   zmf3kb.f90
rm -f -f r1f5kf.f90
/lib/cpp -P -nostdinc -I/home/onishi/WRF/external/ioapi_share -DEM_CORE=1 -DNMM_CORE=0 -DNMM_MAX_DIM=2600 -DDA_CORE=0 -DWRFPLUS=0 -DIWORDSIZE=4 -DDWORDSIZE=8 -DRWORDSIZE=4 -DLWORDSIZE=4 -DNONSTANDARD_SYSTEM_FUNC  -DWRF_USE_CLM -DUSE_NETCDF4_FEATURES -DWRFIO_NCD_LARGE_FILE_SUPPORT  -DDM_PARALLEL -DNETCDF -DGRIB2 -DHDF5 -DLANDREAD_STUB=1 -DUSE_ALLOCATABLES -Dwrfmodel -DGRIB1 -DINTIO -DKEEP_INT_AROUND -DLIMIT_ARGS -DBUILD_RRTMG_FAST=0 -DBUILD_RRTMK=0 -DBUILD_SBM_FAST=1 -DSHOW_ALL_VARS_USED=0 -DCONFIG_BUF_LEN=65536 -DMAX_DOMAINS_F=21 -DMAX_HISTORY=25 -DNMM_NEST=0 -DWRF_CHEM -DBUILD_CHEM=1 -DWRF_KPP -I. -traditional-cpp -DUSE_NETCDF4_FEATURES -DWRFIO_NCD_LARGE_FILE_SUPPORT  c1fm1f.F  > c1fm1f.f90
ifort -c -real-size 32 -i4  -ip -fp-model precise -w -ftz -align all -fno-alias -FR -convert big_endian   c1fm1f.f90
rm -f -f zmf3kb.f90
rm -f -f c1fm1f.f90
/lib/cpp -P -nostdinc -I/home/onishi/WRF/external/ioapi_share -DEM_CORE=1 -DNMM_CORE=0 -DNMM_MAX_DIM=2600 -DDA_CORE=0 -DWRFPLUS=0 -DIWORDSIZE=4 -DDWORDSIZE=8 -DRWORDSIZE=4 -DLWORDSIZE=4 -DNONSTANDARD_SYSTEM_FUNC  -DWRF_USE_CLM -DUSE_NETCDF4_FEATURES -DWRFIO_NCD_LARGE_FILE_SUPPORT  -DDM_PARALLEL -DNETCDF -DGRIB2 -DHDF5 -DLANDREAD_STUB=1 -DUSE_ALLOCATABLES -Dwrfmodel -DGRIB1 -DINTIO -DKEEP_INT_AROUND -DLIMIT_ARGS -DBUILD_RRTMG_FAST=0 -DBUILD_RRTMK=0 -DBUILD_SBM_FAST=1 -DSHOW_ALL_VARS_USED=0 -DCONFIG_BUF_LEN=65536 -DMAX_DOMAINS_F=21 -DMAX_HISTORY=25 -DNMM_NEST=0 -DWRF_CHEM -DBUILD_CHEM=1 -DWRF_KPP -I. -traditional-cpp -DUSE_NETCDF4_FEATURES -DWRFIO_NCD_LARGE_FILE_SUPPORT  cmf3kb.F  > cmf3kb.f90
/lib/cpp -P -nostdinc -I/home/onishi/WRF/external/ioapi_share -DEM_CORE=1 -DNMM_CORE=0 -DNMM_MAX_DIM=2600 -DDA_CORE=0 -DWRFPLUS=0 -DIWORDSIZE=4 -DDWORDSIZE=8 -DRWORDSIZE=4 -DLWORDSIZE=4 -DNONSTANDARD_SYSTEM_FUNC  -DWRF_USE_CLM -DUSE_NETCDF4_FEATURES -DWRFIO_NCD_LARGE_FILE_SUPPORT  -DDM_PARALLEL -DNETCDF -DGRIB2 -DHDF5 -DLANDREAD_STUB=1 -DUSE_ALLOCATABLES -Dwrfmodel -DGRIB1 -DINTIO -DKEEP_INT_AROUND -DLIMIT_ARGS -DBUILD_RRTMG_FAST=0 -DBUILD_RRTMK=0 -DBUILD_SBM_FAST=1 -DSHOW_ALL_VARS_USED=0 -DCONFIG_BUF_LEN=65536 -DMAX_DOMAINS_F=21 -DMAX_HISTORY=25 -DNMM_NEST=0 -DWRF_CHEM -DBUILD_CHEM=1 -DWRF_KPP -I. -traditional-cpp -DUSE_NETCDF4_FEATURES -DWRFIO_NCD_LARGE_FILE_SUPPORT  cosq1i.F  > cosq1i.f90
ifort -c -real-size 32 -i4  -ip -fp-model precise -w -ftz -align all -fno-alias -FR -convert big_endian   cmf3kb.f90
ifort -c -real-size 32 -i4  -ip -fp-model precise -w -ftz -align all -fno-alias -FR -convert big_endian   cosq1i.f90
rm -f -f cosq1i.f90
/lib/cpp -P -nostdinc -I/home/onishi/WRF/external/ioapi_share -DEM_CORE=1 -DNMM_CORE=0 -DNMM_MAX_DIM=2600 -DDA_CORE=0 -DWRFPLUS=0 -DIWORDSIZE=4 -DDWORDSIZE=8 -DRWORDSIZE=4 -DLWORDSIZE=4 -DNONSTANDARD_SYSTEM_FUNC  -DWRF_USE_CLM -DUSE_NETCDF4_FEATURES -DWRFIO_NCD_LARGE_FILE_SUPPORT  -DDM_PARALLEL -DNETCDF -DGRIB2 -DHDF5 -DLANDREAD_STUB=1 -DUSE_ALLOCATABLES -Dwrfmodel -DGRIB1 -DINTIO -DKEEP_INT_AROUND -DLIMIT_ARGS -DBUILD_RRTMG_FAST=0 -DBUILD_RRTMK=0 -DBUILD_SBM_FAST=1 -DSHOW_ALL_VARS_USED=0 -DCONFIG_BUF_LEN=65536 -DMAX_DOMAINS_F=21 -DMAX_HISTORY=25 -DNMM_NEST=0 -DWRF_CHEM -DBUILD_CHEM=1 -DWRF_KPP -I. -traditional-cpp -DUSE_NETCDF4_FEATURES -DWRFIO_NCD_LARGE_FILE_SUPPORT  costmf.F  > costmf.f90
ifort -c -real-size 32 -i4  -ip -fp-model precise -w -ftz -align all -fno-alias -FR -convert big_endian   costmf.f90
rm -f -f cmf3kb.f90
/lib/cpp -P -nostdinc -I/home/onishi/WRF/external/ioapi_share -DEM_CORE=1 -DNMM_CORE=0 -DNMM_MAX_DIM=2600 -DDA_CORE=0 -DWRFPLUS=0 -DIWORDSIZE=4 -DDWORDSIZE=8 -DRWORDSIZE=4 -DLWORDSIZE=4 -DNONSTANDARD_SYSTEM_FUNC  -DWRF_USE_CLM -DUSE_NETCDF4_FEATURES -DWRFIO_NCD_LARGE_FILE_SUPPORT  -DDM_PARALLEL -DNETCDF -DGRIB2 -DHDF5 -DLANDREAD_STUB=1 -DUSE_ALLOCATABLES -Dwrfmodel -DGRIB1 -DINTIO -DKEEP_INT_AROUND -DLIMIT_ARGS -DBUILD_RRTMG_FAST=0 -DBUILD_RRTMK=0 -DBUILD_SBM_FAST=1 -DSHOW_ALL_VARS_USED=0 -DCONFIG_BUF_LEN=65536 -DMAX_DOMAINS_F=21 -DMAX_HISTORY=25 -DNMM_NEST=0 -DWRF_CHEM -DBUILD_CHEM=1 -DWRF_KPP -I. -traditional-cpp -DUSE_NETCDF4_FEATURES -DWRFIO_NCD_LARGE_FILE_SUPPORT  dcosq1b.F  > dcosq1b.f90
ifort -c -real-size 32 -i4  -ip -fp-model precise -w -ftz -align all -fno-alias -FR -convert big_endian   dcosq1b.f90
rm -f -f costmf.f90
/lib/cpp -P -nostdinc -I/home/onishi/WRF/external/ioapi_share -DEM_CORE=1 -DNMM_CORE=0 -DNMM_MAX_DIM=2600 -DDA_CORE=0 -DWRFPLUS=0 -DIWORDSIZE=4 -DDWORDSIZE=8 -DRWORDSIZE=4 -DLWORDSIZE=4 -DNONSTANDARD_SYSTEM_FUNC  -DWRF_USE_CLM -DUSE_NETCDF4_FEATURES -DWRFIO_NCD_LARGE_FILE_SUPPORT  -DDM_PARALLEL -DNETCDF -DGRIB2 -DHDF5 -DLANDREAD_STUB=1 -DUSE_ALLOCATABLES -Dwrfmodel -DGRIB1 -DINTIO -DKEEP_INT_AROUND -DLIMIT_ARGS -DBUILD_RRTMG_FAST=0 -DBUILD_RRTMK=0 -DBUILD_SBM_FAST=1 -DSHOW_ALL_VARS_USED=0 -DCONFIG_BUF_LEN=65536 -DMAX_DOMAINS_F=21 -DMAX_HISTORY=25 -DNMM_NEST=0 -DWRF_CHEM -DBUILD_CHEM=1 -DWRF_KPP -I. -traditional-cpp -DUSE_NETCDF4_FEATURES -DWRFIO_NCD_LARGE_FILE_SUPPORT  dfft1i.F  > dfft1i.f90
ifort -c -real-size 32 -i4  -ip -fp-model precise -w -ftz -align all -fno-alias -FR -convert big_endian   dfft1i.f90
rm -f -f dcosq1b.f90
/lib/cpp -P -nostdinc -I/home/onishi/WRF/external/ioapi_share -DEM_CORE=1 -DNMM_CORE=0 -DNMM_MAX_DIM=2600 -DDA_CORE=0 -DWRFPLUS=0 -DIWORDSIZE=4 -DDWORDSIZE=8 -DRWORDSIZE=4 -DLWORDSIZE=4 -DNONSTANDARD_SYSTEM_FUNC  -DWRF_USE_CLM -DUSE_NETCDF4_FEATURES -DWRFIO_NCD_LARGE_FILE_SUPPORT  -DDM_PARALLEL -DNETCDF -DGRIB2 -DHDF5 -DLANDREAD_STUB=1 -DUSE_ALLOCATABLES -Dwrfmodel -DGRIB1 -DINTIO -DKEEP_INT_AROUND -DLIMIT_ARGS -DBUILD_RRTMG_FAST=0 -DBUILD_RRTMK=0 -DBUILD_SBM_FAST=1 -DSHOW_ALL_VARS_USED=0 -DCONFIG_BUF_LEN=65536 -DMAX_DOMAINS_F=21 -DMAX_HISTORY=25 -DNMM_NEST=0 -DWRF_CHEM -DBUILD_CHEM=1 -DWRF_KPP -I. -traditional-cpp -DUSE_NETCDF4_FEATURES -DWRFIO_NCD_LARGE_FILE_SUPPORT  mcstf1.F  > mcstf1.f90
ifort -c -real-size 32 -i4  -ip -fp-model precise -w -ftz -align all -fno-alias -FR -convert big_endian   mcstf1.f90
rm -f -f dfft1i.f90
/lib/cpp -P -nostdinc -I/home/onishi/WRF/external/ioapi_share -DEM_CORE=1 -DNMM_CORE=0 -DNMM_MAX_DIM=2600 -DDA_CORE=0 -DWRFPLUS=0 -DIWORDSIZE=4 -DDWORDSIZE=8 -DRWORDSIZE=4 -DLWORDSIZE=4 -DNONSTANDARD_SYSTEM_FUNC  -DWRF_USE_CLM -DUSE_NETCDF4_FEATURES -DWRFIO_NCD_LARGE_FILE_SUPPORT  -DDM_PARALLEL -DNETCDF -DGRIB2 -DHDF5 -DLANDREAD_STUB=1 -DUSE_ALLOCATABLES -Dwrfmodel -DGRIB1 -DINTIO -DKEEP_INT_AROUND -DLIMIT_ARGS -DBUILD_RRTMG_FAST=0 -DBUILD_RRTMK=0 -DBUILD_SBM_FAST=1 -DSHOW_ALL_VARS_USED=0 -DCONFIG_BUF_LEN=65536 -DMAX_DOMAINS_F=21 -DMAX_HISTORY=25 -DNMM_NEST=0 -DWRF_CHEM -DBUILD_CHEM=1 -DWRF_KPP -I. -traditional-cpp -DUSE_NETCDF4_FEATURES -DWRFIO_NCD_LARGE_FILE_SUPPORT  mrftf1.F  > mrftf1.f90
ifort -c -real-size 32 -i4  -ip -fp-model precise -w -ftz -align all -fno-alias -FR -convert big_endian   mrftf1.f90
rm -f -f mcstf1.f90
/lib/cpp -P -nostdinc -I/home/onishi/WRF/external/ioapi_share -DEM_CORE=1 -DNMM_CORE=0 -DNMM_MAX_DIM=2600 -DDA_CORE=0 -DWRFPLUS=0 -DIWORDSIZE=4 -DDWORDSIZE=8 -DRWORDSIZE=4 -DLWORDSIZE=4 -DNONSTANDARD_SYSTEM_FUNC  -DWRF_USE_CLM -DUSE_NETCDF4_FEATURES -DWRFIO_NCD_LARGE_FILE_SUPPORT  -DDM_PARALLEL -DNETCDF -DGRIB2 -DHDF5 -DLANDREAD_STUB=1 -DUSE_ALLOCATABLES -Dwrfmodel -DGRIB1 -DINTIO -DKEEP_INT_AROUND -DLIMIT_ARGS -DBUILD_RRTMG_FAST=0 -DBUILD_RRTMK=0 -DBUILD_SBM_FAST=1 -DSHOW_ALL_VARS_USED=0 -DCONFIG_BUF_LEN=65536 -DMAX_DOMAINS_F=21 -DMAX_HISTORY=25 -DNMM_NEST=0 -DWRF_CHEM -DBUILD_CHEM=1 -DWRF_KPP -I. -traditional-cpp -DUSE_NETCDF4_FEATURES -DWRFIO_NCD_LARGE_FILE_SUPPORT  r1fgkb.F  > r1fgkb.f90
ifort -c -real-size 32 -i4  -ip -fp-model precise -w -ftz -align all -fno-alias -FR -convert big_endian   r1fgkb.f90
rm -f -f mrftf1.f90
/lib/cpp -P -nostdinc -I/home/onishi/WRF/external/ioapi_share -DEM_CORE=1 -DNMM_CORE=0 -DNMM_MAX_DIM=2600 -DDA_CORE=0 -DWRFPLUS=0 -DIWORDSIZE=4 -DDWORDSIZE=8 -DRWORDSIZE=4 -DLWORDSIZE=4 -DNONSTANDARD_SYSTEM_FUNC  -DWRF_USE_CLM -DUSE_NETCDF4_FEATURES -DWRFIO_NCD_LARGE_FILE_SUPPORT  -DDM_PARALLEL -DNETCDF -DGRIB2 -DHDF5 -DLANDREAD_STUB=1 -DUSE_ALLOCATABLES -Dwrfmodel -DGRIB1 -DINTIO -DKEEP_INT_AROUND -DLIMIT_ARGS -DBUILD_RRTMG_FAST=0 -DBUILD_RRTMK=0 -DBUILD_SBM_FAST=1 -DSHOW_ALL_VARS_USED=0 -DCONFIG_BUF_LEN=65536 -DMAX_DOMAINS_F=21 -DMAX_HISTORY=25 -DNMM_NEST=0 -DWRF_CHEM -DBUILD_CHEM=1 -DWRF_KPP -I. -traditional-cpp -DUSE_NETCDF4_FEATURES -DWRFIO_NCD_LARGE_FILE_SUPPORT  rfft2f.F  > rfft2f.f90
ifort -c -real-size 32 -i4  -ip -fp-model precise -w -ftz -align all -fno-alias -FR -convert big_endian   rfft2f.f90
rm -f -f rfft2f.f90
/lib/cpp -P -nostdinc -I/home/onishi/WRF/external/ioapi_share -DEM_CORE=1 -DNMM_CORE=0 -DNMM_MAX_DIM=2600 -DDA_CORE=0 -DWRFPLUS=0 -DIWORDSIZE=4 -DDWORDSIZE=8 -DRWORDSIZE=4 -DLWORDSIZE=4 -DNONSTANDARD_SYSTEM_FUNC  -DWRF_USE_CLM -DUSE_NETCDF4_FEATURES -DWRFIO_NCD_LARGE_FILE_SUPPORT  -DDM_PARALLEL -DNETCDF -DGRIB2 -DHDF5 -DLANDREAD_STUB=1 -DUSE_ALLOCATABLES -Dwrfmodel -DGRIB1 -DINTIO -DKEEP_INT_AROUND -DLIMIT_ARGS -DBUILD_RRTMG_FAST=0 -DBUILD_RRTMK=0 -DBUILD_SBM_FAST=1 -DSHOW_ALL_VARS_USED=0 -DCONFIG_BUF_LEN=65536 -DMAX_DOMAINS_F=21 -DMAX_HISTORY=25 -DNMM_NEST=0 -DWRF_CHEM -DBUILD_CHEM=1 -DWRF_KPP -I. -traditional-cpp -DUSE_NETCDF4_FEATURES -DWRFIO_NCD_LARGE_FILE_SUPPORT  sinqmf.F  > sinqmf.f90
ifort -c -real-size 32 -i4  -ip -fp-model precise -w -ftz -align all -fno-alias -FR -convert big_endian   sinqmf.f90
rm -f -f sinqmf.f90
/lib/cpp -P -nostdinc -I/home/onishi/WRF/external/ioapi_share -DEM_CORE=1 -DNMM_CORE=0 -DNMM_MAX_DIM=2600 -DDA_CORE=0 -DWRFPLUS=0 -DIWORDSIZE=4 -DDWORDSIZE=8 -DRWORDSIZE=4 -DLWORDSIZE=4 -DNONSTANDARD_SYSTEM_FUNC  -DWRF_USE_CLM -DUSE_NETCDF4_FEATURES -DWRFIO_NCD_LARGE_FILE_SUPPORT  -DDM_PARALLEL -DNETCDF -DGRIB2 -DHDF5 -DLANDREAD_STUB=1 -DUSE_ALLOCATABLES -Dwrfmodel -DGRIB1 -DINTIO -DKEEP_INT_AROUND -DLIMIT_ARGS -DBUILD_RRTMG_FAST=0 -DBUILD_RRTMK=0 -DBUILD_SBM_FAST=1 -DSHOW_ALL_VARS_USED=0 -DCONFIG_BUF_LEN=65536 -DMAX_DOMAINS_F=21 -DMAX_HISTORY=25 -DNMM_NEST=0 -DWRF_CHEM -DBUILD_CHEM=1 -DWRF_KPP -I. -traditional-cpp -DUSE_NETCDF4_FEATURES -DWRFIO_NCD_LARGE_FILE_SUPPORT  z1f2kb.F  > z1f2kb.f90
ifort -c -real-size 32 -i4  -ip -fp-model precise -w -ftz -align all -fno-alias -FR -convert big_endian   z1f2kb.f90
rm -f -f z1f2kb.f90
/lib/cpp -P -nostdinc -I/home/onishi/WRF/external/ioapi_share -DEM_CORE=1 -DNMM_CORE=0 -DNMM_MAX_DIM=2600 -DDA_CORE=0 -DWRFPLUS=0 -DIWORDSIZE=4 -DDWORDSIZE=8 -DRWORDSIZE=4 -DLWORDSIZE=4 -DNONSTANDARD_SYSTEM_FUNC  -DWRF_USE_CLM -DUSE_NETCDF4_FEATURES -DWRFIO_NCD_LARGE_FILE_SUPPORT  -DDM_PARALLEL -DNETCDF -DGRIB2 -DHDF5 -DLANDREAD_STUB=1 -DUSE_ALLOCATABLES -Dwrfmodel -DGRIB1 -DINTIO -DKEEP_INT_AROUND -DLIMIT_ARGS -DBUILD_RRTMG_FAST=0 -DBUILD_RRTMK=0 -DBUILD_SBM_FAST=1 -DSHOW_ALL_VARS_USED=0 -DCONFIG_BUF_LEN=65536 -DMAX_DOMAINS_F=21 -DMAX_HISTORY=25 -DNMM_NEST=0 -DWRF_CHEM -DBUILD_CHEM=1 -DWRF_KPP -I. -traditional-cpp -DUSE_NETCDF4_FEATURES -DWRFIO_NCD_LARGE_FILE_SUPPORT  zfft1b.F  > zfft1b.f90
ifort -c -real-size 32 -i4  -ip -fp-model precise -w -ftz -align all -fno-alias -FR -convert big_endian   zfft1b.f90
rm -f -f r1fgkb.f90
/lib/cpp -P -nostdinc -I/home/onishi/WRF/external/ioapi_share -DEM_CORE=1 -DNMM_CORE=0 -DNMM_MAX_DIM=2600 -DDA_CORE=0 -DWRFPLUS=0 -DIWORDSIZE=4 -DDWORDSIZE=8 -DRWORDSIZE=4 -DLWORDSIZE=4 -DNONSTANDARD_SYSTEM_FUNC  -DWRF_USE_CLM -DUSE_NETCDF4_FEATURES -DWRFIO_NCD_LARGE_FILE_SUPPORT  -DDM_PARALLEL -DNETCDF -DGRIB2 -DHDF5 -DLANDREAD_STUB=1 -DUSE_ALLOCATABLES -Dwrfmodel -DGRIB1 -DINTIO -DKEEP_INT_AROUND -DLIMIT_ARGS -DBUILD_RRTMG_FAST=0 -DBUILD_RRTMK=0 -DBUILD_SBM_FAST=1 -DSHOW_ALL_VARS_USED=0 -DCONFIG_BUF_LEN=65536 -DMAX_DOMAINS_F=21 -DMAX_HISTORY=25 -DNMM_NEST=0 -DWRF_CHEM -DBUILD_CHEM=1 -DWRF_KPP -I. -traditional-cpp -DUSE_NETCDF4_FEATURES -DWRFIO_NCD_LARGE_FILE_SUPPORT  zmf3kf.F  > zmf3kf.f90
ifort -c -real-size 32 -i4  -ip -fp-model precise -w -ftz -align all -fno-alias -FR -convert big_endian   zmf3kf.f90
rm -f -f zfft1b.f90
rm -f -f zmf3kf.f90
ar ru libfftpack.a c1f2kb.o  cfft1b.o  cmf3kf.o  cosqb1.o  costmi.o   dcosq1f.o  dfftb1.o   mradb2.o  mrfti1.o  r1fgkf.o     rfft2i.o  sinqmi.o  z1f2kf.o  zfft1f.o  zmf4kb.o c1f2kf.o  cfft1f.o  cmf4kb.o  cosqf1.o  d1f2kb.o   dcosq1i.o  dfftf1.o   mradb3.o  msntb1.o  r4_factor.o  rfftb1.o  sint1b.o  z1f3kb.o  zfft1i.o  zmf4kf.o c1f3kb.o  cfft1i.o  cmf4kf.o  cosqmb.o  d1f2kf.o   dcosqb1.o  dffti1.o   mradb4.o  msntf1.o  r4_mcfti1.o  rfftf1.o  sint1f.o  z1f3kf.o  zfft2b.o  zmf5kb.o c1f3kf.o  cfft2b.o  cmf5kb.o  cosqmf.o  d1f3kb.o   dcosqf1.o  dsint1b.o  mradb5.o  r1f2kb.o  r4_tables.o  rffti1.o  sint1i.o  z1f4kb.o  zfft2f.o  zmf5kf.o c1f4kb.o  cfft2f.o  cmf5kf.o  cosqmi.o  d1f3kf.o   dcost1b.o  dsint1f.o  mradbg.o  r1f2kf.o  r8_factor.o  rfftmb.o  sintb1.o  z1f4kf.o  zfft2i.o  zmfgkb.o c1f4kf.o  cfft2i.o  cmfgkb.o  cost1b.o  d1f4kb.o   dcost1f.o  dsint1i.o  mradf2.o  r1f3kb.o  r8_mcfti1.o  rfftmf.o  sintf1.o  z1f5kb.o  zfftmb.o  zmfgkf.o c1f5kb.o  cfftmb.o  cmfgkf.o  cost1f.o  d1f4kf.o   dcost1i.o  dsintb1.o  mradf3.o  r1f3kf.o  r8_tables.o  rfftmi.o  sintmb.o  z1f5kf.o  zfftmf.o  zmfm1b.o c1f5kf.o  cfftmf.o  cmfm1b.o  cost1i.o  d1f5kb.o   dcostb1.o  dsintf1.o  mradf4.o  r1f4kb.o  rfft1b.o     sinq1b.o  sintmf.o  z1fgkb.o  zfftmi.o  zmfm1f.o c1fgkb.o  cfftmi.o  cmfm1f.o  costb1.o  d1f5kf.o   dcostf1.o  mcsqb1.o   mradf5.o  r1f4kf.o  rfft1f.o     sinq1f.o  sintmi.o  z1fgkf.o  zmf2kb.o c1fgkf.o  cmf2kb.o  cosq1b.o  costf1.o  d1fgkb.o   dfft1b.o   mcsqf1.o   mradfg.o  r1f5kb.o  rfft1i.o     sinq1i.o  xercon.o  z1fm1b.o  zmf2kf.o c1fm1b.o  cmf2kf.o  cosq1f.o  costmb.o  d1fgkf.o   dfft1f.o   mcstb1.o   mrftb1.o  r1f5kf.o  rfft2b.o     sinqmb.o  xerfft.o  z1fm1f.o  zmf3kb.o c1fm1f.o  cmf3kb.o  cosq1i.o  costmf.o  dcosq1b.o  dfft1i.o   mcstf1.o   mrftf1.o  r1fgkb.o  rfft2f.o     sinqmf.o  z1f2kb.o  zfft1b.o  zmf3kf.o 
ar: `u' modifier ignored since `D' is the default (see `U')
ar: creating libfftpack.a
ranlib libfftpack.a
make[3]: Leaving directory '/home/onishi/WRF/external/fftpack/fftpack5'
( cd /home/onishi/WRF/external/RSL_LITE ; make -j 2 CC="mpicc -cc=icc -DFSEEKO64_OK  -w -O3 -ip -DRPC_TYPES=1  -DDM_PARALLEL -DLANDREAD_STUB=1 -DMAX_HISTORY=25 -DNMM_CORE=0" \
          FC="time mpif90 -f90=ifort -O3 -ip -fp-model precise -w -ftz -align all -fno-alias -FR -convert big_endian    -real-size `expr 8 \* 4` -i4 -convert big_endian" \
          CPP="/lib/cpp -P -nostdinc -I/home/onishi/WRF/external/ioapi_share -I. -DEM_CORE=1 -DNMM_CORE=0 -DNMM_MAX_DIM=2600 -DDA_CORE=0 -DWRFPLUS=0 -DIWORDSIZE=4 -DDWORDSIZE=8 -DRWORDSIZE=4 -DLWORDSIZE=4 -DNONSTANDARD_SYSTEM_FUNC  -DWRF_USE_CLM -DUSE_NETCDF4_FEATURES -DWRFIO_NCD_LARGE_FILE_SUPPORT  -DDM_PARALLEL -DNETCDF -DGRIB2 -DHDF5 -DLANDREAD_STUB=1 -DUSE_ALLOCATABLES -Dwrfmodel -DGRIB1 -DINTIO -DKEEP_INT_AROUND -DLIMIT_ARGS -DBUILD_RRTMG_FAST=0 -DBUILD_RRTMK=0 -DBUILD_SBM_FAST=1 -DSHOW_ALL_VARS_USED=0 -DCONFIG_BUF_LEN=65536 -DMAX_DOMAINS_F=21 -DMAX_HISTORY=25 -DNMM_NEST=0  -traditional-cpp -DUSE_NETCDF4_FEATURES -DWRFIO_NCD_LARGE_FILE_SUPPORT" AR="ar" ARFLAGS="ru" ;\
          ranlib /home/onishi/WRF/external/RSL_LITE/librsl_lite.a )
make[3]: Entering directory '/home/onishi/WRF/external/RSL_LITE'
mpicc -cc=icc -DFSEEKO64_OK  -w -O3 -ip -DRPC_TYPES=1  -DDM_PARALLEL -DLANDREAD_STUB=1 -DMAX_HISTORY=25 -DNMM_CORE=0  -c c_code.c
mpicc -cc=icc -DFSEEKO64_OK  -w -O3 -ip -DRPC_TYPES=1  -DDM_PARALLEL -DLANDREAD_STUB=1 -DMAX_HISTORY=25 -DNMM_CORE=0  -c buf_for_proc.c
mpicc -cc=icc -DFSEEKO64_OK  -w -O3 -ip -DRPC_TYPES=1  -DDM_PARALLEL -DLANDREAD_STUB=1 -DMAX_HISTORY=25 -DNMM_CORE=0  -c rsl_malloc.c
mpicc -cc=icc -DFSEEKO64_OK  -w -O3 -ip -DRPC_TYPES=1  -DDM_PARALLEL -DLANDREAD_STUB=1 -DMAX_HISTORY=25 -DNMM_CORE=0  -c rsl_bcast.c
mpicc -cc=icc -DFSEEKO64_OK  -w -O3 -ip -DRPC_TYPES=1  -DDM_PARALLEL -DLANDREAD_STUB=1 -DMAX_HISTORY=25 -DNMM_CORE=0  -c task_for_point.c
mpicc -cc=icc -DFSEEKO64_OK  -w -O3 -ip -DRPC_TYPES=1  -DDM_PARALLEL -DLANDREAD_STUB=1 -DMAX_HISTORY=25 -DNMM_CORE=0  -c period.c
mpicc -cc=icc -DFSEEKO64_OK  -w -O3 -ip -DRPC_TYPES=1  -DDM_PARALLEL -DLANDREAD_STUB=1 -DMAX_HISTORY=25 -DNMM_CORE=0  -c swap.c
mpicc -cc=icc -DFSEEKO64_OK  -w -O3 -ip -DRPC_TYPES=1  -DDM_PARALLEL -DLANDREAD_STUB=1 -DMAX_HISTORY=25 -DNMM_CORE=0  -c cycle.c
/lib/cpp -P -nostdinc -I/home/onishi/WRF/external/ioapi_share -I. -DEM_CORE=1 -DNMM_CORE=0 -DNMM_MAX_DIM=2600 -DDA_CORE=0 -DWRFPLUS=0 -DIWORDSIZE=4 -DDWORDSIZE=8 -DRWORDSIZE=4 -DLWORDSIZE=4 -DNONSTANDARD_SYSTEM_FUNC  -DWRF_USE_CLM -DUSE_NETCDF4_FEATURES -DWRFIO_NCD_LARGE_FILE_SUPPORT  -DDM_PARALLEL -DNETCDF -DGRIB2 -DHDF5 -DLANDREAD_STUB=1 -DUSE_ALLOCATABLES -Dwrfmodel -DGRIB1 -DINTIO -DKEEP_INT_AROUND -DLIMIT_ARGS -DBUILD_RRTMG_FAST=0 -DBUILD_RRTMK=0 -DBUILD_SBM_FAST=1 -DSHOW_ALL_VARS_USED=0 -DCONFIG_BUF_LEN=65536 -DMAX_DOMAINS_F=21 -DMAX_HISTORY=25 -DNMM_NEST=0  -traditional-cpp -DUSE_NETCDF4_FEATURES -DWRFIO_NCD_LARGE_FILE_SUPPORT  f_pack.F90 > f_pack.f
time mpif90 -f90=ifort -O3 -ip -fp-model precise -w -ftz -align all -fno-alias -FR -convert big_endian    -real-size 32 -i4 -convert big_endian -o f_pack.o  -c f_pack.f
0.84user 0.08system 0:00.93elapsed 98%CPU (0avgtext+0avgdata 60416maxresident)k
64inputs+480outputs (0major+13197minor)pagefaults 0swaps
/lib/cpp -P -nostdinc -I/home/onishi/WRF/external/ioapi_share -I. -DEM_CORE=1 -DNMM_CORE=0 -DNMM_MAX_DIM=2600 -DDA_CORE=0 -DWRFPLUS=0 -DIWORDSIZE=4 -DDWORDSIZE=8 -DRWORDSIZE=4 -DLWORDSIZE=4 -DNONSTANDARD_SYSTEM_FUNC  -DWRF_USE_CLM -DUSE_NETCDF4_FEATURES -DWRFIO_NCD_LARGE_FILE_SUPPORT  -DDM_PARALLEL -DNETCDF -DGRIB2 -DHDF5 -DLANDREAD_STUB=1 -DUSE_ALLOCATABLES -Dwrfmodel -DGRIB1 -DINTIO -DKEEP_INT_AROUND -DLIMIT_ARGS -DBUILD_RRTMG_FAST=0 -DBUILD_RRTMK=0 -DBUILD_SBM_FAST=1 -DSHOW_ALL_VARS_USED=0 -DCONFIG_BUF_LEN=65536 -DMAX_DOMAINS_F=21 -DMAX_HISTORY=25 -DNMM_NEST=0  -traditional-cpp -DUSE_NETCDF4_FEATURES -DWRFIO_NCD_LARGE_FILE_SUPPORT f_xpose.F90 > f_xpose.f
time mpif90 -f90=ifort -O3 -ip -fp-model precise -w -ftz -align all -fno-alias -FR -convert big_endian    -real-size 32 -i4 -convert big_endian -o f_xpose.o  -c f_xpose.f
0.36user 0.12system 0:00.50elapsed 97%CPU (0avgtext+0avgdata 66280maxresident)k
40inputs+336outputs (0major+13134minor)pagefaults 0swaps
/bin/rm -f librsl_lite.a
ar cr librsl_lite.a c_code.o buf_for_proc.o rsl_malloc.o rsl_bcast.o task_for_point.o period.o swap.o cycle.o f_pack.o f_xpose.o
make[3]: Leaving directory '/home/onishi/WRF/external/RSL_LITE'
( if [ ! -e /home/onishi/WRF/tools/gen_comms.c ] ; then \
          /bin/cp /home/onishi/WRF/tools/gen_comms_warning /home/onishi/WRF/tools/gen_comms.c ; \
          cat /home/onishi/WRF/external/RSL_LITE/gen_comms.c >> /home/onishi/WRF/tools/gen_comms.c ; fi )
( if [ ! -e module_dm.F ] ; then /bin/cp module_dm_warning module_dm.F ; \
          cat /home/onishi/WRF/external/RSL_LITE/module_dm.F >> module_dm.F ; fi )
make[2]: Leaving directory '/home/onishi/WRF/frame'
make[1]: Leaving directory '/home/onishi/WRF'
make -i -r MODULE_DIRS="-I../dyn_em  -I/home/onishi/WRF/external/esmf_time_f90  -I/home/onishi/WRF/main -I/home/onishi/WRF/external/io_netcdf -I/home/onishi/WRF/external/io_int -I/home/onishi/WRF/frame -I/home/onishi/WRF/share -I/home/onishi/WRF/phys -I/home/onishi/WRF/wrftladj -I/home/onishi/WRF/chem -I/home/onishi/WRF/inc -I/home/onishi/NETCDF_DIR2//include " toolsdir
make[1]: Entering directory '/home/onishi/WRF'
--------------------------------------
if [ 0 -eq 0 ] ; then \
  ( cd tools ; make -i -r CC_TOOLS_CFLAGS="-DNMM_CORE=0" CC_TOOLS="icc  -DIWORDSIZE=4 -DMAX_HISTORY=25" ) ; \
else \
  ( cd tools ; make -i -r CC_TOOLS_CFLAGS="-DNMM_CORE=0" CC_TOOLS="icc  -DIWORDSIZE=4 -DMAX_HISTORY=25 -DWRFPLUS=1" ) ; \
fi
make[2]: Entering directory '/home/onishi/WRF/tools'
icc  -DIWORDSIZE=4 -DMAX_HISTORY=25 -DNMM_CORE=0  -c -O0 -g  registry.c
icc  -DIWORDSIZE=4 -DMAX_HISTORY=25 -DNMM_CORE=0  -c -O0 -g  my_strtok.c
icc  -DIWORDSIZE=4 -DMAX_HISTORY=25 -DNMM_CORE=0  -c -O0 -g  reg_parse.c
icc  -DIWORDSIZE=4 -DMAX_HISTORY=25 -DNMM_CORE=0  -c -O0 -g  data.c
icc  -DIWORDSIZE=4 -DMAX_HISTORY=25 -DNMM_CORE=0  -c -O0 -g  type.c
icc  -DIWORDSIZE=4 -DMAX_HISTORY=25 -DNMM_CORE=0  -c -O0 -g  misc.c
icc  -DIWORDSIZE=4 -DMAX_HISTORY=25 -DNMM_CORE=0  -c -O0 -g  gen_defs.c
icc  -DIWORDSIZE=4 -DMAX_HISTORY=25 -DNMM_CORE=0  -c -O0 -g  gen_allocs.c
icc  -DIWORDSIZE=4 -DMAX_HISTORY=25 -DNMM_CORE=0  -c -O0 -g  gen_mod_state_descr.c
icc  -DIWORDSIZE=4 -DMAX_HISTORY=25 -DNMM_CORE=0  -c -O0 -g  gen_scalar_indices.c
icc  -DIWORDSIZE=4 -DMAX_HISTORY=25 -DNMM_CORE=0  -c -O0 -g  gen_args.c
icc  -DIWORDSIZE=4 -DMAX_HISTORY=25 -DNMM_CORE=0  -c -O0 -g  gen_config.c
icc  -DIWORDSIZE=4 -DMAX_HISTORY=25 -DNMM_CORE=0  -c -O0 -g  sym.c
icc  -DIWORDSIZE=4 -DMAX_HISTORY=25 -DNMM_CORE=0  -c -O0 -g  symtab_gen.c
icc  -DIWORDSIZE=4 -DMAX_HISTORY=25 -DNMM_CORE=0  -c -O0 -g  gen_irr_diag.c
icc  -DIWORDSIZE=4 -DMAX_HISTORY=25 -DNMM_CORE=0  -c -O0 -g  gen_model_data_ord.c
icc  -DIWORDSIZE=4 -DMAX_HISTORY=25 -DNMM_CORE=0  -c -O0 -g  gen_interp.c
icc  -DIWORDSIZE=4 -DMAX_HISTORY=25 -DNMM_CORE=0  -c -O0 -g  gen_comms.c
icc  -DIWORDSIZE=4 -DMAX_HISTORY=25 -DNMM_CORE=0  -c -O0 -g  gen_scalar_derefs.c
icc  -DIWORDSIZE=4 -DMAX_HISTORY=25 -DNMM_CORE=0  -c -O0 -g  set_dim_strs.c
icc  -DIWORDSIZE=4 -DMAX_HISTORY=25 -DNMM_CORE=0  -c -O0 -g  gen_wrf_io.c
icc  -DIWORDSIZE=4 -DMAX_HISTORY=25 -DNMM_CORE=0  -c -O0 -g  gen_streams.c
icc  -DIWORDSIZE=4 -DMAX_HISTORY=25 -DNMM_CORE=0  -c -O0 -g  standard.c
icc  -DIWORDSIZE=4 -DMAX_HISTORY=25 -o standard.exe -O0 -g   standard.o
icc  -DIWORDSIZE=4 -DMAX_HISTORY=25 -o registry -O0 -g   registry.o my_strtok.o reg_parse.o data.o type.o misc.o gen_defs.o gen_allocs.o gen_mod_state_descr.o gen_scalar_indices.o gen_args.o gen_config.o sym.o symtab_gen.o gen_irr_diag.o gen_model_data_ord.o gen_interp.o gen_comms.o gen_scalar_derefs.o set_dim_strs.o gen_wrf_io.o gen_streams.o
if [ -x /usr/bin/peflags.exe ] ; then /usr/bin/peflags.exe --stack-reserve=33554432 registry; fi
make[2]: Leaving directory '/home/onishi/WRF/tools'
make[1]: Leaving directory '/home/onishi/WRF'
/bin/rm -f main/libwrflib.a main/libwrflib.lib
make -i -r MODULE_DIRS="-I../dyn_em  -I/home/onishi/WRF/external/esmf_time_f90  -I/home/onishi/WRF/main -I/home/onishi/WRF/external/io_netcdf -I/home/onishi/WRF/external/io_int -I/home/onishi/WRF/frame -I/home/onishi/WRF/share -I/home/onishi/WRF/phys -I/home/onishi/WRF/wrftladj -I/home/onishi/WRF/chem -I/home/onishi/WRF/inc -I/home/onishi/NETCDF_DIR2//include " framework
make[1]: Entering directory '/home/onishi/WRF'
--------------------------------------
( cd frame ; make -i -r -j 2 LLIST="" framework ; \
          cd ../external/io_netcdf ; \
          make -i -r NETCDFPATH="/home/onishi/NETCDF_DIR2/"  NETCDF4_DEP_LIB="-L/net/nfs/tools/u20/22.3/PrgEnv/intel/linux-ubuntu20.04-zen2/netcdf-c/4.7.4-intel-19.0.8.324-lrkc3hr6tci6gc3d5xw47c3py4sfuiqv/lib -lnetcdf -L/net/nfs/tools/u20/22.3/PrgEnv/intel/linux-ubuntu20.04-zen2/netcdf-fortran/4.5.3-intel-19.0.8.324-friscs3w2oeb73gbl37h4ae7p43fp2gh/lib -lnetcdff" \
               FC="time mpif90 -f90=ifort -ip -fp-model precise -w -ftz -align all -fno-alias -FR -convert big_endian   -real-size `expr 8 \* 4` -i4  " RANLIB="ranlib" \
               CPP="/lib/cpp -P -nostdinc -I/home/onishi/WRF/external/ioapi_share" LDFLAGS=" -O3 -ip -fp-model precise -w -ftz -align all -fno-alias -FR -convert big_endian   -ip  " TRADFLAG="-traditional-cpp -DUSE_NETCDF4_FEATURES -DWRFIO_NCD_LARGE_FILE_SUPPORT" ESMF_IO_LIB_EXT="-L/home/onishi/WRF/external/esmf_time_f90 -lesmf_time" \
               LIB_LOCAL="" \
               ESMF_MOD_DEPENDENCE="/home/onishi/WRF/external/esmf_time_f90/module_utility.o" AR="INTERNAL_BUILD_ERROR_SHOULD_NOT_NEED_AR" diffwrf; \
          cd ../io_netcdf ; \
          make -i -r NETCDFPATH="/home/onishi/NETCDF_DIR2/" NETCDF4_DEP_LIB="-L/net/nfs/tools/u20/22.3/PrgEnv/intel/linux-ubuntu20.04-zen2/netcdf-c/4.7.4-intel-19.0.8.324-lrkc3hr6tci6gc3d5xw47c3py4sfuiqv/lib -lnetcdf -L/net/nfs/tools/u20/22.3/PrgEnv/intel/linux-ubuntu20.04-zen2/netcdf-fortran/4.5.3-intel-19.0.8.324-friscs3w2oeb73gbl37h4ae7p43fp2gh/lib -lnetcdff" \
               FC="ifort -ip -fp-model precise -w -ftz -align all -fno-alias -FR -convert big_endian   -real-size `expr 8 \* 4` -i4  " RANLIB="ranlib" \
               CPP="/lib/cpp -P -nostdinc -I/home/onishi/WRF/external/ioapi_share" LDFLAGS=" -O3 -ip -fp-model precise -w -ftz -align all -fno-alias -FR -convert big_endian   -ip  " TRADFLAG="-traditional-cpp -DUSE_NETCDF4_FEATURES -DWRFIO_NCD_LARGE_FILE_SUPPORT" ESMF_IO_LIB_EXT="-L/home/onishi/WRF/external/esmf_time_f90 -lesmf_time" \
       LIB_LOCAL="" \
               ESMF_MOD_DEPENDENCE="/home/onishi/WRF/external/esmf_time_f90/module_utility.o" AR="INTERNAL_BUILD_ERROR_SHOULD_NOT_NEED_AR"; \
          cd ../io_netcdfpar ; \
          echo SKIPPING make -i -r NETCDFPARPATH="/home/onishi/NETCDF_DIR2/" NETCDF4_DEP_LIB="-L/net/nfs/tools/u20/22.3/PrgEnv/intel/linux-ubuntu20.04-zen2/netcdf-c/4.7.4-intel-19.0.8.324-lrkc3hr6tci6gc3d5xw47c3py4sfuiqv/lib -lnetcdf -L/net/nfs/tools/u20/22.3/PrgEnv/intel/linux-ubuntu20.04-zen2/netcdf-fortran/4.5.3-intel-19.0.8.324-friscs3w2oeb73gbl37h4ae7p43fp2gh/lib -lnetcdff" \
               FC="time mpif90 -f90=ifort -ip -fp-model precise -w -ftz -align all -fno-alias -FR -convert big_endian   -real-size `expr 8 \* 4` -i4  " RANLIB="ranlib" \
               CPP="/lib/cpp -P -nostdinc -I/home/onishi/WRF/external/ioapi_share" LDFLAGS=" -O3 -ip -fp-model precise -w -ftz -align all -fno-alias -FR -convert big_endian   -ip  " TRADFLAG="-traditional-cpp -DUSE_NETCDF4_FEATURES -DWRFIO_NCD_LARGE_FILE_SUPPORT" ESMF_IO_LIB_EXT="-L/home/onishi/WRF/external/esmf_time_f90 -lesmf_time" \
               LIB_LOCAL="" \
               ESMF_MOD_DEPENDENCE="/home/onishi/WRF/external/esmf_time_f90/module_utility.o" AR="INTERNAL_BUILD_ERROR_SHOULD_NOT_NEED_AR" diffwrf; \
          cd ../io_netcdfpar ; \
          echo SKIPPING make -i -r NETCDFPARPATH="/home/onishi/NETCDF_DIR2/" NETCDF4_DEP_LIB="-L/net/nfs/tools/u20/22.3/PrgEnv/intel/linux-ubuntu20.04-zen2/netcdf-c/4.7.4-intel-19.0.8.324-lrkc3hr6tci6gc3d5xw47c3py4sfuiqv/lib -lnetcdf -L/net/nfs/tools/u20/22.3/PrgEnv/intel/linux-ubuntu20.04-zen2/netcdf-fortran/4.5.3-intel-19.0.8.324-friscs3w2oeb73gbl37h4ae7p43fp2gh/lib -lnetcdff" \
               FC="ifort -ip -fp-model precise -w -ftz -align all -fno-alias -FR -convert big_endian   -real-size `expr 8 \* 4` -i4  " RANLIB="ranlib" \
               CPP="/lib/cpp -P -nostdinc -I/home/onishi/WRF/external/ioapi_share" LDFLAGS=" -O3 -ip -fp-model precise -w -ftz -align all -fno-alias -FR -convert big_endian   -ip  " TRADFLAG="-traditional-cpp -DUSE_NETCDF4_FEATURES -DWRFIO_NCD_LARGE_FILE_SUPPORT" ESMF_IO_LIB_EXT="-L/home/onishi/WRF/external/esmf_time_f90 -lesmf_time" \
       LIB_LOCAL="" \
               ESMF_MOD_DEPENDENCE="/home/onishi/WRF/external/esmf_time_f90/module_utility.o" AR="INTERNAL_BUILD_ERROR_SHOULD_NOT_NEED_AR"; \
          cd ../io_pio ; \
          echo SKIPPING PIO BUILD make -i -r NETCDFPATH="" NETCDF4_DEP_LIB="-L/net/nfs/tools/u20/22.3/PrgEnv/intel/linux-ubuntu20.04-zen2/netcdf-c/4.7.4-intel-19.0.8.324-lrkc3hr6tci6gc3d5xw47c3py4sfuiqv/lib -lnetcdf -L/net/nfs/tools/u20/22.3/PrgEnv/intel/linux-ubuntu20.04-zen2/netcdf-fortran/4.5.3-intel-19.0.8.324-friscs3w2oeb73gbl37h4ae7p43fp2gh/lib -lnetcdff" \
               FC="ifort -ip -fp-model precise -w -ftz -align all -fno-alias -FR -convert big_endian   -real-size `expr 8 \* 4` -i4  " RANLIB="ranlib" \
               CPP="/lib/cpp -P -nostdinc -I/home/onishi/WRF/external/ioapi_share" LDFLAGS=" -O3 -ip -fp-model precise -w -ftz -align all -fno-alias -FR -convert big_endian   -ip  " TRADFLAG="-traditional-cpp -DUSE_NETCDF4_FEATURES -DWRFIO_NCD_LARGE_FILE_SUPPORT" ESMF_IO_LIB_EXT="-L/home/onishi/WRF/external/esmf_time_f90 -lesmf_time" \
       LIB_LOCAL="" \
               ESMF_MOD_DEPENDENCE="/home/onishi/WRF/external/esmf_time_f90/module_utility.o" AR="INTERNAL_BUILD_ERROR_SHOULD_NOT_NEED_AR"; \
          cd ../io_int ; \
          make -i -r SFC="ifort -ip -fp-model precise -w -ftz -align all -fno-alias -FR -convert big_endian  " \
               FC="ifort -ip -fp-model precise -w -ftz -align all -fno-alias -FR -convert big_endian   -real-size `expr 8 \* 4` -i4  " \
               RANLIB="ranlib" CPP="/lib/cpp -P -nostdinc -I/home/onishi/WRF/external/ioapi_share -DNONSTANDARD_SYSTEM_FUNC  -DWRF_USE_CLM -DUSE_NETCDF4_FEATURES -DWRFIO_NCD_LARGE_FILE_SUPPORT" DM_FC="mpif90 -f90=ifort -ip -fp-model precise -w -ftz -align all -fno-alias -FR -convert big_endian  "\
               TRADFLAG="-traditional-cpp -DUSE_NETCDF4_FEATURES -DWRFIO_NCD_LARGE_FILE_SUPPORT" ESMF_IO_LIB_EXT="-L/home/onishi/WRF/external/esmf_time_f90 -lesmf_time" \
               ESMF_MOD_DEPENDENCE="/home/onishi/WRF/external/esmf_time_f90/module_utility.o" AR="INTERNAL_BUILD_ERROR_SHOULD_NOT_NEED_AR" diffwrf ; \
          cd ../../frame )
make[2]: Entering directory '/home/onishi/WRF/frame'
( cd .. ; tools/registry -DEM_CORE=1 -DNMM_CORE=0 -DNMM_MAX_DIM=2600 -DDA_CORE=0 -DWRFPLUS=0 -DIWORDSIZE=4 -DDWORDSIZE=8 -DRWORDSIZE=4 -DLWORDSIZE=4 -DNONSTANDARD_SYSTEM_FUNC  -DWRF_USE_CLM -DUSE_NETCDF4_FEATURES -DWRFIO_NCD_LARGE_FILE_SUPPORT  -DDM_PARALLEL -DNETCDF -DGRIB2 -DHDF5 -DLANDREAD_STUB=1 -DUSE_ALLOCATABLES -Dwrfmodel -DGRIB1 -DINTIO -DKEEP_INT_AROUND -DLIMIT_ARGS -DBUILD_RRTMG_FAST=0 -DBUILD_RRTMK=0 -DBUILD_SBM_FAST=1 -DSHOW_ALL_VARS_USED=0 -DCONFIG_BUF_LEN=65536 -DMAX_DOMAINS_F=21 -DMAX_HISTORY=25 -DNMM_NEST=0 -DWRF_CHEM -DBUILD_CHEM=1 -DWRF_KPP -DNEW_BDYS Registry/Registry ; true ) ; 
rm -f wrf_shutdown.o
sed -e "s/^\!.*'.*//" -e "s/^ *\!.*'.*//" wrf_shutdown.F > wrf_shutdown.G
/lib/cpp -P -nostdinc -I/home/onishi/WRF/external/ioapi_share -I/home/onishi/WRF/inc -DEM_CORE=1 -DNMM_CORE=0 -DNMM_MAX_DIM=2600 -DDA_CORE=0 -DWRFPLUS=0 -DIWORDSIZE=4 -DDWORDSIZE=8 -DRWORDSIZE=4 -DLWORDSIZE=4 -DNONSTANDARD_SYSTEM_FUNC  -DWRF_USE_CLM -DUSE_NETCDF4_FEATURES -DWRFIO_NCD_LARGE_FILE_SUPPORT  -DDM_PARALLEL -DNETCDF -DGRIB2 -DHDF5 -DLANDREAD_STUB=1 -DUSE_ALLOCATABLES -Dwrfmodel -DGRIB1 -DINTIO -DKEEP_INT_AROUND -DLIMIT_ARGS -DBUILD_RRTMG_FAST=0 -DBUILD_RRTMK=0 -DBUILD_SBM_FAST=1 -DSHOW_ALL_VARS_USED=0 -DCONFIG_BUF_LEN=65536 -DMAX_DOMAINS_F=21 -DMAX_HISTORY=25 -DNMM_NEST=0 -DWRF_CHEM -DBUILD_CHEM=1 -DWRF_KPP -I. -traditional-cpp -DUSE_NETCDF4_FEATURES -DWRFIO_NCD_LARGE_FILE_SUPPORT   wrf_shutdown.G  > wrf_shutdown.bb
Using file:
chem/KPP/mechanisms/mozcart/mozcart.eqn

/home/onishi/WRF/tools/standard.exe wrf_shutdown.bb | /lib/cpp -P -nostdinc -I/home/onishi/WRF/external/ioapi_share -traditional-cpp -DUSE_NETCDF4_FEATURES -DWRFIO_NCD_LARGE_FILE_SUPPORT > wrf_shutdown.f90
Using file:
chem/KPP/mechanisms/t1_mozcart/t1_mozcart.eqn

Using file:
chem/KPP/mechanisms/mozart_mosaic_4bin/mozart_mosaic_4bin.eqn

Using file:
chem/KPP/mechanisms/mozart_mosaic_4bin_aq/mozart_mosaic_4bin_aq.eqn

opening Registry/registry.dimspec
including Registry/registry.dimspec
rm -f wrf_shutdown.G wrf_shutdown.bb
opening Registry/registry.chem
including Registry/registry.chem
time mpif90 -f90=ifort -o wrf_shutdown.o -c -O3 -ip -fp-model precise -w -ftz -align all -fno-alias -FR -convert big_endian    -I../dyn_em  -I/home/onishi/WRF/external/esmf_time_f90  -I/home/onishi/WRF/main -I/home/onishi/WRF/external/io_netcdf -I/home/onishi/WRF/external/io_int -I/home/onishi/WRF/frame -I/home/onishi/WRF/share -I/home/onishi/WRF/phys -I/home/onishi/WRF/wrftladj -I/home/onishi/WRF/chem -I/home/onishi/WRF/inc -I/home/onishi/NETCDF_DIR2//include  -real-size `expr 8 \* 4` -i4  wrf_shutdown.f90
0.01user 0.07system 0:00.11elapsed 71%CPU (0avgtext+0avgdata 37880maxresident)k
8inputs+88outputs (0major+5957minor)pagefaults 0swaps
rm -f clog.o
mpicc -cc=icc -DFSEEKO64_OK  -o clog.o -c -w -O3 -ip -DRPC_TYPES=1  -DDM_PARALLEL -DLANDREAD_STUB=1 -DMAX_HISTORY=25 -DNMM_CORE=0 clog.c
opening Registry/registry.new3d_gca
including Registry/registry.new3d_gca
opening Registry/registry.em_shared_collection
including Registry/registry.em_shared_collection
opening Registry/Registry.EM_COMMON
including Registry/Registry.EM_COMMON
rm -f hires_timer.o
mpicc -cc=icc -DFSEEKO64_OK  -o hires_timer.o -c -w -O3 -ip -DRPC_TYPES=1  -DDM_PARALLEL -DLANDREAD_STUB=1 -DMAX_HISTORY=25 -DNMM_CORE=0 hires_timer.c
rm -f ../share/module_model_constants.o
sed -e "s/^\!.*'.*//" -e "s/^ *\!.*'.*//" ../share/module_model_constants.F > ../share/module_model_constants.G
/lib/cpp -P -nostdinc -I/home/onishi/WRF/external/ioapi_share -I/home/onishi/WRF/inc -DEM_CORE=1 -DNMM_CORE=0 -DNMM_MAX_DIM=2600 -DDA_CORE=0 -DWRFPLUS=0 -DIWORDSIZE=4 -DDWORDSIZE=8 -DRWORDSIZE=4 -DLWORDSIZE=4 -DNONSTANDARD_SYSTEM_FUNC  -DWRF_USE_CLM -DUSE_NETCDF4_FEATURES -DWRFIO_NCD_LARGE_FILE_SUPPORT  -DDM_PARALLEL -DNETCDF -DGRIB2 -DHDF5 -DLANDREAD_STUB=1 -DUSE_ALLOCATABLES -Dwrfmodel -DGRIB1 -DINTIO -DKEEP_INT_AROUND -DLIMIT_ARGS -DBUILD_RRTMG_FAST=0 -DBUILD_RRTMK=0 -DBUILD_SBM_FAST=1 -DSHOW_ALL_VARS_USED=0 -DCONFIG_BUF_LEN=65536 -DMAX_DOMAINS_F=21 -DMAX_HISTORY=25 -DNMM_NEST=0 -DWRF_CHEM -DBUILD_CHEM=1 -DWRF_KPP -I. -traditional-cpp -DUSE_NETCDF4_FEATURES -DWRFIO_NCD_LARGE_FILE_SUPPORT   ../share/module_model_constants.G  > ../share/module_model_constants.bb
/home/onishi/WRF/tools/standard.exe ../share/module_model_constants.bb | /lib/cpp -P -nostdinc -I/home/onishi/WRF/external/ioapi_share -traditional-cpp -DUSE_NETCDF4_FEATURES -DWRFIO_NCD_LARGE_FILE_SUPPORT > ../share/module_model_constants.f90
rm -f ../share/module_model_constants.G ../share/module_model_constants.bb
opening Registry/registry.io_boilerplate
including Registry/registry.io_boilerplate
opening Registry/io_boilerplate_temporary.inc
including Registry/io_boilerplate_temporary.inc
time mpif90 -f90=ifort -o ../share/module_model_constants.o -c -O3 -ip -fp-model precise -w -ftz -align all -fno-alias -FR -convert big_endian    -I../dyn_em  -I/home/onishi/WRF/external/esmf_time_f90  -I/home/onishi/WRF/main -I/home/onishi/WRF/external/io_netcdf -I/home/onishi/WRF/external/io_int -I/home/onishi/WRF/frame -I/home/onishi/WRF/share -I/home/onishi/WRF/phys -I/home/onishi/WRF/wrftladj -I/home/onishi/WRF/chem -I/home/onishi/WRF/inc -I/home/onishi/NETCDF_DIR2//include  -real-size `expr 8 \* 4` -i4  ../share/module_model_constants.f90
opening Registry/registry.fire
including Registry/registry.fire
0.02user 0.06system 0:00.09elapsed 87%CPU (0avgtext+0avgdata 38592maxresident)k
16inputs+120outputs (0major+6089minor)pagefaults 0swaps
if [ "m4" = NA ] ; then \
  /bin/cp ../arch/md_calls.inc . ; \
else \
  m4 md_calls.m4 > md_calls.inc ; \
fi
opening Registry/registry.avgflx
including Registry/registry.avgflx
opening Registry/registry.stoch
including Registry/registry.stoch
opening Registry/registry.les
including Registry/registry.les
opening Registry/registry.cam
including Registry/registry.cam
/lib/cpp -P -nostdinc -I/home/onishi/WRF/external/ioapi_share -DEM_CORE=1 -DNMM_CORE=0 -DNMM_MAX_DIM=2600 -DDA_CORE=0 -DWRFPLUS=0 -DIWORDSIZE=4 -DDWORDSIZE=8 -DRWORDSIZE=4 -DLWORDSIZE=4 -DNONSTANDARD_SYSTEM_FUNC  -DWRF_USE_CLM -DUSE_NETCDF4_FEATURES -DWRFIO_NCD_LARGE_FILE_SUPPORT  -DDM_PARALLEL -DNETCDF -DGRIB2 -DHDF5 -DLANDREAD_STUB=1 -DUSE_ALLOCATABLES -Dwrfmodel -DGRIB1 -DINTIO -DKEEP_INT_AROUND -DLIMIT_ARGS -DBUILD_RRTMG_FAST=0 -DBUILD_RRTMK=0 -DBUILD_SBM_FAST=1 -DSHOW_ALL_VARS_USED=0 -DCONFIG_BUF_LEN=65536 -DMAX_DOMAINS_F=21 -DMAX_HISTORY=25 -DNMM_NEST=0 -DWRF_CHEM -DBUILD_CHEM=1 -DWRF_KPP -I. -traditional-cpp -DUSE_NETCDF4_FEATURES -DWRFIO_NCD_LARGE_FILE_SUPPORT  -I../inc module_internal_header_util.F > module_internal_header_util.f90
opening Registry/registry.clm
including Registry/registry.clm
opening Registry/registry.lake
including Registry/registry.lake
opening Registry/registry.ssib
including Registry/registry.ssib
ifort -c -real-size `expr 8 \* 4` -i4   -ip -fp-model precise -w -ftz -align all -fno-alias -FR -convert big_endian   module_internal_header_util.f90
opening Registry/registry.noahmp
including Registry/registry.noahmp
opening Registry/registry.sbm
including Registry/registry.sbm
opening Registry/registry.polrad
including Registry/registry.polrad
opening Registry/registry.afwa
including Registry/registry.afwa
opening Registry/registry.rasm_diag
including Registry/registry.rasm_diag
opening Registry/registry.elec
including Registry/registry.elec
opening Registry/registry.bdy_perturb
including Registry/registry.bdy_perturb
opening Registry/registry.hyb_coord
including Registry/registry.hyb_coord
opening Registry/registry.new3d_wif
including Registry/registry.new3d_wif
opening Registry/registry.trad_fields
including Registry/registry.trad_fields
opening Registry/registry.solar_fields
including Registry/registry.solar_fields
opening Registry/registry.diags
including Registry/registry.diags
opening Registry/registry.CMAQ
including Registry/registry.CMAQ
opening Registry/registry.irr_diag
including Registry/registry.irr_diag
mpicc -cc=icc -DFSEEKO64_OK  -c -w -O3 -ip -DRPC_TYPES=1  -DDM_PARALLEL -DLANDREAD_STUB=1 -DMAX_HISTORY=25 -DNMM_CORE=0 wrf_num_bytes_between.c
rm -f libmassv.o
sed -e "s/^\!.*'.*//" -e "s/^ *\!.*'.*//" libmassv.F > libmassv.G
/lib/cpp -P -nostdinc -I/home/onishi/WRF/external/ioapi_share -I/home/onishi/WRF/inc -DEM_CORE=1 -DNMM_CORE=0 -DNMM_MAX_DIM=2600 -DDA_CORE=0 -DWRFPLUS=0 -DIWORDSIZE=4 -DDWORDSIZE=8 -DRWORDSIZE=4 -DLWORDSIZE=4 -DNONSTANDARD_SYSTEM_FUNC  -DWRF_USE_CLM -DUSE_NETCDF4_FEATURES -DWRFIO_NCD_LARGE_FILE_SUPPORT  -DDM_PARALLEL -DNETCDF -DGRIB2 -DHDF5 -DLANDREAD_STUB=1 -DUSE_ALLOCATABLES -Dwrfmodel -DGRIB1 -DINTIO -DKEEP_INT_AROUND -DLIMIT_ARGS -DBUILD_RRTMG_FAST=0 -DBUILD_RRTMK=0 -DBUILD_SBM_FAST=1 -DSHOW_ALL_VARS_USED=0 -DCONFIG_BUF_LEN=65536 -DMAX_DOMAINS_F=21 -DMAX_HISTORY=25 -DNMM_NEST=0 -DWRF_CHEM -DBUILD_CHEM=1 -DWRF_KPP -I. -traditional-cpp -DUSE_NETCDF4_FEATURES -DWRFIO_NCD_LARGE_FILE_SUPPORT   libmassv.G  > libmassv.bb
/home/onishi/WRF/tools/standard.exe libmassv.bb | /lib/cpp -P -nostdinc -I/home/onishi/WRF/external/ioapi_share -traditional-cpp -DUSE_NETCDF4_FEATURES -DWRFIO_NCD_LARGE_FILE_SUPPORT > libmassv.f90
rm -f libmassv.G libmassv.bb
time mpif90 -f90=ifort -o libmassv.o -c -O3 -ip -fp-model precise -w -ftz -align all -fno-alias -FR -convert big_endian    -I../dyn_em  -I/home/onishi/WRF/external/esmf_time_f90  -I/home/onishi/WRF/main -I/home/onishi/WRF/external/io_netcdf -I/home/onishi/WRF/external/io_int -I/home/onishi/WRF/frame -I/home/onishi/WRF/share -I/home/onishi/WRF/phys -I/home/onishi/WRF/wrftladj -I/home/onishi/WRF/chem -I/home/onishi/WRF/inc -I/home/onishi/NETCDF_DIR2//include  -real-size `expr 8 \* 4` -i4  libmassv.f90
0.24user 0.08system 0:00.33elapsed 96%CPU (0avgtext+0avgdata 48288maxresident)k
16inputs+216outputs (0major+7812minor)pagefaults 0swaps
rm -f collect_on_comm.o
mpicc -cc=icc -DFSEEKO64_OK  -o collect_on_comm.o -c -w -O3 -ip -DRPC_TYPES=1  -DDM_PARALLEL -DLANDREAD_STUB=1 -DMAX_HISTORY=25 -DNMM_CORE=0 collect_on_comm.c
mpicc -cc=icc -DFSEEKO64_OK  -c -w -O3 -ip -DRPC_TYPES=1  -DDM_PARALLEL -DLANDREAD_STUB=1 -DMAX_HISTORY=25 -DNMM_CORE=0 -DIWORDSIZE=4 pack_utils.c
rm -f module_wrf_error.o
sed -e "s/^\!.*'.*//" -e "s/^ *\!.*'.*//" module_wrf_error.F > module_wrf_error.G
/lib/cpp -P -nostdinc -I/home/onishi/WRF/external/ioapi_share -I/home/onishi/WRF/inc -DEM_CORE=1 -DNMM_CORE=0 -DNMM_MAX_DIM=2600 -DDA_CORE=0 -DWRFPLUS=0 -DIWORDSIZE=4 -DDWORDSIZE=8 -DRWORDSIZE=4 -DLWORDSIZE=4 -DNONSTANDARD_SYSTEM_FUNC  -DWRF_USE_CLM -DUSE_NETCDF4_FEATURES -DWRFIO_NCD_LARGE_FILE_SUPPORT  -DDM_PARALLEL -DNETCDF -DGRIB2 -DHDF5 -DLANDREAD_STUB=1 -DUSE_ALLOCATABLES -Dwrfmodel -DGRIB1 -DINTIO -DKEEP_INT_AROUND -DLIMIT_ARGS -DBUILD_RRTMG_FAST=0 -DBUILD_RRTMK=0 -DBUILD_SBM_FAST=1 -DSHOW_ALL_VARS_USED=0 -DCONFIG_BUF_LEN=65536 -DMAX_DOMAINS_F=21 -DMAX_HISTORY=25 -DNMM_NEST=0 -DWRF_CHEM -DBUILD_CHEM=1 -DWRF_KPP -I. -traditional-cpp -DUSE_NETCDF4_FEATURES -DWRFIO_NCD_LARGE_FILE_SUPPORT   module_wrf_error.G  > module_wrf_error.bb
/home/onishi/WRF/tools/standard.exe module_wrf_error.bb | /lib/cpp -P -nostdinc -I/home/onishi/WRF/external/ioapi_share -traditional-cpp -DUSE_NETCDF4_FEATURES -DWRFIO_NCD_LARGE_FILE_SUPPORT > module_wrf_error.f90
rm -f module_wrf_error.G module_wrf_error.bb
time mpif90 -f90=ifort -o module_wrf_error.o -c -O3 -ip -fp-model precise -w -ftz -align all -fno-alias -FR -convert big_endian    -I../dyn_em  -I/home/onishi/WRF/external/esmf_time_f90  -I/home/onishi/WRF/main -I/home/onishi/WRF/external/io_netcdf -I/home/onishi/WRF/external/io_int -I/home/onishi/WRF/frame -I/home/onishi/WRF/share -I/home/onishi/WRF/phys -I/home/onishi/WRF/wrftladj -I/home/onishi/WRF/chem -I/home/onishi/WRF/inc -I/home/onishi/NETCDF_DIR2//include  -real-size `expr 8 \* 4` -i4  module_wrf_error.f90
0.10user 0.07system 0:00.20elapsed 89%CPU (0avgtext+0avgdata 43688maxresident)k
24inputs+176outputs (0major+7544minor)pagefaults 0swaps
rm -f module_sm.o
sed -e "s/^\!.*'.*//" -e "s/^ *\!.*'.*//" module_sm.F > module_sm.G
/lib/cpp -P -nostdinc -I/home/onishi/WRF/external/ioapi_share -I/home/onishi/WRF/inc -DEM_CORE=1 -DNMM_CORE=0 -DNMM_MAX_DIM=2600 -DDA_CORE=0 -DWRFPLUS=0 -DIWORDSIZE=4 -DDWORDSIZE=8 -DRWORDSIZE=4 -DLWORDSIZE=4 -DNONSTANDARD_SYSTEM_FUNC  -DWRF_USE_CLM -DUSE_NETCDF4_FEATURES -DWRFIO_NCD_LARGE_FILE_SUPPORT  -DDM_PARALLEL -DNETCDF -DGRIB2 -DHDF5 -DLANDREAD_STUB=1 -DUSE_ALLOCATABLES -Dwrfmodel -DGRIB1 -DINTIO -DKEEP_INT_AROUND -DLIMIT_ARGS -DBUILD_RRTMG_FAST=0 -DBUILD_RRTMK=0 -DBUILD_SBM_FAST=1 -DSHOW_ALL_VARS_USED=0 -DCONFIG_BUF_LEN=65536 -DMAX_DOMAINS_F=21 -DMAX_HISTORY=25 -DNMM_NEST=0 -DWRF_CHEM -DBUILD_CHEM=1 -DWRF_KPP -I. -traditional-cpp -DUSE_NETCDF4_FEATURES -DWRFIO_NCD_LARGE_FILE_SUPPORT   module_sm.G  > module_sm.bb
/home/onishi/WRF/tools/standard.exe module_sm.bb | /lib/cpp -P -nostdinc -I/home/onishi/WRF/external/ioapi_share -traditional-cpp -DUSE_NETCDF4_FEATURES -DWRFIO_NCD_LARGE_FILE_SUPPORT > module_sm.f90
rm -f module_sm.G module_sm.bb
time mpif90 -f90=ifort -o module_sm.o -c -O3 -ip -fp-model precise -w -ftz -align all -fno-alias -FR -convert big_endian    -I../dyn_em  -I/home/onishi/WRF/external/esmf_time_f90  -I/home/onishi/WRF/main -I/home/onishi/WRF/external/io_netcdf -I/home/onishi/WRF/external/io_int -I/home/onishi/WRF/frame -I/home/onishi/WRF/share -I/home/onishi/WRF/phys -I/home/onishi/WRF/wrftladj -I/home/onishi/WRF/chem -I/home/onishi/WRF/inc -I/home/onishi/NETCDF_DIR2//include  -real-size `expr 8 \* 4` -i4  module_sm.f90
0.02user 0.06system 0:00.10elapsed 85%CPU (0avgtext+0avgdata 38008maxresident)k
8inputs+96outputs (0major+6004minor)pagefaults 0swaps
rm -f wrf_debug.o
sed -e "s/^\!.*'.*//" -e "s/^ *\!.*'.*//" wrf_debug.F > wrf_debug.G
/lib/cpp -P -nostdinc -I/home/onishi/WRF/external/ioapi_share -I/home/onishi/WRF/inc -DEM_CORE=1 -DNMM_CORE=0 -DNMM_MAX_DIM=2600 -DDA_CORE=0 -DWRFPLUS=0 -DIWORDSIZE=4 -DDWORDSIZE=8 -DRWORDSIZE=4 -DLWORDSIZE=4 -DNONSTANDARD_SYSTEM_FUNC  -DWRF_USE_CLM -DUSE_NETCDF4_FEATURES -DWRFIO_NCD_LARGE_FILE_SUPPORT  -DDM_PARALLEL -DNETCDF -DGRIB2 -DHDF5 -DLANDREAD_STUB=1 -DUSE_ALLOCATABLES -Dwrfmodel -DGRIB1 -DINTIO -DKEEP_INT_AROUND -DLIMIT_ARGS -DBUILD_RRTMG_FAST=0 -DBUILD_RRTMK=0 -DBUILD_SBM_FAST=1 -DSHOW_ALL_VARS_USED=0 -DCONFIG_BUF_LEN=65536 -DMAX_DOMAINS_F=21 -DMAX_HISTORY=25 -DNMM_NEST=0 -DWRF_CHEM -DBUILD_CHEM=1 -DWRF_KPP -I. -traditional-cpp -DUSE_NETCDF4_FEATURES -DWRFIO_NCD_LARGE_FILE_SUPPORT   wrf_debug.G  > wrf_debug.bb
/home/onishi/WRF/tools/standard.exe wrf_debug.bb | /lib/cpp -P -nostdinc -I/home/onishi/WRF/external/ioapi_share -traditional-cpp -DUSE_NETCDF4_FEATURES -DWRFIO_NCD_LARGE_FILE_SUPPORT > wrf_debug.f90
rm -f wrf_debug.G wrf_debug.bb
time mpif90 -f90=ifort -o wrf_debug.o -c -O3 -ip -fp-model precise -w -ftz -align all -fno-alias -FR -convert big_endian    -I../dyn_em  -I/home/onishi/WRF/external/esmf_time_f90  -I/home/onishi/WRF/main -I/home/onishi/WRF/external/io_netcdf -I/home/onishi/WRF/external/io_int -I/home/onishi/WRF/frame -I/home/onishi/WRF/share -I/home/onishi/WRF/phys -I/home/onishi/WRF/wrftladj -I/home/onishi/WRF/chem -I/home/onishi/WRF/inc -I/home/onishi/NETCDF_DIR2//include  -real-size `expr 8 \* 4` -i4  wrf_debug.f90
0.03user 0.06system 0:00.10elapsed 90%CPU (0avgtext+0avgdata 40008maxresident)k
8inputs+96outputs (0major+6272minor)pagefaults 0swaps
Registry INFO variable counts: 0d 2644 1d 150 2d 1760 3d 1558
Packages in gen_scalar_indices1
WARNING: dfi_qzi is not a member of 4D array dfi_scalar
WARNING: ts_swp_tot is not a member of 4D array state
WARNING: ts_re_qs_tot is not a member of 4D array state
WARNING: ts_tau_qs_tot is not a member of 4D array state
WARNING: fire_smoke is not a member of 4D array state
WARNING: fad0_urb2d is not a member of 4D array state
WARNING: fad135_urb2d is not a member of 4D array state
WARNING: fad45_urb2d is not a member of 4D array state
WARNING: pad_urb2d is not a member of 4D array state
WARNING: fad90_urb2d is not a member of 4D array state
WARNING: rad_urb2d is not a member of 4D array state
WARNING: car_urb2d is not a member of 4D array state
WARNING: h2w_urb2d is not a member of 4D array state
WARNING: svf_urb2d is not a member of 4D array state
WARNING: z0s_urb2d is not a member of 4D array state
WARNING: z0r_urb2d is not a member of 4D array state
WARNING: z0m_urb2d is not a member of 4D array state
WARNING: zds_urb2d is not a member of 4D array state
WARNING: zdm_urb2d is not a member of 4D array state
WARNING: zdr_urb2d is not a member of 4D array state
REGISTRY WARNING: seas_flux: seas_flux_b is not a variable or number; ignoring it
REGISTRY WARNING: seas_flux: seas_flux_bt is not a variable or number; ignoring it
REGISTRY WARNING: o3rad: o3rad_b is not a variable or number; ignoring it
REGISTRY WARNING: o3rad: o3rad_bt is not a variable or number; ignoring it
REGISTRY WARNING: aerod(grid%sm31,grid%sm32,grid%sm33,itrace): aerod_b is not a variable or number; ignoring it
REGISTRY WARNING: aerod(grid%sm31,grid%sm32,grid%sm33,itrace): aerod_bt is not a variable or number; ignoring it
REGISTRY WARNING: aerocu(grid%sm31,grid%sm32,grid%sm33,itrace): aerocu_b is not a variable or number; ignoring it
REGISTRY WARNING: aerocu(grid%sm31,grid%sm32,grid%sm33,itrace): aerocu_bt is not a variable or number; ignoring it
REGISTRY WARNING: om_tmp: om_tmp_b is not a variable or number; ignoring it
REGISTRY WARNING: om_tmp: om_tmp_bt is not a variable or number; ignoring it
REGISTRY WARNING: om_s: om_s_b is not a variable or number; ignoring it
REGISTRY WARNING: om_s: om_s_bt is not a variable or number; ignoring it
REGISTRY WARNING: om_u: om_u_b is not a variable or number; ignoring it
REGISTRY WARNING: om_u: om_u_bt is not a variable or number; ignoring it
REGISTRY WARNING: om_v: om_v_b is not a variable or number; ignoring it
REGISTRY WARNING: om_v: om_v_bt is not a variable or number; ignoring it
REGISTRY WARNING: om_ml: om_ml_b is not a variable or number; ignoring it
REGISTRY WARNING: om_ml: om_ml_bt is not a variable or number; ignoring it
REGISTRY WARNING: field_sf: field_sf_b is not a variable or number; ignoring it
REGISTRY WARNING: field_sf: field_sf_bt is not a variable or number; ignoring it
REGISTRY WARNING: field_pbl: field_pbl_b is not a variable or number; ignoring it
REGISTRY WARNING: field_pbl: field_pbl_bt is not a variable or number; ignoring it
REGISTRY WARNING: field_conv: field_conv_b is not a variable or number; ignoring it
REGISTRY WARNING: field_conv: field_conv_bt is not a variable or number; ignoring it
REGISTRY WARNING: ru_tendf_stoch: ru_tendf_stoch_b is not a variable or number; ignoring it
REGISTRY WARNING: ru_tendf_stoch: ru_tendf_stoch_bt is not a variable or number; ignoring it
REGISTRY WARNING: rv_tendf_stoch: rv_tendf_stoch_b is not a variable or number; ignoring it
REGISTRY WARNING: rv_tendf_stoch: rv_tendf_stoch_bt is not a variable or number; ignoring it
REGISTRY WARNING: rt_tendf_stoch: rt_tendf_stoch_b is not a variable or number; ignoring it
REGISTRY WARNING: rt_tendf_stoch: rt_tendf_stoch_bt is not a variable or number; ignoring it
REGISTRY WARNING: rand_pert: rand_pert_b is not a variable or number; ignoring it
REGISTRY WARNING: rand_pert: rand_pert_bt is not a variable or number; ignoring it
REGISTRY WARNING: pattern_spp_conv: pattern_spp_conv_b is not a variable or number; ignoring it
REGISTRY WARNING: pattern_spp_conv: pattern_spp_conv_bt is not a variable or number; ignoring it
REGISTRY WARNING: pattern_spp_pbl: pattern_spp_pbl_b is not a variable or number; ignoring it
REGISTRY WARNING: pattern_spp_pbl: pattern_spp_pbl_bt is not a variable or number; ignoring it
REGISTRY WARNING: pattern_spp_lsm: pattern_spp_lsm_b is not a variable or number; ignoring it
REGISTRY WARNING: pattern_spp_lsm: pattern_spp_lsm_bt is not a variable or number; ignoring it
REGISTRY WARNING: rstoch: rstoch_b is not a variable or number; ignoring it
REGISTRY WARNING: rstoch: rstoch_bt is not a variable or number; ignoring it
REGISTRY WARNING: field_u_tend_perturb: field_u_tend_perturb_b is not a variable or number; ignoring it
REGISTRY WARNING: field_u_tend_perturb: field_u_tend_perturb_bt is not a variable or number; ignoring it
REGISTRY WARNING: field_v_tend_perturb: field_v_tend_perturb_b is not a variable or number; ignoring it
REGISTRY WARNING: field_v_tend_perturb: field_v_tend_perturb_bt is not a variable or number; ignoring it
REGISTRY WARNING: field_t_tend_perturb: field_t_tend_perturb_b is not a variable or number; ignoring it
REGISTRY WARNING: field_t_tend_perturb: field_t_tend_perturb_bt is not a variable or number; ignoring it
ADVISORY: RSL_LITE version of gen_comms is linked in with registry program.
rm -f module_state_description.o
/lib/cpp -P -nostdinc -I/home/onishi/WRF/external/ioapi_share -I/home/onishi/WRF/inc -DEM_CORE=1 -DNMM_CORE=0 -DNMM_MAX_DIM=2600 -DDA_CORE=0 -DWRFPLUS=0 -DIWORDSIZE=4 -DDWORDSIZE=8 -DRWORDSIZE=4 -DLWORDSIZE=4 -DNONSTANDARD_SYSTEM_FUNC  -DWRF_USE_CLM -DUSE_NETCDF4_FEATURES -DWRFIO_NCD_LARGE_FILE_SUPPORT  -DDM_PARALLEL -DNETCDF -DGRIB2 -DHDF5 -DLANDREAD_STUB=1 -DUSE_ALLOCATABLES -Dwrfmodel -DGRIB1 -DINTIO -DKEEP_INT_AROUND -DLIMIT_ARGS -DBUILD_RRTMG_FAST=0 -DBUILD_RRTMK=0 -DBUILD_SBM_FAST=1 -DSHOW_ALL_VARS_USED=0 -DCONFIG_BUF_LEN=65536 -DMAX_DOMAINS_F=21 -DMAX_HISTORY=25 -DNMM_NEST=0 -DWRF_CHEM -DBUILD_CHEM=1 -DWRF_KPP -I. -traditional-cpp -DUSE_NETCDF4_FEATURES -DWRFIO_NCD_LARGE_FILE_SUPPORT   module_state_description.F  > module_state_description.bb
/home/onishi/WRF/tools/standard.exe module_state_description.bb | /lib/cpp -P -nostdinc -I/home/onishi/WRF/external/ioapi_share -traditional-cpp -DUSE_NETCDF4_FEATURES -DWRFIO_NCD_LARGE_FILE_SUPPORT > module_state_description.f90
rm -f module_state_description.b module_state_description.bb
time mpif90 -f90=ifort -c -real-size `expr 8 \* 4` -i4  -O0 -fno-inline -no-ip -ip -fp-model precise -w -ftz -align all -fno-alias -FR -convert big_endian   -I../dyn_em  -I/home/onishi/WRF/external/esmf_time_f90  -I/home/onishi/WRF/main -I/home/onishi/WRF/external/io_netcdf -I/home/onishi/WRF/external/io_int -I/home/onishi/WRF/frame -I/home/onishi/WRF/share -I/home/onishi/WRF/phys -I/home/onishi/WRF/wrftladj -I/home/onishi/WRF/chem -I/home/onishi/WRF/inc -I/home/onishi/NETCDF_DIR2//include   module_state_description.f90
0.66user 0.11system 0:00.81elapsed 95%CPU (0avgtext+0avgdata 63500maxresident)k
1008inputs+3456outputs (0major+13491minor)pagefaults 0swaps
rm -f module_driver_constants.o
rm -f module_streams.o
sed -e "s/^\!.*'.*//" -e "s/^ *\!.*'.*//" module_driver_constants.F > module_driver_constants.G
sed -e "s/^\!.*'.*//" -e "s/^ *\!.*'.*//" module_streams.F > module_streams.G
/lib/cpp -P -nostdinc -I/home/onishi/WRF/external/ioapi_share -I/home/onishi/WRF/inc -DEM_CORE=1 -DNMM_CORE=0 -DNMM_MAX_DIM=2600 -DDA_CORE=0 -DWRFPLUS=0 -DIWORDSIZE=4 -DDWORDSIZE=8 -DRWORDSIZE=4 -DLWORDSIZE=4 -DNONSTANDARD_SYSTEM_FUNC  -DWRF_USE_CLM -DUSE_NETCDF4_FEATURES -DWRFIO_NCD_LARGE_FILE_SUPPORT  -DDM_PARALLEL -DNETCDF -DGRIB2 -DHDF5 -DLANDREAD_STUB=1 -DUSE_ALLOCATABLES -Dwrfmodel -DGRIB1 -DINTIO -DKEEP_INT_AROUND -DLIMIT_ARGS -DBUILD_RRTMG_FAST=0 -DBUILD_RRTMK=0 -DBUILD_SBM_FAST=1 -DSHOW_ALL_VARS_USED=0 -DCONFIG_BUF_LEN=65536 -DMAX_DOMAINS_F=21 -DMAX_HISTORY=25 -DNMM_NEST=0 -DWRF_CHEM -DBUILD_CHEM=1 -DWRF_KPP -I. -traditional-cpp -DUSE_NETCDF4_FEATURES -DWRFIO_NCD_LARGE_FILE_SUPPORT   module_driver_constants.G  > module_driver_constants.bb
/lib/cpp -P -nostdinc -I/home/onishi/WRF/external/ioapi_share -I/home/onishi/WRF/inc -DEM_CORE=1 -DNMM_CORE=0 -DNMM_MAX_DIM=2600 -DDA_CORE=0 -DWRFPLUS=0 -DIWORDSIZE=4 -DDWORDSIZE=8 -DRWORDSIZE=4 -DLWORDSIZE=4 -DNONSTANDARD_SYSTEM_FUNC  -DWRF_USE_CLM -DUSE_NETCDF4_FEATURES -DWRFIO_NCD_LARGE_FILE_SUPPORT  -DDM_PARALLEL -DNETCDF -DGRIB2 -DHDF5 -DLANDREAD_STUB=1 -DUSE_ALLOCATABLES -Dwrfmodel -DGRIB1 -DINTIO -DKEEP_INT_AROUND -DLIMIT_ARGS -DBUILD_RRTMG_FAST=0 -DBUILD_RRTMK=0 -DBUILD_SBM_FAST=1 -DSHOW_ALL_VARS_USED=0 -DCONFIG_BUF_LEN=65536 -DMAX_DOMAINS_F=21 -DMAX_HISTORY=25 -DNMM_NEST=0 -DWRF_CHEM -DBUILD_CHEM=1 -DWRF_KPP -I. -traditional-cpp -DUSE_NETCDF4_FEATURES -DWRFIO_NCD_LARGE_FILE_SUPPORT   module_streams.G  > module_streams.bb
/home/onishi/WRF/tools/standard.exe module_streams.bb | /lib/cpp -P -nostdinc -I/home/onishi/WRF/external/ioapi_share -traditional-cpp -DUSE_NETCDF4_FEATURES -DWRFIO_NCD_LARGE_FILE_SUPPORT > module_streams.f90
/home/onishi/WRF/tools/standard.exe module_driver_constants.bb | /lib/cpp -P -nostdinc -I/home/onishi/WRF/external/ioapi_share -traditional-cpp -DUSE_NETCDF4_FEATURES -DWRFIO_NCD_LARGE_FILE_SUPPORT > module_driver_constants.f90
rm -f module_driver_constants.G module_driver_constants.bb
rm -f module_streams.G module_streams.bb
time mpif90 -f90=ifort -o module_driver_constants.o -c -O3 -ip -fp-model precise -w -ftz -align all -fno-alias -FR -convert big_endian    -I../dyn_em  -I/home/onishi/WRF/external/esmf_time_f90  -I/home/onishi/WRF/main -I/home/onishi/WRF/external/io_netcdf -I/home/onishi/WRF/external/io_int -I/home/onishi/WRF/frame -I/home/onishi/WRF/share -I/home/onishi/WRF/phys -I/home/onishi/WRF/wrftladj -I/home/onishi/WRF/chem -I/home/onishi/WRF/inc -I/home/onishi/NETCDF_DIR2//include  -real-size `expr 8 \* 4` -i4  module_driver_constants.f90
time mpif90 -f90=ifort -o module_streams.o -c -O3 -ip -fp-model precise -w -ftz -align all -fno-alias -FR -convert big_endian    -I../dyn_em  -I/home/onishi/WRF/external/esmf_time_f90  -I/home/onishi/WRF/main -I/home/onishi/WRF/external/io_netcdf -I/home/onishi/WRF/external/io_int -I/home/onishi/WRF/frame -I/home/onishi/WRF/share -I/home/onishi/WRF/phys -I/home/onishi/WRF/wrftladj -I/home/onishi/WRF/chem -I/home/onishi/WRF/inc -I/home/onishi/NETCDF_DIR2//include  -real-size `expr 8 \* 4` -i4  module_streams.f90
0.02user 0.05system 0:00.09elapsed 88%CPU (0avgtext+0avgdata 38596maxresident)k
16inputs+128outputs (0major+6070minor)pagefaults 0swaps
rm -f module_timing.o
sed -e "s/^\!.*'.*//" -e "s/^ *\!.*'.*//" module_timing.F > module_timing.G
/lib/cpp -P -nostdinc -I/home/onishi/WRF/external/ioapi_share -I/home/onishi/WRF/inc -DEM_CORE=1 -DNMM_CORE=0 -DNMM_MAX_DIM=2600 -DDA_CORE=0 -DWRFPLUS=0 -DIWORDSIZE=4 -DDWORDSIZE=8 -DRWORDSIZE=4 -DLWORDSIZE=4 -DNONSTANDARD_SYSTEM_FUNC  -DWRF_USE_CLM -DUSE_NETCDF4_FEATURES -DWRFIO_NCD_LARGE_FILE_SUPPORT  -DDM_PARALLEL -DNETCDF -DGRIB2 -DHDF5 -DLANDREAD_STUB=1 -DUSE_ALLOCATABLES -Dwrfmodel -DGRIB1 -DINTIO -DKEEP_INT_AROUND -DLIMIT_ARGS -DBUILD_RRTMG_FAST=0 -DBUILD_RRTMK=0 -DBUILD_SBM_FAST=1 -DSHOW_ALL_VARS_USED=0 -DCONFIG_BUF_LEN=65536 -DMAX_DOMAINS_F=21 -DMAX_HISTORY=25 -DNMM_NEST=0 -DWRF_CHEM -DBUILD_CHEM=1 -DWRF_KPP -I. -traditional-cpp -DUSE_NETCDF4_FEATURES -DWRFIO_NCD_LARGE_FILE_SUPPORT   module_timing.G  > module_timing.bb
/home/onishi/WRF/tools/standard.exe module_timing.bb | /lib/cpp -P -nostdinc -I/home/onishi/WRF/external/ioapi_share -traditional-cpp -DUSE_NETCDF4_FEATURES -DWRFIO_NCD_LARGE_FILE_SUPPORT > module_timing.f90
0.01user 0.07system 0:00.12elapsed 71%CPU (0avgtext+0avgdata 39236maxresident)k
8inputs+104outputs (0major+6175minor)pagefaults 0swaps
rm -f module_domain_type.o
/lib/cpp -P -nostdinc -I/home/onishi/WRF/external/ioapi_share -I/home/onishi/WRF/inc -DEM_CORE=1 -DNMM_CORE=0 -DNMM_MAX_DIM=2600 -DDA_CORE=0 -DWRFPLUS=0 -DIWORDSIZE=4 -DDWORDSIZE=8 -DRWORDSIZE=4 -DLWORDSIZE=4 -DNONSTANDARD_SYSTEM_FUNC  -DWRF_USE_CLM -DUSE_NETCDF4_FEATURES -DWRFIO_NCD_LARGE_FILE_SUPPORT  -DDM_PARALLEL -DNETCDF -DGRIB2 -DHDF5 -DLANDREAD_STUB=1 -DUSE_ALLOCATABLES -Dwrfmodel -DGRIB1 -DINTIO -DKEEP_INT_AROUND -DLIMIT_ARGS -DBUILD_RRTMG_FAST=0 -DBUILD_RRTMK=0 -DBUILD_SBM_FAST=1 -DSHOW_ALL_VARS_USED=0 -DCONFIG_BUF_LEN=65536 -DMAX_DOMAINS_F=21 -DMAX_HISTORY=25 -DNMM_NEST=0 -DWRF_CHEM -DBUILD_CHEM=1 -DWRF_KPP -I. -traditional-cpp -DUSE_NETCDF4_FEATURES -DWRFIO_NCD_LARGE_FILE_SUPPORT   module_domain_type.F  > module_domain_type.bb
rm -f module_timing.G module_timing.bb
/home/onishi/WRF/tools/standard.exe module_domain_type.bb | /lib/cpp -P -nostdinc -I/home/onishi/WRF/external/ioapi_share -traditional-cpp -DUSE_NETCDF4_FEATURES -DWRFIO_NCD_LARGE_FILE_SUPPORT > module_domain_type.f90
time mpif90 -f90=ifort -o module_timing.o -c -O3 -ip -fp-model precise -w -ftz -align all -fno-alias -FR -convert big_endian    -I../dyn_em  -I/home/onishi/WRF/external/esmf_time_f90  -I/home/onishi/WRF/main -I/home/onishi/WRF/external/io_netcdf -I/home/onishi/WRF/external/io_int -I/home/onishi/WRF/frame -I/home/onishi/WRF/share -I/home/onishi/WRF/phys -I/home/onishi/WRF/wrftladj -I/home/onishi/WRF/chem -I/home/onishi/WRF/inc -I/home/onishi/NETCDF_DIR2//include  -real-size `expr 8 \* 4` -i4  module_timing.f90
rm -f module_domain_type.b module_domain_type.bb
time mpif90 -f90=ifort -c -real-size `expr 8 \* 4` -i4  -O0 -fno-inline -no-ip -ip -fp-model precise -w -ftz -align all -fno-alias -FR -convert big_endian   -I../dyn_em  -I/home/onishi/WRF/external/esmf_time_f90  -I/home/onishi/WRF/main -I/home/onishi/WRF/external/io_netcdf -I/home/onishi/WRF/external/io_int -I/home/onishi/WRF/frame -I/home/onishi/WRF/share -I/home/onishi/WRF/phys -I/home/onishi/WRF/wrftladj -I/home/onishi/WRF/chem -I/home/onishi/WRF/inc -I/home/onishi/NETCDF_DIR2//include   module_domain_type.f90
0.03user 0.06system 0:00.11elapsed 87%CPU (0avgtext+0avgdata 40640maxresident)k
8inputs+120outputs (0major+6329minor)pagefaults 0swaps
rm -f module_machine.o
sed -e "s/^\!.*'.*//" -e "s/^ *\!.*'.*//" module_machine.F > module_machine.G
/lib/cpp -P -nostdinc -I/home/onishi/WRF/external/ioapi_share -I/home/onishi/WRF/inc -DEM_CORE=1 -DNMM_CORE=0 -DNMM_MAX_DIM=2600 -DDA_CORE=0 -DWRFPLUS=0 -DIWORDSIZE=4 -DDWORDSIZE=8 -DRWORDSIZE=4 -DLWORDSIZE=4 -DNONSTANDARD_SYSTEM_FUNC  -DWRF_USE_CLM -DUSE_NETCDF4_FEATURES -DWRFIO_NCD_LARGE_FILE_SUPPORT  -DDM_PARALLEL -DNETCDF -DGRIB2 -DHDF5 -DLANDREAD_STUB=1 -DUSE_ALLOCATABLES -Dwrfmodel -DGRIB1 -DINTIO -DKEEP_INT_AROUND -DLIMIT_ARGS -DBUILD_RRTMG_FAST=0 -DBUILD_RRTMK=0 -DBUILD_SBM_FAST=1 -DSHOW_ALL_VARS_USED=0 -DCONFIG_BUF_LEN=65536 -DMAX_DOMAINS_F=21 -DMAX_HISTORY=25 -DNMM_NEST=0 -DWRF_CHEM -DBUILD_CHEM=1 -DWRF_KPP -I. -traditional-cpp -DUSE_NETCDF4_FEATURES -DWRFIO_NCD_LARGE_FILE_SUPPORT   module_machine.G  > module_machine.bb
/home/onishi/WRF/tools/standard.exe module_machine.bb | /lib/cpp -P -nostdinc -I/home/onishi/WRF/external/ioapi_share -traditional-cpp -DUSE_NETCDF4_FEATURES -DWRFIO_NCD_LARGE_FILE_SUPPORT > module_machine.f90
rm -f module_machine.G module_machine.bb
time mpif90 -f90=ifort -o module_machine.o -c -O3 -ip -fp-model precise -w -ftz -align all -fno-alias -FR -convert big_endian    -I../dyn_em  -I/home/onishi/WRF/external/esmf_time_f90  -I/home/onishi/WRF/main -I/home/onishi/WRF/external/io_netcdf -I/home/onishi/WRF/external/io_int -I/home/onishi/WRF/frame -I/home/onishi/WRF/share -I/home/onishi/WRF/phys -I/home/onishi/WRF/wrftladj -I/home/onishi/WRF/chem -I/home/onishi/WRF/inc -I/home/onishi/NETCDF_DIR2//include  -real-size `expr 8 \* 4` -i4  module_machine.f90
0.05user 0.08system 0:00.15elapsed 92%CPU (0avgtext+0avgdata 45696maxresident)k
16inputs+144outputs (0major+7254minor)pagefaults 0swaps
rm -f module_quilt_outbuf_ops.o
sed -e "s/^\!.*'.*//" -e "s/^ *\!.*'.*//" module_quilt_outbuf_ops.F > module_quilt_outbuf_ops.G
/lib/cpp -P -nostdinc -I/home/onishi/WRF/external/ioapi_share -I/home/onishi/WRF/inc -DEM_CORE=1 -DNMM_CORE=0 -DNMM_MAX_DIM=2600 -DDA_CORE=0 -DWRFPLUS=0 -DIWORDSIZE=4 -DDWORDSIZE=8 -DRWORDSIZE=4 -DLWORDSIZE=4 -DNONSTANDARD_SYSTEM_FUNC  -DWRF_USE_CLM -DUSE_NETCDF4_FEATURES -DWRFIO_NCD_LARGE_FILE_SUPPORT  -DDM_PARALLEL -DNETCDF -DGRIB2 -DHDF5 -DLANDREAD_STUB=1 -DUSE_ALLOCATABLES -Dwrfmodel -DGRIB1 -DINTIO -DKEEP_INT_AROUND -DLIMIT_ARGS -DBUILD_RRTMG_FAST=0 -DBUILD_RRTMK=0 -DBUILD_SBM_FAST=1 -DSHOW_ALL_VARS_USED=0 -DCONFIG_BUF_LEN=65536 -DMAX_DOMAINS_F=21 -DMAX_HISTORY=25 -DNMM_NEST=0 -DWRF_CHEM -DBUILD_CHEM=1 -DWRF_KPP -I. -traditional-cpp -DUSE_NETCDF4_FEATURES -DWRFIO_NCD_LARGE_FILE_SUPPORT   module_quilt_outbuf_ops.G  > module_quilt_outbuf_ops.bb
/home/onishi/WRF/tools/standard.exe module_quilt_outbuf_ops.bb | /lib/cpp -P -nostdinc -I/home/onishi/WRF/external/ioapi_share -traditional-cpp -DUSE_NETCDF4_FEATURES -DWRFIO_NCD_LARGE_FILE_SUPPORT > module_quilt_outbuf_ops.f90
rm -f module_quilt_outbuf_ops.G module_quilt_outbuf_ops.bb
time mpif90 -f90=ifort -o module_quilt_outbuf_ops.o -c -O3 -ip -fp-model precise -w -ftz -align all -fno-alias -FR -convert big_endian    -I../dyn_em  -I/home/onishi/WRF/external/esmf_time_f90  -I/home/onishi/WRF/main -I/home/onishi/WRF/external/io_netcdf -I/home/onishi/WRF/external/io_int -I/home/onishi/WRF/frame -I/home/onishi/WRF/share -I/home/onishi/WRF/phys -I/home/onishi/WRF/wrftladj -I/home/onishi/WRF/chem -I/home/onishi/WRF/inc -I/home/onishi/NETCDF_DIR2//include  -real-size `expr 8 \* 4` -i4  module_quilt_outbuf_ops.f90
0.51user 0.11system 0:00.64elapsed 95%CPU (0avgtext+0avgdata 57792maxresident)k
944inputs+2624outputs (0major+11542minor)pagefaults 0swaps
rm -f module_configure.o
/lib/cpp -P -nostdinc -I/home/onishi/WRF/external/ioapi_share -I/home/onishi/WRF/inc -DEM_CORE=1 -DNMM_CORE=0 -DNMM_MAX_DIM=2600 -DDA_CORE=0 -DWRFPLUS=0 -DIWORDSIZE=4 -DDWORDSIZE=8 -DRWORDSIZE=4 -DLWORDSIZE=4 -DNONSTANDARD_SYSTEM_FUNC  -DWRF_USE_CLM -DUSE_NETCDF4_FEATURES -DWRFIO_NCD_LARGE_FILE_SUPPORT  -DDM_PARALLEL -DNETCDF -DGRIB2 -DHDF5 -DLANDREAD_STUB=1 -DUSE_ALLOCATABLES -Dwrfmodel -DGRIB1 -DINTIO -DKEEP_INT_AROUND -DLIMIT_ARGS -DBUILD_RRTMG_FAST=0 -DBUILD_RRTMK=0 -DBUILD_SBM_FAST=1 -DSHOW_ALL_VARS_USED=0 -DCONFIG_BUF_LEN=65536 -DMAX_DOMAINS_F=21 -DMAX_HISTORY=25 -DNMM_NEST=0 -DWRF_CHEM -DBUILD_CHEM=1 -DWRF_KPP -I. -traditional-cpp -DUSE_NETCDF4_FEATURES -DWRFIO_NCD_LARGE_FILE_SUPPORT   module_configure.F  > module_configure.bb
/home/onishi/WRF/tools/standard.exe module_configure.bb | /lib/cpp -P -nostdinc -I/home/onishi/WRF/external/ioapi_share -traditional-cpp -DUSE_NETCDF4_FEATURES -DWRFIO_NCD_LARGE_FILE_SUPPORT > module_configure.f90
rm -f module_configure.b module_configure.bb
time mpif90 -f90=ifort -c -real-size `expr 8 \* 4` -i4  -O0 -fno-inline -no-ip -ip -fp-model precise -w -ftz -align all -fno-alias -FR -convert big_endian   -I../dyn_em  -I/home/onishi/WRF/external/esmf_time_f90  -I/home/onishi/WRF/main -I/home/onishi/WRF/external/io_netcdf -I/home/onishi/WRF/external/io_int -I/home/onishi/WRF/frame -I/home/onishi/WRF/share -I/home/onishi/WRF/phys -I/home/onishi/WRF/wrftladj -I/home/onishi/WRF/chem -I/home/onishi/WRF/inc -I/home/onishi/NETCDF_DIR2//include   module_configure.f90
1.22user 0.11system 0:01.35elapsed 98%CPU (0avgtext+0avgdata 89944maxresident)k
2544inputs+1264outputs (0major+21732minor)pagefaults 0swaps
73.22user 3.67system 1:17.02elapsed 99%CPU (0avgtext+0avgdata 1818772maxresident)k
24440inputs+274480outputs (0major+784822minor)pagefaults 0swaps
rm -f module_alloc_space_0.o
rm -f module_alloc_space_1.o
/lib/cpp -P -nostdinc -I/home/onishi/WRF/external/ioapi_share -I/home/onishi/WRF/inc -DEM_CORE=1 -DNMM_CORE=0 -DNMM_MAX_DIM=2600 -DDA_CORE=0 -DWRFPLUS=0 -DIWORDSIZE=4 -DDWORDSIZE=8 -DRWORDSIZE=4 -DLWORDSIZE=4 -DNONSTANDARD_SYSTEM_FUNC  -DWRF_USE_CLM -DUSE_NETCDF4_FEATURES -DWRFIO_NCD_LARGE_FILE_SUPPORT  -DDM_PARALLEL -DNETCDF -DGRIB2 -DHDF5 -DLANDREAD_STUB=1 -DUSE_ALLOCATABLES -Dwrfmodel -DGRIB1 -DINTIO -DKEEP_INT_AROUND -DLIMIT_ARGS -DBUILD_RRTMG_FAST=0 -DBUILD_RRTMK=0 -DBUILD_SBM_FAST=1 -DSHOW_ALL_VARS_USED=0 -DCONFIG_BUF_LEN=65536 -DMAX_DOMAINS_F=21 -DMAX_HISTORY=25 -DNMM_NEST=0 -DWRF_CHEM -DBUILD_CHEM=1 -DWRF_KPP -I. -traditional-cpp -DUSE_NETCDF4_FEATURES -DWRFIO_NCD_LARGE_FILE_SUPPORT   module_alloc_space_0.F  > module_alloc_space_0.bb
/lib/cpp -P -nostdinc -I/home/onishi/WRF/external/ioapi_share -I/home/onishi/WRF/inc -DEM_CORE=1 -DNMM_CORE=0 -DNMM_MAX_DIM=2600 -DDA_CORE=0 -DWRFPLUS=0 -DIWORDSIZE=4 -DDWORDSIZE=8 -DRWORDSIZE=4 -DLWORDSIZE=4 -DNONSTANDARD_SYSTEM_FUNC  -DWRF_USE_CLM -DUSE_NETCDF4_FEATURES -DWRFIO_NCD_LARGE_FILE_SUPPORT  -DDM_PARALLEL -DNETCDF -DGRIB2 -DHDF5 -DLANDREAD_STUB=1 -DUSE_ALLOCATABLES -Dwrfmodel -DGRIB1 -DINTIO -DKEEP_INT_AROUND -DLIMIT_ARGS -DBUILD_RRTMG_FAST=0 -DBUILD_RRTMK=0 -DBUILD_SBM_FAST=1 -DSHOW_ALL_VARS_USED=0 -DCONFIG_BUF_LEN=65536 -DMAX_DOMAINS_F=21 -DMAX_HISTORY=25 -DNMM_NEST=0 -DWRF_CHEM -DBUILD_CHEM=1 -DWRF_KPP -I. -traditional-cpp -DUSE_NETCDF4_FEATURES -DWRFIO_NCD_LARGE_FILE_SUPPORT   module_alloc_space_1.F  > module_alloc_space_1.bb
/home/onishi/WRF/tools/standard.exe module_alloc_space_1.bb | /lib/cpp -P -nostdinc -I/home/onishi/WRF/external/ioapi_share -traditional-cpp -DUSE_NETCDF4_FEATURES -DWRFIO_NCD_LARGE_FILE_SUPPORT > module_alloc_space_1.f90
/home/onishi/WRF/tools/standard.exe module_alloc_space_0.bb | /lib/cpp -P -nostdinc -I/home/onishi/WRF/external/ioapi_share -traditional-cpp -DUSE_NETCDF4_FEATURES -DWRFIO_NCD_LARGE_FILE_SUPPORT > module_alloc_space_0.f90
rm -f module_alloc_space_1.b module_alloc_space_1.bb
rm -f module_alloc_space_0.b module_alloc_space_0.bb
time mpif90 -f90=ifort -c -real-size `expr 8 \* 4` -i4  -O0 -fno-inline -no-ip -ip -fp-model precise -w -ftz -align all -fno-alias -FR -convert big_endian   -I../dyn_em  -I/home/onishi/WRF/external/esmf_time_f90  -I/home/onishi/WRF/main -I/home/onishi/WRF/external/io_netcdf -I/home/onishi/WRF/external/io_int -I/home/onishi/WRF/frame -I/home/onishi/WRF/share -I/home/onishi/WRF/phys -I/home/onishi/WRF/wrftladj -I/home/onishi/WRF/chem -I/home/onishi/WRF/inc -I/home/onishi/NETCDF_DIR2//include   module_alloc_space_1.f90
time mpif90 -f90=ifort -c -real-size `expr 8 \* 4` -i4  -O0 -fno-inline -no-ip -ip -fp-model precise -w -ftz -align all -fno-alias -FR -convert big_endian   -I../dyn_em  -I/home/onishi/WRF/external/esmf_time_f90  -I/home/onishi/WRF/main -I/home/onishi/WRF/external/io_netcdf -I/home/onishi/WRF/external/io_int -I/home/onishi/WRF/frame -I/home/onishi/WRF/share -I/home/onishi/WRF/phys -I/home/onishi/WRF/wrftladj -I/home/onishi/WRF/chem -I/home/onishi/WRF/inc -I/home/onishi/NETCDF_DIR2//include   module_alloc_space_0.f90
52.33user 1.16system 0:53.57elapsed 99%CPU (0avgtext+0avgdata 532120maxresident)k
2896inputs+50848outputs (14major+184915minor)pagefaults 0swaps
rm -f module_alloc_space_2.o
/lib/cpp -P -nostdinc -I/home/onishi/WRF/external/ioapi_share -I/home/onishi/WRF/inc -DEM_CORE=1 -DNMM_CORE=0 -DNMM_MAX_DIM=2600 -DDA_CORE=0 -DWRFPLUS=0 -DIWORDSIZE=4 -DDWORDSIZE=8 -DRWORDSIZE=4 -DLWORDSIZE=4 -DNONSTANDARD_SYSTEM_FUNC  -DWRF_USE_CLM -DUSE_NETCDF4_FEATURES -DWRFIO_NCD_LARGE_FILE_SUPPORT  -DDM_PARALLEL -DNETCDF -DGRIB2 -DHDF5 -DLANDREAD_STUB=1 -DUSE_ALLOCATABLES -Dwrfmodel -DGRIB1 -DINTIO -DKEEP_INT_AROUND -DLIMIT_ARGS -DBUILD_RRTMG_FAST=0 -DBUILD_RRTMK=0 -DBUILD_SBM_FAST=1 -DSHOW_ALL_VARS_USED=0 -DCONFIG_BUF_LEN=65536 -DMAX_DOMAINS_F=21 -DMAX_HISTORY=25 -DNMM_NEST=0 -DWRF_CHEM -DBUILD_CHEM=1 -DWRF_KPP -I. -traditional-cpp -DUSE_NETCDF4_FEATURES -DWRFIO_NCD_LARGE_FILE_SUPPORT   module_alloc_space_2.F  > module_alloc_space_2.bb
/home/onishi/WRF/tools/standard.exe module_alloc_space_2.bb | /lib/cpp -P -nostdinc -I/home/onishi/WRF/external/ioapi_share -traditional-cpp -DUSE_NETCDF4_FEATURES -DWRFIO_NCD_LARGE_FILE_SUPPORT > module_alloc_space_2.f90
rm -f module_alloc_space_2.b module_alloc_space_2.bb
time mpif90 -f90=ifort -c -real-size `expr 8 \* 4` -i4  -O0 -fno-inline -no-ip -ip -fp-model precise -w -ftz -align all -fno-alias -FR -convert big_endian   -I../dyn_em  -I/home/onishi/WRF/external/esmf_time_f90  -I/home/onishi/WRF/main -I/home/onishi/WRF/external/io_netcdf -I/home/onishi/WRF/external/io_int -I/home/onishi/WRF/frame -I/home/onishi/WRF/share -I/home/onishi/WRF/phys -I/home/onishi/WRF/wrftladj -I/home/onishi/WRF/chem -I/home/onishi/WRF/inc -I/home/onishi/NETCDF_DIR2//include   module_alloc_space_2.f90
64.60user 1.39system 1:06.07elapsed 99%CPU (0avgtext+0avgdata 668088maxresident)k
3520inputs+64608outputs (26major+236548minor)pagefaults 0swaps
rm -f module_alloc_space_3.o
/lib/cpp -P -nostdinc -I/home/onishi/WRF/external/ioapi_share -I/home/onishi/WRF/inc -DEM_CORE=1 -DNMM_CORE=0 -DNMM_MAX_DIM=2600 -DDA_CORE=0 -DWRFPLUS=0 -DIWORDSIZE=4 -DDWORDSIZE=8 -DRWORDSIZE=4 -DLWORDSIZE=4 -DNONSTANDARD_SYSTEM_FUNC  -DWRF_USE_CLM -DUSE_NETCDF4_FEATURES -DWRFIO_NCD_LARGE_FILE_SUPPORT  -DDM_PARALLEL -DNETCDF -DGRIB2 -DHDF5 -DLANDREAD_STUB=1 -DUSE_ALLOCATABLES -Dwrfmodel -DGRIB1 -DINTIO -DKEEP_INT_AROUND -DLIMIT_ARGS -DBUILD_RRTMG_FAST=0 -DBUILD_RRTMK=0 -DBUILD_SBM_FAST=1 -DSHOW_ALL_VARS_USED=0 -DCONFIG_BUF_LEN=65536 -DMAX_DOMAINS_F=21 -DMAX_HISTORY=25 -DNMM_NEST=0 -DWRF_CHEM -DBUILD_CHEM=1 -DWRF_KPP -I. -traditional-cpp -DUSE_NETCDF4_FEATURES -DWRFIO_NCD_LARGE_FILE_SUPPORT   module_alloc_space_3.F  > module_alloc_space_3.bb
/home/onishi/WRF/tools/standard.exe module_alloc_space_3.bb | /lib/cpp -P -nostdinc -I/home/onishi/WRF/external/ioapi_share -traditional-cpp -DUSE_NETCDF4_FEATURES -DWRFIO_NCD_LARGE_FILE_SUPPORT > module_alloc_space_3.f90
rm -f module_alloc_space_3.b module_alloc_space_3.bb
time mpif90 -f90=ifort -c -real-size `expr 8 \* 4` -i4  -O0 -fno-inline -no-ip -ip -fp-model precise -w -ftz -align all -fno-alias -FR -convert big_endian   -I../dyn_em  -I/home/onishi/WRF/external/esmf_time_f90  -I/home/onishi/WRF/main -I/home/onishi/WRF/external/io_netcdf -I/home/onishi/WRF/external/io_int -I/home/onishi/WRF/frame -I/home/onishi/WRF/share -I/home/onishi/WRF/phys -I/home/onishi/WRF/wrftladj -I/home/onishi/WRF/chem -I/home/onishi/WRF/inc -I/home/onishi/NETCDF_DIR2//include   module_alloc_space_3.f90
26.64user 0.43system 0:27.13elapsed 99%CPU (0avgtext+0avgdata 284448maxresident)k
1456inputs+25624outputs (0major+80636minor)pagefaults 0swaps
rm -f module_alloc_space_4.o
/lib/cpp -P -nostdinc -I/home/onishi/WRF/external/ioapi_share -I/home/onishi/WRF/inc -DEM_CORE=1 -DNMM_CORE=0 -DNMM_MAX_DIM=2600 -DDA_CORE=0 -DWRFPLUS=0 -DIWORDSIZE=4 -DDWORDSIZE=8 -DRWORDSIZE=4 -DLWORDSIZE=4 -DNONSTANDARD_SYSTEM_FUNC  -DWRF_USE_CLM -DUSE_NETCDF4_FEATURES -DWRFIO_NCD_LARGE_FILE_SUPPORT  -DDM_PARALLEL -DNETCDF -DGRIB2 -DHDF5 -DLANDREAD_STUB=1 -DUSE_ALLOCATABLES -Dwrfmodel -DGRIB1 -DINTIO -DKEEP_INT_AROUND -DLIMIT_ARGS -DBUILD_RRTMG_FAST=0 -DBUILD_RRTMK=0 -DBUILD_SBM_FAST=1 -DSHOW_ALL_VARS_USED=0 -DCONFIG_BUF_LEN=65536 -DMAX_DOMAINS_F=21 -DMAX_HISTORY=25 -DNMM_NEST=0 -DWRF_CHEM -DBUILD_CHEM=1 -DWRF_KPP -I. -traditional-cpp -DUSE_NETCDF4_FEATURES -DWRFIO_NCD_LARGE_FILE_SUPPORT   module_alloc_space_4.F  > module_alloc_space_4.bb
/home/onishi/WRF/tools/standard.exe module_alloc_space_4.bb | /lib/cpp -P -nostdinc -I/home/onishi/WRF/external/ioapi_share -traditional-cpp -DUSE_NETCDF4_FEATURES -DWRFIO_NCD_LARGE_FILE_SUPPORT > module_alloc_space_4.f90
rm -f module_alloc_space_4.b module_alloc_space_4.bb
time mpif90 -f90=ifort -c -real-size `expr 8 \* 4` -i4  -O0 -fno-inline -no-ip -ip -fp-model precise -w -ftz -align all -fno-alias -FR -convert big_endian   -I../dyn_em  -I/home/onishi/WRF/external/esmf_time_f90  -I/home/onishi/WRF/main -I/home/onishi/WRF/external/io_netcdf -I/home/onishi/WRF/external/io_int -I/home/onishi/WRF/frame -I/home/onishi/WRF/share -I/home/onishi/WRF/phys -I/home/onishi/WRF/wrftladj -I/home/onishi/WRF/chem -I/home/onishi/WRF/inc -I/home/onishi/NETCDF_DIR2//include   module_alloc_space_4.f90
6.59user 0.17system 0:06.80elapsed 99%CPU (0avgtext+0avgdata 104360maxresident)k
368inputs+7672outputs (0major+25208minor)pagefaults 0swaps
rm -f module_alloc_space_5.o
/lib/cpp -P -nostdinc -I/home/onishi/WRF/external/ioapi_share -I/home/onishi/WRF/inc -DEM_CORE=1 -DNMM_CORE=0 -DNMM_MAX_DIM=2600 -DDA_CORE=0 -DWRFPLUS=0 -DIWORDSIZE=4 -DDWORDSIZE=8 -DRWORDSIZE=4 -DLWORDSIZE=4 -DNONSTANDARD_SYSTEM_FUNC  -DWRF_USE_CLM -DUSE_NETCDF4_FEATURES -DWRFIO_NCD_LARGE_FILE_SUPPORT  -DDM_PARALLEL -DNETCDF -DGRIB2 -DHDF5 -DLANDREAD_STUB=1 -DUSE_ALLOCATABLES -Dwrfmodel -DGRIB1 -DINTIO -DKEEP_INT_AROUND -DLIMIT_ARGS -DBUILD_RRTMG_FAST=0 -DBUILD_RRTMK=0 -DBUILD_SBM_FAST=1 -DSHOW_ALL_VARS_USED=0 -DCONFIG_BUF_LEN=65536 -DMAX_DOMAINS_F=21 -DMAX_HISTORY=25 -DNMM_NEST=0 -DWRF_CHEM -DBUILD_CHEM=1 -DWRF_KPP -I. -traditional-cpp -DUSE_NETCDF4_FEATURES -DWRFIO_NCD_LARGE_FILE_SUPPORT   module_alloc_space_5.F  > module_alloc_space_5.bb
/home/onishi/WRF/tools/standard.exe module_alloc_space_5.bb | /lib/cpp -P -nostdinc -I/home/onishi/WRF/external/ioapi_share -traditional-cpp -DUSE_NETCDF4_FEATURES -DWRFIO_NCD_LARGE_FILE_SUPPORT > module_alloc_space_5.f90
rm -f module_alloc_space_5.b module_alloc_space_5.bb
time mpif90 -f90=ifort -c -real-size `expr 8 \* 4` -i4  -O0 -fno-inline -no-ip -ip -fp-model precise -w -ftz -align all -fno-alias -FR -convert big_endian   -I../dyn_em  -I/home/onishi/WRF/external/esmf_time_f90  -I/home/onishi/WRF/main -I/home/onishi/WRF/external/io_netcdf -I/home/onishi/WRF/external/io_int -I/home/onishi/WRF/frame -I/home/onishi/WRF/share -I/home/onishi/WRF/phys -I/home/onishi/WRF/wrftladj -I/home/onishi/WRF/chem -I/home/onishi/WRF/inc -I/home/onishi/NETCDF_DIR2//include   module_alloc_space_5.f90
1.50user 0.11system 0:01.65elapsed 97%CPU (0avgtext+0avgdata 68956maxresident)k
88inputs+3928outputs (0major+14491minor)pagefaults 0swaps
rm -f module_alloc_space_6.o
/lib/cpp -P -nostdinc -I/home/onishi/WRF/external/ioapi_share -I/home/onishi/WRF/inc -DEM_CORE=1 -DNMM_CORE=0 -DNMM_MAX_DIM=2600 -DDA_CORE=0 -DWRFPLUS=0 -DIWORDSIZE=4 -DDWORDSIZE=8 -DRWORDSIZE=4 -DLWORDSIZE=4 -DNONSTANDARD_SYSTEM_FUNC  -DWRF_USE_CLM -DUSE_NETCDF4_FEATURES -DWRFIO_NCD_LARGE_FILE_SUPPORT  -DDM_PARALLEL -DNETCDF -DGRIB2 -DHDF5 -DLANDREAD_STUB=1 -DUSE_ALLOCATABLES -Dwrfmodel -DGRIB1 -DINTIO -DKEEP_INT_AROUND -DLIMIT_ARGS -DBUILD_RRTMG_FAST=0 -DBUILD_RRTMK=0 -DBUILD_SBM_FAST=1 -DSHOW_ALL_VARS_USED=0 -DCONFIG_BUF_LEN=65536 -DMAX_DOMAINS_F=21 -DMAX_HISTORY=25 -DNMM_NEST=0 -DWRF_CHEM -DBUILD_CHEM=1 -DWRF_KPP -I. -traditional-cpp -DUSE_NETCDF4_FEATURES -DWRFIO_NCD_LARGE_FILE_SUPPORT   module_alloc_space_6.F  > module_alloc_space_6.bb
/home/onishi/WRF/tools/standard.exe module_alloc_space_6.bb | /lib/cpp -P -nostdinc -I/home/onishi/WRF/external/ioapi_share -traditional-cpp -DUSE_NETCDF4_FEATURES -DWRFIO_NCD_LARGE_FILE_SUPPORT > module_alloc_space_6.f90
rm -f module_alloc_space_6.b module_alloc_space_6.bb
time mpif90 -f90=ifort -c -real-size `expr 8 \* 4` -i4  -O0 -fno-inline -no-ip -ip -fp-model precise -w -ftz -align all -fno-alias -FR -convert big_endian   -I../dyn_em  -I/home/onishi/WRF/external/esmf_time_f90  -I/home/onishi/WRF/main -I/home/onishi/WRF/external/io_netcdf -I/home/onishi/WRF/external/io_int -I/home/onishi/WRF/frame -I/home/onishi/WRF/share -I/home/onishi/WRF/phys -I/home/onishi/WRF/wrftladj -I/home/onishi/WRF/chem -I/home/onishi/WRF/inc -I/home/onishi/NETCDF_DIR2//include   module_alloc_space_6.f90
63.24user 1.23system 1:04.53elapsed 99%CPU (0avgtext+0avgdata 617112maxresident)k
3440inputs+59512outputs (0major+216120minor)pagefaults 0swaps
rm -f module_alloc_space_7.o
/lib/cpp -P -nostdinc -I/home/onishi/WRF/external/ioapi_share -I/home/onishi/WRF/inc -DEM_CORE=1 -DNMM_CORE=0 -DNMM_MAX_DIM=2600 -DDA_CORE=0 -DWRFPLUS=0 -DIWORDSIZE=4 -DDWORDSIZE=8 -DRWORDSIZE=4 -DLWORDSIZE=4 -DNONSTANDARD_SYSTEM_FUNC  -DWRF_USE_CLM -DUSE_NETCDF4_FEATURES -DWRFIO_NCD_LARGE_FILE_SUPPORT  -DDM_PARALLEL -DNETCDF -DGRIB2 -DHDF5 -DLANDREAD_STUB=1 -DUSE_ALLOCATABLES -Dwrfmodel -DGRIB1 -DINTIO -DKEEP_INT_AROUND -DLIMIT_ARGS -DBUILD_RRTMG_FAST=0 -DBUILD_RRTMK=0 -DBUILD_SBM_FAST=1 -DSHOW_ALL_VARS_USED=0 -DCONFIG_BUF_LEN=65536 -DMAX_DOMAINS_F=21 -DMAX_HISTORY=25 -DNMM_NEST=0 -DWRF_CHEM -DBUILD_CHEM=1 -DWRF_KPP -I. -traditional-cpp -DUSE_NETCDF4_FEATURES -DWRFIO_NCD_LARGE_FILE_SUPPORT   module_alloc_space_7.F  > module_alloc_space_7.bb
/home/onishi/WRF/tools/standard.exe module_alloc_space_7.bb | /lib/cpp -P -nostdinc -I/home/onishi/WRF/external/ioapi_share -traditional-cpp -DUSE_NETCDF4_FEATURES -DWRFIO_NCD_LARGE_FILE_SUPPORT > module_alloc_space_7.f90
rm -f module_alloc_space_7.b module_alloc_space_7.bb
time mpif90 -f90=ifort -c -real-size `expr 8 \* 4` -i4  -O0 -fno-inline -no-ip -ip -fp-model precise -w -ftz -align all -fno-alias -FR -convert big_endian   -I../dyn_em  -I/home/onishi/WRF/external/esmf_time_f90  -I/home/onishi/WRF/main -I/home/onishi/WRF/external/io_netcdf -I/home/onishi/WRF/external/io_int -I/home/onishi/WRF/frame -I/home/onishi/WRF/share -I/home/onishi/WRF/phys -I/home/onishi/WRF/wrftladj -I/home/onishi/WRF/chem -I/home/onishi/WRF/inc -I/home/onishi/NETCDF_DIR2//include   module_alloc_space_7.f90
36.44user 0.67system 0:37.17elapsed 99%CPU (0avgtext+0avgdata 386556maxresident)k
2048inputs+35872outputs (0major+112111minor)pagefaults 0swaps
rm -f module_alloc_space_8.o
/lib/cpp -P -nostdinc -I/home/onishi/WRF/external/ioapi_share -I/home/onishi/WRF/inc -DEM_CORE=1 -DNMM_CORE=0 -DNMM_MAX_DIM=2600 -DDA_CORE=0 -DWRFPLUS=0 -DIWORDSIZE=4 -DDWORDSIZE=8 -DRWORDSIZE=4 -DLWORDSIZE=4 -DNONSTANDARD_SYSTEM_FUNC  -DWRF_USE_CLM -DUSE_NETCDF4_FEATURES -DWRFIO_NCD_LARGE_FILE_SUPPORT  -DDM_PARALLEL -DNETCDF -DGRIB2 -DHDF5 -DLANDREAD_STUB=1 -DUSE_ALLOCATABLES -Dwrfmodel -DGRIB1 -DINTIO -DKEEP_INT_AROUND -DLIMIT_ARGS -DBUILD_RRTMG_FAST=0 -DBUILD_RRTMK=0 -DBUILD_SBM_FAST=1 -DSHOW_ALL_VARS_USED=0 -DCONFIG_BUF_LEN=65536 -DMAX_DOMAINS_F=21 -DMAX_HISTORY=25 -DNMM_NEST=0 -DWRF_CHEM -DBUILD_CHEM=1 -DWRF_KPP -I. -traditional-cpp -DUSE_NETCDF4_FEATURES -DWRFIO_NCD_LARGE_FILE_SUPPORT   module_alloc_space_8.F  > module_alloc_space_8.bb
/home/onishi/WRF/tools/standard.exe module_alloc_space_8.bb | /lib/cpp -P -nostdinc -I/home/onishi/WRF/external/ioapi_share -traditional-cpp -DUSE_NETCDF4_FEATURES -DWRFIO_NCD_LARGE_FILE_SUPPORT > module_alloc_space_8.f90
rm -f module_alloc_space_8.b module_alloc_space_8.bb
time mpif90 -f90=ifort -c -real-size `expr 8 \* 4` -i4  -O0 -fno-inline -no-ip -ip -fp-model precise -w -ftz -align all -fno-alias -FR -convert big_endian   -I../dyn_em  -I/home/onishi/WRF/external/esmf_time_f90  -I/home/onishi/WRF/main -I/home/onishi/WRF/external/io_netcdf -I/home/onishi/WRF/external/io_int -I/home/onishi/WRF/frame -I/home/onishi/WRF/share -I/home/onishi/WRF/phys -I/home/onishi/WRF/wrftladj -I/home/onishi/WRF/chem -I/home/onishi/WRF/inc -I/home/onishi/NETCDF_DIR2//include   module_alloc_space_8.f90
0.36user 0.10system 0:00.50elapsed 91%CPU (0avgtext+0avgdata 63588maxresident)k
24inputs+3560outputs (0major+13623minor)pagefaults 0swaps
rm -f module_alloc_space_9.o
/lib/cpp -P -nostdinc -I/home/onishi/WRF/external/ioapi_share -I/home/onishi/WRF/inc -DEM_CORE=1 -DNMM_CORE=0 -DNMM_MAX_DIM=2600 -DDA_CORE=0 -DWRFPLUS=0 -DIWORDSIZE=4 -DDWORDSIZE=8 -DRWORDSIZE=4 -DLWORDSIZE=4 -DNONSTANDARD_SYSTEM_FUNC  -DWRF_USE_CLM -DUSE_NETCDF4_FEATURES -DWRFIO_NCD_LARGE_FILE_SUPPORT  -DDM_PARALLEL -DNETCDF -DGRIB2 -DHDF5 -DLANDREAD_STUB=1 -DUSE_ALLOCATABLES -Dwrfmodel -DGRIB1 -DINTIO -DKEEP_INT_AROUND -DLIMIT_ARGS -DBUILD_RRTMG_FAST=0 -DBUILD_RRTMK=0 -DBUILD_SBM_FAST=1 -DSHOW_ALL_VARS_USED=0 -DCONFIG_BUF_LEN=65536 -DMAX_DOMAINS_F=21 -DMAX_HISTORY=25 -DNMM_NEST=0 -DWRF_CHEM -DBUILD_CHEM=1 -DWRF_KPP -I. -traditional-cpp -DUSE_NETCDF4_FEATURES -DWRFIO_NCD_LARGE_FILE_SUPPORT   module_alloc_space_9.F  > module_alloc_space_9.bb
/home/onishi/WRF/tools/standard.exe module_alloc_space_9.bb | /lib/cpp -P -nostdinc -I/home/onishi/WRF/external/ioapi_share -traditional-cpp -DUSE_NETCDF4_FEATURES -DWRFIO_NCD_LARGE_FILE_SUPPORT > module_alloc_space_9.f90
rm -f module_alloc_space_9.b module_alloc_space_9.bb
time mpif90 -f90=ifort -c -real-size `expr 8 \* 4` -i4  -O0 -fno-inline -no-ip -ip -fp-model precise -w -ftz -align all -fno-alias -FR -convert big_endian   -I../dyn_em  -I/home/onishi/WRF/external/esmf_time_f90  -I/home/onishi/WRF/main -I/home/onishi/WRF/external/io_netcdf -I/home/onishi/WRF/external/io_int -I/home/onishi/WRF/frame -I/home/onishi/WRF/share -I/home/onishi/WRF/phys -I/home/onishi/WRF/wrftladj -I/home/onishi/WRF/chem -I/home/onishi/WRF/inc -I/home/onishi/NETCDF_DIR2//include   module_alloc_space_9.f90
0.36user 0.09system 0:00.50elapsed 91%CPU (0avgtext+0avgdata 63480maxresident)k
24inputs+3560outputs (0major+13629minor)pagefaults 0swaps
/lib/cpp -P -nostdinc -I/home/onishi/WRF/external/ioapi_share -DNNN=0 -I../inc -DNL_get_ROUTINES nl_access_routines.F > yy0.f90
time mpif90 -f90=ifort -o nl_get_0_routines.o -c -real-size `expr 8 \* 4` -i4 -O0 -fno-inline -no-ip -ip -fp-model precise -w -ftz -align all -fno-alias -FR -convert big_endian  -I../dyn_em  -I/home/onishi/WRF/external/esmf_time_f90  -I/home/onishi/WRF/main -I/home/onishi/WRF/external/io_netcdf -I/home/onishi/WRF/external/io_int -I/home/onishi/WRF/frame -I/home/onishi/WRF/share -I/home/onishi/WRF/phys -I/home/onishi/WRF/wrftladj -I/home/onishi/WRF/chem -I/home/onishi/WRF/inc -I/home/onishi/NETCDF_DIR2//include   yy0.f90
9.87user 2.56system 0:12.50elapsed 99%CPU (0avgtext+0avgdata 683308maxresident)k
160inputs+560outputs (0major+380218minor)pagefaults 0swaps
/lib/cpp -P -nostdinc -I/home/onishi/WRF/external/ioapi_share -DNNN=1 -I../inc -DNL_get_ROUTINES nl_access_routines.F > yy1.f90
time mpif90 -f90=ifort -o nl_get_1_routines.o -c -real-size `expr 8 \* 4` -i4 -O0 -fno-inline -no-ip -ip -fp-model precise -w -ftz -align all -fno-alias -FR -convert big_endian  -I../dyn_em  -I/home/onishi/WRF/external/esmf_time_f90  -I/home/onishi/WRF/main -I/home/onishi/WRF/external/io_netcdf -I/home/onishi/WRF/external/io_int -I/home/onishi/WRF/frame -I/home/onishi/WRF/share -I/home/onishi/WRF/phys -I/home/onishi/WRF/wrftladj -I/home/onishi/WRF/chem -I/home/onishi/WRF/inc -I/home/onishi/NETCDF_DIR2//include   yy1.f90
9.78user 2.46system 0:12.31elapsed 99%CPU (0avgtext+0avgdata 683604maxresident)k
152inputs+528outputs (0major+380322minor)pagefaults 0swaps
/lib/cpp -P -nostdinc -I/home/onishi/WRF/external/ioapi_share -DNNN=2 -I../inc -DNL_get_ROUTINES nl_access_routines.F > yy2.f90
time mpif90 -f90=ifort -o nl_get_2_routines.o -c -real-size `expr 8 \* 4` -i4 -O0 -fno-inline -no-ip -ip -fp-model precise -w -ftz -align all -fno-alias -FR -convert big_endian  -I../dyn_em  -I/home/onishi/WRF/external/esmf_time_f90  -I/home/onishi/WRF/main -I/home/onishi/WRF/external/io_netcdf -I/home/onishi/WRF/external/io_int -I/home/onishi/WRF/frame -I/home/onishi/WRF/share -I/home/onishi/WRF/phys -I/home/onishi/WRF/wrftladj -I/home/onishi/WRF/chem -I/home/onishi/WRF/inc -I/home/onishi/NETCDF_DIR2//include   yy2.f90
9.68user 2.67system 0:12.41elapsed 99%CPU (0avgtext+0avgdata 683372maxresident)k
152inputs+544outputs (0major+380184minor)pagefaults 0swaps
/lib/cpp -P -nostdinc -I/home/onishi/WRF/external/ioapi_share -DNNN=3 -I../inc -DNL_get_ROUTINES nl_access_routines.F > yy3.f90
time mpif90 -f90=ifort -o nl_get_3_routines.o -c -real-size `expr 8 \* 4` -i4 -O0 -fno-inline -no-ip -ip -fp-model precise -w -ftz -align all -fno-alias -FR -convert big_endian  -I../dyn_em  -I/home/onishi/WRF/external/esmf_time_f90  -I/home/onishi/WRF/main -I/home/onishi/WRF/external/io_netcdf -I/home/onishi/WRF/external/io_int -I/home/onishi/WRF/frame -I/home/onishi/WRF/share -I/home/onishi/WRF/phys -I/home/onishi/WRF/wrftladj -I/home/onishi/WRF/chem -I/home/onishi/WRF/inc -I/home/onishi/NETCDF_DIR2//include   yy3.f90
59.13user 1.34system 1:00.53elapsed 99%CPU (0avgtext+0avgdata 580564maxresident)k
3280inputs+55840outputs (0major+202229minor)pagefaults 0swaps
/lib/cpp -P -nostdinc -I/home/onishi/WRF/external/ioapi_share -DNNN=4 -I../inc -DNL_get_ROUTINES nl_access_routines.F > yy4.f90
time mpif90 -f90=ifort -o nl_get_4_routines.o -c -real-size `expr 8 \* 4` -i4 -O0 -fno-inline -no-ip -ip -fp-model precise -w -ftz -align all -fno-alias -FR -convert big_endian  -I../dyn_em  -I/home/onishi/WRF/external/esmf_time_f90  -I/home/onishi/WRF/main -I/home/onishi/WRF/external/io_netcdf -I/home/onishi/WRF/external/io_int -I/home/onishi/WRF/frame -I/home/onishi/WRF/share -I/home/onishi/WRF/phys -I/home/onishi/WRF/wrftladj -I/home/onishi/WRF/chem -I/home/onishi/WRF/inc -I/home/onishi/NETCDF_DIR2//include   yy4.f90
10.33user 2.44system 0:12.84elapsed 99%CPU (0avgtext+0avgdata 683000maxresident)k
168inputs+624outputs (0major+380212minor)pagefaults 0swaps
/lib/cpp -P -nostdinc -I/home/onishi/WRF/external/ioapi_share -DNNN=5 -I../inc -DNL_get_ROUTINES nl_access_routines.F > yy5.f90
time mpif90 -f90=ifort -o nl_get_5_routines.o -c -real-size `expr 8 \* 4` -i4 -O0 -fno-inline -no-ip -ip -fp-model precise -w -ftz -align all -fno-alias -FR -convert big_endian  -I../dyn_em  -I/home/onishi/WRF/external/esmf_time_f90  -I/home/onishi/WRF/main -I/home/onishi/WRF/external/io_netcdf -I/home/onishi/WRF/external/io_int -I/home/onishi/WRF/frame -I/home/onishi/WRF/share -I/home/onishi/WRF/phys -I/home/onishi/WRF/wrftladj -I/home/onishi/WRF/chem -I/home/onishi/WRF/inc -I/home/onishi/NETCDF_DIR2//include   yy5.f90
10.43user 2.41system 0:12.89elapsed 99%CPU (0avgtext+0avgdata 683048maxresident)k
176inputs+624outputs (0major+380181minor)pagefaults 0swaps
/lib/cpp -P -nostdinc -I/home/onishi/WRF/external/ioapi_share -DNNN=6 -I../inc -DNL_get_ROUTINES nl_access_routines.F > yy6.f90
time mpif90 -f90=ifort -o nl_get_6_routines.o -c -real-size `expr 8 \* 4` -i4 -O0 -fno-inline -no-ip -ip -fp-model precise -w -ftz -align all -fno-alias -FR -convert big_endian  -I../dyn_em  -I/home/onishi/WRF/external/esmf_time_f90  -I/home/onishi/WRF/main -I/home/onishi/WRF/external/io_netcdf -I/home/onishi/WRF/external/io_int -I/home/onishi/WRF/frame -I/home/onishi/WRF/share -I/home/onishi/WRF/phys -I/home/onishi/WRF/wrftladj -I/home/onishi/WRF/chem -I/home/onishi/WRF/inc -I/home/onishi/NETCDF_DIR2//include   yy6.f90
10.31user 2.52system 0:12.89elapsed 99%CPU (0avgtext+0avgdata 683364maxresident)k
176inputs+624outputs (0major+380252minor)pagefaults 0swaps
/lib/cpp -P -nostdinc -I/home/onishi/WRF/external/ioapi_share -DNNN=7 -I../inc -DNL_get_ROUTINES nl_access_routines.F > yy7.f90
time mpif90 -f90=ifort -o nl_get_7_routines.o -c -real-size `expr 8 \* 4` -i4 -O0 -fno-inline -no-ip -ip -fp-model precise -w -ftz -align all -fno-alias -FR -convert big_endian  -I../dyn_em  -I/home/onishi/WRF/external/esmf_time_f90  -I/home/onishi/WRF/main -I/home/onishi/WRF/external/io_netcdf -I/home/onishi/WRF/external/io_int -I/home/onishi/WRF/frame -I/home/onishi/WRF/share -I/home/onishi/WRF/phys -I/home/onishi/WRF/wrftladj -I/home/onishi/WRF/chem -I/home/onishi/WRF/inc -I/home/onishi/NETCDF_DIR2//include   yy7.f90
10.19user 2.60system 0:12.84elapsed 99%CPU (0avgtext+0avgdata 683688maxresident)k
176inputs+608outputs (0major+380295minor)pagefaults 0swaps
/lib/cpp -P -nostdinc -I/home/onishi/WRF/external/ioapi_share -DNNN=0 -I../inc -DNL_set_ROUTINES nl_access_routines.F > xx0.f90
time mpif90 -f90=ifort -o nl_set_0_routines.o -c -real-size `expr 8 \* 4` -i4 -O0 -fno-inline -no-ip -ip -fp-model precise -w -ftz -align all -fno-alias -FR -convert big_endian  -I../dyn_em  -I/home/onishi/WRF/external/esmf_time_f90  -I/home/onishi/WRF/main -I/home/onishi/WRF/external/io_netcdf -I/home/onishi/WRF/external/io_int -I/home/onishi/WRF/frame -I/home/onishi/WRF/share -I/home/onishi/WRF/phys -I/home/onishi/WRF/wrftladj -I/home/onishi/WRF/chem -I/home/onishi/WRF/inc -I/home/onishi/NETCDF_DIR2//include   xx0.f90
9.96user 2.43system 0:12.46elapsed 99%CPU (0avgtext+0avgdata 672004maxresident)k
160inputs+552outputs (0major+370500minor)pagefaults 0swaps
/lib/cpp -P -nostdinc -I/home/onishi/WRF/external/ioapi_share -DNNN=1 -I../inc -DNL_set_ROUTINES nl_access_routines.F > xx1.f90
time mpif90 -f90=ifort -o nl_set_1_routines.o -c -real-size `expr 8 \* 4` -i4 -O0 -fno-inline -no-ip -ip -fp-model precise -w -ftz -align all -fno-alias -FR -convert big_endian  -I../dyn_em  -I/home/onishi/WRF/external/esmf_time_f90  -I/home/onishi/WRF/main -I/home/onishi/WRF/external/io_netcdf -I/home/onishi/WRF/external/io_int -I/home/onishi/WRF/frame -I/home/onishi/WRF/share -I/home/onishi/WRF/phys -I/home/onishi/WRF/wrftladj -I/home/onishi/WRF/chem -I/home/onishi/WRF/inc -I/home/onishi/NETCDF_DIR2//include   xx1.f90
10.26user 2.44system 0:12.76elapsed 99%CPU (0avgtext+0avgdata 683380maxresident)k
152inputs+560outputs (0major+380214minor)pagefaults 0swaps
/lib/cpp -P -nostdinc -I/home/onishi/WRF/external/ioapi_share -DNNN=2 -I../inc -DNL_set_ROUTINES nl_access_routines.F > xx2.f90
time mpif90 -f90=ifort -o nl_set_2_routines.o -c -real-size `expr 8 \* 4` -i4 -O0 -fno-inline -no-ip -ip -fp-model precise -w -ftz -align all -fno-alias -FR -convert big_endian  -I../dyn_em  -I/home/onishi/WRF/external/esmf_time_f90  -I/home/onishi/WRF/main -I/home/onishi/WRF/external/io_netcdf -I/home/onishi/WRF/external/io_int -I/home/onishi/WRF/frame -I/home/onishi/WRF/share -I/home/onishi/WRF/phys -I/home/onishi/WRF/wrftladj -I/home/onishi/WRF/chem -I/home/onishi/WRF/inc -I/home/onishi/NETCDF_DIR2//include   xx2.f90
10.02user 2.50system 0:12.59elapsed 99%CPU (0avgtext+0avgdata 683792maxresident)k
152inputs+528outputs (0major+380321minor)pagefaults 0swaps
/lib/cpp -P -nostdinc -I/home/onishi/WRF/external/ioapi_share -DNNN=3 -I../inc -DNL_set_ROUTINES nl_access_routines.F > xx3.f90
time mpif90 -f90=ifort -o nl_set_3_routines.o -c -real-size `expr 8 \* 4` -i4 -O0 -fno-inline -no-ip -ip -fp-model precise -w -ftz -align all -fno-alias -FR -convert big_endian  -I../dyn_em  -I/home/onishi/WRF/external/esmf_time_f90  -I/home/onishi/WRF/main -I/home/onishi/WRF/external/io_netcdf -I/home/onishi/WRF/external/io_int -I/home/onishi/WRF/frame -I/home/onishi/WRF/share -I/home/onishi/WRF/phys -I/home/onishi/WRF/wrftladj -I/home/onishi/WRF/chem -I/home/onishi/WRF/inc -I/home/onishi/NETCDF_DIR2//include   xx3.f90
10.12user 2.50system 0:12.69elapsed 99%CPU (0avgtext+0avgdata 683352maxresident)k
152inputs+544outputs (0major+380195minor)pagefaults 0swaps
/lib/cpp -P -nostdinc -I/home/onishi/WRF/external/ioapi_share -DNNN=4 -I../inc -DNL_set_ROUTINES nl_access_routines.F > xx4.f90
time mpif90 -f90=ifort -o nl_set_4_routines.o -c -real-size `expr 8 \* 4` -i4 -O0 -fno-inline -no-ip -ip -fp-model precise -w -ftz -align all -fno-alias -FR -convert big_endian  -I../dyn_em  -I/home/onishi/WRF/external/esmf_time_f90  -I/home/onishi/WRF/main -I/home/onishi/WRF/external/io_netcdf -I/home/onishi/WRF/external/io_int -I/home/onishi/WRF/frame -I/home/onishi/WRF/share -I/home/onishi/WRF/phys -I/home/onishi/WRF/wrftladj -I/home/onishi/WRF/chem -I/home/onishi/WRF/inc -I/home/onishi/NETCDF_DIR2//include   xx4.f90
10.11user 2.74system 0:12.91elapsed 99%CPU (0avgtext+0avgdata 683020maxresident)k
168inputs+624outputs (0major+380223minor)pagefaults 0swaps
/lib/cpp -P -nostdinc -I/home/onishi/WRF/external/ioapi_share -DNNN=5 -I../inc -DNL_set_ROUTINES nl_access_routines.F > xx5.f90
time mpif90 -f90=ifort -o nl_set_5_routines.o -c -real-size `expr 8 \* 4` -i4 -O0 -fno-inline -no-ip -ip -fp-model precise -w -ftz -align all -fno-alias -FR -convert big_endian  -I../dyn_em  -I/home/onishi/WRF/external/esmf_time_f90  -I/home/onishi/WRF/main -I/home/onishi/WRF/external/io_netcdf -I/home/onishi/WRF/external/io_int -I/home/onishi/WRF/frame -I/home/onishi/WRF/share -I/home/onishi/WRF/phys -I/home/onishi/WRF/wrftladj -I/home/onishi/WRF/chem -I/home/onishi/WRF/inc -I/home/onishi/NETCDF_DIR2//include   xx5.f90
10.32user 2.60system 0:12.98elapsed 99%CPU (0avgtext+0avgdata 683028maxresident)k
176inputs+624outputs (0major+380192minor)pagefaults 0swaps
/lib/cpp -P -nostdinc -I/home/onishi/WRF/external/ioapi_share -DNNN=6 -I../inc -DNL_set_ROUTINES nl_access_routines.F > xx6.f90
time mpif90 -f90=ifort -o nl_set_6_routines.o -c -real-size `expr 8 \* 4` -i4 -O0 -fno-inline -no-ip -ip -fp-model precise -w -ftz -align all -fno-alias -FR -convert big_endian  -I../dyn_em  -I/home/onishi/WRF/external/esmf_time_f90  -I/home/onishi/WRF/main -I/home/onishi/WRF/external/io_netcdf -I/home/onishi/WRF/external/io_int -I/home/onishi/WRF/frame -I/home/onishi/WRF/share -I/home/onishi/WRF/phys -I/home/onishi/WRF/wrftladj -I/home/onishi/WRF/chem -I/home/onishi/WRF/inc -I/home/onishi/NETCDF_DIR2//include   xx6.f90
10.56user 2.49system 0:13.10elapsed 99%CPU (0avgtext+0avgdata 683380maxresident)k
176inputs+624outputs (0major+380246minor)pagefaults 0swaps
/lib/cpp -P -nostdinc -I/home/onishi/WRF/external/ioapi_share -DNNN=7 -I../inc -DNL_set_ROUTINES nl_access_routines.F > xx7.f90
time mpif90 -f90=ifort -o nl_set_7_routines.o -c -real-size `expr 8 \* 4` -i4 -O0 -fno-inline -no-ip -ip -fp-model precise -w -ftz -align all -fno-alias -FR -convert big_endian  -I../dyn_em  -I/home/onishi/WRF/external/esmf_time_f90  -I/home/onishi/WRF/main -I/home/onishi/WRF/external/io_netcdf -I/home/onishi/WRF/external/io_int -I/home/onishi/WRF/frame -I/home/onishi/WRF/share -I/home/onishi/WRF/phys -I/home/onishi/WRF/wrftladj -I/home/onishi/WRF/chem -I/home/onishi/WRF/inc -I/home/onishi/NETCDF_DIR2//include   xx7.f90
10.45user 2.59system 0:13.10elapsed 99%CPU (0avgtext+0avgdata 683740maxresident)k
176inputs+608outputs (0major+380303minor)pagefaults 0swaps
rm -f module_domain.o
/lib/cpp -P -nostdinc -I/home/onishi/WRF/external/ioapi_share -I/home/onishi/WRF/inc -DEM_CORE=1 -DNMM_CORE=0 -DNMM_MAX_DIM=2600 -DDA_CORE=0 -DWRFPLUS=0 -DIWORDSIZE=4 -DDWORDSIZE=8 -DRWORDSIZE=4 -DLWORDSIZE=4 -DNONSTANDARD_SYSTEM_FUNC  -DWRF_USE_CLM -DUSE_NETCDF4_FEATURES -DWRFIO_NCD_LARGE_FILE_SUPPORT  -DDM_PARALLEL -DNETCDF -DGRIB2 -DHDF5 -DLANDREAD_STUB=1 -DUSE_ALLOCATABLES -Dwrfmodel -DGRIB1 -DINTIO -DKEEP_INT_AROUND -DLIMIT_ARGS -DBUILD_RRTMG_FAST=0 -DBUILD_RRTMK=0 -DBUILD_SBM_FAST=1 -DSHOW_ALL_VARS_USED=0 -DCONFIG_BUF_LEN=65536 -DMAX_DOMAINS_F=21 -DMAX_HISTORY=25 -DNMM_NEST=0 -DWRF_CHEM -DBUILD_CHEM=1 -DWRF_KPP -I. -traditional-cpp -DUSE_NETCDF4_FEATURES -DWRFIO_NCD_LARGE_FILE_SUPPORT   module_domain.F  > module_domain.bb
/home/onishi/WRF/tools/standard.exe module_domain.bb | /lib/cpp -P -nostdinc -I/home/onishi/WRF/external/ioapi_share -traditional-cpp -DUSE_NETCDF4_FEATURES -DWRFIO_NCD_LARGE_FILE_SUPPORT > module_domain.f90
rm -f module_domain.b module_domain.bb
time mpif90 -f90=ifort -c -real-size `expr 8 \* 4` -i4  -O0 -fno-inline -no-ip -ip -fp-model precise -w -ftz -align all -fno-alias -FR -convert big_endian   -I../dyn_em  -I/home/onishi/WRF/external/esmf_time_f90  -I/home/onishi/WRF/main -I/home/onishi/WRF/external/io_netcdf -I/home/onishi/WRF/external/io_int -I/home/onishi/WRF/frame -I/home/onishi/WRF/share -I/home/onishi/WRF/phys -I/home/onishi/WRF/wrftladj -I/home/onishi/WRF/chem -I/home/onishi/WRF/inc -I/home/onishi/NETCDF_DIR2//include   module_domain.f90
9.83user 2.56system 0:12.45elapsed 99%CPU (0avgtext+0avgdata 671988maxresident)k
160inputs+552outputs (0major+370491minor)pagefaults 0swaps
26.29user 0.88system 0:27.27elapsed 99%CPU (0avgtext+0avgdata 508784maxresident)k
34320inputs+44080outputs (0major+161910minor)pagefaults 0swaps
rm -f module_nesting.o
rm -f module_cpl_oasis3.o
sed -e "s/^\!.*'.*//" -e "s/^ *\!.*'.*//" module_nesting.F > module_nesting.G
sed -e "s/^\!.*'.*//" -e "s/^ *\!.*'.*//" module_cpl_oasis3.F > module_cpl_oasis3.G
/lib/cpp -P -nostdinc -I/home/onishi/WRF/external/ioapi_share -I/home/onishi/WRF/inc -DEM_CORE=1 -DNMM_CORE=0 -DNMM_MAX_DIM=2600 -DDA_CORE=0 -DWRFPLUS=0 -DIWORDSIZE=4 -DDWORDSIZE=8 -DRWORDSIZE=4 -DLWORDSIZE=4 -DNONSTANDARD_SYSTEM_FUNC  -DWRF_USE_CLM -DUSE_NETCDF4_FEATURES -DWRFIO_NCD_LARGE_FILE_SUPPORT  -DDM_PARALLEL -DNETCDF -DGRIB2 -DHDF5 -DLANDREAD_STUB=1 -DUSE_ALLOCATABLES -Dwrfmodel -DGRIB1 -DINTIO -DKEEP_INT_AROUND -DLIMIT_ARGS -DBUILD_RRTMG_FAST=0 -DBUILD_RRTMK=0 -DBUILD_SBM_FAST=1 -DSHOW_ALL_VARS_USED=0 -DCONFIG_BUF_LEN=65536 -DMAX_DOMAINS_F=21 -DMAX_HISTORY=25 -DNMM_NEST=0 -DWRF_CHEM -DBUILD_CHEM=1 -DWRF_KPP -I. -traditional-cpp -DUSE_NETCDF4_FEATURES -DWRFIO_NCD_LARGE_FILE_SUPPORT   module_nesting.G  > module_nesting.bb
/lib/cpp -P -nostdinc -I/home/onishi/WRF/external/ioapi_share -I/home/onishi/WRF/inc -DEM_CORE=1 -DNMM_CORE=0 -DNMM_MAX_DIM=2600 -DDA_CORE=0 -DWRFPLUS=0 -DIWORDSIZE=4 -DDWORDSIZE=8 -DRWORDSIZE=4 -DLWORDSIZE=4 -DNONSTANDARD_SYSTEM_FUNC  -DWRF_USE_CLM -DUSE_NETCDF4_FEATURES -DWRFIO_NCD_LARGE_FILE_SUPPORT  -DDM_PARALLEL -DNETCDF -DGRIB2 -DHDF5 -DLANDREAD_STUB=1 -DUSE_ALLOCATABLES -Dwrfmodel -DGRIB1 -DINTIO -DKEEP_INT_AROUND -DLIMIT_ARGS -DBUILD_RRTMG_FAST=0 -DBUILD_RRTMK=0 -DBUILD_SBM_FAST=1 -DSHOW_ALL_VARS_USED=0 -DCONFIG_BUF_LEN=65536 -DMAX_DOMAINS_F=21 -DMAX_HISTORY=25 -DNMM_NEST=0 -DWRF_CHEM -DBUILD_CHEM=1 -DWRF_KPP -I. -traditional-cpp -DUSE_NETCDF4_FEATURES -DWRFIO_NCD_LARGE_FILE_SUPPORT   module_cpl_oasis3.G  > module_cpl_oasis3.bb
/home/onishi/WRF/tools/standard.exe module_nesting.bb | /lib/cpp -P -nostdinc -I/home/onishi/WRF/external/ioapi_share -traditional-cpp -DUSE_NETCDF4_FEATURES -DWRFIO_NCD_LARGE_FILE_SUPPORT > module_nesting.f90
/home/onishi/WRF/tools/standard.exe module_cpl_oasis3.bb | /lib/cpp -P -nostdinc -I/home/onishi/WRF/external/ioapi_share -traditional-cpp -DUSE_NETCDF4_FEATURES -DWRFIO_NCD_LARGE_FILE_SUPPORT > module_cpl_oasis3.f90
rm -f module_nesting.G module_nesting.bb
rm -f module_cpl_oasis3.G module_cpl_oasis3.bb
time mpif90 -f90=ifort -o module_nesting.o -c -O3 -ip -fp-model precise -w -ftz -align all -fno-alias -FR -convert big_endian    -I../dyn_em  -I/home/onishi/WRF/external/esmf_time_f90  -I/home/onishi/WRF/main -I/home/onishi/WRF/external/io_netcdf -I/home/onishi/WRF/external/io_int -I/home/onishi/WRF/frame -I/home/onishi/WRF/share -I/home/onishi/WRF/phys -I/home/onishi/WRF/wrftladj -I/home/onishi/WRF/chem -I/home/onishi/WRF/inc -I/home/onishi/NETCDF_DIR2//include  -real-size `expr 8 \* 4` -i4  module_nesting.f90
time mpif90 -f90=ifort -o module_cpl_oasis3.o -c -O3 -ip -fp-model precise -w -ftz -align all -fno-alias -FR -convert big_endian    -I../dyn_em  -I/home/onishi/WRF/external/esmf_time_f90  -I/home/onishi/WRF/main -I/home/onishi/WRF/external/io_netcdf -I/home/onishi/WRF/external/io_int -I/home/onishi/WRF/frame -I/home/onishi/WRF/share -I/home/onishi/WRF/phys -I/home/onishi/WRF/wrftladj -I/home/onishi/WRF/chem -I/home/onishi/WRF/inc -I/home/onishi/NETCDF_DIR2//include  -real-size `expr 8 \* 4` -i4  module_cpl_oasis3.f90
0.49user 0.11system 0:00.66elapsed 91%CPU (0avgtext+0avgdata 63932maxresident)k
8inputs+2712outputs (21major+12487minor)pagefaults 0swaps
rm -f module_comm_nesting_dm.o
/lib/cpp -P -nostdinc -I/home/onishi/WRF/external/ioapi_share -I/home/onishi/WRF/inc -DEM_CORE=1 -DNMM_CORE=0 -DNMM_MAX_DIM=2600 -DDA_CORE=0 -DWRFPLUS=0 -DIWORDSIZE=4 -DDWORDSIZE=8 -DRWORDSIZE=4 -DLWORDSIZE=4 -DNONSTANDARD_SYSTEM_FUNC  -DWRF_USE_CLM -DUSE_NETCDF4_FEATURES -DWRFIO_NCD_LARGE_FILE_SUPPORT  -DDM_PARALLEL -DNETCDF -DGRIB2 -DHDF5 -DLANDREAD_STUB=1 -DUSE_ALLOCATABLES -Dwrfmodel -DGRIB1 -DINTIO -DKEEP_INT_AROUND -DLIMIT_ARGS -DBUILD_RRTMG_FAST=0 -DBUILD_RRTMK=0 -DBUILD_SBM_FAST=1 -DSHOW_ALL_VARS_USED=0 -DCONFIG_BUF_LEN=65536 -DMAX_DOMAINS_F=21 -DMAX_HISTORY=25 -DNMM_NEST=0 -DWRF_CHEM -DBUILD_CHEM=1 -DWRF_KPP -I. -traditional-cpp -DUSE_NETCDF4_FEATURES -DWRFIO_NCD_LARGE_FILE_SUPPORT   module_comm_nesting_dm.F  > module_comm_nesting_dm.bb
0.58user 0.11system 0:00.74elapsed 94%CPU (0avgtext+0avgdata 78516maxresident)k
8inputs+2904outputs (11major+15456minor)pagefaults 0swaps
rm -f module_comm_dm_0.o
/lib/cpp -P -nostdinc -I/home/onishi/WRF/external/ioapi_share -I/home/onishi/WRF/inc -DEM_CORE=1 -DNMM_CORE=0 -DNMM_MAX_DIM=2600 -DDA_CORE=0 -DWRFPLUS=0 -DIWORDSIZE=4 -DDWORDSIZE=8 -DRWORDSIZE=4 -DLWORDSIZE=4 -DNONSTANDARD_SYSTEM_FUNC  -DWRF_USE_CLM -DUSE_NETCDF4_FEATURES -DWRFIO_NCD_LARGE_FILE_SUPPORT  -DDM_PARALLEL -DNETCDF -DGRIB2 -DHDF5 -DLANDREAD_STUB=1 -DUSE_ALLOCATABLES -Dwrfmodel -DGRIB1 -DINTIO -DKEEP_INT_AROUND -DLIMIT_ARGS -DBUILD_RRTMG_FAST=0 -DBUILD_RRTMK=0 -DBUILD_SBM_FAST=1 -DSHOW_ALL_VARS_USED=0 -DCONFIG_BUF_LEN=65536 -DMAX_DOMAINS_F=21 -DMAX_HISTORY=25 -DNMM_NEST=0 -DWRF_CHEM -DBUILD_CHEM=1 -DWRF_KPP -I. -traditional-cpp -DUSE_NETCDF4_FEATURES -DWRFIO_NCD_LARGE_FILE_SUPPORT   module_comm_dm_0.F  > module_comm_dm_0.bb
/home/onishi/WRF/tools/standard.exe module_comm_nesting_dm.bb | /lib/cpp -P -nostdinc -I/home/onishi/WRF/external/ioapi_share -traditional-cpp -DUSE_NETCDF4_FEATURES -DWRFIO_NCD_LARGE_FILE_SUPPORT > module_comm_nesting_dm.f90
/home/onishi/WRF/tools/standard.exe module_comm_dm_0.bb | /lib/cpp -P -nostdinc -I/home/onishi/WRF/external/ioapi_share -traditional-cpp -DUSE_NETCDF4_FEATURES -DWRFIO_NCD_LARGE_FILE_SUPPORT > module_comm_dm_0.f90
rm -f module_comm_dm_0.b module_comm_dm_0.bb
time mpif90 -f90=ifort -c -real-size `expr 8 \* 4` -i4  -O0 -fno-inline -no-ip -ip -fp-model precise -w -ftz -align all -fno-alias -FR -convert big_endian   -I../dyn_em  -I/home/onishi/WRF/external/esmf_time_f90  -I/home/onishi/WRF/main -I/home/onishi/WRF/external/io_netcdf -I/home/onishi/WRF/external/io_int -I/home/onishi/WRF/frame -I/home/onishi/WRF/share -I/home/onishi/WRF/phys -I/home/onishi/WRF/wrftladj -I/home/onishi/WRF/chem -I/home/onishi/WRF/inc -I/home/onishi/NETCDF_DIR2//include   module_comm_dm_0.f90
rm -f module_comm_nesting_dm.b module_comm_nesting_dm.bb
time mpif90 -f90=ifort -c -real-size `expr 8 \* 4` -i4  -O0 -fno-inline -no-ip -ip -fp-model precise -w -ftz -align all -fno-alias -FR -convert big_endian   -I../dyn_em  -I/home/onishi/WRF/external/esmf_time_f90  -I/home/onishi/WRF/main -I/home/onishi/WRF/external/io_netcdf -I/home/onishi/WRF/external/io_int -I/home/onishi/WRF/frame -I/home/onishi/WRF/share -I/home/onishi/WRF/phys -I/home/onishi/WRF/wrftladj -I/home/onishi/WRF/chem -I/home/onishi/WRF/inc -I/home/onishi/NETCDF_DIR2//include   module_comm_nesting_dm.f90
25.27user 1.13system 0:26.47elapsed 99%CPU (0avgtext+0avgdata 551036maxresident)k
6472inputs+82344outputs (0major+172574minor)pagefaults 0swaps
rm -f module_comm_dm_1.o
/lib/cpp -P -nostdinc -I/home/onishi/WRF/external/ioapi_share -I/home/onishi/WRF/inc -DEM_CORE=1 -DNMM_CORE=0 -DNMM_MAX_DIM=2600 -DDA_CORE=0 -DWRFPLUS=0 -DIWORDSIZE=4 -DDWORDSIZE=8 -DRWORDSIZE=4 -DLWORDSIZE=4 -DNONSTANDARD_SYSTEM_FUNC  -DWRF_USE_CLM -DUSE_NETCDF4_FEATURES -DWRFIO_NCD_LARGE_FILE_SUPPORT  -DDM_PARALLEL -DNETCDF -DGRIB2 -DHDF5 -DLANDREAD_STUB=1 -DUSE_ALLOCATABLES -Dwrfmodel -DGRIB1 -DINTIO -DKEEP_INT_AROUND -DLIMIT_ARGS -DBUILD_RRTMG_FAST=0 -DBUILD_RRTMK=0 -DBUILD_SBM_FAST=1 -DSHOW_ALL_VARS_USED=0 -DCONFIG_BUF_LEN=65536 -DMAX_DOMAINS_F=21 -DMAX_HISTORY=25 -DNMM_NEST=0 -DWRF_CHEM -DBUILD_CHEM=1 -DWRF_KPP -I. -traditional-cpp -DUSE_NETCDF4_FEATURES -DWRFIO_NCD_LARGE_FILE_SUPPORT   module_comm_dm_1.F  > module_comm_dm_1.bb
/home/onishi/WRF/tools/standard.exe module_comm_dm_1.bb | /lib/cpp -P -nostdinc -I/home/onishi/WRF/external/ioapi_share -traditional-cpp -DUSE_NETCDF4_FEATURES -DWRFIO_NCD_LARGE_FILE_SUPPORT > module_comm_dm_1.f90
rm -f module_comm_dm_1.b module_comm_dm_1.bb
time mpif90 -f90=ifort -c -real-size `expr 8 \* 4` -i4  -O0 -fno-inline -no-ip -ip -fp-model precise -w -ftz -align all -fno-alias -FR -convert big_endian   -I../dyn_em  -I/home/onishi/WRF/external/esmf_time_f90  -I/home/onishi/WRF/main -I/home/onishi/WRF/external/io_netcdf -I/home/onishi/WRF/external/io_int -I/home/onishi/WRF/frame -I/home/onishi/WRF/share -I/home/onishi/WRF/phys -I/home/onishi/WRF/wrftladj -I/home/onishi/WRF/chem -I/home/onishi/WRF/inc -I/home/onishi/NETCDF_DIR2//include   module_comm_dm_1.f90
225.08user 2.34system 3:47.65elapsed 99%CPU (0avgtext+0avgdata 702160maxresident)k
752inputs+85152outputs (0major+177617minor)pagefaults 0swaps
rm -f module_comm_dm_2.o
/lib/cpp -P -nostdinc -I/home/onishi/WRF/external/ioapi_share -I/home/onishi/WRF/inc -DEM_CORE=1 -DNMM_CORE=0 -DNMM_MAX_DIM=2600 -DDA_CORE=0 -DWRFPLUS=0 -DIWORDSIZE=4 -DDWORDSIZE=8 -DRWORDSIZE=4 -DLWORDSIZE=4 -DNONSTANDARD_SYSTEM_FUNC  -DWRF_USE_CLM -DUSE_NETCDF4_FEATURES -DWRFIO_NCD_LARGE_FILE_SUPPORT  -DDM_PARALLEL -DNETCDF -DGRIB2 -DHDF5 -DLANDREAD_STUB=1 -DUSE_ALLOCATABLES -Dwrfmodel -DGRIB1 -DINTIO -DKEEP_INT_AROUND -DLIMIT_ARGS -DBUILD_RRTMG_FAST=0 -DBUILD_RRTMK=0 -DBUILD_SBM_FAST=1 -DSHOW_ALL_VARS_USED=0 -DCONFIG_BUF_LEN=65536 -DMAX_DOMAINS_F=21 -DMAX_HISTORY=25 -DNMM_NEST=0 -DWRF_CHEM -DBUILD_CHEM=1 -DWRF_KPP -I. -traditional-cpp -DUSE_NETCDF4_FEATURES -DWRFIO_NCD_LARGE_FILE_SUPPORT   module_comm_dm_2.F  > module_comm_dm_2.bb
/home/onishi/WRF/tools/standard.exe module_comm_dm_2.bb | /lib/cpp -P -nostdinc -I/home/onishi/WRF/external/ioapi_share -traditional-cpp -DUSE_NETCDF4_FEATURES -DWRFIO_NCD_LARGE_FILE_SUPPORT > module_comm_dm_2.f90
rm -f module_comm_dm_2.b module_comm_dm_2.bb
time mpif90 -f90=ifort -c -real-size `expr 8 \* 4` -i4  -O0 -fno-inline -no-ip -ip -fp-model precise -w -ftz -align all -fno-alias -FR -convert big_endian   -I../dyn_em  -I/home/onishi/WRF/external/esmf_time_f90  -I/home/onishi/WRF/main -I/home/onishi/WRF/external/io_netcdf -I/home/onishi/WRF/external/io_int -I/home/onishi/WRF/frame -I/home/onishi/WRF/share -I/home/onishi/WRF/phys -I/home/onishi/WRF/wrftladj -I/home/onishi/WRF/chem -I/home/onishi/WRF/inc -I/home/onishi/NETCDF_DIR2//include   module_comm_dm_2.f90
227.76user 2.12system 3:50.09elapsed 99%CPU (0avgtext+0avgdata 750968maxresident)k
696inputs+83144outputs (0major+193112minor)pagefaults 0swaps
rm -f module_comm_dm_3.o
/lib/cpp -P -nostdinc -I/home/onishi/WRF/external/ioapi_share -I/home/onishi/WRF/inc -DEM_CORE=1 -DNMM_CORE=0 -DNMM_MAX_DIM=2600 -DDA_CORE=0 -DWRFPLUS=0 -DIWORDSIZE=4 -DDWORDSIZE=8 -DRWORDSIZE=4 -DLWORDSIZE=4 -DNONSTANDARD_SYSTEM_FUNC  -DWRF_USE_CLM -DUSE_NETCDF4_FEATURES -DWRFIO_NCD_LARGE_FILE_SUPPORT  -DDM_PARALLEL -DNETCDF -DGRIB2 -DHDF5 -DLANDREAD_STUB=1 -DUSE_ALLOCATABLES -Dwrfmodel -DGRIB1 -DINTIO -DKEEP_INT_AROUND -DLIMIT_ARGS -DBUILD_RRTMG_FAST=0 -DBUILD_RRTMK=0 -DBUILD_SBM_FAST=1 -DSHOW_ALL_VARS_USED=0 -DCONFIG_BUF_LEN=65536 -DMAX_DOMAINS_F=21 -DMAX_HISTORY=25 -DNMM_NEST=0 -DWRF_CHEM -DBUILD_CHEM=1 -DWRF_KPP -I. -traditional-cpp -DUSE_NETCDF4_FEATURES -DWRFIO_NCD_LARGE_FILE_SUPPORT   module_comm_dm_3.F  > module_comm_dm_3.bb
/home/onishi/WRF/tools/standard.exe module_comm_dm_3.bb | /lib/cpp -P -nostdinc -I/home/onishi/WRF/external/ioapi_share -traditional-cpp -DUSE_NETCDF4_FEATURES -DWRFIO_NCD_LARGE_FILE_SUPPORT > module_comm_dm_3.f90
rm -f module_comm_dm_3.b module_comm_dm_3.bb
time mpif90 -f90=ifort -c -real-size `expr 8 \* 4` -i4  -O0 -fno-inline -no-ip -ip -fp-model precise -w -ftz -align all -fno-alias -FR -convert big_endian   -I../dyn_em  -I/home/onishi/WRF/external/esmf_time_f90  -I/home/onishi/WRF/main -I/home/onishi/WRF/external/io_netcdf -I/home/onishi/WRF/external/io_int -I/home/onishi/WRF/frame -I/home/onishi/WRF/share -I/home/onishi/WRF/phys -I/home/onishi/WRF/wrftladj -I/home/onishi/WRF/chem -I/home/onishi/WRF/inc -I/home/onishi/NETCDF_DIR2//include   module_comm_dm_3.f90
163.99user 1.91system 2:46.11elapsed 99%CPU (0avgtext+0avgdata 572168maxresident)k
304inputs+69992outputs (0major+142014minor)pagefaults 0swaps
rm -f module_comm_dm_4.o
sed -e "s/^\!.*'.*//" -e "s/^ *\!.*'.*//" module_comm_dm_4.F > module_comm_dm_4.G
/lib/cpp -P -nostdinc -I/home/onishi/WRF/external/ioapi_share -I/home/onishi/WRF/inc -DEM_CORE=1 -DNMM_CORE=0 -DNMM_MAX_DIM=2600 -DDA_CORE=0 -DWRFPLUS=0 -DIWORDSIZE=4 -DDWORDSIZE=8 -DRWORDSIZE=4 -DLWORDSIZE=4 -DNONSTANDARD_SYSTEM_FUNC  -DWRF_USE_CLM -DUSE_NETCDF4_FEATURES -DWRFIO_NCD_LARGE_FILE_SUPPORT  -DDM_PARALLEL -DNETCDF -DGRIB2 -DHDF5 -DLANDREAD_STUB=1 -DUSE_ALLOCATABLES -Dwrfmodel -DGRIB1 -DINTIO -DKEEP_INT_AROUND -DLIMIT_ARGS -DBUILD_RRTMG_FAST=0 -DBUILD_RRTMK=0 -DBUILD_SBM_FAST=1 -DSHOW_ALL_VARS_USED=0 -DCONFIG_BUF_LEN=65536 -DMAX_DOMAINS_F=21 -DMAX_HISTORY=25 -DNMM_NEST=0 -DWRF_CHEM -DBUILD_CHEM=1 -DWRF_KPP -I. -traditional-cpp -DUSE_NETCDF4_FEATURES -DWRFIO_NCD_LARGE_FILE_SUPPORT   module_comm_dm_4.G  > module_comm_dm_4.bb
/home/onishi/WRF/tools/standard.exe module_comm_dm_4.bb | /lib/cpp -P -nostdinc -I/home/onishi/WRF/external/ioapi_share -traditional-cpp -DUSE_NETCDF4_FEATURES -DWRFIO_NCD_LARGE_FILE_SUPPORT > module_comm_dm_4.f90
rm -f module_comm_dm_4.G module_comm_dm_4.bb
time mpif90 -f90=ifort -o module_comm_dm_4.o -c -O3 -ip -fp-model precise -w -ftz -align all -fno-alias -FR -convert big_endian    -I../dyn_em  -I/home/onishi/WRF/external/esmf_time_f90  -I/home/onishi/WRF/main -I/home/onishi/WRF/external/io_netcdf -I/home/onishi/WRF/external/io_int -I/home/onishi/WRF/frame -I/home/onishi/WRF/share -I/home/onishi/WRF/phys -I/home/onishi/WRF/wrftladj -I/home/onishi/WRF/chem -I/home/onishi/WRF/inc -I/home/onishi/NETCDF_DIR2//include  -real-size `expr 8 \* 4` -i4  module_comm_dm_4.f90
211.81user 2.05system 3:34.04elapsed 99%CPU (0avgtext+0avgdata 745808maxresident)k
472inputs+82568outputs (0major+215811minor)pagefaults 0swaps
rm -f module_tiles.o
/home/onishi/WRF/tools/standard.exe module_tiles.F > module_tiles.b 
/lib/cpp -P -nostdinc -I/home/onishi/WRF/external/ioapi_share -I/home/onishi/WRF/inc -DEM_CORE=1 -DNMM_CORE=0 -DNMM_MAX_DIM=2600 -DDA_CORE=0 -DWRFPLUS=0 -DIWORDSIZE=4 -DDWORDSIZE=8 -DRWORDSIZE=4 -DLWORDSIZE=4 -DNONSTANDARD_SYSTEM_FUNC  -DWRF_USE_CLM -DUSE_NETCDF4_FEATURES -DWRFIO_NCD_LARGE_FILE_SUPPORT  -DDM_PARALLEL -DNETCDF -DGRIB2 -DHDF5 -DLANDREAD_STUB=1 -DUSE_ALLOCATABLES -Dwrfmodel -DGRIB1 -DINTIO -DKEEP_INT_AROUND -DLIMIT_ARGS -DBUILD_RRTMG_FAST=0 -DBUILD_RRTMK=0 -DBUILD_SBM_FAST=1 -DSHOW_ALL_VARS_USED=0 -DCONFIG_BUF_LEN=65536 -DMAX_DOMAINS_F=21 -DMAX_HISTORY=25 -DNMM_NEST=0 -DWRF_CHEM -DBUILD_CHEM=1 -DWRF_KPP -I. -traditional-cpp -DUSE_NETCDF4_FEATURES -DWRFIO_NCD_LARGE_FILE_SUPPORT   module_tiles.b  > module_tiles.f90
rm -f module_tiles.b
time mpif90 -f90=ifort -c -real-size `expr 8 \* 4` -i4 -O0 -fno-inline -no-ip -ip -fp-model precise -w -ftz -align all -fno-alias -FR -convert big_endian   -I../dyn_em  -I/home/onishi/WRF/external/esmf_time_f90  -I/home/onishi/WRF/main -I/home/onishi/WRF/external/io_netcdf -I/home/onishi/WRF/external/io_int -I/home/onishi/WRF/frame -I/home/onishi/WRF/share -I/home/onishi/WRF/phys -I/home/onishi/WRF/wrftladj -I/home/onishi/WRF/chem -I/home/onishi/WRF/inc -I/home/onishi/NETCDF_DIR2//include    module_tiles.f90
2.60user 0.23system 0:02.88elapsed 98%CPU (0avgtext+0avgdata 118400maxresident)k
48inputs+11680outputs (0major+27258minor)pagefaults 0swaps
rm -f module_clear_halos.o
sed -e "s/^\!.*'.*//" -e "s/^ *\!.*'.*//" module_clear_halos.F > module_clear_halos.G
/lib/cpp -P -nostdinc -I/home/onishi/WRF/external/ioapi_share -I/home/onishi/WRF/inc -DEM_CORE=1 -DNMM_CORE=0 -DNMM_MAX_DIM=2600 -DDA_CORE=0 -DWRFPLUS=0 -DIWORDSIZE=4 -DDWORDSIZE=8 -DRWORDSIZE=4 -DLWORDSIZE=4 -DNONSTANDARD_SYSTEM_FUNC  -DWRF_USE_CLM -DUSE_NETCDF4_FEATURES -DWRFIO_NCD_LARGE_FILE_SUPPORT  -DDM_PARALLEL -DNETCDF -DGRIB2 -DHDF5 -DLANDREAD_STUB=1 -DUSE_ALLOCATABLES -Dwrfmodel -DGRIB1 -DINTIO -DKEEP_INT_AROUND -DLIMIT_ARGS -DBUILD_RRTMG_FAST=0 -DBUILD_RRTMK=0 -DBUILD_SBM_FAST=1 -DSHOW_ALL_VARS_USED=0 -DCONFIG_BUF_LEN=65536 -DMAX_DOMAINS_F=21 -DMAX_HISTORY=25 -DNMM_NEST=0 -DWRF_CHEM -DBUILD_CHEM=1 -DWRF_KPP -I. -traditional-cpp -DUSE_NETCDF4_FEATURES -DWRFIO_NCD_LARGE_FILE_SUPPORT   module_clear_halos.G  > module_clear_halos.bb
/home/onishi/WRF/tools/standard.exe module_clear_halos.bb | /lib/cpp -P -nostdinc -I/home/onishi/WRF/external/ioapi_share -traditional-cpp -DUSE_NETCDF4_FEATURES -DWRFIO_NCD_LARGE_FILE_SUPPORT > module_clear_halos.f90
rm -f module_clear_halos.G module_clear_halos.bb
time mpif90 -f90=ifort -o module_clear_halos.o -c -O3 -ip -fp-model precise -w -ftz -align all -fno-alias -FR -convert big_endian    -I../dyn_em  -I/home/onishi/WRF/external/esmf_time_f90  -I/home/onishi/WRF/main -I/home/onishi/WRF/external/io_netcdf -I/home/onishi/WRF/external/io_int -I/home/onishi/WRF/frame -I/home/onishi/WRF/share -I/home/onishi/WRF/phys -I/home/onishi/WRF/wrftladj -I/home/onishi/WRF/chem -I/home/onishi/WRF/inc -I/home/onishi/NETCDF_DIR2//include  -real-size `expr 8 \* 4` -i4  module_clear_halos.f90
19.20user 0.47system 0:19.73elapsed 99%CPU (0avgtext+0avgdata 325540maxresident)k
40inputs+7080outputs (0major+83372minor)pagefaults 0swaps
rm -f module_cpl.o
sed -e "s/^\!.*'.*//" -e "s/^ *\!.*'.*//" module_cpl.F > module_cpl.G
/lib/cpp -P -nostdinc -I/home/onishi/WRF/external/ioapi_share -I/home/onishi/WRF/inc -DEM_CORE=1 -DNMM_CORE=0 -DNMM_MAX_DIM=2600 -DDA_CORE=0 -DWRFPLUS=0 -DIWORDSIZE=4 -DDWORDSIZE=8 -DRWORDSIZE=4 -DLWORDSIZE=4 -DNONSTANDARD_SYSTEM_FUNC  -DWRF_USE_CLM -DUSE_NETCDF4_FEATURES -DWRFIO_NCD_LARGE_FILE_SUPPORT  -DDM_PARALLEL -DNETCDF -DGRIB2 -DHDF5 -DLANDREAD_STUB=1 -DUSE_ALLOCATABLES -Dwrfmodel -DGRIB1 -DINTIO -DKEEP_INT_AROUND -DLIMIT_ARGS -DBUILD_RRTMG_FAST=0 -DBUILD_RRTMK=0 -DBUILD_SBM_FAST=1 -DSHOW_ALL_VARS_USED=0 -DCONFIG_BUF_LEN=65536 -DMAX_DOMAINS_F=21 -DMAX_HISTORY=25 -DNMM_NEST=0 -DWRF_CHEM -DBUILD_CHEM=1 -DWRF_KPP -I. -traditional-cpp -DUSE_NETCDF4_FEATURES -DWRFIO_NCD_LARGE_FILE_SUPPORT   module_cpl.G  > module_cpl.bb
/home/onishi/WRF/tools/standard.exe module_cpl.bb | /lib/cpp -P -nostdinc -I/home/onishi/WRF/external/ioapi_share -traditional-cpp -DUSE_NETCDF4_FEATURES -DWRFIO_NCD_LARGE_FILE_SUPPORT > module_cpl.f90
rm -f module_cpl.G module_cpl.bb
time mpif90 -f90=ifort -o module_cpl.o -c -O3 -ip -fp-model precise -w -ftz -align all -fno-alias -FR -convert big_endian    -I../dyn_em  -I/home/onishi/WRF/external/esmf_time_f90  -I/home/onishi/WRF/main -I/home/onishi/WRF/external/io_netcdf -I/home/onishi/WRF/external/io_int -I/home/onishi/WRF/frame -I/home/onishi/WRF/share -I/home/onishi/WRF/phys -I/home/onishi/WRF/wrftladj -I/home/onishi/WRF/chem -I/home/onishi/WRF/inc -I/home/onishi/NETCDF_DIR2//include  -real-size `expr 8 \* 4` -i4  module_cpl.f90
3.01user 0.37system 0:03.45elapsed 98%CPU (0avgtext+0avgdata 106416maxresident)k
2688inputs+6632outputs (0major+24175minor)pagefaults 0swaps
648.82user 4.45system 10:53.61elapsed 99%CPU (0avgtext+0avgdata 1008820maxresident)k
656inputs+137216outputs (0major+264498minor)pagefaults 0swaps
rm -f module_comm_dm.o
/lib/cpp -P -nostdinc -I/home/onishi/WRF/external/ioapi_share -I/home/onishi/WRF/inc -DEM_CORE=1 -DNMM_CORE=0 -DNMM_MAX_DIM=2600 -DDA_CORE=0 -DWRFPLUS=0 -DIWORDSIZE=4 -DDWORDSIZE=8 -DRWORDSIZE=4 -DLWORDSIZE=4 -DNONSTANDARD_SYSTEM_FUNC  -DWRF_USE_CLM -DUSE_NETCDF4_FEATURES -DWRFIO_NCD_LARGE_FILE_SUPPORT  -DDM_PARALLEL -DNETCDF -DGRIB2 -DHDF5 -DLANDREAD_STUB=1 -DUSE_ALLOCATABLES -Dwrfmodel -DGRIB1 -DINTIO -DKEEP_INT_AROUND -DLIMIT_ARGS -DBUILD_RRTMG_FAST=0 -DBUILD_RRTMK=0 -DBUILD_SBM_FAST=1 -DSHOW_ALL_VARS_USED=0 -DCONFIG_BUF_LEN=65536 -DMAX_DOMAINS_F=21 -DMAX_HISTORY=25 -DNMM_NEST=0 -DWRF_CHEM -DBUILD_CHEM=1 -DWRF_KPP -I. -traditional-cpp -DUSE_NETCDF4_FEATURES -DWRFIO_NCD_LARGE_FILE_SUPPORT   module_comm_dm.F  > module_comm_dm.bb
/home/onishi/WRF/tools/standard.exe module_comm_dm.bb | /lib/cpp -P -nostdinc -I/home/onishi/WRF/external/ioapi_share -traditional-cpp -DUSE_NETCDF4_FEATURES -DWRFIO_NCD_LARGE_FILE_SUPPORT > module_comm_dm.f90
rm -f module_comm_dm.b module_comm_dm.bb
time mpif90 -f90=ifort -c -real-size `expr 8 \* 4` -i4  -O0 -fno-inline -no-ip -ip -fp-model precise -w -ftz -align all -fno-alias -FR -convert big_endian   -I../dyn_em  -I/home/onishi/WRF/external/esmf_time_f90  -I/home/onishi/WRF/main -I/home/onishi/WRF/external/io_netcdf -I/home/onishi/WRF/external/io_int -I/home/onishi/WRF/frame -I/home/onishi/WRF/share -I/home/onishi/WRF/phys -I/home/onishi/WRF/wrftladj -I/home/onishi/WRF/chem -I/home/onishi/WRF/inc -I/home/onishi/NETCDF_DIR2//include   module_comm_dm.f90
0.73user 0.77system 0:01.87elapsed 80%CPU (0avgtext+0avgdata 390988maxresident)k
434792inputs+2928outputs (0major+100888minor)pagefaults 0swaps
rm -f module_dm.o
sed -e "s/^\!.*'.*//" -e "s/^ *\!.*'.*//" module_dm.F > module_dm.G
/lib/cpp -P -nostdinc -I/home/onishi/WRF/external/ioapi_share -I/home/onishi/WRF/inc -DEM_CORE=1 -DNMM_CORE=0 -DNMM_MAX_DIM=2600 -DDA_CORE=0 -DWRFPLUS=0 -DIWORDSIZE=4 -DDWORDSIZE=8 -DRWORDSIZE=4 -DLWORDSIZE=4 -DNONSTANDARD_SYSTEM_FUNC  -DWRF_USE_CLM -DUSE_NETCDF4_FEATURES -DWRFIO_NCD_LARGE_FILE_SUPPORT  -DDM_PARALLEL -DNETCDF -DGRIB2 -DHDF5 -DLANDREAD_STUB=1 -DUSE_ALLOCATABLES -Dwrfmodel -DGRIB1 -DINTIO -DKEEP_INT_AROUND -DLIMIT_ARGS -DBUILD_RRTMG_FAST=0 -DBUILD_RRTMK=0 -DBUILD_SBM_FAST=1 -DSHOW_ALL_VARS_USED=0 -DCONFIG_BUF_LEN=65536 -DMAX_DOMAINS_F=21 -DMAX_HISTORY=25 -DNMM_NEST=0 -DWRF_CHEM -DBUILD_CHEM=1 -DWRF_KPP -I. -traditional-cpp -DUSE_NETCDF4_FEATURES -DWRFIO_NCD_LARGE_FILE_SUPPORT   module_dm.G  > module_dm.bb
/home/onishi/WRF/tools/standard.exe module_dm.bb | /lib/cpp -P -nostdinc -I/home/onishi/WRF/external/ioapi_share -traditional-cpp -DUSE_NETCDF4_FEATURES -DWRFIO_NCD_LARGE_FILE_SUPPORT > module_dm.f90
rm -f module_dm.G module_dm.bb
time mpif90 -f90=ifort -o module_dm.o -c -O3 -ip -fp-model precise -w -ftz -align all -fno-alias -FR -convert big_endian    -I../dyn_em  -I/home/onishi/WRF/external/esmf_time_f90  -I/home/onishi/WRF/main -I/home/onishi/WRF/external/io_netcdf -I/home/onishi/WRF/external/io_int -I/home/onishi/WRF/frame -I/home/onishi/WRF/share -I/home/onishi/WRF/phys -I/home/onishi/WRF/wrftladj -I/home/onishi/WRF/chem -I/home/onishi/WRF/inc -I/home/onishi/NETCDF_DIR2//include  -real-size `expr 8 \* 4` -i4  module_dm.f90
321.28user 14.93system 5:36.40elapsed 99%CPU (0avgtext+0avgdata 8910008maxresident)k
35152inputs+67504outputs (0major+4315405minor)pagefaults 0swaps
rm -f module_integrate.o
rm -f module_io.o
/home/onishi/WRF/tools/standard.exe module_integrate.F > module_integrate.b 
/lib/cpp -P -nostdinc -I/home/onishi/WRF/external/ioapi_share -I/home/onishi/WRF/inc -DEM_CORE=1 -DNMM_CORE=0 -DNMM_MAX_DIM=2600 -DDA_CORE=0 -DWRFPLUS=0 -DIWORDSIZE=4 -DDWORDSIZE=8 -DRWORDSIZE=4 -DLWORDSIZE=4 -DNONSTANDARD_SYSTEM_FUNC  -DWRF_USE_CLM -DUSE_NETCDF4_FEATURES -DWRFIO_NCD_LARGE_FILE_SUPPORT  -DDM_PARALLEL -DNETCDF -DGRIB2 -DHDF5 -DLANDREAD_STUB=1 -DUSE_ALLOCATABLES -Dwrfmodel -DGRIB1 -DINTIO -DKEEP_INT_AROUND -DLIMIT_ARGS -DBUILD_RRTMG_FAST=0 -DBUILD_RRTMK=0 -DBUILD_SBM_FAST=1 -DSHOW_ALL_VARS_USED=0 -DCONFIG_BUF_LEN=65536 -DMAX_DOMAINS_F=21 -DMAX_HISTORY=25 -DNMM_NEST=0 -DWRF_CHEM -DBUILD_CHEM=1 -DWRF_KPP -I. -traditional-cpp -DUSE_NETCDF4_FEATURES -DWRFIO_NCD_LARGE_FILE_SUPPORT   module_io.F  > module_io.bb
/lib/cpp -P -nostdinc -I/home/onishi/WRF/external/ioapi_share -I/home/onishi/WRF/inc -DEM_CORE=1 -DNMM_CORE=0 -DNMM_MAX_DIM=2600 -DDA_CORE=0 -DWRFPLUS=0 -DIWORDSIZE=4 -DDWORDSIZE=8 -DRWORDSIZE=4 -DLWORDSIZE=4 -DNONSTANDARD_SYSTEM_FUNC  -DWRF_USE_CLM -DUSE_NETCDF4_FEATURES -DWRFIO_NCD_LARGE_FILE_SUPPORT  -DDM_PARALLEL -DNETCDF -DGRIB2 -DHDF5 -DLANDREAD_STUB=1 -DUSE_ALLOCATABLES -Dwrfmodel -DGRIB1 -DINTIO -DKEEP_INT_AROUND -DLIMIT_ARGS -DBUILD_RRTMG_FAST=0 -DBUILD_RRTMK=0 -DBUILD_SBM_FAST=1 -DSHOW_ALL_VARS_USED=0 -DCONFIG_BUF_LEN=65536 -DMAX_DOMAINS_F=21 -DMAX_HISTORY=25 -DNMM_NEST=0 -DWRF_CHEM -DBUILD_CHEM=1 -DWRF_KPP -I. -traditional-cpp -DUSE_NETCDF4_FEATURES -DWRFIO_NCD_LARGE_FILE_SUPPORT   module_integrate.b  > module_integrate.f90
rm -f module_integrate.b
time mpif90 -f90=ifort -c -real-size `expr 8 \* 4` -i4 -O0 -fno-inline -no-ip -ip -fp-model precise -w -ftz -align all -fno-alias -FR -convert big_endian   -I../dyn_em  -I/home/onishi/WRF/external/esmf_time_f90  -I/home/onishi/WRF/main -I/home/onishi/WRF/external/io_netcdf -I/home/onishi/WRF/external/io_int -I/home/onishi/WRF/frame -I/home/onishi/WRF/share -I/home/onishi/WRF/phys -I/home/onishi/WRF/wrftladj -I/home/onishi/WRF/chem -I/home/onishi/WRF/inc -I/home/onishi/NETCDF_DIR2//include    module_integrate.f90
/home/onishi/WRF/tools/standard.exe module_io.bb | /lib/cpp -P -nostdinc -I/home/onishi/WRF/external/ioapi_share -traditional-cpp -DUSE_NETCDF4_FEATURES -DWRFIO_NCD_LARGE_FILE_SUPPORT > module_io.f90
rm -f module_io.b module_io.bb
time mpif90 -f90=ifort -c -real-size `expr 8 \* 4` -i4  -O0 -fno-inline -no-ip -ip -fp-model precise -w -ftz -align all -fno-alias -FR -convert big_endian   -I../dyn_em  -I/home/onishi/WRF/external/esmf_time_f90  -I/home/onishi/WRF/main -I/home/onishi/WRF/external/io_netcdf -I/home/onishi/WRF/external/io_int -I/home/onishi/WRF/frame -I/home/onishi/WRF/share -I/home/onishi/WRF/phys -I/home/onishi/WRF/wrftladj -I/home/onishi/WRF/chem -I/home/onishi/WRF/inc -I/home/onishi/NETCDF_DIR2//include   module_io.f90
4.02user 0.51system 0:04.60elapsed 98%CPU (0avgtext+0avgdata 339384maxresident)k
2808inputs+10808outputs (0major+84458minor)pagefaults 0swaps
rm -f module_io_quilt.o
sed -e "s/^\!.*'.*//" -e "s/^ *\!.*'.*//" module_io_quilt.F > module_io_quilt.G
/lib/cpp -P -nostdinc -I/home/onishi/WRF/external/ioapi_share -I/home/onishi/WRF/inc -DEM_CORE=1 -DNMM_CORE=0 -DNMM_MAX_DIM=2600 -DDA_CORE=0 -DWRFPLUS=0 -DIWORDSIZE=4 -DDWORDSIZE=8 -DRWORDSIZE=4 -DLWORDSIZE=4 -DNONSTANDARD_SYSTEM_FUNC  -DWRF_USE_CLM -DUSE_NETCDF4_FEATURES -DWRFIO_NCD_LARGE_FILE_SUPPORT  -DDM_PARALLEL -DNETCDF -DGRIB2 -DHDF5 -DLANDREAD_STUB=1 -DUSE_ALLOCATABLES -Dwrfmodel -DGRIB1 -DINTIO -DKEEP_INT_AROUND -DLIMIT_ARGS -DBUILD_RRTMG_FAST=0 -DBUILD_RRTMK=0 -DBUILD_SBM_FAST=1 -DSHOW_ALL_VARS_USED=0 -DCONFIG_BUF_LEN=65536 -DMAX_DOMAINS_F=21 -DMAX_HISTORY=25 -DNMM_NEST=0 -DWRF_CHEM -DBUILD_CHEM=1 -DWRF_KPP -I. -traditional-cpp -DUSE_NETCDF4_FEATURES -DWRFIO_NCD_LARGE_FILE_SUPPORT   module_io_quilt.G  > module_io_quilt.bb
/home/onishi/WRF/tools/standard.exe module_io_quilt.bb | /lib/cpp -P -nostdinc -I/home/onishi/WRF/external/ioapi_share -traditional-cpp -DUSE_NETCDF4_FEATURES -DWRFIO_NCD_LARGE_FILE_SUPPORT > module_io_quilt.f90
rm -f module_io_quilt.G module_io_quilt.bb
time mpif90 -f90=ifort -o module_io_quilt.o -c -O3 -ip -fp-model precise -w -ftz -align all -fno-alias -FR -convert big_endian    -I../dyn_em  -I/home/onishi/WRF/external/esmf_time_f90  -I/home/onishi/WRF/main -I/home/onishi/WRF/external/io_netcdf -I/home/onishi/WRF/external/io_int -I/home/onishi/WRF/frame -I/home/onishi/WRF/share -I/home/onishi/WRF/phys -I/home/onishi/WRF/wrftladj -I/home/onishi/WRF/chem -I/home/onishi/WRF/inc -I/home/onishi/NETCDF_DIR2//include  -real-size `expr 8 \* 4` -i4  module_io_quilt.f90
5.49user 0.85system 0:06.41elapsed 99%CPU (0avgtext+0avgdata 189160maxresident)k
12072inputs+14008outputs (0major+52834minor)pagefaults 0swaps
3.97user 1.07system 0:05.16elapsed 97%CPU (0avgtext+0avgdata 180280maxresident)k
784inputs+2168outputs (0major+48295minor)pagefaults 0swaps
ar ru ../main/libwrflib.a module_driver_constants.o module_domain_type.o module_streams.o module_domain.o  module_integrate.o module_timing.o module_configure.o module_tiles.o module_machine.o module_nesting.o module_wrf_error.o module_state_description.o module_sm.o module_io.o module_comm_dm.o module_comm_dm_0.o module_comm_dm_1.o module_comm_dm_2.o module_comm_dm_3.o module_comm_dm_4.o module_comm_nesting_dm.o module_dm.o module_quilt_outbuf_ops.o module_io_quilt.o module_cpl.o module_cpl_oasis3.o module_clear_halos.o wrf_num_bytes_between.o wrf_shutdown.o wrf_debug.o libmassv.o collect_on_comm.o hires_timer.o clog.o nl_get_0_routines.o nl_get_1_routines.o nl_get_2_routines.o nl_get_3_routines.o nl_get_4_routines.o nl_get_5_routines.o nl_get_6_routines.o nl_get_7_routines.o nl_set_0_routines.o nl_set_1_routines.o nl_set_2_routines.o nl_set_3_routines.o nl_set_4_routines.o nl_set_5_routines.o nl_set_6_routines.o nl_set_7_routines.o  module_alloc_space_0.o module_alloc_space_1.o module_alloc_space_2.o module_alloc_space_3.o module_alloc_space_4.o module_alloc_space_5.o module_alloc_space_6.o module_alloc_space_7.o module_alloc_space_8.o module_alloc_space_9.o
ar: `u' modifier ignored since `D' is the default (see `U')
ar: creating ../main/libwrflib.a
ranlib ../main/libwrflib.a
make[2]: Leaving directory '/home/onishi/WRF/frame'
make[2]: Entering directory '/home/onishi/WRF/external/io_netcdf'
x=`echo "time mpif90 -f90=ifort -ip -fp-model precise -w -ftz -align all -fno-alias -FR -convert big_endian   -real-size 32 -i4  " | awk '{print $1}'` ; export x ; \
if [ $x = "gfortran" ] ; then \
           echo removing external declaration of iargc for gfortran ; \
   /lib/cpp -P -nostdinc -I/home/onishi/WRF/external/ioapi_share -P -traditional-cpp -DUSE_NETCDF4_FEATURES -DWRFIO_NCD_LARGE_FILE_SUPPORT -I/home/onishi/NETCDF_DIR2//include -I../ioapi_share diffwrf.F90 | sed '/integer *, *external.*iargc/d' > diffwrf.f ;\
        else \
   /lib/cpp -P -nostdinc -I/home/onishi/WRF/external/ioapi_share -P -traditional-cpp -DUSE_NETCDF4_FEATURES -DWRFIO_NCD_LARGE_FILE_SUPPORT -I/home/onishi/NETCDF_DIR2//include -I../ioapi_share diffwrf.F90 > diffwrf.f ; \
        fi
time mpif90 -f90=ifort -ip -fp-model precise -w -ftz -align all -fno-alias -FR -convert big_endian   -real-size 32 -i4   -c  -I/home/onishi/NETCDF_DIR2//include -I../ioapi_share diffwrf.f
0.30user 0.06system 0:00.40elapsed 93%CPU (0avgtext+0avgdata 69136maxresident)k
184inputs+704outputs (0major+15377minor)pagefaults 0swaps
diffwrf io_netcdf is being built now. 
0.26user 0.14system 0:00.47elapsed 87%CPU (0avgtext+0avgdata 41004maxresident)k
2416inputs+3928outputs (3major+23800minor)pagefaults 0swaps
make[2]: Leaving directory '/home/onishi/WRF/external/io_netcdf'
make[2]: Entering directory '/home/onishi/WRF/external/io_netcdf'
make[2]: Nothing to be done for 'all'.
make[2]: Leaving directory '/home/onishi/WRF/external/io_netcdf'
SKIPPING make -i -r NETCDFPARPATH=/home/onishi/NETCDF_DIR2/ NETCDF4_DEP_LIB=-L/net/nfs/tools/u20/22.3/PrgEnv/intel/linux-ubuntu20.04-zen2/netcdf-c/4.7.4-intel-19.0.8.324-lrkc3hr6tci6gc3d5xw47c3py4sfuiqv/lib -lnetcdf -L/net/nfs/tools/u20/22.3/PrgEnv/intel/linux-ubuntu20.04-zen2/netcdf-fortran/4.5.3-intel-19.0.8.324-friscs3w2oeb73gbl37h4ae7p43fp2gh/lib -lnetcdff FC=time mpif90 -f90=ifort -ip -fp-model precise -w -ftz -align all -fno-alias -FR -convert big_endian   -real-size 32 -i4   RANLIB=ranlib CPP=/lib/cpp -P -nostdinc -I/home/onishi/WRF/external/ioapi_share LDFLAGS= -O3 -ip -fp-model precise -w -ftz -align all -fno-alias -FR -convert big_endian   -ip   TRADFLAG=-traditional-cpp -DUSE_NETCDF4_FEATURES -DWRFIO_NCD_LARGE_FILE_SUPPORT ESMF_IO_LIB_EXT=-L/home/onishi/WRF/external/esmf_time_f90 -lesmf_time LIB_LOCAL= ESMF_MOD_DEPENDENCE=/home/onishi/WRF/external/esmf_time_f90/module_utility.o AR=INTERNAL_BUILD_ERROR_SHOULD_NOT_NEED_AR diffwrf
SKIPPING make -i -r NETCDFPARPATH=/home/onishi/NETCDF_DIR2/ NETCDF4_DEP_LIB=-L/net/nfs/tools/u20/22.3/PrgEnv/intel/linux-ubuntu20.04-zen2/netcdf-c/4.7.4-intel-19.0.8.324-lrkc3hr6tci6gc3d5xw47c3py4sfuiqv/lib -lnetcdf -L/net/nfs/tools/u20/22.3/PrgEnv/intel/linux-ubuntu20.04-zen2/netcdf-fortran/4.5.3-intel-19.0.8.324-friscs3w2oeb73gbl37h4ae7p43fp2gh/lib -lnetcdff FC=ifort -ip -fp-model precise -w -ftz -align all -fno-alias -FR -convert big_endian   -real-size 32 -i4   RANLIB=ranlib CPP=/lib/cpp -P -nostdinc -I/home/onishi/WRF/external/ioapi_share LDFLAGS= -O3 -ip -fp-model precise -w -ftz -align all -fno-alias -FR -convert big_endian   -ip   TRADFLAG=-traditional-cpp -DUSE_NETCDF4_FEATURES -DWRFIO_NCD_LARGE_FILE_SUPPORT ESMF_IO_LIB_EXT=-L/home/onishi/WRF/external/esmf_time_f90 -lesmf_time LIB_LOCAL= ESMF_MOD_DEPENDENCE=/home/onishi/WRF/external/esmf_time_f90/module_utility.o AR=INTERNAL_BUILD_ERROR_SHOULD_NOT_NEED_AR
SKIPPING PIO BUILD make -i -r NETCDFPATH= NETCDF4_DEP_LIB=-L/net/nfs/tools/u20/22.3/PrgEnv/intel/linux-ubuntu20.04-zen2/netcdf-c/4.7.4-intel-19.0.8.324-lrkc3hr6tci6gc3d5xw47c3py4sfuiqv/lib -lnetcdf -L/net/nfs/tools/u20/22.3/PrgEnv/intel/linux-ubuntu20.04-zen2/netcdf-fortran/4.5.3-intel-19.0.8.324-friscs3w2oeb73gbl37h4ae7p43fp2gh/lib -lnetcdff FC=ifort -ip -fp-model precise -w -ftz -align all -fno-alias -FR -convert big_endian   -real-size 32 -i4   RANLIB=ranlib CPP=/lib/cpp -P -nostdinc -I/home/onishi/WRF/external/ioapi_share LDFLAGS= -O3 -ip -fp-model precise -w -ftz -align all -fno-alias -FR -convert big_endian   -ip   TRADFLAG=-traditional-cpp -DUSE_NETCDF4_FEATURES -DWRFIO_NCD_LARGE_FILE_SUPPORT ESMF_IO_LIB_EXT=-L/home/onishi/WRF/external/esmf_time_f90 -lesmf_time LIB_LOCAL= ESMF_MOD_DEPENDENCE=/home/onishi/WRF/external/esmf_time_f90/module_utility.o AR=INTERNAL_BUILD_ERROR_SHOULD_NOT_NEED_AR
make[2]: Entering directory '/home/onishi/WRF/external/io_int'
if [ -f ../../frame/pack_utils.o -a -f ../../frame/clog.o ] ; then \
  ifort -ip -fp-model precise -w -ftz -align all -fno-alias -FR -convert big_endian   -real-size 32 -i4     -O3 -ip -fp-model precise -w -ftz -align all -fno-alias -FR -convert big_endian   -ip   -I../ioapi_share -o diffwrf diffwrf.f \
	../../frame/pack_utils.o ../../frame/module_internal_header_util.o ../../frame/module_driver_constants.o ../../frame/module_machine.o ../../frame/module_wrf_error.o ../../frame/wrf_debug.o -L/home/onishi/WRF/external/esmf_time_f90 -lesmf_time libwrfio_int.a ; \
fi
make[2]: Leaving directory '/home/onishi/WRF/external/io_int'
make[1]: Leaving directory '/home/onishi/WRF'
make -i -r MODULE_DIRS="-I../dyn_em  -I/home/onishi/WRF/external/esmf_time_f90  -I/home/onishi/WRF/main -I/home/onishi/WRF/external/io_netcdf -I/home/onishi/WRF/external/io_int -I/home/onishi/WRF/frame -I/home/onishi/WRF/share -I/home/onishi/WRF/phys -I/home/onishi/WRF/wrftladj -I/home/onishi/WRF/chem -I/home/onishi/WRF/inc -I/home/onishi/NETCDF_DIR2//include " shared
make[1]: Entering directory '/home/onishi/WRF'
--------------------------------------
if [ "`echo -j 2 | sed -e 's/-j//g' -e 's/ \+//g'`" -gt "6" ] ; then \
  if [ 0 -eq 0 ]   ; then \
   ( cd share ; make -i -r -j 6 PERTMOD=" " ) ;  \
  else \
   ( cd share ; make -i -r -j 6 PERTMOD="../dyn_em/module_bc_em.o ../wrftladj/mediation_pertmod_io.o" ) ;  \
  fi \
else \
  if [ 0 -eq 0 ]   ; then \
   ( cd share ; make -i -r -j 2 PERTMOD=" " ) ;  \
  else \
   ( cd share ; make -i -r -j 2 PERTMOD="../dyn_em/module_bc_em.o ../wrftladj/mediation_pertmod_io.o" ) ;  \
  fi \
fi
make[2]: Entering directory '/home/onishi/WRF/share'
rm -f module_bc_time_utilities.o
sed -e "s/^\!.*'.*//" -e "s/^ *\!.*'.*//" module_bc_time_utilities.F > module_bc_time_utilities.G
rm -f module_get_file_names.o
sed -e "s/^\!.*'.*//" -e "s/^ *\!.*'.*//" module_get_file_names.F > module_get_file_names.G
/lib/cpp -P -nostdinc -I/home/onishi/WRF/external/ioapi_share -I/home/onishi/WRF/inc -DEM_CORE=1 -DNMM_CORE=0 -DNMM_MAX_DIM=2600 -DDA_CORE=0 -DWRFPLUS=0 -DIWORDSIZE=4 -DDWORDSIZE=8 -DRWORDSIZE=4 -DLWORDSIZE=4 -DNONSTANDARD_SYSTEM_FUNC  -DWRF_USE_CLM -DUSE_NETCDF4_FEATURES -DWRFIO_NCD_LARGE_FILE_SUPPORT  -DDM_PARALLEL -DNETCDF -DGRIB2 -DHDF5 -DLANDREAD_STUB=1 -DUSE_ALLOCATABLES -Dwrfmodel -DGRIB1 -DINTIO -DKEEP_INT_AROUND -DLIMIT_ARGS -DBUILD_RRTMG_FAST=0 -DBUILD_RRTMK=0 -DBUILD_SBM_FAST=1 -DSHOW_ALL_VARS_USED=0 -DCONFIG_BUF_LEN=65536 -DMAX_DOMAINS_F=21 -DMAX_HISTORY=25 -DNMM_NEST=0 -DWRF_CHEM -DBUILD_CHEM=1 -DWRF_KPP -I. -traditional-cpp -DUSE_NETCDF4_FEATURES -DWRFIO_NCD_LARGE_FILE_SUPPORT   module_bc_time_utilities.G  > module_bc_time_utilities.bb
/lib/cpp -P -nostdinc -I/home/onishi/WRF/external/ioapi_share -I/home/onishi/WRF/inc -DEM_CORE=1 -DNMM_CORE=0 -DNMM_MAX_DIM=2600 -DDA_CORE=0 -DWRFPLUS=0 -DIWORDSIZE=4 -DDWORDSIZE=8 -DRWORDSIZE=4 -DLWORDSIZE=4 -DNONSTANDARD_SYSTEM_FUNC  -DWRF_USE_CLM -DUSE_NETCDF4_FEATURES -DWRFIO_NCD_LARGE_FILE_SUPPORT  -DDM_PARALLEL -DNETCDF -DGRIB2 -DHDF5 -DLANDREAD_STUB=1 -DUSE_ALLOCATABLES -Dwrfmodel -DGRIB1 -DINTIO -DKEEP_INT_AROUND -DLIMIT_ARGS -DBUILD_RRTMG_FAST=0 -DBUILD_RRTMK=0 -DBUILD_SBM_FAST=1 -DSHOW_ALL_VARS_USED=0 -DCONFIG_BUF_LEN=65536 -DMAX_DOMAINS_F=21 -DMAX_HISTORY=25 -DNMM_NEST=0 -DWRF_CHEM -DBUILD_CHEM=1 -DWRF_KPP -I. -traditional-cpp -DUSE_NETCDF4_FEATURES -DWRFIO_NCD_LARGE_FILE_SUPPORT   module_get_file_names.G  > module_get_file_names.bb
/home/onishi/WRF/tools/standard.exe module_bc_time_utilities.bb | /lib/cpp -P -nostdinc -I/home/onishi/WRF/external/ioapi_share -traditional-cpp -DUSE_NETCDF4_FEATURES -DWRFIO_NCD_LARGE_FILE_SUPPORT > module_bc_time_utilities.f90
/home/onishi/WRF/tools/standard.exe module_get_file_names.bb | /lib/cpp -P -nostdinc -I/home/onishi/WRF/external/ioapi_share -traditional-cpp -DUSE_NETCDF4_FEATURES -DWRFIO_NCD_LARGE_FILE_SUPPORT > module_get_file_names.f90
rm -f module_bc_time_utilities.G module_bc_time_utilities.bb
rm -f module_get_file_names.G module_get_file_names.bb
time mpif90 -f90=ifort -o module_bc_time_utilities.o -c -O3 -ip -fp-model precise -w -ftz -align all -fno-alias -FR -convert big_endian    -I../dyn_em  -I/home/onishi/WRF/external/esmf_time_f90  -I/home/onishi/WRF/main -I/home/onishi/WRF/external/io_netcdf -I/home/onishi/WRF/external/io_int -I/home/onishi/WRF/frame -I/home/onishi/WRF/share -I/home/onishi/WRF/phys -I/home/onishi/WRF/wrftladj -I/home/onishi/WRF/chem -I/home/onishi/WRF/inc -I/home/onishi/NETCDF_DIR2//include  -real-size `expr 8 \* 4` -i4  module_bc_time_utilities.f90
time mpif90 -f90=ifort -o module_get_file_names.o -c -O3 -ip -fp-model precise -w -ftz -align all -fno-alias -FR -convert big_endian    -I../dyn_em  -I/home/onishi/WRF/external/esmf_time_f90  -I/home/onishi/WRF/main -I/home/onishi/WRF/external/io_netcdf -I/home/onishi/WRF/external/io_int -I/home/onishi/WRF/frame -I/home/onishi/WRF/share -I/home/onishi/WRF/phys -I/home/onishi/WRF/wrftladj -I/home/onishi/WRF/chem -I/home/onishi/WRF/inc -I/home/onishi/NETCDF_DIR2//include  -real-size `expr 8 \* 4` -i4  module_get_file_names.f90
0.04user 0.05system 0:00.13elapsed 78%CPU (0avgtext+0avgdata 41488maxresident)k
8inputs+272outputs (0major+6508minor)pagefaults 0swaps
rm -f module_compute_geop.o
sed -e "s/^\!.*'.*//" -e "s/^ *\!.*'.*//" module_compute_geop.F > module_compute_geop.G
/lib/cpp -P -nostdinc -I/home/onishi/WRF/external/ioapi_share -I/home/onishi/WRF/inc -DEM_CORE=1 -DNMM_CORE=0 -DNMM_MAX_DIM=2600 -DDA_CORE=0 -DWRFPLUS=0 -DIWORDSIZE=4 -DDWORDSIZE=8 -DRWORDSIZE=4 -DLWORDSIZE=4 -DNONSTANDARD_SYSTEM_FUNC  -DWRF_USE_CLM -DUSE_NETCDF4_FEATURES -DWRFIO_NCD_LARGE_FILE_SUPPORT  -DDM_PARALLEL -DNETCDF -DGRIB2 -DHDF5 -DLANDREAD_STUB=1 -DUSE_ALLOCATABLES -Dwrfmodel -DGRIB1 -DINTIO -DKEEP_INT_AROUND -DLIMIT_ARGS -DBUILD_RRTMG_FAST=0 -DBUILD_RRTMK=0 -DBUILD_SBM_FAST=1 -DSHOW_ALL_VARS_USED=0 -DCONFIG_BUF_LEN=65536 -DMAX_DOMAINS_F=21 -DMAX_HISTORY=25 -DNMM_NEST=0 -DWRF_CHEM -DBUILD_CHEM=1 -DWRF_KPP -I. -traditional-cpp -DUSE_NETCDF4_FEATURES -DWRFIO_NCD_LARGE_FILE_SUPPORT   module_compute_geop.G  > module_compute_geop.bb
0.07user 0.05system 0:00.14elapsed 92%CPU (0avgtext+0avgdata 47884maxresident)k
8inputs+168outputs (0major+7520minor)pagefaults 0swaps
rm -f module_chem_share.o
sed -e "s/^\!.*'.*//" -e "s/^ *\!.*'.*//" module_chem_share.F > module_chem_share.G
/home/onishi/WRF/tools/standard.exe module_compute_geop.bb | /lib/cpp -P -nostdinc -I/home/onishi/WRF/external/ioapi_share -traditional-cpp -DUSE_NETCDF4_FEATURES -DWRFIO_NCD_LARGE_FILE_SUPPORT > module_compute_geop.f90
/lib/cpp -P -nostdinc -I/home/onishi/WRF/external/ioapi_share -I/home/onishi/WRF/inc -DEM_CORE=1 -DNMM_CORE=0 -DNMM_MAX_DIM=2600 -DDA_CORE=0 -DWRFPLUS=0 -DIWORDSIZE=4 -DDWORDSIZE=8 -DRWORDSIZE=4 -DLWORDSIZE=4 -DNONSTANDARD_SYSTEM_FUNC  -DWRF_USE_CLM -DUSE_NETCDF4_FEATURES -DWRFIO_NCD_LARGE_FILE_SUPPORT  -DDM_PARALLEL -DNETCDF -DGRIB2 -DHDF5 -DLANDREAD_STUB=1 -DUSE_ALLOCATABLES -Dwrfmodel -DGRIB1 -DINTIO -DKEEP_INT_AROUND -DLIMIT_ARGS -DBUILD_RRTMG_FAST=0 -DBUILD_RRTMK=0 -DBUILD_SBM_FAST=1 -DSHOW_ALL_VARS_USED=0 -DCONFIG_BUF_LEN=65536 -DMAX_DOMAINS_F=21 -DMAX_HISTORY=25 -DNMM_NEST=0 -DWRF_CHEM -DBUILD_CHEM=1 -DWRF_KPP -I. -traditional-cpp -DUSE_NETCDF4_FEATURES -DWRFIO_NCD_LARGE_FILE_SUPPORT   module_chem_share.G  > module_chem_share.bb
rm -f module_compute_geop.G module_compute_geop.bb
/home/onishi/WRF/tools/standard.exe module_chem_share.bb | /lib/cpp -P -nostdinc -I/home/onishi/WRF/external/ioapi_share -traditional-cpp -DUSE_NETCDF4_FEATURES -DWRFIO_NCD_LARGE_FILE_SUPPORT > module_chem_share.f90
time mpif90 -f90=ifort -o module_compute_geop.o -c -O3 -ip -fp-model precise -w -ftz -align all -fno-alias -FR -convert big_endian    -I../dyn_em  -I/home/onishi/WRF/external/esmf_time_f90  -I/home/onishi/WRF/main -I/home/onishi/WRF/external/io_netcdf -I/home/onishi/WRF/external/io_int -I/home/onishi/WRF/frame -I/home/onishi/WRF/share -I/home/onishi/WRF/phys -I/home/onishi/WRF/wrftladj -I/home/onishi/WRF/chem -I/home/onishi/WRF/inc -I/home/onishi/NETCDF_DIR2//include  -real-size `expr 8 \* 4` -i4  module_compute_geop.f90
rm -f module_chem_share.G module_chem_share.bb
time mpif90 -f90=ifort -o module_chem_share.o -c -O3 -ip -fp-model precise -w -ftz -align all -fno-alias -FR -convert big_endian    -I../dyn_em  -I/home/onishi/WRF/external/esmf_time_f90  -I/home/onishi/WRF/main -I/home/onishi/WRF/external/io_netcdf -I/home/onishi/WRF/external/io_int -I/home/onishi/WRF/frame -I/home/onishi/WRF/share -I/home/onishi/WRF/phys -I/home/onishi/WRF/wrftladj -I/home/onishi/WRF/chem -I/home/onishi/WRF/inc -I/home/onishi/NETCDF_DIR2//include  -real-size `expr 8 \* 4` -i4  module_chem_share.f90
0.03user 0.07system 0:00.12elapsed 86%CPU (0avgtext+0avgdata 42480maxresident)k
8inputs+184outputs (0major+6988minor)pagefaults 0swaps
rm -f ../phys/module_bep_bem_helper.o
sed -e "s/^\!.*'.*//" -e "s/^ *\!.*'.*//" ../phys/module_bep_bem_helper.F > ../phys/module_bep_bem_helper.G
0.07user 0.06system 0:00.15elapsed 89%CPU (0avgtext+0avgdata 48400maxresident)k
8inputs+152outputs (0major+7732minor)pagefaults 0swaps
rm -f module_HLaw.o
/lib/cpp -P -nostdinc -I/home/onishi/WRF/external/ioapi_share -I/home/onishi/WRF/inc -DEM_CORE=1 -DNMM_CORE=0 -DNMM_MAX_DIM=2600 -DDA_CORE=0 -DWRFPLUS=0 -DIWORDSIZE=4 -DDWORDSIZE=8 -DRWORDSIZE=4 -DLWORDSIZE=4 -DNONSTANDARD_SYSTEM_FUNC  -DWRF_USE_CLM -DUSE_NETCDF4_FEATURES -DWRFIO_NCD_LARGE_FILE_SUPPORT  -DDM_PARALLEL -DNETCDF -DGRIB2 -DHDF5 -DLANDREAD_STUB=1 -DUSE_ALLOCATABLES -Dwrfmodel -DGRIB1 -DINTIO -DKEEP_INT_AROUND -DLIMIT_ARGS -DBUILD_RRTMG_FAST=0 -DBUILD_RRTMK=0 -DBUILD_SBM_FAST=1 -DSHOW_ALL_VARS_USED=0 -DCONFIG_BUF_LEN=65536 -DMAX_DOMAINS_F=21 -DMAX_HISTORY=25 -DNMM_NEST=0 -DWRF_CHEM -DBUILD_CHEM=1 -DWRF_KPP -I. -traditional-cpp -DUSE_NETCDF4_FEATURES -DWRFIO_NCD_LARGE_FILE_SUPPORT   ../phys/module_bep_bem_helper.G  > ../phys/module_bep_bem_helper.bb
sed -e "s/^\!.*'.*//" -e "s/^ *\!.*'.*//" module_HLaw.F > module_HLaw.G
/lib/cpp -P -nostdinc -I/home/onishi/WRF/external/ioapi_share -I/home/onishi/WRF/inc -DEM_CORE=1 -DNMM_CORE=0 -DNMM_MAX_DIM=2600 -DDA_CORE=0 -DWRFPLUS=0 -DIWORDSIZE=4 -DDWORDSIZE=8 -DRWORDSIZE=4 -DLWORDSIZE=4 -DNONSTANDARD_SYSTEM_FUNC  -DWRF_USE_CLM -DUSE_NETCDF4_FEATURES -DWRFIO_NCD_LARGE_FILE_SUPPORT  -DDM_PARALLEL -DNETCDF -DGRIB2 -DHDF5 -DLANDREAD_STUB=1 -DUSE_ALLOCATABLES -Dwrfmodel -DGRIB1 -DINTIO -DKEEP_INT_AROUND -DLIMIT_ARGS -DBUILD_RRTMG_FAST=0 -DBUILD_RRTMK=0 -DBUILD_SBM_FAST=1 -DSHOW_ALL_VARS_USED=0 -DCONFIG_BUF_LEN=65536 -DMAX_DOMAINS_F=21 -DMAX_HISTORY=25 -DNMM_NEST=0 -DWRF_CHEM -DBUILD_CHEM=1 -DWRF_KPP -I. -traditional-cpp -DUSE_NETCDF4_FEATURES -DWRFIO_NCD_LARGE_FILE_SUPPORT   module_HLaw.G  > module_HLaw.bb
/home/onishi/WRF/tools/standard.exe ../phys/module_bep_bem_helper.bb | /lib/cpp -P -nostdinc -I/home/onishi/WRF/external/ioapi_share -traditional-cpp -DUSE_NETCDF4_FEATURES -DWRFIO_NCD_LARGE_FILE_SUPPORT > ../phys/module_bep_bem_helper.f90
/home/onishi/WRF/tools/standard.exe module_HLaw.bb | /lib/cpp -P -nostdinc -I/home/onishi/WRF/external/ioapi_share -traditional-cpp -DUSE_NETCDF4_FEATURES -DWRFIO_NCD_LARGE_FILE_SUPPORT > module_HLaw.f90
rm -f ../phys/module_bep_bem_helper.G ../phys/module_bep_bem_helper.bb
rm -f module_HLaw.G module_HLaw.bb
time mpif90 -f90=ifort -o ../phys/module_bep_bem_helper.o -c -O3 -ip -fp-model precise -w -ftz -align all -fno-alias -FR -convert big_endian    -I../dyn_em  -I/home/onishi/WRF/external/esmf_time_f90  -I/home/onishi/WRF/main -I/home/onishi/WRF/external/io_netcdf -I/home/onishi/WRF/external/io_int -I/home/onishi/WRF/frame -I/home/onishi/WRF/share -I/home/onishi/WRF/phys -I/home/onishi/WRF/wrftladj -I/home/onishi/WRF/chem -I/home/onishi/WRF/inc -I/home/onishi/NETCDF_DIR2//include  -real-size `expr 8 \* 4` -i4  ../phys/module_bep_bem_helper.f90
time mpif90 -f90=ifort -o module_HLaw.o -c -O3 -ip -fp-model precise -w -ftz -align all -fno-alias -FR -convert big_endian    -I../dyn_em  -I/home/onishi/WRF/external/esmf_time_f90  -I/home/onishi/WRF/main -I/home/onishi/WRF/external/io_netcdf -I/home/onishi/WRF/external/io_int -I/home/onishi/WRF/frame -I/home/onishi/WRF/share -I/home/onishi/WRF/phys -I/home/onishi/WRF/wrftladj -I/home/onishi/WRF/chem -I/home/onishi/WRF/inc -I/home/onishi/NETCDF_DIR2//include  -real-size `expr 8 \* 4` -i4  module_HLaw.f90
0.02user 0.05system 0:00.09elapsed 88%CPU (0avgtext+0avgdata 37420maxresident)k
8inputs+96outputs (0major+5957minor)pagefaults 0swaps
rm -f module_ctrans_aqchem.o
sed -e "s/^\!.*'.*//" -e "s/^ *\!.*'.*//" module_ctrans_aqchem.F > module_ctrans_aqchem.G
/lib/cpp -P -nostdinc -I/home/onishi/WRF/external/ioapi_share -I/home/onishi/WRF/inc -DEM_CORE=1 -DNMM_CORE=0 -DNMM_MAX_DIM=2600 -DDA_CORE=0 -DWRFPLUS=0 -DIWORDSIZE=4 -DDWORDSIZE=8 -DRWORDSIZE=4 -DLWORDSIZE=4 -DNONSTANDARD_SYSTEM_FUNC  -DWRF_USE_CLM -DUSE_NETCDF4_FEATURES -DWRFIO_NCD_LARGE_FILE_SUPPORT  -DDM_PARALLEL -DNETCDF -DGRIB2 -DHDF5 -DLANDREAD_STUB=1 -DUSE_ALLOCATABLES -Dwrfmodel -DGRIB1 -DINTIO -DKEEP_INT_AROUND -DLIMIT_ARGS -DBUILD_RRTMG_FAST=0 -DBUILD_RRTMK=0 -DBUILD_SBM_FAST=1 -DSHOW_ALL_VARS_USED=0 -DCONFIG_BUF_LEN=65536 -DMAX_DOMAINS_F=21 -DMAX_HISTORY=25 -DNMM_NEST=0 -DWRF_CHEM -DBUILD_CHEM=1 -DWRF_KPP -I. -traditional-cpp -DUSE_NETCDF4_FEATURES -DWRFIO_NCD_LARGE_FILE_SUPPORT   module_ctrans_aqchem.G  > module_ctrans_aqchem.bb
/home/onishi/WRF/tools/standard.exe module_ctrans_aqchem.bb | /lib/cpp -P -nostdinc -I/home/onishi/WRF/external/ioapi_share -traditional-cpp -DUSE_NETCDF4_FEATURES -DWRFIO_NCD_LARGE_FILE_SUPPORT > module_ctrans_aqchem.f90
0.04user 0.08system 0:00.13elapsed 89%CPU (0avgtext+0avgdata 47120maxresident)k
8inputs+168outputs (0major+7525minor)pagefaults 0swaps
rm -f bobrand.o
rm -f module_ctrans_aqchem.G module_ctrans_aqchem.bb
mpicc -cc=icc -DFSEEKO64_OK  -o bobrand.o -c -w -O3 -ip -DRPC_TYPES=1  -DDM_PARALLEL -DLANDREAD_STUB=1 -DMAX_HISTORY=25 -DNMM_CORE=0 bobrand.c
time mpif90 -f90=ifort -o module_ctrans_aqchem.o -c -O3 -ip -fp-model precise -w -ftz -align all -fno-alias -FR -convert big_endian    -I../dyn_em  -I/home/onishi/WRF/external/esmf_time_f90  -I/home/onishi/WRF/main -I/home/onishi/WRF/external/io_netcdf -I/home/onishi/WRF/external/io_int -I/home/onishi/WRF/frame -I/home/onishi/WRF/share -I/home/onishi/WRF/phys -I/home/onishi/WRF/wrftladj -I/home/onishi/WRF/chem -I/home/onishi/WRF/inc -I/home/onishi/NETCDF_DIR2//include  -real-size `expr 8 \* 4` -i4  module_ctrans_aqchem.f90
0.60user 0.10system 0:00.72elapsed 98%CPU (0avgtext+0avgdata 77584maxresident)k
144inputs+912outputs (0major+16897minor)pagefaults 0swaps
rm -f module_llxy.o
sed -e "s/^\!.*'.*//" -e "s/^ *\!.*'.*//" module_llxy.F > module_llxy.G
/lib/cpp -P -nostdinc -I/home/onishi/WRF/external/ioapi_share -I/home/onishi/WRF/inc -DEM_CORE=1 -DNMM_CORE=0 -DNMM_MAX_DIM=2600 -DDA_CORE=0 -DWRFPLUS=0 -DIWORDSIZE=4 -DDWORDSIZE=8 -DRWORDSIZE=4 -DLWORDSIZE=4 -DNONSTANDARD_SYSTEM_FUNC  -DWRF_USE_CLM -DUSE_NETCDF4_FEATURES -DWRFIO_NCD_LARGE_FILE_SUPPORT  -DDM_PARALLEL -DNETCDF -DGRIB2 -DHDF5 -DLANDREAD_STUB=1 -DUSE_ALLOCATABLES -Dwrfmodel -DGRIB1 -DINTIO -DKEEP_INT_AROUND -DLIMIT_ARGS -DBUILD_RRTMG_FAST=0 -DBUILD_RRTMK=0 -DBUILD_SBM_FAST=1 -DSHOW_ALL_VARS_USED=0 -DCONFIG_BUF_LEN=65536 -DMAX_DOMAINS_F=21 -DMAX_HISTORY=25 -DNMM_NEST=0 -DWRF_CHEM -DBUILD_CHEM=1 -DWRF_KPP -I. -traditional-cpp -DUSE_NETCDF4_FEATURES -DWRFIO_NCD_LARGE_FILE_SUPPORT   module_llxy.G  > module_llxy.bb
/home/onishi/WRF/tools/standard.exe module_llxy.bb | /lib/cpp -P -nostdinc -I/home/onishi/WRF/external/ioapi_share -traditional-cpp -DUSE_NETCDF4_FEATURES -DWRFIO_NCD_LARGE_FILE_SUPPORT > module_llxy.f90
rm -f module_llxy.G module_llxy.bb
time mpif90 -f90=ifort -o module_llxy.o -c -O3 -ip -fp-model precise -w -ftz -align all -fno-alias -FR -convert big_endian    -I../dyn_em  -I/home/onishi/WRF/external/esmf_time_f90  -I/home/onishi/WRF/main -I/home/onishi/WRF/external/io_netcdf -I/home/onishi/WRF/external/io_int -I/home/onishi/WRF/frame -I/home/onishi/WRF/share -I/home/onishi/WRF/phys -I/home/onishi/WRF/wrftladj -I/home/onishi/WRF/chem -I/home/onishi/WRF/inc -I/home/onishi/NETCDF_DIR2//include  -real-size `expr 8 \* 4` -i4  module_llxy.f90
rm -f module_interp_store.o
sed -e "s/^\!.*'.*//" -e "s/^ *\!.*'.*//" module_interp_store.F > module_interp_store.G
/lib/cpp -P -nostdinc -I/home/onishi/WRF/external/ioapi_share -I/home/onishi/WRF/inc -DEM_CORE=1 -DNMM_CORE=0 -DNMM_MAX_DIM=2600 -DDA_CORE=0 -DWRFPLUS=0 -DIWORDSIZE=4 -DDWORDSIZE=8 -DRWORDSIZE=4 -DLWORDSIZE=4 -DNONSTANDARD_SYSTEM_FUNC  -DWRF_USE_CLM -DUSE_NETCDF4_FEATURES -DWRFIO_NCD_LARGE_FILE_SUPPORT  -DDM_PARALLEL -DNETCDF -DGRIB2 -DHDF5 -DLANDREAD_STUB=1 -DUSE_ALLOCATABLES -Dwrfmodel -DGRIB1 -DINTIO -DKEEP_INT_AROUND -DLIMIT_ARGS -DBUILD_RRTMG_FAST=0 -DBUILD_RRTMK=0 -DBUILD_SBM_FAST=1 -DSHOW_ALL_VARS_USED=0 -DCONFIG_BUF_LEN=65536 -DMAX_DOMAINS_F=21 -DMAX_HISTORY=25 -DNMM_NEST=0 -DWRF_CHEM -DBUILD_CHEM=1 -DWRF_KPP -I. -traditional-cpp -DUSE_NETCDF4_FEATURES -DWRFIO_NCD_LARGE_FILE_SUPPORT   module_interp_store.G  > module_interp_store.bb
/home/onishi/WRF/tools/standard.exe module_interp_store.bb | /lib/cpp -P -nostdinc -I/home/onishi/WRF/external/ioapi_share -traditional-cpp -DUSE_NETCDF4_FEATURES -DWRFIO_NCD_LARGE_FILE_SUPPORT > module_interp_store.f90
rm -f module_interp_store.G module_interp_store.bb
time mpif90 -f90=ifort -o module_interp_store.o -c -O3 -ip -fp-model precise -w -ftz -align all -fno-alias -FR -convert big_endian    -I../dyn_em  -I/home/onishi/WRF/external/esmf_time_f90  -I/home/onishi/WRF/main -I/home/onishi/WRF/external/io_netcdf -I/home/onishi/WRF/external/io_int -I/home/onishi/WRF/frame -I/home/onishi/WRF/share -I/home/onishi/WRF/phys -I/home/onishi/WRF/wrftladj -I/home/onishi/WRF/chem -I/home/onishi/WRF/inc -I/home/onishi/NETCDF_DIR2//include  -real-size `expr 8 \* 4` -i4  module_interp_store.f90
0.86user 0.10system 0:00.99elapsed 98%CPU (0avgtext+0avgdata 70264maxresident)k
112inputs+976outputs (0major+14479minor)pagefaults 0swaps
rm -f module_string_tools.o
sed -e "s/^\!.*'.*//" -e "s/^ *\!.*'.*//" module_string_tools.F > module_string_tools.G
/lib/cpp -P -nostdinc -I/home/onishi/WRF/external/ioapi_share -I/home/onishi/WRF/inc -DEM_CORE=1 -DNMM_CORE=0 -DNMM_MAX_DIM=2600 -DDA_CORE=0 -DWRFPLUS=0 -DIWORDSIZE=4 -DDWORDSIZE=8 -DRWORDSIZE=4 -DLWORDSIZE=4 -DNONSTANDARD_SYSTEM_FUNC  -DWRF_USE_CLM -DUSE_NETCDF4_FEATURES -DWRFIO_NCD_LARGE_FILE_SUPPORT  -DDM_PARALLEL -DNETCDF -DGRIB2 -DHDF5 -DLANDREAD_STUB=1 -DUSE_ALLOCATABLES -Dwrfmodel -DGRIB1 -DINTIO -DKEEP_INT_AROUND -DLIMIT_ARGS -DBUILD_RRTMG_FAST=0 -DBUILD_RRTMK=0 -DBUILD_SBM_FAST=1 -DSHOW_ALL_VARS_USED=0 -DCONFIG_BUF_LEN=65536 -DMAX_DOMAINS_F=21 -DMAX_HISTORY=25 -DNMM_NEST=0 -DWRF_CHEM -DBUILD_CHEM=1 -DWRF_KPP -I. -traditional-cpp -DUSE_NETCDF4_FEATURES -DWRFIO_NCD_LARGE_FILE_SUPPORT   module_string_tools.G  > module_string_tools.bb
/home/onishi/WRF/tools/standard.exe module_string_tools.bb | /lib/cpp -P -nostdinc -I/home/onishi/WRF/external/ioapi_share -traditional-cpp -DUSE_NETCDF4_FEATURES -DWRFIO_NCD_LARGE_FILE_SUPPORT > module_string_tools.f90
rm -f module_string_tools.G module_string_tools.bb
0.36user 0.10system 0:00.48elapsed 96%CPU (0avgtext+0avgdata 57104maxresident)k
24inputs+104outputs (0major+10843minor)pagefaults 0swaps
rm -f module_MPP.o
sed -e "s/^\!.*'.*//" -e "s/^ *\!.*'.*//" module_MPP.F > module_MPP.G
/lib/cpp -P -nostdinc -I/home/onishi/WRF/external/ioapi_share -I/home/onishi/WRF/inc -DEM_CORE=1 -DNMM_CORE=0 -DNMM_MAX_DIM=2600 -DDA_CORE=0 -DWRFPLUS=0 -DIWORDSIZE=4 -DDWORDSIZE=8 -DRWORDSIZE=4 -DLWORDSIZE=4 -DNONSTANDARD_SYSTEM_FUNC  -DWRF_USE_CLM -DUSE_NETCDF4_FEATURES -DWRFIO_NCD_LARGE_FILE_SUPPORT  -DDM_PARALLEL -DNETCDF -DGRIB2 -DHDF5 -DLANDREAD_STUB=1 -DUSE_ALLOCATABLES -Dwrfmodel -DGRIB1 -DINTIO -DKEEP_INT_AROUND -DLIMIT_ARGS -DBUILD_RRTMG_FAST=0 -DBUILD_RRTMK=0 -DBUILD_SBM_FAST=1 -DSHOW_ALL_VARS_USED=0 -DCONFIG_BUF_LEN=65536 -DMAX_DOMAINS_F=21 -DMAX_HISTORY=25 -DNMM_NEST=0 -DWRF_CHEM -DBUILD_CHEM=1 -DWRF_KPP -I. -traditional-cpp -DUSE_NETCDF4_FEATURES -DWRFIO_NCD_LARGE_FILE_SUPPORT   module_MPP.G  > module_MPP.bb
time mpif90 -f90=ifort -o module_string_tools.o -c -O3 -ip -fp-model precise -w -ftz -align all -fno-alias -FR -convert big_endian    -I../dyn_em  -I/home/onishi/WRF/external/esmf_time_f90  -I/home/onishi/WRF/main -I/home/onishi/WRF/external/io_netcdf -I/home/onishi/WRF/external/io_int -I/home/onishi/WRF/frame -I/home/onishi/WRF/share -I/home/onishi/WRF/phys -I/home/onishi/WRF/wrftladj -I/home/onishi/WRF/chem -I/home/onishi/WRF/inc -I/home/onishi/NETCDF_DIR2//include  -real-size `expr 8 \* 4` -i4  module_string_tools.f90
/home/onishi/WRF/tools/standard.exe module_MPP.bb | /lib/cpp -P -nostdinc -I/home/onishi/WRF/external/ioapi_share -traditional-cpp -DUSE_NETCDF4_FEATURES -DWRFIO_NCD_LARGE_FILE_SUPPORT > module_MPP.f90
rm -f module_MPP.G module_MPP.bb
time mpif90 -f90=ifort -o module_MPP.o -c -O3 -ip -fp-model precise -w -ftz -align all -fno-alias -FR -convert big_endian    -I../dyn_em  -I/home/onishi/WRF/external/esmf_time_f90  -I/home/onishi/WRF/main -I/home/onishi/WRF/external/io_netcdf -I/home/onishi/WRF/external/io_int -I/home/onishi/WRF/frame -I/home/onishi/WRF/share -I/home/onishi/WRF/phys -I/home/onishi/WRF/wrftladj -I/home/onishi/WRF/chem -I/home/onishi/WRF/inc -I/home/onishi/NETCDF_DIR2//include  -real-size `expr 8 \* 4` -i4  module_MPP.f90
0.02user 0.06system 0:00.10elapsed 89%CPU (0avgtext+0avgdata 43396maxresident)k
8inputs+96outputs (0major+6698minor)pagefaults 0swaps
rm -f ../phys/module_checkerror.o
sed -e "s/^\!.*'.*//" -e "s/^ *\!.*'.*//" ../phys/module_checkerror.F > ../phys/module_checkerror.G
/lib/cpp -P -nostdinc -I/home/onishi/WRF/external/ioapi_share -I/home/onishi/WRF/inc -DEM_CORE=1 -DNMM_CORE=0 -DNMM_MAX_DIM=2600 -DDA_CORE=0 -DWRFPLUS=0 -DIWORDSIZE=4 -DDWORDSIZE=8 -DRWORDSIZE=4 -DLWORDSIZE=4 -DNONSTANDARD_SYSTEM_FUNC  -DWRF_USE_CLM -DUSE_NETCDF4_FEATURES -DWRFIO_NCD_LARGE_FILE_SUPPORT  -DDM_PARALLEL -DNETCDF -DGRIB2 -DHDF5 -DLANDREAD_STUB=1 -DUSE_ALLOCATABLES -Dwrfmodel -DGRIB1 -DINTIO -DKEEP_INT_AROUND -DLIMIT_ARGS -DBUILD_RRTMG_FAST=0 -DBUILD_RRTMK=0 -DBUILD_SBM_FAST=1 -DSHOW_ALL_VARS_USED=0 -DCONFIG_BUF_LEN=65536 -DMAX_DOMAINS_F=21 -DMAX_HISTORY=25 -DNMM_NEST=0 -DWRF_CHEM -DBUILD_CHEM=1 -DWRF_KPP -I. -traditional-cpp -DUSE_NETCDF4_FEATURES -DWRFIO_NCD_LARGE_FILE_SUPPORT   ../phys/module_checkerror.G  > ../phys/module_checkerror.bb
/home/onishi/WRF/tools/standard.exe ../phys/module_checkerror.bb | /lib/cpp -P -nostdinc -I/home/onishi/WRF/external/ioapi_share -traditional-cpp -DUSE_NETCDF4_FEATURES -DWRFIO_NCD_LARGE_FILE_SUPPORT > ../phys/module_checkerror.f90
0.03user 0.05system 0:00.09elapsed 86%CPU (0avgtext+0avgdata 37660maxresident)k
8inputs+136outputs (0major+6015minor)pagefaults 0swaps
rm -f module_date_time.o
sed -e "s/^\!.*'.*//" -e "s/^ *\!.*'.*//" module_date_time.F > module_date_time.G
rm -f ../phys/module_checkerror.G ../phys/module_checkerror.bb
/lib/cpp -P -nostdinc -I/home/onishi/WRF/external/ioapi_share -I/home/onishi/WRF/inc -DEM_CORE=1 -DNMM_CORE=0 -DNMM_MAX_DIM=2600 -DDA_CORE=0 -DWRFPLUS=0 -DIWORDSIZE=4 -DDWORDSIZE=8 -DRWORDSIZE=4 -DLWORDSIZE=4 -DNONSTANDARD_SYSTEM_FUNC  -DWRF_USE_CLM -DUSE_NETCDF4_FEATURES -DWRFIO_NCD_LARGE_FILE_SUPPORT  -DDM_PARALLEL -DNETCDF -DGRIB2 -DHDF5 -DLANDREAD_STUB=1 -DUSE_ALLOCATABLES -Dwrfmodel -DGRIB1 -DINTIO -DKEEP_INT_AROUND -DLIMIT_ARGS -DBUILD_RRTMG_FAST=0 -DBUILD_RRTMK=0 -DBUILD_SBM_FAST=1 -DSHOW_ALL_VARS_USED=0 -DCONFIG_BUF_LEN=65536 -DMAX_DOMAINS_F=21 -DMAX_HISTORY=25 -DNMM_NEST=0 -DWRF_CHEM -DBUILD_CHEM=1 -DWRF_KPP -I. -traditional-cpp -DUSE_NETCDF4_FEATURES -DWRFIO_NCD_LARGE_FILE_SUPPORT   module_date_time.G  > module_date_time.bb
time mpif90 -f90=ifort -o ../phys/module_checkerror.o -c -O3 -ip -fp-model precise -w -ftz -align all -fno-alias -FR -convert big_endian    -I../dyn_em  -I/home/onishi/WRF/external/esmf_time_f90  -I/home/onishi/WRF/main -I/home/onishi/WRF/external/io_netcdf -I/home/onishi/WRF/external/io_int -I/home/onishi/WRF/frame -I/home/onishi/WRF/share -I/home/onishi/WRF/phys -I/home/onishi/WRF/wrftladj -I/home/onishi/WRF/chem -I/home/onishi/WRF/inc -I/home/onishi/NETCDF_DIR2//include  -real-size `expr 8 \* 4` -i4  ../phys/module_checkerror.f90
/home/onishi/WRF/tools/standard.exe module_date_time.bb | /lib/cpp -P -nostdinc -I/home/onishi/WRF/external/ioapi_share -traditional-cpp -DUSE_NETCDF4_FEATURES -DWRFIO_NCD_LARGE_FILE_SUPPORT > module_date_time.f90
rm -f module_date_time.G module_date_time.bb
time mpif90 -f90=ifort -o module_date_time.o -c -O3 -ip -fp-model precise -w -ftz -align all -fno-alias -FR -convert big_endian    -I../dyn_em  -I/home/onishi/WRF/external/esmf_time_f90  -I/home/onishi/WRF/main -I/home/onishi/WRF/external/io_netcdf -I/home/onishi/WRF/external/io_int -I/home/onishi/WRF/frame -I/home/onishi/WRF/share -I/home/onishi/WRF/phys -I/home/onishi/WRF/wrftladj -I/home/onishi/WRF/chem -I/home/onishi/WRF/inc -I/home/onishi/NETCDF_DIR2//include  -real-size `expr 8 \* 4` -i4  module_date_time.f90
0.20user 0.08system 0:00.30elapsed 95%CPU (0avgtext+0avgdata 51436maxresident)k
24inputs+592outputs (0major+9610minor)pagefaults 0swaps
rm -f mediation_interp_domain.o
sed -e "s/^\!.*'.*//" -e "s/^ *\!.*'.*//" mediation_interp_domain.F > mediation_interp_domain.G
/lib/cpp -P -nostdinc -I/home/onishi/WRF/external/ioapi_share -I/home/onishi/WRF/inc -DEM_CORE=1 -DNMM_CORE=0 -DNMM_MAX_DIM=2600 -DDA_CORE=0 -DWRFPLUS=0 -DIWORDSIZE=4 -DDWORDSIZE=8 -DRWORDSIZE=4 -DLWORDSIZE=4 -DNONSTANDARD_SYSTEM_FUNC  -DWRF_USE_CLM -DUSE_NETCDF4_FEATURES -DWRFIO_NCD_LARGE_FILE_SUPPORT  -DDM_PARALLEL -DNETCDF -DGRIB2 -DHDF5 -DLANDREAD_STUB=1 -DUSE_ALLOCATABLES -Dwrfmodel -DGRIB1 -DINTIO -DKEEP_INT_AROUND -DLIMIT_ARGS -DBUILD_RRTMG_FAST=0 -DBUILD_RRTMK=0 -DBUILD_SBM_FAST=1 -DSHOW_ALL_VARS_USED=0 -DCONFIG_BUF_LEN=65536 -DMAX_DOMAINS_F=21 -DMAX_HISTORY=25 -DNMM_NEST=0 -DWRF_CHEM -DBUILD_CHEM=1 -DWRF_KPP -I. -traditional-cpp -DUSE_NETCDF4_FEATURES -DWRFIO_NCD_LARGE_FILE_SUPPORT   mediation_interp_domain.G  > mediation_interp_domain.bb
/home/onishi/WRF/tools/standard.exe mediation_interp_domain.bb | /lib/cpp -P -nostdinc -I/home/onishi/WRF/external/ioapi_share -traditional-cpp -DUSE_NETCDF4_FEATURES -DWRFIO_NCD_LARGE_FILE_SUPPORT > mediation_interp_domain.f90
rm -f mediation_interp_domain.G mediation_interp_domain.bb
time mpif90 -f90=ifort -o mediation_interp_domain.o -c -O3 -ip -fp-model precise -w -ftz -align all -fno-alias -FR -convert big_endian    -I../dyn_em  -I/home/onishi/WRF/external/esmf_time_f90  -I/home/onishi/WRF/main -I/home/onishi/WRF/external/io_netcdf -I/home/onishi/WRF/external/io_int -I/home/onishi/WRF/frame -I/home/onishi/WRF/share -I/home/onishi/WRF/phys -I/home/onishi/WRF/wrftladj -I/home/onishi/WRF/chem -I/home/onishi/WRF/inc -I/home/onishi/NETCDF_DIR2//include  -real-size `expr 8 \* 4` -i4  mediation_interp_domain.f90
0.31user 0.11system 0:00.45elapsed 95%CPU (0avgtext+0avgdata 63988maxresident)k
48inputs+584outputs (0major+11976minor)pagefaults 0swaps
rm -f mediation_force_domain.o
sed -e "s/^\!.*'.*//" -e "s/^ *\!.*'.*//" mediation_force_domain.F > mediation_force_domain.G
/lib/cpp -P -nostdinc -I/home/onishi/WRF/external/ioapi_share -I/home/onishi/WRF/inc -DEM_CORE=1 -DNMM_CORE=0 -DNMM_MAX_DIM=2600 -DDA_CORE=0 -DWRFPLUS=0 -DIWORDSIZE=4 -DDWORDSIZE=8 -DRWORDSIZE=4 -DLWORDSIZE=4 -DNONSTANDARD_SYSTEM_FUNC  -DWRF_USE_CLM -DUSE_NETCDF4_FEATURES -DWRFIO_NCD_LARGE_FILE_SUPPORT  -DDM_PARALLEL -DNETCDF -DGRIB2 -DHDF5 -DLANDREAD_STUB=1 -DUSE_ALLOCATABLES -Dwrfmodel -DGRIB1 -DINTIO -DKEEP_INT_AROUND -DLIMIT_ARGS -DBUILD_RRTMG_FAST=0 -DBUILD_RRTMK=0 -DBUILD_SBM_FAST=1 -DSHOW_ALL_VARS_USED=0 -DCONFIG_BUF_LEN=65536 -DMAX_DOMAINS_F=21 -DMAX_HISTORY=25 -DNMM_NEST=0 -DWRF_CHEM -DBUILD_CHEM=1 -DWRF_KPP -I. -traditional-cpp -DUSE_NETCDF4_FEATURES -DWRFIO_NCD_LARGE_FILE_SUPPORT   mediation_force_domain.G  > mediation_force_domain.bb
/home/onishi/WRF/tools/standard.exe mediation_force_domain.bb | /lib/cpp -P -nostdinc -I/home/onishi/WRF/external/ioapi_share -traditional-cpp -DUSE_NETCDF4_FEATURES -DWRFIO_NCD_LARGE_FILE_SUPPORT > mediation_force_domain.f90
rm -f mediation_force_domain.G mediation_force_domain.bb
time mpif90 -f90=ifort -o mediation_force_domain.o -c -O3 -ip -fp-model precise -w -ftz -align all -fno-alias -FR -convert big_endian    -I../dyn_em  -I/home/onishi/WRF/external/esmf_time_f90  -I/home/onishi/WRF/main -I/home/onishi/WRF/external/io_netcdf -I/home/onishi/WRF/external/io_int -I/home/onishi/WRF/frame -I/home/onishi/WRF/share -I/home/onishi/WRF/phys -I/home/onishi/WRF/wrftladj -I/home/onishi/WRF/chem -I/home/onishi/WRF/inc -I/home/onishi/NETCDF_DIR2//include  -real-size `expr 8 \* 4` -i4  mediation_force_domain.f90
2.30user 0.23system 0:02.56elapsed 99%CPU (0avgtext+0avgdata 159700maxresident)k
120inputs+1176outputs (0major+37512minor)pagefaults 0swaps
rm -f ../frame/module_intermediate_nmm.o
sed -e "s/^\!.*'.*//" -e "s/^ *\!.*'.*//" ../frame/module_intermediate_nmm.F > ../frame/module_intermediate_nmm.G
/lib/cpp -P -nostdinc -I/home/onishi/WRF/external/ioapi_share -I/home/onishi/WRF/inc -DEM_CORE=1 -DNMM_CORE=0 -DNMM_MAX_DIM=2600 -DDA_CORE=0 -DWRFPLUS=0 -DIWORDSIZE=4 -DDWORDSIZE=8 -DRWORDSIZE=4 -DLWORDSIZE=4 -DNONSTANDARD_SYSTEM_FUNC  -DWRF_USE_CLM -DUSE_NETCDF4_FEATURES -DWRFIO_NCD_LARGE_FILE_SUPPORT  -DDM_PARALLEL -DNETCDF -DGRIB2 -DHDF5 -DLANDREAD_STUB=1 -DUSE_ALLOCATABLES -Dwrfmodel -DGRIB1 -DINTIO -DKEEP_INT_AROUND -DLIMIT_ARGS -DBUILD_RRTMG_FAST=0 -DBUILD_RRTMK=0 -DBUILD_SBM_FAST=1 -DSHOW_ALL_VARS_USED=0 -DCONFIG_BUF_LEN=65536 -DMAX_DOMAINS_F=21 -DMAX_HISTORY=25 -DNMM_NEST=0 -DWRF_CHEM -DBUILD_CHEM=1 -DWRF_KPP -I. -traditional-cpp -DUSE_NETCDF4_FEATURES -DWRFIO_NCD_LARGE_FILE_SUPPORT   ../frame/module_intermediate_nmm.G  > ../frame/module_intermediate_nmm.bb
/home/onishi/WRF/tools/standard.exe ../frame/module_intermediate_nmm.bb | /lib/cpp -P -nostdinc -I/home/onishi/WRF/external/ioapi_share -traditional-cpp -DUSE_NETCDF4_FEATURES -DWRFIO_NCD_LARGE_FILE_SUPPORT > ../frame/module_intermediate_nmm.f90
rm -f ../frame/module_intermediate_nmm.G ../frame/module_intermediate_nmm.bb
time mpif90 -f90=ifort -o ../frame/module_intermediate_nmm.o -c -O3 -ip -fp-model precise -w -ftz -align all -fno-alias -FR -convert big_endian    -I../dyn_em  -I/home/onishi/WRF/external/esmf_time_f90  -I/home/onishi/WRF/main -I/home/onishi/WRF/external/io_netcdf -I/home/onishi/WRF/external/io_int -I/home/onishi/WRF/frame -I/home/onishi/WRF/share -I/home/onishi/WRF/phys -I/home/onishi/WRF/wrftladj -I/home/onishi/WRF/chem -I/home/onishi/WRF/inc -I/home/onishi/NETCDF_DIR2//include  -real-size `expr 8 \* 4` -i4  ../frame/module_intermediate_nmm.f90
0.01user 0.07system 0:00.11elapsed 73%CPU (0avgtext+0avgdata 37336maxresident)k
8inputs+96outputs (0major+5932minor)pagefaults 0swaps
rm -f module_bc.o
sed -e "s/^\!.*'.*//" -e "s/^ *\!.*'.*//" module_bc.F > module_bc.G
/lib/cpp -P -nostdinc -I/home/onishi/WRF/external/ioapi_share -I/home/onishi/WRF/inc -DEM_CORE=1 -DNMM_CORE=0 -DNMM_MAX_DIM=2600 -DDA_CORE=0 -DWRFPLUS=0 -DIWORDSIZE=4 -DDWORDSIZE=8 -DRWORDSIZE=4 -DLWORDSIZE=4 -DNONSTANDARD_SYSTEM_FUNC  -DWRF_USE_CLM -DUSE_NETCDF4_FEATURES -DWRFIO_NCD_LARGE_FILE_SUPPORT  -DDM_PARALLEL -DNETCDF -DGRIB2 -DHDF5 -DLANDREAD_STUB=1 -DUSE_ALLOCATABLES -Dwrfmodel -DGRIB1 -DINTIO -DKEEP_INT_AROUND -DLIMIT_ARGS -DBUILD_RRTMG_FAST=0 -DBUILD_RRTMK=0 -DBUILD_SBM_FAST=1 -DSHOW_ALL_VARS_USED=0 -DCONFIG_BUF_LEN=65536 -DMAX_DOMAINS_F=21 -DMAX_HISTORY=25 -DNMM_NEST=0 -DWRF_CHEM -DBUILD_CHEM=1 -DWRF_KPP -I. -traditional-cpp -DUSE_NETCDF4_FEATURES -DWRFIO_NCD_LARGE_FILE_SUPPORT   module_bc.G  > module_bc.bb
/home/onishi/WRF/tools/standard.exe module_bc.bb | /lib/cpp -P -nostdinc -I/home/onishi/WRF/external/ioapi_share -traditional-cpp -DUSE_NETCDF4_FEATURES -DWRFIO_NCD_LARGE_FILE_SUPPORT > module_bc.f90
rm -f module_bc.G module_bc.bb
time mpif90 -f90=ifort -o module_bc.o -c -O3 -ip -fp-model precise -w -ftz -align all -fno-alias -FR -convert big_endian    -I../dyn_em  -I/home/onishi/WRF/external/esmf_time_f90  -I/home/onishi/WRF/main -I/home/onishi/WRF/external/io_netcdf -I/home/onishi/WRF/external/io_int -I/home/onishi/WRF/frame -I/home/onishi/WRF/share -I/home/onishi/WRF/phys -I/home/onishi/WRF/wrftladj -I/home/onishi/WRF/chem -I/home/onishi/WRF/inc -I/home/onishi/NETCDF_DIR2//include  -real-size `expr 8 \* 4` -i4  module_bc.f90
2.84user 0.24system 0:03.10elapsed 99%CPU (0avgtext+0avgdata 179192maxresident)k
104inputs+1032outputs (0major+43975minor)pagefaults 0swaps
rm -f module_io_wrf.o
/home/onishi/WRF/tools/standard.exe module_io_wrf.F > module_io_wrf.b 
/lib/cpp -P -nostdinc -I/home/onishi/WRF/external/ioapi_share -I/home/onishi/WRF/inc -DEM_CORE=1 -DNMM_CORE=0 -DNMM_MAX_DIM=2600 -DDA_CORE=0 -DWRFPLUS=0 -DIWORDSIZE=4 -DDWORDSIZE=8 -DRWORDSIZE=4 -DLWORDSIZE=4 -DNONSTANDARD_SYSTEM_FUNC  -DWRF_USE_CLM -DUSE_NETCDF4_FEATURES -DWRFIO_NCD_LARGE_FILE_SUPPORT  -DDM_PARALLEL -DNETCDF -DGRIB2 -DHDF5 -DLANDREAD_STUB=1 -DUSE_ALLOCATABLES -Dwrfmodel -DGRIB1 -DINTIO -DKEEP_INT_AROUND -DLIMIT_ARGS -DBUILD_RRTMG_FAST=0 -DBUILD_RRTMK=0 -DBUILD_SBM_FAST=1 -DSHOW_ALL_VARS_USED=0 -DCONFIG_BUF_LEN=65536 -DMAX_DOMAINS_F=21 -DMAX_HISTORY=25 -DNMM_NEST=0 -DWRF_CHEM -DBUILD_CHEM=1 -DWRF_KPP -I. -traditional-cpp -DUSE_NETCDF4_FEATURES -DWRFIO_NCD_LARGE_FILE_SUPPORT   module_io_wrf.b  > module_io_wrf.f90
rm -f module_io_wrf.b
time mpif90 -f90=ifort -c -real-size `expr 8 \* 4` -i4 -O0 -fno-inline -no-ip -ip -fp-model precise -w -ftz -align all -fno-alias -FR -convert big_endian   -I../dyn_em  -I/home/onishi/WRF/external/esmf_time_f90  -I/home/onishi/WRF/main -I/home/onishi/WRF/external/io_netcdf -I/home/onishi/WRF/external/io_int -I/home/onishi/WRF/frame -I/home/onishi/WRF/share -I/home/onishi/WRF/phys -I/home/onishi/WRF/wrftladj -I/home/onishi/WRF/chem -I/home/onishi/WRF/inc -I/home/onishi/NETCDF_DIR2//include    module_io_wrf.f90
0.04user 0.07system 0:00.12elapsed 91%CPU (0avgtext+0avgdata 37308maxresident)k
24inputs+128outputs (0major+6180minor)pagefaults 0swaps
rm -f module_soil_pre.o
sed -e "s/^\!.*'.*//" -e "s/^ *\!.*'.*//" module_soil_pre.F > module_soil_pre.G
/lib/cpp -P -nostdinc -I/home/onishi/WRF/external/ioapi_share -I/home/onishi/WRF/inc -DEM_CORE=1 -DNMM_CORE=0 -DNMM_MAX_DIM=2600 -DDA_CORE=0 -DWRFPLUS=0 -DIWORDSIZE=4 -DDWORDSIZE=8 -DRWORDSIZE=4 -DLWORDSIZE=4 -DNONSTANDARD_SYSTEM_FUNC  -DWRF_USE_CLM -DUSE_NETCDF4_FEATURES -DWRFIO_NCD_LARGE_FILE_SUPPORT  -DDM_PARALLEL -DNETCDF -DGRIB2 -DHDF5 -DLANDREAD_STUB=1 -DUSE_ALLOCATABLES -Dwrfmodel -DGRIB1 -DINTIO -DKEEP_INT_AROUND -DLIMIT_ARGS -DBUILD_RRTMG_FAST=0 -DBUILD_RRTMK=0 -DBUILD_SBM_FAST=1 -DSHOW_ALL_VARS_USED=0 -DCONFIG_BUF_LEN=65536 -DMAX_DOMAINS_F=21 -DMAX_HISTORY=25 -DNMM_NEST=0 -DWRF_CHEM -DBUILD_CHEM=1 -DWRF_KPP -I. -traditional-cpp -DUSE_NETCDF4_FEATURES -DWRFIO_NCD_LARGE_FILE_SUPPORT   module_soil_pre.G  > module_soil_pre.bb
/home/onishi/WRF/tools/standard.exe module_soil_pre.bb | /lib/cpp -P -nostdinc -I/home/onishi/WRF/external/ioapi_share -traditional-cpp -DUSE_NETCDF4_FEATURES -DWRFIO_NCD_LARGE_FILE_SUPPORT > module_soil_pre.f90
rm -f module_soil_pre.G module_soil_pre.bb
time mpif90 -f90=ifort -o module_soil_pre.o -c -O3 -ip -fp-model precise -w -ftz -align all -fno-alias -FR -convert big_endian    -I../dyn_em  -I/home/onishi/WRF/external/esmf_time_f90  -I/home/onishi/WRF/main -I/home/onishi/WRF/external/io_netcdf -I/home/onishi/WRF/external/io_int -I/home/onishi/WRF/frame -I/home/onishi/WRF/share -I/home/onishi/WRF/phys -I/home/onishi/WRF/wrftladj -I/home/onishi/WRF/chem -I/home/onishi/WRF/inc -I/home/onishi/NETCDF_DIR2//include  -real-size `expr 8 \* 4` -i4  module_soil_pre.f90
4.04user 0.19system 0:04.25elapsed 99%CPU (0avgtext+0avgdata 100052maxresident)k
240inputs+2352outputs (0major+26811minor)pagefaults 0swaps
rm -f wrf_tsin.o
/home/onishi/WRF/tools/standard.exe wrf_tsin.F > wrf_tsin.b 
/lib/cpp -P -nostdinc -I/home/onishi/WRF/external/ioapi_share -I/home/onishi/WRF/inc -DEM_CORE=1 -DNMM_CORE=0 -DNMM_MAX_DIM=2600 -DDA_CORE=0 -DWRFPLUS=0 -DIWORDSIZE=4 -DDWORDSIZE=8 -DRWORDSIZE=4 -DLWORDSIZE=4 -DNONSTANDARD_SYSTEM_FUNC  -DWRF_USE_CLM -DUSE_NETCDF4_FEATURES -DWRFIO_NCD_LARGE_FILE_SUPPORT  -DDM_PARALLEL -DNETCDF -DGRIB2 -DHDF5 -DLANDREAD_STUB=1 -DUSE_ALLOCATABLES -Dwrfmodel -DGRIB1 -DINTIO -DKEEP_INT_AROUND -DLIMIT_ARGS -DBUILD_RRTMG_FAST=0 -DBUILD_RRTMK=0 -DBUILD_SBM_FAST=1 -DSHOW_ALL_VARS_USED=0 -DCONFIG_BUF_LEN=65536 -DMAX_DOMAINS_F=21 -DMAX_HISTORY=25 -DNMM_NEST=0 -DWRF_CHEM -DBUILD_CHEM=1 -DWRF_KPP -I. -traditional-cpp -DUSE_NETCDF4_FEATURES -DWRFIO_NCD_LARGE_FILE_SUPPORT   wrf_tsin.b  > wrf_tsin.f90
rm -f wrf_tsin.b
time mpif90 -f90=ifort -c -real-size `expr 8 \* 4` -i4 -O0 -fno-inline -no-ip -ip -fp-model precise -w -ftz -align all -fno-alias -FR -convert big_endian   -I../dyn_em  -I/home/onishi/WRF/external/esmf_time_f90  -I/home/onishi/WRF/main -I/home/onishi/WRF/external/io_netcdf -I/home/onishi/WRF/external/io_int -I/home/onishi/WRF/frame -I/home/onishi/WRF/share -I/home/onishi/WRF/phys -I/home/onishi/WRF/wrftladj -I/home/onishi/WRF/chem -I/home/onishi/WRF/inc -I/home/onishi/NETCDF_DIR2//include    wrf_tsin.f90
0.34user 0.10system 0:00.47elapsed 93%CPU (0avgtext+0avgdata 70200maxresident)k
40inputs+496outputs (0major+14721minor)pagefaults 0swaps
rm -f track_input.o
sed -e "s/^\!.*'.*//" -e "s/^ *\!.*'.*//" track_input.F > track_input.G
/lib/cpp -P -nostdinc -I/home/onishi/WRF/external/ioapi_share -I/home/onishi/WRF/inc -DEM_CORE=1 -DNMM_CORE=0 -DNMM_MAX_DIM=2600 -DDA_CORE=0 -DWRFPLUS=0 -DIWORDSIZE=4 -DDWORDSIZE=8 -DRWORDSIZE=4 -DLWORDSIZE=4 -DNONSTANDARD_SYSTEM_FUNC  -DWRF_USE_CLM -DUSE_NETCDF4_FEATURES -DWRFIO_NCD_LARGE_FILE_SUPPORT  -DDM_PARALLEL -DNETCDF -DGRIB2 -DHDF5 -DLANDREAD_STUB=1 -DUSE_ALLOCATABLES -Dwrfmodel -DGRIB1 -DINTIO -DKEEP_INT_AROUND -DLIMIT_ARGS -DBUILD_RRTMG_FAST=0 -DBUILD_RRTMK=0 -DBUILD_SBM_FAST=1 -DSHOW_ALL_VARS_USED=0 -DCONFIG_BUF_LEN=65536 -DMAX_DOMAINS_F=21 -DMAX_HISTORY=25 -DNMM_NEST=0 -DWRF_CHEM -DBUILD_CHEM=1 -DWRF_KPP -I. -traditional-cpp -DUSE_NETCDF4_FEATURES -DWRFIO_NCD_LARGE_FILE_SUPPORT   track_input.G  > track_input.bb
/home/onishi/WRF/tools/standard.exe track_input.bb | /lib/cpp -P -nostdinc -I/home/onishi/WRF/external/ioapi_share -traditional-cpp -DUSE_NETCDF4_FEATURES -DWRFIO_NCD_LARGE_FILE_SUPPORT > track_input.f90
rm -f track_input.G track_input.bb
time mpif90 -f90=ifort -o track_input.o -c -O3 -ip -fp-model precise -w -ftz -align all -fno-alias -FR -convert big_endian    -I../dyn_em  -I/home/onishi/WRF/external/esmf_time_f90  -I/home/onishi/WRF/main -I/home/onishi/WRF/external/io_netcdf -I/home/onishi/WRF/external/io_int -I/home/onishi/WRF/frame -I/home/onishi/WRF/share -I/home/onishi/WRF/phys -I/home/onishi/WRF/wrftladj -I/home/onishi/WRF/chem -I/home/onishi/WRF/inc -I/home/onishi/NETCDF_DIR2//include  -real-size `expr 8 \* 4` -i4  track_input.f90
0.53user 0.12system 0:00.67elapsed 98%CPU (0avgtext+0avgdata 81440maxresident)k
24inputs+168outputs (0major+16439minor)pagefaults 0swaps
rm -f set_timekeeping.o
sed -e "s/^\!.*'.*//" -e "s/^ *\!.*'.*//" set_timekeeping.F > set_timekeeping.G
/lib/cpp -P -nostdinc -I/home/onishi/WRF/external/ioapi_share -I/home/onishi/WRF/inc -DEM_CORE=1 -DNMM_CORE=0 -DNMM_MAX_DIM=2600 -DDA_CORE=0 -DWRFPLUS=0 -DIWORDSIZE=4 -DDWORDSIZE=8 -DRWORDSIZE=4 -DLWORDSIZE=4 -DNONSTANDARD_SYSTEM_FUNC  -DWRF_USE_CLM -DUSE_NETCDF4_FEATURES -DWRFIO_NCD_LARGE_FILE_SUPPORT  -DDM_PARALLEL -DNETCDF -DGRIB2 -DHDF5 -DLANDREAD_STUB=1 -DUSE_ALLOCATABLES -Dwrfmodel -DGRIB1 -DINTIO -DKEEP_INT_AROUND -DLIMIT_ARGS -DBUILD_RRTMG_FAST=0 -DBUILD_RRTMK=0 -DBUILD_SBM_FAST=1 -DSHOW_ALL_VARS_USED=0 -DCONFIG_BUF_LEN=65536 -DMAX_DOMAINS_F=21 -DMAX_HISTORY=25 -DNMM_NEST=0 -DWRF_CHEM -DBUILD_CHEM=1 -DWRF_KPP -I. -traditional-cpp -DUSE_NETCDF4_FEATURES -DWRFIO_NCD_LARGE_FILE_SUPPORT   set_timekeeping.G  > set_timekeeping.bb
/home/onishi/WRF/tools/standard.exe set_timekeeping.bb | /lib/cpp -P -nostdinc -I/home/onishi/WRF/external/ioapi_share -traditional-cpp -DUSE_NETCDF4_FEATURES -DWRFIO_NCD_LARGE_FILE_SUPPORT > set_timekeeping.f90
rm -f set_timekeeping.G set_timekeeping.bb
time mpif90 -f90=ifort -o set_timekeeping.o -c -O3 -ip -fp-model precise -w -ftz -align all -fno-alias -FR -convert big_endian    -I../dyn_em  -I/home/onishi/WRF/external/esmf_time_f90  -I/home/onishi/WRF/main -I/home/onishi/WRF/external/io_netcdf -I/home/onishi/WRF/external/io_int -I/home/onishi/WRF/frame -I/home/onishi/WRF/share -I/home/onishi/WRF/phys -I/home/onishi/WRF/wrftladj -I/home/onishi/WRF/chem -I/home/onishi/WRF/inc -I/home/onishi/NETCDF_DIR2//include  -real-size `expr 8 \* 4` -i4  set_timekeeping.f90
9.75user 0.20system 0:09.98elapsed 99%CPU (0avgtext+0avgdata 135768maxresident)k
1320inputs+3728outputs (0major+35884minor)pagefaults 0swaps
rm -f sint.o
sed -e "s/^\!.*'.*//" -e "s/^ *\!.*'.*//" sint.F > sint.G
/lib/cpp -P -nostdinc -I/home/onishi/WRF/external/ioapi_share -I/home/onishi/WRF/inc -DEM_CORE=1 -DNMM_CORE=0 -DNMM_MAX_DIM=2600 -DDA_CORE=0 -DWRFPLUS=0 -DIWORDSIZE=4 -DDWORDSIZE=8 -DRWORDSIZE=4 -DLWORDSIZE=4 -DNONSTANDARD_SYSTEM_FUNC  -DWRF_USE_CLM -DUSE_NETCDF4_FEATURES -DWRFIO_NCD_LARGE_FILE_SUPPORT  -DDM_PARALLEL -DNETCDF -DGRIB2 -DHDF5 -DLANDREAD_STUB=1 -DUSE_ALLOCATABLES -Dwrfmodel -DGRIB1 -DINTIO -DKEEP_INT_AROUND -DLIMIT_ARGS -DBUILD_RRTMG_FAST=0 -DBUILD_RRTMK=0 -DBUILD_SBM_FAST=1 -DSHOW_ALL_VARS_USED=0 -DCONFIG_BUF_LEN=65536 -DMAX_DOMAINS_F=21 -DMAX_HISTORY=25 -DNMM_NEST=0 -DWRF_CHEM -DBUILD_CHEM=1 -DWRF_KPP -I. -traditional-cpp -DUSE_NETCDF4_FEATURES -DWRFIO_NCD_LARGE_FILE_SUPPORT   sint.G  > sint.bb
/home/onishi/WRF/tools/standard.exe sint.bb | /lib/cpp -P -nostdinc -I/home/onishi/WRF/external/ioapi_share -traditional-cpp -DUSE_NETCDF4_FEATURES -DWRFIO_NCD_LARGE_FILE_SUPPORT > sint.f90
rm -f sint.G sint.bb
time mpif90 -f90=ifort -o sint.o -c -O3 -ip -fp-model precise -w -ftz -align all -fno-alias -FR -convert big_endian    -I../dyn_em  -I/home/onishi/WRF/external/esmf_time_f90  -I/home/onishi/WRF/main -I/home/onishi/WRF/external/io_netcdf -I/home/onishi/WRF/external/io_int -I/home/onishi/WRF/frame -I/home/onishi/WRF/share -I/home/onishi/WRF/phys -I/home/onishi/WRF/wrftladj -I/home/onishi/WRF/chem -I/home/onishi/WRF/inc -I/home/onishi/NETCDF_DIR2//include  -real-size `expr 8 \* 4` -i4  sint.f90
0.52user 0.08system 0:00.64elapsed 95%CPU (0avgtext+0avgdata 63356maxresident)k
32inputs+344outputs (0major+11955minor)pagefaults 0swaps
rm -f wrf_ext_write_field.o
/lib/cpp -P -nostdinc -I/home/onishi/WRF/external/ioapi_share -I/home/onishi/WRF/inc -DEM_CORE=1 -DNMM_CORE=0 -DNMM_MAX_DIM=2600 -DDA_CORE=0 -DWRFPLUS=0 -DIWORDSIZE=4 -DDWORDSIZE=8 -DRWORDSIZE=4 -DLWORDSIZE=4 -DNONSTANDARD_SYSTEM_FUNC  -DWRF_USE_CLM -DUSE_NETCDF4_FEATURES -DWRFIO_NCD_LARGE_FILE_SUPPORT  -DDM_PARALLEL -DNETCDF -DGRIB2 -DHDF5 -DLANDREAD_STUB=1 -DUSE_ALLOCATABLES -Dwrfmodel -DGRIB1 -DINTIO -DKEEP_INT_AROUND -DLIMIT_ARGS -DBUILD_RRTMG_FAST=0 -DBUILD_RRTMK=0 -DBUILD_SBM_FAST=1 -DSHOW_ALL_VARS_USED=0 -DCONFIG_BUF_LEN=65536 -DMAX_DOMAINS_F=21 -DMAX_HISTORY=25 -DNMM_NEST=0 -DWRF_CHEM -DBUILD_CHEM=1 -DWRF_KPP -I. -traditional-cpp -DUSE_NETCDF4_FEATURES -DWRFIO_NCD_LARGE_FILE_SUPPORT   wrf_ext_write_field.F  > wrf_ext_write_field.bb
/home/onishi/WRF/tools/standard.exe wrf_ext_write_field.bb | /lib/cpp -P -nostdinc -I/home/onishi/WRF/external/ioapi_share -traditional-cpp -DUSE_NETCDF4_FEATURES -DWRFIO_NCD_LARGE_FILE_SUPPORT > wrf_ext_write_field.f90
rm -f wrf_ext_write_field.b wrf_ext_write_field.bb
time mpif90 -f90=ifort -c -real-size `expr 8 \* 4` -i4  -O0 -fno-inline -no-ip -ip -fp-model precise -w -ftz -align all -fno-alias -FR -convert big_endian   -I../dyn_em  -I/home/onishi/WRF/external/esmf_time_f90  -I/home/onishi/WRF/main -I/home/onishi/WRF/external/io_netcdf -I/home/onishi/WRF/external/io_int -I/home/onishi/WRF/frame -I/home/onishi/WRF/share -I/home/onishi/WRF/phys -I/home/onishi/WRF/wrftladj -I/home/onishi/WRF/chem -I/home/onishi/WRF/inc -I/home/onishi/NETCDF_DIR2//include   wrf_ext_write_field.f90
4.62user 0.20system 0:04.84elapsed 99%CPU (0avgtext+0avgdata 162404maxresident)k
456inputs+2600outputs (0major+45282minor)pagefaults 0swaps
rm -f wrf_ext_read_field.o
/lib/cpp -P -nostdinc -I/home/onishi/WRF/external/ioapi_share -I/home/onishi/WRF/inc -DEM_CORE=1 -DNMM_CORE=0 -DNMM_MAX_DIM=2600 -DDA_CORE=0 -DWRFPLUS=0 -DIWORDSIZE=4 -DDWORDSIZE=8 -DRWORDSIZE=4 -DLWORDSIZE=4 -DNONSTANDARD_SYSTEM_FUNC  -DWRF_USE_CLM -DUSE_NETCDF4_FEATURES -DWRFIO_NCD_LARGE_FILE_SUPPORT  -DDM_PARALLEL -DNETCDF -DGRIB2 -DHDF5 -DLANDREAD_STUB=1 -DUSE_ALLOCATABLES -Dwrfmodel -DGRIB1 -DINTIO -DKEEP_INT_AROUND -DLIMIT_ARGS -DBUILD_RRTMG_FAST=0 -DBUILD_RRTMK=0 -DBUILD_SBM_FAST=1 -DSHOW_ALL_VARS_USED=0 -DCONFIG_BUF_LEN=65536 -DMAX_DOMAINS_F=21 -DMAX_HISTORY=25 -DNMM_NEST=0 -DWRF_CHEM -DBUILD_CHEM=1 -DWRF_KPP -I. -traditional-cpp -DUSE_NETCDF4_FEATURES -DWRFIO_NCD_LARGE_FILE_SUPPORT   wrf_ext_read_field.F  > wrf_ext_read_field.bb
/home/onishi/WRF/tools/standard.exe wrf_ext_read_field.bb | /lib/cpp -P -nostdinc -I/home/onishi/WRF/external/ioapi_share -traditional-cpp -DUSE_NETCDF4_FEATURES -DWRFIO_NCD_LARGE_FILE_SUPPORT > wrf_ext_read_field.f90
0.33user 0.12system 0:00.47elapsed 96%CPU (0avgtext+0avgdata 74392maxresident)k
32inputs+192outputs (0major+15803minor)pagefaults 0swaps
rm -f module_io_domain.o
sed -e "s/^\!.*'.*//" -e "s/^ *\!.*'.*//" module_io_domain.F > module_io_domain.G
/lib/cpp -P -nostdinc -I/home/onishi/WRF/external/ioapi_share -I/home/onishi/WRF/inc -DEM_CORE=1 -DNMM_CORE=0 -DNMM_MAX_DIM=2600 -DDA_CORE=0 -DWRFPLUS=0 -DIWORDSIZE=4 -DDWORDSIZE=8 -DRWORDSIZE=4 -DLWORDSIZE=4 -DNONSTANDARD_SYSTEM_FUNC  -DWRF_USE_CLM -DUSE_NETCDF4_FEATURES -DWRFIO_NCD_LARGE_FILE_SUPPORT  -DDM_PARALLEL -DNETCDF -DGRIB2 -DHDF5 -DLANDREAD_STUB=1 -DUSE_ALLOCATABLES -Dwrfmodel -DGRIB1 -DINTIO -DKEEP_INT_AROUND -DLIMIT_ARGS -DBUILD_RRTMG_FAST=0 -DBUILD_RRTMK=0 -DBUILD_SBM_FAST=1 -DSHOW_ALL_VARS_USED=0 -DCONFIG_BUF_LEN=65536 -DMAX_DOMAINS_F=21 -DMAX_HISTORY=25 -DNMM_NEST=0 -DWRF_CHEM -DBUILD_CHEM=1 -DWRF_KPP -I. -traditional-cpp -DUSE_NETCDF4_FEATURES -DWRFIO_NCD_LARGE_FILE_SUPPORT   module_io_domain.G  > module_io_domain.bb
rm -f wrf_ext_read_field.b wrf_ext_read_field.bb
time mpif90 -f90=ifort -c -real-size `expr 8 \* 4` -i4  -O0 -fno-inline -no-ip -ip -fp-model precise -w -ftz -align all -fno-alias -FR -convert big_endian   -I../dyn_em  -I/home/onishi/WRF/external/esmf_time_f90  -I/home/onishi/WRF/main -I/home/onishi/WRF/external/io_netcdf -I/home/onishi/WRF/external/io_int -I/home/onishi/WRF/frame -I/home/onishi/WRF/share -I/home/onishi/WRF/phys -I/home/onishi/WRF/wrftladj -I/home/onishi/WRF/chem -I/home/onishi/WRF/inc -I/home/onishi/NETCDF_DIR2//include   wrf_ext_read_field.f90
/home/onishi/WRF/tools/standard.exe module_io_domain.bb | /lib/cpp -P -nostdinc -I/home/onishi/WRF/external/ioapi_share -traditional-cpp -DUSE_NETCDF4_FEATURES -DWRFIO_NCD_LARGE_FILE_SUPPORT > module_io_domain.f90
rm -f module_io_domain.G module_io_domain.bb
time mpif90 -f90=ifort -o module_io_domain.o -c -O3 -ip -fp-model precise -w -ftz -align all -fno-alias -FR -convert big_endian    -I../dyn_em  -I/home/onishi/WRF/external/esmf_time_f90  -I/home/onishi/WRF/main -I/home/onishi/WRF/external/io_netcdf -I/home/onishi/WRF/external/io_int -I/home/onishi/WRF/frame -I/home/onishi/WRF/share -I/home/onishi/WRF/phys -I/home/onishi/WRF/wrftladj -I/home/onishi/WRF/chem -I/home/onishi/WRF/inc -I/home/onishi/NETCDF_DIR2//include  -real-size `expr 8 \* 4` -i4  module_io_domain.f90
0.30user 0.12system 0:00.44elapsed 96%CPU (0avgtext+0avgdata 74208maxresident)k
16inputs+136outputs (0major+15753minor)pagefaults 0swaps
rm -f landread.o
mpicc -cc=icc -DFSEEKO64_OK  -o landread.o -c -w -O3 -ip -DRPC_TYPES=1  -DDM_PARALLEL -DLANDREAD_STUB=1 -DMAX_HISTORY=25 -DNMM_CORE=0 landread.c
rm -f wrf_fddaobs_in.o
/home/onishi/WRF/tools/standard.exe wrf_fddaobs_in.F > wrf_fddaobs_in.b 
/lib/cpp -P -nostdinc -I/home/onishi/WRF/external/ioapi_share -I/home/onishi/WRF/inc -DEM_CORE=1 -DNMM_CORE=0 -DNMM_MAX_DIM=2600 -DDA_CORE=0 -DWRFPLUS=0 -DIWORDSIZE=4 -DDWORDSIZE=8 -DRWORDSIZE=4 -DLWORDSIZE=4 -DNONSTANDARD_SYSTEM_FUNC  -DWRF_USE_CLM -DUSE_NETCDF4_FEATURES -DWRFIO_NCD_LARGE_FILE_SUPPORT  -DDM_PARALLEL -DNETCDF -DGRIB2 -DHDF5 -DLANDREAD_STUB=1 -DUSE_ALLOCATABLES -Dwrfmodel -DGRIB1 -DINTIO -DKEEP_INT_AROUND -DLIMIT_ARGS -DBUILD_RRTMG_FAST=0 -DBUILD_RRTMK=0 -DBUILD_SBM_FAST=1 -DSHOW_ALL_VARS_USED=0 -DCONFIG_BUF_LEN=65536 -DMAX_DOMAINS_F=21 -DMAX_HISTORY=25 -DNMM_NEST=0 -DWRF_CHEM -DBUILD_CHEM=1 -DWRF_KPP -I. -traditional-cpp -DUSE_NETCDF4_FEATURES -DWRFIO_NCD_LARGE_FILE_SUPPORT   wrf_fddaobs_in.b  > wrf_fddaobs_in.f90
rm -f wrf_fddaobs_in.b
time mpif90 -f90=ifort -c -real-size `expr 8 \* 4` -i4 -O0 -fno-inline -no-ip -ip -fp-model precise -w -ftz -align all -fno-alias -FR -convert big_endian   -I../dyn_em  -I/home/onishi/WRF/external/esmf_time_f90  -I/home/onishi/WRF/main -I/home/onishi/WRF/external/io_netcdf -I/home/onishi/WRF/external/io_int -I/home/onishi/WRF/frame -I/home/onishi/WRF/share -I/home/onishi/WRF/phys -I/home/onishi/WRF/wrftladj -I/home/onishi/WRF/chem -I/home/onishi/WRF/inc -I/home/onishi/NETCDF_DIR2//include    wrf_fddaobs_in.f90
0.46user 0.14system 0:00.62elapsed 97%CPU (0avgtext+0avgdata 84696maxresident)k
168inputs+912outputs (0major+18188minor)pagefaults 0swaps
rm -f setfeenv.o
icc -o setfeenv.o -c -w -O3 -ip -DRPC_TYPES=1  -DDM_PARALLEL -DLANDREAD_STUB=1 -DMAX_HISTORY=25 -DNMM_CORE=0  setfeenv.c
rm -f input_wrf.o
/lib/cpp -P -nostdinc -I/home/onishi/WRF/external/ioapi_share -I/home/onishi/WRF/inc -DEM_CORE=1 -DNMM_CORE=0 -DNMM_MAX_DIM=2600 -DDA_CORE=0 -DWRFPLUS=0 -DIWORDSIZE=4 -DDWORDSIZE=8 -DRWORDSIZE=4 -DLWORDSIZE=4 -DNONSTANDARD_SYSTEM_FUNC  -DWRF_USE_CLM -DUSE_NETCDF4_FEATURES -DWRFIO_NCD_LARGE_FILE_SUPPORT  -DDM_PARALLEL -DNETCDF -DGRIB2 -DHDF5 -DLANDREAD_STUB=1 -DUSE_ALLOCATABLES -Dwrfmodel -DGRIB1 -DINTIO -DKEEP_INT_AROUND -DLIMIT_ARGS -DBUILD_RRTMG_FAST=0 -DBUILD_RRTMK=0 -DBUILD_SBM_FAST=1 -DSHOW_ALL_VARS_USED=0 -DCONFIG_BUF_LEN=65536 -DMAX_DOMAINS_F=21 -DMAX_HISTORY=25 -DNMM_NEST=0 -DWRF_CHEM -DBUILD_CHEM=1 -DWRF_KPP -I. -traditional-cpp -DUSE_NETCDF4_FEATURES -DWRFIO_NCD_LARGE_FILE_SUPPORT   input_wrf.F  > input_wrf.bb
/home/onishi/WRF/tools/standard.exe input_wrf.bb | /lib/cpp -P -nostdinc -I/home/onishi/WRF/external/ioapi_share -traditional-cpp -DUSE_NETCDF4_FEATURES -DWRFIO_NCD_LARGE_FILE_SUPPORT > input_wrf.f90
rm -f input_wrf.b input_wrf.bb
time mpif90 -f90=ifort -c -real-size `expr 8 \* 4` -i4  -O0 -fno-inline -no-ip -ip -fp-model precise -w -ftz -align all -fno-alias -FR -convert big_endian   -I../dyn_em  -I/home/onishi/WRF/external/esmf_time_f90  -I/home/onishi/WRF/main -I/home/onishi/WRF/external/io_netcdf -I/home/onishi/WRF/external/io_int -I/home/onishi/WRF/frame -I/home/onishi/WRF/share -I/home/onishi/WRF/phys -I/home/onishi/WRF/wrftladj -I/home/onishi/WRF/chem -I/home/onishi/WRF/inc -I/home/onishi/NETCDF_DIR2//include   input_wrf.f90
0.61user 0.17system 0:00.81elapsed 97%CPU (0avgtext+0avgdata 91136maxresident)k
368inputs+1664outputs (0major+20556minor)pagefaults 0swaps
rm -f output_wrf.o
/home/onishi/WRF/tools/standard.exe output_wrf.F > output_wrf.b 
/lib/cpp -P -nostdinc -I/home/onishi/WRF/external/ioapi_share -I/home/onishi/WRF/inc -DEM_CORE=1 -DNMM_CORE=0 -DNMM_MAX_DIM=2600 -DDA_CORE=0 -DWRFPLUS=0 -DIWORDSIZE=4 -DDWORDSIZE=8 -DRWORDSIZE=4 -DLWORDSIZE=4 -DNONSTANDARD_SYSTEM_FUNC  -DWRF_USE_CLM -DUSE_NETCDF4_FEATURES -DWRFIO_NCD_LARGE_FILE_SUPPORT  -DDM_PARALLEL -DNETCDF -DGRIB2 -DHDF5 -DLANDREAD_STUB=1 -DUSE_ALLOCATABLES -Dwrfmodel -DGRIB1 -DINTIO -DKEEP_INT_AROUND -DLIMIT_ARGS -DBUILD_RRTMG_FAST=0 -DBUILD_RRTMK=0 -DBUILD_SBM_FAST=1 -DSHOW_ALL_VARS_USED=0 -DCONFIG_BUF_LEN=65536 -DMAX_DOMAINS_F=21 -DMAX_HISTORY=25 -DNMM_NEST=0 -DWRF_CHEM -DBUILD_CHEM=1 -DWRF_KPP -I. -traditional-cpp -DUSE_NETCDF4_FEATURES -DWRFIO_NCD_LARGE_FILE_SUPPORT   output_wrf.b  > output_wrf.f90
rm -f output_wrf.b
time mpif90 -f90=ifort -c -real-size `expr 8 \* 4` -i4 -O0 -fno-inline -no-ip -ip -fp-model precise -w -ftz -align all -fno-alias -FR -convert big_endian   -I../dyn_em  -I/home/onishi/WRF/external/esmf_time_f90  -I/home/onishi/WRF/main -I/home/onishi/WRF/external/io_netcdf -I/home/onishi/WRF/external/io_int -I/home/onishi/WRF/frame -I/home/onishi/WRF/share -I/home/onishi/WRF/phys -I/home/onishi/WRF/wrftladj -I/home/onishi/WRF/chem -I/home/onishi/WRF/inc -I/home/onishi/NETCDF_DIR2//include    output_wrf.f90
0.61user 0.13system 0:00.76elapsed 98%CPU (0avgtext+0avgdata 94436maxresident)k
184inputs+1304outputs (0major+21213minor)pagefaults 0swaps
rm -f wrf_bdyout.o
/lib/cpp -P -nostdinc -I/home/onishi/WRF/external/ioapi_share -I/home/onishi/WRF/inc -DEM_CORE=1 -DNMM_CORE=0 -DNMM_MAX_DIM=2600 -DDA_CORE=0 -DWRFPLUS=0 -DIWORDSIZE=4 -DDWORDSIZE=8 -DRWORDSIZE=4 -DLWORDSIZE=4 -DNONSTANDARD_SYSTEM_FUNC  -DWRF_USE_CLM -DUSE_NETCDF4_FEATURES -DWRFIO_NCD_LARGE_FILE_SUPPORT  -DDM_PARALLEL -DNETCDF -DGRIB2 -DHDF5 -DLANDREAD_STUB=1 -DUSE_ALLOCATABLES -Dwrfmodel -DGRIB1 -DINTIO -DKEEP_INT_AROUND -DLIMIT_ARGS -DBUILD_RRTMG_FAST=0 -DBUILD_RRTMK=0 -DBUILD_SBM_FAST=1 -DSHOW_ALL_VARS_USED=0 -DCONFIG_BUF_LEN=65536 -DMAX_DOMAINS_F=21 -DMAX_HISTORY=25 -DNMM_NEST=0 -DWRF_CHEM -DBUILD_CHEM=1 -DWRF_KPP -I. -traditional-cpp -DUSE_NETCDF4_FEATURES -DWRFIO_NCD_LARGE_FILE_SUPPORT   wrf_bdyout.F  > wrf_bdyout.bb
/home/onishi/WRF/tools/standard.exe wrf_bdyout.bb | /lib/cpp -P -nostdinc -I/home/onishi/WRF/external/ioapi_share -traditional-cpp -DUSE_NETCDF4_FEATURES -DWRFIO_NCD_LARGE_FILE_SUPPORT > wrf_bdyout.f90
rm -f wrf_bdyout.b wrf_bdyout.bb
time mpif90 -f90=ifort -c -real-size `expr 8 \* 4` -i4  -O0 -fno-inline -no-ip -ip -fp-model precise -w -ftz -align all -fno-alias -FR -convert big_endian   -I../dyn_em  -I/home/onishi/WRF/external/esmf_time_f90  -I/home/onishi/WRF/main -I/home/onishi/WRF/external/io_netcdf -I/home/onishi/WRF/external/io_int -I/home/onishi/WRF/frame -I/home/onishi/WRF/share -I/home/onishi/WRF/phys -I/home/onishi/WRF/wrftladj -I/home/onishi/WRF/chem -I/home/onishi/WRF/inc -I/home/onishi/NETCDF_DIR2//include   wrf_bdyout.f90
0.79user 0.13system 0:00.94elapsed 98%CPU (0avgtext+0avgdata 94544maxresident)k
272inputs+2112outputs (0major+21731minor)pagefaults 0swaps
rm -f wrf_bdyin.o
/lib/cpp -P -nostdinc -I/home/onishi/WRF/external/ioapi_share -I/home/onishi/WRF/inc -DEM_CORE=1 -DNMM_CORE=0 -DNMM_MAX_DIM=2600 -DDA_CORE=0 -DWRFPLUS=0 -DIWORDSIZE=4 -DDWORDSIZE=8 -DRWORDSIZE=4 -DLWORDSIZE=4 -DNONSTANDARD_SYSTEM_FUNC  -DWRF_USE_CLM -DUSE_NETCDF4_FEATURES -DWRFIO_NCD_LARGE_FILE_SUPPORT  -DDM_PARALLEL -DNETCDF -DGRIB2 -DHDF5 -DLANDREAD_STUB=1 -DUSE_ALLOCATABLES -Dwrfmodel -DGRIB1 -DINTIO -DKEEP_INT_AROUND -DLIMIT_ARGS -DBUILD_RRTMG_FAST=0 -DBUILD_RRTMK=0 -DBUILD_SBM_FAST=1 -DSHOW_ALL_VARS_USED=0 -DCONFIG_BUF_LEN=65536 -DMAX_DOMAINS_F=21 -DMAX_HISTORY=25 -DNMM_NEST=0 -DWRF_CHEM -DBUILD_CHEM=1 -DWRF_KPP -I. -traditional-cpp -DUSE_NETCDF4_FEATURES -DWRFIO_NCD_LARGE_FILE_SUPPORT   wrf_bdyin.F  > wrf_bdyin.bb
/home/onishi/WRF/tools/standard.exe wrf_bdyin.bb | /lib/cpp -P -nostdinc -I/home/onishi/WRF/external/ioapi_share -traditional-cpp -DUSE_NETCDF4_FEATURES -DWRFIO_NCD_LARGE_FILE_SUPPORT > wrf_bdyin.f90
rm -f wrf_bdyin.b wrf_bdyin.bb
time mpif90 -f90=ifort -c -real-size `expr 8 \* 4` -i4  -O0 -fno-inline -no-ip -ip -fp-model precise -w -ftz -align all -fno-alias -FR -convert big_endian   -I../dyn_em  -I/home/onishi/WRF/external/esmf_time_f90  -I/home/onishi/WRF/main -I/home/onishi/WRF/external/io_netcdf -I/home/onishi/WRF/external/io_int -I/home/onishi/WRF/frame -I/home/onishi/WRF/share -I/home/onishi/WRF/phys -I/home/onishi/WRF/wrftladj -I/home/onishi/WRF/chem -I/home/onishi/WRF/inc -I/home/onishi/NETCDF_DIR2//include   wrf_bdyin.f90
3.94user 0.24system 0:04.22elapsed 99%CPU (0avgtext+0avgdata 136132maxresident)k
120inputs+12848outputs (0major+30731minor)pagefaults 0swaps
rm -f ../dyn_em/module_bc_em.o
sed -e "s/^\!.*'.*//" -e "s/^ *\!.*'.*//" ../dyn_em/module_bc_em.F > ../dyn_em/module_bc_em.G
/lib/cpp -P -nostdinc -I/home/onishi/WRF/external/ioapi_share -I/home/onishi/WRF/inc -DEM_CORE=1 -DNMM_CORE=0 -DNMM_MAX_DIM=2600 -DDA_CORE=0 -DWRFPLUS=0 -DIWORDSIZE=4 -DDWORDSIZE=8 -DRWORDSIZE=4 -DLWORDSIZE=4 -DNONSTANDARD_SYSTEM_FUNC  -DWRF_USE_CLM -DUSE_NETCDF4_FEATURES -DWRFIO_NCD_LARGE_FILE_SUPPORT  -DDM_PARALLEL -DNETCDF -DGRIB2 -DHDF5 -DLANDREAD_STUB=1 -DUSE_ALLOCATABLES -Dwrfmodel -DGRIB1 -DINTIO -DKEEP_INT_AROUND -DLIMIT_ARGS -DBUILD_RRTMG_FAST=0 -DBUILD_RRTMK=0 -DBUILD_SBM_FAST=1 -DSHOW_ALL_VARS_USED=0 -DCONFIG_BUF_LEN=65536 -DMAX_DOMAINS_F=21 -DMAX_HISTORY=25 -DNMM_NEST=0 -DWRF_CHEM -DBUILD_CHEM=1 -DWRF_KPP -I. -traditional-cpp -DUSE_NETCDF4_FEATURES -DWRFIO_NCD_LARGE_FILE_SUPPORT   ../dyn_em/module_bc_em.G  > ../dyn_em/module_bc_em.bb
/home/onishi/WRF/tools/standard.exe ../dyn_em/module_bc_em.bb | /lib/cpp -P -nostdinc -I/home/onishi/WRF/external/ioapi_share -traditional-cpp -DUSE_NETCDF4_FEATURES -DWRFIO_NCD_LARGE_FILE_SUPPORT > ../dyn_em/module_bc_em.f90
rm -f ../dyn_em/module_bc_em.G ../dyn_em/module_bc_em.bb
time mpif90 -f90=ifort -o ../dyn_em/module_bc_em.o -c -O3 -ip -fp-model precise -w -ftz -align all -fno-alias -FR -convert big_endian    -I../dyn_em  -I/home/onishi/WRF/external/esmf_time_f90  -I/home/onishi/WRF/main -I/home/onishi/WRF/external/io_netcdf -I/home/onishi/WRF/external/io_int -I/home/onishi/WRF/frame -I/home/onishi/WRF/share -I/home/onishi/WRF/phys -I/home/onishi/WRF/wrftladj -I/home/onishi/WRF/chem -I/home/onishi/WRF/inc -I/home/onishi/NETCDF_DIR2//include  -real-size `expr 8 \* 4` -i4  ../dyn_em/module_bc_em.f90
0.73user 0.14system 0:00.91elapsed 96%CPU (0avgtext+0avgdata 94532maxresident)k
200inputs+1912outputs (0major+21638minor)pagefaults 0swaps
rm -f mediation_wrfmain.o
sed -e "s/^\!.*'.*//" -e "s/^ *\!.*'.*//" mediation_wrfmain.F > mediation_wrfmain.G
/lib/cpp -P -nostdinc -I/home/onishi/WRF/external/ioapi_share -I/home/onishi/WRF/inc -DEM_CORE=1 -DNMM_CORE=0 -DNMM_MAX_DIM=2600 -DDA_CORE=0 -DWRFPLUS=0 -DIWORDSIZE=4 -DDWORDSIZE=8 -DRWORDSIZE=4 -DLWORDSIZE=4 -DNONSTANDARD_SYSTEM_FUNC  -DWRF_USE_CLM -DUSE_NETCDF4_FEATURES -DWRFIO_NCD_LARGE_FILE_SUPPORT  -DDM_PARALLEL -DNETCDF -DGRIB2 -DHDF5 -DLANDREAD_STUB=1 -DUSE_ALLOCATABLES -Dwrfmodel -DGRIB1 -DINTIO -DKEEP_INT_AROUND -DLIMIT_ARGS -DBUILD_RRTMG_FAST=0 -DBUILD_RRTMK=0 -DBUILD_SBM_FAST=1 -DSHOW_ALL_VARS_USED=0 -DCONFIG_BUF_LEN=65536 -DMAX_DOMAINS_F=21 -DMAX_HISTORY=25 -DNMM_NEST=0 -DWRF_CHEM -DBUILD_CHEM=1 -DWRF_KPP -I. -traditional-cpp -DUSE_NETCDF4_FEATURES -DWRFIO_NCD_LARGE_FILE_SUPPORT   mediation_wrfmain.G  > mediation_wrfmain.bb
/home/onishi/WRF/tools/standard.exe mediation_wrfmain.bb | /lib/cpp -P -nostdinc -I/home/onishi/WRF/external/ioapi_share -traditional-cpp -DUSE_NETCDF4_FEATURES -DWRFIO_NCD_LARGE_FILE_SUPPORT > mediation_wrfmain.f90
rm -f mediation_wrfmain.G mediation_wrfmain.bb
time mpif90 -f90=ifort -o mediation_wrfmain.o -c -O3 -ip -fp-model precise -w -ftz -align all -fno-alias -FR -convert big_endian    -I../dyn_em  -I/home/onishi/WRF/external/esmf_time_f90  -I/home/onishi/WRF/main -I/home/onishi/WRF/external/io_netcdf -I/home/onishi/WRF/external/io_int -I/home/onishi/WRF/frame -I/home/onishi/WRF/share -I/home/onishi/WRF/phys -I/home/onishi/WRF/wrftladj -I/home/onishi/WRF/chem -I/home/onishi/WRF/inc -I/home/onishi/NETCDF_DIR2//include  -real-size `expr 8 \* 4` -i4  mediation_wrfmain.f90
2.17user 0.14system 0:02.33elapsed 99%CPU (0avgtext+0avgdata 103700maxresident)k
168inputs+3224outputs (0major+26658minor)pagefaults 0swaps
rm -f module_check_a_mundo.o
sed -e "s/^\!.*'.*//" -e "s/^ *\!.*'.*//" module_check_a_mundo.F > module_check_a_mundo.G
/lib/cpp -P -nostdinc -I/home/onishi/WRF/external/ioapi_share -I/home/onishi/WRF/inc -DEM_CORE=1 -DNMM_CORE=0 -DNMM_MAX_DIM=2600 -DDA_CORE=0 -DWRFPLUS=0 -DIWORDSIZE=4 -DDWORDSIZE=8 -DRWORDSIZE=4 -DLWORDSIZE=4 -DNONSTANDARD_SYSTEM_FUNC  -DWRF_USE_CLM -DUSE_NETCDF4_FEATURES -DWRFIO_NCD_LARGE_FILE_SUPPORT  -DDM_PARALLEL -DNETCDF -DGRIB2 -DHDF5 -DLANDREAD_STUB=1 -DUSE_ALLOCATABLES -Dwrfmodel -DGRIB1 -DINTIO -DKEEP_INT_AROUND -DLIMIT_ARGS -DBUILD_RRTMG_FAST=0 -DBUILD_RRTMK=0 -DBUILD_SBM_FAST=1 -DSHOW_ALL_VARS_USED=0 -DCONFIG_BUF_LEN=65536 -DMAX_DOMAINS_F=21 -DMAX_HISTORY=25 -DNMM_NEST=0 -DWRF_CHEM -DBUILD_CHEM=1 -DWRF_KPP -I. -traditional-cpp -DUSE_NETCDF4_FEATURES -DWRFIO_NCD_LARGE_FILE_SUPPORT   module_check_a_mundo.G  > module_check_a_mundo.bb
/home/onishi/WRF/tools/standard.exe module_check_a_mundo.bb | /lib/cpp -P -nostdinc -I/home/onishi/WRF/external/ioapi_share -traditional-cpp -DUSE_NETCDF4_FEATURES -DWRFIO_NCD_LARGE_FILE_SUPPORT > module_check_a_mundo.f90
rm -f module_check_a_mundo.G module_check_a_mundo.bb
time mpif90 -f90=ifort -o module_check_a_mundo.o -c -O3 -ip -fp-model precise -w -ftz -align all -fno-alias -FR -convert big_endian    -I../dyn_em  -I/home/onishi/WRF/external/esmf_time_f90  -I/home/onishi/WRF/main -I/home/onishi/WRF/external/io_netcdf -I/home/onishi/WRF/external/io_int -I/home/onishi/WRF/frame -I/home/onishi/WRF/share -I/home/onishi/WRF/phys -I/home/onishi/WRF/wrftladj -I/home/onishi/WRF/chem -I/home/onishi/WRF/inc -I/home/onishi/NETCDF_DIR2//include  -real-size `expr 8 \* 4` -i4  module_check_a_mundo.f90
5.66user 0.45system 0:06.15elapsed 99%CPU (0avgtext+0avgdata 239696maxresident)k
12632inputs+1520outputs (0major+66543minor)pagefaults 0swaps
rm -f module_random.o
sed -e "s/^\!.*'.*//" -e "s/^ *\!.*'.*//" module_random.F > module_random.G
/lib/cpp -P -nostdinc -I/home/onishi/WRF/external/ioapi_share -I/home/onishi/WRF/inc -DEM_CORE=1 -DNMM_CORE=0 -DNMM_MAX_DIM=2600 -DDA_CORE=0 -DWRFPLUS=0 -DIWORDSIZE=4 -DDWORDSIZE=8 -DRWORDSIZE=4 -DLWORDSIZE=4 -DNONSTANDARD_SYSTEM_FUNC  -DWRF_USE_CLM -DUSE_NETCDF4_FEATURES -DWRFIO_NCD_LARGE_FILE_SUPPORT  -DDM_PARALLEL -DNETCDF -DGRIB2 -DHDF5 -DLANDREAD_STUB=1 -DUSE_ALLOCATABLES -Dwrfmodel -DGRIB1 -DINTIO -DKEEP_INT_AROUND -DLIMIT_ARGS -DBUILD_RRTMG_FAST=0 -DBUILD_RRTMK=0 -DBUILD_SBM_FAST=1 -DSHOW_ALL_VARS_USED=0 -DCONFIG_BUF_LEN=65536 -DMAX_DOMAINS_F=21 -DMAX_HISTORY=25 -DNMM_NEST=0 -DWRF_CHEM -DBUILD_CHEM=1 -DWRF_KPP -I. -traditional-cpp -DUSE_NETCDF4_FEATURES -DWRFIO_NCD_LARGE_FILE_SUPPORT   module_random.G  > module_random.bb
/home/onishi/WRF/tools/standard.exe module_random.bb | /lib/cpp -P -nostdinc -I/home/onishi/WRF/external/ioapi_share -traditional-cpp -DUSE_NETCDF4_FEATURES -DWRFIO_NCD_LARGE_FILE_SUPPORT > module_random.f90
rm -f module_random.G module_random.bb
time mpif90 -f90=ifort -o module_random.o -c -O3 -ip -fp-model precise -w -ftz -align all -fno-alias -FR -convert big_endian    -I../dyn_em  -I/home/onishi/WRF/external/esmf_time_f90  -I/home/onishi/WRF/main -I/home/onishi/WRF/external/io_netcdf -I/home/onishi/WRF/external/io_int -I/home/onishi/WRF/frame -I/home/onishi/WRF/share -I/home/onishi/WRF/phys -I/home/onishi/WRF/wrftladj -I/home/onishi/WRF/chem -I/home/onishi/WRF/inc -I/home/onishi/NETCDF_DIR2//include  -real-size `expr 8 \* 4` -i4  module_random.f90
0.10user 0.08system 0:00.21elapsed 85%CPU (0avgtext+0avgdata 47428maxresident)k
16inputs+240outputs (0major+7548minor)pagefaults 0swaps
rm -f module_interp_nmm.o
sed -e "s/^\!.*'.*//" -e "s/^ *\!.*'.*//" module_interp_nmm.F > module_interp_nmm.G
/lib/cpp -P -nostdinc -I/home/onishi/WRF/external/ioapi_share -I/home/onishi/WRF/inc -DEM_CORE=1 -DNMM_CORE=0 -DNMM_MAX_DIM=2600 -DDA_CORE=0 -DWRFPLUS=0 -DIWORDSIZE=4 -DDWORDSIZE=8 -DRWORDSIZE=4 -DLWORDSIZE=4 -DNONSTANDARD_SYSTEM_FUNC  -DWRF_USE_CLM -DUSE_NETCDF4_FEATURES -DWRFIO_NCD_LARGE_FILE_SUPPORT  -DDM_PARALLEL -DNETCDF -DGRIB2 -DHDF5 -DLANDREAD_STUB=1 -DUSE_ALLOCATABLES -Dwrfmodel -DGRIB1 -DINTIO -DKEEP_INT_AROUND -DLIMIT_ARGS -DBUILD_RRTMG_FAST=0 -DBUILD_RRTMK=0 -DBUILD_SBM_FAST=1 -DSHOW_ALL_VARS_USED=0 -DCONFIG_BUF_LEN=65536 -DMAX_DOMAINS_F=21 -DMAX_HISTORY=25 -DNMM_NEST=0 -DWRF_CHEM -DBUILD_CHEM=1 -DWRF_KPP -I. -traditional-cpp -DUSE_NETCDF4_FEATURES -DWRFIO_NCD_LARGE_FILE_SUPPORT   module_interp_nmm.G  > module_interp_nmm.bb
/home/onishi/WRF/tools/standard.exe module_interp_nmm.bb | /lib/cpp -P -nostdinc -I/home/onishi/WRF/external/ioapi_share -traditional-cpp -DUSE_NETCDF4_FEATURES -DWRFIO_NCD_LARGE_FILE_SUPPORT > module_interp_nmm.f90
rm -f module_interp_nmm.G module_interp_nmm.bb
time mpif90 -f90=ifort -o module_interp_nmm.o -c -O3 -ip -fp-model precise -w -ftz -align all -fno-alias -FR -convert big_endian    -I../dyn_em  -I/home/onishi/WRF/external/esmf_time_f90  -I/home/onishi/WRF/main -I/home/onishi/WRF/external/io_netcdf -I/home/onishi/WRF/external/io_int -I/home/onishi/WRF/frame -I/home/onishi/WRF/share -I/home/onishi/WRF/phys -I/home/onishi/WRF/wrftladj -I/home/onishi/WRF/chem -I/home/onishi/WRF/inc -I/home/onishi/NETCDF_DIR2//include  -real-size `expr 8 \* 4` -i4  module_interp_nmm.f90
6.79user 0.23system 0:07.06elapsed 99%CPU (0avgtext+0avgdata 177820maxresident)k
264inputs+2704outputs (0major+49215minor)pagefaults 0swaps
rm -f module_trajectory.o
sed -e "s/^\!.*'.*//" -e "s/^ *\!.*'.*//" module_trajectory.F > module_trajectory.G
/lib/cpp -P -nostdinc -I/home/onishi/WRF/external/ioapi_share -I/home/onishi/WRF/inc -DEM_CORE=1 -DNMM_CORE=0 -DNMM_MAX_DIM=2600 -DDA_CORE=0 -DWRFPLUS=0 -DIWORDSIZE=4 -DDWORDSIZE=8 -DRWORDSIZE=4 -DLWORDSIZE=4 -DNONSTANDARD_SYSTEM_FUNC  -DWRF_USE_CLM -DUSE_NETCDF4_FEATURES -DWRFIO_NCD_LARGE_FILE_SUPPORT  -DDM_PARALLEL -DNETCDF -DGRIB2 -DHDF5 -DLANDREAD_STUB=1 -DUSE_ALLOCATABLES -Dwrfmodel -DGRIB1 -DINTIO -DKEEP_INT_AROUND -DLIMIT_ARGS -DBUILD_RRTMG_FAST=0 -DBUILD_RRTMK=0 -DBUILD_SBM_FAST=1 -DSHOW_ALL_VARS_USED=0 -DCONFIG_BUF_LEN=65536 -DMAX_DOMAINS_F=21 -DMAX_HISTORY=25 -DNMM_NEST=0 -DWRF_CHEM -DBUILD_CHEM=1 -DWRF_KPP -I. -traditional-cpp -DUSE_NETCDF4_FEATURES -DWRFIO_NCD_LARGE_FILE_SUPPORT   module_trajectory.G  > module_trajectory.bb
/home/onishi/WRF/tools/standard.exe module_trajectory.bb | /lib/cpp -P -nostdinc -I/home/onishi/WRF/external/ioapi_share -traditional-cpp -DUSE_NETCDF4_FEATURES -DWRFIO_NCD_LARGE_FILE_SUPPORT > module_trajectory.f90
rm -f module_trajectory.G module_trajectory.bb
time mpif90 -f90=ifort -o module_trajectory.o -c -O3 -ip -fp-model precise -w -ftz -align all -fno-alias -FR -convert big_endian    -I../dyn_em  -I/home/onishi/WRF/external/esmf_time_f90  -I/home/onishi/WRF/main -I/home/onishi/WRF/external/io_netcdf -I/home/onishi/WRF/external/io_int -I/home/onishi/WRF/frame -I/home/onishi/WRF/share -I/home/onishi/WRF/phys -I/home/onishi/WRF/wrftladj -I/home/onishi/WRF/chem -I/home/onishi/WRF/inc -I/home/onishi/NETCDF_DIR2//include  -real-size `expr 8 \* 4` -i4  module_trajectory.f90
5.06user 0.19system 0:05.27elapsed 99%CPU (0avgtext+0avgdata 115108maxresident)k
712inputs+3160outputs (0major+38252minor)pagefaults 0swaps
rm -f mediation_feedback_domain.o
sed -e "s/^\!.*'.*//" -e "s/^ *\!.*'.*//" mediation_feedback_domain.F > mediation_feedback_domain.G
/lib/cpp -P -nostdinc -I/home/onishi/WRF/external/ioapi_share -I/home/onishi/WRF/inc -DEM_CORE=1 -DNMM_CORE=0 -DNMM_MAX_DIM=2600 -DDA_CORE=0 -DWRFPLUS=0 -DIWORDSIZE=4 -DDWORDSIZE=8 -DRWORDSIZE=4 -DLWORDSIZE=4 -DNONSTANDARD_SYSTEM_FUNC  -DWRF_USE_CLM -DUSE_NETCDF4_FEATURES -DWRFIO_NCD_LARGE_FILE_SUPPORT  -DDM_PARALLEL -DNETCDF -DGRIB2 -DHDF5 -DLANDREAD_STUB=1 -DUSE_ALLOCATABLES -Dwrfmodel -DGRIB1 -DINTIO -DKEEP_INT_AROUND -DLIMIT_ARGS -DBUILD_RRTMG_FAST=0 -DBUILD_RRTMK=0 -DBUILD_SBM_FAST=1 -DSHOW_ALL_VARS_USED=0 -DCONFIG_BUF_LEN=65536 -DMAX_DOMAINS_F=21 -DMAX_HISTORY=25 -DNMM_NEST=0 -DWRF_CHEM -DBUILD_CHEM=1 -DWRF_KPP -I. -traditional-cpp -DUSE_NETCDF4_FEATURES -DWRFIO_NCD_LARGE_FILE_SUPPORT   mediation_feedback_domain.G  > mediation_feedback_domain.bb
/home/onishi/WRF/tools/standard.exe mediation_feedback_domain.bb | /lib/cpp -P -nostdinc -I/home/onishi/WRF/external/ioapi_share -traditional-cpp -DUSE_NETCDF4_FEATURES -DWRFIO_NCD_LARGE_FILE_SUPPORT > mediation_feedback_domain.f90
rm -f mediation_feedback_domain.G mediation_feedback_domain.bb
time mpif90 -f90=ifort -o mediation_feedback_domain.o -c -O3 -ip -fp-model precise -w -ftz -align all -fno-alias -FR -convert big_endian    -I../dyn_em  -I/home/onishi/WRF/external/esmf_time_f90  -I/home/onishi/WRF/main -I/home/onishi/WRF/external/io_netcdf -I/home/onishi/WRF/external/io_int -I/home/onishi/WRF/frame -I/home/onishi/WRF/share -I/home/onishi/WRF/phys -I/home/onishi/WRF/wrftladj -I/home/onishi/WRF/chem -I/home/onishi/WRF/inc -I/home/onishi/NETCDF_DIR2//include  -real-size `expr 8 \* 4` -i4  mediation_feedback_domain.f90
2.21user 0.23system 0:02.48elapsed 98%CPU (0avgtext+0avgdata 171092maxresident)k
88inputs+776outputs (0major+39938minor)pagefaults 0swaps
rm -f wrf_timeseries.o
sed -e "s/^\!.*'.*//" -e "s/^ *\!.*'.*//" wrf_timeseries.F > wrf_timeseries.G
/lib/cpp -P -nostdinc -I/home/onishi/WRF/external/ioapi_share -I/home/onishi/WRF/inc -DEM_CORE=1 -DNMM_CORE=0 -DNMM_MAX_DIM=2600 -DDA_CORE=0 -DWRFPLUS=0 -DIWORDSIZE=4 -DDWORDSIZE=8 -DRWORDSIZE=4 -DLWORDSIZE=4 -DNONSTANDARD_SYSTEM_FUNC  -DWRF_USE_CLM -DUSE_NETCDF4_FEATURES -DWRFIO_NCD_LARGE_FILE_SUPPORT  -DDM_PARALLEL -DNETCDF -DGRIB2 -DHDF5 -DLANDREAD_STUB=1 -DUSE_ALLOCATABLES -Dwrfmodel -DGRIB1 -DINTIO -DKEEP_INT_AROUND -DLIMIT_ARGS -DBUILD_RRTMG_FAST=0 -DBUILD_RRTMK=0 -DBUILD_SBM_FAST=1 -DSHOW_ALL_VARS_USED=0 -DCONFIG_BUF_LEN=65536 -DMAX_DOMAINS_F=21 -DMAX_HISTORY=25 -DNMM_NEST=0 -DWRF_CHEM -DBUILD_CHEM=1 -DWRF_KPP -I. -traditional-cpp -DUSE_NETCDF4_FEATURES -DWRFIO_NCD_LARGE_FILE_SUPPORT   wrf_timeseries.G  > wrf_timeseries.bb
/home/onishi/WRF/tools/standard.exe wrf_timeseries.bb | /lib/cpp -P -nostdinc -I/home/onishi/WRF/external/ioapi_share -traditional-cpp -DUSE_NETCDF4_FEATURES -DWRFIO_NCD_LARGE_FILE_SUPPORT > wrf_timeseries.f90
rm -f wrf_timeseries.G wrf_timeseries.bb
time mpif90 -f90=ifort -o wrf_timeseries.o -c -O3 -ip -fp-model precise -w -ftz -align all -fno-alias -FR -convert big_endian    -I../dyn_em  -I/home/onishi/WRF/external/esmf_time_f90  -I/home/onishi/WRF/main -I/home/onishi/WRF/external/io_netcdf -I/home/onishi/WRF/external/io_int -I/home/onishi/WRF/frame -I/home/onishi/WRF/share -I/home/onishi/WRF/phys -I/home/onishi/WRF/wrftladj -I/home/onishi/WRF/chem -I/home/onishi/WRF/inc -I/home/onishi/NETCDF_DIR2//include  -real-size `expr 8 \* 4` -i4  wrf_timeseries.f90
14.46user 1.24system 0:15.78elapsed 99%CPU (0avgtext+0avgdata 687864maxresident)k
208inputs+18072outputs (0major+183875minor)pagefaults 0swaps
rm -f track_driver.o
/home/onishi/WRF/tools/standard.exe track_driver.F > track_driver.b 
/lib/cpp -P -nostdinc -I/home/onishi/WRF/external/ioapi_share -I/home/onishi/WRF/inc -DEM_CORE=1 -DNMM_CORE=0 -DNMM_MAX_DIM=2600 -DDA_CORE=0 -DWRFPLUS=0 -DIWORDSIZE=4 -DDWORDSIZE=8 -DRWORDSIZE=4 -DLWORDSIZE=4 -DNONSTANDARD_SYSTEM_FUNC  -DWRF_USE_CLM -DUSE_NETCDF4_FEATURES -DWRFIO_NCD_LARGE_FILE_SUPPORT  -DDM_PARALLEL -DNETCDF -DGRIB2 -DHDF5 -DLANDREAD_STUB=1 -DUSE_ALLOCATABLES -Dwrfmodel -DGRIB1 -DINTIO -DKEEP_INT_AROUND -DLIMIT_ARGS -DBUILD_RRTMG_FAST=0 -DBUILD_RRTMK=0 -DBUILD_SBM_FAST=1 -DSHOW_ALL_VARS_USED=0 -DCONFIG_BUF_LEN=65536 -DMAX_DOMAINS_F=21 -DMAX_HISTORY=25 -DNMM_NEST=0 -DWRF_CHEM -DBUILD_CHEM=1 -DWRF_KPP -I. -traditional-cpp -DUSE_NETCDF4_FEATURES -DWRFIO_NCD_LARGE_FILE_SUPPORT   track_driver.b  > track_driver.f90
rm -f track_driver.b
time mpif90 -f90=ifort -c -real-size `expr 8 \* 4` -i4 -O0 -fno-inline -no-ip -ip -fp-model precise -w -ftz -align all -fno-alias -FR -convert big_endian   -I../dyn_em  -I/home/onishi/WRF/external/esmf_time_f90  -I/home/onishi/WRF/main -I/home/onishi/WRF/external/io_netcdf -I/home/onishi/WRF/external/io_int -I/home/onishi/WRF/frame -I/home/onishi/WRF/share -I/home/onishi/WRF/phys -I/home/onishi/WRF/wrftladj -I/home/onishi/WRF/chem -I/home/onishi/WRF/inc -I/home/onishi/NETCDF_DIR2//include    track_driver.f90
0.88user 0.18system 0:01.10elapsed 96%CPU (0avgtext+0avgdata 112564maxresident)k
80inputs+2824outputs (0major+26261minor)pagefaults 0swaps
rm -f init_modules.o
sed -e "s/^\!.*'.*//" -e "s/^ *\!.*'.*//" init_modules.F > init_modules.G
/lib/cpp -P -nostdinc -I/home/onishi/WRF/external/ioapi_share -I/home/onishi/WRF/inc -DEM_CORE=1 -DNMM_CORE=0 -DNMM_MAX_DIM=2600 -DDA_CORE=0 -DWRFPLUS=0 -DIWORDSIZE=4 -DDWORDSIZE=8 -DRWORDSIZE=4 -DLWORDSIZE=4 -DNONSTANDARD_SYSTEM_FUNC  -DWRF_USE_CLM -DUSE_NETCDF4_FEATURES -DWRFIO_NCD_LARGE_FILE_SUPPORT  -DDM_PARALLEL -DNETCDF -DGRIB2 -DHDF5 -DLANDREAD_STUB=1 -DUSE_ALLOCATABLES -Dwrfmodel -DGRIB1 -DINTIO -DKEEP_INT_AROUND -DLIMIT_ARGS -DBUILD_RRTMG_FAST=0 -DBUILD_RRTMK=0 -DBUILD_SBM_FAST=1 -DSHOW_ALL_VARS_USED=0 -DCONFIG_BUF_LEN=65536 -DMAX_DOMAINS_F=21 -DMAX_HISTORY=25 -DNMM_NEST=0 -DWRF_CHEM -DBUILD_CHEM=1 -DWRF_KPP -I. -traditional-cpp -DUSE_NETCDF4_FEATURES -DWRFIO_NCD_LARGE_FILE_SUPPORT   init_modules.G  > init_modules.bb
/home/onishi/WRF/tools/standard.exe init_modules.bb | /lib/cpp -P -nostdinc -I/home/onishi/WRF/external/ioapi_share -traditional-cpp -DUSE_NETCDF4_FEATURES -DWRFIO_NCD_LARGE_FILE_SUPPORT > init_modules.f90
rm -f init_modules.G init_modules.bb
time mpif90 -f90=ifort -o init_modules.o -c -O3 -ip -fp-model precise -w -ftz -align all -fno-alias -FR -convert big_endian    -I../dyn_em  -I/home/onishi/WRF/external/esmf_time_f90  -I/home/onishi/WRF/main -I/home/onishi/WRF/external/io_netcdf -I/home/onishi/WRF/external/io_int -I/home/onishi/WRF/frame -I/home/onishi/WRF/share -I/home/onishi/WRF/phys -I/home/onishi/WRF/wrftladj -I/home/onishi/WRF/chem -I/home/onishi/WRF/inc -I/home/onishi/NETCDF_DIR2//include  -real-size `expr 8 \* 4` -i4  init_modules.f90
0.12user 0.12system 0:00.29elapsed 84%CPU (0avgtext+0avgdata 76712maxresident)k
11064inputs+88outputs (0major+16059minor)pagefaults 0swaps
rm -f interp_fcn.o
sed -e "s/^\!.*'.*//" -e "s/^ *\!.*'.*//" interp_fcn.F > interp_fcn.G
/lib/cpp -P -nostdinc -I/home/onishi/WRF/external/ioapi_share -I/home/onishi/WRF/inc -DEM_CORE=1 -DNMM_CORE=0 -DNMM_MAX_DIM=2600 -DDA_CORE=0 -DWRFPLUS=0 -DIWORDSIZE=4 -DDWORDSIZE=8 -DRWORDSIZE=4 -DLWORDSIZE=4 -DNONSTANDARD_SYSTEM_FUNC  -DWRF_USE_CLM -DUSE_NETCDF4_FEATURES -DWRFIO_NCD_LARGE_FILE_SUPPORT  -DDM_PARALLEL -DNETCDF -DGRIB2 -DHDF5 -DLANDREAD_STUB=1 -DUSE_ALLOCATABLES -Dwrfmodel -DGRIB1 -DINTIO -DKEEP_INT_AROUND -DLIMIT_ARGS -DBUILD_RRTMG_FAST=0 -DBUILD_RRTMK=0 -DBUILD_SBM_FAST=1 -DSHOW_ALL_VARS_USED=0 -DCONFIG_BUF_LEN=65536 -DMAX_DOMAINS_F=21 -DMAX_HISTORY=25 -DNMM_NEST=0 -DWRF_CHEM -DBUILD_CHEM=1 -DWRF_KPP -I. -traditional-cpp -DUSE_NETCDF4_FEATURES -DWRFIO_NCD_LARGE_FILE_SUPPORT   interp_fcn.G  > interp_fcn.bb
/home/onishi/WRF/tools/standard.exe interp_fcn.bb | /lib/cpp -P -nostdinc -I/home/onishi/WRF/external/ioapi_share -traditional-cpp -DUSE_NETCDF4_FEATURES -DWRFIO_NCD_LARGE_FILE_SUPPORT > interp_fcn.f90
rm -f interp_fcn.G interp_fcn.bb
time mpif90 -f90=ifort -o interp_fcn.o -c -O3 -ip -fp-model precise -w -ftz -align all -fno-alias -FR -convert big_endian    -I../dyn_em  -I/home/onishi/WRF/external/esmf_time_f90  -I/home/onishi/WRF/main -I/home/onishi/WRF/external/io_netcdf -I/home/onishi/WRF/external/io_int -I/home/onishi/WRF/frame -I/home/onishi/WRF/share -I/home/onishi/WRF/phys -I/home/onishi/WRF/wrftladj -I/home/onishi/WRF/chem -I/home/onishi/WRF/inc -I/home/onishi/NETCDF_DIR2//include  -real-size `expr 8 \* 4` -i4  interp_fcn.f90
5.33user 0.30system 0:05.66elapsed 99%CPU (0avgtext+0avgdata 158084maxresident)k
328inputs+2216outputs (0major+39234minor)pagefaults 0swaps
rm -f mediation_nest_move.o
sed -e "s/^\!.*'.*//" -e "s/^ *\!.*'.*//" mediation_nest_move.F > mediation_nest_move.G
/lib/cpp -P -nostdinc -I/home/onishi/WRF/external/ioapi_share -I/home/onishi/WRF/inc -DEM_CORE=1 -DNMM_CORE=0 -DNMM_MAX_DIM=2600 -DDA_CORE=0 -DWRFPLUS=0 -DIWORDSIZE=4 -DDWORDSIZE=8 -DRWORDSIZE=4 -DLWORDSIZE=4 -DNONSTANDARD_SYSTEM_FUNC  -DWRF_USE_CLM -DUSE_NETCDF4_FEATURES -DWRFIO_NCD_LARGE_FILE_SUPPORT  -DDM_PARALLEL -DNETCDF -DGRIB2 -DHDF5 -DLANDREAD_STUB=1 -DUSE_ALLOCATABLES -Dwrfmodel -DGRIB1 -DINTIO -DKEEP_INT_AROUND -DLIMIT_ARGS -DBUILD_RRTMG_FAST=0 -DBUILD_RRTMK=0 -DBUILD_SBM_FAST=1 -DSHOW_ALL_VARS_USED=0 -DCONFIG_BUF_LEN=65536 -DMAX_DOMAINS_F=21 -DMAX_HISTORY=25 -DNMM_NEST=0 -DWRF_CHEM -DBUILD_CHEM=1 -DWRF_KPP -I. -traditional-cpp -DUSE_NETCDF4_FEATURES -DWRFIO_NCD_LARGE_FILE_SUPPORT   mediation_nest_move.G  > mediation_nest_move.bb
/home/onishi/WRF/tools/standard.exe mediation_nest_move.bb | /lib/cpp -P -nostdinc -I/home/onishi/WRF/external/ioapi_share -traditional-cpp -DUSE_NETCDF4_FEATURES -DWRFIO_NCD_LARGE_FILE_SUPPORT > mediation_nest_move.f90
rm -f mediation_nest_move.G mediation_nest_move.bb
time mpif90 -f90=ifort -o mediation_nest_move.o -c -O3 -ip -fp-model precise -w -ftz -align all -fno-alias -FR -convert big_endian    -I../dyn_em  -I/home/onishi/WRF/external/esmf_time_f90  -I/home/onishi/WRF/main -I/home/onishi/WRF/external/io_netcdf -I/home/onishi/WRF/external/io_int -I/home/onishi/WRF/frame -I/home/onishi/WRF/share -I/home/onishi/WRF/phys -I/home/onishi/WRF/wrftladj -I/home/onishi/WRF/chem -I/home/onishi/WRF/inc -I/home/onishi/NETCDF_DIR2//include  -real-size `expr 8 \* 4` -i4  mediation_nest_move.f90
0.86user 0.20system 0:01.10elapsed 97%CPU (0avgtext+0avgdata 123480maxresident)k
32inputs+120outputs (0major+26892minor)pagefaults 0swaps
rm -f module_optional_input.o
sed -e "s/^\!.*'.*//" -e "s/^ *\!.*'.*//" module_optional_input.F > module_optional_input.G
/lib/cpp -P -nostdinc -I/home/onishi/WRF/external/ioapi_share -I/home/onishi/WRF/inc -DEM_CORE=1 -DNMM_CORE=0 -DNMM_MAX_DIM=2600 -DDA_CORE=0 -DWRFPLUS=0 -DIWORDSIZE=4 -DDWORDSIZE=8 -DRWORDSIZE=4 -DLWORDSIZE=4 -DNONSTANDARD_SYSTEM_FUNC  -DWRF_USE_CLM -DUSE_NETCDF4_FEATURES -DWRFIO_NCD_LARGE_FILE_SUPPORT  -DDM_PARALLEL -DNETCDF -DGRIB2 -DHDF5 -DLANDREAD_STUB=1 -DUSE_ALLOCATABLES -Dwrfmodel -DGRIB1 -DINTIO -DKEEP_INT_AROUND -DLIMIT_ARGS -DBUILD_RRTMG_FAST=0 -DBUILD_RRTMK=0 -DBUILD_SBM_FAST=1 -DSHOW_ALL_VARS_USED=0 -DCONFIG_BUF_LEN=65536 -DMAX_DOMAINS_F=21 -DMAX_HISTORY=25 -DNMM_NEST=0 -DWRF_CHEM -DBUILD_CHEM=1 -DWRF_KPP -I. -traditional-cpp -DUSE_NETCDF4_FEATURES -DWRFIO_NCD_LARGE_FILE_SUPPORT   module_optional_input.G  > module_optional_input.bb
/home/onishi/WRF/tools/standard.exe module_optional_input.bb | /lib/cpp -P -nostdinc -I/home/onishi/WRF/external/ioapi_share -traditional-cpp -DUSE_NETCDF4_FEATURES -DWRFIO_NCD_LARGE_FILE_SUPPORT > module_optional_input.f90
rm -f module_optional_input.G module_optional_input.bb
time mpif90 -f90=ifort -o module_optional_input.o -c -O3 -ip -fp-model precise -w -ftz -align all -fno-alias -FR -convert big_endian    -I../dyn_em  -I/home/onishi/WRF/external/esmf_time_f90  -I/home/onishi/WRF/main -I/home/onishi/WRF/external/io_netcdf -I/home/onishi/WRF/external/io_int -I/home/onishi/WRF/frame -I/home/onishi/WRF/share -I/home/onishi/WRF/phys -I/home/onishi/WRF/wrftladj -I/home/onishi/WRF/chem -I/home/onishi/WRF/inc -I/home/onishi/NETCDF_DIR2//include  -real-size `expr 8 \* 4` -i4  module_optional_input.f90
20.74user 0.50system 0:21.29elapsed 99%CPU (0avgtext+0avgdata 393284maxresident)k
96inputs+4024outputs (0major+105642minor)pagefaults 0swaps
rm -f dfi.o
sed -e "s/^\!.*'.*//" -e "s/^ *\!.*'.*//" dfi.F > dfi.G
/lib/cpp -P -nostdinc -I/home/onishi/WRF/external/ioapi_share -I/home/onishi/WRF/inc -DEM_CORE=1 -DNMM_CORE=0 -DNMM_MAX_DIM=2600 -DDA_CORE=0 -DWRFPLUS=0 -DIWORDSIZE=4 -DDWORDSIZE=8 -DRWORDSIZE=4 -DLWORDSIZE=4 -DNONSTANDARD_SYSTEM_FUNC  -DWRF_USE_CLM -DUSE_NETCDF4_FEATURES -DWRFIO_NCD_LARGE_FILE_SUPPORT  -DDM_PARALLEL -DNETCDF -DGRIB2 -DHDF5 -DLANDREAD_STUB=1 -DUSE_ALLOCATABLES -Dwrfmodel -DGRIB1 -DINTIO -DKEEP_INT_AROUND -DLIMIT_ARGS -DBUILD_RRTMG_FAST=0 -DBUILD_RRTMK=0 -DBUILD_SBM_FAST=1 -DSHOW_ALL_VARS_USED=0 -DCONFIG_BUF_LEN=65536 -DMAX_DOMAINS_F=21 -DMAX_HISTORY=25 -DNMM_NEST=0 -DWRF_CHEM -DBUILD_CHEM=1 -DWRF_KPP -I. -traditional-cpp -DUSE_NETCDF4_FEATURES -DWRFIO_NCD_LARGE_FILE_SUPPORT   dfi.G  > dfi.bb
/home/onishi/WRF/tools/standard.exe dfi.bb | /lib/cpp -P -nostdinc -I/home/onishi/WRF/external/ioapi_share -traditional-cpp -DUSE_NETCDF4_FEATURES -DWRFIO_NCD_LARGE_FILE_SUPPORT > dfi.f90
rm -f dfi.G dfi.bb
time mpif90 -f90=ifort -o dfi.o -c -O3 -ip -fp-model precise -w -ftz -align all -fno-alias -FR -convert big_endian    -I../dyn_em  -I/home/onishi/WRF/external/esmf_time_f90  -I/home/onishi/WRF/main -I/home/onishi/WRF/external/io_netcdf -I/home/onishi/WRF/external/io_int -I/home/onishi/WRF/frame -I/home/onishi/WRF/share -I/home/onishi/WRF/phys -I/home/onishi/WRF/wrftladj -I/home/onishi/WRF/chem -I/home/onishi/WRF/inc -I/home/onishi/NETCDF_DIR2//include  -real-size `expr 8 \* 4` -i4  dfi.f90
24.69user 2.69system 0:27.45elapsed 99%CPU (0avgtext+0avgdata 1156272maxresident)k
192inputs+5280outputs (0major+347126minor)pagefaults 0swaps
rm -f mediation_integrate.o
sed -e "s/^\!.*'.*//" -e "s/^ *\!.*'.*//" mediation_integrate.F > mediation_integrate.G
/lib/cpp -P -nostdinc -I/home/onishi/WRF/external/ioapi_share -I/home/onishi/WRF/inc -DEM_CORE=1 -DNMM_CORE=0 -DNMM_MAX_DIM=2600 -DDA_CORE=0 -DWRFPLUS=0 -DIWORDSIZE=4 -DDWORDSIZE=8 -DRWORDSIZE=4 -DLWORDSIZE=4 -DNONSTANDARD_SYSTEM_FUNC  -DWRF_USE_CLM -DUSE_NETCDF4_FEATURES -DWRFIO_NCD_LARGE_FILE_SUPPORT  -DDM_PARALLEL -DNETCDF -DGRIB2 -DHDF5 -DLANDREAD_STUB=1 -DUSE_ALLOCATABLES -Dwrfmodel -DGRIB1 -DINTIO -DKEEP_INT_AROUND -DLIMIT_ARGS -DBUILD_RRTMG_FAST=0 -DBUILD_RRTMK=0 -DBUILD_SBM_FAST=1 -DSHOW_ALL_VARS_USED=0 -DCONFIG_BUF_LEN=65536 -DMAX_DOMAINS_F=21 -DMAX_HISTORY=25 -DNMM_NEST=0 -DWRF_CHEM -DBUILD_CHEM=1 -DWRF_KPP -I. -traditional-cpp -DUSE_NETCDF4_FEATURES -DWRFIO_NCD_LARGE_FILE_SUPPORT   mediation_integrate.G  > mediation_integrate.bb
/home/onishi/WRF/tools/standard.exe mediation_integrate.bb | /lib/cpp -P -nostdinc -I/home/onishi/WRF/external/ioapi_share -traditional-cpp -DUSE_NETCDF4_FEATURES -DWRFIO_NCD_LARGE_FILE_SUPPORT > mediation_integrate.f90
rm -f mediation_integrate.G mediation_integrate.bb
time mpif90 -f90=ifort -o mediation_integrate.o -c -O3 -ip -fp-model precise -w -ftz -align all -fno-alias -FR -convert big_endian    -I../dyn_em  -I/home/onishi/WRF/external/esmf_time_f90  -I/home/onishi/WRF/main -I/home/onishi/WRF/external/io_netcdf -I/home/onishi/WRF/external/io_int -I/home/onishi/WRF/frame -I/home/onishi/WRF/share -I/home/onishi/WRF/phys -I/home/onishi/WRF/wrftladj -I/home/onishi/WRF/chem -I/home/onishi/WRF/inc -I/home/onishi/NETCDF_DIR2//include  -real-size `expr 8 \* 4` -i4  mediation_integrate.f90
8.74user 1.42system 0:10.21elapsed 99%CPU (0avgtext+0avgdata 517196maxresident)k
232inputs+2992outputs (0major+152265minor)pagefaults 0swaps
rm -f solve_interface.o
/home/onishi/WRF/tools/standard.exe solve_interface.F > solve_interface.b 
/lib/cpp -P -nostdinc -I/home/onishi/WRF/external/ioapi_share -I/home/onishi/WRF/inc -DEM_CORE=1 -DNMM_CORE=0 -DNMM_MAX_DIM=2600 -DDA_CORE=0 -DWRFPLUS=0 -DIWORDSIZE=4 -DDWORDSIZE=8 -DRWORDSIZE=4 -DLWORDSIZE=4 -DNONSTANDARD_SYSTEM_FUNC  -DWRF_USE_CLM -DUSE_NETCDF4_FEATURES -DWRFIO_NCD_LARGE_FILE_SUPPORT  -DDM_PARALLEL -DNETCDF -DGRIB2 -DHDF5 -DLANDREAD_STUB=1 -DUSE_ALLOCATABLES -Dwrfmodel -DGRIB1 -DINTIO -DKEEP_INT_AROUND -DLIMIT_ARGS -DBUILD_RRTMG_FAST=0 -DBUILD_RRTMK=0 -DBUILD_SBM_FAST=1 -DSHOW_ALL_VARS_USED=0 -DCONFIG_BUF_LEN=65536 -DMAX_DOMAINS_F=21 -DMAX_HISTORY=25 -DNMM_NEST=0 -DWRF_CHEM -DBUILD_CHEM=1 -DWRF_KPP -I. -traditional-cpp -DUSE_NETCDF4_FEATURES -DWRFIO_NCD_LARGE_FILE_SUPPORT   solve_interface.b  > solve_interface.f90
rm -f solve_interface.b
time mpif90 -f90=ifort -c -real-size `expr 8 \* 4` -i4 -O0 -fno-inline -no-ip -ip -fp-model precise -w -ftz -align all -fno-alias -FR -convert big_endian   -I../dyn_em  -I/home/onishi/WRF/external/esmf_time_f90  -I/home/onishi/WRF/main -I/home/onishi/WRF/external/io_netcdf -I/home/onishi/WRF/external/io_int -I/home/onishi/WRF/frame -I/home/onishi/WRF/share -I/home/onishi/WRF/phys -I/home/onishi/WRF/wrftladj -I/home/onishi/WRF/chem -I/home/onishi/WRF/inc -I/home/onishi/NETCDF_DIR2//include    solve_interface.f90
0.73user 0.12system 0:00.90elapsed 95%CPU (0avgtext+0avgdata 106600maxresident)k
12456inputs+624outputs (0major+23919minor)pagefaults 0swaps
rm -f start_domain.o
/home/onishi/WRF/tools/standard.exe start_domain.F > start_domain.b 
/lib/cpp -P -nostdinc -I/home/onishi/WRF/external/ioapi_share -I/home/onishi/WRF/inc -DEM_CORE=1 -DNMM_CORE=0 -DNMM_MAX_DIM=2600 -DDA_CORE=0 -DWRFPLUS=0 -DIWORDSIZE=4 -DDWORDSIZE=8 -DRWORDSIZE=4 -DLWORDSIZE=4 -DNONSTANDARD_SYSTEM_FUNC  -DWRF_USE_CLM -DUSE_NETCDF4_FEATURES -DWRFIO_NCD_LARGE_FILE_SUPPORT  -DDM_PARALLEL -DNETCDF -DGRIB2 -DHDF5 -DLANDREAD_STUB=1 -DUSE_ALLOCATABLES -Dwrfmodel -DGRIB1 -DINTIO -DKEEP_INT_AROUND -DLIMIT_ARGS -DBUILD_RRTMG_FAST=0 -DBUILD_RRTMK=0 -DBUILD_SBM_FAST=1 -DSHOW_ALL_VARS_USED=0 -DCONFIG_BUF_LEN=65536 -DMAX_DOMAINS_F=21 -DMAX_HISTORY=25 -DNMM_NEST=0 -DWRF_CHEM -DBUILD_CHEM=1 -DWRF_KPP -I. -traditional-cpp -DUSE_NETCDF4_FEATURES -DWRFIO_NCD_LARGE_FILE_SUPPORT   start_domain.b  > start_domain.f90
rm -f start_domain.b
time mpif90 -f90=ifort -c -real-size `expr 8 \* 4` -i4 -O0 -fno-inline -no-ip -ip -fp-model precise -w -ftz -align all -fno-alias -FR -convert big_endian   -I../dyn_em  -I/home/onishi/WRF/external/esmf_time_f90  -I/home/onishi/WRF/main -I/home/onishi/WRF/external/io_netcdf -I/home/onishi/WRF/external/io_int -I/home/onishi/WRF/frame -I/home/onishi/WRF/share -I/home/onishi/WRF/phys -I/home/onishi/WRF/wrftladj -I/home/onishi/WRF/chem -I/home/onishi/WRF/inc -I/home/onishi/NETCDF_DIR2//include    start_domain.f90
1.15user 0.21system 0:01.38elapsed 98%CPU (0avgtext+0avgdata 134032maxresident)k
32inputs+192outputs (0major+30641minor)pagefaults 0swaps
42.22user 1.29system 0:43.63elapsed 99%CPU (0avgtext+0avgdata 543556maxresident)k
144inputs+45600outputs (0major+166519minor)pagefaults 0swaps
if [ 0 -eq 1 ] ; then \
                  make -i -r nmm_contrib                                      ; \
                  ar ru ../main/libwrflib.a module_model_constants.o module_bc_time_utilities.o module_get_file_names.o module_compute_geop.o module_chem_share.o module_check_a_mundo.o module_HLaw.o module_ctrans_aqchem.o module_random.o module_llxy.o module_interp_nmm.o module_interp_store.o module_string_tools.o module_MPP.o  module_date_time.o module_bc.o module_io_wrf.o module_soil_pre.o  module_io_domain.o               module_optional_input.o          solve_interface.o mediation_interp_domain.o mediation_force_domain.o mediation_feedback_domain.o start_domain.o init_modules.o set_timekeeping.o interp_fcn.o sint.o wrf_ext_write_field.o wrf_ext_read_field.o  wrf_tsin.o landread.o track_driver.o track_input.o module_trajectory.o bobrand.o wrf_timeseries.o track_driver.o wrf_fddaobs_in.o mediation_nest_move.o setfeenv.o input_wrf.o output_wrf.o wrf_bdyout.o wrf_bdyin.o dfi.o  mediation_integrate.o mediation_wrfmain.o    ; \
                  else                                                         \
                  ar ru ../main/libwrflib.a module_model_constants.o module_bc_time_utilities.o module_get_file_names.o module_compute_geop.o module_chem_share.o module_check_a_mundo.o module_HLaw.o module_ctrans_aqchem.o module_random.o module_llxy.o module_interp_nmm.o module_interp_store.o module_string_tools.o module_MPP.o  module_date_time.o module_bc.o module_io_wrf.o module_soil_pre.o  module_io_domain.o               module_optional_input.o          solve_interface.o mediation_interp_domain.o mediation_force_domain.o mediation_feedback_domain.o start_domain.o init_modules.o set_timekeeping.o interp_fcn.o sint.o wrf_ext_write_field.o wrf_ext_read_field.o  wrf_tsin.o landread.o track_driver.o track_input.o module_trajectory.o bobrand.o wrf_timeseries.o track_driver.o wrf_fddaobs_in.o mediation_nest_move.o setfeenv.o input_wrf.o output_wrf.o wrf_bdyout.o wrf_bdyin.o dfi.o  mediation_integrate.o mediation_wrfmain.o              ; \
                fi
ar: `u' modifier ignored since `D' is the default (see `U')
make[2]: Leaving directory '/home/onishi/WRF/share'
make[1]: Leaving directory '/home/onishi/WRF'
make -i -r MODULE_DIRS="-I../dyn_em  -I/home/onishi/WRF/external/esmf_time_f90  -I/home/onishi/WRF/main -I/home/onishi/WRF/external/io_netcdf -I/home/onishi/WRF/external/io_int -I/home/onishi/WRF/frame -I/home/onishi/WRF/share -I/home/onishi/WRF/phys -I/home/onishi/WRF/wrftladj -I/home/onishi/WRF/chem -I/home/onishi/WRF/inc -I/home/onishi/NETCDF_DIR2//include " physics
make[1]: Entering directory '/home/onishi/WRF'
--------------------------------------
if [ 1  -eq 0 ] ; then \
	( cd phys ; make -i -r submodules ; make -i -r CF2=" " ) ; \
	if [ -n "" ] && [  -eq 1 ] ; then \
		@ echo '----------- make cmaq ----------------' ; \
		( rm -f main/libcmaqlib.a; cd cmaq ; make -i -r -f Makefile.twoway ) ; \
	fi \
else \
	( cd phys ; make -i -r submodules ; make -i -r CF2="../chem/module_data_mosaic_asect.o" ) ; \
fi
make[2]: Entering directory '/home/onishi/WRF/phys'
Pulling in NoahMP submodule
Submodule path 'phys/noahmp': checked out '848f54ad3d28c4303151fe5ad83724e232694422'
Applying: (CORRECTION) phys/noahmp/src/module_sf_noahmplsm.F -------------- ! CORRECTION CH = CH * UR CM = CM * UR ! CORRECTION -------------- before "CALL SFCDIF2"
make[2]: Leaving directory '/home/onishi/WRF/phys'
make[2]: Entering directory '/home/onishi/WRF/phys'
make -i -r -j 2 non_nmm ; \
ar ru ../main/libwrflib.a ccpp_kind_types.o module_bep_bem_helper.o complex_number_module.o module_cam_shr_kind_mod.o module_cam_support.o module_cam_shr_const_mod.o module_cam_physconst.o module_cam_cldwat.o module_cam_wv_saturation.o module_cam_esinti.o module_cam_gffgch.o module_cam_error_function.o module_cam_constituents.o module_cam_trb_mtn_stress.o module_cam_molec_diff.o module_cam_upper_bc.o module_cam_bl_diffusion_solver.o module_cam_bl_eddy_diff.o module_cam_mp_microp_aero.o module_cam_mp_cldwat2m_micro.o module_cam_mp_ndrop.o module_cam_mp_modal_aero_initialize_data_phys.o module_cam_mp_radconstants.o module_cam_mp_conv_water.o module_cam_mp_qneg3.o module_data_cam_mam_aero.o module_data_cam_mam_asect.o module_cam_infnan.o  module_bl_ysu.o module_bl_shinhong.o module_bl_mrf.o module_bl_gfs.o module_bl_gfsedmf.o module_bl_myjpbl.o module_bl_qnsepbl.o module_bl_acm.o module_bl_mynn_common.o module_bl_mynn.o module_bl_mynn_wrapper.o module_bl_fogdes.o module_bl_gwdo.o module_bl_gwdo_gsl.o module_bl_myjurb.o module_bl_boulac.o module_checkerror.o module_bl_camuwpbl_driver.o module_bl_mfshconvpbl.o module_bl_eepsilon.o module_bl_keps.o module_shcu_camuwshcu_driver.o module_shcu_camuwshcu.o module_shcu_deng.o module_shcu_grims.o module_shcu_nscv.o module_cu_camzm_driver.o module_cu_camzm.o module_bl_temf.o module_bl_gbmpbl.o module_cu_g3.o module_cu_kf.o module_cu_bmj.o module_cu_kfeta.o module_cu_mskf.o module_cu_tiedtke.o module_cu_ntiedtke.o module_cu_gd.o module_cu_gf_ctrans.o module_cu_gf_wrfdrv.o module_cu_gf_deep.o module_cu_gf_sh.o module_cu_ksas.o module_cu_nsas.o module_cu_sas.o module_gocart_coupling.o module_cu_scalesas.o module_cu_osas.o module_cu_kfcup.o module_madwrf.o module_mp_radar.o module_mp_kessler.o module_mp_lin.o module_mp_sbu_ylin.o module_mp_wsm3.o module_mp_wsm5.o module_mp_wsm6.o module_mp_wsm6r.o module_mp_wsm7.o module_mp_etanew.o module_mp_fer_hires.o module_mp_thompson.o module_fire_emis.o module_mp_SBM_polar_radar.o module_mp_full_sbm.o module_mp_fast_sbm.o module_ltng_lpi.o module_mp_gsfcgce.o module_mp_gsfcgce_4ice_nuwrf.o module_mp_morr_two_moment.o module_mp_p3.o module_mp_jensen_ishmael.o module_mp_morr_two_moment_aero.o module_mp_milbrandt2mom.o module_mp_nssl_2mom.o module_mp_wdm5.o module_mp_wdm6.o module_mp_wdm7.o module_mp_ntu.o module_mp_cammgmp_driver.o module_ra_sw.o module_ra_clWRF_support.o module_ra_gsfcsw.o module_ra_goddard.o module_ra_effective_radius.o module_ra_rrtm.o module_ra_rrtmg_lw.o module_ra_rrtmg_sw.o module_ra_rrtmg_aero_optical_util_cmaq.o module_ra_rrtmg_lwf.o module_ra_rrtmg_swf.o module_ra_rrtmg_lwk.o module_ra_rrtmg_swk.o module_ra_cam_support.o module_ra_cam.o module_ra_gfdleta.o module_ra_flg.o module_ra_hs.o module_ra_eclipse.o module_ra_aerosol.o module_ra_farms.o module_sf_sfclay.o module_sf_sfclayrev.o module_sf_gfs.o module_sf_exchcoef.o module_sf_gfdl.o module_sf_slab.o module_sf_noahdrv.o module_sf_noahlsm.o module_sf_clm.o module_sf_ctsm.o module_sf_ssib.o module_sf_noah_seaice.o module_sf_noah_seaice_drv.o module_sf_noahlsm_glacial_only.o module_sf_noahmp_groundwater.o module_sf_gecros.o module_sf_noahmpdrv.o module_sf_noahmplsm.o module_sf_noahmp_glacier.o module_sf_urban.o module_sf_bep.o module_sf_bep_bem.o module_sf_bem.o module_sf_pxlsm.o module_sf_pxlsm_data.o module_sf_ruclsm.o module_sf_sfcdiags.o module_sf_sfcdiags_ruclsm.o module_sf_sstskin.o module_sf_tmnupdate.o module_sf_ocean_driver.o module_sf_oml.o module_sf_3dpwp.o module_sf_myjsfc.o module_sf_qnsesfc.o module_sf_mynn.o module_sf_fogdes.o module_sf_pxsfclay.o module_sf_temfsfclay.o module_sf_idealscmsfclay.o module_sf_scmflux.o module_sf_scmskintemp.o module_physics_addtendc.o module_physics_init.o module_gfs_machine.o module_gfs_funcphys.o module_gfs_physcons.o module_progtm.o module_pbl_driver.o module_data_gocart_dust.o module_dust_emis.o module_cumulus_driver.o module_shallowcu_driver.o module_microphysics_driver.o module_microphysics_zero_out.o module_mixactivate.o module_radiation_driver.o module_surface_driver.o module_lightning_driver.o module_ltng_cpmpr92z.o module_ltng_crmpr92.o module_ltng_iccg.o module_fdda_psufddagd.o module_fdda_spnudging.o module_fddagd_driver.o module_fddaobs_rtfdda.o module_fddaobs_driver.o module_wind_fitch.o module_wind_mav.o module_sf_lake.o module_diagnostics_driver.o module_irrigation.o   \
	module_fr_fire_driver.o module_fr_fire_driver_wrf.o module_fr_fire_atm.o module_fr_fire_model.o module_fr_fire_core.o module_fr_fire_phys.o module_fr_fire_util.o module_firebrand_spotting_mpi.o module_firebrand_spotting.o module_diag_afwa.o module_diag_cl.o module_diag_functions.o module_diag_hailcast.o module_diag_misc.o module_diag_nwp.o module_diag_rasm.o module_diag_pld.o module_diag_zld.o module_diag_trad_fields.o module_diag_solar.o physics_mmm/sf_sfclayrev.o physics_mmm/cu_ntiedtke.o physics_mmm/module_libmassv.o physics_mmm/mp_wsm6.o physics_mmm/mp_wsm6_effectRad.o physics_mmm/mp_radar.o physics_mmm/bl_gwdo.o physics_mmm/bl_ysu.o
make[3]: Entering directory '/home/onishi/WRF/phys'
rm -f ccpp_kind_types.o
rm -f complex_number_module.o
sed -e "s/^\!.*'.*//" -e "s/^ *\!.*'.*//" ccpp_kind_types.F > ccpp_kind_types.G
sed -e "s/^\!.*'.*//" -e "s/^ *\!.*'.*//" complex_number_module.F > complex_number_module.G
/lib/cpp -P -nostdinc -I/home/onishi/WRF/external/ioapi_share -I/home/onishi/WRF/inc -DEM_CORE=1 -DNMM_CORE=0 -DNMM_MAX_DIM=2600 -DDA_CORE=0 -DWRFPLUS=0 -DIWORDSIZE=4 -DDWORDSIZE=8 -DRWORDSIZE=4 -DLWORDSIZE=4 -DNONSTANDARD_SYSTEM_FUNC  -DWRF_USE_CLM -DUSE_NETCDF4_FEATURES -DWRFIO_NCD_LARGE_FILE_SUPPORT  -DDM_PARALLEL -DNETCDF -DGRIB2 -DHDF5 -DLANDREAD_STUB=1 -DUSE_ALLOCATABLES -Dwrfmodel -DGRIB1 -DINTIO -DKEEP_INT_AROUND -DLIMIT_ARGS -DBUILD_RRTMG_FAST=0 -DBUILD_RRTMK=0 -DBUILD_SBM_FAST=1 -DSHOW_ALL_VARS_USED=0 -DCONFIG_BUF_LEN=65536 -DMAX_DOMAINS_F=21 -DMAX_HISTORY=25 -DNMM_NEST=0 -DWRF_CHEM -DBUILD_CHEM=1 -DWRF_KPP -I. -traditional-cpp -DUSE_NETCDF4_FEATURES -DWRFIO_NCD_LARGE_FILE_SUPPORT   ccpp_kind_types.G  > ccpp_kind_types.bb
/lib/cpp -P -nostdinc -I/home/onishi/WRF/external/ioapi_share -I/home/onishi/WRF/inc -DEM_CORE=1 -DNMM_CORE=0 -DNMM_MAX_DIM=2600 -DDA_CORE=0 -DWRFPLUS=0 -DIWORDSIZE=4 -DDWORDSIZE=8 -DRWORDSIZE=4 -DLWORDSIZE=4 -DNONSTANDARD_SYSTEM_FUNC  -DWRF_USE_CLM -DUSE_NETCDF4_FEATURES -DWRFIO_NCD_LARGE_FILE_SUPPORT  -DDM_PARALLEL -DNETCDF -DGRIB2 -DHDF5 -DLANDREAD_STUB=1 -DUSE_ALLOCATABLES -Dwrfmodel -DGRIB1 -DINTIO -DKEEP_INT_AROUND -DLIMIT_ARGS -DBUILD_RRTMG_FAST=0 -DBUILD_RRTMK=0 -DBUILD_SBM_FAST=1 -DSHOW_ALL_VARS_USED=0 -DCONFIG_BUF_LEN=65536 -DMAX_DOMAINS_F=21 -DMAX_HISTORY=25 -DNMM_NEST=0 -DWRF_CHEM -DBUILD_CHEM=1 -DWRF_KPP -I. -traditional-cpp -DUSE_NETCDF4_FEATURES -DWRFIO_NCD_LARGE_FILE_SUPPORT   complex_number_module.G  > complex_number_module.bb
/home/onishi/WRF/tools/standard.exe ccpp_kind_types.bb | /lib/cpp -P -nostdinc -I/home/onishi/WRF/external/ioapi_share -traditional-cpp -DUSE_NETCDF4_FEATURES -DWRFIO_NCD_LARGE_FILE_SUPPORT > ccpp_kind_types.f90
/home/onishi/WRF/tools/standard.exe complex_number_module.bb | /lib/cpp -P -nostdinc -I/home/onishi/WRF/external/ioapi_share -traditional-cpp -DUSE_NETCDF4_FEATURES -DWRFIO_NCD_LARGE_FILE_SUPPORT > complex_number_module.f90
rm -f ccpp_kind_types.G ccpp_kind_types.bb
rm -f complex_number_module.G complex_number_module.bb
time mpif90 -f90=ifort -o ccpp_kind_types.o -c -O3 -ip -fp-model precise -w -ftz -align all -fno-alias -FR -convert big_endian    -I../dyn_em  -I/home/onishi/WRF/external/esmf_time_f90  -I/home/onishi/WRF/main -I/home/onishi/WRF/external/io_netcdf -I/home/onishi/WRF/external/io_int -I/home/onishi/WRF/frame -I/home/onishi/WRF/share -I/home/onishi/WRF/phys -I/home/onishi/WRF/wrftladj -I/home/onishi/WRF/chem -I/home/onishi/WRF/inc -I/home/onishi/NETCDF_DIR2//include  -real-size `expr 8 \* 4` -i4  ccpp_kind_types.f90
time mpif90 -f90=ifort -o complex_number_module.o -c -O3 -ip -fp-model precise -w -ftz -align all -fno-alias -FR -convert big_endian    -I../dyn_em  -I/home/onishi/WRF/external/esmf_time_f90  -I/home/onishi/WRF/main -I/home/onishi/WRF/external/io_netcdf -I/home/onishi/WRF/external/io_int -I/home/onishi/WRF/frame -I/home/onishi/WRF/share -I/home/onishi/WRF/phys -I/home/onishi/WRF/wrftladj -I/home/onishi/WRF/chem -I/home/onishi/WRF/inc -I/home/onishi/NETCDF_DIR2//include  -real-size `expr 8 \* 4` -i4  complex_number_module.f90
0.00user 0.07system 0:00.11elapsed 70%CPU (0avgtext+0avgdata 37584maxresident)k
8inputs+96outputs (0major+5949minor)pagefaults 0swaps
rm -f module_cam_shr_kind_mod.o
sed -e "s/^\!.*'.*//" -e "s/^ *\!.*'.*//" module_cam_shr_kind_mod.F > module_cam_shr_kind_mod.G
/lib/cpp -P -nostdinc -I/home/onishi/WRF/external/ioapi_share -I/home/onishi/WRF/inc -DEM_CORE=1 -DNMM_CORE=0 -DNMM_MAX_DIM=2600 -DDA_CORE=0 -DWRFPLUS=0 -DIWORDSIZE=4 -DDWORDSIZE=8 -DRWORDSIZE=4 -DLWORDSIZE=4 -DNONSTANDARD_SYSTEM_FUNC  -DWRF_USE_CLM -DUSE_NETCDF4_FEATURES -DWRFIO_NCD_LARGE_FILE_SUPPORT  -DDM_PARALLEL -DNETCDF -DGRIB2 -DHDF5 -DLANDREAD_STUB=1 -DUSE_ALLOCATABLES -Dwrfmodel -DGRIB1 -DINTIO -DKEEP_INT_AROUND -DLIMIT_ARGS -DBUILD_RRTMG_FAST=0 -DBUILD_RRTMK=0 -DBUILD_SBM_FAST=1 -DSHOW_ALL_VARS_USED=0 -DCONFIG_BUF_LEN=65536 -DMAX_DOMAINS_F=21 -DMAX_HISTORY=25 -DNMM_NEST=0 -DWRF_CHEM -DBUILD_CHEM=1 -DWRF_KPP -I. -traditional-cpp -DUSE_NETCDF4_FEATURES -DWRFIO_NCD_LARGE_FILE_SUPPORT   module_cam_shr_kind_mod.G  > module_cam_shr_kind_mod.bb
0.03user 0.08system 0:00.14elapsed 80%CPU (0avgtext+0avgdata 44592maxresident)k
16inputs+152outputs (0major+7019minor)pagefaults 0swaps
rm -f module_cam_error_function.o
/home/onishi/WRF/tools/standard.exe module_cam_shr_kind_mod.bb | /lib/cpp -P -nostdinc -I/home/onishi/WRF/external/ioapi_share -traditional-cpp -DUSE_NETCDF4_FEATURES -DWRFIO_NCD_LARGE_FILE_SUPPORT > module_cam_shr_kind_mod.f90
sed -e "s/^\!.*'.*//" -e "s/^ *\!.*'.*//" module_cam_error_function.F > module_cam_error_function.G
/lib/cpp -P -nostdinc -I/home/onishi/WRF/external/ioapi_share -I/home/onishi/WRF/inc -DEM_CORE=1 -DNMM_CORE=0 -DNMM_MAX_DIM=2600 -DDA_CORE=0 -DWRFPLUS=0 -DIWORDSIZE=4 -DDWORDSIZE=8 -DRWORDSIZE=4 -DLWORDSIZE=4 -DNONSTANDARD_SYSTEM_FUNC  -DWRF_USE_CLM -DUSE_NETCDF4_FEATURES -DWRFIO_NCD_LARGE_FILE_SUPPORT  -DDM_PARALLEL -DNETCDF -DGRIB2 -DHDF5 -DLANDREAD_STUB=1 -DUSE_ALLOCATABLES -Dwrfmodel -DGRIB1 -DINTIO -DKEEP_INT_AROUND -DLIMIT_ARGS -DBUILD_RRTMG_FAST=0 -DBUILD_RRTMK=0 -DBUILD_SBM_FAST=1 -DSHOW_ALL_VARS_USED=0 -DCONFIG_BUF_LEN=65536 -DMAX_DOMAINS_F=21 -DMAX_HISTORY=25 -DNMM_NEST=0 -DWRF_CHEM -DBUILD_CHEM=1 -DWRF_KPP -I. -traditional-cpp -DUSE_NETCDF4_FEATURES -DWRFIO_NCD_LARGE_FILE_SUPPORT   module_cam_error_function.G  > module_cam_error_function.bb
rm -f module_cam_shr_kind_mod.G module_cam_shr_kind_mod.bb
/home/onishi/WRF/tools/standard.exe module_cam_error_function.bb | /lib/cpp -P -nostdinc -I/home/onishi/WRF/external/ioapi_share -traditional-cpp -DUSE_NETCDF4_FEATURES -DWRFIO_NCD_LARGE_FILE_SUPPORT > module_cam_error_function.f90
time mpif90 -f90=ifort -o module_cam_shr_kind_mod.o -c -O3 -ip -fp-model precise -w -ftz -align all -fno-alias -FR -convert big_endian    -I../dyn_em  -I/home/onishi/WRF/external/esmf_time_f90  -I/home/onishi/WRF/main -I/home/onishi/WRF/external/io_netcdf -I/home/onishi/WRF/external/io_int -I/home/onishi/WRF/frame -I/home/onishi/WRF/share -I/home/onishi/WRF/phys -I/home/onishi/WRF/wrftladj -I/home/onishi/WRF/chem -I/home/onishi/WRF/inc -I/home/onishi/NETCDF_DIR2//include  -real-size `expr 8 \* 4` -i4  module_cam_shr_kind_mod.f90
rm -f module_cam_error_function.G module_cam_error_function.bb
time mpif90 -f90=ifort -o module_cam_error_function.o -c -O3 -ip -fp-model precise -w -ftz -align all -fno-alias -FR -convert big_endian    -I../dyn_em  -I/home/onishi/WRF/external/esmf_time_f90  -I/home/onishi/WRF/main -I/home/onishi/WRF/external/io_netcdf -I/home/onishi/WRF/external/io_int -I/home/onishi/WRF/frame -I/home/onishi/WRF/share -I/home/onishi/WRF/phys -I/home/onishi/WRF/wrftladj -I/home/onishi/WRF/chem -I/home/onishi/WRF/inc -I/home/onishi/NETCDF_DIR2//include  -real-size `expr 8 \* 4` -i4  module_cam_error_function.f90
0.00user 0.07system 0:00.09elapsed 89%CPU (0avgtext+0avgdata 38068maxresident)k
8inputs+96outputs (0major+5965minor)pagefaults 0swaps
rm -f physics_mmm/bl_ysu.o
sed -e "s/^\!.*'.*//" -e "s/^ *\!.*'.*//" physics_mmm/bl_ysu.F90 > physics_mmm/bl_ysu.G
/lib/cpp -P -nostdinc -I/home/onishi/WRF/external/ioapi_share -I/home/onishi/WRF/inc -DEM_CORE=1 -DNMM_CORE=0 -DNMM_MAX_DIM=2600 -DDA_CORE=0 -DWRFPLUS=0 -DIWORDSIZE=4 -DDWORDSIZE=8 -DRWORDSIZE=4 -DLWORDSIZE=4 -DNONSTANDARD_SYSTEM_FUNC  -DWRF_USE_CLM -DUSE_NETCDF4_FEATURES -DWRFIO_NCD_LARGE_FILE_SUPPORT  -DDM_PARALLEL -DNETCDF -DGRIB2 -DHDF5 -DLANDREAD_STUB=1 -DUSE_ALLOCATABLES -Dwrfmodel -DGRIB1 -DINTIO -DKEEP_INT_AROUND -DLIMIT_ARGS -DBUILD_RRTMG_FAST=0 -DBUILD_RRTMK=0 -DBUILD_SBM_FAST=1 -DSHOW_ALL_VARS_USED=0 -DCONFIG_BUF_LEN=65536 -DMAX_DOMAINS_F=21 -DMAX_HISTORY=25 -DNMM_NEST=0 -DWRF_CHEM -DBUILD_CHEM=1 -DWRF_KPP -I. -traditional-cpp -DUSE_NETCDF4_FEATURES -DWRFIO_NCD_LARGE_FILE_SUPPORT   physics_mmm/bl_ysu.G  > physics_mmm/bl_ysu.bb
/home/onishi/WRF/tools/standard.exe physics_mmm/bl_ysu.bb | /lib/cpp -P -nostdinc -I/home/onishi/WRF/external/ioapi_share -traditional-cpp -DUSE_NETCDF4_FEATURES -DWRFIO_NCD_LARGE_FILE_SUPPORT > physics_mmm/bl_ysu.f90
rm -f physics_mmm/bl_ysu.G physics_mmm/bl_ysu.bb
time mpif90 -f90=ifort -o physics_mmm/bl_ysu.o -c -O3 -ip -fp-model precise -w -ftz -align all -fno-alias -FR -convert big_endian    -I../dyn_em  -I/home/onishi/WRF/external/esmf_time_f90  -I/home/onishi/WRF/main -I/home/onishi/WRF/external/io_netcdf -I/home/onishi/WRF/external/io_int -I/home/onishi/WRF/frame -I/home/onishi/WRF/share -I/home/onishi/WRF/phys -I/home/onishi/WRF/wrftladj -I/home/onishi/WRF/chem -I/home/onishi/WRF/inc -I/home/onishi/NETCDF_DIR2//include  -real-size `expr 8 \* 4` -i4  physics_mmm/bl_ysu.f90
0.10user 0.07system 0:00.19elapsed 94%CPU (0avgtext+0avgdata 46820maxresident)k
24inputs+184outputs (0major+7552minor)pagefaults 0swaps
rm -f module_bl_shinhong.o
sed -e "s/^\!.*'.*//" -e "s/^ *\!.*'.*//" module_bl_shinhong.F > module_bl_shinhong.G
/lib/cpp -P -nostdinc -I/home/onishi/WRF/external/ioapi_share -I/home/onishi/WRF/inc -DEM_CORE=1 -DNMM_CORE=0 -DNMM_MAX_DIM=2600 -DDA_CORE=0 -DWRFPLUS=0 -DIWORDSIZE=4 -DDWORDSIZE=8 -DRWORDSIZE=4 -DLWORDSIZE=4 -DNONSTANDARD_SYSTEM_FUNC  -DWRF_USE_CLM -DUSE_NETCDF4_FEATURES -DWRFIO_NCD_LARGE_FILE_SUPPORT  -DDM_PARALLEL -DNETCDF -DGRIB2 -DHDF5 -DLANDREAD_STUB=1 -DUSE_ALLOCATABLES -Dwrfmodel -DGRIB1 -DINTIO -DKEEP_INT_AROUND -DLIMIT_ARGS -DBUILD_RRTMG_FAST=0 -DBUILD_RRTMK=0 -DBUILD_SBM_FAST=1 -DSHOW_ALL_VARS_USED=0 -DCONFIG_BUF_LEN=65536 -DMAX_DOMAINS_F=21 -DMAX_HISTORY=25 -DNMM_NEST=0 -DWRF_CHEM -DBUILD_CHEM=1 -DWRF_KPP -I. -traditional-cpp -DUSE_NETCDF4_FEATURES -DWRFIO_NCD_LARGE_FILE_SUPPORT   module_bl_shinhong.G  > module_bl_shinhong.bb
/home/onishi/WRF/tools/standard.exe module_bl_shinhong.bb | /lib/cpp -P -nostdinc -I/home/onishi/WRF/external/ioapi_share -traditional-cpp -DUSE_NETCDF4_FEATURES -DWRFIO_NCD_LARGE_FILE_SUPPORT > module_bl_shinhong.f90
rm -f module_bl_shinhong.G module_bl_shinhong.bb
time mpif90 -f90=ifort -o module_bl_shinhong.o -c -O3 -ip -fp-model precise -w -ftz -align all -fno-alias -FR -convert big_endian    -I../dyn_em  -I/home/onishi/WRF/external/esmf_time_f90  -I/home/onishi/WRF/main -I/home/onishi/WRF/external/io_netcdf -I/home/onishi/WRF/external/io_int -I/home/onishi/WRF/frame -I/home/onishi/WRF/share -I/home/onishi/WRF/phys -I/home/onishi/WRF/wrftladj -I/home/onishi/WRF/chem -I/home/onishi/WRF/inc -I/home/onishi/NETCDF_DIR2//include  -real-size `expr 8 \* 4` -i4  module_bl_shinhong.f90
8.82user 0.28system 0:09.12elapsed 99%CPU (0avgtext+0avgdata 251912maxresident)k
160inputs+1840outputs (0major+69894minor)pagefaults 0swaps
rm -f module_bl_mrf.o
sed -e "s/^\!.*'.*//" -e "s/^ *\!.*'.*//" module_bl_mrf.F > module_bl_mrf.G
/lib/cpp -P -nostdinc -I/home/onishi/WRF/external/ioapi_share -I/home/onishi/WRF/inc -DEM_CORE=1 -DNMM_CORE=0 -DNMM_MAX_DIM=2600 -DDA_CORE=0 -DWRFPLUS=0 -DIWORDSIZE=4 -DDWORDSIZE=8 -DRWORDSIZE=4 -DLWORDSIZE=4 -DNONSTANDARD_SYSTEM_FUNC  -DWRF_USE_CLM -DUSE_NETCDF4_FEATURES -DWRFIO_NCD_LARGE_FILE_SUPPORT  -DDM_PARALLEL -DNETCDF -DGRIB2 -DHDF5 -DLANDREAD_STUB=1 -DUSE_ALLOCATABLES -Dwrfmodel -DGRIB1 -DINTIO -DKEEP_INT_AROUND -DLIMIT_ARGS -DBUILD_RRTMG_FAST=0 -DBUILD_RRTMK=0 -DBUILD_SBM_FAST=1 -DSHOW_ALL_VARS_USED=0 -DCONFIG_BUF_LEN=65536 -DMAX_DOMAINS_F=21 -DMAX_HISTORY=25 -DNMM_NEST=0 -DWRF_CHEM -DBUILD_CHEM=1 -DWRF_KPP -I. -traditional-cpp -DUSE_NETCDF4_FEATURES -DWRFIO_NCD_LARGE_FILE_SUPPORT   module_bl_mrf.G  > module_bl_mrf.bb
/home/onishi/WRF/tools/standard.exe module_bl_mrf.bb | /lib/cpp -P -nostdinc -I/home/onishi/WRF/external/ioapi_share -traditional-cpp -DUSE_NETCDF4_FEATURES -DWRFIO_NCD_LARGE_FILE_SUPPORT > module_bl_mrf.f90
rm -f module_bl_mrf.G module_bl_mrf.bb
time mpif90 -f90=ifort -o module_bl_mrf.o -c -O3 -ip -fp-model precise -w -ftz -align all -fno-alias -FR -convert big_endian    -I../dyn_em  -I/home/onishi/WRF/external/esmf_time_f90  -I/home/onishi/WRF/main -I/home/onishi/WRF/external/io_netcdf -I/home/onishi/WRF/external/io_int -I/home/onishi/WRF/frame -I/home/onishi/WRF/share -I/home/onishi/WRF/phys -I/home/onishi/WRF/wrftladj -I/home/onishi/WRF/chem -I/home/onishi/WRF/inc -I/home/onishi/NETCDF_DIR2//include  -real-size `expr 8 \* 4` -i4  module_bl_mrf.f90
9.94user 0.36system 0:10.32elapsed 99%CPU (0avgtext+0avgdata 280100maxresident)k
112inputs+1456outputs (0major+87672minor)pagefaults 0swaps
rm -f module_gfs_machine.o
sed -e "s/^\!.*'.*//" -e "s/^ *\!.*'.*//" module_gfs_machine.F > module_gfs_machine.G
/lib/cpp -P -nostdinc -I/home/onishi/WRF/external/ioapi_share -I/home/onishi/WRF/inc -DEM_CORE=1 -DNMM_CORE=0 -DNMM_MAX_DIM=2600 -DDA_CORE=0 -DWRFPLUS=0 -DIWORDSIZE=4 -DDWORDSIZE=8 -DRWORDSIZE=4 -DLWORDSIZE=4 -DNONSTANDARD_SYSTEM_FUNC  -DWRF_USE_CLM -DUSE_NETCDF4_FEATURES -DWRFIO_NCD_LARGE_FILE_SUPPORT  -DDM_PARALLEL -DNETCDF -DGRIB2 -DHDF5 -DLANDREAD_STUB=1 -DUSE_ALLOCATABLES -Dwrfmodel -DGRIB1 -DINTIO -DKEEP_INT_AROUND -DLIMIT_ARGS -DBUILD_RRTMG_FAST=0 -DBUILD_RRTMK=0 -DBUILD_SBM_FAST=1 -DSHOW_ALL_VARS_USED=0 -DCONFIG_BUF_LEN=65536 -DMAX_DOMAINS_F=21 -DMAX_HISTORY=25 -DNMM_NEST=0 -DWRF_CHEM -DBUILD_CHEM=1 -DWRF_KPP -I. -traditional-cpp -DUSE_NETCDF4_FEATURES -DWRFIO_NCD_LARGE_FILE_SUPPORT   module_gfs_machine.G  > module_gfs_machine.bb
/home/onishi/WRF/tools/standard.exe module_gfs_machine.bb | /lib/cpp -P -nostdinc -I/home/onishi/WRF/external/ioapi_share -traditional-cpp -DUSE_NETCDF4_FEATURES -DWRFIO_NCD_LARGE_FILE_SUPPORT > module_gfs_machine.f90
rm -f module_gfs_machine.G module_gfs_machine.bb
time mpif90 -f90=ifort -o module_gfs_machine.o -c -O3 -ip -fp-model precise -w -ftz -align all -fno-alias -FR -convert big_endian    -I../dyn_em  -I/home/onishi/WRF/external/esmf_time_f90  -I/home/onishi/WRF/main -I/home/onishi/WRF/external/io_netcdf -I/home/onishi/WRF/external/io_int -I/home/onishi/WRF/frame -I/home/onishi/WRF/share -I/home/onishi/WRF/phys -I/home/onishi/WRF/wrftladj -I/home/onishi/WRF/chem -I/home/onishi/WRF/inc -I/home/onishi/NETCDF_DIR2//include  -real-size `expr 8 \* 4` -i4  module_gfs_machine.f90
0.01user 0.07system 0:00.12elapsed 76%CPU (0avgtext+0avgdata 38072maxresident)k
8inputs+96outputs (0major+5948minor)pagefaults 0swaps
rm -f module_bl_myjpbl.o
sed -e "s/^\!.*'.*//" -e "s/^ *\!.*'.*//" module_bl_myjpbl.F > module_bl_myjpbl.G
/lib/cpp -P -nostdinc -I/home/onishi/WRF/external/ioapi_share -I/home/onishi/WRF/inc -DEM_CORE=1 -DNMM_CORE=0 -DNMM_MAX_DIM=2600 -DDA_CORE=0 -DWRFPLUS=0 -DIWORDSIZE=4 -DDWORDSIZE=8 -DRWORDSIZE=4 -DLWORDSIZE=4 -DNONSTANDARD_SYSTEM_FUNC  -DWRF_USE_CLM -DUSE_NETCDF4_FEATURES -DWRFIO_NCD_LARGE_FILE_SUPPORT  -DDM_PARALLEL -DNETCDF -DGRIB2 -DHDF5 -DLANDREAD_STUB=1 -DUSE_ALLOCATABLES -Dwrfmodel -DGRIB1 -DINTIO -DKEEP_INT_AROUND -DLIMIT_ARGS -DBUILD_RRTMG_FAST=0 -DBUILD_RRTMK=0 -DBUILD_SBM_FAST=1 -DSHOW_ALL_VARS_USED=0 -DCONFIG_BUF_LEN=65536 -DMAX_DOMAINS_F=21 -DMAX_HISTORY=25 -DNMM_NEST=0 -DWRF_CHEM -DBUILD_CHEM=1 -DWRF_KPP -I. -traditional-cpp -DUSE_NETCDF4_FEATURES -DWRFIO_NCD_LARGE_FILE_SUPPORT   module_bl_myjpbl.G  > module_bl_myjpbl.bb
/home/onishi/WRF/tools/standard.exe module_bl_myjpbl.bb | /lib/cpp -P -nostdinc -I/home/onishi/WRF/external/ioapi_share -traditional-cpp -DUSE_NETCDF4_FEATURES -DWRFIO_NCD_LARGE_FILE_SUPPORT > module_bl_myjpbl.f90
rm -f module_bl_myjpbl.G module_bl_myjpbl.bb
time mpif90 -f90=ifort -o module_bl_myjpbl.o -c -O3 -ip -fp-model precise -w -ftz -align all -fno-alias -FR -convert big_endian    -I../dyn_em  -I/home/onishi/WRF/external/esmf_time_f90  -I/home/onishi/WRF/main -I/home/onishi/WRF/external/io_netcdf -I/home/onishi/WRF/external/io_int -I/home/onishi/WRF/frame -I/home/onishi/WRF/share -I/home/onishi/WRF/phys -I/home/onishi/WRF/wrftladj -I/home/onishi/WRF/chem -I/home/onishi/WRF/inc -I/home/onishi/NETCDF_DIR2//include  -real-size `expr 8 \* 4` -i4  module_bl_myjpbl.f90
3.13user 0.21system 0:03.38elapsed 98%CPU (0avgtext+0avgdata 149688maxresident)k
112inputs+920outputs (0major+42852minor)pagefaults 0swaps
rm -f module_bl_qnsepbl.o
sed -e "s/^\!.*'.*//" -e "s/^ *\!.*'.*//" module_bl_qnsepbl.F > module_bl_qnsepbl.G
/lib/cpp -P -nostdinc -I/home/onishi/WRF/external/ioapi_share -I/home/onishi/WRF/inc -DEM_CORE=1 -DNMM_CORE=0 -DNMM_MAX_DIM=2600 -DDA_CORE=0 -DWRFPLUS=0 -DIWORDSIZE=4 -DDWORDSIZE=8 -DRWORDSIZE=4 -DLWORDSIZE=4 -DNONSTANDARD_SYSTEM_FUNC  -DWRF_USE_CLM -DUSE_NETCDF4_FEATURES -DWRFIO_NCD_LARGE_FILE_SUPPORT  -DDM_PARALLEL -DNETCDF -DGRIB2 -DHDF5 -DLANDREAD_STUB=1 -DUSE_ALLOCATABLES -Dwrfmodel -DGRIB1 -DINTIO -DKEEP_INT_AROUND -DLIMIT_ARGS -DBUILD_RRTMG_FAST=0 -DBUILD_RRTMK=0 -DBUILD_SBM_FAST=1 -DSHOW_ALL_VARS_USED=0 -DCONFIG_BUF_LEN=65536 -DMAX_DOMAINS_F=21 -DMAX_HISTORY=25 -DNMM_NEST=0 -DWRF_CHEM -DBUILD_CHEM=1 -DWRF_KPP -I. -traditional-cpp -DUSE_NETCDF4_FEATURES -DWRFIO_NCD_LARGE_FILE_SUPPORT   module_bl_qnsepbl.G  > module_bl_qnsepbl.bb
/home/onishi/WRF/tools/standard.exe module_bl_qnsepbl.bb | /lib/cpp -P -nostdinc -I/home/onishi/WRF/external/ioapi_share -traditional-cpp -DUSE_NETCDF4_FEATURES -DWRFIO_NCD_LARGE_FILE_SUPPORT > module_bl_qnsepbl.f90
rm -f module_bl_qnsepbl.G module_bl_qnsepbl.bb
time mpif90 -f90=ifort -o module_bl_qnsepbl.o -c -O3 -ip -fp-model precise -w -ftz -align all -fno-alias -FR -convert big_endian    -I../dyn_em  -I/home/onishi/WRF/external/esmf_time_f90  -I/home/onishi/WRF/main -I/home/onishi/WRF/external/io_netcdf -I/home/onishi/WRF/external/io_int -I/home/onishi/WRF/frame -I/home/onishi/WRF/share -I/home/onishi/WRF/phys -I/home/onishi/WRF/wrftladj -I/home/onishi/WRF/chem -I/home/onishi/WRF/inc -I/home/onishi/NETCDF_DIR2//include  -real-size `expr 8 \* 4` -i4  module_bl_qnsepbl.f90
2.36user 0.18system 0:02.57elapsed 99%CPU (0avgtext+0avgdata 134744maxresident)k
72inputs+944outputs (0major+31164minor)pagefaults 0swaps
rm -f module_bl_acm.o
sed -e "s/^\!.*'.*//" -e "s/^ *\!.*'.*//" module_bl_acm.F > module_bl_acm.G
/lib/cpp -P -nostdinc -I/home/onishi/WRF/external/ioapi_share -I/home/onishi/WRF/inc -DEM_CORE=1 -DNMM_CORE=0 -DNMM_MAX_DIM=2600 -DDA_CORE=0 -DWRFPLUS=0 -DIWORDSIZE=4 -DDWORDSIZE=8 -DRWORDSIZE=4 -DLWORDSIZE=4 -DNONSTANDARD_SYSTEM_FUNC  -DWRF_USE_CLM -DUSE_NETCDF4_FEATURES -DWRFIO_NCD_LARGE_FILE_SUPPORT  -DDM_PARALLEL -DNETCDF -DGRIB2 -DHDF5 -DLANDREAD_STUB=1 -DUSE_ALLOCATABLES -Dwrfmodel -DGRIB1 -DINTIO -DKEEP_INT_AROUND -DLIMIT_ARGS -DBUILD_RRTMG_FAST=0 -DBUILD_RRTMK=0 -DBUILD_SBM_FAST=1 -DSHOW_ALL_VARS_USED=0 -DCONFIG_BUF_LEN=65536 -DMAX_DOMAINS_F=21 -DMAX_HISTORY=25 -DNMM_NEST=0 -DWRF_CHEM -DBUILD_CHEM=1 -DWRF_KPP -I. -traditional-cpp -DUSE_NETCDF4_FEATURES -DWRFIO_NCD_LARGE_FILE_SUPPORT   module_bl_acm.G  > module_bl_acm.bb
/home/onishi/WRF/tools/standard.exe module_bl_acm.bb | /lib/cpp -P -nostdinc -I/home/onishi/WRF/external/ioapi_share -traditional-cpp -DUSE_NETCDF4_FEATURES -DWRFIO_NCD_LARGE_FILE_SUPPORT > module_bl_acm.f90
rm -f module_bl_acm.G module_bl_acm.bb
time mpif90 -f90=ifort -o module_bl_acm.o -c -O3 -ip -fp-model precise -w -ftz -align all -fno-alias -FR -convert big_endian    -I../dyn_em  -I/home/onishi/WRF/external/esmf_time_f90  -I/home/onishi/WRF/main -I/home/onishi/WRF/external/io_netcdf -I/home/onishi/WRF/external/io_int -I/home/onishi/WRF/frame -I/home/onishi/WRF/share -I/home/onishi/WRF/phys -I/home/onishi/WRF/wrftladj -I/home/onishi/WRF/chem -I/home/onishi/WRF/inc -I/home/onishi/NETCDF_DIR2//include  -real-size `expr 8 \* 4` -i4  module_bl_acm.f90
2.14user 0.14system 0:02.31elapsed 98%CPU (0avgtext+0avgdata 126944maxresident)k
64inputs+872outputs (0major+29273minor)pagefaults 0swaps
rm -f module_bl_mynn_common.o
sed -e "s/^\!.*'.*//" -e "s/^ *\!.*'.*//" module_bl_mynn_common.F > module_bl_mynn_common.G
/lib/cpp -P -nostdinc -I/home/onishi/WRF/external/ioapi_share -I/home/onishi/WRF/inc -DEM_CORE=1 -DNMM_CORE=0 -DNMM_MAX_DIM=2600 -DDA_CORE=0 -DWRFPLUS=0 -DIWORDSIZE=4 -DDWORDSIZE=8 -DRWORDSIZE=4 -DLWORDSIZE=4 -DNONSTANDARD_SYSTEM_FUNC  -DWRF_USE_CLM -DUSE_NETCDF4_FEATURES -DWRFIO_NCD_LARGE_FILE_SUPPORT  -DDM_PARALLEL -DNETCDF -DGRIB2 -DHDF5 -DLANDREAD_STUB=1 -DUSE_ALLOCATABLES -Dwrfmodel -DGRIB1 -DINTIO -DKEEP_INT_AROUND -DLIMIT_ARGS -DBUILD_RRTMG_FAST=0 -DBUILD_RRTMK=0 -DBUILD_SBM_FAST=1 -DSHOW_ALL_VARS_USED=0 -DCONFIG_BUF_LEN=65536 -DMAX_DOMAINS_F=21 -DMAX_HISTORY=25 -DNMM_NEST=0 -DWRF_CHEM -DBUILD_CHEM=1 -DWRF_KPP -I. -traditional-cpp -DUSE_NETCDF4_FEATURES -DWRFIO_NCD_LARGE_FILE_SUPPORT   module_bl_mynn_common.G  > module_bl_mynn_common.bb
/home/onishi/WRF/tools/standard.exe module_bl_mynn_common.bb | /lib/cpp -P -nostdinc -I/home/onishi/WRF/external/ioapi_share -traditional-cpp -DUSE_NETCDF4_FEATURES -DWRFIO_NCD_LARGE_FILE_SUPPORT > module_bl_mynn_common.f90
rm -f module_bl_mynn_common.G module_bl_mynn_common.bb
time mpif90 -f90=ifort -o module_bl_mynn_common.o -c -O3 -ip -fp-model precise -w -ftz -align all -fno-alias -FR -convert big_endian    -I../dyn_em  -I/home/onishi/WRF/external/esmf_time_f90  -I/home/onishi/WRF/main -I/home/onishi/WRF/external/io_netcdf -I/home/onishi/WRF/external/io_int -I/home/onishi/WRF/frame -I/home/onishi/WRF/share -I/home/onishi/WRF/phys -I/home/onishi/WRF/wrftladj -I/home/onishi/WRF/chem -I/home/onishi/WRF/inc -I/home/onishi/NETCDF_DIR2//include  -real-size `expr 8 \* 4` -i4  module_bl_mynn_common.f90
0.02user 0.06system 0:00.11elapsed 76%CPU (0avgtext+0avgdata 38320maxresident)k
8inputs+104outputs (0major+5955minor)pagefaults 0swaps
rm -f module_bl_fogdes.o
sed -e "s/^\!.*'.*//" -e "s/^ *\!.*'.*//" module_bl_fogdes.F > module_bl_fogdes.G
/lib/cpp -P -nostdinc -I/home/onishi/WRF/external/ioapi_share -I/home/onishi/WRF/inc -DEM_CORE=1 -DNMM_CORE=0 -DNMM_MAX_DIM=2600 -DDA_CORE=0 -DWRFPLUS=0 -DIWORDSIZE=4 -DDWORDSIZE=8 -DRWORDSIZE=4 -DLWORDSIZE=4 -DNONSTANDARD_SYSTEM_FUNC  -DWRF_USE_CLM -DUSE_NETCDF4_FEATURES -DWRFIO_NCD_LARGE_FILE_SUPPORT  -DDM_PARALLEL -DNETCDF -DGRIB2 -DHDF5 -DLANDREAD_STUB=1 -DUSE_ALLOCATABLES -Dwrfmodel -DGRIB1 -DINTIO -DKEEP_INT_AROUND -DLIMIT_ARGS -DBUILD_RRTMG_FAST=0 -DBUILD_RRTMK=0 -DBUILD_SBM_FAST=1 -DSHOW_ALL_VARS_USED=0 -DCONFIG_BUF_LEN=65536 -DMAX_DOMAINS_F=21 -DMAX_HISTORY=25 -DNMM_NEST=0 -DWRF_CHEM -DBUILD_CHEM=1 -DWRF_KPP -I. -traditional-cpp -DUSE_NETCDF4_FEATURES -DWRFIO_NCD_LARGE_FILE_SUPPORT   module_bl_fogdes.G  > module_bl_fogdes.bb
/home/onishi/WRF/tools/standard.exe module_bl_fogdes.bb | /lib/cpp -P -nostdinc -I/home/onishi/WRF/external/ioapi_share -traditional-cpp -DUSE_NETCDF4_FEATURES -DWRFIO_NCD_LARGE_FILE_SUPPORT > module_bl_fogdes.f90
rm -f module_bl_fogdes.G module_bl_fogdes.bb
time mpif90 -f90=ifort -o module_bl_fogdes.o -c -O3 -ip -fp-model precise -w -ftz -align all -fno-alias -FR -convert big_endian    -I../dyn_em  -I/home/onishi/WRF/external/esmf_time_f90  -I/home/onishi/WRF/main -I/home/onishi/WRF/external/io_netcdf -I/home/onishi/WRF/external/io_int -I/home/onishi/WRF/frame -I/home/onishi/WRF/share -I/home/onishi/WRF/phys -I/home/onishi/WRF/wrftladj -I/home/onishi/WRF/chem -I/home/onishi/WRF/inc -I/home/onishi/NETCDF_DIR2//include  -real-size `expr 8 \* 4` -i4  module_bl_fogdes.f90
0.04user 0.08system 0:00.14elapsed 91%CPU (0avgtext+0avgdata 45800maxresident)k
8inputs+128outputs (0major+7344minor)pagefaults 0swaps
rm -f physics_mmm/bl_gwdo.o
sed -e "s/^\!.*'.*//" -e "s/^ *\!.*'.*//" physics_mmm/bl_gwdo.F90 > physics_mmm/bl_gwdo.G
/lib/cpp -P -nostdinc -I/home/onishi/WRF/external/ioapi_share -I/home/onishi/WRF/inc -DEM_CORE=1 -DNMM_CORE=0 -DNMM_MAX_DIM=2600 -DDA_CORE=0 -DWRFPLUS=0 -DIWORDSIZE=4 -DDWORDSIZE=8 -DRWORDSIZE=4 -DLWORDSIZE=4 -DNONSTANDARD_SYSTEM_FUNC  -DWRF_USE_CLM -DUSE_NETCDF4_FEATURES -DWRFIO_NCD_LARGE_FILE_SUPPORT  -DDM_PARALLEL -DNETCDF -DGRIB2 -DHDF5 -DLANDREAD_STUB=1 -DUSE_ALLOCATABLES -Dwrfmodel -DGRIB1 -DINTIO -DKEEP_INT_AROUND -DLIMIT_ARGS -DBUILD_RRTMG_FAST=0 -DBUILD_RRTMK=0 -DBUILD_SBM_FAST=1 -DSHOW_ALL_VARS_USED=0 -DCONFIG_BUF_LEN=65536 -DMAX_DOMAINS_F=21 -DMAX_HISTORY=25 -DNMM_NEST=0 -DWRF_CHEM -DBUILD_CHEM=1 -DWRF_KPP -I. -traditional-cpp -DUSE_NETCDF4_FEATURES -DWRFIO_NCD_LARGE_FILE_SUPPORT   physics_mmm/bl_gwdo.G  > physics_mmm/bl_gwdo.bb
/home/onishi/WRF/tools/standard.exe physics_mmm/bl_gwdo.bb | /lib/cpp -P -nostdinc -I/home/onishi/WRF/external/ioapi_share -traditional-cpp -DUSE_NETCDF4_FEATURES -DWRFIO_NCD_LARGE_FILE_SUPPORT > physics_mmm/bl_gwdo.f90
rm -f physics_mmm/bl_gwdo.G physics_mmm/bl_gwdo.bb
time mpif90 -f90=ifort -o physics_mmm/bl_gwdo.o -c -O3 -ip -fp-model precise -w -ftz -align all -fno-alias -FR -convert big_endian    -I../dyn_em  -I/home/onishi/WRF/external/esmf_time_f90  -I/home/onishi/WRF/main -I/home/onishi/WRF/external/io_netcdf -I/home/onishi/WRF/external/io_int -I/home/onishi/WRF/frame -I/home/onishi/WRF/share -I/home/onishi/WRF/phys -I/home/onishi/WRF/wrftladj -I/home/onishi/WRF/chem -I/home/onishi/WRF/inc -I/home/onishi/NETCDF_DIR2//include  -real-size `expr 8 \* 4` -i4  physics_mmm/bl_gwdo.f90
2.66user 0.16system 0:02.85elapsed 99%CPU (0avgtext+0avgdata 109480maxresident)k
88inputs+1280outputs (0major+28777minor)pagefaults 0swaps
rm -f module_bl_gwdo_gsl.o
sed -e "s/^\!.*'.*//" -e "s/^ *\!.*'.*//" module_bl_gwdo_gsl.F > module_bl_gwdo_gsl.G
/lib/cpp -P -nostdinc -I/home/onishi/WRF/external/ioapi_share -I/home/onishi/WRF/inc -DEM_CORE=1 -DNMM_CORE=0 -DNMM_MAX_DIM=2600 -DDA_CORE=0 -DWRFPLUS=0 -DIWORDSIZE=4 -DDWORDSIZE=8 -DRWORDSIZE=4 -DLWORDSIZE=4 -DNONSTANDARD_SYSTEM_FUNC  -DWRF_USE_CLM -DUSE_NETCDF4_FEATURES -DWRFIO_NCD_LARGE_FILE_SUPPORT  -DDM_PARALLEL -DNETCDF -DGRIB2 -DHDF5 -DLANDREAD_STUB=1 -DUSE_ALLOCATABLES -Dwrfmodel -DGRIB1 -DINTIO -DKEEP_INT_AROUND -DLIMIT_ARGS -DBUILD_RRTMG_FAST=0 -DBUILD_RRTMK=0 -DBUILD_SBM_FAST=1 -DSHOW_ALL_VARS_USED=0 -DCONFIG_BUF_LEN=65536 -DMAX_DOMAINS_F=21 -DMAX_HISTORY=25 -DNMM_NEST=0 -DWRF_CHEM -DBUILD_CHEM=1 -DWRF_KPP -I. -traditional-cpp -DUSE_NETCDF4_FEATURES -DWRFIO_NCD_LARGE_FILE_SUPPORT   module_bl_gwdo_gsl.G  > module_bl_gwdo_gsl.bb
/home/onishi/WRF/tools/standard.exe module_bl_gwdo_gsl.bb | /lib/cpp -P -nostdinc -I/home/onishi/WRF/external/ioapi_share -traditional-cpp -DUSE_NETCDF4_FEATURES -DWRFIO_NCD_LARGE_FILE_SUPPORT > module_bl_gwdo_gsl.f90
rm -f module_bl_gwdo_gsl.G module_bl_gwdo_gsl.bb
time mpif90 -f90=ifort -o module_bl_gwdo_gsl.o -c -O3 -ip -fp-model precise -w -ftz -align all -fno-alias -FR -convert big_endian    -I../dyn_em  -I/home/onishi/WRF/external/esmf_time_f90  -I/home/onishi/WRF/main -I/home/onishi/WRF/external/io_netcdf -I/home/onishi/WRF/external/io_int -I/home/onishi/WRF/frame -I/home/onishi/WRF/share -I/home/onishi/WRF/phys -I/home/onishi/WRF/wrftladj -I/home/onishi/WRF/chem -I/home/onishi/WRF/inc -I/home/onishi/NETCDF_DIR2//include  -real-size `expr 8 \* 4` -i4  module_bl_gwdo_gsl.f90
2.95user 0.18system 0:03.16elapsed 99%CPU (0avgtext+0avgdata 161588maxresident)k
48inputs+632outputs (0major+45222minor)pagefaults 0swaps
rm -f module_bl_myjurb.o
sed -e "s/^\!.*'.*//" -e "s/^ *\!.*'.*//" module_bl_myjurb.F > module_bl_myjurb.G
/lib/cpp -P -nostdinc -I/home/onishi/WRF/external/ioapi_share -I/home/onishi/WRF/inc -DEM_CORE=1 -DNMM_CORE=0 -DNMM_MAX_DIM=2600 -DDA_CORE=0 -DWRFPLUS=0 -DIWORDSIZE=4 -DDWORDSIZE=8 -DRWORDSIZE=4 -DLWORDSIZE=4 -DNONSTANDARD_SYSTEM_FUNC  -DWRF_USE_CLM -DUSE_NETCDF4_FEATURES -DWRFIO_NCD_LARGE_FILE_SUPPORT  -DDM_PARALLEL -DNETCDF -DGRIB2 -DHDF5 -DLANDREAD_STUB=1 -DUSE_ALLOCATABLES -Dwrfmodel -DGRIB1 -DINTIO -DKEEP_INT_AROUND -DLIMIT_ARGS -DBUILD_RRTMG_FAST=0 -DBUILD_RRTMK=0 -DBUILD_SBM_FAST=1 -DSHOW_ALL_VARS_USED=0 -DCONFIG_BUF_LEN=65536 -DMAX_DOMAINS_F=21 -DMAX_HISTORY=25 -DNMM_NEST=0 -DWRF_CHEM -DBUILD_CHEM=1 -DWRF_KPP -I. -traditional-cpp -DUSE_NETCDF4_FEATURES -DWRFIO_NCD_LARGE_FILE_SUPPORT   module_bl_myjurb.G  > module_bl_myjurb.bb
/home/onishi/WRF/tools/standard.exe module_bl_myjurb.bb | /lib/cpp -P -nostdinc -I/home/onishi/WRF/external/ioapi_share -traditional-cpp -DUSE_NETCDF4_FEATURES -DWRFIO_NCD_LARGE_FILE_SUPPORT > module_bl_myjurb.f90
rm -f module_bl_myjurb.G module_bl_myjurb.bb
time mpif90 -f90=ifort -o module_bl_myjurb.o -c -O3 -ip -fp-model precise -w -ftz -align all -fno-alias -FR -convert big_endian    -I../dyn_em  -I/home/onishi/WRF/external/esmf_time_f90  -I/home/onishi/WRF/main -I/home/onishi/WRF/external/io_netcdf -I/home/onishi/WRF/external/io_int -I/home/onishi/WRF/frame -I/home/onishi/WRF/share -I/home/onishi/WRF/phys -I/home/onishi/WRF/wrftladj -I/home/onishi/WRF/chem -I/home/onishi/WRF/inc -I/home/onishi/NETCDF_DIR2//include  -real-size `expr 8 \* 4` -i4  module_bl_myjurb.f90
3.57user 0.19system 0:03.77elapsed 99%CPU (0avgtext+0avgdata 156144maxresident)k
88inputs+1040outputs (0major+44624minor)pagefaults 0swaps
rm -f module_bl_boulac.o
sed -e "s/^\!.*'.*//" -e "s/^ *\!.*'.*//" module_bl_boulac.F > module_bl_boulac.G
/lib/cpp -P -nostdinc -I/home/onishi/WRF/external/ioapi_share -I/home/onishi/WRF/inc -DEM_CORE=1 -DNMM_CORE=0 -DNMM_MAX_DIM=2600 -DDA_CORE=0 -DWRFPLUS=0 -DIWORDSIZE=4 -DDWORDSIZE=8 -DRWORDSIZE=4 -DLWORDSIZE=4 -DNONSTANDARD_SYSTEM_FUNC  -DWRF_USE_CLM -DUSE_NETCDF4_FEATURES -DWRFIO_NCD_LARGE_FILE_SUPPORT  -DDM_PARALLEL -DNETCDF -DGRIB2 -DHDF5 -DLANDREAD_STUB=1 -DUSE_ALLOCATABLES -Dwrfmodel -DGRIB1 -DINTIO -DKEEP_INT_AROUND -DLIMIT_ARGS -DBUILD_RRTMG_FAST=0 -DBUILD_RRTMK=0 -DBUILD_SBM_FAST=1 -DSHOW_ALL_VARS_USED=0 -DCONFIG_BUF_LEN=65536 -DMAX_DOMAINS_F=21 -DMAX_HISTORY=25 -DNMM_NEST=0 -DWRF_CHEM -DBUILD_CHEM=1 -DWRF_KPP -I. -traditional-cpp -DUSE_NETCDF4_FEATURES -DWRFIO_NCD_LARGE_FILE_SUPPORT   module_bl_boulac.G  > module_bl_boulac.bb
/home/onishi/WRF/tools/standard.exe module_bl_boulac.bb | /lib/cpp -P -nostdinc -I/home/onishi/WRF/external/ioapi_share -traditional-cpp -DUSE_NETCDF4_FEATURES -DWRFIO_NCD_LARGE_FILE_SUPPORT > module_bl_boulac.f90
rm -f module_bl_boulac.G module_bl_boulac.bb
time mpif90 -f90=ifort -o module_bl_boulac.o -c -O3 -ip -fp-model precise -w -ftz -align all -fno-alias -FR -convert big_endian    -I../dyn_em  -I/home/onishi/WRF/external/esmf_time_f90  -I/home/onishi/WRF/main -I/home/onishi/WRF/external/io_netcdf -I/home/onishi/WRF/external/io_int -I/home/onishi/WRF/frame -I/home/onishi/WRF/share -I/home/onishi/WRF/phys -I/home/onishi/WRF/wrftladj -I/home/onishi/WRF/chem -I/home/onishi/WRF/inc -I/home/onishi/NETCDF_DIR2//include  -real-size `expr 8 \* 4` -i4  module_bl_boulac.f90
2.42user 0.16system 0:02.62elapsed 98%CPU (0avgtext+0avgdata 138144maxresident)k
88inputs+1072outputs (0major+32694minor)pagefaults 0swaps
rm -f module_bl_mfshconvpbl.o
sed -e "s/^\!.*'.*//" -e "s/^ *\!.*'.*//" module_bl_mfshconvpbl.F > module_bl_mfshconvpbl.G
/lib/cpp -P -nostdinc -I/home/onishi/WRF/external/ioapi_share -I/home/onishi/WRF/inc -DEM_CORE=1 -DNMM_CORE=0 -DNMM_MAX_DIM=2600 -DDA_CORE=0 -DWRFPLUS=0 -DIWORDSIZE=4 -DDWORDSIZE=8 -DRWORDSIZE=4 -DLWORDSIZE=4 -DNONSTANDARD_SYSTEM_FUNC  -DWRF_USE_CLM -DUSE_NETCDF4_FEATURES -DWRFIO_NCD_LARGE_FILE_SUPPORT  -DDM_PARALLEL -DNETCDF -DGRIB2 -DHDF5 -DLANDREAD_STUB=1 -DUSE_ALLOCATABLES -Dwrfmodel -DGRIB1 -DINTIO -DKEEP_INT_AROUND -DLIMIT_ARGS -DBUILD_RRTMG_FAST=0 -DBUILD_RRTMK=0 -DBUILD_SBM_FAST=1 -DSHOW_ALL_VARS_USED=0 -DCONFIG_BUF_LEN=65536 -DMAX_DOMAINS_F=21 -DMAX_HISTORY=25 -DNMM_NEST=0 -DWRF_CHEM -DBUILD_CHEM=1 -DWRF_KPP -I. -traditional-cpp -DUSE_NETCDF4_FEATURES -DWRFIO_NCD_LARGE_FILE_SUPPORT   module_bl_mfshconvpbl.G  > module_bl_mfshconvpbl.bb
/home/onishi/WRF/tools/standard.exe module_bl_mfshconvpbl.bb | /lib/cpp -P -nostdinc -I/home/onishi/WRF/external/ioapi_share -traditional-cpp -DUSE_NETCDF4_FEATURES -DWRFIO_NCD_LARGE_FILE_SUPPORT > module_bl_mfshconvpbl.f90
rm -f module_bl_mfshconvpbl.G module_bl_mfshconvpbl.bb
time mpif90 -f90=ifort -o module_bl_mfshconvpbl.o -c -O3 -ip -fp-model precise -w -ftz -align all -fno-alias -FR -convert big_endian    -I../dyn_em  -I/home/onishi/WRF/external/esmf_time_f90  -I/home/onishi/WRF/main -I/home/onishi/WRF/external/io_netcdf -I/home/onishi/WRF/external/io_int -I/home/onishi/WRF/frame -I/home/onishi/WRF/share -I/home/onishi/WRF/phys -I/home/onishi/WRF/wrftladj -I/home/onishi/WRF/chem -I/home/onishi/WRF/inc -I/home/onishi/NETCDF_DIR2//include  -real-size `expr 8 \* 4` -i4  module_bl_mfshconvpbl.f90
2.31user 0.15system 0:02.49elapsed 98%CPU (0avgtext+0avgdata 128572maxresident)k
56inputs+848outputs (0major+28828minor)pagefaults 0swaps
rm -f module_bl_eepsilon.o
sed -e "s/^\!.*'.*//" -e "s/^ *\!.*'.*//" module_bl_eepsilon.F > module_bl_eepsilon.G
/lib/cpp -P -nostdinc -I/home/onishi/WRF/external/ioapi_share -I/home/onishi/WRF/inc -DEM_CORE=1 -DNMM_CORE=0 -DNMM_MAX_DIM=2600 -DDA_CORE=0 -DWRFPLUS=0 -DIWORDSIZE=4 -DDWORDSIZE=8 -DRWORDSIZE=4 -DLWORDSIZE=4 -DNONSTANDARD_SYSTEM_FUNC  -DWRF_USE_CLM -DUSE_NETCDF4_FEATURES -DWRFIO_NCD_LARGE_FILE_SUPPORT  -DDM_PARALLEL -DNETCDF -DGRIB2 -DHDF5 -DLANDREAD_STUB=1 -DUSE_ALLOCATABLES -Dwrfmodel -DGRIB1 -DINTIO -DKEEP_INT_AROUND -DLIMIT_ARGS -DBUILD_RRTMG_FAST=0 -DBUILD_RRTMK=0 -DBUILD_SBM_FAST=1 -DSHOW_ALL_VARS_USED=0 -DCONFIG_BUF_LEN=65536 -DMAX_DOMAINS_F=21 -DMAX_HISTORY=25 -DNMM_NEST=0 -DWRF_CHEM -DBUILD_CHEM=1 -DWRF_KPP -I. -traditional-cpp -DUSE_NETCDF4_FEATURES -DWRFIO_NCD_LARGE_FILE_SUPPORT   module_bl_eepsilon.G  > module_bl_eepsilon.bb
/home/onishi/WRF/tools/standard.exe module_bl_eepsilon.bb | /lib/cpp -P -nostdinc -I/home/onishi/WRF/external/ioapi_share -traditional-cpp -DUSE_NETCDF4_FEATURES -DWRFIO_NCD_LARGE_FILE_SUPPORT > module_bl_eepsilon.f90
rm -f module_bl_eepsilon.G module_bl_eepsilon.bb
time mpif90 -f90=ifort -o module_bl_eepsilon.o -c -O3 -ip -fp-model precise -w -ftz -align all -fno-alias -FR -convert big_endian    -I../dyn_em  -I/home/onishi/WRF/external/esmf_time_f90  -I/home/onishi/WRF/main -I/home/onishi/WRF/external/io_netcdf -I/home/onishi/WRF/external/io_int -I/home/onishi/WRF/frame -I/home/onishi/WRF/share -I/home/onishi/WRF/phys -I/home/onishi/WRF/wrftladj -I/home/onishi/WRF/chem -I/home/onishi/WRF/inc -I/home/onishi/NETCDF_DIR2//include  -real-size `expr 8 \* 4` -i4  module_bl_eepsilon.f90
8.10user 0.30system 0:08.44elapsed 99%CPU (0avgtext+0avgdata 260056maxresident)k
64inputs+1176outputs (0major+73691minor)pagefaults 0swaps
rm -f module_bl_keps.o
sed -e "s/^\!.*'.*//" -e "s/^ *\!.*'.*//" module_bl_keps.F > module_bl_keps.G
/lib/cpp -P -nostdinc -I/home/onishi/WRF/external/ioapi_share -I/home/onishi/WRF/inc -DEM_CORE=1 -DNMM_CORE=0 -DNMM_MAX_DIM=2600 -DDA_CORE=0 -DWRFPLUS=0 -DIWORDSIZE=4 -DDWORDSIZE=8 -DRWORDSIZE=4 -DLWORDSIZE=4 -DNONSTANDARD_SYSTEM_FUNC  -DWRF_USE_CLM -DUSE_NETCDF4_FEATURES -DWRFIO_NCD_LARGE_FILE_SUPPORT  -DDM_PARALLEL -DNETCDF -DGRIB2 -DHDF5 -DLANDREAD_STUB=1 -DUSE_ALLOCATABLES -Dwrfmodel -DGRIB1 -DINTIO -DKEEP_INT_AROUND -DLIMIT_ARGS -DBUILD_RRTMG_FAST=0 -DBUILD_RRTMK=0 -DBUILD_SBM_FAST=1 -DSHOW_ALL_VARS_USED=0 -DCONFIG_BUF_LEN=65536 -DMAX_DOMAINS_F=21 -DMAX_HISTORY=25 -DNMM_NEST=0 -DWRF_CHEM -DBUILD_CHEM=1 -DWRF_KPP -I. -traditional-cpp -DUSE_NETCDF4_FEATURES -DWRFIO_NCD_LARGE_FILE_SUPPORT   module_bl_keps.G  > module_bl_keps.bb
/home/onishi/WRF/tools/standard.exe module_bl_keps.bb | /lib/cpp -P -nostdinc -I/home/onishi/WRF/external/ioapi_share -traditional-cpp -DUSE_NETCDF4_FEATURES -DWRFIO_NCD_LARGE_FILE_SUPPORT > module_bl_keps.f90
rm -f module_bl_keps.G module_bl_keps.bb
time mpif90 -f90=ifort -o module_bl_keps.o -c -O3 -ip -fp-model precise -w -ftz -align all -fno-alias -FR -convert big_endian    -I../dyn_em  -I/home/onishi/WRF/external/esmf_time_f90  -I/home/onishi/WRF/main -I/home/onishi/WRF/external/io_netcdf -I/home/onishi/WRF/external/io_int -I/home/onishi/WRF/frame -I/home/onishi/WRF/share -I/home/onishi/WRF/phys -I/home/onishi/WRF/wrftladj -I/home/onishi/WRF/chem -I/home/onishi/WRF/inc -I/home/onishi/NETCDF_DIR2//include  -real-size `expr 8 \* 4` -i4  module_bl_keps.f90
2.42user 0.17system 0:02.63elapsed 98%CPU (0avgtext+0avgdata 103376maxresident)k
72inputs+1128outputs (0major+24284minor)pagefaults 0swaps
rm -f module_shcu_deng.o
sed -e "s/^\!.*'.*//" -e "s/^ *\!.*'.*//" module_shcu_deng.F > module_shcu_deng.G
/lib/cpp -P -nostdinc -I/home/onishi/WRF/external/ioapi_share -I/home/onishi/WRF/inc -DEM_CORE=1 -DNMM_CORE=0 -DNMM_MAX_DIM=2600 -DDA_CORE=0 -DWRFPLUS=0 -DIWORDSIZE=4 -DDWORDSIZE=8 -DRWORDSIZE=4 -DLWORDSIZE=4 -DNONSTANDARD_SYSTEM_FUNC  -DWRF_USE_CLM -DUSE_NETCDF4_FEATURES -DWRFIO_NCD_LARGE_FILE_SUPPORT  -DDM_PARALLEL -DNETCDF -DGRIB2 -DHDF5 -DLANDREAD_STUB=1 -DUSE_ALLOCATABLES -Dwrfmodel -DGRIB1 -DINTIO -DKEEP_INT_AROUND -DLIMIT_ARGS -DBUILD_RRTMG_FAST=0 -DBUILD_RRTMK=0 -DBUILD_SBM_FAST=1 -DSHOW_ALL_VARS_USED=0 -DCONFIG_BUF_LEN=65536 -DMAX_DOMAINS_F=21 -DMAX_HISTORY=25 -DNMM_NEST=0 -DWRF_CHEM -DBUILD_CHEM=1 -DWRF_KPP -I. -traditional-cpp -DUSE_NETCDF4_FEATURES -DWRFIO_NCD_LARGE_FILE_SUPPORT   module_shcu_deng.G  > module_shcu_deng.bb
/home/onishi/WRF/tools/standard.exe module_shcu_deng.bb | /lib/cpp -P -nostdinc -I/home/onishi/WRF/external/ioapi_share -traditional-cpp -DUSE_NETCDF4_FEATURES -DWRFIO_NCD_LARGE_FILE_SUPPORT > module_shcu_deng.f90
rm -f module_shcu_deng.G module_shcu_deng.bb
time mpif90 -f90=ifort -o module_shcu_deng.o -c -O3 -ip -fp-model precise -w -ftz -align all -fno-alias -FR -convert big_endian    -I../dyn_em  -I/home/onishi/WRF/external/esmf_time_f90  -I/home/onishi/WRF/main -I/home/onishi/WRF/external/io_netcdf -I/home/onishi/WRF/external/io_int -I/home/onishi/WRF/frame -I/home/onishi/WRF/share -I/home/onishi/WRF/phys -I/home/onishi/WRF/wrftladj -I/home/onishi/WRF/chem -I/home/onishi/WRF/inc -I/home/onishi/NETCDF_DIR2//include  -real-size `expr 8 \* 4` -i4  module_shcu_deng.f90
7.35user 0.25system 0:07.65elapsed 99%CPU (0avgtext+0avgdata 216220maxresident)k
224inputs+2536outputs (0major+61932minor)pagefaults 0swaps
rm -f module_shcu_grims.o
sed -e "s/^\!.*'.*//" -e "s/^ *\!.*'.*//" module_shcu_grims.F > module_shcu_grims.G
/lib/cpp -P -nostdinc -I/home/onishi/WRF/external/ioapi_share -I/home/onishi/WRF/inc -DEM_CORE=1 -DNMM_CORE=0 -DNMM_MAX_DIM=2600 -DDA_CORE=0 -DWRFPLUS=0 -DIWORDSIZE=4 -DDWORDSIZE=8 -DRWORDSIZE=4 -DLWORDSIZE=4 -DNONSTANDARD_SYSTEM_FUNC  -DWRF_USE_CLM -DUSE_NETCDF4_FEATURES -DWRFIO_NCD_LARGE_FILE_SUPPORT  -DDM_PARALLEL -DNETCDF -DGRIB2 -DHDF5 -DLANDREAD_STUB=1 -DUSE_ALLOCATABLES -Dwrfmodel -DGRIB1 -DINTIO -DKEEP_INT_AROUND -DLIMIT_ARGS -DBUILD_RRTMG_FAST=0 -DBUILD_RRTMK=0 -DBUILD_SBM_FAST=1 -DSHOW_ALL_VARS_USED=0 -DCONFIG_BUF_LEN=65536 -DMAX_DOMAINS_F=21 -DMAX_HISTORY=25 -DNMM_NEST=0 -DWRF_CHEM -DBUILD_CHEM=1 -DWRF_KPP -I. -traditional-cpp -DUSE_NETCDF4_FEATURES -DWRFIO_NCD_LARGE_FILE_SUPPORT   module_shcu_grims.G  > module_shcu_grims.bb
/home/onishi/WRF/tools/standard.exe module_shcu_grims.bb | /lib/cpp -P -nostdinc -I/home/onishi/WRF/external/ioapi_share -traditional-cpp -DUSE_NETCDF4_FEATURES -DWRFIO_NCD_LARGE_FILE_SUPPORT > module_shcu_grims.f90
rm -f module_shcu_grims.G module_shcu_grims.bb
time mpif90 -f90=ifort -o module_shcu_grims.o -c -O3 -ip -fp-model precise -w -ftz -align all -fno-alias -FR -convert big_endian    -I../dyn_em  -I/home/onishi/WRF/external/esmf_time_f90  -I/home/onishi/WRF/main -I/home/onishi/WRF/external/io_netcdf -I/home/onishi/WRF/external/io_int -I/home/onishi/WRF/frame -I/home/onishi/WRF/share -I/home/onishi/WRF/phys -I/home/onishi/WRF/wrftladj -I/home/onishi/WRF/chem -I/home/onishi/WRF/inc -I/home/onishi/NETCDF_DIR2//include  -real-size `expr 8 \* 4` -i4  module_shcu_grims.f90
1.31user 0.10system 0:01.45elapsed 97%CPU (0avgtext+0avgdata 76780maxresident)k
64inputs+720outputs (0major+16258minor)pagefaults 0swaps
rm -f module_shcu_nscv.o
sed -e "s/^\!.*'.*//" -e "s/^ *\!.*'.*//" module_shcu_nscv.F > module_shcu_nscv.G
/lib/cpp -P -nostdinc -I/home/onishi/WRF/external/ioapi_share -I/home/onishi/WRF/inc -DEM_CORE=1 -DNMM_CORE=0 -DNMM_MAX_DIM=2600 -DDA_CORE=0 -DWRFPLUS=0 -DIWORDSIZE=4 -DDWORDSIZE=8 -DRWORDSIZE=4 -DLWORDSIZE=4 -DNONSTANDARD_SYSTEM_FUNC  -DWRF_USE_CLM -DUSE_NETCDF4_FEATURES -DWRFIO_NCD_LARGE_FILE_SUPPORT  -DDM_PARALLEL -DNETCDF -DGRIB2 -DHDF5 -DLANDREAD_STUB=1 -DUSE_ALLOCATABLES -Dwrfmodel -DGRIB1 -DINTIO -DKEEP_INT_AROUND -DLIMIT_ARGS -DBUILD_RRTMG_FAST=0 -DBUILD_RRTMK=0 -DBUILD_SBM_FAST=1 -DSHOW_ALL_VARS_USED=0 -DCONFIG_BUF_LEN=65536 -DMAX_DOMAINS_F=21 -DMAX_HISTORY=25 -DNMM_NEST=0 -DWRF_CHEM -DBUILD_CHEM=1 -DWRF_KPP -I. -traditional-cpp -DUSE_NETCDF4_FEATURES -DWRFIO_NCD_LARGE_FILE_SUPPORT   module_shcu_nscv.G  > module_shcu_nscv.bb
/home/onishi/WRF/tools/standard.exe module_shcu_nscv.bb | /lib/cpp -P -nostdinc -I/home/onishi/WRF/external/ioapi_share -traditional-cpp -DUSE_NETCDF4_FEATURES -DWRFIO_NCD_LARGE_FILE_SUPPORT > module_shcu_nscv.f90
rm -f module_shcu_nscv.G module_shcu_nscv.bb
time mpif90 -f90=ifort -o module_shcu_nscv.o -c -O3 -ip -fp-model precise -w -ftz -align all -fno-alias -FR -convert big_endian    -I../dyn_em  -I/home/onishi/WRF/external/esmf_time_f90  -I/home/onishi/WRF/main -I/home/onishi/WRF/external/io_netcdf -I/home/onishi/WRF/external/io_int -I/home/onishi/WRF/frame -I/home/onishi/WRF/share -I/home/onishi/WRF/phys -I/home/onishi/WRF/wrftladj -I/home/onishi/WRF/chem -I/home/onishi/WRF/inc -I/home/onishi/NETCDF_DIR2//include  -real-size `expr 8 \* 4` -i4  module_shcu_nscv.f90
22.28user 0.40system 0:22.73elapsed 99%CPU (0avgtext+0avgdata 275352maxresident)k
136inputs+5488outputs (0major+94604minor)pagefaults 0swaps
rm -f module_bl_temf.o
sed -e "s/^\!.*'.*//" -e "s/^ *\!.*'.*//" module_bl_temf.F > module_bl_temf.G
/lib/cpp -P -nostdinc -I/home/onishi/WRF/external/ioapi_share -I/home/onishi/WRF/inc -DEM_CORE=1 -DNMM_CORE=0 -DNMM_MAX_DIM=2600 -DDA_CORE=0 -DWRFPLUS=0 -DIWORDSIZE=4 -DDWORDSIZE=8 -DRWORDSIZE=4 -DLWORDSIZE=4 -DNONSTANDARD_SYSTEM_FUNC  -DWRF_USE_CLM -DUSE_NETCDF4_FEATURES -DWRFIO_NCD_LARGE_FILE_SUPPORT  -DDM_PARALLEL -DNETCDF -DGRIB2 -DHDF5 -DLANDREAD_STUB=1 -DUSE_ALLOCATABLES -Dwrfmodel -DGRIB1 -DINTIO -DKEEP_INT_AROUND -DLIMIT_ARGS -DBUILD_RRTMG_FAST=0 -DBUILD_RRTMK=0 -DBUILD_SBM_FAST=1 -DSHOW_ALL_VARS_USED=0 -DCONFIG_BUF_LEN=65536 -DMAX_DOMAINS_F=21 -DMAX_HISTORY=25 -DNMM_NEST=0 -DWRF_CHEM -DBUILD_CHEM=1 -DWRF_KPP -I. -traditional-cpp -DUSE_NETCDF4_FEATURES -DWRFIO_NCD_LARGE_FILE_SUPPORT   module_bl_temf.G  > module_bl_temf.bb
/home/onishi/WRF/tools/standard.exe module_bl_temf.bb | /lib/cpp -P -nostdinc -I/home/onishi/WRF/external/ioapi_share -traditional-cpp -DUSE_NETCDF4_FEATURES -DWRFIO_NCD_LARGE_FILE_SUPPORT > module_bl_temf.f90
rm -f module_bl_temf.G module_bl_temf.bb
time mpif90 -f90=ifort -o module_bl_temf.o -c -O3 -ip -fp-model precise -w -ftz -align all -fno-alias -FR -convert big_endian    -I../dyn_em  -I/home/onishi/WRF/external/esmf_time_f90  -I/home/onishi/WRF/main -I/home/onishi/WRF/external/io_netcdf -I/home/onishi/WRF/external/io_int -I/home/onishi/WRF/frame -I/home/onishi/WRF/share -I/home/onishi/WRF/phys -I/home/onishi/WRF/wrftladj -I/home/onishi/WRF/chem -I/home/onishi/WRF/inc -I/home/onishi/NETCDF_DIR2//include  -real-size `expr 8 \* 4` -i4  module_bl_temf.f90
3.83user 0.20system 0:04.06elapsed 99%CPU (0avgtext+0avgdata 161428maxresident)k
88inputs+1160outputs (0major+42589minor)pagefaults 0swaps
rm -f module_bl_gbmpbl.o
sed -e "s/^\!.*'.*//" -e "s/^ *\!.*'.*//" module_bl_gbmpbl.F > module_bl_gbmpbl.G
/lib/cpp -P -nostdinc -I/home/onishi/WRF/external/ioapi_share -I/home/onishi/WRF/inc -DEM_CORE=1 -DNMM_CORE=0 -DNMM_MAX_DIM=2600 -DDA_CORE=0 -DWRFPLUS=0 -DIWORDSIZE=4 -DDWORDSIZE=8 -DRWORDSIZE=4 -DLWORDSIZE=4 -DNONSTANDARD_SYSTEM_FUNC  -DWRF_USE_CLM -DUSE_NETCDF4_FEATURES -DWRFIO_NCD_LARGE_FILE_SUPPORT  -DDM_PARALLEL -DNETCDF -DGRIB2 -DHDF5 -DLANDREAD_STUB=1 -DUSE_ALLOCATABLES -Dwrfmodel -DGRIB1 -DINTIO -DKEEP_INT_AROUND -DLIMIT_ARGS -DBUILD_RRTMG_FAST=0 -DBUILD_RRTMK=0 -DBUILD_SBM_FAST=1 -DSHOW_ALL_VARS_USED=0 -DCONFIG_BUF_LEN=65536 -DMAX_DOMAINS_F=21 -DMAX_HISTORY=25 -DNMM_NEST=0 -DWRF_CHEM -DBUILD_CHEM=1 -DWRF_KPP -I. -traditional-cpp -DUSE_NETCDF4_FEATURES -DWRFIO_NCD_LARGE_FILE_SUPPORT   module_bl_gbmpbl.G  > module_bl_gbmpbl.bb
/home/onishi/WRF/tools/standard.exe module_bl_gbmpbl.bb | /lib/cpp -P -nostdinc -I/home/onishi/WRF/external/ioapi_share -traditional-cpp -DUSE_NETCDF4_FEATURES -DWRFIO_NCD_LARGE_FILE_SUPPORT > module_bl_gbmpbl.f90
rm -f module_bl_gbmpbl.G module_bl_gbmpbl.bb
time mpif90 -f90=ifort -o module_bl_gbmpbl.o -c -O3 -ip -fp-model precise -w -ftz -align all -fno-alias -FR -convert big_endian    -I../dyn_em  -I/home/onishi/WRF/external/esmf_time_f90  -I/home/onishi/WRF/main -I/home/onishi/WRF/external/io_netcdf -I/home/onishi/WRF/external/io_int -I/home/onishi/WRF/frame -I/home/onishi/WRF/share -I/home/onishi/WRF/phys -I/home/onishi/WRF/wrftladj -I/home/onishi/WRF/chem -I/home/onishi/WRF/inc -I/home/onishi/NETCDF_DIR2//include  -real-size `expr 8 \* 4` -i4  module_bl_gbmpbl.f90
4.34user 0.25system 0:04.63elapsed 99%CPU (0avgtext+0avgdata 200652maxresident)k
96inputs+1568outputs (0major+47875minor)pagefaults 0swaps
rm -f module_cu_g3.o
sed -e "s/^\!.*'.*//" -e "s/^ *\!.*'.*//" module_cu_g3.F > module_cu_g3.G
/lib/cpp -P -nostdinc -I/home/onishi/WRF/external/ioapi_share -I/home/onishi/WRF/inc -DEM_CORE=1 -DNMM_CORE=0 -DNMM_MAX_DIM=2600 -DDA_CORE=0 -DWRFPLUS=0 -DIWORDSIZE=4 -DDWORDSIZE=8 -DRWORDSIZE=4 -DLWORDSIZE=4 -DNONSTANDARD_SYSTEM_FUNC  -DWRF_USE_CLM -DUSE_NETCDF4_FEATURES -DWRFIO_NCD_LARGE_FILE_SUPPORT  -DDM_PARALLEL -DNETCDF -DGRIB2 -DHDF5 -DLANDREAD_STUB=1 -DUSE_ALLOCATABLES -Dwrfmodel -DGRIB1 -DINTIO -DKEEP_INT_AROUND -DLIMIT_ARGS -DBUILD_RRTMG_FAST=0 -DBUILD_RRTMK=0 -DBUILD_SBM_FAST=1 -DSHOW_ALL_VARS_USED=0 -DCONFIG_BUF_LEN=65536 -DMAX_DOMAINS_F=21 -DMAX_HISTORY=25 -DNMM_NEST=0 -DWRF_CHEM -DBUILD_CHEM=1 -DWRF_KPP -I. -traditional-cpp -DUSE_NETCDF4_FEATURES -DWRFIO_NCD_LARGE_FILE_SUPPORT   module_cu_g3.G  > module_cu_g3.bb
/home/onishi/WRF/tools/standard.exe module_cu_g3.bb | /lib/cpp -P -nostdinc -I/home/onishi/WRF/external/ioapi_share -traditional-cpp -DUSE_NETCDF4_FEATURES -DWRFIO_NCD_LARGE_FILE_SUPPORT > module_cu_g3.f90
rm -f module_cu_g3.G module_cu_g3.bb
time mpif90 -f90=ifort -o module_cu_g3.o -c -O3 -ip -fp-model precise -w -ftz -align all -fno-alias -FR -convert big_endian    -I../dyn_em  -I/home/onishi/WRF/external/esmf_time_f90  -I/home/onishi/WRF/main -I/home/onishi/WRF/external/io_netcdf -I/home/onishi/WRF/external/io_int -I/home/onishi/WRF/frame -I/home/onishi/WRF/share -I/home/onishi/WRF/phys -I/home/onishi/WRF/wrftladj -I/home/onishi/WRF/chem -I/home/onishi/WRF/inc -I/home/onishi/NETCDF_DIR2//include  -real-size `expr 8 \* 4` -i4  module_cu_g3.f90
2.82user 0.16system 0:03.03elapsed 98%CPU (0avgtext+0avgdata 165276maxresident)k
72inputs+904outputs (0major+41921minor)pagefaults 0swaps
rm -f module_cu_kf.o
sed -e "s/^\!.*'.*//" -e "s/^ *\!.*'.*//" module_cu_kf.F > module_cu_kf.G
/lib/cpp -P -nostdinc -I/home/onishi/WRF/external/ioapi_share -I/home/onishi/WRF/inc -DEM_CORE=1 -DNMM_CORE=0 -DNMM_MAX_DIM=2600 -DDA_CORE=0 -DWRFPLUS=0 -DIWORDSIZE=4 -DDWORDSIZE=8 -DRWORDSIZE=4 -DLWORDSIZE=4 -DNONSTANDARD_SYSTEM_FUNC  -DWRF_USE_CLM -DUSE_NETCDF4_FEATURES -DWRFIO_NCD_LARGE_FILE_SUPPORT  -DDM_PARALLEL -DNETCDF -DGRIB2 -DHDF5 -DLANDREAD_STUB=1 -DUSE_ALLOCATABLES -Dwrfmodel -DGRIB1 -DINTIO -DKEEP_INT_AROUND -DLIMIT_ARGS -DBUILD_RRTMG_FAST=0 -DBUILD_RRTMK=0 -DBUILD_SBM_FAST=1 -DSHOW_ALL_VARS_USED=0 -DCONFIG_BUF_LEN=65536 -DMAX_DOMAINS_F=21 -DMAX_HISTORY=25 -DNMM_NEST=0 -DWRF_CHEM -DBUILD_CHEM=1 -DWRF_KPP -I. -traditional-cpp -DUSE_NETCDF4_FEATURES -DWRFIO_NCD_LARGE_FILE_SUPPORT   module_cu_kf.G  > module_cu_kf.bb
/home/onishi/WRF/tools/standard.exe module_cu_kf.bb | /lib/cpp -P -nostdinc -I/home/onishi/WRF/external/ioapi_share -traditional-cpp -DUSE_NETCDF4_FEATURES -DWRFIO_NCD_LARGE_FILE_SUPPORT > module_cu_kf.f90
rm -f module_cu_kf.G module_cu_kf.bb
time mpif90 -f90=ifort -o module_cu_kf.o -c -O3 -ip -fp-model precise -w -ftz -align all -fno-alias -FR -convert big_endian    -I../dyn_em  -I/home/onishi/WRF/external/esmf_time_f90  -I/home/onishi/WRF/main -I/home/onishi/WRF/external/io_netcdf -I/home/onishi/WRF/external/io_int -I/home/onishi/WRF/frame -I/home/onishi/WRF/share -I/home/onishi/WRF/phys -I/home/onishi/WRF/wrftladj -I/home/onishi/WRF/chem -I/home/onishi/WRF/inc -I/home/onishi/NETCDF_DIR2//include  -real-size `expr 8 \* 4` -i4  module_cu_kf.f90
4.13user 0.17system 0:04.35elapsed 99%CPU (0avgtext+0avgdata 157176maxresident)k
224inputs+1608outputs (0major+47378minor)pagefaults 0swaps
rm -f module_cu_bmj.o
sed -e "s/^\!.*'.*//" -e "s/^ *\!.*'.*//" module_cu_bmj.F > module_cu_bmj.G
/lib/cpp -P -nostdinc -I/home/onishi/WRF/external/ioapi_share -I/home/onishi/WRF/inc -DEM_CORE=1 -DNMM_CORE=0 -DNMM_MAX_DIM=2600 -DDA_CORE=0 -DWRFPLUS=0 -DIWORDSIZE=4 -DDWORDSIZE=8 -DRWORDSIZE=4 -DLWORDSIZE=4 -DNONSTANDARD_SYSTEM_FUNC  -DWRF_USE_CLM -DUSE_NETCDF4_FEATURES -DWRFIO_NCD_LARGE_FILE_SUPPORT  -DDM_PARALLEL -DNETCDF -DGRIB2 -DHDF5 -DLANDREAD_STUB=1 -DUSE_ALLOCATABLES -Dwrfmodel -DGRIB1 -DINTIO -DKEEP_INT_AROUND -DLIMIT_ARGS -DBUILD_RRTMG_FAST=0 -DBUILD_RRTMK=0 -DBUILD_SBM_FAST=1 -DSHOW_ALL_VARS_USED=0 -DCONFIG_BUF_LEN=65536 -DMAX_DOMAINS_F=21 -DMAX_HISTORY=25 -DNMM_NEST=0 -DWRF_CHEM -DBUILD_CHEM=1 -DWRF_KPP -I. -traditional-cpp -DUSE_NETCDF4_FEATURES -DWRFIO_NCD_LARGE_FILE_SUPPORT   module_cu_bmj.G  > module_cu_bmj.bb
/home/onishi/WRF/tools/standard.exe module_cu_bmj.bb | /lib/cpp -P -nostdinc -I/home/onishi/WRF/external/ioapi_share -traditional-cpp -DUSE_NETCDF4_FEATURES -DWRFIO_NCD_LARGE_FILE_SUPPORT > module_cu_bmj.f90
rm -f module_cu_bmj.G module_cu_bmj.bb
time mpif90 -f90=ifort -o module_cu_bmj.o -c -O3 -ip -fp-model precise -w -ftz -align all -fno-alias -FR -convert big_endian    -I../dyn_em  -I/home/onishi/WRF/external/esmf_time_f90  -I/home/onishi/WRF/main -I/home/onishi/WRF/external/io_netcdf -I/home/onishi/WRF/external/io_int -I/home/onishi/WRF/frame -I/home/onishi/WRF/share -I/home/onishi/WRF/phys -I/home/onishi/WRF/wrftladj -I/home/onishi/WRF/chem -I/home/onishi/WRF/inc -I/home/onishi/NETCDF_DIR2//include  -real-size `expr 8 \* 4` -i4  module_cu_bmj.f90
1.46user 0.15system 0:01.64elapsed 98%CPU (0avgtext+0avgdata 97584maxresident)k
88inputs+928outputs (0major+22752minor)pagefaults 0swaps
rm -f module_cu_kfeta.o
sed -e "s/^\!.*'.*//" -e "s/^ *\!.*'.*//" module_cu_kfeta.F > module_cu_kfeta.G
/lib/cpp -P -nostdinc -I/home/onishi/WRF/external/ioapi_share -I/home/onishi/WRF/inc -DEM_CORE=1 -DNMM_CORE=0 -DNMM_MAX_DIM=2600 -DDA_CORE=0 -DWRFPLUS=0 -DIWORDSIZE=4 -DDWORDSIZE=8 -DRWORDSIZE=4 -DLWORDSIZE=4 -DNONSTANDARD_SYSTEM_FUNC  -DWRF_USE_CLM -DUSE_NETCDF4_FEATURES -DWRFIO_NCD_LARGE_FILE_SUPPORT  -DDM_PARALLEL -DNETCDF -DGRIB2 -DHDF5 -DLANDREAD_STUB=1 -DUSE_ALLOCATABLES -Dwrfmodel -DGRIB1 -DINTIO -DKEEP_INT_AROUND -DLIMIT_ARGS -DBUILD_RRTMG_FAST=0 -DBUILD_RRTMK=0 -DBUILD_SBM_FAST=1 -DSHOW_ALL_VARS_USED=0 -DCONFIG_BUF_LEN=65536 -DMAX_DOMAINS_F=21 -DMAX_HISTORY=25 -DNMM_NEST=0 -DWRF_CHEM -DBUILD_CHEM=1 -DWRF_KPP -I. -traditional-cpp -DUSE_NETCDF4_FEATURES -DWRFIO_NCD_LARGE_FILE_SUPPORT   module_cu_kfeta.G  > module_cu_kfeta.bb
/home/onishi/WRF/tools/standard.exe module_cu_kfeta.bb | /lib/cpp -P -nostdinc -I/home/onishi/WRF/external/ioapi_share -traditional-cpp -DUSE_NETCDF4_FEATURES -DWRFIO_NCD_LARGE_FILE_SUPPORT > module_cu_kfeta.f90
rm -f module_cu_kfeta.G module_cu_kfeta.bb
time mpif90 -f90=ifort -o module_cu_kfeta.o -c -O3 -ip -fp-model precise -w -ftz -align all -fno-alias -FR -convert big_endian    -I../dyn_em  -I/home/onishi/WRF/external/esmf_time_f90  -I/home/onishi/WRF/main -I/home/onishi/WRF/external/io_netcdf -I/home/onishi/WRF/external/io_int -I/home/onishi/WRF/frame -I/home/onishi/WRF/share -I/home/onishi/WRF/phys -I/home/onishi/WRF/wrftladj -I/home/onishi/WRF/chem -I/home/onishi/WRF/inc -I/home/onishi/NETCDF_DIR2//include  -real-size `expr 8 \* 4` -i4  module_cu_kfeta.f90
11.45user 0.30system 0:11.79elapsed 99%CPU (0avgtext+0avgdata 215532maxresident)k
304inputs+3616outputs (0major+61282minor)pagefaults 0swaps
rm -f module_cu_mskf.o
sed -e "s/^\!.*'.*//" -e "s/^ *\!.*'.*//" module_cu_mskf.F > module_cu_mskf.G
/lib/cpp -P -nostdinc -I/home/onishi/WRF/external/ioapi_share -I/home/onishi/WRF/inc -DEM_CORE=1 -DNMM_CORE=0 -DNMM_MAX_DIM=2600 -DDA_CORE=0 -DWRFPLUS=0 -DIWORDSIZE=4 -DDWORDSIZE=8 -DRWORDSIZE=4 -DLWORDSIZE=4 -DNONSTANDARD_SYSTEM_FUNC  -DWRF_USE_CLM -DUSE_NETCDF4_FEATURES -DWRFIO_NCD_LARGE_FILE_SUPPORT  -DDM_PARALLEL -DNETCDF -DGRIB2 -DHDF5 -DLANDREAD_STUB=1 -DUSE_ALLOCATABLES -Dwrfmodel -DGRIB1 -DINTIO -DKEEP_INT_AROUND -DLIMIT_ARGS -DBUILD_RRTMG_FAST=0 -DBUILD_RRTMK=0 -DBUILD_SBM_FAST=1 -DSHOW_ALL_VARS_USED=0 -DCONFIG_BUF_LEN=65536 -DMAX_DOMAINS_F=21 -DMAX_HISTORY=25 -DNMM_NEST=0 -DWRF_CHEM -DBUILD_CHEM=1 -DWRF_KPP -I. -traditional-cpp -DUSE_NETCDF4_FEATURES -DWRFIO_NCD_LARGE_FILE_SUPPORT   module_cu_mskf.G  > module_cu_mskf.bb
/home/onishi/WRF/tools/standard.exe module_cu_mskf.bb | /lib/cpp -P -nostdinc -I/home/onishi/WRF/external/ioapi_share -traditional-cpp -DUSE_NETCDF4_FEATURES -DWRFIO_NCD_LARGE_FILE_SUPPORT > module_cu_mskf.f90
rm -f module_cu_mskf.G module_cu_mskf.bb
time mpif90 -f90=ifort -o module_cu_mskf.o -c -O3 -ip -fp-model precise -w -ftz -align all -fno-alias -FR -convert big_endian    -I../dyn_em  -I/home/onishi/WRF/external/esmf_time_f90  -I/home/onishi/WRF/main -I/home/onishi/WRF/external/io_netcdf -I/home/onishi/WRF/external/io_int -I/home/onishi/WRF/frame -I/home/onishi/WRF/share -I/home/onishi/WRF/phys -I/home/onishi/WRF/wrftladj -I/home/onishi/WRF/chem -I/home/onishi/WRF/inc -I/home/onishi/NETCDF_DIR2//include  -real-size `expr 8 \* 4` -i4  module_cu_mskf.f90
7.66user 0.27system 0:07.97elapsed 99%CPU (0avgtext+0avgdata 202756maxresident)k
168inputs+2072outputs (0major+54754minor)pagefaults 0swaps
rm -f physics_mmm/cu_ntiedtke.o
sed -e "s/^\!.*'.*//" -e "s/^ *\!.*'.*//" physics_mmm/cu_ntiedtke.F90 > physics_mmm/cu_ntiedtke.G
/lib/cpp -P -nostdinc -I/home/onishi/WRF/external/ioapi_share -I/home/onishi/WRF/inc -DEM_CORE=1 -DNMM_CORE=0 -DNMM_MAX_DIM=2600 -DDA_CORE=0 -DWRFPLUS=0 -DIWORDSIZE=4 -DDWORDSIZE=8 -DRWORDSIZE=4 -DLWORDSIZE=4 -DNONSTANDARD_SYSTEM_FUNC  -DWRF_USE_CLM -DUSE_NETCDF4_FEATURES -DWRFIO_NCD_LARGE_FILE_SUPPORT  -DDM_PARALLEL -DNETCDF -DGRIB2 -DHDF5 -DLANDREAD_STUB=1 -DUSE_ALLOCATABLES -Dwrfmodel -DGRIB1 -DINTIO -DKEEP_INT_AROUND -DLIMIT_ARGS -DBUILD_RRTMG_FAST=0 -DBUILD_RRTMK=0 -DBUILD_SBM_FAST=1 -DSHOW_ALL_VARS_USED=0 -DCONFIG_BUF_LEN=65536 -DMAX_DOMAINS_F=21 -DMAX_HISTORY=25 -DNMM_NEST=0 -DWRF_CHEM -DBUILD_CHEM=1 -DWRF_KPP -I. -traditional-cpp -DUSE_NETCDF4_FEATURES -DWRFIO_NCD_LARGE_FILE_SUPPORT   physics_mmm/cu_ntiedtke.G  > physics_mmm/cu_ntiedtke.bb
/home/onishi/WRF/tools/standard.exe physics_mmm/cu_ntiedtke.bb | /lib/cpp -P -nostdinc -I/home/onishi/WRF/external/ioapi_share -traditional-cpp -DUSE_NETCDF4_FEATURES -DWRFIO_NCD_LARGE_FILE_SUPPORT > physics_mmm/cu_ntiedtke.f90
rm -f physics_mmm/cu_ntiedtke.G physics_mmm/cu_ntiedtke.bb
time mpif90 -f90=ifort -o physics_mmm/cu_ntiedtke.o -c -O3 -ip -fp-model precise -w -ftz -align all -fno-alias -FR -convert big_endian    -I../dyn_em  -I/home/onishi/WRF/external/esmf_time_f90  -I/home/onishi/WRF/main -I/home/onishi/WRF/external/io_netcdf -I/home/onishi/WRF/external/io_int -I/home/onishi/WRF/frame -I/home/onishi/WRF/share -I/home/onishi/WRF/phys -I/home/onishi/WRF/wrftladj -I/home/onishi/WRF/chem -I/home/onishi/WRF/inc -I/home/onishi/NETCDF_DIR2//include  -real-size `expr 8 \* 4` -i4  physics_mmm/cu_ntiedtke.f90
4.13user 0.17system 0:04.34elapsed 99%CPU (0avgtext+0avgdata 124092maxresident)k
208inputs+1992outputs (0major+35377minor)pagefaults 0swaps
rm -f module_cu_gd.o
sed -e "s/^\!.*'.*//" -e "s/^ *\!.*'.*//" module_cu_gd.F > module_cu_gd.G
/lib/cpp -P -nostdinc -I/home/onishi/WRF/external/ioapi_share -I/home/onishi/WRF/inc -DEM_CORE=1 -DNMM_CORE=0 -DNMM_MAX_DIM=2600 -DDA_CORE=0 -DWRFPLUS=0 -DIWORDSIZE=4 -DDWORDSIZE=8 -DRWORDSIZE=4 -DLWORDSIZE=4 -DNONSTANDARD_SYSTEM_FUNC  -DWRF_USE_CLM -DUSE_NETCDF4_FEATURES -DWRFIO_NCD_LARGE_FILE_SUPPORT  -DDM_PARALLEL -DNETCDF -DGRIB2 -DHDF5 -DLANDREAD_STUB=1 -DUSE_ALLOCATABLES -Dwrfmodel -DGRIB1 -DINTIO -DKEEP_INT_AROUND -DLIMIT_ARGS -DBUILD_RRTMG_FAST=0 -DBUILD_RRTMK=0 -DBUILD_SBM_FAST=1 -DSHOW_ALL_VARS_USED=0 -DCONFIG_BUF_LEN=65536 -DMAX_DOMAINS_F=21 -DMAX_HISTORY=25 -DNMM_NEST=0 -DWRF_CHEM -DBUILD_CHEM=1 -DWRF_KPP -I. -traditional-cpp -DUSE_NETCDF4_FEATURES -DWRFIO_NCD_LARGE_FILE_SUPPORT   module_cu_gd.G  > module_cu_gd.bb
/home/onishi/WRF/tools/standard.exe module_cu_gd.bb | /lib/cpp -P -nostdinc -I/home/onishi/WRF/external/ioapi_share -traditional-cpp -DUSE_NETCDF4_FEATURES -DWRFIO_NCD_LARGE_FILE_SUPPORT > module_cu_gd.f90
rm -f module_cu_gd.G module_cu_gd.bb
time mpif90 -f90=ifort -o module_cu_gd.o -c -O3 -ip -fp-model precise -w -ftz -align all -fno-alias -FR -convert big_endian    -I../dyn_em  -I/home/onishi/WRF/external/esmf_time_f90  -I/home/onishi/WRF/main -I/home/onishi/WRF/external/io_netcdf -I/home/onishi/WRF/external/io_int -I/home/onishi/WRF/frame -I/home/onishi/WRF/share -I/home/onishi/WRF/phys -I/home/onishi/WRF/wrftladj -I/home/onishi/WRF/chem -I/home/onishi/WRF/inc -I/home/onishi/NETCDF_DIR2//include  -real-size `expr 8 \* 4` -i4  module_cu_gd.f90
7.28user 0.21system 0:07.54elapsed 99%CPU (0avgtext+0avgdata 179460maxresident)k
264inputs+2920outputs (0major+44224minor)pagefaults 0swaps
rm -f ../chem/module_chem_utilities.o
sed -e "s/^\!.*'.*//" -e "s/^ *\!.*'.*//" ../chem/module_chem_utilities.F > ../chem/module_chem_utilities.G
/lib/cpp -P -nostdinc -I/home/onishi/WRF/external/ioapi_share -I/home/onishi/WRF/inc -DEM_CORE=1 -DNMM_CORE=0 -DNMM_MAX_DIM=2600 -DDA_CORE=0 -DWRFPLUS=0 -DIWORDSIZE=4 -DDWORDSIZE=8 -DRWORDSIZE=4 -DLWORDSIZE=4 -DNONSTANDARD_SYSTEM_FUNC  -DWRF_USE_CLM -DUSE_NETCDF4_FEATURES -DWRFIO_NCD_LARGE_FILE_SUPPORT  -DDM_PARALLEL -DNETCDF -DGRIB2 -DHDF5 -DLANDREAD_STUB=1 -DUSE_ALLOCATABLES -Dwrfmodel -DGRIB1 -DINTIO -DKEEP_INT_AROUND -DLIMIT_ARGS -DBUILD_RRTMG_FAST=0 -DBUILD_RRTMK=0 -DBUILD_SBM_FAST=1 -DSHOW_ALL_VARS_USED=0 -DCONFIG_BUF_LEN=65536 -DMAX_DOMAINS_F=21 -DMAX_HISTORY=25 -DNMM_NEST=0 -DWRF_CHEM -DBUILD_CHEM=1 -DWRF_KPP -I. -traditional-cpp -DUSE_NETCDF4_FEATURES -DWRFIO_NCD_LARGE_FILE_SUPPORT   ../chem/module_chem_utilities.G  > ../chem/module_chem_utilities.bb
/home/onishi/WRF/tools/standard.exe ../chem/module_chem_utilities.bb | /lib/cpp -P -nostdinc -I/home/onishi/WRF/external/ioapi_share -traditional-cpp -DUSE_NETCDF4_FEATURES -DWRFIO_NCD_LARGE_FILE_SUPPORT > ../chem/module_chem_utilities.f90
rm -f ../chem/module_chem_utilities.G ../chem/module_chem_utilities.bb
time mpif90 -f90=ifort -o ../chem/module_chem_utilities.o -c -O3 -ip -fp-model precise -w -ftz -align all -fno-alias -FR -convert big_endian    -I../dyn_em  -I/home/onishi/WRF/external/esmf_time_f90  -I/home/onishi/WRF/main -I/home/onishi/WRF/external/io_netcdf -I/home/onishi/WRF/external/io_int -I/home/onishi/WRF/frame -I/home/onishi/WRF/share -I/home/onishi/WRF/phys -I/home/onishi/WRF/wrftladj -I/home/onishi/WRF/chem -I/home/onishi/WRF/inc -I/home/onishi/NETCDF_DIR2//include  -real-size `expr 8 \* 4` -i4  ../chem/module_chem_utilities.f90
0.97user 0.13system 0:01.15elapsed 95%CPU (0avgtext+0avgdata 86652maxresident)k
16inputs+3800outputs (0major+17800minor)pagefaults 0swaps
rm -f module_cu_ksas.o
sed -e "s/^\!.*'.*//" -e "s/^ *\!.*'.*//" module_cu_ksas.F > module_cu_ksas.G
/lib/cpp -P -nostdinc -I/home/onishi/WRF/external/ioapi_share -I/home/onishi/WRF/inc -DEM_CORE=1 -DNMM_CORE=0 -DNMM_MAX_DIM=2600 -DDA_CORE=0 -DWRFPLUS=0 -DIWORDSIZE=4 -DDWORDSIZE=8 -DRWORDSIZE=4 -DLWORDSIZE=4 -DNONSTANDARD_SYSTEM_FUNC  -DWRF_USE_CLM -DUSE_NETCDF4_FEATURES -DWRFIO_NCD_LARGE_FILE_SUPPORT  -DDM_PARALLEL -DNETCDF -DGRIB2 -DHDF5 -DLANDREAD_STUB=1 -DUSE_ALLOCATABLES -Dwrfmodel -DGRIB1 -DINTIO -DKEEP_INT_AROUND -DLIMIT_ARGS -DBUILD_RRTMG_FAST=0 -DBUILD_RRTMK=0 -DBUILD_SBM_FAST=1 -DSHOW_ALL_VARS_USED=0 -DCONFIG_BUF_LEN=65536 -DMAX_DOMAINS_F=21 -DMAX_HISTORY=25 -DNMM_NEST=0 -DWRF_CHEM -DBUILD_CHEM=1 -DWRF_KPP -I. -traditional-cpp -DUSE_NETCDF4_FEATURES -DWRFIO_NCD_LARGE_FILE_SUPPORT   module_cu_ksas.G  > module_cu_ksas.bb
/home/onishi/WRF/tools/standard.exe module_cu_ksas.bb | /lib/cpp -P -nostdinc -I/home/onishi/WRF/external/ioapi_share -traditional-cpp -DUSE_NETCDF4_FEATURES -DWRFIO_NCD_LARGE_FILE_SUPPORT > module_cu_ksas.f90
rm -f module_cu_ksas.G module_cu_ksas.bb
time mpif90 -f90=ifort -o module_cu_ksas.o -c -O3 -ip -fp-model precise -w -ftz -align all -fno-alias -FR -convert big_endian    -I../dyn_em  -I/home/onishi/WRF/external/esmf_time_f90  -I/home/onishi/WRF/main -I/home/onishi/WRF/external/io_netcdf -I/home/onishi/WRF/external/io_int -I/home/onishi/WRF/frame -I/home/onishi/WRF/share -I/home/onishi/WRF/phys -I/home/onishi/WRF/wrftladj -I/home/onishi/WRF/chem -I/home/onishi/WRF/inc -I/home/onishi/NETCDF_DIR2//include  -real-size `expr 8 \* 4` -i4  module_cu_ksas.f90
18.81user 0.40system 0:19.26elapsed 99%CPU (0avgtext+0avgdata 284996maxresident)k
456inputs+4816outputs (0major+88262minor)pagefaults 0swaps
rm -f module_cu_nsas.o
sed -e "s/^\!.*'.*//" -e "s/^ *\!.*'.*//" module_cu_nsas.F > module_cu_nsas.G
/lib/cpp -P -nostdinc -I/home/onishi/WRF/external/ioapi_share -I/home/onishi/WRF/inc -DEM_CORE=1 -DNMM_CORE=0 -DNMM_MAX_DIM=2600 -DDA_CORE=0 -DWRFPLUS=0 -DIWORDSIZE=4 -DDWORDSIZE=8 -DRWORDSIZE=4 -DLWORDSIZE=4 -DNONSTANDARD_SYSTEM_FUNC  -DWRF_USE_CLM -DUSE_NETCDF4_FEATURES -DWRFIO_NCD_LARGE_FILE_SUPPORT  -DDM_PARALLEL -DNETCDF -DGRIB2 -DHDF5 -DLANDREAD_STUB=1 -DUSE_ALLOCATABLES -Dwrfmodel -DGRIB1 -DINTIO -DKEEP_INT_AROUND -DLIMIT_ARGS -DBUILD_RRTMG_FAST=0 -DBUILD_RRTMK=0 -DBUILD_SBM_FAST=1 -DSHOW_ALL_VARS_USED=0 -DCONFIG_BUF_LEN=65536 -DMAX_DOMAINS_F=21 -DMAX_HISTORY=25 -DNMM_NEST=0 -DWRF_CHEM -DBUILD_CHEM=1 -DWRF_KPP -I. -traditional-cpp -DUSE_NETCDF4_FEATURES -DWRFIO_NCD_LARGE_FILE_SUPPORT   module_cu_nsas.G  > module_cu_nsas.bb
/home/onishi/WRF/tools/standard.exe module_cu_nsas.bb | /lib/cpp -P -nostdinc -I/home/onishi/WRF/external/ioapi_share -traditional-cpp -DUSE_NETCDF4_FEATURES -DWRFIO_NCD_LARGE_FILE_SUPPORT > module_cu_nsas.f90
rm -f module_cu_nsas.G module_cu_nsas.bb
time mpif90 -f90=ifort -o module_cu_nsas.o -c -O3 -ip -fp-model precise -w -ftz -align all -fno-alias -FR -convert big_endian    -I../dyn_em  -I/home/onishi/WRF/external/esmf_time_f90  -I/home/onishi/WRF/main -I/home/onishi/WRF/external/io_netcdf -I/home/onishi/WRF/external/io_int -I/home/onishi/WRF/frame -I/home/onishi/WRF/share -I/home/onishi/WRF/phys -I/home/onishi/WRF/wrftladj -I/home/onishi/WRF/chem -I/home/onishi/WRF/inc -I/home/onishi/NETCDF_DIR2//include  -real-size `expr 8 \* 4` -i4  module_cu_nsas.f90
9.12user 0.32system 0:09.49elapsed 99%CPU (0avgtext+0avgdata 280744maxresident)k
136inputs+1816outputs (0major+76471minor)pagefaults 0swaps
rm -f module_gocart_coupling.o
sed -e "s/^\!.*'.*//" -e "s/^ *\!.*'.*//" module_gocart_coupling.F > module_gocart_coupling.G
/lib/cpp -P -nostdinc -I/home/onishi/WRF/external/ioapi_share -I/home/onishi/WRF/inc -DEM_CORE=1 -DNMM_CORE=0 -DNMM_MAX_DIM=2600 -DDA_CORE=0 -DWRFPLUS=0 -DIWORDSIZE=4 -DDWORDSIZE=8 -DRWORDSIZE=4 -DLWORDSIZE=4 -DNONSTANDARD_SYSTEM_FUNC  -DWRF_USE_CLM -DUSE_NETCDF4_FEATURES -DWRFIO_NCD_LARGE_FILE_SUPPORT  -DDM_PARALLEL -DNETCDF -DGRIB2 -DHDF5 -DLANDREAD_STUB=1 -DUSE_ALLOCATABLES -Dwrfmodel -DGRIB1 -DINTIO -DKEEP_INT_AROUND -DLIMIT_ARGS -DBUILD_RRTMG_FAST=0 -DBUILD_RRTMK=0 -DBUILD_SBM_FAST=1 -DSHOW_ALL_VARS_USED=0 -DCONFIG_BUF_LEN=65536 -DMAX_DOMAINS_F=21 -DMAX_HISTORY=25 -DNMM_NEST=0 -DWRF_CHEM -DBUILD_CHEM=1 -DWRF_KPP -I. -traditional-cpp -DUSE_NETCDF4_FEATURES -DWRFIO_NCD_LARGE_FILE_SUPPORT   module_gocart_coupling.G  > module_gocart_coupling.bb
/home/onishi/WRF/tools/standard.exe module_gocart_coupling.bb | /lib/cpp -P -nostdinc -I/home/onishi/WRF/external/ioapi_share -traditional-cpp -DUSE_NETCDF4_FEATURES -DWRFIO_NCD_LARGE_FILE_SUPPORT > module_gocart_coupling.f90
rm -f module_gocart_coupling.G module_gocart_coupling.bb
time mpif90 -f90=ifort -o module_gocart_coupling.o -c -O3 -ip -fp-model precise -w -ftz -align all -fno-alias -FR -convert big_endian    -I../dyn_em  -I/home/onishi/WRF/external/esmf_time_f90  -I/home/onishi/WRF/main -I/home/onishi/WRF/external/io_netcdf -I/home/onishi/WRF/external/io_int -I/home/onishi/WRF/frame -I/home/onishi/WRF/share -I/home/onishi/WRF/phys -I/home/onishi/WRF/wrftladj -I/home/onishi/WRF/chem -I/home/onishi/WRF/inc -I/home/onishi/NETCDF_DIR2//include  -real-size `expr 8 \* 4` -i4  module_gocart_coupling.f90
9.65user 0.29system 0:09.98elapsed 99%CPU (0avgtext+0avgdata 232900maxresident)k
184inputs+2424outputs (0major+73370minor)pagefaults 0swaps
2.46user 0.26system 0:02.76elaprm -f ../chem/module_data_mosaic_asect.o
sed 98%CPU (0avgtext+0avgdata 234048maxresident)k
1840inputs+1640outputs (0major+54846minor)pagefaults 0swaps
rm -f module_ra_sw.o
sed -e "s/^\!.*'.*//" -e "s/^ *\!.*'.*//" ../chem/module_data_mosaic_asect.F > ../chem/module_data_mosaic_asect.G
sed -e "s/^\!.*'.*//" -e "s/^ *\!.*'.*//" module_ra_sw.F > module_ra_sw.G
/lib/cpp -P -nostdinc -I/home/onishi/WRF/external/ioapi_share -I/home/onishi/WRF/inc -DEM_CORE=1 -DNMM_CORE=0 -DNMM_MAX_DIM=2600 -DDA_CORE=0 -DWRFPLUS=0 -DIWORDSIZE=4 -DDWORDSIZE=8 -DRWORDSIZE=4 -DLWORDSIZE=4 -DNONSTANDARD_SYSTEM_FUNC  -DWRF_USE_CLM -DUSE_NETCDF4_FEATURES -DWRFIO_NCD_LARGE_FILE_SUPPORT  -DDM_PARALLEL -DNETCDF -DGRIB2 -DHDF5 -DLANDREAD_STUB=1 -DUSE_ALLOCATABLES -Dwrfmodel -DGRIB1 -DINTIO -DKEEP_INT_AROUND -DLIMIT_ARGS -DBUILD_RRTMG_FAST=0 -DBUILD_RRTMK=0 -DBUILD_SBM_FAST=1 -DSHOW_ALL_VARS_USED=0 -DCONFIG_BUF_LEN=65536 -DMAX_DOMAINS_F=21 -DMAX_HISTORY=25 -DNMM_NEST=0 -DWRF_CHEM -DBUILD_CHEM=1 -DWRF_KPP -I. -traditional-cpp -DUSE_NETCDF4_FEATURES -DWRFIO_NCD_LARGE_FILE_SUPPORT   ../chem/module_data_mosaic_asect.G  > ../chem/module_data_mosaic_asect.bb
/lib/cpp -P -nostdinc -I/home/onishi/WRF/external/ioapi_share -I/home/onishi/WRF/inc -DEM_CORE=1 -DNMM_CORE=0 -DNMM_MAX_DIM=2600 -DDA_CORE=0 -DWRFPLUS=0 -DIWORDSIZE=4 -DDWORDSIZE=8 -DRWORDSIZE=4 -DLWORDSIZE=4 -DNONSTANDARD_SYSTEM_FUNC  -DWRF_USE_CLM -DUSE_NETCDF4_FEATURES -DWRFIO_NCD_LARGE_FILE_SUPPORT  -DDM_PARALLEL -DNETCDF -DGRIB2 -DHDF5 -DLANDREAD_STUB=1 -DUSE_ALLOCATABLES -Dwrfmodel -DGRIB1 -DINTIO -DKEEP_INT_AROUND -DLIMIT_ARGS -DBUILD_RRTMG_FAST=0 -DBUILD_RRTMK=0 -DBUILD_SBM_FAST=1 -DSHOW_ALL_VARS_USED=0 -DCONFIG_BUF_LEN=65536 -DMAX_DOMAINS_F=21 -DMAX_HISTORY=25 -DNMM_NEST=0 -DWRF_CHEM -DBUILD_CHEM=1 -DWRF_KPP -I. -traditional-cpp -DUSE_NETCDF4_FEATURES -DWRFIO_NCD_LARGE_FILE_SUPPORT   module_ra_sw.G  > module_ra_sw.bb
/home/onishi/WRF/tools/standard.exe ../chem/module_data_mosaic_asect.bb | /lib/cpp -P -nostdinc -I/home/onishi/WRF/external/ioapi_share -traditional-cpp -DUSE_NETCDF4_FEATURES -DWRFIO_NCD_LARGE_FILE_SUPPORT > ../chem/module_data_mosaic_asect.f90
/home/onishi/WRF/tools/standard.exe module_ra_sw.bb | /lib/cpp -P -nostdinc -I/home/onishi/WRF/external/ioapi_share -traditional-cpp -DUSE_NETCDF4_FEATURES -DWRFIO_NCD_LARGE_FILE_SUPPORT > module_ra_sw.f90
rm -f ../chem/module_data_mosaic_asect.G ../chem/module_data_mosaic_asect.bb
rm -f module_ra_sw.G module_ra_sw.bb
time mpif90 -f90=ifort -o ../chem/module_data_mosaic_asect.o -c -O3 -ip -fp-model precise -w -ftz -align all -fno-alias -FR -convert big_endian    -I../dyn_em  -I/home/onishi/WRF/external/esmf_time_f90  -I/home/onishi/WRF/main -I/home/onishi/WRF/external/io_netcdf -I/home/onishi/WRF/external/io_int -I/home/onishi/WRF/frame -I/home/onishi/WRF/share -I/home/onishi/WRF/phys -I/home/onishi/WRF/wrftladj -I/home/onishi/WRF/chem -I/home/onishi/WRF/inc -I/home/onishi/NETCDF_DIR2//include  -real-size `expr 8 \* 4` -i4  ../chem/module_data_mosaic_asect.f90
time mpif90 -f90=ifort -o module_ra_sw.o -c -O3 -ip -fp-model precise -w -ftz -align all -fno-alias -FR -convert big_endian    -I../dyn_em  -I/home/onishi/WRF/external/esmf_time_f90  -I/home/onishi/WRF/main -I/home/onishi/WRF/external/io_netcdf -I/home/onishi/WRF/external/io_int -I/home/onishi/WRF/frame -I/home/onishi/WRF/share -I/home/onishi/WRF/phys -I/home/onishi/WRF/wrftladj -I/home/onishi/WRF/chem -I/home/onishi/WRF/inc -I/home/onishi/NETCDF_DIR2//include  -real-size `expr 8 \* 4` -i4  module_ra_sw.f90
0.02user 0.06system 0:00.13elapsed 70%CPU (0avgtext+0avgdata 39700maxresident)k
72inputs+328outputs (4major+6459minor)pagefaults 0swaps
rm -f module_ra_gsfcsw.o
sed -e "s/^\!.*'.*//" -e "s/^ *\!.*'.*//" module_ra_gsfcsw.F > module_ra_gsfcsw.G
/lib/cpp -P -nostdinc -I/home/onishi/WRF/external/ioapi_share -I/home/onishi/WRF/inc -DEM_CORE=1 -DNMM_CORE=0 -DNMM_MAX_DIM=2600 -DDA_CORE=0 -DWRFPLUS=0 -DIWORDSIZE=4 -DDWORDSIZE=8 -DRWORDSIZE=4 -DLWORDSIZE=4 -DNONSTANDARD_SYSTEM_FUNC  -DWRF_USE_CLM -DUSE_NETCDF4_FEATURES -DWRFIO_NCD_LARGE_FILE_SUPPORT  -DDM_PARALLEL -DNETCDF -DGRIB2 -DHDF5 -DLANDREAD_STUB=1 -DUSE_ALLOCATABLES -Dwrfmodel -DGRIB1 -DINTIO -DKEEP_INT_AROUND -DLIMIT_ARGS -DBUILD_RRTMG_FAST=0 -DBUILD_RRTMK=0 -DBUILD_SBM_FAST=1 -DSHOW_ALL_VARS_USED=0 -DCONFIG_BUF_LEN=65536 -DMAX_DOMAINS_F=21 -DMAX_HISTORY=25 -DNMM_NEST=0 -DWRF_CHEM -DBUILD_CHEM=1 -DWRF_KPP -I. -traditional-cpp -DUSE_NETCDF4_FEATURES -DWRFIO_NCD_LARGE_FILE_SUPPORT   module_ra_gsfcsw.G  > module_ra_gsfcsw.bb
/home/onishi/WRF/tools/standard.exe module_ra_gsfcsw.bb | /lib/cpp -P -nostdinc -I/home/onishi/WRF/external/ioapi_share -traditional-cpp -DUSE_NETCDF4_FEATURES -DWRFIO_NCD_LARGE_FILE_SUPPORT > module_ra_gsfcsw.f90
rm -f module_ra_gsfcsw.G module_ra_gsfcsw.bb
time mpif90 -f90=ifort -o module_ra_gsfcsw.o -c -O3 -ip -fp-model precise -w -ftz -align all -fno-alias -FR -convert big_endian    -I../dyn_em  -I/home/onishi/WRF/external/esmf_time_f90  -I/home/onishi/WRF/main -I/home/onishi/WRF/external/io_netcdf -I/home/onishi/WRF/external/io_int -I/home/onishi/WRF/frame -I/home/onishi/WRF/share -I/home/onishi/WRF/phys -I/home/onishi/WRF/wrftladj -I/home/onishi/WRF/chem -I/home/onishi/WRF/inc -I/home/onishi/NETCDF_DIR2//include  -real-size `expr 8 \* 4` -i4  module_ra_gsfcsw.f90
0.63user 0.09system 0:00.76elapsed 95%CPU (0avgtext+0avgdata 75912maxresident)k
32inputs+368outputs (8major+15354minor)pagefaults 0swaps
rm -f module_ra_clWRF_support.o
sed -e "s/^\!.*'.*//" -e "s/^ *\!.*'.*//" module_ra_clWRF_support.F > module_ra_clWRF_support.G
/lib/cpp -P -nostdinc -I/home/onishi/WRF/external/ioapi_share -I/home/onishi/WRF/inc -DEM_CORE=1 -DNMM_CORE=0 -DNMM_MAX_DIM=2600 -DDA_CORE=0 -DWRFPLUS=0 -DIWORDSIZE=4 -DDWORDSIZE=8 -DRWORDSIZE=4 -DLWORDSIZE=4 -DNONSTANDARD_SYSTEM_FUNC  -DWRF_USE_CLM -DUSE_NETCDF4_FEATURES -DWRFIO_NCD_LARGE_FILE_SUPPORT  -DDM_PARALLEL -DNETCDF -DGRIB2 -DHDF5 -DLANDREAD_STUB=1 -DUSE_ALLOCATABLES -Dwrfmodel -DGRIB1 -DINTIO -DKEEP_INT_AROUND -DLIMIT_ARGS -DBUILD_RRTMG_FAST=0 -DBUILD_RRTMK=0 -DBUILD_SBM_FAST=1 -DSHOW_ALL_VARS_USED=0 -DCONFIG_BUF_LEN=65536 -DMAX_DOMAINS_F=21 -DMAX_HISTORY=25 -DNMM_NEST=0 -DWRF_CHEM -DBUILD_CHEM=1 -DWRF_KPP -I. -traditional-cpp -DUSE_NETCDF4_FEATURES -DWRFIO_NCD_LARGE_FILE_SUPPORT   module_ra_clWRF_support.G  > module_ra_clWRF_support.bb
/home/onishi/WRF/tools/standard.exe module_ra_clWRF_support.bb | /lib/cpp -P -nostdinc -I/home/onishi/WRF/external/ioapi_share -traditional-cpp -DUSE_NETCDF4_FEATURES -DWRFIO_NCD_LARGE_FILE_SUPPORT > module_ra_clWRF_support.f90
rm -f module_ra_clWRF_support.G module_ra_clWRF_support.bb
time mpif90 -f90=ifort -o module_ra_clWRF_support.o -c -O3 -ip -fp-model precise -w -ftz -align all -fno-alias -FR -convert big_endian    -I../dyn_em  -I/home/onishi/WRF/external/esmf_time_f90  -I/home/onishi/WRF/main -I/home/onishi/WRF/external/io_netcdf -I/home/onishi/WRF/external/io_int -I/home/onishi/WRF/frame -I/home/onishi/WRF/share -I/home/onishi/WRF/phys -I/home/onishi/WRF/wrftladj -I/home/onishi/WRF/chem -I/home/onishi/WRF/inc -I/home/onishi/NETCDF_DIR2//include  -real-size `expr 8 \* 4` -i4  module_ra_clWRF_support.f90
0.29user 0.06system 0:00.37elapsed 96%CPU (0avgtext+0avgdata 59068maxresident)k
40inputs+336outputs (0major+10927minor)pagefaults 0swaps
rm -f module_ra_rrtmg_aero_optical_util_cmaq.o
sed -e "s/^\!.*'.*//" -e "s/^ *\!.*'.*//" module_ra_rrtmg_aero_optical_util_cmaq.F > module_ra_rrtmg_aero_optical_util_cmaq.G
/lib/cpp -P -nostdinc -I/home/onishi/WRF/external/ioapi_share -I/home/onishi/WRF/inc -DEM_CORE=1 -DNMM_CORE=0 -DNMM_MAX_DIM=2600 -DDA_CORE=0 -DWRFPLUS=0 -DIWORDSIZE=4 -DDWORDSIZE=8 -DRWORDSIZE=4 -DLWORDSIZE=4 -DNONSTANDARD_SYSTEM_FUNC  -DWRF_USE_CLM -DUSE_NETCDF4_FEATURES -DWRFIO_NCD_LARGE_FILE_SUPPORT  -DDM_PARALLEL -DNETCDF -DGRIB2 -DHDF5 -DLANDREAD_STUB=1 -DUSE_ALLOCATABLES -Dwrfmodel -DGRIB1 -DINTIO -DKEEP_INT_AROUND -DLIMIT_ARGS -DBUILD_RRTMG_FAST=0 -DBUILD_RRTMK=0 -DBUILD_SBM_FAST=1 -DSHOW_ALL_VARS_USED=0 -DCONFIG_BUF_LEN=65536 -DMAX_DOMAINS_F=21 -DMAX_HISTORY=25 -DNMM_NEST=0 -DWRF_CHEM -DBUILD_CHEM=1 -DWRF_KPP -I. -traditional-cpp -DUSE_NETCDF4_FEATURES -DWRFIO_NCD_LARGE_FILE_SUPPORT   module_ra_rrtmg_aero_optical_util_cmaq.G  > module_ra_rrtmg_aero_optical_util_cmaq.bb
/home/onishi/WRF/tools/standard.exe module_ra_rrtmg_aero_optical_util_cmaq.bb | /lib/cpp -P -nostdinc -I/home/onishi/WRF/external/ioapi_share -traditional-cpp -DUSE_NETCDF4_FEATURES -DWRFIO_NCD_LARGE_FILE_SUPPORT > module_ra_rrtmg_aero_optical_util_cmaq.f90
rm -f module_ra_rrtmg_aero_optical_util_cmaq.G module_ra_rrtmg_aero_optical_util_cmaq.bb
time mpif90 -f90=ifort -o module_ra_rrtmg_aero_optical_util_cmaq.o -c -O3 -ip -fp-model precise -w -ftz -align all -fno-alias -FR -convert big_endian    -I../dyn_em  -I/home/onishi/WRF/external/esmf_time_f90  -I/home/onishi/WRF/main -I/home/onishi/WRF/external/io_netcdf -I/home/onishi/WRF/external/io_int -I/home/onishi/WRF/frame -I/home/onishi/WRF/share -I/home/onishi/WRF/phys -I/home/onishi/WRF/wrftladj -I/home/onishi/WRF/chem -I/home/onishi/WRF/inc -I/home/onishi/NETCDF_DIR2//include  -real-size `expr 8 \* 4` -i4  module_ra_rrtmg_aero_optical_util_cmaq.f90
2.23user 0.15system 0:02.40elapsed 99%CPU (0avgtext+0avgdata 77804maxresident)k
144inputs+1144outputs (0major+25454minor)pagefaults 0swaps
rm -f module_ra_rrtmg_lwf.o
sed -e "s/^\!.*'.*//" -e "s/^ *\!.*'.*//" module_ra_rrtmg_lwf.F > module_ra_rrtmg_lwf.G
/lib/cpp -P -nostdinc -I/home/onishi/WRF/external/ioapi_share -I/home/onishi/WRF/inc -DEM_CORE=1 -DNMM_CORE=0 -DNMM_MAX_DIM=2600 -DDA_CORE=0 -DWRFPLUS=0 -DIWORDSIZE=4 -DDWORDSIZE=8 -DRWORDSIZE=4 -DLWORDSIZE=4 -DNONSTANDARD_SYSTEM_FUNC  -DWRF_USE_CLM -DUSE_NETCDF4_FEATURES -DWRFIO_NCD_LARGE_FILE_SUPPORT  -DDM_PARALLEL -DNETCDF -DGRIB2 -DHDF5 -DLANDREAD_STUB=1 -DUSE_ALLOCATABLES -Dwrfmodel -DGRIB1 -DINTIO -DKEEP_INT_AROUND -DLIMIT_ARGS -DBUILD_RRTMG_FAST=0 -DBUILD_RRTMK=0 -DBUILD_SBM_FAST=1 -DSHOW_ALL_VARS_USED=0 -DCONFIG_BUF_LEN=65536 -DMAX_DOMAINS_F=21 -DMAX_HISTORY=25 -DNMM_NEST=0 -DWRF_CHEM -DBUILD_CHEM=1 -DWRF_KPP -I. -traditional-cpp -DUSE_NETCDF4_FEATURES -DWRFIO_NCD_LARGE_FILE_SUPPORT   module_ra_rrtmg_lwf.G  > module_ra_rrtmg_lwf.bb
/home/onishi/WRF/tools/standard.exe module_ra_rrtmg_lwf.bb | /lib/cpp -P -nostdinc -I/home/onishi/WRF/external/ioapi_share -traditional-cpp -DUSE_NETCDF4_FEATURES -DWRFIO_NCD_LARGE_FILE_SUPPORT > module_ra_rrtmg_lwf.f90
rm -f module_ra_rrtmg_lwf.G module_ra_rrtmg_lwf.bb
time mpif90 -f90=ifort -o module_ra_rrtmg_lwf.o -c -O3 -ip -fp-model precise -w -ftz -align all -fno-alias -FR -convert big_endian    -I../dyn_em  -I/home/onishi/WRF/external/esmf_time_f90  -I/home/onishi/WRF/main -I/home/onishi/WRF/external/io_netcdf -I/home/onishi/WRF/external/io_int -I/home/onishi/WRF/frame -I/home/onishi/WRF/share -I/home/onishi/WRF/phys -I/home/onishi/WRF/wrftladj -I/home/onishi/WRF/chem -I/home/onishi/WRF/inc -I/home/onishi/NETCDF_DIR2//include  -real-size `expr 8 \* 4` -i4  module_ra_rrtmg_lwf.f90
0.02user 0.06system 0:00.12elapsed 75%CPU (0avgtext+0avgdata 38460maxresident)k
8inputs+96outputs (0major+6009minor)pagefaults 0swaps
rm -f module_ra_rrtmg_lwk.o
sed -e "s/^\!.*'.*//" -e "s/^ *\!.*'.*//" module_ra_rrtmg_lwk.F > module_ra_rrtmg_lwk.G
/lib/cpp -P -nostdinc -I/home/onishi/WRF/external/ioapi_share -I/home/onishi/WRF/inc -DEM_CORE=1 -DNMM_CORE=0 -DNMM_MAX_DIM=2600 -DDA_CORE=0 -DWRFPLUS=0 -DIWORDSIZE=4 -DDWORDSIZE=8 -DRWORDSIZE=4 -DLWORDSIZE=4 -DNONSTANDARD_SYSTEM_FUNC  -DWRF_USE_CLM -DUSE_NETCDF4_FEATURES -DWRFIO_NCD_LARGE_FILE_SUPPORT  -DDM_PARALLEL -DNETCDF -DGRIB2 -DHDF5 -DLANDREAD_STUB=1 -DUSE_ALLOCATABLES -Dwrfmodel -DGRIB1 -DINTIO -DKEEP_INT_AROUND -DLIMIT_ARGS -DBUILD_RRTMG_FAST=0 -DBUILD_RRTMK=0 -DBUILD_SBM_FAST=1 -DSHOW_ALL_VARS_USED=0 -DCONFIG_BUF_LEN=65536 -DMAX_DOMAINS_F=21 -DMAX_HISTORY=25 -DNMM_NEST=0 -DWRF_CHEM -DBUILD_CHEM=1 -DWRF_KPP -I. -traditional-cpp -DUSE_NETCDF4_FEATURES -DWRFIO_NCD_LARGE_FILE_SUPPORT   module_ra_rrtmg_lwk.G  > module_ra_rrtmg_lwk.bb
/home/onishi/WRF/tools/standard.exe module_ra_rrtmg_lwk.bb | /lib/cpp -P -nostdinc -I/home/onishi/WRF/external/ioapi_share -traditional-cpp -DUSE_NETCDF4_FEATURES -DWRFIO_NCD_LARGE_FILE_SUPPORT > module_ra_rrtmg_lwk.f90
rm -f module_ra_rrtmg_lwk.G module_ra_rrtmg_lwk.bb
time mpif90 -f90=ifort -o module_ra_rrtmg_lwk.o -c -O3 -ip -fp-model precise -w -ftz -align all -fno-alias -FR -convert big_endian    -I../dyn_em  -I/home/onishi/WRF/external/esmf_time_f90  -I/home/onishi/WRF/main -I/home/onishi/WRF/external/io_netcdf -I/home/onishi/WRF/external/io_int -I/home/onishi/WRF/frame -I/home/onishi/WRF/share -I/home/onishi/WRF/phys -I/home/onishi/WRF/wrftladj -I/home/onishi/WRF/chem -I/home/onishi/WRF/inc -I/home/onishi/NETCDF_DIR2//include  -real-size `expr 8 \* 4` -i4  module_ra_rrtmg_lwk.f90
0.01user 0.06system 0:00.09elapsed 87%CPU (0avgtext+0avgdata 38472maxresident)k
8inputs+96outputs (0major+6016minor)pagefaults 0swaps
rm -f module_ra_effective_radius.o
sed -e "s/^\!.*'.*//" -e "s/^ *\!.*'.*//" module_ra_effective_radius.F > module_ra_effective_radius.G
/lib/cpp -P -nostdinc -I/home/onishi/WRF/external/ioapi_share -I/home/onishi/WRF/inc -DEM_CORE=1 -DNMM_CORE=0 -DNMM_MAX_DIM=2600 -DDA_CORE=0 -DWRFPLUS=0 -DIWORDSIZE=4 -DDWORDSIZE=8 -DRWORDSIZE=4 -DLWORDSIZE=4 -DNONSTANDARD_SYSTEM_FUNC  -DWRF_USE_CLM -DUSE_NETCDF4_FEATURES -DWRFIO_NCD_LARGE_FILE_SUPPORT  -DDM_PARALLEL -DNETCDF -DGRIB2 -DHDF5 -DLANDREAD_STUB=1 -DUSE_ALLOCATABLES -Dwrfmodel -DGRIB1 -DINTIO -DKEEP_INT_AROUND -DLIMIT_ARGS -DBUILD_RRTMG_FAST=0 -DBUILD_RRTMK=0 -DBUILD_SBM_FAST=1 -DSHOW_ALL_VARS_USED=0 -DCONFIG_BUF_LEN=65536 -DMAX_DOMAINS_F=21 -DMAX_HISTORY=25 -DNMM_NEST=0 -DWRF_CHEM -DBUILD_CHEM=1 -DWRF_KPP -I. -traditional-cpp -DUSE_NETCDF4_FEATURES -DWRFIO_NCD_LARGE_FILE_SUPPORT   module_ra_effective_radius.G  > module_ra_effective_radius.bb
/home/onishi/WRF/tools/standard.exe module_ra_effective_radius.bb | /lib/cpp -P -nostdinc -I/home/onishi/WRF/external/ioapi_share -traditional-cpp -DUSE_NETCDF4_FEATURES -DWRFIO_NCD_LARGE_FILE_SUPPORT > module_ra_effective_radius.f90
rm -f module_ra_effective_radius.G module_ra_effective_radius.bb
time mpif90 -f90=ifort -o module_ra_effective_radius.o -c -O3 -ip -fp-model precise -w -ftz -align all -fno-alias -FR -convert big_endian    -I../dyn_em  -I/home/onishi/WRF/external/esmf_time_f90  -I/home/onishi/WRF/main -I/home/onishi/WRF/external/io_netcdf -I/home/onishi/WRF/external/io_int -I/home/onishi/WRF/frame -I/home/onishi/WRF/share -I/home/onishi/WRF/phys -I/home/onishi/WRF/wrftladj -I/home/onishi/WRF/chem -I/home/onishi/WRF/inc -I/home/onishi/NETCDF_DIR2//include  -real-size `expr 8 \* 4` -i4  module_ra_effective_radius.f90
0.17user 0.08system 0:00.27elapsed 94%CPU (0avgtext+0avgdata 58408maxresident)k
16inputs+200outputs (0major+10468minor)pagefaults 0swaps
rm -f module_ra_farms.o
sed -e "s/^\!.*'.*//" -e "s/^ *\!.*'.*//" module_ra_farms.F > module_ra_farms.G
/lib/cpp -P -nostdinc -I/home/onishi/WRF/external/ioapi_share -I/home/onishi/WRF/inc -DEM_CORE=1 -DNMM_CORE=0 -DNMM_MAX_DIM=2600 -DDA_CORE=0 -DWRFPLUS=0 -DIWORDSIZE=4 -DDWORDSIZE=8 -DRWORDSIZE=4 -DLWORDSIZE=4 -DNONSTANDARD_SYSTEM_FUNC  -DWRF_USE_CLM -DUSE_NETCDF4_FEATURES -DWRFIO_NCD_LARGE_FILE_SUPPORT  -DDM_PARALLEL -DNETCDF -DGRIB2 -DHDF5 -DLANDREAD_STUB=1 -DUSE_ALLOCATABLES -Dwrfmodel -DGRIB1 -DINTIO -DKEEP_INT_AROUND -DLIMIT_ARGS -DBUILD_RRTMG_FAST=0 -DBUILD_RRTMK=0 -DBUILD_SBM_FAST=1 -DSHOW_ALL_VARS_USED=0 -DCONFIG_BUF_LEN=65536 -DMAX_DOMAINS_F=21 -DMAX_HISTORY=25 -DNMM_NEST=0 -DWRF_CHEM -DBUILD_CHEM=1 -DWRF_KPP -I. -traditional-cpp -DUSE_NETCDF4_FEATURES -DWRFIO_NCD_LARGE_FILE_SUPPORT   module_ra_farms.G  > module_ra_farms.bb
/home/onishi/WRF/tools/standard.exe module_ra_farms.bb | /lib/cpp -P -nostdinc -I/home/onishi/WRF/external/ioapi_share -traditional-cpp -DUSE_NETCDF4_FEATURES -DWRFIO_NCD_LARGE_FILE_SUPPORT > module_ra_farms.f90
rm -f module_ra_farms.G module_ra_farms.bb
time mpif90 -f90=ifort -o module_ra_farms.o -c -O3 -ip -fp-model precise -w -ftz -align all -fno-alias -FR -convert big_endian    -I../dyn_em  -I/home/onishi/WRF/external/esmf_time_f90  -I/home/onishi/WRF/main -I/home/onishi/WRF/external/io_netcdf -I/home/onishi/WRF/external/io_int -I/home/onishi/WRF/frame -I/home/onishi/WRF/share -I/home/onishi/WRF/phys -I/home/onishi/WRF/wrftladj -I/home/onishi/WRF/chem -I/home/onishi/WRF/inc -I/home/onishi/NETCDF_DIR2//include  -real-size `expr 8 \* 4` -i4  module_ra_farms.f90
0.75user 0.12system 0:00.88elapsed 98%CPU (0avgtext+0avgdata 86112maxresident)k
40inputs+464outputs (0major+18350minor)pagefaults 0swaps
rm -f module_mp_etanew.o
sed -e "s/^\!.*'.*//" -e "s/^ *\!.*'.*//" module_mp_etanew.F > module_mp_etanew.G
/lib/cpp -P -nostdinc -I/home/onishi/WRF/external/ioapi_share -I/home/onishi/WRF/inc -DEM_CORE=1 -DNMM_CORE=0 -DNMM_MAX_DIM=2600 -DDA_CORE=0 -DWRFPLUS=0 -DIWORDSIZE=4 -DDWORDSIZE=8 -DRWORDSIZE=4 -DLWORDSIZE=4 -DNONSTANDARD_SYSTEM_FUNC  -DWRF_USE_CLM -DUSE_NETCDF4_FEATURES -DWRFIO_NCD_LARGE_FILE_SUPPORT  -DDM_PARALLEL -DNETCDF -DGRIB2 -DHDF5 -DLANDREAD_STUB=1 -DUSE_ALLOCATABLES -Dwrfmodel -DGRIB1 -DINTIO -DKEEP_INT_AROUND -DLIMIT_ARGS -DBUILD_RRTMG_FAST=0 -DBUILD_RRTMK=0 -DBUILD_SBM_FAST=1 -DSHOW_ALL_VARS_USED=0 -DCONFIG_BUF_LEN=65536 -DMAX_DOMAINS_F=21 -DMAX_HISTORY=25 -DNMM_NEST=0 -DWRF_CHEM -DBUILD_CHEM=1 -DWRF_KPP -I. -traditional-cpp -DUSE_NETCDF4_FEATURES -DWRFIO_NCD_LARGE_FILE_SUPPORT   module_mp_etanew.G  > module_mp_etanew.bb
/home/onishi/WRF/tools/standard.exe module_mp_etanew.bb | /lib/cpp -P -nostdinc -I/home/onishi/WRF/external/ioapi_share -traditional-cpp -DUSE_NETCDF4_FEATURES -DWRFIO_NCD_LARGE_FILE_SUPPORT > module_mp_etanew.f90
rm -f module_mp_etanew.G module_mp_etanew.bb
time mpif90 -f90=ifort -o module_mp_etanew.o -c -O3 -ip -fp-model precise -w -ftz -align all -fno-alias -FR -convert big_endian    -I../dyn_em  -I/home/onishi/WRF/external/esmf_time_f90  -I/home/onishi/WRF/main -I/home/onishi/WRF/external/io_netcdf -I/home/onishi/WRF/external/io_int -I/home/onishi/WRF/frame -I/home/onishi/WRF/share -I/home/onishi/WRF/phys -I/home/onishi/WRF/wrftladj -I/home/onishi/WRF/chem -I/home/onishi/WRF/inc -I/home/onishi/NETCDF_DIR2//include  -real-size `expr 8 \* 4` -i4  module_mp_etanew.f90
5.94user 0.21system 0:06.17elapsed 99%CPU (0avgtext+0avgdata 152524maxresident)k
160inputs+1952outputs (0major+36794minor)pagefaults 0swaps
rm -f module_ra_hs.o
sed -e "s/^\!.*'.*//" -e "s/^ *\!.*'.*//" module_ra_hs.F > module_ra_hs.G
/lib/cpp -P -nostdinc -I/home/onishi/WRF/external/ioapi_share -I/home/onishi/WRF/inc -DEM_CORE=1 -DNMM_CORE=0 -DNMM_MAX_DIM=2600 -DDA_CORE=0 -DWRFPLUS=0 -DIWORDSIZE=4 -DDWORDSIZE=8 -DRWORDSIZE=4 -DLWORDSIZE=4 -DNONSTANDARD_SYSTEM_FUNC  -DWRF_USE_CLM -DUSE_NETCDF4_FEATURES -DWRFIO_NCD_LARGE_FILE_SUPPORT  -DDM_PARALLEL -DNETCDF -DGRIB2 -DHDF5 -DLANDREAD_STUB=1 -DUSE_ALLOCATABLES -Dwrfmodel -DGRIB1 -DINTIO -DKEEP_INT_AROUND -DLIMIT_ARGS -DBUILD_RRTMG_FAST=0 -DBUILD_RRTMK=0 -DBUILD_SBM_FAST=1 -DSHOW_ALL_VARS_USED=0 -DCONFIG_BUF_LEN=65536 -DMAX_DOMAINS_F=21 -DMAX_HISTORY=25 -DNMM_NEST=0 -DWRF_CHEM -DBUILD_CHEM=1 -DWRF_KPP -I. -traditional-cpp -DUSE_NETCDF4_FEATURES -DWRFIO_NCD_LARGE_FILE_SUPPORT   module_ra_hs.G  > module_ra_hs.bb
/home/onishi/WRF/tools/standard.exe module_ra_hs.bb | /lib/cpp -P -nostdinc -I/home/onishi/WRF/external/ioapi_share -traditional-cpp -DUSE_NETCDF4_FEATURES -DWRFIO_NCD_LARGE_FILE_SUPPORT > module_ra_hs.f90
rm -f module_ra_hs.G module_ra_hs.bb
time mpif90 -f90=ifort -o module_ra_hs.o -c -O3 -ip -fp-model precise -w -ftz -align all -fno-alias -FR -convert big_endian    -I../dyn_em  -I/home/onishi/WRF/external/esmf_time_f90  -I/home/onishi/WRF/main -I/home/onishi/WRF/external/io_netcdf -I/home/onishi/WRF/external/io_int -I/home/onishi/WRF/frame -I/home/onishi/WRF/share -I/home/onishi/WRF/phys -I/home/onishi/WRF/wrftladj -I/home/onishi/WRF/chem -I/home/onishi/WRF/inc -I/home/onishi/NETCDF_DIR2//include  -real-size `expr 8 \* 4` -i4  module_ra_hs.f90
0.05user 0.08system 0:00.14elapsed 91%CPU (0avgtext+0avgdata 46636maxresident)k
8inputs+168outputs (0major+7382minor)pagefaults 0swaps
rm -f module_ra_goddard.o
sed -e "s/^\!.*'.*//" -e "s/^ *\!.*'.*//" module_ra_goddard.F > module_ra_goddard.G
/lib/cpp -P -nostdinc -I/home/onishi/WRF/external/ioapi_share -I/home/onishi/WRF/inc -DEM_CORE=1 -DNMM_CORE=0 -DNMM_MAX_DIM=2600 -DDA_CORE=0 -DWRFPLUS=0 -DIWORDSIZE=4 -DDWORDSIZE=8 -DRWORDSIZE=4 -DLWORDSIZE=4 -DNONSTANDARD_SYSTEM_FUNC  -DWRF_USE_CLM -DUSE_NETCDF4_FEATURES -DWRFIO_NCD_LARGE_FILE_SUPPORT  -DDM_PARALLEL -DNETCDF -DGRIB2 -DHDF5 -DLANDREAD_STUB=1 -DUSE_ALLOCATABLES -Dwrfmodel -DGRIB1 -DINTIO -DKEEP_INT_AROUND -DLIMIT_ARGS -DBUILD_RRTMG_FAST=0 -DBUILD_RRTMK=0 -DBUILD_SBM_FAST=1 -DSHOW_ALL_VARS_USED=0 -DCONFIG_BUF_LEN=65536 -DMAX_DOMAINS_F=21 -DMAX_HISTORY=25 -DNMM_NEST=0 -DWRF_CHEM -DBUILD_CHEM=1 -DWRF_KPP -I. -traditional-cpp -DUSE_NETCDF4_FEATURES -DWRFIO_NCD_LARGE_FILE_SUPPORT   module_ra_goddard.G  > module_ra_goddard.bb
/home/onishi/WRF/tools/standard.exe module_ra_goddard.bb | /lib/cpp -P -nostdinc -I/home/onishi/WRF/external/ioapi_share -traditional-cpp -DUSE_NETCDF4_FEATURES -DWRFIO_NCD_LARGE_FILE_SUPPORT > module_ra_goddard.f90
rm -f module_ra_goddard.G module_ra_goddard.bb
time mpif90 -f90=ifort -o module_ra_goddard.o -c -O3 -ip -fp-model precise -w -ftz -align all -fno-alias -FR -convert big_endian    -I../dyn_em  -I/home/onishi/WRF/external/esmf_time_f90  -I/home/onishi/WRF/main -I/home/onishi/WRF/external/io_netcdf -I/home/onishi/WRF/external/io_int -I/home/onishi/WRF/frame -I/home/onishi/WRF/share -I/home/onishi/WRF/phys -I/home/onishi/WRF/wrftladj -I/home/onishi/WRF/chem -I/home/onishi/WRF/inc -I/home/onishi/NETCDF_DIR2//include  -real-size `expr 8 \* 4` -i4  module_ra_goddard.f90
2.06user 0.10system 0:02.18elapsed 99%CPU (0avgtext+0avgdata 104168maxresident)k
120inputs+896outputs (0major+23106minor)pagefaults 0swaps
rm -f module_ra_flg.o
sed -e "s/^\!.*'.*//" -e "s/^ *\!.*'.*//" module_ra_flg.F > module_ra_flg.G
/lib/cpp -P -nostdinc -I/home/onishi/WRF/external/ioapi_share -I/home/onishi/WRF/inc -DEM_CORE=1 -DNMM_CORE=0 -DNMM_MAX_DIM=2600 -DDA_CORE=0 -DWRFPLUS=0 -DIWORDSIZE=4 -DDWORDSIZE=8 -DRWORDSIZE=4 -DLWORDSIZE=4 -DNONSTANDARD_SYSTEM_FUNC  -DWRF_USE_CLM -DUSE_NETCDF4_FEATURES -DWRFIO_NCD_LARGE_FILE_SUPPORT  -DDM_PARALLEL -DNETCDF -DGRIB2 -DHDF5 -DLANDREAD_STUB=1 -DUSE_ALLOCATABLES -Dwrfmodel -DGRIB1 -DINTIO -DKEEP_INT_AROUND -DLIMIT_ARGS -DBUILD_RRTMG_FAST=0 -DBUILD_RRTMK=0 -DBUILD_SBM_FAST=1 -DSHOW_ALL_VARS_USED=0 -DCONFIG_BUF_LEN=65536 -DMAX_DOMAINS_F=21 -DMAX_HISTORY=25 -DNMM_NEST=0 -DWRF_CHEM -DBUILD_CHEM=1 -DWRF_KPP -I. -traditional-cpp -DUSE_NETCDF4_FEATURES -DWRFIO_NCD_LARGE_FILE_SUPPORT   module_ra_flg.G  > module_ra_flg.bb
/home/onishi/WRF/tools/standard.exe module_ra_flg.bb | /lib/cpp -P -nostdinc -I/home/onishi/WRF/external/ioapi_share -traditional-cpp -DUSE_NETCDF4_FEATURES -DWRFIO_NCD_LARGE_FILE_SUPPORT > module_ra_flg.f90
rm -f module_ra_flg.G module_ra_flg.bb
time mpif90 -f90=ifort -o module_ra_flg.o -c -O3 -ip -fp-model precise -w -ftz -align all -fno-alias -FR -convert big_endian    -I../dyn_em  -I/home/onishi/WRF/external/esmf_time_f90  -I/home/onishi/WRF/main -I/home/onishi/WRF/external/io_netcdf -I/home/onishi/WRF/external/io_int -I/home/onishi/WRF/frame -I/home/onishi/WRF/share -I/home/onishi/WRF/phys -I/home/onishi/WRF/wrftladj -I/home/onishi/WRF/chem -I/home/onishi/WRF/inc -I/home/onishi/NETCDF_DIR2//include  -real-size `expr 8 \* 4` -i4  module_ra_flg.f90
8.35user 0.22system 0:08.63elapsed 99%CPU (0avgtext+0avgdata 139160maxresident)k
1472inputs+4296outputs (0major+39151minor)pagefaults 0swaps
rm -f module_ra_eclipse.o
sed -e "s/^\!.*'.*//" -e "s/^ *\!.*'.*//" module_ra_eclipse.F > module_ra_eclipse.G
/lib/cpp -P -nostdinc -I/home/onishi/WRF/external/ioapi_share -I/home/onishi/WRF/inc -DEM_CORE=1 -DNMM_CORE=0 -DNMM_MAX_DIM=2600 -DDA_CORE=0 -DWRFPLUS=0 -DIWORDSIZE=4 -DDWORDSIZE=8 -DRWORDSIZE=4 -DLWORDSIZE=4 -DNONSTANDARD_SYSTEM_FUNC  -DWRF_USE_CLM -DUSE_NETCDF4_FEATURES -DWRFIO_NCD_LARGE_FILE_SUPPORT  -DDM_PARALLEL -DNETCDF -DGRIB2 -DHDF5 -DLANDREAD_STUB=1 -DUSE_ALLOCATABLES -Dwrfmodel -DGRIB1 -DINTIO -DKEEP_INT_AROUND -DLIMIT_ARGS -DBUILD_RRTMG_FAST=0 -DBUILD_RRTMK=0 -DBUILD_SBM_FAST=1 -DSHOW_ALL_VARS_USED=0 -DCONFIG_BUF_LEN=65536 -DMAX_DOMAINS_F=21 -DMAX_HISTORY=25 -DNMM_NEST=0 -DWRF_CHEM -DBUILD_CHEM=1 -DWRF_KPP -I. -traditional-cpp -DUSE_NETCDF4_FEATURES -DWRFIO_NCD_LARGE_FILE_SUPPORT   module_ra_eclipse.G  > module_ra_eclipse.bb
/home/onishi/WRF/tools/standard.exe module_ra_eclipse.bb | /lib/cpp -P -nostdinc -I/home/onishi/WRF/external/ioapi_share -traditional-cpp -DUSE_NETCDF4_FEATURES -DWRFIO_NCD_LARGE_FILE_SUPPORT > module_ra_eclipse.f90
rm -f module_ra_eclipse.G module_ra_eclipse.bb
time mpif90 -f90=ifort -o module_ra_eclipse.o -c -O3 -ip -fp-model precise -w -ftz -align all -fno-alias -FR -convert big_endian    -I../dyn_em  -I/home/onishi/WRF/external/esmf_time_f90  -I/home/onishi/WRF/main -I/home/onishi/WRF/external/io_netcdf -I/home/onishi/WRF/external/io_int -I/home/onishi/WRF/frame -I/home/onishi/WRF/share -I/home/onishi/WRF/phys -I/home/onishi/WRF/wrftladj -I/home/onishi/WRF/chem -I/home/onishi/WRF/inc -I/home/onishi/NETCDF_DIR2//include  -real-size `expr 8 \* 4` -i4  module_ra_eclipse.f90
0.27user 0.08system 0:00.39elapsed 92%CPU (0avgtext+0avgdata 62960maxresident)k
24inputs+304outputs (0major+12018minor)pagefaults 0swaps
rm -f module_ra_aerosol.o
sed -e "s/^\!.*'.*//" -e "s/^ *\!.*'.*//" module_ra_aerosol.F > module_ra_aerosol.G
/lib/cpp -P -nostdinc -I/home/onishi/WRF/external/ioapi_share -I/home/onishi/WRF/inc -DEM_CORE=1 -DNMM_CORE=0 -DNMM_MAX_DIM=2600 -DDA_CORE=0 -DWRFPLUS=0 -DIWORDSIZE=4 -DDWORDSIZE=8 -DRWORDSIZE=4 -DLWORDSIZE=4 -DNONSTANDARD_SYSTEM_FUNC  -DWRF_USE_CLM -DUSE_NETCDF4_FEATURES -DWRFIO_NCD_LARGE_FILE_SUPPORT  -DDM_PARALLEL -DNETCDF -DGRIB2 -DHDF5 -DLANDREAD_STUB=1 -DUSE_ALLOCATABLES -Dwrfmodel -DGRIB1 -DINTIO -DKEEP_INT_AROUND -DLIMIT_ARGS -DBUILD_RRTMG_FAST=0 -DBUILD_RRTMK=0 -DBUILD_SBM_FAST=1 -DSHOW_ALL_VARS_USED=0 -DCONFIG_BUF_LEN=65536 -DMAX_DOMAINS_F=21 -DMAX_HISTORY=25 -DNMM_NEST=0 -DWRF_CHEM -DBUILD_CHEM=1 -DWRF_KPP -I. -traditional-cpp -DUSE_NETCDF4_FEATURES -DWRFIO_NCD_LARGE_FILE_SUPPORT   module_ra_aerosol.G  > module_ra_aerosol.bb
/home/onishi/WRF/tools/standard.exe module_ra_aerosol.bb | /lib/cpp -P -nostdinc -I/home/onishi/WRF/external/ioapi_share -traditional-cpp -DUSE_NETCDF4_FEATURES -DWRFIO_NCD_LARGE_FILE_SUPPORT > module_ra_aerosol.f90
rm -f module_ra_aerosol.G module_ra_aerosol.bb
time mpif90 -f90=ifort -o module_ra_aerosol.o -c -O3 -ip -fp-model precise -w -ftz -align all -fno-alias -FR -convert big_endian    -I../dyn_em  -I/home/onishi/WRF/external/esmf_time_f90  -I/home/onishi/WRF/main -I/home/onishi/WRF/external/io_netcdf -I/home/onishi/WRF/external/io_int -I/home/onishi/WRF/frame -I/home/onishi/WRF/share -I/home/onishi/WRF/phys -I/home/onishi/WRF/wrftladj -I/home/onishi/WRF/chem -I/home/onishi/WRF/inc -I/home/onishi/NETCDF_DIR2//include  -real-size `expr 8 \* 4` -i4  module_ra_aerosol.f90
3.24user 0.14system 0:03.40elapsed 99%CPU (0avgtext+0avgdata 123272maxresident)k
128inputs+1352outputs (0major+29787minor)pagefaults 0swaps
rm -f module_mp_radar.o
sed -e "s/^\!.*'.*//" -e "s/^ *\!.*'.*//" module_mp_radar.F > module_mp_radar.G
/lib/cpp -P -nostdinc -I/home/onishi/WRF/external/ioapi_share -I/home/onishi/WRF/inc -DEM_CORE=1 -DNMM_CORE=0 -DNMM_MAX_DIM=2600 -DDA_CORE=0 -DWRFPLUS=0 -DIWORDSIZE=4 -DDWORDSIZE=8 -DRWORDSIZE=4 -DLWORDSIZE=4 -DNONSTANDARD_SYSTEM_FUNC  -DWRF_USE_CLM -DUSE_NETCDF4_FEATURES -DWRFIO_NCD_LARGE_FILE_SUPPORT  -DDM_PARALLEL -DNETCDF -DGRIB2 -DHDF5 -DLANDREAD_STUB=1 -DUSE_ALLOCATABLES -Dwrfmodel -DGRIB1 -DINTIO -DKEEP_INT_AROUND -DLIMIT_ARGS -DBUILD_RRTMG_FAST=0 -DBUILD_RRTMK=0 -DBUILD_SBM_FAST=1 -DSHOW_ALL_VARS_USED=0 -DCONFIG_BUF_LEN=65536 -DMAX_DOMAINS_F=21 -DMAX_HISTORY=25 -DNMM_NEST=0 -DWRF_CHEM -DBUILD_CHEM=1 -DWRF_KPP -I. -traditional-cpp -DUSE_NETCDF4_FEATURES -DWRFIO_NCD_LARGE_FILE_SUPPORT   module_mp_radar.G  > module_mp_radar.bb
/home/onishi/WRF/tools/standard.exe module_mp_radar.bb | /lib/cpp -P -nostdinc -I/home/onishi/WRF/external/ioapi_share -traditional-cpp -DUSE_NETCDF4_FEATURES -DWRFIO_NCD_LARGE_FILE_SUPPORT > module_mp_radar.f90
rm -f module_mp_radar.G module_mp_radar.bb
time mpif90 -f90=ifort -o module_mp_radar.o -c -O3 -ip -fp-model precise -w -ftz -align all -fno-alias -FR -convert big_endian    -I../dyn_em  -I/home/onishi/WRF/external/esmf_time_f90  -I/home/onishi/WRF/main -I/home/onishi/WRF/external/io_netcdf -I/home/onishi/WRF/external/io_int -I/home/onishi/WRF/frame -I/home/onishi/WRF/share -I/home/onishi/WRF/phys -I/home/onishi/WRF/wrftladj -I/home/onishi/WRF/chem -I/home/onishi/WRF/inc -I/home/onishi/NETCDF_DIR2//include  -real-size `expr 8 \* 4` -i4  module_mp_radar.f90
0.39user 0.09system 0:00.52elapsed 92%CPU (0avgtext+0avgdata 59616maxresident)k
40inputs+512outputs (0major+12759minor)pagefaults 0swaps
rm -f module_mp_kessler.o
sed -e "s/^\!.*'.*//" -e "s/^ *\!.*'.*//" module_mp_kessler.F > module_mp_kessler.G
/lib/cpp -P -nostdinc -I/home/onishi/WRF/external/ioapi_share -I/home/onishi/WRF/inc -DEM_CORE=1 -DNMM_CORE=0 -DNMM_MAX_DIM=2600 -DDA_CORE=0 -DWRFPLUS=0 -DIWORDSIZE=4 -DDWORDSIZE=8 -DRWORDSIZE=4 -DLWORDSIZE=4 -DNONSTANDARD_SYSTEM_FUNC  -DWRF_USE_CLM -DUSE_NETCDF4_FEATURES -DWRFIO_NCD_LARGE_FILE_SUPPORT  -DDM_PARALLEL -DNETCDF -DGRIB2 -DHDF5 -DLANDREAD_STUB=1 -DUSE_ALLOCATABLES -Dwrfmodel -DGRIB1 -DINTIO -DKEEP_INT_AROUND -DLIMIT_ARGS -DBUILD_RRTMG_FAST=0 -DBUILD_RRTMK=0 -DBUILD_SBM_FAST=1 -DSHOW_ALL_VARS_USED=0 -DCONFIG_BUF_LEN=65536 -DMAX_DOMAINS_F=21 -DMAX_HISTORY=25 -DNMM_NEST=0 -DWRF_CHEM -DBUILD_CHEM=1 -DWRF_KPP -I. -traditional-cpp -DUSE_NETCDF4_FEATURES -DWRFIO_NCD_LARGE_FILE_SUPPORT   module_mp_kessler.G  > module_mp_kessler.bb
/home/onishi/WRF/tools/standard.exe module_mp_kessler.bb | /lib/cpp -P -nostdinc -I/home/onishi/WRF/external/ioapi_share -traditional-cpp -DUSE_NETCDF4_FEATURES -DWRFIO_NCD_LARGE_FILE_SUPPORT > module_mp_kessler.f90
rm -f module_mp_kessler.G module_mp_kessler.bb
time mpif90 -f90=ifort -o module_mp_kessler.o -c -O3 -ip -fp-model precise -w -ftz -align all -fno-alias -FR -convert big_endian    -I../dyn_em  -I/home/onishi/WRF/external/esmf_time_f90  -I/home/onishi/WRF/main -I/home/onishi/WRF/external/io_netcdf -I/home/onishi/WRF/external/io_int -I/home/onishi/WRF/frame -I/home/onishi/WRF/share -I/home/onishi/WRF/phys -I/home/onishi/WRF/wrftladj -I/home/onishi/WRF/chem -I/home/onishi/WRF/inc -I/home/onishi/NETCDF_DIR2//include  -real-size `expr 8 \* 4` -i4  module_mp_kessler.f90
0.24user 0.07system 0:00.33elapsed 96%CPU (0avgtext+0avgdata 59120maxresident)k
16inputs+224outputs (0major+10460minor)pagefaults 0swaps
rm -f module_mp_lin.o
sed -e "s/^\!.*'.*//" -e "s/^ *\!.*'.*//" module_mp_lin.F > module_mp_lin.G
/lib/cpp -P -nostdinc -I/home/onishi/WRF/external/ioapi_share -I/home/onishi/WRF/inc -DEM_CORE=1 -DNMM_CORE=0 -DNMM_MAX_DIM=2600 -DDA_CORE=0 -DWRFPLUS=0 -DIWORDSIZE=4 -DDWORDSIZE=8 -DRWORDSIZE=4 -DLWORDSIZE=4 -DNONSTANDARD_SYSTEM_FUNC  -DWRF_USE_CLM -DUSE_NETCDF4_FEATURES -DWRFIO_NCD_LARGE_FILE_SUPPORT  -DDM_PARALLEL -DNETCDF -DGRIB2 -DHDF5 -DLANDREAD_STUB=1 -DUSE_ALLOCATABLES -Dwrfmodel -DGRIB1 -DINTIO -DKEEP_INT_AROUND -DLIMIT_ARGS -DBUILD_RRTMG_FAST=0 -DBUILD_RRTMK=0 -DBUILD_SBM_FAST=1 -DSHOW_ALL_VARS_USED=0 -DCONFIG_BUF_LEN=65536 -DMAX_DOMAINS_F=21 -DMAX_HISTORY=25 -DNMM_NEST=0 -DWRF_CHEM -DBUILD_CHEM=1 -DWRF_KPP -I. -traditional-cpp -DUSE_NETCDF4_FEATURES -DWRFIO_NCD_LARGE_FILE_SUPPORT   module_mp_lin.G  > module_mp_lin.bb
/home/onishi/WRF/tools/standard.exe module_mp_lin.bb | /lib/cpp -P -nostdinc -I/home/onishi/WRF/external/ioapi_share -traditional-cpp -DUSE_NETCDF4_FEATURES -DWRFIO_NCD_LARGE_FILE_SUPPORT > module_mp_lin.f90
rm -f module_mp_lin.G module_mp_lin.bb
time mpif90 -f90=ifort -o module_mp_lin.o -c -O3 -ip -fp-model precise -w -ftz -align all -fno-alias -FR -convert big_endian    -I../dyn_em  -I/home/onishi/WRF/external/esmf_time_f90  -I/home/onishi/WRF/main -I/home/onishi/WRF/external/io_netcdf -I/home/onishi/WRF/external/io_int -I/home/onishi/WRF/frame -I/home/onishi/WRF/share -I/home/onishi/WRF/phys -I/home/onishi/WRF/wrftladj -I/home/onishi/WRF/chem -I/home/onishi/WRF/inc -I/home/onishi/NETCDF_DIR2//include  -real-size `expr 8 \* 4` -i4  module_mp_lin.f90
2.62user 0.18system 0:02.83elapsed 99%CPU (0avgtext+0avgdata 125352maxresident)k
152inputs+1328outputs (0major+35877minor)pagefaults 0swaps
rm -f module_mp_sbu_ylin.o
sed -e "s/^\!.*'.*//" -e "s/^ *\!.*'.*//" module_mp_sbu_ylin.F > module_mp_sbu_ylin.G
/lib/cpp -P -nostdinc -I/home/onishi/WRF/external/ioapi_share -I/home/onishi/WRF/inc -DEM_CORE=1 -DNMM_CORE=0 -DNMM_MAX_DIM=2600 -DDA_CORE=0 -DWRFPLUS=0 -DIWORDSIZE=4 -DDWORDSIZE=8 -DRWORDSIZE=4 -DLWORDSIZE=4 -DNONSTANDARD_SYSTEM_FUNC  -DWRF_USE_CLM -DUSE_NETCDF4_FEATURES -DWRFIO_NCD_LARGE_FILE_SUPPORT  -DDM_PARALLEL -DNETCDF -DGRIB2 -DHDF5 -DLANDREAD_STUB=1 -DUSE_ALLOCATABLES -Dwrfmodel -DGRIB1 -DINTIO -DKEEP_INT_AROUND -DLIMIT_ARGS -DBUILD_RRTMG_FAST=0 -DBUILD_RRTMK=0 -DBUILD_SBM_FAST=1 -DSHOW_ALL_VARS_USED=0 -DCONFIG_BUF_LEN=65536 -DMAX_DOMAINS_F=21 -DMAX_HISTORY=25 -DNMM_NEST=0 -DWRF_CHEM -DBUILD_CHEM=1 -DWRF_KPP -I. -traditional-cpp -DUSE_NETCDF4_FEATURES -DWRFIO_NCD_LARGE_FILE_SUPPORT   module_mp_sbu_ylin.G  > module_mp_sbu_ylin.bb
/home/onishi/WRF/tools/standard.exe module_mp_sbu_ylin.bb | /lib/cpp -P -nostdinc -I/home/onishi/WRF/external/ioapi_share -traditional-cpp -DUSE_NETCDF4_FEATURES -DWRFIO_NCD_LARGE_FILE_SUPPORT > module_mp_sbu_ylin.f90
rm -f module_mp_sbu_ylin.G module_mp_sbu_ylin.bb
time mpif90 -f90=ifort -o module_mp_sbu_ylin.o -c -O3 -ip -fp-model precise -w -ftz -align all -fno-alias -FR -convert big_endian    -I../dyn_em  -I/home/onishi/WRF/external/esmf_time_f90  -I/home/onishi/WRF/main -I/home/onishi/WRF/external/io_netcdf -I/home/onishi/WRF/external/io_int -I/home/onishi/WRF/frame -I/home/onishi/WRF/share -I/home/onishi/WRF/phys -I/home/onishi/WRF/wrftladj -I/home/onishi/WRF/chem -I/home/onishi/WRF/inc -I/home/onishi/NETCDF_DIR2//include  -real-size `expr 8 \* 4` -i4  module_mp_sbu_ylin.f90
1.49user 0.15system 0:01.69elapsed 97%CPU (0avgtext+0avgdata 116216maxresident)k
88inputs+904outputs (0major+28383minor)pagefaults 0swaps
rm -f module_mp_wsm3.o
sed -e "s/^\!.*'.*//" -e "s/^ *\!.*'.*//" module_mp_wsm3.F > module_mp_wsm3.G
/lib/cpp -P -nostdinc -I/home/onishi/WRF/external/ioapi_share -I/home/onishi/WRF/inc -DEM_CORE=1 -DNMM_CORE=0 -DNMM_MAX_DIM=2600 -DDA_CORE=0 -DWRFPLUS=0 -DIWORDSIZE=4 -DDWORDSIZE=8 -DRWORDSIZE=4 -DLWORDSIZE=4 -DNONSTANDARD_SYSTEM_FUNC  -DWRF_USE_CLM -DUSE_NETCDF4_FEATURES -DWRFIO_NCD_LARGE_FILE_SUPPORT  -DDM_PARALLEL -DNETCDF -DGRIB2 -DHDF5 -DLANDREAD_STUB=1 -DUSE_ALLOCATABLES -Dwrfmodel -DGRIB1 -DINTIO -DKEEP_INT_AROUND -DLIMIT_ARGS -DBUILD_RRTMG_FAST=0 -DBUILD_RRTMK=0 -DBUILD_SBM_FAST=1 -DSHOW_ALL_VARS_USED=0 -DCONFIG_BUF_LEN=65536 -DMAX_DOMAINS_F=21 -DMAX_HISTORY=25 -DNMM_NEST=0 -DWRF_CHEM -DBUILD_CHEM=1 -DWRF_KPP -I. -traditional-cpp -DUSE_NETCDF4_FEATURES -DWRFIO_NCD_LARGE_FILE_SUPPORT   module_mp_wsm3.G  > module_mp_wsm3.bb
/home/onishi/WRF/tools/standard.exe module_mp_wsm3.bb | /lib/cpp -P -nostdinc -I/home/onishi/WRF/external/ioapi_share -traditional-cpp -DUSE_NETCDF4_FEATURES -DWRFIO_NCD_LARGE_FILE_SUPPORT > module_mp_wsm3.f90
rm -f module_mp_wsm3.G module_mp_wsm3.bb
time mpif90 -f90=ifort -o module_mp_wsm3.o -c -O3 -ip -fp-model precise -w -ftz -align all -fno-alias -FR -convert big_endian    -I../dyn_em  -I/home/onishi/WRF/external/esmf_time_f90  -I/home/onishi/WRF/main -I/home/onishi/WRF/external/io_netcdf -I/home/onishi/WRF/external/io_int -I/home/onishi/WRF/frame -I/home/onishi/WRF/share -I/home/onishi/WRF/phys -I/home/onishi/WRF/wrftladj -I/home/onishi/WRF/chem -I/home/onishi/WRF/inc -I/home/onishi/NETCDF_DIR2//include  -real-size `expr 8 \* 4` -i4  module_mp_wsm3.f90
19.12user 0.69system 0:19.84elapsed 99%CPU (0avgtext+0avgdata 580668maxresident)k
1000inputs+5336outputs (0major+157114minor)pagefaults 0swaps
rm -f module_mp_wsm5.o
sed -e "s/^\!.*'.*//" -e "s/^ *\!.*'.*//" module_mp_wsm5.F > module_mp_wsm5.G
/lib/cpp -P -nostdinc -I/home/onishi/WRF/external/ioapi_share -I/home/onishi/WRF/inc -DEM_CORE=1 -DNMM_CORE=0 -DNMM_MAX_DIM=2600 -DDA_CORE=0 -DWRFPLUS=0 -DIWORDSIZE=4 -DDWORDSIZE=8 -DRWORDSIZE=4 -DLWORDSIZE=4 -DNONSTANDARD_SYSTEM_FUNC  -DWRF_USE_CLM -DUSE_NETCDF4_FEATURES -DWRFIO_NCD_LARGE_FILE_SUPPORT  -DDM_PARALLEL -DNETCDF -DGRIB2 -DHDF5 -DLANDREAD_STUB=1 -DUSE_ALLOCATABLES -Dwrfmodel -DGRIB1 -DINTIO -DKEEP_INT_AROUND -DLIMIT_ARGS -DBUILD_RRTMG_FAST=0 -DBUILD_RRTMK=0 -DBUILD_SBM_FAST=1 -DSHOW_ALL_VARS_USED=0 -DCONFIG_BUF_LEN=65536 -DMAX_DOMAINS_F=21 -DMAX_HISTORY=25 -DNMM_NEST=0 -DWRF_CHEM -DBUILD_CHEM=1 -DWRF_KPP -I. -traditional-cpp -DUSE_NETCDF4_FEATURES -DWRFIO_NCD_LARGE_FILE_SUPPORT   module_mp_wsm5.G  > module_mp_wsm5.bb
/home/onishi/WRF/tools/standard.exe module_mp_wsm5.bb | /lib/cpp -P -nostdinc -I/home/onishi/WRF/external/ioapi_share -traditional-cpp -DUSE_NETCDF4_FEATURES -DWRFIO_NCD_LARGE_FILE_SUPPORT > module_mp_wsm5.f90
rm -f module_mp_wsm5.G module_mp_wsm5.bb
time mpif90 -f90=ifort -o module_mp_wsm5.o -c -O3 -ip -fp-model precise -w -ftz -align all -fno-alias -FR -convert big_endian    -I../dyn_em  -I/home/onishi/WRF/external/esmf_time_f90  -I/home/onishi/WRF/main -I/home/onishi/WRF/external/io_netcdf -I/home/onishi/WRF/external/io_int -I/home/onishi/WRF/frame -I/home/onishi/WRF/share -I/home/onishi/WRF/phys -I/home/onishi/WRF/wrftladj -I/home/onishi/WRF/chem -I/home/onishi/WRF/inc -I/home/onishi/NETCDF_DIR2//include  -real-size `expr 8 \* 4` -i4  module_mp_wsm5.f90
2.71user 0.16system 0:02.90elapsed 98%CPU (0avgtext+0avgdata 133024maxresident)k
104inputs+1160outputs (0major+30513minor)pagefaults 0swaps
rm -f physics_mmm/mp_radar.o
sed -e "s/^\!.*'.*//" -e "s/^ *\!.*'.*//" physics_mmm/mp_radar.F90 > physics_mmm/mp_radar.G
/lib/cpp -P -nostdinc -I/home/onishi/WRF/external/ioapi_share -I/home/onishi/WRF/inc -DEM_CORE=1 -DNMM_CORE=0 -DNMM_MAX_DIM=2600 -DDA_CORE=0 -DWRFPLUS=0 -DIWORDSIZE=4 -DDWORDSIZE=8 -DRWORDSIZE=4 -DLWORDSIZE=4 -DNONSTANDARD_SYSTEM_FUNC  -DWRF_USE_CLM -DUSE_NETCDF4_FEATURES -DWRFIO_NCD_LARGE_FILE_SUPPORT  -DDM_PARALLEL -DNETCDF -DGRIB2 -DHDF5 -DLANDREAD_STUB=1 -DUSE_ALLOCATABLES -Dwrfmodel -DGRIB1 -DINTIO -DKEEP_INT_AROUND -DLIMIT_ARGS -DBUILD_RRTMG_FAST=0 -DBUILD_RRTMK=0 -DBUILD_SBM_FAST=1 -DSHOW_ALL_VARS_USED=0 -DCONFIG_BUF_LEN=65536 -DMAX_DOMAINS_F=21 -DMAX_HISTORY=25 -DNMM_NEST=0 -DWRF_CHEM -DBUILD_CHEM=1 -DWRF_KPP -I. -traditional-cpp -DUSE_NETCDF4_FEATURES -DWRFIO_NCD_LARGE_FILE_SUPPORT   physics_mmm/mp_radar.G  > physics_mmm/mp_radar.bb
/home/onishi/WRF/tools/standard.exe physics_mmm/mp_radar.bb | /lib/cpp -P -nostdinc -I/home/onishi/WRF/external/ioapi_share -traditional-cpp -DUSE_NETCDF4_FEATURES -DWRFIO_NCD_LARGE_FILE_SUPPORT > physics_mmm/mp_radar.f90
rm -f physics_mmm/mp_radar.G physics_mmm/mp_radar.bb
time mpif90 -f90=ifort -o physics_mmm/mp_radar.o -c -O3 -ip -fp-model precise -w -ftz -align all -fno-alias -FR -convert big_endian    -I../dyn_em  -I/home/onishi/WRF/external/esmf_time_f90  -I/home/onishi/WRF/main -I/home/onishi/WRF/external/io_netcdf -I/home/onishi/WRF/external/io_int -I/home/onishi/WRF/frame -I/home/onishi/WRF/share -I/home/onishi/WRF/phys -I/home/onishi/WRF/wrftladj -I/home/onishi/WRF/chem -I/home/onishi/WRF/inc -I/home/onishi/NETCDF_DIR2//include  -real-size `expr 8 \* 4` -i4  physics_mmm/mp_radar.f90
0.40user 0.08system 0:00.51elapsed 94%CPU (0avgtext+0avgdata 60584maxresident)k
40inputs+504outputs (0major+11482minor)pagefaults 0swaps
rm -f physics_mmm/module_libmassv.o
sed -e "s/^\!.*'.*//" -e "s/^ *\!.*'.*//" physics_mmm/module_libmassv.F90 > physics_mmm/module_libmassv.G
/lib/cpp -P -nostdinc -I/home/onishi/WRF/external/ioapi_share -I/home/onishi/WRF/inc -DEM_CORE=1 -DNMM_CORE=0 -DNMM_MAX_DIM=2600 -DDA_CORE=0 -DWRFPLUS=0 -DIWORDSIZE=4 -DDWORDSIZE=8 -DRWORDSIZE=4 -DLWORDSIZE=4 -DNONSTANDARD_SYSTEM_FUNC  -DWRF_USE_CLM -DUSE_NETCDF4_FEATURES -DWRFIO_NCD_LARGE_FILE_SUPPORT  -DDM_PARALLEL -DNETCDF -DGRIB2 -DHDF5 -DLANDREAD_STUB=1 -DUSE_ALLOCATABLES -Dwrfmodel -DGRIB1 -DINTIO -DKEEP_INT_AROUND -DLIMIT_ARGS -DBUILD_RRTMG_FAST=0 -DBUILD_RRTMK=0 -DBUILD_SBM_FAST=1 -DSHOW_ALL_VARS_USED=0 -DCONFIG_BUF_LEN=65536 -DMAX_DOMAINS_F=21 -DMAX_HISTORY=25 -DNMM_NEST=0 -DWRF_CHEM -DBUILD_CHEM=1 -DWRF_KPP -I. -traditional-cpp -DUSE_NETCDF4_FEATURES -DWRFIO_NCD_LARGE_FILE_SUPPORT   physics_mmm/module_libmassv.G  > physics_mmm/module_libmassv.bb
/home/onishi/WRF/tools/standard.exe physics_mmm/module_libmassv.bb | /lib/cpp -P -nostdinc -I/home/onishi/WRF/external/ioapi_share -traditional-cpp -DUSE_NETCDF4_FEATURES -DWRFIO_NCD_LARGE_FILE_SUPPORT > physics_mmm/module_libmassv.f90
rm -f physics_mmm/module_libmassv.G physics_mmm/module_libmassv.bb
time mpif90 -f90=ifort -o physics_mmm/module_libmassv.o -c -O3 -ip -fp-model precise -w -ftz -align all -fno-alias -FR -convert big_endian    -I../dyn_em  -I/home/onishi/WRF/external/esmf_time_f90  -I/home/onishi/WRF/main -I/home/onishi/WRF/external/io_netcdf -I/home/onishi/WRF/external/io_int -I/home/onishi/WRF/frame -I/home/onishi/WRF/share -I/home/onishi/WRF/phys -I/home/onishi/WRF/wrftladj -I/home/onishi/WRF/chem -I/home/onishi/WRF/inc -I/home/onishi/NETCDF_DIR2//include  -real-size `expr 8 \* 4` -i4  physics_mmm/module_libmassv.f90
0.07user 0.06system 0:00.15elapsed 92%CPU (0avgtext+0avgdata 45924maxresident)k
8inputs+104outputs (0major+7159minor)pagefaults 0swaps
rm -f module_mp_wsm6r.o
sed -e "s/^\!.*'.*//" -e "s/^ *\!.*'.*//" module_mp_wsm6r.F > module_mp_wsm6r.G
/lib/cpp -P -nostdinc -I/home/onishi/WRF/external/ioapi_share -I/home/onishi/WRF/inc -DEM_CORE=1 -DNMM_CORE=0 -DNMM_MAX_DIM=2600 -DDA_CORE=0 -DWRFPLUS=0 -DIWORDSIZE=4 -DDWORDSIZE=8 -DRWORDSIZE=4 -DLWORDSIZE=4 -DNONSTANDARD_SYSTEM_FUNC  -DWRF_USE_CLM -DUSE_NETCDF4_FEATURES -DWRFIO_NCD_LARGE_FILE_SUPPORT  -DDM_PARALLEL -DNETCDF -DGRIB2 -DHDF5 -DLANDREAD_STUB=1 -DUSE_ALLOCATABLES -Dwrfmodel -DGRIB1 -DINTIO -DKEEP_INT_AROUND -DLIMIT_ARGS -DBUILD_RRTMG_FAST=0 -DBUILD_RRTMK=0 -DBUILD_SBM_FAST=1 -DSHOW_ALL_VARS_USED=0 -DCONFIG_BUF_LEN=65536 -DMAX_DOMAINS_F=21 -DMAX_HISTORY=25 -DNMM_NEST=0 -DWRF_CHEM -DBUILD_CHEM=1 -DWRF_KPP -I. -traditional-cpp -DUSE_NETCDF4_FEATURES -DWRFIO_NCD_LARGE_FILE_SUPPORT   module_mp_wsm6r.G  > module_mp_wsm6r.bb
/home/onishi/WRF/tools/standard.exe module_mp_wsm6r.bb | /lib/cpp -P -nostdinc -I/home/onishi/WRF/external/ioapi_share -traditional-cpp -DUSE_NETCDF4_FEATURES -DWRFIO_NCD_LARGE_FILE_SUPPORT > module_mp_wsm6r.f90
rm -f module_mp_wsm6r.G module_mp_wsm6r.bb
time mpif90 -f90=ifort -o module_mp_wsm6r.o -c -O3 -ip -fp-model precise -w -ftz -align all -fno-alias -FR -convert big_endian    -I../dyn_em  -I/home/onishi/WRF/external/esmf_time_f90  -I/home/onishi/WRF/main -I/home/onishi/WRF/external/io_netcdf -I/home/onishi/WRF/external/io_int -I/home/onishi/WRF/frame -I/home/onishi/WRF/share -I/home/onishi/WRF/phys -I/home/onishi/WRF/wrftladj -I/home/onishi/WRF/chem -I/home/onishi/WRF/inc -I/home/onishi/NETCDF_DIR2//include  -real-size `expr 8 \* 4` -i4  module_mp_wsm6r.f90
3.99user 0.18system 0:04.20elapsed 99%CPU (0avgtext+0avgdata 158180maxresident)k
120inputs+1464outputs (0major+38671minor)pagefaults 0swaps
rm -f module_mp_wsm7.o
sed -e "s/^\!.*'.*//" -e "s/^ *\!.*'.*//" module_mp_wsm7.F > module_mp_wsm7.G
/lib/cpp -P -nostdinc -I/home/onishi/WRF/external/ioapi_share -I/home/onishi/WRF/inc -DEM_CORE=1 -DNMM_CORE=0 -DNMM_MAX_DIM=2600 -DDA_CORE=0 -DWRFPLUS=0 -DIWORDSIZE=4 -DDWORDSIZE=8 -DRWORDSIZE=4 -DLWORDSIZE=4 -DNONSTANDARD_SYSTEM_FUNC  -DWRF_USE_CLM -DUSE_NETCDF4_FEATURES -DWRFIO_NCD_LARGE_FILE_SUPPORT  -DDM_PARALLEL -DNETCDF -DGRIB2 -DHDF5 -DLANDREAD_STUB=1 -DUSE_ALLOCATABLES -Dwrfmodel -DGRIB1 -DINTIO -DKEEP_INT_AROUND -DLIMIT_ARGS -DBUILD_RRTMG_FAST=0 -DBUILD_RRTMK=0 -DBUILD_SBM_FAST=1 -DSHOW_ALL_VARS_USED=0 -DCONFIG_BUF_LEN=65536 -DMAX_DOMAINS_F=21 -DMAX_HISTORY=25 -DNMM_NEST=0 -DWRF_CHEM -DBUILD_CHEM=1 -DWRF_KPP -I. -traditional-cpp -DUSE_NETCDF4_FEATURES -DWRFIO_NCD_LARGE_FILE_SUPPORT   module_mp_wsm7.G  > module_mp_wsm7.bb
/home/onishi/WRF/tools/standard.exe module_mp_wsm7.bb | /lib/cpp -P -nostdinc -I/home/onishi/WRF/external/ioapi_share -traditional-cpp -DUSE_NETCDF4_FEATURES -DWRFIO_NCD_LARGE_FILE_SUPPORT > module_mp_wsm7.f90
rm -f module_mp_wsm7.G module_mp_wsm7.bb
time mpif90 -f90=ifort -o module_mp_wsm7.o -c -O3 -ip -fp-model precise -w -ftz -align all -fno-alias -FR -convert big_endian    -I../dyn_em  -I/home/onishi/WRF/external/esmf_time_f90  -I/home/onishi/WRF/main -I/home/onishi/WRF/external/io_netcdf -I/home/onishi/WRF/external/io_int -I/home/onishi/WRF/frame -I/home/onishi/WRF/share -I/home/onishi/WRF/phys -I/home/onishi/WRF/wrftladj -I/home/onishi/WRF/chem -I/home/onishi/WRF/inc -I/home/onishi/NETCDF_DIR2//include  -real-size `expr 8 \* 4` -i4  module_mp_wsm7.f90
2.73user 0.12system 0:02.87elapsed 99%CPU (0avgtext+0avgdata 92600maxresident)k
120inputs+1864outputs (0major+21436minor)pagefaults 0swaps
rm -f module_mp_fer_hires.o
sed -e "s/^\!.*'.*//" -e "s/^ *\!.*'.*//" module_mp_fer_hires.F > module_mp_fer_hires.G
/lib/cpp -P -nostdinc -I/home/onishi/WRF/external/ioapi_share -I/home/onishi/WRF/inc -DEM_CORE=1 -DNMM_CORE=0 -DNMM_MAX_DIM=2600 -DDA_CORE=0 -DWRFPLUS=0 -DIWORDSIZE=4 -DDWORDSIZE=8 -DRWORDSIZE=4 -DLWORDSIZE=4 -DNONSTANDARD_SYSTEM_FUNC  -DWRF_USE_CLM -DUSE_NETCDF4_FEATURES -DWRFIO_NCD_LARGE_FILE_SUPPORT  -DDM_PARALLEL -DNETCDF -DGRIB2 -DHDF5 -DLANDREAD_STUB=1 -DUSE_ALLOCATABLES -Dwrfmodel -DGRIB1 -DINTIO -DKEEP_INT_AROUND -DLIMIT_ARGS -DBUILD_RRTMG_FAST=0 -DBUILD_RRTMK=0 -DBUILD_SBM_FAST=1 -DSHOW_ALL_VARS_USED=0 -DCONFIG_BUF_LEN=65536 -DMAX_DOMAINS_F=21 -DMAX_HISTORY=25 -DNMM_NEST=0 -DWRF_CHEM -DBUILD_CHEM=1 -DWRF_KPP -I. -traditional-cpp -DUSE_NETCDF4_FEATURES -DWRFIO_NCD_LARGE_FILE_SUPPORT   module_mp_fer_hires.G  > module_mp_fer_hires.bb
/home/onishi/WRF/tools/standard.exe module_mp_fer_hires.bb | /lib/cpp -P -nostdinc -I/home/onishi/WRF/external/ioapi_share -traditional-cpp -DUSE_NETCDF4_FEATURES -DWRFIO_NCD_LARGE_FILE_SUPPORT > module_mp_fer_hires.f90
rm -f module_mp_fer_hires.G module_mp_fer_hires.bb
time mpif90 -f90=ifort -o module_mp_fer_hires.o -c -O3 -ip -fp-model precise -w -ftz -align all -fno-alias -FR -convert big_endian    -I../dyn_em  -I/home/onishi/WRF/external/esmf_time_f90  -I/home/onishi/WRF/main -I/home/onishi/WRF/external/io_netcdf -I/home/onishi/WRF/external/io_int -I/home/onishi/WRF/frame -I/home/onishi/WRF/share -I/home/onishi/WRF/phys -I/home/onishi/WRF/wrftladj -I/home/onishi/WRF/chem -I/home/onishi/WRF/inc -I/home/onishi/NETCDF_DIR2//include  -real-size `expr 8 \* 4` -i4  module_mp_fer_hires.f90
2.65user 0.19system 0:02.87elapsed 98%CPU (0avgtext+0avgdata 118160maxresident)k
144inputs+1640outputs (0major+29357minor)pagefaults 0swaps
rm -f module_fire_emis.o
sed -e "s/^\!.*'.*//" -e "s/^ *\!.*'.*//" module_fire_emis.F > module_fire_emis.G
/lib/cpp -P -nostdinc -I/home/onishi/WRF/external/ioapi_share -I/home/onishi/WRF/inc -DEM_CORE=1 -DNMM_CORE=0 -DNMM_MAX_DIM=2600 -DDA_CORE=0 -DWRFPLUS=0 -DIWORDSIZE=4 -DDWORDSIZE=8 -DRWORDSIZE=4 -DLWORDSIZE=4 -DNONSTANDARD_SYSTEM_FUNC  -DWRF_USE_CLM -DUSE_NETCDF4_FEATURES -DWRFIO_NCD_LARGE_FILE_SUPPORT  -DDM_PARALLEL -DNETCDF -DGRIB2 -DHDF5 -DLANDREAD_STUB=1 -DUSE_ALLOCATABLES -Dwrfmodel -DGRIB1 -DINTIO -DKEEP_INT_AROUND -DLIMIT_ARGS -DBUILD_RRTMG_FAST=0 -DBUILD_RRTMK=0 -DBUILD_SBM_FAST=1 -DSHOW_ALL_VARS_USED=0 -DCONFIG_BUF_LEN=65536 -DMAX_DOMAINS_F=21 -DMAX_HISTORY=25 -DNMM_NEST=0 -DWRF_CHEM -DBUILD_CHEM=1 -DWRF_KPP -I. -traditional-cpp -DUSE_NETCDF4_FEATURES -DWRFIO_NCD_LARGE_FILE_SUPPORT   module_fire_emis.G  > module_fire_emis.bb
/home/onishi/WRF/tools/standard.exe module_fire_emis.bb | /lib/cpp -P -nostdinc -I/home/onishi/WRF/external/ioapi_share -traditional-cpp -DUSE_NETCDF4_FEATURES -DWRFIO_NCD_LARGE_FILE_SUPPORT > module_fire_emis.f90
rm -f module_fire_emis.G module_fire_emis.bb
time mpif90 -f90=ifort -o module_fire_emis.o -c -O3 -ip -fp-model precise -w -ftz -align all -fno-alias -FR -convert big_endian    -I../dyn_em  -I/home/onishi/WRF/external/esmf_time_f90  -I/home/onishi/WRF/main -I/home/onishi/WRF/external/io_netcdf -I/home/onishi/WRF/external/io_int -I/home/onishi/WRF/frame -I/home/onishi/WRF/share -I/home/onishi/WRF/phys -I/home/onishi/WRF/wrftladj -I/home/onishi/WRF/chem -I/home/onishi/WRF/inc -I/home/onishi/NETCDF_DIR2//include  -real-size `expr 8 \* 4` -i4  module_fire_emis.f90
0.15user 0.06system 0:00.25elapsed 86%CPU (0avgtext+0avgdata 52188maxresident)k
8inputs+136outputs (0major+8817minor)pagefaults 0swaps
rm -f module_mp_SBM_polar_radar.o
sed -e "s/^\!.*'.*//" -e "s/^ *\!.*'.*//" module_mp_SBM_polar_radar.F > module_mp_SBM_polar_radar.G
/lib/cpp -P -nostdinc -I/home/onishi/WRF/external/ioapi_share -I/home/onishi/WRF/inc -DEM_CORE=1 -DNMM_CORE=0 -DNMM_MAX_DIM=2600 -DDA_CORE=0 -DWRFPLUS=0 -DIWORDSIZE=4 -DDWORDSIZE=8 -DRWORDSIZE=4 -DLWORDSIZE=4 -DNONSTANDARD_SYSTEM_FUNC  -DWRF_USE_CLM -DUSE_NETCDF4_FEATURES -DWRFIO_NCD_LARGE_FILE_SUPPORT  -DDM_PARALLEL -DNETCDF -DGRIB2 -DHDF5 -DLANDREAD_STUB=1 -DUSE_ALLOCATABLES -Dwrfmodel -DGRIB1 -DINTIO -DKEEP_INT_AROUND -DLIMIT_ARGS -DBUILD_RRTMG_FAST=0 -DBUILD_RRTMK=0 -DBUILD_SBM_FAST=1 -DSHOW_ALL_VARS_USED=0 -DCONFIG_BUF_LEN=65536 -DMAX_DOMAINS_F=21 -DMAX_HISTORY=25 -DNMM_NEST=0 -DWRF_CHEM -DBUILD_CHEM=1 -DWRF_KPP -I. -traditional-cpp -DUSE_NETCDF4_FEATURES -DWRFIO_NCD_LARGE_FILE_SUPPORT   module_mp_SBM_polar_radar.G  > module_mp_SBM_polar_radar.bb
/home/onishi/WRF/tools/standard.exe module_mp_SBM_polar_radar.bb | /lib/cpp -P -nostdinc -I/home/onishi/WRF/external/ioapi_share -traditional-cpp -DUSE_NETCDF4_FEATURES -DWRFIO_NCD_LARGE_FILE_SUPPORT > module_mp_SBM_polar_radar.f90
rm -f module_mp_SBM_polar_radar.G module_mp_SBM_polar_radar.bb
time mpif90 -f90=ifort -o module_mp_SBM_polar_radar.o -c -O3 -ip -fp-model precise -w -ftz -align all -fno-alias -FR -convert big_endian    -I../dyn_em  -I/home/onishi/WRF/external/esmf_time_f90  -I/home/onishi/WRF/main -I/home/onishi/WRF/external/io_netcdf -I/home/onishi/WRF/external/io_int -I/home/onishi/WRF/frame -I/home/onishi/WRF/share -I/home/onishi/WRF/phys -I/home/onishi/WRF/wrftladj -I/home/onishi/WRF/chem -I/home/onishi/WRF/inc -I/home/onishi/NETCDF_DIR2//include  -real-size `expr 8 \* 4` -i4  module_mp_SBM_polar_radar.f90
1.80user 0.16system 0:01.98elapsed 99%CPU (0avgtext+0avgdata 92360maxresident)k
256inputs+1880outputs (0major+26438minor)pagefaults 0swaps
rm -f module_mp_full_sbm.o
sed -e "s/^\!.*'.*//" -e "s/^ *\!.*'.*//" module_mp_full_sbm.F > module_mp_full_sbm.G
/lib/cpp -P -nostdinc -I/home/onishi/WRF/external/ioapi_share -I/home/onishi/WRF/inc -DEM_CORE=1 -DNMM_CORE=0 -DNMM_MAX_DIM=2600 -DDA_CORE=0 -DWRFPLUS=0 -DIWORDSIZE=4 -DDWORDSIZE=8 -DRWORDSIZE=4 -DLWORDSIZE=4 -DNONSTANDARD_SYSTEM_FUNC  -DWRF_USE_CLM -DUSE_NETCDF4_FEATURES -DWRFIO_NCD_LARGE_FILE_SUPPORT  -DDM_PARALLEL -DNETCDF -DGRIB2 -DHDF5 -DLANDREAD_STUB=1 -DUSE_ALLOCATABLES -Dwrfmodel -DGRIB1 -DINTIO -DKEEP_INT_AROUND -DLIMIT_ARGS -DBUILD_RRTMG_FAST=0 -DBUILD_RRTMK=0 -DBUILD_SBM_FAST=1 -DSHOW_ALL_VARS_USED=0 -DCONFIG_BUF_LEN=65536 -DMAX_DOMAINS_F=21 -DMAX_HISTORY=25 -DNMM_NEST=0 -DWRF_CHEM -DBUILD_CHEM=1 -DWRF_KPP -I. -traditional-cpp -DUSE_NETCDF4_FEATURES -DWRFIO_NCD_LARGE_FILE_SUPPORT   module_mp_full_sbm.G  > module_mp_full_sbm.bb
/home/onishi/WRF/tools/standard.exe module_mp_full_sbm.bb | /lib/cpp -P -nostdinc -I/home/onishi/WRF/external/ioapi_share -traditional-cpp -DUSE_NETCDF4_FEATURES -DWRFIO_NCD_LARGE_FILE_SUPPORT > module_mp_full_sbm.f90
rm -f module_mp_full_sbm.G module_mp_full_sbm.bb
time mpif90 -f90=ifort -o module_mp_full_sbm.o -c -O3 -ip -fp-model precise -w -ftz -align all -fno-alias -FR -convert big_endian    -I../dyn_em  -I/home/onishi/WRF/external/esmf_time_f90  -I/home/onishi/WRF/main -I/home/onishi/WRF/external/io_netcdf -I/home/onishi/WRF/external/io_int -I/home/onishi/WRF/frame -I/home/onishi/WRF/share -I/home/onishi/WRF/phys -I/home/onishi/WRF/wrftladj -I/home/onishi/WRF/chem -I/home/onishi/WRF/inc -I/home/onishi/NETCDF_DIR2//include  -real-size `expr 8 \* 4` -i4  module_mp_full_sbm.f90
12.21user 0.37system 0:12.60elapsed 99%CPU (0avgtext+0avgdata 309764maxresident)k
208inputs+2552outputs (0major+84087minor)pagefaults 0swaps
rm -f module_mp_fast_sbm.o
sed -e "s/^\!.*'.*//" -e "s/^ *\!.*'.*//" module_mp_fast_sbm.F > module_mp_fast_sbm.G
/lib/cpp -P -nostdinc -I/home/onishi/WRF/external/ioapi_share -I/home/onishi/WRF/inc -DEM_CORE=1 -DNMM_CORE=0 -DNMM_MAX_DIM=2600 -DDA_CORE=0 -DWRFPLUS=0 -DIWORDSIZE=4 -DDWORDSIZE=8 -DRWORDSIZE=4 -DLWORDSIZE=4 -DNONSTANDARD_SYSTEM_FUNC  -DWRF_USE_CLM -DUSE_NETCDF4_FEATURES -DWRFIO_NCD_LARGE_FILE_SUPPORT  -DDM_PARALLEL -DNETCDF -DGRIB2 -DHDF5 -DLANDREAD_STUB=1 -DUSE_ALLOCATABLES -Dwrfmodel -DGRIB1 -DINTIO -DKEEP_INT_AROUND -DLIMIT_ARGS -DBUILD_RRTMG_FAST=0 -DBUILD_RRTMK=0 -DBUILD_SBM_FAST=1 -DSHOW_ALL_VARS_USED=0 -DCONFIG_BUF_LEN=65536 -DMAX_DOMAINS_F=21 -DMAX_HISTORY=25 -DNMM_NEST=0 -DWRF_CHEM -DBUILD_CHEM=1 -DWRF_KPP -I. -traditional-cpp -DUSE_NETCDF4_FEATURES -DWRFIO_NCD_LARGE_FILE_SUPPORT   module_mp_fast_sbm.G  > module_mp_fast_sbm.bb
/home/onishi/WRF/tools/standard.exe module_mp_fast_sbm.bb | /lib/cpp -P -nostdinc -I/home/onishi/WRF/external/ioapi_share -traditional-cpp -DUSE_NETCDF4_FEATURES -DWRFIO_NCD_LARGE_FILE_SUPPORT > module_mp_fast_sbm.f90
rm -f module_mp_fast_sbm.G module_mp_fast_sbm.bb
time mpif90 -f90=ifort -o module_mp_fast_sbm.o -c -O3 -ip -fp-model precise -w -ftz -align all -fno-alias -FR -convert big_endian    -I../dyn_em  -I/home/onishi/WRF/external/esmf_time_f90  -I/home/onishi/WRF/main -I/home/onishi/WRF/external/io_netcdf -I/home/onishi/WRF/external/io_int -I/home/onishi/WRF/frame -I/home/onishi/WRF/share -I/home/onishi/WRF/phys -I/home/onishi/WRF/wrftladj -I/home/onishi/WRF/chem -I/home/onishi/WRF/inc -I/home/onishi/NETCDF_DIR2//include  -real-size `expr 8 \* 4` -i4  module_mp_fast_sbm.f90
16.09user 0.38system 0:16.51elapsed 99%CPU (0avgtext+0avgdata 284980maxresident)k
592inputs+6160outputs (0major+75041minor)pagefaults 0swaps
rm -f module_ltng_lpi.o
sed -e "s/^\!.*'.*//" -e "s/^ *\!.*'.*//" module_ltng_lpi.F > module_ltng_lpi.G
/lib/cpp -P -nostdinc -I/home/onishi/WRF/external/ioapi_share -I/home/onishi/WRF/inc -DEM_CORE=1 -DNMM_CORE=0 -DNMM_MAX_DIM=2600 -DDA_CORE=0 -DWRFPLUS=0 -DIWORDSIZE=4 -DDWORDSIZE=8 -DRWORDSIZE=4 -DLWORDSIZE=4 -DNONSTANDARD_SYSTEM_FUNC  -DWRF_USE_CLM -DUSE_NETCDF4_FEATURES -DWRFIO_NCD_LARGE_FILE_SUPPORT  -DDM_PARALLEL -DNETCDF -DGRIB2 -DHDF5 -DLANDREAD_STUB=1 -DUSE_ALLOCATABLES -Dwrfmodel -DGRIB1 -DINTIO -DKEEP_INT_AROUND -DLIMIT_ARGS -DBUILD_RRTMG_FAST=0 -DBUILD_RRTMK=0 -DBUILD_SBM_FAST=1 -DSHOW_ALL_VARS_USED=0 -DCONFIG_BUF_LEN=65536 -DMAX_DOMAINS_F=21 -DMAX_HISTORY=25 -DNMM_NEST=0 -DWRF_CHEM -DBUILD_CHEM=1 -DWRF_KPP -I. -traditional-cpp -DUSE_NETCDF4_FEATURES -DWRFIO_NCD_LARGE_FILE_SUPPORT   module_ltng_lpi.G  > module_ltng_lpi.bb
/home/onishi/WRF/tools/standard.exe module_ltng_lpi.bb | /lib/cpp -P -nostdinc -I/home/onishi/WRF/external/ioapi_share -traditional-cpp -DUSE_NETCDF4_FEATURES -DWRFIO_NCD_LARGE_FILE_SUPPORT > module_ltng_lpi.f90
rm -f module_ltng_lpi.G module_ltng_lpi.bb
time mpif90 -f90=ifort -o module_ltng_lpi.o -c -O3 -ip -fp-model precise -w -ftz -align all -fno-alias -FR -convert big_endian    -I../dyn_em  -I/home/onishi/WRF/external/esmf_time_f90  -I/home/onishi/WRF/main -I/home/onishi/WRF/external/io_netcdf -I/home/onishi/WRF/external/io_int -I/home/onishi/WRF/frame -I/home/onishi/WRF/share -I/home/onishi/WRF/phys -I/home/onishi/WRF/wrftladj -I/home/onishi/WRF/chem -I/home/onishi/WRF/inc -I/home/onishi/NETCDF_DIR2//include  -real-size `expr 8 \* 4` -i4  module_ltng_lpi.f90
0.11user 0.09system 0:00.23elapsed 85%CPU (0avgtext+0avgdata 51080maxresident)k
16inputs+200outputs (0major+8511minor)pagefaults 0swaps
rm -f module_mp_gsfcgce.o
sed -e "s/^\!.*'.*//" -e "s/^ *\!.*'.*//" module_mp_gsfcgce.F > module_mp_gsfcgce.G
/lib/cpp -P -nostdinc -I/home/onishi/WRF/external/ioapi_share -I/home/onishi/WRF/inc -DEM_CORE=1 -DNMM_CORE=0 -DNMM_MAX_DIM=2600 -DDA_CORE=0 -DWRFPLUS=0 -DIWORDSIZE=4 -DDWORDSIZE=8 -DRWORDSIZE=4 -DLWORDSIZE=4 -DNONSTANDARD_SYSTEM_FUNC  -DWRF_USE_CLM -DUSE_NETCDF4_FEATURES -DWRFIO_NCD_LARGE_FILE_SUPPORT  -DDM_PARALLEL -DNETCDF -DGRIB2 -DHDF5 -DLANDREAD_STUB=1 -DUSE_ALLOCATABLES -Dwrfmodel -DGRIB1 -DINTIO -DKEEP_INT_AROUND -DLIMIT_ARGS -DBUILD_RRTMG_FAST=0 -DBUILD_RRTMK=0 -DBUILD_SBM_FAST=1 -DSHOW_ALL_VARS_USED=0 -DCONFIG_BUF_LEN=65536 -DMAX_DOMAINS_F=21 -DMAX_HISTORY=25 -DNMM_NEST=0 -DWRF_CHEM -DBUILD_CHEM=1 -DWRF_KPP -I. -traditional-cpp -DUSE_NETCDF4_FEATURES -DWRFIO_NCD_LARGE_FILE_SUPPORT   module_mp_gsfcgce.G  > module_mp_gsfcgce.bb
/home/onishi/WRF/tools/standard.exe module_mp_gsfcgce.bb | /lib/cpp -P -nostdinc -I/home/onishi/WRF/external/ioapi_share -traditional-cpp -DUSE_NETCDF4_FEATURES -DWRFIO_NCD_LARGE_FILE_SUPPORT > module_mp_gsfcgce.f90
rm -f module_mp_gsfcgce.G module_mp_gsfcgce.bb
time mpif90 -f90=ifort -o module_mp_gsfcgce.o -c -O3 -ip -fp-model precise -w -ftz -align all -fno-alias -FR -convert big_endian    -I../dyn_em  -I/home/onishi/WRF/external/esmf_time_f90  -I/home/onishi/WRF/main -I/home/onishi/WRF/external/io_netcdf -I/home/onishi/WRF/external/io_int -I/home/onishi/WRF/frame -I/home/onishi/WRF/share -I/home/onishi/WRF/phys -I/home/onishi/WRF/wrftladj -I/home/onishi/WRF/chem -I/home/onishi/WRF/inc -I/home/onishi/NETCDF_DIR2//include  -real-size `expr 8 \* 4` -i4  module_mp_gsfcgce.f90
4.14user 0.27system 0:04.43elapsed 99%CPU (0avgtext+0avgdata 195000maxresident)k
152inputs+2112outputs (0major+51311minor)pagefaults 0swaps
rm -f module_mp_gsfcgce_4ice_nuwrf.o
sed -e "s/^\!.*'.*//" -e "s/^ *\!.*'.*//" module_mp_gsfcgce_4ice_nuwrf.F > module_mp_gsfcgce_4ice_nuwrf.G
/lib/cpp -P -nostdinc -I/home/onishi/WRF/external/ioapi_share -I/home/onishi/WRF/inc -DEM_CORE=1 -DNMM_CORE=0 -DNMM_MAX_DIM=2600 -DDA_CORE=0 -DWRFPLUS=0 -DIWORDSIZE=4 -DDWORDSIZE=8 -DRWORDSIZE=4 -DLWORDSIZE=4 -DNONSTANDARD_SYSTEM_FUNC  -DWRF_USE_CLM -DUSE_NETCDF4_FEATURES -DWRFIO_NCD_LARGE_FILE_SUPPORT  -DDM_PARALLEL -DNETCDF -DGRIB2 -DHDF5 -DLANDREAD_STUB=1 -DUSE_ALLOCATABLES -Dwrfmodel -DGRIB1 -DINTIO -DKEEP_INT_AROUND -DLIMIT_ARGS -DBUILD_RRTMG_FAST=0 -DBUILD_RRTMK=0 -DBUILD_SBM_FAST=1 -DSHOW_ALL_VARS_USED=0 -DCONFIG_BUF_LEN=65536 -DMAX_DOMAINS_F=21 -DMAX_HISTORY=25 -DNMM_NEST=0 -DWRF_CHEM -DBUILD_CHEM=1 -DWRF_KPP -I. -traditional-cpp -DUSE_NETCDF4_FEATURES -DWRFIO_NCD_LARGE_FILE_SUPPORT   module_mp_gsfcgce_4ice_nuwrf.G  > module_mp_gsfcgce_4ice_nuwrf.bb
/home/onishi/WRF/tools/standard.exe module_mp_gsfcgce_4ice_nuwrf.bb | /lib/cpp -P -nostdinc -I/home/onishi/WRF/external/ioapi_share -traditional-cpp -DUSE_NETCDF4_FEATURES -DWRFIO_NCD_LARGE_FILE_SUPPORT > module_mp_gsfcgce_4ice_nuwrf.f90
rm -f module_mp_gsfcgce_4ice_nuwrf.G module_mp_gsfcgce_4ice_nuwrf.bb
time mpif90 -f90=ifort -o module_mp_gsfcgce_4ice_nuwrf.o -c -O3 -ip -fp-model precise -w -ftz -align all -fno-alias -FR -convert big_endian    -I../dyn_em  -I/home/onishi/WRF/external/esmf_time_f90  -I/home/onishi/WRF/main -I/home/onishi/WRF/external/io_netcdf -I/home/onishi/WRF/external/io_int -I/home/onishi/WRF/frame -I/home/onishi/WRF/share -I/home/onishi/WRF/phys -I/home/onishi/WRF/wrftladj -I/home/onishi/WRF/chem -I/home/onishi/WRF/inc -I/home/onishi/NETCDF_DIR2//include  -real-size `expr 8 \* 4` -i4  module_mp_gsfcgce_4ice_nuwrf.f90
7.58user 0.27system 0:07.90elapsed 99%CPU (0avgtext+0avgdata 252624maxresident)k
264inputs+2800outputs (0major+69894minor)pagefaults 0swaps
rm -f module_mp_morr_two_moment.o
sed -e "s/^\!.*'.*//" -e "s/^ *\!.*'.*//" module_mp_morr_two_moment.F > module_mp_morr_two_moment.G
/lib/cpp -P -nostdinc -I/home/onishi/WRF/external/ioapi_share -I/home/onishi/WRF/inc -DEM_CORE=1 -DNMM_CORE=0 -DNMM_MAX_DIM=2600 -DDA_CORE=0 -DWRFPLUS=0 -DIWORDSIZE=4 -DDWORDSIZE=8 -DRWORDSIZE=4 -DLWORDSIZE=4 -DNONSTANDARD_SYSTEM_FUNC  -DWRF_USE_CLM -DUSE_NETCDF4_FEATURES -DWRFIO_NCD_LARGE_FILE_SUPPORT  -DDM_PARALLEL -DNETCDF -DGRIB2 -DHDF5 -DLANDREAD_STUB=1 -DUSE_ALLOCATABLES -Dwrfmodel -DGRIB1 -DINTIO -DKEEP_INT_AROUND -DLIMIT_ARGS -DBUILD_RRTMG_FAST=0 -DBUILD_RRTMK=0 -DBUILD_SBM_FAST=1 -DSHOW_ALL_VARS_USED=0 -DCONFIG_BUF_LEN=65536 -DMAX_DOMAINS_F=21 -DMAX_HISTORY=25 -DNMM_NEST=0 -DWRF_CHEM -DBUILD_CHEM=1 -DWRF_KPP -I. -traditional-cpp -DUSE_NETCDF4_FEATURES -DWRFIO_NCD_LARGE_FILE_SUPPORT   module_mp_morr_two_moment.G  > module_mp_morr_two_moment.bb
/home/onishi/WRF/tools/standard.exe module_mp_morr_two_moment.bb | /lib/cpp -P -nostdinc -I/home/onishi/WRF/external/ioapi_share -traditional-cpp -DUSE_NETCDF4_FEATURES -DWRFIO_NCD_LARGE_FILE_SUPPORT > module_mp_morr_two_moment.f90
rm -f module_mp_morr_two_moment.G module_mp_morr_two_moment.bb
time mpif90 -f90=ifort -o module_mp_morr_two_moment.o -c -O3 -ip -fp-model precise -w -ftz -align all -fno-alias -FR -convert big_endian    -I../dyn_em  -I/home/onishi/WRF/external/esmf_time_f90  -I/home/onishi/WRF/main -I/home/onishi/WRF/external/io_netcdf -I/home/onishi/WRF/external/io_int -I/home/onishi/WRF/frame -I/home/onishi/WRF/share -I/home/onishi/WRF/phys -I/home/onishi/WRF/wrftladj -I/home/onishi/WRF/chem -I/home/onishi/WRF/inc -I/home/onishi/NETCDF_DIR2//include  -real-size `expr 8 \* 4` -i4  module_mp_morr_two_moment.f90
27.33user 0.58system 0:27.96elapsed 99%CPU (0avgtext+0avgdata 393904maxresident)k
608inputs+8456outputs (0major+113993minor)pagefaults 0swaps
rm -f module_mp_p3.o
sed -e "s/^\!.*'.*//" -e "s/^ *\!.*'.*//" module_mp_p3.F > module_mp_p3.G
/lib/cpp -P -nostdinc -I/home/onishi/WRF/external/ioapi_share -I/home/onishi/WRF/inc -DEM_CORE=1 -DNMM_CORE=0 -DNMM_MAX_DIM=2600 -DDA_CORE=0 -DWRFPLUS=0 -DIWORDSIZE=4 -DDWORDSIZE=8 -DRWORDSIZE=4 -DLWORDSIZE=4 -DNONSTANDARD_SYSTEM_FUNC  -DWRF_USE_CLM -DUSE_NETCDF4_FEATURES -DWRFIO_NCD_LARGE_FILE_SUPPORT  -DDM_PARALLEL -DNETCDF -DGRIB2 -DHDF5 -DLANDREAD_STUB=1 -DUSE_ALLOCATABLES -Dwrfmodel -DGRIB1 -DINTIO -DKEEP_INT_AROUND -DLIMIT_ARGS -DBUILD_RRTMG_FAST=0 -DBUILD_RRTMK=0 -DBUILD_SBM_FAST=1 -DSHOW_ALL_VARS_USED=0 -DCONFIG_BUF_LEN=65536 -DMAX_DOMAINS_F=21 -DMAX_HISTORY=25 -DNMM_NEST=0 -DWRF_CHEM -DBUILD_CHEM=1 -DWRF_KPP -I. -traditional-cpp -DUSE_NETCDF4_FEATURES -DWRFIO_NCD_LARGE_FILE_SUPPORT   module_mp_p3.G  > module_mp_p3.bb
/home/onishi/WRF/tools/standard.exe module_mp_p3.bb | /lib/cpp -P -nostdinc -I/home/onishi/WRF/external/ioapi_share -traditional-cpp -DUSE_NETCDF4_FEATURES -DWRFIO_NCD_LARGE_FILE_SUPPORT > module_mp_p3.f90
rm -f module_mp_p3.G module_mp_p3.bb
time mpif90 -f90=ifort -o module_mp_p3.o -c -O3 -ip -fp-model precise -w -ftz -align all -fno-alias -FR -convert big_endian    -I../dyn_em  -I/home/onishi/WRF/external/esmf_time_f90  -I/home/onishi/WRF/main -I/home/onishi/WRF/external/io_netcdf -I/home/onishi/WRF/external/io_int -I/home/onishi/WRF/frame -I/home/onishi/WRF/share -I/home/onishi/WRF/phys -I/home/onishi/WRF/wrftladj -I/home/onishi/WRF/chem -I/home/onishi/WRF/inc -I/home/onishi/NETCDF_DIR2//include  -real-size `expr 8 \* 4` -i4  module_mp_p3.f90
6.20user 0.23system 0:06.47elapsed 99%CPU (0avgtext+0avgdata 221396maxresident)k
200inputs+2344outputs (0major+58900minor)pagefaults 0swaps
rm -f module_mp_jensen_ishmael.o
sed -e "s/^\!.*'.*//" -e "s/^ *\!.*'.*//" module_mp_jensen_ishmael.F > module_mp_jensen_ishmael.G
/lib/cpp -P -nostdinc -I/home/onishi/WRF/external/ioapi_share -I/home/onishi/WRF/inc -DEM_CORE=1 -DNMM_CORE=0 -DNMM_MAX_DIM=2600 -DDA_CORE=0 -DWRFPLUS=0 -DIWORDSIZE=4 -DDWORDSIZE=8 -DRWORDSIZE=4 -DLWORDSIZE=4 -DNONSTANDARD_SYSTEM_FUNC  -DWRF_USE_CLM -DUSE_NETCDF4_FEATURES -DWRFIO_NCD_LARGE_FILE_SUPPORT  -DDM_PARALLEL -DNETCDF -DGRIB2 -DHDF5 -DLANDREAD_STUB=1 -DUSE_ALLOCATABLES -Dwrfmodel -DGRIB1 -DINTIO -DKEEP_INT_AROUND -DLIMIT_ARGS -DBUILD_RRTMG_FAST=0 -DBUILD_RRTMK=0 -DBUILD_SBM_FAST=1 -DSHOW_ALL_VARS_USED=0 -DCONFIG_BUF_LEN=65536 -DMAX_DOMAINS_F=21 -DMAX_HISTORY=25 -DNMM_NEST=0 -DWRF_CHEM -DBUILD_CHEM=1 -DWRF_KPP -I. -traditional-cpp -DUSE_NETCDF4_FEATURES -DWRFIO_NCD_LARGE_FILE_SUPPORT   module_mp_jensen_ishmael.G  > module_mp_jensen_ishmael.bb
/home/onishi/WRF/tools/standard.exe module_mp_jensen_ishmael.bb | /lib/cpp -P -nostdinc -I/home/onishi/WRF/external/ioapi_share -traditional-cpp -DUSE_NETCDF4_FEATURES -DWRFIO_NCD_LARGE_FILE_SUPPORT > module_mp_jensen_ishmael.f90
rm -f module_mp_jensen_ishmael.G module_mp_jensen_ishmael.bb
time mpif90 -f90=ifort -o module_mp_jensen_ishmael.o -c -O3 -ip -fp-model precise -w -ftz -align all -fno-alias -FR -convert big_endian    -I../dyn_em  -I/home/onishi/WRF/external/esmf_time_f90  -I/home/onishi/WRF/main -I/home/onishi/WRF/external/io_netcdf -I/home/onishi/WRF/external/io_int -I/home/onishi/WRF/frame -I/home/onishi/WRF/share -I/home/onishi/WRF/phys -I/home/onishi/WRF/wrftladj -I/home/onishi/WRF/chem -I/home/onishi/WRF/inc -I/home/onishi/NETCDF_DIR2//include  -real-size `expr 8 \* 4` -i4  module_mp_jensen_ishmael.f90
13.42user 0.39system 0:13.86elapsed 99%CPU (0avgtext+0avgdata 300136maxresident)k
280inputs+3280outputs (0major+93170minor)pagefaults 0swaps
rm -f module_mp_morr_two_moment_aero.o
sed -e "s/^\!.*'.*//" -e "s/^ *\!.*'.*//" module_mp_morr_two_moment_aero.F > module_mp_morr_two_moment_aero.G
/lib/cpp -P -nostdinc -I/home/onishi/WRF/external/ioapi_share -I/home/onishi/WRF/inc -DEM_CORE=1 -DNMM_CORE=0 -DNMM_MAX_DIM=2600 -DDA_CORE=0 -DWRFPLUS=0 -DIWORDSIZE=4 -DDWORDSIZE=8 -DRWORDSIZE=4 -DLWORDSIZE=4 -DNONSTANDARD_SYSTEM_FUNC  -DWRF_USE_CLM -DUSE_NETCDF4_FEATURES -DWRFIO_NCD_LARGE_FILE_SUPPORT  -DDM_PARALLEL -DNETCDF -DGRIB2 -DHDF5 -DLANDREAD_STUB=1 -DUSE_ALLOCATABLES -Dwrfmodel -DGRIB1 -DINTIO -DKEEP_INT_AROUND -DLIMIT_ARGS -DBUILD_RRTMG_FAST=0 -DBUILD_RRTMK=0 -DBUILD_SBM_FAST=1 -DSHOW_ALL_VARS_USED=0 -DCONFIG_BUF_LEN=65536 -DMAX_DOMAINS_F=21 -DMAX_HISTORY=25 -DNMM_NEST=0 -DWRF_CHEM -DBUILD_CHEM=1 -DWRF_KPP -I. -traditional-cpp -DUSE_NETCDF4_FEATURES -DWRFIO_NCD_LARGE_FILE_SUPPORT   module_mp_morr_two_moment_aero.G  > module_mp_morr_two_moment_aero.bb
/home/onishi/WRF/tools/standard.exe module_mp_morr_two_moment_aero.bb | /lib/cpp -P -nostdinc -I/home/onishi/WRF/external/ioapi_share -traditional-cpp -DUSE_NETCDF4_FEATURES -DWRFIO_NCD_LARGE_FILE_SUPPORT > module_mp_morr_two_moment_aero.f90
rm -f module_mp_morr_two_moment_aero.G module_mp_morr_two_moment_aero.bb
time mpif90 -f90=ifort -o module_mp_morr_two_moment_aero.o -c -O3 -ip -fp-model precise -w -ftz -align all -fno-alias -FR -convert big_endian    -I../dyn_em  -I/home/onishi/WRF/external/esmf_time_f90  -I/home/onishi/WRF/main -I/home/onishi/WRF/external/io_netcdf -I/home/onishi/WRF/external/io_int -I/home/onishi/WRF/frame -I/home/onishi/WRF/share -I/home/onishi/WRF/phys -I/home/onishi/WRF/wrftladj -I/home/onishi/WRF/chem -I/home/onishi/WRF/inc -I/home/onishi/NETCDF_DIR2//include  -real-size `expr 8 \* 4` -i4  module_mp_morr_two_moment_aero.f90
7.87user 0.31system 0:08.22elapsed 99%CPU (0avgtext+0avgdata 274056maxresident)k
272inputs+3144outputs (0major+74686minor)pagefaults 0swaps
rm -f module_mp_milbrandt2mom.o
sed -e "s/^\!.*'.*//" -e "s/^ *\!.*'.*//" module_mp_milbrandt2mom.F > module_mp_milbrandt2mom.G
/lib/cpp -P -nostdinc -I/home/onishi/WRF/external/ioapi_share -I/home/onishi/WRF/inc -DEM_CORE=1 -DNMM_CORE=0 -DNMM_MAX_DIM=2600 -DDA_CORE=0 -DWRFPLUS=0 -DIWORDSIZE=4 -DDWORDSIZE=8 -DRWORDSIZE=4 -DLWORDSIZE=4 -DNONSTANDARD_SYSTEM_FUNC  -DWRF_USE_CLM -DUSE_NETCDF4_FEATURES -DWRFIO_NCD_LARGE_FILE_SUPPORT  -DDM_PARALLEL -DNETCDF -DGRIB2 -DHDF5 -DLANDREAD_STUB=1 -DUSE_ALLOCATABLES -Dwrfmodel -DGRIB1 -DINTIO -DKEEP_INT_AROUND -DLIMIT_ARGS -DBUILD_RRTMG_FAST=0 -DBUILD_RRTMK=0 -DBUILD_SBM_FAST=1 -DSHOW_ALL_VARS_USED=0 -DCONFIG_BUF_LEN=65536 -DMAX_DOMAINS_F=21 -DMAX_HISTORY=25 -DNMM_NEST=0 -DWRF_CHEM -DBUILD_CHEM=1 -DWRF_KPP -I. -traditional-cpp -DUSE_NETCDF4_FEATURES -DWRFIO_NCD_LARGE_FILE_SUPPORT   module_mp_milbrandt2mom.G  > module_mp_milbrandt2mom.bb
/home/onishi/WRF/tools/standard.exe module_mp_milbrandt2mom.bb | /lib/cpp -P -nostdinc -I/home/onishi/WRF/external/ioapi_share -traditional-cpp -DUSE_NETCDF4_FEATURES -DWRFIO_NCD_LARGE_FILE_SUPPORT > module_mp_milbrandt2mom.f90
rm -f module_mp_milbrandt2mom.G module_mp_milbrandt2mom.bb
time mpif90 -f90=ifort -o module_mp_milbrandt2mom.o -c -O3 -ip -fp-model precise -w -ftz -align all -fno-alias -FR -convert big_endian    -I../dyn_em  -I/home/onishi/WRF/external/esmf_time_f90  -I/home/onishi/WRF/main -I/home/onishi/WRF/external/io_netcdf -I/home/onishi/WRF/external/io_int -I/home/onishi/WRF/frame -I/home/onishi/WRF/share -I/home/onishi/WRF/phys -I/home/onishi/WRF/wrftladj -I/home/onishi/WRF/chem -I/home/onishi/WRF/inc -I/home/onishi/NETCDF_DIR2//include  -real-size `expr 8 \* 4` -i4  module_mp_milbrandt2mom.f90
31.39user 0.86system 0:32.30elapsed 99%CPU (0avgtext+0avgdata 730628maxresident)k
392inputs+6664outputs (0major+211135minor)pagefaults 0swaps
rm -f module_mp_nssl_2mom.o
sed -e "s/^\!.*'.*//" -e "s/^ *\!.*'.*//" module_mp_nssl_2mom.F > module_mp_nssl_2mom.G
/lib/cpp -P -nostdinc -I/home/onishi/WRF/external/ioapi_share -I/home/onishi/WRF/inc -DEM_CORE=1 -DNMM_CORE=0 -DNMM_MAX_DIM=2600 -DDA_CORE=0 -DWRFPLUS=0 -DIWORDSIZE=4 -DDWORDSIZE=8 -DRWORDSIZE=4 -DLWORDSIZE=4 -DNONSTANDARD_SYSTEM_FUNC  -DWRF_USE_CLM -DUSE_NETCDF4_FEATURES -DWRFIO_NCD_LARGE_FILE_SUPPORT  -DDM_PARALLEL -DNETCDF -DGRIB2 -DHDF5 -DLANDREAD_STUB=1 -DUSE_ALLOCATABLES -Dwrfmodel -DGRIB1 -DINTIO -DKEEP_INT_AROUND -DLIMIT_ARGS -DBUILD_RRTMG_FAST=0 -DBUILD_RRTMK=0 -DBUILD_SBM_FAST=1 -DSHOW_ALL_VARS_USED=0 -DCONFIG_BUF_LEN=65536 -DMAX_DOMAINS_F=21 -DMAX_HISTORY=25 -DNMM_NEST=0 -DWRF_CHEM -DBUILD_CHEM=1 -DWRF_KPP -I. -traditional-cpp -DUSE_NETCDF4_FEATURES -DWRFIO_NCD_LARGE_FILE_SUPPORT   module_mp_nssl_2mom.G  > module_mp_nssl_2mom.bb
/home/onishi/WRF/tools/standard.exe module_mp_nssl_2mom.bb | /lib/cpp -P -nostdinc -I/home/onishi/WRF/external/ioapi_share -traditional-cpp -DUSE_NETCDF4_FEATURES -DWRFIO_NCD_LARGE_FILE_SUPPORT > module_mp_nssl_2mom.f90
rm -f module_mp_nssl_2mom.G module_mp_nssl_2mom.bb
time mpif90 -f90=ifort -o module_mp_nssl_2mom.o -c -O3 -ip -fp-model precise -w -ftz -align all -fno-alias -FR -convert big_endian    -I../dyn_em  -I/home/onishi/WRF/external/esmf_time_f90  -I/home/onishi/WRF/main -I/home/onishi/WRF/external/io_netcdf -I/home/onishi/WRF/external/io_int -I/home/onishi/WRF/frame -I/home/onishi/WRF/share -I/home/onishi/WRF/phys -I/home/onishi/WRF/wrftladj -I/home/onishi/WRF/chem -I/home/onishi/WRF/inc -I/home/onishi/NETCDF_DIR2//include  -real-size `expr 8 \* 4` -i4  module_mp_nssl_2mom.f90
10.92user 0.35system 0:11.31elapsed 99%CPU (0avgtext+0avgdata 297980maxresident)k
248inputs+3216outputs (0major+79659minor)pagefaults 0swaps
rm -f module_mp_wdm5.o
sed -e "s/^\!.*'.*//" -e "s/^ *\!.*'.*//" module_mp_wdm5.F > module_mp_wdm5.G
/lib/cpp -P -nostdinc -I/home/onishi/WRF/external/ioapi_share -I/home/onishi/WRF/inc -DEM_CORE=1 -DNMM_CORE=0 -DNMM_MAX_DIM=2600 -DDA_CORE=0 -DWRFPLUS=0 -DIWORDSIZE=4 -DDWORDSIZE=8 -DRWORDSIZE=4 -DLWORDSIZE=4 -DNONSTANDARD_SYSTEM_FUNC  -DWRF_USE_CLM -DUSE_NETCDF4_FEATURES -DWRFIO_NCD_LARGE_FILE_SUPPORT  -DDM_PARALLEL -DNETCDF -DGRIB2 -DHDF5 -DLANDREAD_STUB=1 -DUSE_ALLOCATABLES -Dwrfmodel -DGRIB1 -DINTIO -DKEEP_INT_AROUND -DLIMIT_ARGS -DBUILD_RRTMG_FAST=0 -DBUILD_RRTMK=0 -DBUILD_SBM_FAST=1 -DSHOW_ALL_VARS_USED=0 -DCONFIG_BUF_LEN=65536 -DMAX_DOMAINS_F=21 -DMAX_HISTORY=25 -DNMM_NEST=0 -DWRF_CHEM -DBUILD_CHEM=1 -DWRF_KPP -I. -traditional-cpp -DUSE_NETCDF4_FEATURES -DWRFIO_NCD_LARGE_FILE_SUPPORT   module_mp_wdm5.G  > module_mp_wdm5.bb
/home/onishi/WRF/tools/standard.exe module_mp_wdm5.bb | /lib/cpp -P -nostdinc -I/home/onishi/WRF/external/ioapi_share -traditional-cpp -DUSE_NETCDF4_FEATURES -DWRFIO_NCD_LARGE_FILE_SUPPORT > module_mp_wdm5.f90
rm -f module_mp_wdm5.G module_mp_wdm5.bb
time mpif90 -f90=ifort -o module_mp_wdm5.o -c -O3 -ip -fp-model precise -w -ftz -align all -fno-alias -FR -convert big_endian    -I../dyn_em  -I/home/onishi/WRF/external/esmf_time_f90  -I/home/onishi/WRF/main -I/home/onishi/WRF/external/io_netcdf -I/home/onishi/WRF/external/io_int -I/home/onishi/WRF/frame -I/home/onishi/WRF/share -I/home/onishi/WRF/phys -I/home/onishi/WRF/wrftladj -I/home/onishi/WRF/chem -I/home/onishi/WRF/inc -I/home/onishi/NETCDF_DIR2//include  -real-size `expr 8 \* 4` -i4  module_mp_wdm5.f90
6.97user 0.27system 0:07.29elapsed 99%CPU (0avgtext+0avgdata 238184maxresident)k
152inputs+1912outputs (0major+62516minor)pagefaults 0swaps
rm -f module_mp_wdm6.o
sed -e "s/^\!.*'.*//" -e "s/^ *\!.*'.*//" module_mp_wdm6.F > module_mp_wdm6.G
/lib/cpp -P -nostdinc -I/home/onishi/WRF/external/ioapi_share -I/home/onishi/WRF/inc -DEM_CORE=1 -DNMM_CORE=0 -DNMM_MAX_DIM=2600 -DDA_CORE=0 -DWRFPLUS=0 -DIWORDSIZE=4 -DDWORDSIZE=8 -DRWORDSIZE=4 -DLWORDSIZE=4 -DNONSTANDARD_SYSTEM_FUNC  -DWRF_USE_CLM -DUSE_NETCDF4_FEATURES -DWRFIO_NCD_LARGE_FILE_SUPPORT  -DDM_PARALLEL -DNETCDF -DGRIB2 -DHDF5 -DLANDREAD_STUB=1 -DUSE_ALLOCATABLES -Dwrfmodel -DGRIB1 -DINTIO -DKEEP_INT_AROUND -DLIMIT_ARGS -DBUILD_RRTMG_FAST=0 -DBUILD_RRTMK=0 -DBUILD_SBM_FAST=1 -DSHOW_ALL_VARS_USED=0 -DCONFIG_BUF_LEN=65536 -DMAX_DOMAINS_F=21 -DMAX_HISTORY=25 -DNMM_NEST=0 -DWRF_CHEM -DBUILD_CHEM=1 -DWRF_KPP -I. -traditional-cpp -DUSE_NETCDF4_FEATURES -DWRFIO_NCD_LARGE_FILE_SUPPORT   module_mp_wdm6.G  > module_mp_wdm6.bb
/home/onishi/WRF/tools/standard.exe module_mp_wdm6.bb | /lib/cpp -P -nostdinc -I/home/onishi/WRF/external/ioapi_share -traditional-cpp -DUSE_NETCDF4_FEATURES -DWRFIO_NCD_LARGE_FILE_SUPPORT > module_mp_wdm6.f90
rm -f module_mp_wdm6.G module_mp_wdm6.bb
time mpif90 -f90=ifort -o module_mp_wdm6.o -c -O3 -ip -fp-model precise -w -ftz -align all -fno-alias -FR -convert big_endian    -I../dyn_em  -I/home/onishi/WRF/external/esmf_time_f90  -I/home/onishi/WRF/main -I/home/onishi/WRF/external/io_netcdf -I/home/onishi/WRF/external/io_int -I/home/onishi/WRF/frame -I/home/onishi/WRF/share -I/home/onishi/WRF/phys -I/home/onishi/WRF/wrftladj -I/home/onishi/WRF/chem -I/home/onishi/WRF/inc -I/home/onishi/NETCDF_DIR2//include  -real-size `expr 8 \* 4` -i4  module_mp_wdm6.f90
11.74user 0.34system 0:12.13elapsed 99%CPU (0avgtext+0avgdata 320760maxresident)k
200inputs+2728outputs (0major+83013minor)pagefaults 0swaps
rm -f module_mp_wdm7.o
sed -e "s/^\!.*'.*//" -e "s/^ *\!.*'.*//" module_mp_wdm7.F > module_mp_wdm7.G
/lib/cpp -P -nostdinc -I/home/onishi/WRF/external/ioapi_share -I/home/onishi/WRF/inc -DEM_CORE=1 -DNMM_CORE=0 -DNMM_MAX_DIM=2600 -DDA_CORE=0 -DWRFPLUS=0 -DIWORDSIZE=4 -DDWORDSIZE=8 -DRWORDSIZE=4 -DLWORDSIZE=4 -DNONSTANDARD_SYSTEM_FUNC  -DWRF_USE_CLM -DUSE_NETCDF4_FEATURES -DWRFIO_NCD_LARGE_FILE_SUPPORT  -DDM_PARALLEL -DNETCDF -DGRIB2 -DHDF5 -DLANDREAD_STUB=1 -DUSE_ALLOCATABLES -Dwrfmodel -DGRIB1 -DINTIO -DKEEP_INT_AROUND -DLIMIT_ARGS -DBUILD_RRTMG_FAST=0 -DBUILD_RRTMK=0 -DBUILD_SBM_FAST=1 -DSHOW_ALL_VARS_USED=0 -DCONFIG_BUF_LEN=65536 -DMAX_DOMAINS_F=21 -DMAX_HISTORY=25 -DNMM_NEST=0 -DWRF_CHEM -DBUILD_CHEM=1 -DWRF_KPP -I. -traditional-cpp -DUSE_NETCDF4_FEATURES -DWRFIO_NCD_LARGE_FILE_SUPPORT   module_mp_wdm7.G  > module_mp_wdm7.bb
/home/onishi/WRF/tools/standard.exe module_mp_wdm7.bb | /lib/cpp -P -nostdinc -I/home/onishi/WRF/external/ioapi_share -traditional-cpp -DUSE_NETCDF4_FEATURES -DWRFIO_NCD_LARGE_FILE_SUPPORT > module_mp_wdm7.f90
rm -f module_mp_wdm7.G module_mp_wdm7.bb
time mpif90 -f90=ifort -o module_mp_wdm7.o -c -O3 -ip -fp-model precise -w -ftz -align all -fno-alias -FR -convert big_endian    -I../dyn_em  -I/home/onishi/WRF/external/esmf_time_f90  -I/home/onishi/WRF/main -I/home/onishi/WRF/external/io_netcdf -I/home/onishi/WRF/external/io_int -I/home/onishi/WRF/frame -I/home/onishi/WRF/share -I/home/onishi/WRF/phys -I/home/onishi/WRF/wrftladj -I/home/onishi/WRF/chem -I/home/onishi/WRF/inc -I/home/onishi/NETCDF_DIR2//include  -real-size `expr 8 \* 4` -i4  module_mp_wdm7.f90
18.14user 0.45system 0:18.65elapsed 99%CPU (0avgtext+0avgdata 410388maxresident)k
240inputs+3176outputs (0major+111485minor)pagefaults 0swaps
rm -f module_mp_ntu.o
sed -e "s/^\!.*'.*//" -e "s/^ *\!.*'.*//" module_mp_ntu.F > module_mp_ntu.G
/lib/cpp -P -nostdinc -I/home/onishi/WRF/external/ioapi_share -I/home/onishi/WRF/inc -DEM_CORE=1 -DNMM_CORE=0 -DNMM_MAX_DIM=2600 -DDA_CORE=0 -DWRFPLUS=0 -DIWORDSIZE=4 -DDWORDSIZE=8 -DRWORDSIZE=4 -DLWORDSIZE=4 -DNONSTANDARD_SYSTEM_FUNC  -DWRF_USE_CLM -DUSE_NETCDF4_FEATURES -DWRFIO_NCD_LARGE_FILE_SUPPORT  -DDM_PARALLEL -DNETCDF -DGRIB2 -DHDF5 -DLANDREAD_STUB=1 -DUSE_ALLOCATABLES -Dwrfmodel -DGRIB1 -DINTIO -DKEEP_INT_AROUND -DLIMIT_ARGS -DBUILD_RRTMG_FAST=0 -DBUILD_RRTMK=0 -DBUILD_SBM_FAST=1 -DSHOW_ALL_VARS_USED=0 -DCONFIG_BUF_LEN=65536 -DMAX_DOMAINS_F=21 -DMAX_HISTORY=25 -DNMM_NEST=0 -DWRF_CHEM -DBUILD_CHEM=1 -DWRF_KPP -I. -traditional-cpp -DUSE_NETCDF4_FEATURES -DWRFIO_NCD_LARGE_FILE_SUPPORT   module_mp_ntu.G  > module_mp_ntu.bb
/home/onishi/WRF/tools/standard.exe module_mp_ntu.bb | /lib/cpp -P -nostdinc -I/home/onishi/WRF/external/ioapi_share -traditional-cpp -DUSE_NETCDF4_FEATURES -DWRFIO_NCD_LARGE_FILE_SUPPORT > module_mp_ntu.f90
rm -f module_mp_ntu.G module_mp_ntu.bb
time mpif90 -f90=ifort -o module_mp_ntu.o -c -O3 -ip -fp-model precise -w -ftz -align all -fno-alias -FR -convert big_endian    -I../dyn_em  -I/home/onishi/WRF/external/esmf_time_f90  -I/home/onishi/WRF/main -I/home/onishi/WRF/external/io_netcdf -I/home/onishi/WRF/external/io_int -I/home/onishi/WRF/frame -I/home/onishi/WRF/share -I/home/onishi/WRF/phys -I/home/onishi/WRF/wrftladj -I/home/onishi/WRF/chem -I/home/onishi/WRF/inc -I/home/onishi/NETCDF_DIR2//include  -real-size `expr 8 \* 4` -i4  module_mp_ntu.f90
48.99user 1.21system 0:50.27elapsed 99%CPU (0avgtext+0avgdata 854148maxresident)k
1216inputs+14088outputs (0major+246013minor)pagefaults 0swaps
rm -f module_sf_sfclay.o
sed -e "s/^\!.*'.*//" -e "s/^ *\!.*'.*//" module_sf_sfclay.F > module_sf_sfclay.G
/lib/cpp -P -nostdinc -I/home/onishi/WRF/external/ioapi_share -I/home/onishi/WRF/inc -DEM_CORE=1 -DNMM_CORE=0 -DNMM_MAX_DIM=2600 -DDA_CORE=0 -DWRFPLUS=0 -DIWORDSIZE=4 -DDWORDSIZE=8 -DRWORDSIZE=4 -DLWORDSIZE=4 -DNONSTANDARD_SYSTEM_FUNC  -DWRF_USE_CLM -DUSE_NETCDF4_FEATURES -DWRFIO_NCD_LARGE_FILE_SUPPORT  -DDM_PARALLEL -DNETCDF -DGRIB2 -DHDF5 -DLANDREAD_STUB=1 -DUSE_ALLOCATABLES -Dwrfmodel -DGRIB1 -DINTIO -DKEEP_INT_AROUND -DLIMIT_ARGS -DBUILD_RRTMG_FAST=0 -DBUILD_RRTMK=0 -DBUILD_SBM_FAST=1 -DSHOW_ALL_VARS_USED=0 -DCONFIG_BUF_LEN=65536 -DMAX_DOMAINS_F=21 -DMAX_HISTORY=25 -DNMM_NEST=0 -DWRF_CHEM -DBUILD_CHEM=1 -DWRF_KPP -I. -traditional-cpp -DUSE_NETCDF4_FEATURES -DWRFIO_NCD_LARGE_FILE_SUPPORT   module_sf_sfclay.G  > module_sf_sfclay.bb
/home/onishi/WRF/tools/standard.exe module_sf_sfclay.bb | /lib/cpp -P -nostdinc -I/home/onishi/WRF/external/ioapi_share -traditional-cpp -DUSE_NETCDF4_FEATURES -DWRFIO_NCD_LARGE_FILE_SUPPORT > module_sf_sfclay.f90
rm -f module_sf_sfclay.G module_sf_sfclay.bb
time mpif90 -f90=ifort -o module_sf_sfclay.o -c -O3 -ip -fp-model precise -w -ftz -align all -fno-alias -FR -convert big_endian    -I../dyn_em  -I/home/onishi/WRF/external/esmf_time_f90  -I/home/onishi/WRF/main -I/home/onishi/WRF/external/io_netcdf -I/home/onishi/WRF/external/io_int -I/home/onishi/WRF/frame -I/home/onishi/WRF/share -I/home/onishi/WRF/phys -I/home/onishi/WRF/wrftladj -I/home/onishi/WRF/chem -I/home/onishi/WRF/inc -I/home/onishi/NETCDF_DIR2//include  -real-size `expr 8 \* 4` -i4  module_sf_sfclay.f90
0.64user 0.09system 0:00.76elapsed 95%CPU (0avgtext+0avgdata 71460maxresident)k
72inputs+592outputs (0major+14546minor)pagefaults 0swaps
rm -f physics_mmm/sf_sfclayrev.o
sed -e "s/^\!.*'.*//" -e "s/^ *\!.*'.*//" physics_mmm/sf_sfclayrev.F90 > physics_mmm/sf_sfclayrev.G
/lib/cpp -P -nostdinc -I/home/onishi/WRF/external/ioapi_share -I/home/onishi/WRF/inc -DEM_CORE=1 -DNMM_CORE=0 -DNMM_MAX_DIM=2600 -DDA_CORE=0 -DWRFPLUS=0 -DIWORDSIZE=4 -DDWORDSIZE=8 -DRWORDSIZE=4 -DLWORDSIZE=4 -DNONSTANDARD_SYSTEM_FUNC  -DWRF_USE_CLM -DUSE_NETCDF4_FEATURES -DWRFIO_NCD_LARGE_FILE_SUPPORT  -DDM_PARALLEL -DNETCDF -DGRIB2 -DHDF5 -DLANDREAD_STUB=1 -DUSE_ALLOCATABLES -Dwrfmodel -DGRIB1 -DINTIO -DKEEP_INT_AROUND -DLIMIT_ARGS -DBUILD_RRTMG_FAST=0 -DBUILD_RRTMK=0 -DBUILD_SBM_FAST=1 -DSHOW_ALL_VARS_USED=0 -DCONFIG_BUF_LEN=65536 -DMAX_DOMAINS_F=21 -DMAX_HISTORY=25 -DNMM_NEST=0 -DWRF_CHEM -DBUILD_CHEM=1 -DWRF_KPP -I. -traditional-cpp -DUSE_NETCDF4_FEATURES -DWRFIO_NCD_LARGE_FILE_SUPPORT   physics_mmm/sf_sfclayrev.G  > physics_mmm/sf_sfclayrev.bb
/home/onishi/WRF/tools/standard.exe physics_mmm/sf_sfclayrev.bb | /lib/cpp -P -nostdinc -I/home/onishi/WRF/external/ioapi_share -traditional-cpp -DUSE_NETCDF4_FEATURES -DWRFIO_NCD_LARGE_FILE_SUPPORT > physics_mmm/sf_sfclayrev.f90
rm -f physics_mmm/sf_sfclayrev.G physics_mmm/sf_sfclayrev.bb
time mpif90 -f90=ifort -o physics_mmm/sf_sfclayrev.o -c -O3 -ip -fp-model precise -w -ftz -align all -fno-alias -FR -convert big_endian    -I../dyn_em  -I/home/onishi/WRF/external/esmf_time_f90  -I/home/onishi/WRF/main -I/home/onishi/WRF/external/io_netcdf -I/home/onishi/WRF/external/io_int -I/home/onishi/WRF/frame -I/home/onishi/WRF/share -I/home/onishi/WRF/phys -I/home/onishi/WRF/wrftladj -I/home/onishi/WRF/chem -I/home/onishi/WRF/inc -I/home/onishi/NETCDF_DIR2//include  -real-size `expr 8 \* 4` -i4  physics_mmm/sf_sfclayrev.f90
1.43user 0.15system 0:01.60elapsed 99%CPU (0avgtext+0avgdata 109936maxresident)k
64inputs+752outputs (0major+26380minor)pagefaults 0swaps
rm -f module_progtm.o
sed -e "s/^\!.*'.*//" -e "s/^ *\!.*'.*//" module_progtm.F > module_progtm.G
/lib/cpp -P -nostdinc -I/home/onishi/WRF/external/ioapi_share -I/home/onishi/WRF/inc -DEM_CORE=1 -DNMM_CORE=0 -DNMM_MAX_DIM=2600 -DDA_CORE=0 -DWRFPLUS=0 -DIWORDSIZE=4 -DDWORDSIZE=8 -DRWORDSIZE=4 -DLWORDSIZE=4 -DNONSTANDARD_SYSTEM_FUNC  -DWRF_USE_CLM -DUSE_NETCDF4_FEATURES -DWRFIO_NCD_LARGE_FILE_SUPPORT  -DDM_PARALLEL -DNETCDF -DGRIB2 -DHDF5 -DLANDREAD_STUB=1 -DUSE_ALLOCATABLES -Dwrfmodel -DGRIB1 -DINTIO -DKEEP_INT_AROUND -DLIMIT_ARGS -DBUILD_RRTMG_FAST=0 -DBUILD_RRTMK=0 -DBUILD_SBM_FAST=1 -DSHOW_ALL_VARS_USED=0 -DCONFIG_BUF_LEN=65536 -DMAX_DOMAINS_F=21 -DMAX_HISTORY=25 -DNMM_NEST=0 -DWRF_CHEM -DBUILD_CHEM=1 -DWRF_KPP -I. -traditional-cpp -DUSE_NETCDF4_FEATURES -DWRFIO_NCD_LARGE_FILE_SUPPORT   module_progtm.G  > module_progtm.bb
/home/onishi/WRF/tools/standard.exe module_progtm.bb | /lib/cpp -P -nostdinc -I/home/onishi/WRF/external/ioapi_share -traditional-cpp -DUSE_NETCDF4_FEATURES -DWRFIO_NCD_LARGE_FILE_SUPPORT > module_progtm.f90
rm -f module_progtm.G module_progtm.bb
time mpif90 -f90=ifort -o module_progtm.o -c -O3 -ip -fp-model precise -w -ftz -align all -fno-alias -FR -convert big_endian    -I../dyn_em  -I/home/onishi/WRF/external/esmf_time_f90  -I/home/onishi/WRF/main -I/home/onishi/WRF/external/io_netcdf -I/home/onishi/WRF/external/io_int -I/home/onishi/WRF/frame -I/home/onishi/WRF/share -I/home/onishi/WRF/phys -I/home/onishi/WRF/wrftladj -I/home/onishi/WRF/chem -I/home/onishi/WRF/inc -I/home/onishi/NETCDF_DIR2//include  -real-size `expr 8 \* 4` -i4  module_progtm.f90
0.02user 0.08system 0:00.14elapsed 78%CPU (0avgtext+0avgdata 45216maxresident)k
16inputs+120outputs (0major+7054minor)pagefaults 0swaps
rm -f module_sf_exchcoef.o
sed -e "s/^\!.*'.*//" -e "s/^ *\!.*'.*//" module_sf_exchcoef.F > module_sf_exchcoef.G
/lib/cpp -P -nostdinc -I/home/onishi/WRF/external/ioapi_share -I/home/onishi/WRF/inc -DEM_CORE=1 -DNMM_CORE=0 -DNMM_MAX_DIM=2600 -DDA_CORE=0 -DWRFPLUS=0 -DIWORDSIZE=4 -DDWORDSIZE=8 -DRWORDSIZE=4 -DLWORDSIZE=4 -DNONSTANDARD_SYSTEM_FUNC  -DWRF_USE_CLM -DUSE_NETCDF4_FEATURES -DWRFIO_NCD_LARGE_FILE_SUPPORT  -DDM_PARALLEL -DNETCDF -DGRIB2 -DHDF5 -DLANDREAD_STUB=1 -DUSE_ALLOCATABLES -Dwrfmodel -DGRIB1 -DINTIO -DKEEP_INT_AROUND -DLIMIT_ARGS -DBUILD_RRTMG_FAST=0 -DBUILD_RRTMK=0 -DBUILD_SBM_FAST=1 -DSHOW_ALL_VARS_USED=0 -DCONFIG_BUF_LEN=65536 -DMAX_DOMAINS_F=21 -DMAX_HISTORY=25 -DNMM_NEST=0 -DWRF_CHEM -DBUILD_CHEM=1 -DWRF_KPP -I. -traditional-cpp -DUSE_NETCDF4_FEATURES -DWRFIO_NCD_LARGE_FILE_SUPPORT   module_sf_exchcoef.G  > module_sf_exchcoef.bb
/home/onishi/WRF/tools/standard.exe module_sf_exchcoef.bb | /lib/cpp -P -nostdinc -I/home/onishi/WRF/external/ioapi_share -traditional-cpp -DUSE_NETCDF4_FEATURES -DWRFIO_NCD_LARGE_FILE_SUPPORT > module_sf_exchcoef.f90
rm -f module_sf_exchcoef.G module_sf_exchcoef.bb
time mpif90 -f90=ifort -o module_sf_exchcoef.o -c -O3 -ip -fp-model precise -w -ftz -align all -fno-alias -FR -convert big_endian    -I../dyn_em  -I/home/onishi/WRF/external/esmf_time_f90  -I/home/onishi/WRF/main -I/home/onishi/WRF/external/io_netcdf -I/home/onishi/WRF/external/io_int -I/home/onishi/WRF/frame -I/home/onishi/WRF/share -I/home/onishi/WRF/phys -I/home/onishi/WRF/wrftladj -I/home/onishi/WRF/chem -I/home/onishi/WRF/inc -I/home/onishi/NETCDF_DIR2//include  -real-size `expr 8 \* 4` -i4  module_sf_exchcoef.f90
0.19user 0.08system 0:00.28elapsed 95%CPU (0avgtext+0avgdata 49912maxresident)k
40inputs+408outputs (0major+9688minor)pagefaults 0swaps
rm -f module_sf_slab.o
sed -e "s/^\!.*'.*//" -e "s/^ *\!.*'.*//" module_sf_slab.F > module_sf_slab.G
/lib/cpp -P -nostdinc -I/home/onishi/WRF/external/ioapi_share -I/home/onishi/WRF/inc -DEM_CORE=1 -DNMM_CORE=0 -DNMM_MAX_DIM=2600 -DDA_CORE=0 -DWRFPLUS=0 -DIWORDSIZE=4 -DDWORDSIZE=8 -DRWORDSIZE=4 -DLWORDSIZE=4 -DNONSTANDARD_SYSTEM_FUNC  -DWRF_USE_CLM -DUSE_NETCDF4_FEATURES -DWRFIO_NCD_LARGE_FILE_SUPPORT  -DDM_PARALLEL -DNETCDF -DGRIB2 -DHDF5 -DLANDREAD_STUB=1 -DUSE_ALLOCATABLES -Dwrfmodel -DGRIB1 -DINTIO -DKEEP_INT_AROUND -DLIMIT_ARGS -DBUILD_RRTMG_FAST=0 -DBUILD_RRTMK=0 -DBUILD_SBM_FAST=1 -DSHOW_ALL_VARS_USED=0 -DCONFIG_BUF_LEN=65536 -DMAX_DOMAINS_F=21 -DMAX_HISTORY=25 -DNMM_NEST=0 -DWRF_CHEM -DBUILD_CHEM=1 -DWRF_KPP -I. -traditional-cpp -DUSE_NETCDF4_FEATURES -DWRFIO_NCD_LARGE_FILE_SUPPORT   module_sf_slab.G  > module_sf_slab.bb
/home/onishi/WRF/tools/standard.exe module_sf_slab.bb | /lib/cpp -P -nostdinc -I/home/onishi/WRF/external/ioapi_share -traditional-cpp -DUSE_NETCDF4_FEATURES -DWRFIO_NCD_LARGE_FILE_SUPPORT > module_sf_slab.f90
rm -f module_sf_slab.G module_sf_slab.bb
time mpif90 -f90=ifort -o module_sf_slab.o -c -O3 -ip -fp-model precise -w -ftz -align all -fno-alias -FR -convert big_endian    -I../dyn_em  -I/home/onishi/WRF/external/esmf_time_f90  -I/home/onishi/WRF/main -I/home/onishi/WRF/external/io_netcdf -I/home/onishi/WRF/external/io_int -I/home/onishi/WRF/frame -I/home/onishi/WRF/share -I/home/onishi/WRF/phys -I/home/onishi/WRF/wrftladj -I/home/onishi/WRF/chem -I/home/onishi/WRF/inc -I/home/onishi/NETCDF_DIR2//include  -real-size `expr 8 \* 4` -i4  module_sf_slab.f90
11.08user 0.34system 0:11.46elapsed 99%CPU (0avgtext+0avgdata 295812maxresident)k
600inputs+5000outputs (0major+86221minor)pagefaults 0swaps
rm -f module_sf_noahlsm.o
sed -e "s/^\!.*'.*//" -e "s/^ *\!.*'.*//" module_sf_noahlsm.F > module_sf_noahlsm.G
/lib/cpp -P -nostdinc -I/home/onishi/WRF/external/ioapi_share -I/home/onishi/WRF/inc -DEM_CORE=1 -DNMM_CORE=0 -DNMM_MAX_DIM=2600 -DDA_CORE=0 -DWRFPLUS=0 -DIWORDSIZE=4 -DDWORDSIZE=8 -DRWORDSIZE=4 -DLWORDSIZE=4 -DNONSTANDARD_SYSTEM_FUNC  -DWRF_USE_CLM -DUSE_NETCDF4_FEATURES -DWRFIO_NCD_LARGE_FILE_SUPPORT  -DDM_PARALLEL -DNETCDF -DGRIB2 -DHDF5 -DLANDREAD_STUB=1 -DUSE_ALLOCATABLES -Dwrfmodel -DGRIB1 -DINTIO -DKEEP_INT_AROUND -DLIMIT_ARGS -DBUILD_RRTMG_FAST=0 -DBUILD_RRTMK=0 -DBUILD_SBM_FAST=1 -DSHOW_ALL_VARS_USED=0 -DCONFIG_BUF_LEN=65536 -DMAX_DOMAINS_F=21 -DMAX_HISTORY=25 -DNMM_NEST=0 -DWRF_CHEM -DBUILD_CHEM=1 -DWRF_KPP -I. -traditional-cpp -DUSE_NETCDF4_FEATURES -DWRFIO_NCD_LARGE_FILE_SUPPORT   module_sf_noahlsm.G  > module_sf_noahlsm.bb
/home/onishi/WRF/tools/standard.exe module_sf_noahlsm.bb | /lib/cpp -P -nostdinc -I/home/onishi/WRF/external/ioapi_share -traditional-cpp -DUSE_NETCDF4_FEATURES -DWRFIO_NCD_LARGE_FILE_SUPPORT > module_sf_noahlsm.f90
rm -f module_sf_noahlsm.G module_sf_noahlsm.bb
time mpif90 -f90=ifort -o module_sf_noahlsm.o -c -O3 -ip -fp-model precise -w -ftz -align all -fno-alias -FR -convert big_endian    -I../dyn_em  -I/home/onishi/WRF/external/esmf_time_f90  -I/home/onishi/WRF/main -I/home/onishi/WRF/external/io_netcdf -I/home/onishi/WRF/external/io_int -I/home/onishi/WRF/frame -I/home/onishi/WRF/share -I/home/onishi/WRF/phys -I/home/onishi/WRF/wrftladj -I/home/onishi/WRF/chem -I/home/onishi/WRF/inc -I/home/onishi/NETCDF_DIR2//include  -real-size `expr 8 \* 4` -i4  module_sf_noahlsm.f90
0.54user 0.08system 0:00.64elapsed 97%CPU (0avgtext+0avgdata 68544maxresident)k
40inputs+336outputs (0major+13514minor)pagefaults 0swaps
rm -f module_sf_gecros.o
sed -e "s/^\!.*'.*//" -e "s/^ *\!.*'.*//" module_sf_gecros.F > module_sf_gecros.G
/lib/cpp -P -nostdinc -I/home/onishi/WRF/external/ioapi_share -I/home/onishi/WRF/inc -DEM_CORE=1 -DNMM_CORE=0 -DNMM_MAX_DIM=2600 -DDA_CORE=0 -DWRFPLUS=0 -DIWORDSIZE=4 -DDWORDSIZE=8 -DRWORDSIZE=4 -DLWORDSIZE=4 -DNONSTANDARD_SYSTEM_FUNC  -DWRF_USE_CLM -DUSE_NETCDF4_FEATURES -DWRFIO_NCD_LARGE_FILE_SUPPORT  -DDM_PARALLEL -DNETCDF -DGRIB2 -DHDF5 -DLANDREAD_STUB=1 -DUSE_ALLOCATABLES -Dwrfmodel -DGRIB1 -DINTIO -DKEEP_INT_AROUND -DLIMIT_ARGS -DBUILD_RRTMG_FAST=0 -DBUILD_RRTMK=0 -DBUILD_SBM_FAST=1 -DSHOW_ALL_VARS_USED=0 -DCONFIG_BUF_LEN=65536 -DMAX_DOMAINS_F=21 -DMAX_HISTORY=25 -DNMM_NEST=0 -DWRF_CHEM -DBUILD_CHEM=1 -DWRF_KPP -I. -traditional-cpp -DUSE_NETCDF4_FEATURES -DWRFIO_NCD_LARGE_FILE_SUPPORT   module_sf_gecros.G  > module_sf_gecros.bb
/home/onishi/WRF/tools/standard.exe module_sf_gecros.bb | /lib/cpp -P -nostdinc -I/home/onishi/WRF/external/ioapi_share -traditional-cpp -DUSE_NETCDF4_FEATURES -DWRFIO_NCD_LARGE_FILE_SUPPORT > module_sf_gecros.f90
rm -f module_sf_gecros.G module_sf_gecros.bb
time mpif90 -f90=ifort -o module_sf_gecros.o -c -O3 -ip -fp-model precise -w -ftz -align all -fno-alias -FR -convert big_endian    -I../dyn_em  -I/home/onishi/WRF/external/esmf_time_f90  -I/home/onishi/WRF/main -I/home/onishi/WRF/external/io_netcdf -I/home/onishi/WRF/external/io_int -I/home/onishi/WRF/frame -I/home/onishi/WRF/share -I/home/onishi/WRF/phys -I/home/onishi/WRF/wrftladj -I/home/onishi/WRF/chem -I/home/onishi/WRF/inc -I/home/onishi/NETCDF_DIR2//include  -real-size `expr 8 \* 4` -i4  module_sf_gecros.f90
0.43user 0.09system 0:00.54elapsed 97%CPU (0avgtext+0avgdata 55784maxresident)k
88inputs+808outputs (0major+10893minor)pagefaults 0swaps
rm -f module_sf_myjsfc.o
sed -e "s/^\!.*'.*//" -e "s/^ *\!.*'.*//" module_sf_myjsfc.F > module_sf_myjsfc.G
/lib/cpp -P -nostdinc -I/home/onishi/WRF/external/ioapi_share -I/home/onishi/WRF/inc -DEM_CORE=1 -DNMM_CORE=0 -DNMM_MAX_DIM=2600 -DDA_CORE=0 -DWRFPLUS=0 -DIWORDSIZE=4 -DDWORDSIZE=8 -DRWORDSIZE=4 -DLWORDSIZE=4 -DNONSTANDARD_SYSTEM_FUNC  -DWRF_USE_CLM -DUSE_NETCDF4_FEATURES -DWRFIO_NCD_LARGE_FILE_SUPPORT  -DDM_PARALLEL -DNETCDF -DGRIB2 -DHDF5 -DLANDREAD_STUB=1 -DUSE_ALLOCATABLES -Dwrfmodel -DGRIB1 -DINTIO -DKEEP_INT_AROUND -DLIMIT_ARGS -DBUILD_RRTMG_FAST=0 -DBUILD_RRTMK=0 -DBUILD_SBM_FAST=1 -DSHOW_ALL_VARS_USED=0 -DCONFIG_BUF_LEN=65536 -DMAX_DOMAINS_F=21 -DMAX_HISTORY=25 -DNMM_NEST=0 -DWRF_CHEM -DBUILD_CHEM=1 -DWRF_KPP -I. -traditional-cpp -DUSE_NETCDF4_FEATURES -DWRFIO_NCD_LARGE_FILE_SUPPORT   module_sf_myjsfc.G  > module_sf_myjsfc.bb
/home/onishi/WRF/tools/standard.exe module_sf_myjsfc.bb | /lib/cpp -P -nostdinc -I/home/onishi/WRF/external/ioapi_share -traditional-cpp -DUSE_NETCDF4_FEATURES -DWRFIO_NCD_LARGE_FILE_SUPPORT > module_sf_myjsfc.f90
rm -f module_sf_myjsfc.G module_sf_myjsfc.bb
time mpif90 -f90=ifort -o module_sf_myjsfc.o -c -O3 -ip -fp-model precise -w -ftz -align all -fno-alias -FR -convert big_endian    -I../dyn_em  -I/home/onishi/WRF/external/esmf_time_f90  -I/home/onishi/WRF/main -I/home/onishi/WRF/external/io_netcdf -I/home/onishi/WRF/external/io_int -I/home/onishi/WRF/frame -I/home/onishi/WRF/share -I/home/onishi/WRF/phys -I/home/onishi/WRF/wrftladj -I/home/onishi/WRF/chem -I/home/onishi/WRF/inc -I/home/onishi/NETCDF_DIR2//include  -real-size `expr 8 \* 4` -i4  module_sf_myjsfc.f90
1.21user 0.12system 0:01.35elapsed 98%CPU (0avgtext+0avgdata 73196maxresident)k
176inputs+1192outputs (0major+14985minor)pagefaults 0swaps
rm -f module_data_gocart_dust.o
sed -e "s/^\!.*'.*//" -e "s/^ *\!.*'.*//" module_data_gocart_dust.F > module_data_gocart_dust.G
/lib/cpp -P -nostdinc -I/home/onishi/WRF/external/ioapi_share -I/home/onishi/WRF/inc -DEM_CORE=1 -DNMM_CORE=0 -DNMM_MAX_DIM=2600 -DDA_CORE=0 -DWRFPLUS=0 -DIWORDSIZE=4 -DDWORDSIZE=8 -DRWORDSIZE=4 -DLWORDSIZE=4 -DNONSTANDARD_SYSTEM_FUNC  -DWRF_USE_CLM -DUSE_NETCDF4_FEATURES -DWRFIO_NCD_LARGE_FILE_SUPPORT  -DDM_PARALLEL -DNETCDF -DGRIB2 -DHDF5 -DLANDREAD_STUB=1 -DUSE_ALLOCATABLES -Dwrfmodel -DGRIB1 -DINTIO -DKEEP_INT_AROUND -DLIMIT_ARGS -DBUILD_RRTMG_FAST=0 -DBUILD_RRTMK=0 -DBUILD_SBM_FAST=1 -DSHOW_ALL_VARS_USED=0 -DCONFIG_BUF_LEN=65536 -DMAX_DOMAINS_F=21 -DMAX_HISTORY=25 -DNMM_NEST=0 -DWRF_CHEM -DBUILD_CHEM=1 -DWRF_KPP -I. -traditional-cpp -DUSE_NETCDF4_FEATURES -DWRFIO_NCD_LARGE_FILE_SUPPORT   module_data_gocart_dust.G  > module_data_gocart_dust.bb
/home/onishi/WRF/tools/standard.exe module_data_gocart_dust.bb | /lib/cpp -P -nostdinc -I/home/onishi/WRF/external/ioapi_share -traditional-cpp -DUSE_NETCDF4_FEATURES -DWRFIO_NCD_LARGE_FILE_SUPPORT > module_data_gocart_dust.f90
rm -f module_data_gocart_dust.G module_data_gocart_dust.bb
time mpif90 -f90=ifort -o module_data_gocart_dust.o -c -O3 -ip -fp-model precise -w -ftz -align all -fno-alias -FR -convert big_endian    -I../dyn_em  -I/home/onishi/WRF/external/esmf_time_f90  -I/home/onishi/WRF/main -I/home/onishi/WRF/external/io_netcdf -I/home/onishi/WRF/external/io_int -I/home/onishi/WRF/frame -I/home/onishi/WRF/share -I/home/onishi/WRF/phys -I/home/onishi/WRF/wrftladj -I/home/onishi/WRF/chem -I/home/onishi/WRF/inc -I/home/onishi/NETCDF_DIR2//include  -real-size `expr 8 \* 4` -i4  module_data_gocart_dust.f90
0.01user 0.07system 0:00.10elapsed 89%CPU (0avgtext+0avgdata 38172maxresident)k
8inputs+112outputs (0major+5990minor)pagefaults 0swaps
rm -f module_sf_urban.o
sed -e "s/^\!.*'.*//" -e "s/^ *\!.*'.*//" module_sf_urban.F > module_sf_urban.G
/lib/cpp -P -nostdinc -I/home/onishi/WRF/external/ioapi_share -I/home/onishi/WRF/inc -DEM_CORE=1 -DNMM_CORE=0 -DNMM_MAX_DIM=2600 -DDA_CORE=0 -DWRFPLUS=0 -DIWORDSIZE=4 -DDWORDSIZE=8 -DRWORDSIZE=4 -DLWORDSIZE=4 -DNONSTANDARD_SYSTEM_FUNC  -DWRF_USE_CLM -DUSE_NETCDF4_FEATURES -DWRFIO_NCD_LARGE_FILE_SUPPORT  -DDM_PARALLEL -DNETCDF -DGRIB2 -DHDF5 -DLANDREAD_STUB=1 -DUSE_ALLOCATABLES -Dwrfmodel -DGRIB1 -DINTIO -DKEEP_INT_AROUND -DLIMIT_ARGS -DBUILD_RRTMG_FAST=0 -DBUILD_RRTMK=0 -DBUILD_SBM_FAST=1 -DSHOW_ALL_VARS_USED=0 -DCONFIG_BUF_LEN=65536 -DMAX_DOMAINS_F=21 -DMAX_HISTORY=25 -DNMM_NEST=0 -DWRF_CHEM -DBUILD_CHEM=1 -DWRF_KPP -I. -traditional-cpp -DUSE_NETCDF4_FEATURES -DWRFIO_NCD_LARGE_FILE_SUPPORT   module_sf_urban.G  > module_sf_urban.bb
/home/onishi/WRF/tools/standard.exe module_sf_urban.bb | /lib/cpp -P -nostdinc -I/home/onishi/WRF/external/ioapi_share -traditional-cpp -DUSE_NETCDF4_FEATURES -DWRFIO_NCD_LARGE_FILE_SUPPORT > module_sf_urban.f90
rm -f module_sf_urban.G module_sf_urban.bb
time mpif90 -f90=ifort -o module_sf_urban.o -c -O3 -ip -fp-model precise -w -ftz -align all -fno-alias -FR -convert big_endian    -I../dyn_em  -I/home/onishi/WRF/external/esmf_time_f90  -I/home/onishi/WRF/main -I/home/onishi/WRF/external/io_netcdf -I/home/onishi/WRF/external/io_int -I/home/onishi/WRF/frame -I/home/onishi/WRF/share -I/home/onishi/WRF/phys -I/home/onishi/WRF/wrftladj -I/home/onishi/WRF/chem -I/home/onishi/WRF/inc -I/home/onishi/NETCDF_DIR2//include  -real-size `expr 8 \* 4` -i4  module_sf_urban.f90
0.65user 0.09system 0:00.76elapsed 98%CPU (0avgtext+0avgdata 77372maxresident)k
56inputs+616outputs (0major+15597minor)pagefaults 0swaps
rm -f module_sf_bem.o
sed -e "s/^\!.*'.*//" -e "s/^ *\!.*'.*//" module_sf_bem.F > module_sf_bem.G
/lib/cpp -P -nostdinc -I/home/onishi/WRF/external/ioapi_share -I/home/onishi/WRF/inc -DEM_CORE=1 -DNMM_CORE=0 -DNMM_MAX_DIM=2600 -DDA_CORE=0 -DWRFPLUS=0 -DIWORDSIZE=4 -DDWORDSIZE=8 -DRWORDSIZE=4 -DLWORDSIZE=4 -DNONSTANDARD_SYSTEM_FUNC  -DWRF_USE_CLM -DUSE_NETCDF4_FEATURES -DWRFIO_NCD_LARGE_FILE_SUPPORT  -DDM_PARALLEL -DNETCDF -DGRIB2 -DHDF5 -DLANDREAD_STUB=1 -DUSE_ALLOCATABLES -Dwrfmodel -DGRIB1 -DINTIO -DKEEP_INT_AROUND -DLIMIT_ARGS -DBUILD_RRTMG_FAST=0 -DBUILD_RRTMK=0 -DBUILD_SBM_FAST=1 -DSHOW_ALL_VARS_USED=0 -DCONFIG_BUF_LEN=65536 -DMAX_DOMAINS_F=21 -DMAX_HISTORY=25 -DNMM_NEST=0 -DWRF_CHEM -DBUILD_CHEM=1 -DWRF_KPP -I. -traditional-cpp -DUSE_NETCDF4_FEATURES -DWRFIO_NCD_LARGE_FILE_SUPPORT   module_sf_bem.G  > module_sf_bem.bb
/home/onishi/WRF/tools/standard.exe module_sf_bem.bb | /lib/cpp -P -nostdinc -I/home/onishi/WRF/external/ioapi_share -traditional-cpp -DUSE_NETCDF4_FEATURES -DWRFIO_NCD_LARGE_FILE_SUPPORT > module_sf_bem.f90
rm -f module_sf_bem.G module_sf_bem.bb
time mpif90 -f90=ifort -o module_sf_bem.o -c -O3 -ip -fp-model precise -w -ftz -align all -fno-alias -FR -convert big_endian    -I../dyn_em  -I/home/onishi/WRF/external/esmf_time_f90  -I/home/onishi/WRF/main -I/home/onishi/WRF/external/io_netcdf -I/home/onishi/WRF/external/io_int -I/home/onishi/WRF/frame -I/home/onishi/WRF/share -I/home/onishi/WRF/phys -I/home/onishi/WRF/wrftladj -I/home/onishi/WRF/chem -I/home/onishi/WRF/inc -I/home/onishi/NETCDF_DIR2//include  -real-size `expr 8 \* 4` -i4  module_sf_bem.f90
1.32user 0.12system 0:01.46elapsed 98%CPU (0avgtext+0avgdata 82828maxresident)k
96inputs+1016outputs (0major+18201minor)pagefaults 0swaps
rm -f module_sf_ctsm.o
sed -e "s/^\!.*'.*//" -e "s/^ *\!.*'.*//" module_sf_ctsm.F > module_sf_ctsm.G
/lib/cpp -P -nostdinc -I/home/onishi/WRF/external/ioapi_share -I/home/onishi/WRF/inc -DEM_CORE=1 -DNMM_CORE=0 -DNMM_MAX_DIM=2600 -DDA_CORE=0 -DWRFPLUS=0 -DIWORDSIZE=4 -DDWORDSIZE=8 -DRWORDSIZE=4 -DLWORDSIZE=4 -DNONSTANDARD_SYSTEM_FUNC  -DWRF_USE_CLM -DUSE_NETCDF4_FEATURES -DWRFIO_NCD_LARGE_FILE_SUPPORT  -DDM_PARALLEL -DNETCDF -DGRIB2 -DHDF5 -DLANDREAD_STUB=1 -DUSE_ALLOCATABLES -Dwrfmodel -DGRIB1 -DINTIO -DKEEP_INT_AROUND -DLIMIT_ARGS -DBUILD_RRTMG_FAST=0 -DBUILD_RRTMK=0 -DBUILD_SBM_FAST=1 -DSHOW_ALL_VARS_USED=0 -DCONFIG_BUF_LEN=65536 -DMAX_DOMAINS_F=21 -DMAX_HISTORY=25 -DNMM_NEST=0 -DWRF_CHEM -DBUILD_CHEM=1 -DWRF_KPP -I. -traditional-cpp -DUSE_NETCDF4_FEATURES -DWRFIO_NCD_LARGE_FILE_SUPPORT   module_sf_ctsm.G  > module_sf_ctsm.bb
/home/onishi/WRF/tools/standard.exe module_sf_ctsm.bb | /lib/cpp -P -nostdinc -I/home/onishi/WRF/external/ioapi_share -traditional-cpp -DUSE_NETCDF4_FEATURES -DWRFIO_NCD_LARGE_FILE_SUPPORT > module_sf_ctsm.f90
rm -f module_sf_ctsm.G module_sf_ctsm.bb
time mpif90 -f90=ifort -o module_sf_ctsm.o -c -O3 -ip -fp-model precise -w -ftz -align all -fno-alias -FR -convert big_endian    -I../dyn_em  -I/home/onishi/WRF/external/esmf_time_f90  -I/home/onishi/WRF/main -I/home/onishi/WRF/external/io_netcdf -I/home/onishi/WRF/external/io_int -I/home/onishi/WRF/frame -I/home/onishi/WRF/share -I/home/onishi/WRF/phys -I/home/onishi/WRF/wrftladj -I/home/onishi/WRF/chem -I/home/onishi/WRF/inc -I/home/onishi/NETCDF_DIR2//include  -real-size `expr 8 \* 4` -i4  module_sf_ctsm.f90
0.00user 0.08system 0:00.11elapsed 75%CPU (0avgtext+0avgdata 37420maxresident)k
8inputs+96outputs (0major+5931minor)pagefaults 0swaps
rm -f module_sf_ssib.o
sed -e "s/^\!.*'.*//" -e "s/^ *\!.*'.*//" module_sf_ssib.F > module_sf_ssib.G
/lib/cpp -P -nostdinc -I/home/onishi/WRF/external/ioapi_share -I/home/onishi/WRF/inc -DEM_CORE=1 -DNMM_CORE=0 -DNMM_MAX_DIM=2600 -DDA_CORE=0 -DWRFPLUS=0 -DIWORDSIZE=4 -DDWORDSIZE=8 -DRWORDSIZE=4 -DLWORDSIZE=4 -DNONSTANDARD_SYSTEM_FUNC  -DWRF_USE_CLM -DUSE_NETCDF4_FEATURES -DWRFIO_NCD_LARGE_FILE_SUPPORT  -DDM_PARALLEL -DNETCDF -DGRIB2 -DHDF5 -DLANDREAD_STUB=1 -DUSE_ALLOCATABLES -Dwrfmodel -DGRIB1 -DINTIO -DKEEP_INT_AROUND -DLIMIT_ARGS -DBUILD_RRTMG_FAST=0 -DBUILD_RRTMK=0 -DBUILD_SBM_FAST=1 -DSHOW_ALL_VARS_USED=0 -DCONFIG_BUF_LEN=65536 -DMAX_DOMAINS_F=21 -DMAX_HISTORY=25 -DNMM_NEST=0 -DWRF_CHEM -DBUILD_CHEM=1 -DWRF_KPP -I. -traditional-cpp -DUSE_NETCDF4_FEATURES -DWRFIO_NCD_LARGE_FILE_SUPPORT   module_sf_ssib.G  > module_sf_ssib.bb
/home/onishi/WRF/tools/standard.exe module_sf_ssib.bb | /lib/cpp -P -nostdinc -I/home/onishi/WRF/external/ioapi_share -traditional-cpp -DUSE_NETCDF4_FEATURES -DWRFIO_NCD_LARGE_FILE_SUPPORT > module_sf_ssib.f90
rm -f module_sf_ssib.G module_sf_ssib.bb
time mpif90 -f90=ifort -o module_sf_ssib.o -c -O3 -ip -fp-model precise -w -ftz -align all -fno-alias -FR -convert big_endian    -I../dyn_em  -I/home/onishi/WRF/external/esmf_time_f90  -I/home/onishi/WRF/main -I/home/onishi/WRF/external/io_netcdf -I/home/onishi/WRF/external/io_int -I/home/onishi/WRF/frame -I/home/onishi/WRF/share -I/home/onishi/WRF/phys -I/home/onishi/WRF/wrftladj -I/home/onishi/WRF/chem -I/home/onishi/WRF/inc -I/home/onishi/NETCDF_DIR2//include  -real-size `expr 8 \* 4` -i4  module_sf_ssib.f90
3.56user 0.22system 0:03.81elapsed 99%CPU (0avgtext+0avgdata 166040maxresident)k
240inputs+2984outputs (0major+47184minor)pagefaults 0swaps
rm -f module_sf_noah_seaice.o
sed -e "s/^\!.*'.*//" -e "s/^ *\!.*'.*//" module_sf_noah_seaice.F > module_sf_noah_seaice.G
/lib/cpp -P -nostdinc -I/home/onishi/WRF/external/ioapi_share -I/home/onishi/WRF/inc -DEM_CORE=1 -DNMM_CORE=0 -DNMM_MAX_DIM=2600 -DDA_CORE=0 -DWRFPLUS=0 -DIWORDSIZE=4 -DDWORDSIZE=8 -DRWORDSIZE=4 -DLWORDSIZE=4 -DNONSTANDARD_SYSTEM_FUNC  -DWRF_USE_CLM -DUSE_NETCDF4_FEATURES -DWRFIO_NCD_LARGE_FILE_SUPPORT  -DDM_PARALLEL -DNETCDF -DGRIB2 -DHDF5 -DLANDREAD_STUB=1 -DUSE_ALLOCATABLES -Dwrfmodel -DGRIB1 -DINTIO -DKEEP_INT_AROUND -DLIMIT_ARGS -DBUILD_RRTMG_FAST=0 -DBUILD_RRTMK=0 -DBUILD_SBM_FAST=1 -DSHOW_ALL_VARS_USED=0 -DCONFIG_BUF_LEN=65536 -DMAX_DOMAINS_F=21 -DMAX_HISTORY=25 -DNMM_NEST=0 -DWRF_CHEM -DBUILD_CHEM=1 -DWRF_KPP -I. -traditional-cpp -DUSE_NETCDF4_FEATURES -DWRFIO_NCD_LARGE_FILE_SUPPORT   module_sf_noah_seaice.G  > module_sf_noah_seaice.bb
/home/onishi/WRF/tools/standard.exe module_sf_noah_seaice.bb | /lib/cpp -P -nostdinc -I/home/onishi/WRF/external/ioapi_share -traditional-cpp -DUSE_NETCDF4_FEATURES -DWRFIO_NCD_LARGE_FILE_SUPPORT > module_sf_noah_seaice.f90
rm -f module_sf_noah_seaice.G module_sf_noah_seaice.bb
time mpif90 -f90=ifort -o module_sf_noah_seaice.o -c -O3 -ip -fp-model precise -w -ftz -align all -fno-alias -FR -convert big_endian    -I../dyn_em  -I/home/onishi/WRF/external/esmf_time_f90  -I/home/onishi/WRF/main -I/home/onishi/WRF/external/io_netcdf -I/home/onishi/WRF/external/io_int -I/home/onishi/WRF/frame -I/home/onishi/WRF/share -I/home/onishi/WRF/phys -I/home/onishi/WRF/wrftladj -I/home/onishi/WRF/chem -I/home/onishi/WRF/inc -I/home/onishi/NETCDF_DIR2//include  -real-size `expr 8 \* 4` -i4  module_sf_noah_seaice.f90
0.29user 0.08system 0:00.41elapsed 91%CPU (0avgtext+0avgdata 54140maxresident)k
232inputs+304outputs (0major+9443minor)pagefaults 0swaps
rm -f module_sf_noahmp_glacier.o
sed -e "s/^\!.*'.*//" -e "s/^ *\!.*'.*//" module_sf_noahmp_glacier.F > module_sf_noahmp_glacier.G
/lib/cpp -P -nostdinc -I/home/onishi/WRF/external/ioapi_share -I/home/onishi/WRF/inc -DEM_CORE=1 -DNMM_CORE=0 -DNMM_MAX_DIM=2600 -DDA_CORE=0 -DWRFPLUS=0 -DIWORDSIZE=4 -DDWORDSIZE=8 -DRWORDSIZE=4 -DLWORDSIZE=4 -DNONSTANDARD_SYSTEM_FUNC  -DWRF_USE_CLM -DUSE_NETCDF4_FEATURES -DWRFIO_NCD_LARGE_FILE_SUPPORT  -DDM_PARALLEL -DNETCDF -DGRIB2 -DHDF5 -DLANDREAD_STUB=1 -DUSE_ALLOCATABLES -Dwrfmodel -DGRIB1 -DINTIO -DKEEP_INT_AROUND -DLIMIT_ARGS -DBUILD_RRTMG_FAST=0 -DBUILD_RRTMK=0 -DBUILD_SBM_FAST=1 -DSHOW_ALL_VARS_USED=0 -DCONFIG_BUF_LEN=65536 -DMAX_DOMAINS_F=21 -DMAX_HISTORY=25 -DNMM_NEST=0 -DWRF_CHEM -DBUILD_CHEM=1 -DWRF_KPP -I. -traditional-cpp -DUSE_NETCDF4_FEATURES -DWRFIO_NCD_LARGE_FILE_SUPPORT   module_sf_noahmp_glacier.G  > module_sf_noahmp_glacier.bb
/home/onishi/WRF/tools/standard.exe module_sf_noahmp_glacier.bb | /lib/cpp -P -nostdinc -I/home/onishi/WRF/external/ioapi_share -traditional-cpp -DUSE_NETCDF4_FEATURES -DWRFIO_NCD_LARGE_FILE_SUPPORT > module_sf_noahmp_glacier.f90
rm -f module_sf_noahmp_glacier.G module_sf_noahmp_glacier.bb
time mpif90 -f90=ifort -o module_sf_noahmp_glacier.o -c -O3 -ip -fp-model precise -w -ftz -align all -fno-alias -FR -convert big_endian    -I../dyn_em  -I/home/onishi/WRF/external/esmf_time_f90  -I/home/onishi/WRF/main -I/home/onishi/WRF/external/io_netcdf -I/home/onishi/WRF/external/io_int -I/home/onishi/WRF/frame -I/home/onishi/WRF/share -I/home/onishi/WRF/phys -I/home/onishi/WRF/wrftladj -I/home/onishi/WRF/chem -I/home/onishi/WRF/inc -I/home/onishi/NETCDF_DIR2//include  -real-size `expr 8 \* 4` -i4  module_sf_noahmp_glacier.f90
2.71user 0.12system 0:02.85elapsed 99%CPU (0avgtext+0avgdata 86016maxresident)k
376inputs+2832outputs (0major+22424minor)pagefaults 0swaps
rm -f module_sf_pxlsm_data.o
sed -e "s/^\!.*'.*//" -e "s/^ *\!.*'.*//" module_sf_pxlsm_data.F > module_sf_pxlsm_data.G
/lib/cpp -P -nostdinc -I/home/onishi/WRF/external/ioapi_share -I/home/onishi/WRF/inc -DEM_CORE=1 -DNMM_CORE=0 -DNMM_MAX_DIM=2600 -DDA_CORE=0 -DWRFPLUS=0 -DIWORDSIZE=4 -DDWORDSIZE=8 -DRWORDSIZE=4 -DLWORDSIZE=4 -DNONSTANDARD_SYSTEM_FUNC  -DWRF_USE_CLM -DUSE_NETCDF4_FEATURES -DWRFIO_NCD_LARGE_FILE_SUPPORT  -DDM_PARALLEL -DNETCDF -DGRIB2 -DHDF5 -DLANDREAD_STUB=1 -DUSE_ALLOCATABLES -Dwrfmodel -DGRIB1 -DINTIO -DKEEP_INT_AROUND -DLIMIT_ARGS -DBUILD_RRTMG_FAST=0 -DBUILD_RRTMK=0 -DBUILD_SBM_FAST=1 -DSHOW_ALL_VARS_USED=0 -DCONFIG_BUF_LEN=65536 -DMAX_DOMAINS_F=21 -DMAX_HISTORY=25 -DNMM_NEST=0 -DWRF_CHEM -DBUILD_CHEM=1 -DWRF_KPP -I. -traditional-cpp -DUSE_NETCDF4_FEATURES -DWRFIO_NCD_LARGE_FILE_SUPPORT   module_sf_pxlsm_data.G  > module_sf_pxlsm_data.bb
/home/onishi/WRF/tools/standard.exe module_sf_pxlsm_data.bb | /lib/cpp -P -nostdinc -I/home/onishi/WRF/external/ioapi_share -traditional-cpp -DUSE_NETCDF4_FEATURES -DWRFIO_NCD_LARGE_FILE_SUPPORT > module_sf_pxlsm_data.f90
rm -f module_sf_pxlsm_data.G module_sf_pxlsm_data.bb
time mpif90 -f90=ifort -o module_sf_pxlsm_data.o -c -O3 -ip -fp-model precise -w -ftz -align all -fno-alias -FR -convert big_endian    -I../dyn_em  -I/home/onishi/WRF/external/esmf_time_f90  -I/home/onishi/WRF/main -I/home/onishi/WRF/external/io_netcdf -I/home/onishi/WRF/external/io_int -I/home/onishi/WRF/frame -I/home/onishi/WRF/share -I/home/onishi/WRF/phys -I/home/onishi/WRF/wrftladj -I/home/onishi/WRF/chem -I/home/onishi/WRF/inc -I/home/onishi/NETCDF_DIR2//include  -real-size `expr 8 \* 4` -i4  module_sf_pxlsm_data.f90
0.02user 0.07system 0:00.10elapsed 87%CPU (0avgtext+0avgdata 38572maxresident)k
64inputs+120outputs (0major+6113minor)pagefaults 0swaps
rm -f module_sf_ruclsm.o
/home/onishi/WRF/tools/standard.exe module_sf_ruclsm.F > module_sf_ruclsm.b 
/lib/cpp -P -nostdinc -I/home/onishi/WRF/external/ioapi_share -I/home/onishi/WRF/inc -DEM_CORE=1 -DNMM_CORE=0 -DNMM_MAX_DIM=2600 -DDA_CORE=0 -DWRFPLUS=0 -DIWORDSIZE=4 -DDWORDSIZE=8 -DRWORDSIZE=4 -DLWORDSIZE=4 -DNONSTANDARD_SYSTEM_FUNC  -DWRF_USE_CLM -DUSE_NETCDF4_FEATURES -DWRFIO_NCD_LARGE_FILE_SUPPORT  -DDM_PARALLEL -DNETCDF -DGRIB2 -DHDF5 -DLANDREAD_STUB=1 -DUSE_ALLOCATABLES -Dwrfmodel -DGRIB1 -DINTIO -DKEEP_INT_AROUND -DLIMIT_ARGS -DBUILD_RRTMG_FAST=0 -DBUILD_RRTMK=0 -DBUILD_SBM_FAST=1 -DSHOW_ALL_VARS_USED=0 -DCONFIG_BUF_LEN=65536 -DMAX_DOMAINS_F=21 -DMAX_HISTORY=25 -DNMM_NEST=0 -DWRF_CHEM -DBUILD_CHEM=1 -DWRF_KPP -I. -traditional-cpp -DUSE_NETCDF4_FEATURES -DWRFIO_NCD_LARGE_FILE_SUPPORT   module_sf_ruclsm.b  > module_sf_ruclsm.f90
rm -f module_sf_ruclsm.b
time mpif90 -f90=ifort -c -real-size `expr 8 \* 4` -i4 -O3 -ip -fp-model precise -w -ftz -align all -fno-alias -FR -convert big_endian   -I../dyn_em  -I/home/onishi/WRF/external/esmf_time_f90  -I/home/onishi/WRF/main -I/home/onishi/WRF/external/io_netcdf -I/home/onishi/WRF/external/io_int -I/home/onishi/WRF/frame -I/home/onishi/WRF/share -I/home/onishi/WRF/phys -I/home/onishi/WRF/wrftladj -I/home/onishi/WRF/chem -I/home/onishi/WRF/inc -I/home/onishi/NETCDF_DIR2//include    module_sf_ruclsm.f90
2.08user 0.15system 0:02.25elapsed 99%CPU (0avgtext+0avgdata 76644maxresident)k
216inputs+1184outputs (0major+20418minor)pagefaults 0swaps
rm -f module_sf_sfcdiags.o
sed -e "s/^\!.*'.*//" -e "s/^ *\!.*'.*//" module_sf_sfcdiags.F > module_sf_sfcdiags.G
/lib/cpp -P -nostdinc -I/home/onishi/WRF/external/ioapi_share -I/home/onishi/WRF/inc -DEM_CORE=1 -DNMM_CORE=0 -DNMM_MAX_DIM=2600 -DDA_CORE=0 -DWRFPLUS=0 -DIWORDSIZE=4 -DDWORDSIZE=8 -DRWORDSIZE=4 -DLWORDSIZE=4 -DNONSTANDARD_SYSTEM_FUNC  -DWRF_USE_CLM -DUSE_NETCDF4_FEATURES -DWRFIO_NCD_LARGE_FILE_SUPPORT  -DDM_PARALLEL -DNETCDF -DGRIB2 -DHDF5 -DLANDREAD_STUB=1 -DUSE_ALLOCATABLES -Dwrfmodel -DGRIB1 -DINTIO -DKEEP_INT_AROUND -DLIMIT_ARGS -DBUILD_RRTMG_FAST=0 -DBUILD_RRTMK=0 -DBUILD_SBM_FAST=1 -DSHOW_ALL_VARS_USED=0 -DCONFIG_BUF_LEN=65536 -DMAX_DOMAINS_F=21 -DMAX_HISTORY=25 -DNMM_NEST=0 -DWRF_CHEM -DBUILD_CHEM=1 -DWRF_KPP -I. -traditional-cpp -DUSE_NETCDF4_FEATURES -DWRFIO_NCD_LARGE_FILE_SUPPORT   module_sf_sfcdiags.G  > module_sf_sfcdiags.bb
/home/onishi/WRF/tools/standard.exe module_sf_sfcdiags.bb | /lib/cpp -P -nostdinc -I/home/onishi/WRF/external/ioapi_share -traditional-cpp -DUSE_NETCDF4_FEATURES -DWRFIO_NCD_LARGE_FILE_SUPPORT > module_sf_sfcdiags.f90
rm -f module_sf_sfcdiags.G module_sf_sfcdiags.bb
time mpif90 -f90=ifort -o module_sf_sfcdiags.o -c -O3 -ip -fp-model precise -w -ftz -align all -fno-alias -FR -convert big_endian    -I../dyn_em  -I/home/onishi/WRF/external/esmf_time_f90  -I/home/onishi/WRF/main -I/home/onishi/WRF/external/io_netcdf -I/home/onishi/WRF/external/io_int -I/home/onishi/WRF/frame -I/home/onishi/WRF/share -I/home/onishi/WRF/phys -I/home/onishi/WRF/wrftladj -I/home/onishi/WRF/chem -I/home/onishi/WRF/inc -I/home/onishi/NETCDF_DIR2//include  -real-size `expr 8 \* 4` -i4  module_sf_sfcdiags.f90
0.04user 0.08system 0:00.15elapsed 80%CPU (0avgtext+0avgdata 45940maxresident)k
8inputs+136outputs (0major+7264minor)pagefaults 0swaps
rm -f module_sf_sfcdiags_ruclsm.o
sed -e "s/^\!.*'.*//" -e "s/^ *\!.*'.*//" module_sf_sfcdiags_ruclsm.F > module_sf_sfcdiags_ruclsm.G
/lib/cpp -P -nostdinc -I/home/onishi/WRF/external/ioapi_share -I/home/onishi/WRF/inc -DEM_CORE=1 -DNMM_CORE=0 -DNMM_MAX_DIM=2600 -DDA_CORE=0 -DWRFPLUS=0 -DIWORDSIZE=4 -DDWORDSIZE=8 -DRWORDSIZE=4 -DLWORDSIZE=4 -DNONSTANDARD_SYSTEM_FUNC  -DWRF_USE_CLM -DUSE_NETCDF4_FEATURES -DWRFIO_NCD_LARGE_FILE_SUPPORT  -DDM_PARALLEL -DNETCDF -DGRIB2 -DHDF5 -DLANDREAD_STUB=1 -DUSE_ALLOCATABLES -Dwrfmodel -DGRIB1 -DINTIO -DKEEP_INT_AROUND -DLIMIT_ARGS -DBUILD_RRTMG_FAST=0 -DBUILD_RRTMK=0 -DBUILD_SBM_FAST=1 -DSHOW_ALL_VARS_USED=0 -DCONFIG_BUF_LEN=65536 -DMAX_DOMAINS_F=21 -DMAX_HISTORY=25 -DNMM_NEST=0 -DWRF_CHEM -DBUILD_CHEM=1 -DWRF_KPP -I. -traditional-cpp -DUSE_NETCDF4_FEATURES -DWRFIO_NCD_LARGE_FILE_SUPPORT   module_sf_sfcdiags_ruclsm.G  > module_sf_sfcdiags_ruclsm.bb
/home/onishi/WRF/tools/standard.exe module_sf_sfcdiags_ruclsm.bb | /lib/cpp -P -nostdinc -I/home/onishi/WRF/external/ioapi_share -traditional-cpp -DUSE_NETCDF4_FEATURES -DWRFIO_NCD_LARGE_FILE_SUPPORT > module_sf_sfcdiags_ruclsm.f90
rm -f module_sf_sfcdiags_ruclsm.G module_sf_sfcdiags_ruclsm.bb
time mpif90 -f90=ifort -o module_sf_sfcdiags_ruclsm.o -c -O3 -ip -fp-model precise -w -ftz -align all -fno-alias -FR -convert big_endian    -I../dyn_em  -I/home/onishi/WRF/external/esmf_time_f90  -I/home/onishi/WRF/main -I/home/onishi/WRF/external/io_netcdf -I/home/onishi/WRF/external/io_int -I/home/onishi/WRF/frame -I/home/onishi/WRF/share -I/home/onishi/WRF/phys -I/home/onishi/WRF/wrftladj -I/home/onishi/WRF/chem -I/home/onishi/WRF/inc -I/home/onishi/NETCDF_DIR2//include  -real-size `expr 8 \* 4` -i4  module_sf_sfcdiags_ruclsm.f90
0.07user 0.07system 0:00.16elapsed 92%CPU (0avgtext+0avgdata 47676maxresident)k
16inputs+176outputs (0major+7860minor)pagefaults 0swaps
rm -f module_sf_sstskin.o
sed -e "s/^\!.*'.*//" -e "s/^ *\!.*'.*//" module_sf_sstskin.F > module_sf_sstskin.G
/lib/cpp -P -nostdinc -I/home/onishi/WRF/external/ioapi_share -I/home/onishi/WRF/inc -DEM_CORE=1 -DNMM_CORE=0 -DNMM_MAX_DIM=2600 -DDA_CORE=0 -DWRFPLUS=0 -DIWORDSIZE=4 -DDWORDSIZE=8 -DRWORDSIZE=4 -DLWORDSIZE=4 -DNONSTANDARD_SYSTEM_FUNC  -DWRF_USE_CLM -DUSE_NETCDF4_FEATURES -DWRFIO_NCD_LARGE_FILE_SUPPORT  -DDM_PARALLEL -DNETCDF -DGRIB2 -DHDF5 -DLANDREAD_STUB=1 -DUSE_ALLOCATABLES -Dwrfmodel -DGRIB1 -DINTIO -DKEEP_INT_AROUND -DLIMIT_ARGS -DBUILD_RRTMG_FAST=0 -DBUILD_RRTMK=0 -DBUILD_SBM_FAST=1 -DSHOW_ALL_VARS_USED=0 -DCONFIG_BUF_LEN=65536 -DMAX_DOMAINS_F=21 -DMAX_HISTORY=25 -DNMM_NEST=0 -DWRF_CHEM -DBUILD_CHEM=1 -DWRF_KPP -I. -traditional-cpp -DUSE_NETCDF4_FEATURES -DWRFIO_NCD_LARGE_FILE_SUPPORT   module_sf_sstskin.G  > module_sf_sstskin.bb
/home/onishi/WRF/tools/standard.exe module_sf_sstskin.bb | /lib/cpp -P -nostdinc -I/home/onishi/WRF/external/ioapi_share -traditional-cpp -DUSE_NETCDF4_FEATURES -DWRFIO_NCD_LARGE_FILE_SUPPORT > module_sf_sstskin.f90
rm -f module_sf_sstskin.G module_sf_sstskin.bb
time mpif90 -f90=ifort -o module_sf_sstskin.o -c -O3 -ip -fp-model precise -w -ftz -align all -fno-alias -FR -convert big_endian    -I../dyn_em  -I/home/onishi/WRF/external/esmf_time_f90  -I/home/onishi/WRF/main -I/home/onishi/WRF/external/io_netcdf -I/home/onishi/WRF/external/io_int -I/home/onishi/WRF/frame -I/home/onishi/WRF/share -I/home/onishi/WRF/phys -I/home/onishi/WRF/wrftladj -I/home/onishi/WRF/chem -I/home/onishi/WRF/inc -I/home/onishi/NETCDF_DIR2//include  -real-size `expr 8 \* 4` -i4  module_sf_sstskin.f90
0.05user 0.06system 0:00.13elapsed 89%CPU (0avgtext+0avgdata 45788maxresident)k
8inputs+152outputs (0major+7306minor)pagefaults 0swaps
rm -f module_sf_tmnupdate.o
sed -e "s/^\!.*'.*//" -e "s/^ *\!.*'.*//" module_sf_tmnupdate.F > module_sf_tmnupdate.G
/lib/cpp -P -nostdinc -I/home/onishi/WRF/external/ioapi_share -I/home/onishi/WRF/inc -DEM_CORE=1 -DNMM_CORE=0 -DNMM_MAX_DIM=2600 -DDA_CORE=0 -DWRFPLUS=0 -DIWORDSIZE=4 -DDWORDSIZE=8 -DRWORDSIZE=4 -DLWORDSIZE=4 -DNONSTANDARD_SYSTEM_FUNC  -DWRF_USE_CLM -DUSE_NETCDF4_FEATURES -DWRFIO_NCD_LARGE_FILE_SUPPORT  -DDM_PARALLEL -DNETCDF -DGRIB2 -DHDF5 -DLANDREAD_STUB=1 -DUSE_ALLOCATABLES -Dwrfmodel -DGRIB1 -DINTIO -DKEEP_INT_AROUND -DLIMIT_ARGS -DBUILD_RRTMG_FAST=0 -DBUILD_RRTMK=0 -DBUILD_SBM_FAST=1 -DSHOW_ALL_VARS_USED=0 -DCONFIG_BUF_LEN=65536 -DMAX_DOMAINS_F=21 -DMAX_HISTORY=25 -DNMM_NEST=0 -DWRF_CHEM -DBUILD_CHEM=1 -DWRF_KPP -I. -traditional-cpp -DUSE_NETCDF4_FEATURES -DWRFIO_NCD_LARGE_FILE_SUPPORT   module_sf_tmnupdate.G  > module_sf_tmnupdate.bb
/home/onishi/WRF/tools/standard.exe module_sf_tmnupdate.bb | /lib/cpp -P -nostdinc -I/home/onishi/WRF/external/ioapi_share -traditional-cpp -DUSE_NETCDF4_FEATURES -DWRFIO_NCD_LARGE_FILE_SUPPORT > module_sf_tmnupdate.f90
rm -f module_sf_tmnupdate.G module_sf_tmnupdate.bb
time mpif90 -f90=ifort -o module_sf_tmnupdate.o -c -O3 -ip -fp-model precise -w -ftz -align all -fno-alias -FR -convert big_endian    -I../dyn_em  -I/home/onishi/WRF/external/esmf_time_f90  -I/home/onishi/WRF/main -I/home/onishi/WRF/external/io_netcdf -I/home/onishi/WRF/external/io_int -I/home/onishi/WRF/frame -I/home/onishi/WRF/share -I/home/onishi/WRF/phys -I/home/onishi/WRF/wrftladj -I/home/onishi/WRF/chem -I/home/onishi/WRF/inc -I/home/onishi/NETCDF_DIR2//include  -real-size `expr 8 \* 4` -i4  module_sf_tmnupdate.f90
0.12user 0.08system 0:00.22elapsed 94%CPU (0avgtext+0avgdata 53448maxresident)k
8inputs+152outputs (0major+9067minor)pagefaults 0swaps
rm -f module_sf_oml.o
sed -e "s/^\!.*'.*//" -e "s/^ *\!.*'.*//" module_sf_oml.F > module_sf_oml.G
/lib/cpp -P -nostdinc -I/home/onishi/WRF/external/ioapi_share -I/home/onishi/WRF/inc -DEM_CORE=1 -DNMM_CORE=0 -DNMM_MAX_DIM=2600 -DDA_CORE=0 -DWRFPLUS=0 -DIWORDSIZE=4 -DDWORDSIZE=8 -DRWORDSIZE=4 -DLWORDSIZE=4 -DNONSTANDARD_SYSTEM_FUNC  -DWRF_USE_CLM -DUSE_NETCDF4_FEATURES -DWRFIO_NCD_LARGE_FILE_SUPPORT  -DDM_PARALLEL -DNETCDF -DGRIB2 -DHDF5 -DLANDREAD_STUB=1 -DUSE_ALLOCATABLES -Dwrfmodel -DGRIB1 -DINTIO -DKEEP_INT_AROUND -DLIMIT_ARGS -DBUILD_RRTMG_FAST=0 -DBUILD_RRTMK=0 -DBUILD_SBM_FAST=1 -DSHOW_ALL_VARS_USED=0 -DCONFIG_BUF_LEN=65536 -DMAX_DOMAINS_F=21 -DMAX_HISTORY=25 -DNMM_NEST=0 -DWRF_CHEM -DBUILD_CHEM=1 -DWRF_KPP -I. -traditional-cpp -DUSE_NETCDF4_FEATURES -DWRFIO_NCD_LARGE_FILE_SUPPORT   module_sf_oml.G  > module_sf_oml.bb
/home/onishi/WRF/tools/standard.exe module_sf_oml.bb | /lib/cpp -P -nostdinc -I/home/onishi/WRF/external/ioapi_share -traditional-cpp -DUSE_NETCDF4_FEATURES -DWRFIO_NCD_LARGE_FILE_SUPPORT > module_sf_oml.f90
rm -f module_sf_oml.G module_sf_oml.bb
time mpif90 -f90=ifort -o module_sf_oml.o -c -O3 -ip -fp-model precise -w -ftz -align all -fno-alias -FR -convert big_endian    -I../dyn_em  -I/home/onishi/WRF/external/esmf_time_f90  -I/home/onishi/WRF/main -I/home/onishi/WRF/external/io_netcdf -I/home/onishi/WRF/external/io_int -I/home/onishi/WRF/frame -I/home/onishi/WRF/share -I/home/onishi/WRF/phys -I/home/onishi/WRF/wrftladj -I/home/onishi/WRF/chem -I/home/onishi/WRF/inc -I/home/onishi/NETCDF_DIR2//include  -real-size `expr 8 \* 4` -i4  module_sf_oml.f90
0.15user 0.07system 0:00.24elapsed 94%CPU (0avgtext+0avgdata 52772maxresident)k
16inputs+184outputs (0major+9003minor)pagefaults 0swaps
rm -f module_sf_3dpwp.o
sed -e "s/^\!.*'.*//" -e "s/^ *\!.*'.*//" module_sf_3dpwp.F > module_sf_3dpwp.G
/lib/cpp -P -nostdinc -I/home/onishi/WRF/external/ioapi_share -I/home/onishi/WRF/inc -DEM_CORE=1 -DNMM_CORE=0 -DNMM_MAX_DIM=2600 -DDA_CORE=0 -DWRFPLUS=0 -DIWORDSIZE=4 -DDWORDSIZE=8 -DRWORDSIZE=4 -DLWORDSIZE=4 -DNONSTANDARD_SYSTEM_FUNC  -DWRF_USE_CLM -DUSE_NETCDF4_FEATURES -DWRFIO_NCD_LARGE_FILE_SUPPORT  -DDM_PARALLEL -DNETCDF -DGRIB2 -DHDF5 -DLANDREAD_STUB=1 -DUSE_ALLOCATABLES -Dwrfmodel -DGRIB1 -DINTIO -DKEEP_INT_AROUND -DLIMIT_ARGS -DBUILD_RRTMG_FAST=0 -DBUILD_RRTMK=0 -DBUILD_SBM_FAST=1 -DSHOW_ALL_VARS_USED=0 -DCONFIG_BUF_LEN=65536 -DMAX_DOMAINS_F=21 -DMAX_HISTORY=25 -DNMM_NEST=0 -DWRF_CHEM -DBUILD_CHEM=1 -DWRF_KPP -I. -traditional-cpp -DUSE_NETCDF4_FEATURES -DWRFIO_NCD_LARGE_FILE_SUPPORT   module_sf_3dpwp.G  > module_sf_3dpwp.bb
/home/onishi/WRF/tools/standard.exe module_sf_3dpwp.bb | /lib/cpp -P -nostdinc -I/home/onishi/WRF/external/ioapi_share -traditional-cpp -DUSE_NETCDF4_FEATURES -DWRFIO_NCD_LARGE_FILE_SUPPORT > module_sf_3dpwp.f90
rm -f module_sf_3dpwp.G module_sf_3dpwp.bb
time mpif90 -f90=ifort -o module_sf_3dpwp.o -c -O3 -ip -fp-model precise -w -ftz -align all -fno-alias -FR -convert big_endian    -I../dyn_em  -I/home/onishi/WRF/external/esmf_time_f90  -I/home/onishi/WRF/main -I/home/onishi/WRF/external/io_netcdf -I/home/onishi/WRF/external/io_int -I/home/onishi/WRF/frame -I/home/onishi/WRF/share -I/home/onishi/WRF/phys -I/home/onishi/WRF/wrftladj -I/home/onishi/WRF/chem -I/home/onishi/WRF/inc -I/home/onishi/NETCDF_DIR2//include  -real-size `expr 8 \* 4` -i4  module_sf_3dpwp.f90
6.34user 0.19system 0:06.56elapsed 99%CPU (0avgtext+0avgdata 177448maxresident)k
424inputs+4432outputs (0major+44612minor)pagefaults 0swaps
rm -f module_sf_qnsesfc.o
sed -e "s/^\!.*'.*//" -e "s/^ *\!.*'.*//" module_sf_qnsesfc.F > module_sf_qnsesfc.G
/lib/cpp -P -nostdinc -I/home/onishi/WRF/external/ioapi_share -I/home/onishi/WRF/inc -DEM_CORE=1 -DNMM_CORE=0 -DNMM_MAX_DIM=2600 -DDA_CORE=0 -DWRFPLUS=0 -DIWORDSIZE=4 -DDWORDSIZE=8 -DRWORDSIZE=4 -DLWORDSIZE=4 -DNONSTANDARD_SYSTEM_FUNC  -DWRF_USE_CLM -DUSE_NETCDF4_FEATURES -DWRFIO_NCD_LARGE_FILE_SUPPORT  -DDM_PARALLEL -DNETCDF -DGRIB2 -DHDF5 -DLANDREAD_STUB=1 -DUSE_ALLOCATABLES -Dwrfmodel -DGRIB1 -DINTIO -DKEEP_INT_AROUND -DLIMIT_ARGS -DBUILD_RRTMG_FAST=0 -DBUILD_RRTMK=0 -DBUILD_SBM_FAST=1 -DSHOW_ALL_VARS_USED=0 -DCONFIG_BUF_LEN=65536 -DMAX_DOMAINS_F=21 -DMAX_HISTORY=25 -DNMM_NEST=0 -DWRF_CHEM -DBUILD_CHEM=1 -DWRF_KPP -I. -traditional-cpp -DUSE_NETCDF4_FEATURES -DWRFIO_NCD_LARGE_FILE_SUPPORT   module_sf_qnsesfc.G  > module_sf_qnsesfc.bb
/home/onishi/WRF/tools/standard.exe module_sf_qnsesfc.bb | /lib/cpp -P -nostdinc -I/home/onishi/WRF/external/ioapi_share -traditional-cpp -DUSE_NETCDF4_FEATURES -DWRFIO_NCD_LARGE_FILE_SUPPORT > module_sf_qnsesfc.f90
rm -f module_sf_qnsesfc.G module_sf_qnsesfc.bb
time mpif90 -f90=ifort -o module_sf_qnsesfc.o -c -O3 -ip -fp-model precise -w -ftz -align all -fno-alias -FR -convert big_endian    -I../dyn_em  -I/home/onishi/WRF/external/esmf_time_f90  -I/home/onishi/WRF/main -I/home/onishi/WRF/external/io_netcdf -I/home/onishi/WRF/external/io_int -I/home/onishi/WRF/frame -I/home/onishi/WRF/share -I/home/onishi/WRF/phys -I/home/onishi/WRF/wrftladj -I/home/onishi/WRF/chem -I/home/onishi/WRF/inc -I/home/onishi/NETCDF_DIR2//include  -real-size `expr 8 \* 4` -i4  module_sf_qnsesfc.f90
3.71user 0.20system 0:03.94elapsed 99%CPU (0avgtext+0avgdata 175712maxresident)k
64inputs+912outputs (0major+40777minor)pagefaults 0swaps
rm -f module_sf_fogdes.o
sed -e "s/^\!.*'.*//" -e "s/^ *\!.*'.*//" module_sf_fogdes.F > module_sf_fogdes.G
/lib/cpp -P -nostdinc -I/home/onishi/WRF/external/ioapi_share -I/home/onishi/WRF/inc -DEM_CORE=1 -DNMM_CORE=0 -DNMM_MAX_DIM=2600 -DDA_CORE=0 -DWRFPLUS=0 -DIWORDSIZE=4 -DDWORDSIZE=8 -DRWORDSIZE=4 -DLWORDSIZE=4 -DNONSTANDARD_SYSTEM_FUNC  -DWRF_USE_CLM -DUSE_NETCDF4_FEATURES -DWRFIO_NCD_LARGE_FILE_SUPPORT  -DDM_PARALLEL -DNETCDF -DGRIB2 -DHDF5 -DLANDREAD_STUB=1 -DUSE_ALLOCATABLES -Dwrfmodel -DGRIB1 -DINTIO -DKEEP_INT_AROUND -DLIMIT_ARGS -DBUILD_RRTMG_FAST=0 -DBUILD_RRTMK=0 -DBUILD_SBM_FAST=1 -DSHOW_ALL_VARS_USED=0 -DCONFIG_BUF_LEN=65536 -DMAX_DOMAINS_F=21 -DMAX_HISTORY=25 -DNMM_NEST=0 -DWRF_CHEM -DBUILD_CHEM=1 -DWRF_KPP -I. -traditional-cpp -DUSE_NETCDF4_FEATURES -DWRFIO_NCD_LARGE_FILE_SUPPORT   module_sf_fogdes.G  > module_sf_fogdes.bb
/home/onishi/WRF/tools/standard.exe module_sf_fogdes.bb | /lib/cpp -P -nostdinc -I/home/onishi/WRF/external/ioapi_share -traditional-cpp -DUSE_NETCDF4_FEATURES -DWRFIO_NCD_LARGE_FILE_SUPPORT > module_sf_fogdes.f90
rm -f module_sf_fogdes.G module_sf_fogdes.bb
time mpif90 -f90=ifort -o module_sf_fogdes.o -c -O3 -ip -fp-model precise -w -ftz -align all -fno-alias -FR -convert big_endian    -I../dyn_em  -I/home/onishi/WRF/external/esmf_time_f90  -I/home/onishi/WRF/main -I/home/onishi/WRF/external/io_netcdf -I/home/onishi/WRF/external/io_int -I/home/onishi/WRF/frame -I/home/onishi/WRF/share -I/home/onishi/WRF/phys -I/home/onishi/WRF/wrftladj -I/home/onishi/WRF/chem -I/home/onishi/WRF/inc -I/home/onishi/NETCDF_DIR2//include  -real-size `expr 8 \* 4` -i4  module_sf_fogdes.f90
0.22user 0.08system 0:00.32elapsed 93%CPU (0avgtext+0avgdata 57140maxresident)k
16inputs+288outputs (0major+10054minor)pagefaults 0swaps
rm -f module_sf_pxsfclay.o
sed -e "s/^\!.*'.*//" -e "s/^ *\!.*'.*//" module_sf_pxsfclay.F > module_sf_pxsfclay.G
/lib/cpp -P -nostdinc -I/home/onishi/WRF/external/ioapi_share -I/home/onishi/WRF/inc -DEM_CORE=1 -DNMM_CORE=0 -DNMM_MAX_DIM=2600 -DDA_CORE=0 -DWRFPLUS=0 -DIWORDSIZE=4 -DDWORDSIZE=8 -DRWORDSIZE=4 -DLWORDSIZE=4 -DNONSTANDARD_SYSTEM_FUNC  -DWRF_USE_CLM -DUSE_NETCDF4_FEATURES -DWRFIO_NCD_LARGE_FILE_SUPPORT  -DDM_PARALLEL -DNETCDF -DGRIB2 -DHDF5 -DLANDREAD_STUB=1 -DUSE_ALLOCATABLES -Dwrfmodel -DGRIB1 -DINTIO -DKEEP_INT_AROUND -DLIMIT_ARGS -DBUILD_RRTMG_FAST=0 -DBUILD_RRTMK=0 -DBUILD_SBM_FAST=1 -DSHOW_ALL_VARS_USED=0 -DCONFIG_BUF_LEN=65536 -DMAX_DOMAINS_F=21 -DMAX_HISTORY=25 -DNMM_NEST=0 -DWRF_CHEM -DBUILD_CHEM=1 -DWRF_KPP -I. -traditional-cpp -DUSE_NETCDF4_FEATURES -DWRFIO_NCD_LARGE_FILE_SUPPORT   module_sf_pxsfclay.G  > module_sf_pxsfclay.bb
/home/onishi/WRF/tools/standard.exe module_sf_pxsfclay.bb | /lib/cpp -P -nostdinc -I/home/onishi/WRF/external/ioapi_share -traditional-cpp -DUSE_NETCDF4_FEATURES -DWRFIO_NCD_LARGE_FILE_SUPPORT > module_sf_pxsfclay.f90
rm -f module_sf_pxsfclay.G module_sf_pxsfclay.bb
time mpif90 -f90=ifort -o module_sf_pxsfclay.o -c -O3 -ip -fp-model precise -w -ftz -align all -fno-alias -FR -convert big_endian    -I../dyn_em  -I/home/onishi/WRF/external/esmf_time_f90  -I/home/onishi/WRF/main -I/home/onishi/WRF/external/io_netcdf -I/home/onishi/WRF/external/io_int -I/home/onishi/WRF/frame -I/home/onishi/WRF/share -I/home/onishi/WRF/phys -I/home/onishi/WRF/wrftladj -I/home/onishi/WRF/chem -I/home/onishi/WRF/inc -I/home/onishi/NETCDF_DIR2//include  -real-size `expr 8 \* 4` -i4  module_sf_pxsfclay.f90
0.60user 0.11system 0:00.75elapsed 96%CPU (0avgtext+0avgdata 74812maxresident)k
56inputs+608outputs (0major+14928minor)pagefaults 0swaps
rm -f module_sf_temfsfclay.o
sed -e "s/^\!.*'.*//" -e "s/^ *\!.*'.*//" module_sf_temfsfclay.F > module_sf_temfsfclay.G
/lib/cpp -P -nostdinc -I/home/onishi/WRF/external/ioapi_share -I/home/onishi/WRF/inc -DEM_CORE=1 -DNMM_CORE=0 -DNMM_MAX_DIM=2600 -DDA_CORE=0 -DWRFPLUS=0 -DIWORDSIZE=4 -DDWORDSIZE=8 -DRWORDSIZE=4 -DLWORDSIZE=4 -DNONSTANDARD_SYSTEM_FUNC  -DWRF_USE_CLM -DUSE_NETCDF4_FEATURES -DWRFIO_NCD_LARGE_FILE_SUPPORT  -DDM_PARALLEL -DNETCDF -DGRIB2 -DHDF5 -DLANDREAD_STUB=1 -DUSE_ALLOCATABLES -Dwrfmodel -DGRIB1 -DINTIO -DKEEP_INT_AROUND -DLIMIT_ARGS -DBUILD_RRTMG_FAST=0 -DBUILD_RRTMK=0 -DBUILD_SBM_FAST=1 -DSHOW_ALL_VARS_USED=0 -DCONFIG_BUF_LEN=65536 -DMAX_DOMAINS_F=21 -DMAX_HISTORY=25 -DNMM_NEST=0 -DWRF_CHEM -DBUILD_CHEM=1 -DWRF_KPP -I. -traditional-cpp -DUSE_NETCDF4_FEATURES -DWRFIO_NCD_LARGE_FILE_SUPPORT   module_sf_temfsfclay.G  > module_sf_temfsfclay.bb
/home/onishi/WRF/tools/standard.exe module_sf_temfsfclay.bb | /lib/cpp -P -nostdinc -I/home/onishi/WRF/external/ioapi_share -traditional-cpp -DUSE_NETCDF4_FEATURES -DWRFIO_NCD_LARGE_FILE_SUPPORT > module_sf_temfsfclay.f90
rm -f module_sf_temfsfclay.G module_sf_temfsfclay.bb
time mpif90 -f90=ifort -o module_sf_temfsfclay.o -c -O3 -ip -fp-model precise -w -ftz -align all -fno-alias -FR -convert big_endian    -I../dyn_em  -I/home/onishi/WRF/external/esmf_time_f90  -I/home/onishi/WRF/main -I/home/onishi/WRF/external/io_netcdf -I/home/onishi/WRF/external/io_int -I/home/onishi/WRF/frame -I/home/onishi/WRF/share -I/home/onishi/WRF/phys -I/home/onishi/WRF/wrftladj -I/home/onishi/WRF/chem -I/home/onishi/WRF/inc -I/home/onishi/NETCDF_DIR2//include  -real-size `expr 8 \* 4` -i4  module_sf_temfsfclay.f90
0.43user 0.08system 0:00.54elapsed 97%CPU (0avgtext+0avgdata 63160maxresident)k
40inputs+400outputs (0major+11909minor)pagefaults 0swaps
rm -f module_sf_idealscmsfclay.o
sed -e "s/^\!.*'.*//" -e "s/^ *\!.*'.*//" module_sf_idealscmsfclay.F > module_sf_idealscmsfclay.G
/lib/cpp -P -nostdinc -I/home/onishi/WRF/external/ioapi_share -I/home/onishi/WRF/inc -DEM_CORE=1 -DNMM_CORE=0 -DNMM_MAX_DIM=2600 -DDA_CORE=0 -DWRFPLUS=0 -DIWORDSIZE=4 -DDWORDSIZE=8 -DRWORDSIZE=4 -DLWORDSIZE=4 -DNONSTANDARD_SYSTEM_FUNC  -DWRF_USE_CLM -DUSE_NETCDF4_FEATURES -DWRFIO_NCD_LARGE_FILE_SUPPORT  -DDM_PARALLEL -DNETCDF -DGRIB2 -DHDF5 -DLANDREAD_STUB=1 -DUSE_ALLOCATABLES -Dwrfmodel -DGRIB1 -DINTIO -DKEEP_INT_AROUND -DLIMIT_ARGS -DBUILD_RRTMG_FAST=0 -DBUILD_RRTMK=0 -DBUILD_SBM_FAST=1 -DSHOW_ALL_VARS_USED=0 -DCONFIG_BUF_LEN=65536 -DMAX_DOMAINS_F=21 -DMAX_HISTORY=25 -DNMM_NEST=0 -DWRF_CHEM -DBUILD_CHEM=1 -DWRF_KPP -I. -traditional-cpp -DUSE_NETCDF4_FEATURES -DWRFIO_NCD_LARGE_FILE_SUPPORT   module_sf_idealscmsfclay.G  > module_sf_idealscmsfclay.bb
/home/onishi/WRF/tools/standard.exe module_sf_idealscmsfclay.bb | /lib/cpp -P -nostdinc -I/home/onishi/WRF/external/ioapi_share -traditional-cpp -DUSE_NETCDF4_FEATURES -DWRFIO_NCD_LARGE_FILE_SUPPORT > module_sf_idealscmsfclay.f90
rm -f module_sf_idealscmsfclay.G module_sf_idealscmsfclay.bb
time mpif90 -f90=ifort -o module_sf_idealscmsfclay.o -c -O3 -ip -fp-model precise -w -ftz -align all -fno-alias -FR -convert big_endian    -I../dyn_em  -I/home/onishi/WRF/external/esmf_time_f90  -I/home/onishi/WRF/main -I/home/onishi/WRF/external/io_netcdf -I/home/onishi/WRF/external/io_int -I/home/onishi/WRF/frame -I/home/onishi/WRF/share -I/home/onishi/WRF/phys -I/home/onishi/WRF/wrftladj -I/home/onishi/WRF/chem -I/home/onishi/WRF/inc -I/home/onishi/NETCDF_DIR2//include  -real-size `expr 8 \* 4` -i4  module_sf_idealscmsfclay.f90
0.30user 0.09system 0:00.40elapsed 96%CPU (0avgtext+0avgdata 56944maxresident)k
32inputs+416outputs (0major+10590minor)pagefaults 0swaps
rm -f module_sf_scmflux.o
sed -e "s/^\!.*'.*//" -e "s/^ *\!.*'.*//" module_sf_scmflux.F > module_sf_scmflux.G
/lib/cpp -P -nostdinc -I/home/onishi/WRF/external/ioapi_share -I/home/onishi/WRF/inc -DEM_CORE=1 -DNMM_CORE=0 -DNMM_MAX_DIM=2600 -DDA_CORE=0 -DWRFPLUS=0 -DIWORDSIZE=4 -DDWORDSIZE=8 -DRWORDSIZE=4 -DLWORDSIZE=4 -DNONSTANDARD_SYSTEM_FUNC  -DWRF_USE_CLM -DUSE_NETCDF4_FEATURES -DWRFIO_NCD_LARGE_FILE_SUPPORT  -DDM_PARALLEL -DNETCDF -DGRIB2 -DHDF5 -DLANDREAD_STUB=1 -DUSE_ALLOCATABLES -Dwrfmodel -DGRIB1 -DINTIO -DKEEP_INT_AROUND -DLIMIT_ARGS -DBUILD_RRTMG_FAST=0 -DBUILD_RRTMK=0 -DBUILD_SBM_FAST=1 -DSHOW_ALL_VARS_USED=0 -DCONFIG_BUF_LEN=65536 -DMAX_DOMAINS_F=21 -DMAX_HISTORY=25 -DNMM_NEST=0 -DWRF_CHEM -DBUILD_CHEM=1 -DWRF_KPP -I. -traditional-cpp -DUSE_NETCDF4_FEATURES -DWRFIO_NCD_LARGE_FILE_SUPPORT   module_sf_scmflux.G  > module_sf_scmflux.bb
/home/onishi/WRF/tools/standard.exe module_sf_scmflux.bb | /lib/cpp -P -nostdinc -I/home/onishi/WRF/external/ioapi_share -traditional-cpp -DUSE_NETCDF4_FEATURES -DWRFIO_NCD_LARGE_FILE_SUPPORT > module_sf_scmflux.f90
rm -f module_sf_scmflux.G module_sf_scmflux.bb
time mpif90 -f90=ifort -o module_sf_scmflux.o -c -O3 -ip -fp-model precise -w -ftz -align all -fno-alias -FR -convert big_endian    -I../dyn_em  -I/home/onishi/WRF/external/esmf_time_f90  -I/home/onishi/WRF/main -I/home/onishi/WRF/external/io_netcdf -I/home/onishi/WRF/external/io_int -I/home/onishi/WRF/frame -I/home/onishi/WRF/share -I/home/onishi/WRF/phys -I/home/onishi/WRF/wrftladj -I/home/onishi/WRF/chem -I/home/onishi/WRF/inc -I/home/onishi/NETCDF_DIR2//include  -real-size `expr 8 \* 4` -i4  module_sf_scmflux.f90
0.10user 0.06system 0:00.19elapsed 85%CPU (0avgtext+0avgdata 48936maxresident)k
24inputs+256outputs (0major+7918minor)pagefaults 0swaps
rm -f module_sf_scmskintemp.o
sed -e "s/^\!.*'.*//" -e "s/^ *\!.*'.*//" module_sf_scmskintemp.F > module_sf_scmskintemp.G
/lib/cpp -P -nostdinc -I/home/onishi/WRF/external/ioapi_share -I/home/onishi/WRF/inc -DEM_CORE=1 -DNMM_CORE=0 -DNMM_MAX_DIM=2600 -DDA_CORE=0 -DWRFPLUS=0 -DIWORDSIZE=4 -DDWORDSIZE=8 -DRWORDSIZE=4 -DLWORDSIZE=4 -DNONSTANDARD_SYSTEM_FUNC  -DWRF_USE_CLM -DUSE_NETCDF4_FEATURES -DWRFIO_NCD_LARGE_FILE_SUPPORT  -DDM_PARALLEL -DNETCDF -DGRIB2 -DHDF5 -DLANDREAD_STUB=1 -DUSE_ALLOCATABLES -Dwrfmodel -DGRIB1 -DINTIO -DKEEP_INT_AROUND -DLIMIT_ARGS -DBUILD_RRTMG_FAST=0 -DBUILD_RRTMK=0 -DBUILD_SBM_FAST=1 -DSHOW_ALL_VARS_USED=0 -DCONFIG_BUF_LEN=65536 -DMAX_DOMAINS_F=21 -DMAX_HISTORY=25 -DNMM_NEST=0 -DWRF_CHEM -DBUILD_CHEM=1 -DWRF_KPP -I. -traditional-cpp -DUSE_NETCDF4_FEATURES -DWRFIO_NCD_LARGE_FILE_SUPPORT   module_sf_scmskintemp.G  > module_sf_scmskintemp.bb
/home/onishi/WRF/tools/standard.exe module_sf_scmskintemp.bb | /lib/cpp -P -nostdinc -I/home/onishi/WRF/external/ioapi_share -traditional-cpp -DUSE_NETCDF4_FEATURES -DWRFIO_NCD_LARGE_FILE_SUPPORT > module_sf_scmskintemp.f90
rm -f module_sf_scmskintemp.G module_sf_scmskintemp.bb
time mpif90 -f90=ifort -o module_sf_scmskintemp.o -c -O3 -ip -fp-model precise -w -ftz -align all -fno-alias -FR -convert big_endian    -I../dyn_em  -I/home/onishi/WRF/external/esmf_time_f90  -I/home/onishi/WRF/main -I/home/onishi/WRF/external/io_netcdf -I/home/onishi/WRF/external/io_int -I/home/onishi/WRF/frame -I/home/onishi/WRF/share -I/home/onishi/WRF/phys -I/home/onishi/WRF/wrftladj -I/home/onishi/WRF/chem -I/home/onishi/WRF/inc -I/home/onishi/NETCDF_DIR2//include  -real-size `expr 8 \* 4` -i4  module_sf_scmskintemp.f90
0.18user 0.07system 0:00.27elapsed 93%CPU (0avgtext+0avgdata 57060maxresident)k
16inputs+240outputs (0major+10168minor)pagefaults 0swaps
rm -f module_physics_addtendc.o
sed -e "s/^\!.*'.*//" -e "s/^ *\!.*'.*//" module_physics_addtendc.F > module_physics_addtendc.G
/lib/cpp -P -nostdinc -I/home/onishi/WRF/external/ioapi_share -I/home/onishi/WRF/inc -DEM_CORE=1 -DNMM_CORE=0 -DNMM_MAX_DIM=2600 -DDA_CORE=0 -DWRFPLUS=0 -DIWORDSIZE=4 -DDWORDSIZE=8 -DRWORDSIZE=4 -DLWORDSIZE=4 -DNONSTANDARD_SYSTEM_FUNC  -DWRF_USE_CLM -DUSE_NETCDF4_FEATURES -DWRFIO_NCD_LARGE_FILE_SUPPORT  -DDM_PARALLEL -DNETCDF -DGRIB2 -DHDF5 -DLANDREAD_STUB=1 -DUSE_ALLOCATABLES -Dwrfmodel -DGRIB1 -DINTIO -DKEEP_INT_AROUND -DLIMIT_ARGS -DBUILD_RRTMG_FAST=0 -DBUILD_RRTMK=0 -DBUILD_SBM_FAST=1 -DSHOW_ALL_VARS_USED=0 -DCONFIG_BUF_LEN=65536 -DMAX_DOMAINS_F=21 -DMAX_HISTORY=25 -DNMM_NEST=0 -DWRF_CHEM -DBUILD_CHEM=1 -DWRF_KPP -I. -traditional-cpp -DUSE_NETCDF4_FEATURES -DWRFIO_NCD_LARGE_FILE_SUPPORT   module_physics_addtendc.G  > module_physics_addtendc.bb
/home/onishi/WRF/tools/standard.exe module_physics_addtendc.bb | /lib/cpp -P -nostdinc -I/home/onishi/WRF/external/ioapi_share -traditional-cpp -DUSE_NETCDF4_FEATURES -DWRFIO_NCD_LARGE_FILE_SUPPORT > module_physics_addtendc.f90
0.02user 0.08system 0:00.12elapsed 90%CPU (0avgtext+0avgdata 45524maxresident)k
8inputs+120outputs (0major+7040minor)pagefaults 0swaps
rm -f module_sf_lake.o
rm -f module_physics_addtendc.G module_physics_addtendc.bb
sed -e "s/^\!.*'.*//" -e "s/^ *\!.*'.*//" module_sf_lake.F > module_sf_lake.G
time mpif90 -f90=ifort -o module_physics_addtendc.o -c -O3 -ip -fp-model precise -w -ftz -align all -fno-alias -FR -convert big_endian    -I../dyn_em  -I/home/onishi/WRF/external/esmf_time_f90  -I/home/onishi/WRF/main -I/home/onishi/WRF/external/io_netcdf -I/home/onishi/WRF/external/io_int -I/home/onishi/WRF/frame -I/home/onishi/WRF/share -I/home/onishi/WRF/phys -I/home/onishi/WRF/wrftladj -I/home/onishi/WRF/chem -I/home/onishi/WRF/inc -I/home/onishi/NETCDF_DIR2//include  -real-size `expr 8 \* 4` -i4  module_physics_addtendc.f90
/lib/cpp -P -nostdinc -I/home/onishi/WRF/external/ioapi_share -I/home/onishi/WRF/inc -DEM_CORE=1 -DNMM_CORE=0 -DNMM_MAX_DIM=2600 -DDA_CORE=0 -DWRFPLUS=0 -DIWORDSIZE=4 -DDWORDSIZE=8 -DRWORDSIZE=4 -DLWORDSIZE=4 -DNONSTANDARD_SYSTEM_FUNC  -DWRF_USE_CLM -DUSE_NETCDF4_FEATURES -DWRFIO_NCD_LARGE_FILE_SUPPORT  -DDM_PARALLEL -DNETCDF -DGRIB2 -DHDF5 -DLANDREAD_STUB=1 -DUSE_ALLOCATABLES -Dwrfmodel -DGRIB1 -DINTIO -DKEEP_INT_AROUND -DLIMIT_ARGS -DBUILD_RRTMG_FAST=0 -DBUILD_RRTMK=0 -DBUILD_SBM_FAST=1 -DSHOW_ALL_VARS_USED=0 -DCONFIG_BUF_LEN=65536 -DMAX_DOMAINS_F=21 -DMAX_HISTORY=25 -DNMM_NEST=0 -DWRF_CHEM -DBUILD_CHEM=1 -DWRF_KPP -I. -traditional-cpp -DUSE_NETCDF4_FEATURES -DWRFIO_NCD_LARGE_FILE_SUPPORT   module_sf_lake.G  > module_sf_lake.bb
/home/onishi/WRF/tools/standard.exe module_sf_lake.bb | /lib/cpp -P -nostdinc -I/home/onishi/WRF/external/ioapi_share -traditional-cpp -DUSE_NETCDF4_FEATURES -DWRFIO_NCD_LARGE_FILE_SUPPORT > module_sf_lake.f90
rm -f module_sf_lake.G module_sf_lake.bb
time mpif90 -f90=ifort -o module_sf_lake.o -c -O3 -ip -fp-model precise -w -ftz -align all -fno-alias -FR -convert big_endian    -I../dyn_em  -I/home/onishi/WRF/external/esmf_time_f90  -I/home/onishi/WRF/main -I/home/onishi/WRF/external/io_netcdf -I/home/onishi/WRF/external/io_int -I/home/onishi/WRF/frame -I/home/onishi/WRF/share -I/home/onishi/WRF/phys -I/home/onishi/WRF/wrftladj -I/home/onishi/WRF/chem -I/home/onishi/WRF/inc -I/home/onishi/NETCDF_DIR2//include  -real-size `expr 8 \* 4` -i4  module_sf_lake.f90
4.88user 0.19system 0:05.10elapsed 99%CPU (0avgtext+0avgdata 117452maxresident)k
488inputs+2296outputs (0major+30212minor)pagefaults 0swaps
rm -f module_fdda_psufddagd.o
sed -e "s/^\!.*'.*//" -e "s/^ *\!.*'.*//" module_fdda_psufddagd.F > module_fdda_psufddagd.G
/lib/cpp -P -nostdinc -I/home/onishi/WRF/external/ioapi_share -I/home/onishi/WRF/inc -DEM_CORE=1 -DNMM_CORE=0 -DNMM_MAX_DIM=2600 -DDA_CORE=0 -DWRFPLUS=0 -DIWORDSIZE=4 -DDWORDSIZE=8 -DRWORDSIZE=4 -DLWORDSIZE=4 -DNONSTANDARD_SYSTEM_FUNC  -DWRF_USE_CLM -DUSE_NETCDF4_FEATURES -DWRFIO_NCD_LARGE_FILE_SUPPORT  -DDM_PARALLEL -DNETCDF -DGRIB2 -DHDF5 -DLANDREAD_STUB=1 -DUSE_ALLOCATABLES -Dwrfmodel -DGRIB1 -DINTIO -DKEEP_INT_AROUND -DLIMIT_ARGS -DBUILD_RRTMG_FAST=0 -DBUILD_RRTMK=0 -DBUILD_SBM_FAST=1 -DSHOW_ALL_VARS_USED=0 -DCONFIG_BUF_LEN=65536 -DMAX_DOMAINS_F=21 -DMAX_HISTORY=25 -DNMM_NEST=0 -DWRF_CHEM -DBUILD_CHEM=1 -DWRF_KPP -I. -traditional-cpp -DUSE_NETCDF4_FEATURES -DWRFIO_NCD_LARGE_FILE_SUPPORT   module_fdda_psufddagd.G  > module_fdda_psufddagd.bb
/home/onishi/WRF/tools/standard.exe module_fdda_psufddagd.bb | /lib/cpp -P -nostdinc -I/home/onishi/WRF/external/ioapi_share -traditional-cpp -DUSE_NETCDF4_FEATURES -DWRFIO_NCD_LARGE_FILE_SUPPORT > module_fdda_psufddagd.f90
rm -f module_fdda_psufddagd.G module_fdda_psufddagd.bb
time mpif90 -f90=ifort -o module_fdda_psufddagd.o -c -O3 -ip -fp-model precise -w -ftz -align all -fno-alias -FR -convert big_endian    -I../dyn_em  -I/home/onishi/WRF/external/esmf_time_f90  -I/home/onishi/WRF/main -I/home/onishi/WRF/external/io_netcdf -I/home/onishi/WRF/external/io_int -I/home/onishi/WRF/frame -I/home/onishi/WRF/share -I/home/onishi/WRF/phys -I/home/onishi/WRF/wrftladj -I/home/onishi/WRF/chem -I/home/onishi/WRF/inc -I/home/onishi/NETCDF_DIR2//include  -real-size `expr 8 \* 4` -i4  module_fdda_psufddagd.f90
5.14user 0.18system 0:05.34elapsed 99%CPU (0avgtext+0avgdata 139148maxresident)k
272inputs+2296outputs (0major+35246minor)pagefaults 0swaps
rm -f module_fdda_spnudging.o
sed -e "s/^\!.*'.*//" -e "s/^ *\!.*'.*//" module_fdda_spnudging.F > module_fdda_spnudging.G
/lib/cpp -P -nostdinc -I/home/onishi/WRF/external/ioapi_share -I/home/onishi/WRF/inc -DEM_CORE=1 -DNMM_CORE=0 -DNMM_MAX_DIM=2600 -DDA_CORE=0 -DWRFPLUS=0 -DIWORDSIZE=4 -DDWORDSIZE=8 -DRWORDSIZE=4 -DLWORDSIZE=4 -DNONSTANDARD_SYSTEM_FUNC  -DWRF_USE_CLM -DUSE_NETCDF4_FEATURES -DWRFIO_NCD_LARGE_FILE_SUPPORT  -DDM_PARALLEL -DNETCDF -DGRIB2 -DHDF5 -DLANDREAD_STUB=1 -DUSE_ALLOCATABLES -Dwrfmodel -DGRIB1 -DINTIO -DKEEP_INT_AROUND -DLIMIT_ARGS -DBUILD_RRTMG_FAST=0 -DBUILD_RRTMK=0 -DBUILD_SBM_FAST=1 -DSHOW_ALL_VARS_USED=0 -DCONFIG_BUF_LEN=65536 -DMAX_DOMAINS_F=21 -DMAX_HISTORY=25 -DNMM_NEST=0 -DWRF_CHEM -DBUILD_CHEM=1 -DWRF_KPP -I. -traditional-cpp -DUSE_NETCDF4_FEATURES -DWRFIO_NCD_LARGE_FILE_SUPPORT   module_fdda_spnudging.G  > module_fdda_spnudging.bb
/home/onishi/WRF/tools/standard.exe module_fdda_spnudging.bb | /lib/cpp -P -nostdinc -I/home/onishi/WRF/external/ioapi_share -traditional-cpp -DUSE_NETCDF4_FEATURES -DWRFIO_NCD_LARGE_FILE_SUPPORT > module_fdda_spnudging.f90
rm -f module_fdda_spnudging.G module_fdda_spnudging.bb
time mpif90 -f90=ifort -o module_fdda_spnudging.o -c -O3 -ip -fp-model precise -w -ftz -align all -fno-alias -FR -convert big_endian    -I../dyn_em  -I/home/onishi/WRF/external/esmf_time_f90  -I/home/onishi/WRF/main -I/home/onishi/WRF/external/io_netcdf -I/home/onishi/WRF/external/io_int -I/home/onishi/WRF/frame -I/home/onishi/WRF/share -I/home/onishi/WRF/phys -I/home/onishi/WRF/wrftladj -I/home/onishi/WRF/chem -I/home/onishi/WRF/inc -I/home/onishi/NETCDF_DIR2//include  -real-size `expr 8 \* 4` -i4  module_fdda_spnudging.f90
2.44user 0.12system 0:02.61elapsed 98%CPU (0avgtext+0avgdata 111096maxresident)k
96inputs+1528outputs (0major+25427minor)pagefaults 0swaps
rm -f module_fddaobs_rtfdda.o
sed -e "s/^\!.*'.*//" -e "s/^ *\!.*'.*//" module_fddaobs_rtfdda.F > module_fddaobs_rtfdda.G
/lib/cpp -P -nostdinc -I/home/onishi/WRF/external/ioapi_share -I/home/onishi/WRF/inc -DEM_CORE=1 -DNMM_CORE=0 -DNMM_MAX_DIM=2600 -DDA_CORE=0 -DWRFPLUS=0 -DIWORDSIZE=4 -DDWORDSIZE=8 -DRWORDSIZE=4 -DLWORDSIZE=4 -DNONSTANDARD_SYSTEM_FUNC  -DWRF_USE_CLM -DUSE_NETCDF4_FEATURES -DWRFIO_NCD_LARGE_FILE_SUPPORT  -DDM_PARALLEL -DNETCDF -DGRIB2 -DHDF5 -DLANDREAD_STUB=1 -DUSE_ALLOCATABLES -Dwrfmodel -DGRIB1 -DINTIO -DKEEP_INT_AROUND -DLIMIT_ARGS -DBUILD_RRTMG_FAST=0 -DBUILD_RRTMK=0 -DBUILD_SBM_FAST=1 -DSHOW_ALL_VARS_USED=0 -DCONFIG_BUF_LEN=65536 -DMAX_DOMAINS_F=21 -DMAX_HISTORY=25 -DNMM_NEST=0 -DWRF_CHEM -DBUILD_CHEM=1 -DWRF_KPP -I. -traditional-cpp -DUSE_NETCDF4_FEATURES -DWRFIO_NCD_LARGE_FILE_SUPPORT   module_fddaobs_rtfdda.G  > module_fddaobs_rtfdda.bb
/home/onishi/WRF/tools/standard.exe module_fddaobs_rtfdda.bb | /lib/cpp -P -nostdinc -I/home/onishi/WRF/external/ioapi_share -traditional-cpp -DUSE_NETCDF4_FEATURES -DWRFIO_NCD_LARGE_FILE_SUPPORT > module_fddaobs_rtfdda.f90
rm -f module_fddaobs_rtfdda.G module_fddaobs_rtfdda.bb
time mpif90 -f90=ifort -o module_fddaobs_rtfdda.o -c -O3 -ip -fp-model precise -w -ftz -align all -fno-alias -FR -convert big_endian    -I../dyn_em  -I/home/onishi/WRF/external/esmf_time_f90  -I/home/onishi/WRF/main -I/home/onishi/WRF/external/io_netcdf -I/home/onishi/WRF/external/io_int -I/home/onishi/WRF/frame -I/home/onishi/WRF/share -I/home/onishi/WRF/phys -I/home/onishi/WRF/wrftladj -I/home/onishi/WRF/chem -I/home/onishi/WRF/inc -I/home/onishi/NETCDF_DIR2//include  -real-size `expr 8 \* 4` -i4  module_fddaobs_rtfdda.f90
3.47user 0.19system 0:03.70elapsed 99%CPU (0avgtext+0avgdata 142756maxresident)k
152inputs+1544outputs (0major+34293minor)pagefaults 0swaps
rm -f module_wind_fitch.o
sed -e "s/^\!.*'.*//" -e "s/^ *\!.*'.*//" module_wind_fitch.F > module_wind_fitch.G
/lib/cpp -P -nostdinc -I/home/onishi/WRF/external/ioapi_share -I/home/onishi/WRF/inc -DEM_CORE=1 -DNMM_CORE=0 -DNMM_MAX_DIM=2600 -DDA_CORE=0 -DWRFPLUS=0 -DIWORDSIZE=4 -DDWORDSIZE=8 -DRWORDSIZE=4 -DLWORDSIZE=4 -DNONSTANDARD_SYSTEM_FUNC  -DWRF_USE_CLM -DUSE_NETCDF4_FEATURES -DWRFIO_NCD_LARGE_FILE_SUPPORT  -DDM_PARALLEL -DNETCDF -DGRIB2 -DHDF5 -DLANDREAD_STUB=1 -DUSE_ALLOCATABLES -Dwrfmodel -DGRIB1 -DINTIO -DKEEP_INT_AROUND -DLIMIT_ARGS -DBUILD_RRTMG_FAST=0 -DBUILD_RRTMK=0 -DBUILD_SBM_FAST=1 -DSHOW_ALL_VARS_USED=0 -DCONFIG_BUF_LEN=65536 -DMAX_DOMAINS_F=21 -DMAX_HISTORY=25 -DNMM_NEST=0 -DWRF_CHEM -DBUILD_CHEM=1 -DWRF_KPP -I. -traditional-cpp -DUSE_NETCDF4_FEATURES -DWRFIO_NCD_LARGE_FILE_SUPPORT   module_wind_fitch.G  > module_wind_fitch.bb
/home/onishi/WRF/tools/standard.exe module_wind_fitch.bb | /lib/cpp -P -nostdinc -I/home/onishi/WRF/external/ioapi_share -traditional-cpp -DUSE_NETCDF4_FEATURES -DWRFIO_NCD_LARGE_FILE_SUPPORT > module_wind_fitch.f90
rm -f module_wind_fitch.G module_wind_fitch.bb
time mpif90 -f90=ifort -o module_wind_fitch.o -c -O3 -ip -fp-model precise -w -ftz -align all -fno-alias -FR -convert big_endian    -I../dyn_em  -I/home/onishi/WRF/external/esmf_time_f90  -I/home/onishi/WRF/main -I/home/onishi/WRF/external/io_netcdf -I/home/onishi/WRF/external/io_int -I/home/onishi/WRF/frame -I/home/onishi/WRF/share -I/home/onishi/WRF/phys -I/home/onishi/WRF/wrftladj -I/home/onishi/WRF/chem -I/home/onishi/WRF/inc -I/home/onishi/NETCDF_DIR2//include  -real-size `expr 8 \* 4` -i4  module_wind_fitch.f90
0.41user 0.10system 0:00.55elapsed 93%CPU (0avgtext+0avgdata 69092maxresident)k
32inputs+1272outputs (0major+13557minor)pagefaults 0swaps
rm -f module_wind_mav.o
sed -e "s/^\!.*'.*//" -e "s/^ *\!.*'.*//" module_wind_mav.F > module_wind_mav.G
/lib/cpp -P -nostdinc -I/home/onishi/WRF/external/ioapi_share -I/home/onishi/WRF/inc -DEM_CORE=1 -DNMM_CORE=0 -DNMM_MAX_DIM=2600 -DDA_CORE=0 -DWRFPLUS=0 -DIWORDSIZE=4 -DDWORDSIZE=8 -DRWORDSIZE=4 -DLWORDSIZE=4 -DNONSTANDARD_SYSTEM_FUNC  -DWRF_USE_CLM -DUSE_NETCDF4_FEATURES -DWRFIO_NCD_LARGE_FILE_SUPPORT  -DDM_PARALLEL -DNETCDF -DGRIB2 -DHDF5 -DLANDREAD_STUB=1 -DUSE_ALLOCATABLES -Dwrfmodel -DGRIB1 -DINTIO -DKEEP_INT_AROUND -DLIMIT_ARGS -DBUILD_RRTMG_FAST=0 -DBUILD_RRTMK=0 -DBUILD_SBM_FAST=1 -DSHOW_ALL_VARS_USED=0 -DCONFIG_BUF_LEN=65536 -DMAX_DOMAINS_F=21 -DMAX_HISTORY=25 -DNMM_NEST=0 -DWRF_CHEM -DBUILD_CHEM=1 -DWRF_KPP -I. -traditional-cpp -DUSE_NETCDF4_FEATURES -DWRFIO_NCD_LARGE_FILE_SUPPORT   module_wind_mav.G  > module_wind_mav.bb
/home/onishi/WRF/tools/standard.exe module_wind_mav.bb | /lib/cpp -P -nostdinc -I/home/onishi/WRF/external/ioapi_share -traditional-cpp -DUSE_NETCDF4_FEATURES -DWRFIO_NCD_LARGE_FILE_SUPPORT > module_wind_mav.f90
rm -f module_wind_mav.G module_wind_mav.bb
time mpif90 -f90=ifort -o module_wind_mav.o -c -O3 -ip -fp-model precise -w -ftz -align all -fno-alias -FR -convert big_endian    -I../dyn_em  -I/home/onishi/WRF/external/esmf_time_f90  -I/home/onishi/WRF/main -I/home/onishi/WRF/external/io_netcdf -I/home/onishi/WRF/external/io_int -I/home/onishi/WRF/frame -I/home/onishi/WRF/share -I/home/onishi/WRF/phys -I/home/onishi/WRF/wrftladj -I/home/onishi/WRF/chem -I/home/onishi/WRF/inc -I/home/onishi/NETCDF_DIR2//include  -real-size `expr 8 \* 4` -i4  module_wind_mav.f90
6.57user 0.30system 0:06.91elapsed 99%CPU (0avgtext+0avgdata 265156maxresident)k
96inputs+4400outputs (0major+70197minor)pagefaults 0swaps
rm -f module_dust_emis.o
sed -e "s/^\!.*'.*//" -e "s/^ *\!.*'.*//" module_dust_emis.F > module_dust_emis.G
/lib/cpp -P -nostdinc -I/home/onishi/WRF/external/ioapi_share -I/home/onishi/WRF/inc -DEM_CORE=1 -DNMM_CORE=0 -DNMM_MAX_DIM=2600 -DDA_CORE=0 -DWRFPLUS=0 -DIWORDSIZE=4 -DDWORDSIZE=8 -DRWORDSIZE=4 -DLWORDSIZE=4 -DNONSTANDARD_SYSTEM_FUNC  -DWRF_USE_CLM -DUSE_NETCDF4_FEATURES -DWRFIO_NCD_LARGE_FILE_SUPPORT  -DDM_PARALLEL -DNETCDF -DGRIB2 -DHDF5 -DLANDREAD_STUB=1 -DUSE_ALLOCATABLES -Dwrfmodel -DGRIB1 -DINTIO -DKEEP_INT_AROUND -DLIMIT_ARGS -DBUILD_RRTMG_FAST=0 -DBUILD_RRTMK=0 -DBUILD_SBM_FAST=1 -DSHOW_ALL_VARS_USED=0 -DCONFIG_BUF_LEN=65536 -DMAX_DOMAINS_F=21 -DMAX_HISTORY=25 -DNMM_NEST=0 -DWRF_CHEM -DBUILD_CHEM=1 -DWRF_KPP -I. -traditional-cpp -DUSE_NETCDF4_FEATURES -DWRFIO_NCD_LARGE_FILE_SUPPORT   module_dust_emis.G  > module_dust_emis.bb
/home/onishi/WRF/tools/standard.exe module_dust_emis.bb | /lib/cpp -P -nostdinc -I/home/onishi/WRF/external/ioapi_share -traditional-cpp -DUSE_NETCDF4_FEATURES -DWRFIO_NCD_LARGE_FILE_SUPPORT > module_dust_emis.f90
rm -f module_dust_emis.G module_dust_emis.bb
time mpif90 -f90=ifort -o module_dust_emis.o -c -O3 -ip -fp-model precise -w -ftz -align all -fno-alias -FR -convert big_endian    -I../dyn_em  -I/home/onishi/WRF/external/esmf_time_f90  -I/home/onishi/WRF/main -I/home/onishi/WRF/external/io_netcdf -I/home/onishi/WRF/external/io_int -I/home/onishi/WRF/frame -I/home/onishi/WRF/share -I/home/onishi/WRF/phys -I/home/onishi/WRF/wrftladj -I/home/onishi/WRF/chem -I/home/onishi/WRF/inc -I/home/onishi/NETCDF_DIR2//include  -real-size `expr 8 \* 4` -i4  module_dust_emis.f90
0.09user 0.06system 0:00.17elapsed 91%CPU (0avgtext+0avgdata 49624maxresident)k
40inputs+184outputs (0major+8113minor)pagefaults 0swaps
rm -f module_irrigation.o
sed -e "s/^\!.*'.*//" -e "s/^ *\!.*'.*//" module_irrigation.F > module_irrigation.G
/lib/cpp -P -nostdinc -I/home/onishi/WRF/external/ioapi_share -I/home/onishi/WRF/inc -DEM_CORE=1 -DNMM_CORE=0 -DNMM_MAX_DIM=2600 -DDA_CORE=0 -DWRFPLUS=0 -DIWORDSIZE=4 -DDWORDSIZE=8 -DRWORDSIZE=4 -DLWORDSIZE=4 -DNONSTANDARD_SYSTEM_FUNC  -DWRF_USE_CLM -DUSE_NETCDF4_FEATURES -DWRFIO_NCD_LARGE_FILE_SUPPORT  -DDM_PARALLEL -DNETCDF -DGRIB2 -DHDF5 -DLANDREAD_STUB=1 -DUSE_ALLOCATABLES -Dwrfmodel -DGRIB1 -DINTIO -DKEEP_INT_AROUND -DLIMIT_ARGS -DBUILD_RRTMG_FAST=0 -DBUILD_RRTMK=0 -DBUILD_SBM_FAST=1 -DSHOW_ALL_VARS_USED=0 -DCONFIG_BUF_LEN=65536 -DMAX_DOMAINS_F=21 -DMAX_HISTORY=25 -DNMM_NEST=0 -DWRF_CHEM -DBUILD_CHEM=1 -DWRF_KPP -I. -traditional-cpp -DUSE_NETCDF4_FEATURES -DWRFIO_NCD_LARGE_FILE_SUPPORT   module_irrigation.G  > module_irrigation.bb
/home/onishi/WRF/tools/standard.exe module_irrigation.bb | /lib/cpp -P -nostdinc -I/home/onishi/WRF/external/ioapi_share -traditional-cpp -DUSE_NETCDF4_FEATURES -DWRFIO_NCD_LARGE_FILE_SUPPORT > module_irrigation.f90
rm -f module_irrigation.G module_irrigation.bb
time mpif90 -f90=ifort -o module_irrigation.o -c -O3 -ip -fp-model precise -w -ftz -align all -fno-alias -FR -convert big_endian    -I../dyn_em  -I/home/onishi/WRF/external/esmf_time_f90  -I/home/onishi/WRF/main -I/home/onishi/WRF/external/io_netcdf -I/home/onishi/WRF/external/io_int -I/home/onishi/WRF/frame -I/home/onishi/WRF/share -I/home/onishi/WRF/phys -I/home/onishi/WRF/wrftladj -I/home/onishi/WRF/chem -I/home/onishi/WRF/inc -I/home/onishi/NETCDF_DIR2//include  -real-size `expr 8 \* 4` -i4  module_irrigation.f90
0.09user 0.07system 0:00.18elapsed 92%CPU (0avgtext+0avgdata 46692maxresident)k
16inputs+208outputs (0major+7871minor)pagefaults 0swaps
rm -f module_microphysics_zero_out.o
sed -e "s/^\!.*'.*//" -e "s/^ *\!.*'.*//" module_microphysics_zero_out.F > module_microphysics_zero_out.G
/lib/cpp -P -nostdinc -I/home/onishi/WRF/external/ioapi_share -I/home/onishi/WRF/inc -DEM_CORE=1 -DNMM_CORE=0 -DNMM_MAX_DIM=2600 -DDA_CORE=0 -DWRFPLUS=0 -DIWORDSIZE=4 -DDWORDSIZE=8 -DRWORDSIZE=4 -DLWORDSIZE=4 -DNONSTANDARD_SYSTEM_FUNC  -DWRF_USE_CLM -DUSE_NETCDF4_FEATURES -DWRFIO_NCD_LARGE_FILE_SUPPORT  -DDM_PARALLEL -DNETCDF -DGRIB2 -DHDF5 -DLANDREAD_STUB=1 -DUSE_ALLOCATABLES -Dwrfmodel -DGRIB1 -DINTIO -DKEEP_INT_AROUND -DLIMIT_ARGS -DBUILD_RRTMG_FAST=0 -DBUILD_RRTMK=0 -DBUILD_SBM_FAST=1 -DSHOW_ALL_VARS_USED=0 -DCONFIG_BUF_LEN=65536 -DMAX_DOMAINS_F=21 -DMAX_HISTORY=25 -DNMM_NEST=0 -DWRF_CHEM -DBUILD_CHEM=1 -DWRF_KPP -I. -traditional-cpp -DUSE_NETCDF4_FEATURES -DWRFIO_NCD_LARGE_FILE_SUPPORT   module_microphysics_zero_out.G  > module_microphysics_zero_out.bb
/home/onishi/WRF/tools/standard.exe module_microphysics_zero_out.bb | /lib/cpp -P -nostdinc -I/home/onishi/WRF/external/ioapi_share -traditional-cpp -DUSE_NETCDF4_FEATURES -DWRFIO_NCD_LARGE_FILE_SUPPORT > module_microphysics_zero_out.f90
rm -f module_microphysics_zero_out.G module_microphysics_zero_out.bb
time mpif90 -f90=ifort -o module_microphysics_zero_out.o -c -O3 -ip -fp-model precise -w -ftz -align all -fno-alias -FR -convert big_endian    -I../dyn_em  -I/home/onishi/WRF/external/esmf_time_f90  -I/home/onishi/WRF/main -I/home/onishi/WRF/external/io_netcdf -I/home/onishi/WRF/external/io_int -I/home/onishi/WRF/frame -I/home/onishi/WRF/share -I/home/onishi/WRF/phys -I/home/onishi/WRF/wrftladj -I/home/onishi/WRF/chem -I/home/onishi/WRF/inc -I/home/onishi/NETCDF_DIR2//include  -real-size `expr 8 \* 4` -i4  module_microphysics_zero_out.f90
0.37user 0.10system 0:00.49elapsed 96%CPU (0avgtext+0avgdata 66088maxresident)k
16inputs+1920outputs (0major+13050minor)pagefaults 0swaps
rm -f module_ltng_crmpr92.o
sed -e "s/^\!.*'.*//" -e "s/^ *\!.*'.*//" module_ltng_crmpr92.F > module_ltng_crmpr92.G
/lib/cpp -P -nostdinc -I/home/onishi/WRF/external/ioapi_share -I/home/onishi/WRF/inc -DEM_CORE=1 -DNMM_CORE=0 -DNMM_MAX_DIM=2600 -DDA_CORE=0 -DWRFPLUS=0 -DIWORDSIZE=4 -DDWORDSIZE=8 -DRWORDSIZE=4 -DLWORDSIZE=4 -DNONSTANDARD_SYSTEM_FUNC  -DWRF_USE_CLM -DUSE_NETCDF4_FEATURES -DWRFIO_NCD_LARGE_FILE_SUPPORT  -DDM_PARALLEL -DNETCDF -DGRIB2 -DHDF5 -DLANDREAD_STUB=1 -DUSE_ALLOCATABLES -Dwrfmodel -DGRIB1 -DINTIO -DKEEP_INT_AROUND -DLIMIT_ARGS -DBUILD_RRTMG_FAST=0 -DBUILD_RRTMK=0 -DBUILD_SBM_FAST=1 -DSHOW_ALL_VARS_USED=0 -DCONFIG_BUF_LEN=65536 -DMAX_DOMAINS_F=21 -DMAX_HISTORY=25 -DNMM_NEST=0 -DWRF_CHEM -DBUILD_CHEM=1 -DWRF_KPP -I. -traditional-cpp -DUSE_NETCDF4_FEATURES -DWRFIO_NCD_LARGE_FILE_SUPPORT   module_ltng_crmpr92.G  > module_ltng_crmpr92.bb
/home/onishi/WRF/tools/standard.exe module_ltng_crmpr92.bb | /lib/cpp -P -nostdinc -I/home/onishi/WRF/external/ioapi_share -traditional-cpp -DUSE_NETCDF4_FEATURES -DWRFIO_NCD_LARGE_FILE_SUPPORT > module_ltng_crmpr92.f90
rm -f module_ltng_crmpr92.G module_ltng_crmpr92.bb
time mpif90 -f90=ifort -o module_ltng_crmpr92.o -c -O3 -ip -fp-model precise -w -ftz -align all -fno-alias -FR -convert big_endian    -I../dyn_em  -I/home/onishi/WRF/external/esmf_time_f90  -I/home/onishi/WRF/main -I/home/onishi/WRF/external/io_netcdf -I/home/onishi/WRF/external/io_int -I/home/onishi/WRF/frame -I/home/onishi/WRF/share -I/home/onishi/WRF/phys -I/home/onishi/WRF/wrftladj -I/home/onishi/WRF/chem -I/home/onishi/WRF/inc -I/home/onishi/NETCDF_DIR2//include  -real-size `expr 8 \* 4` -i4  module_ltng_crmpr92.f90
0.27user 0.09system 0:00.38elapsed 96%CPU (0avgtext+0avgdata 57584maxresident)k
16inputs+264outputs (0major+10021minor)pagefaults 0swaps
rm -f module_ltng_cpmpr92z.o
sed -e "s/^\!.*'.*//" -e "s/^ *\!.*'.*//" module_ltng_cpmpr92z.F > module_ltng_cpmpr92z.G
/lib/cpp -P -nostdinc -I/home/onishi/WRF/external/ioapi_share -I/home/onishi/WRF/inc -DEM_CORE=1 -DNMM_CORE=0 -DNMM_MAX_DIM=2600 -DDA_CORE=0 -DWRFPLUS=0 -DIWORDSIZE=4 -DDWORDSIZE=8 -DRWORDSIZE=4 -DLWORDSIZE=4 -DNONSTANDARD_SYSTEM_FUNC  -DWRF_USE_CLM -DUSE_NETCDF4_FEATURES -DWRFIO_NCD_LARGE_FILE_SUPPORT  -DDM_PARALLEL -DNETCDF -DGRIB2 -DHDF5 -DLANDREAD_STUB=1 -DUSE_ALLOCATABLES -Dwrfmodel -DGRIB1 -DINTIO -DKEEP_INT_AROUND -DLIMIT_ARGS -DBUILD_RRTMG_FAST=0 -DBUILD_RRTMK=0 -DBUILD_SBM_FAST=1 -DSHOW_ALL_VARS_USED=0 -DCONFIG_BUF_LEN=65536 -DMAX_DOMAINS_F=21 -DMAX_HISTORY=25 -DNMM_NEST=0 -DWRF_CHEM -DBUILD_CHEM=1 -DWRF_KPP -I. -traditional-cpp -DUSE_NETCDF4_FEATURES -DWRFIO_NCD_LARGE_FILE_SUPPORT   module_ltng_cpmpr92z.G  > module_ltng_cpmpr92z.bb
/home/onishi/WRF/tools/standard.exe module_ltng_cpmpr92z.bb | /lib/cpp -P -nostdinc -I/home/onishi/WRF/external/ioapi_share -traditional-cpp -DUSE_NETCDF4_FEATURES -DWRFIO_NCD_LARGE_FILE_SUPPORT > module_ltng_cpmpr92z.f90
rm -f module_ltng_cpmpr92z.G module_ltng_cpmpr92z.bb
time mpif90 -f90=ifort -o module_ltng_cpmpr92z.o -c -O3 -ip -fp-model precise -w -ftz -align all -fno-alias -FR -convert big_endian    -I../dyn_em  -I/home/onishi/WRF/external/esmf_time_f90  -I/home/onishi/WRF/main -I/home/onishi/WRF/external/io_netcdf -I/home/onishi/WRF/external/io_int -I/home/onishi/WRF/frame -I/home/onishi/WRF/share -I/home/onishi/WRF/phys -I/home/onishi/WRF/wrftladj -I/home/onishi/WRF/chem -I/home/onishi/WRF/inc -I/home/onishi/NETCDF_DIR2//include  -real-size `expr 8 \* 4` -i4  module_ltng_cpmpr92z.f90
0.13user 0.08system 0:00.23elapsed 94%CPU (0avgtext+0avgdata 50260maxresident)k
16inputs+192outputs (0major+8189minor)pagefaults 0swaps
rm -f module_ltng_iccg.o
sed -e "s/^\!.*'.*//" -e "s/^ *\!.*'.*//" module_ltng_iccg.F > module_ltng_iccg.G
/lib/cpp -P -nostdinc -I/home/onishi/WRF/external/ioapi_share -I/home/onishi/WRF/inc -DEM_CORE=1 -DNMM_CORE=0 -DNMM_MAX_DIM=2600 -DDA_CORE=0 -DWRFPLUS=0 -DIWORDSIZE=4 -DDWORDSIZE=8 -DRWORDSIZE=4 -DLWORDSIZE=4 -DNONSTANDARD_SYSTEM_FUNC  -DWRF_USE_CLM -DUSE_NETCDF4_FEATURES -DWRFIO_NCD_LARGE_FILE_SUPPORT  -DDM_PARALLEL -DNETCDF -DGRIB2 -DHDF5 -DLANDREAD_STUB=1 -DUSE_ALLOCATABLES -Dwrfmodel -DGRIB1 -DINTIO -DKEEP_INT_AROUND -DLIMIT_ARGS -DBUILD_RRTMG_FAST=0 -DBUILD_RRTMK=0 -DBUILD_SBM_FAST=1 -DSHOW_ALL_VARS_USED=0 -DCONFIG_BUF_LEN=65536 -DMAX_DOMAINS_F=21 -DMAX_HISTORY=25 -DNMM_NEST=0 -DWRF_CHEM -DBUILD_CHEM=1 -DWRF_KPP -I. -traditional-cpp -DUSE_NETCDF4_FEATURES -DWRFIO_NCD_LARGE_FILE_SUPPORT   module_ltng_iccg.G  > module_ltng_iccg.bb
/home/onishi/WRF/tools/standard.exe module_ltng_iccg.bb | /lib/cpp -P -nostdinc -I/home/onishi/WRF/external/ioapi_share -traditional-cpp -DUSE_NETCDF4_FEATURES -DWRFIO_NCD_LARGE_FILE_SUPPORT > module_ltng_iccg.f90
rm -f module_ltng_iccg.G module_ltng_iccg.bb
time mpif90 -f90=ifort -o module_ltng_iccg.o -c -O3 -ip -fp-model precise -w -ftz -align all -fno-alias -FR -convert big_endian    -I../dyn_em  -I/home/onishi/WRF/external/esmf_time_f90  -I/home/onishi/WRF/main -I/home/onishi/WRF/external/io_netcdf -I/home/onishi/WRF/external/io_int -I/home/onishi/WRF/frame -I/home/onishi/WRF/share -I/home/onishi/WRF/phys -I/home/onishi/WRF/wrftladj -I/home/onishi/WRF/chem -I/home/onishi/WRF/inc -I/home/onishi/NETCDF_DIR2//include  -real-size `expr 8 \* 4` -i4  module_ltng_iccg.f90
0.23user 0.09system 0:00.33elapsed 96%CPU (0avgtext+0avgdata 51624maxresident)k
24inputs+312outputs (0major+8462minor)pagefaults 0swaps
rm -f module_fddagd_driver.o
sed -e "s/^\!.*'.*//" -e "s/^ *\!.*'.*//" module_fddagd_driver.F > module_fddagd_driver.G
/lib/cpp -P -nostdinc -I/home/onishi/WRF/external/ioapi_share -I/home/onishi/WRF/inc -DEM_CORE=1 -DNMM_CORE=0 -DNMM_MAX_DIM=2600 -DDA_CORE=0 -DWRFPLUS=0 -DIWORDSIZE=4 -DDWORDSIZE=8 -DRWORDSIZE=4 -DLWORDSIZE=4 -DNONSTANDARD_SYSTEM_FUNC  -DWRF_USE_CLM -DUSE_NETCDF4_FEATURES -DWRFIO_NCD_LARGE_FILE_SUPPORT  -DDM_PARALLEL -DNETCDF -DGRIB2 -DHDF5 -DLANDREAD_STUB=1 -DUSE_ALLOCATABLES -Dwrfmodel -DGRIB1 -DINTIO -DKEEP_INT_AROUND -DLIMIT_ARGS -DBUILD_RRTMG_FAST=0 -DBUILD_RRTMK=0 -DBUILD_SBM_FAST=1 -DSHOW_ALL_VARS_USED=0 -DCONFIG_BUF_LEN=65536 -DMAX_DOMAINS_F=21 -DMAX_HISTORY=25 -DNMM_NEST=0 -DWRF_CHEM -DBUILD_CHEM=1 -DWRF_KPP -I. -traditional-cpp -DUSE_NETCDF4_FEATURES -DWRFIO_NCD_LARGE_FILE_SUPPORT   module_fddagd_driver.G  > module_fddagd_driver.bb
/home/onishi/WRF/tools/standard.exe module_fddagd_driver.bb | /lib/cpp -P -nostdinc -I/home/onishi/WRF/external/ioapi_share -traditional-cpp -DUSE_NETCDF4_FEATURES -DWRFIO_NCD_LARGE_FILE_SUPPORT > module_fddagd_driver.f90
rm -f module_fddagd_driver.G module_fddagd_driver.bb
time mpif90 -f90=ifort -o module_fddagd_driver.o -c -O3 -ip -fp-model precise -w -ftz -align all -fno-alias -FR -convert big_endian    -I../dyn_em  -I/home/onishi/WRF/external/esmf_time_f90  -I/home/onishi/WRF/main -I/home/onishi/WRF/external/io_netcdf -I/home/onishi/WRF/external/io_int -I/home/onishi/WRF/frame -I/home/onishi/WRF/share -I/home/onishi/WRF/phys -I/home/onishi/WRF/wrftladj -I/home/onishi/WRF/chem -I/home/onishi/WRF/inc -I/home/onishi/NETCDF_DIR2//include  -real-size `expr 8 \* 4` -i4  module_fddagd_driver.f90
3.49user 0.18system 0:03.69elapsed 99%CPU (0avgtext+0avgdata 131776maxresident)k
112inputs+3496outputs (0major+31425minor)pagefaults 0swaps
rm -f module_fddaobs_driver.o
sed -e "s/^\!.*'.*//" -e "s/^ *\!.*'.*//" module_fddaobs_driver.F > module_fddaobs_driver.G
/lib/cpp -P -nostdinc -I/home/onishi/WRF/external/ioapi_share -I/home/onishi/WRF/inc -DEM_CORE=1 -DNMM_CORE=0 -DNMM_MAX_DIM=2600 -DDA_CORE=0 -DWRFPLUS=0 -DIWORDSIZE=4 -DDWORDSIZE=8 -DRWORDSIZE=4 -DLWORDSIZE=4 -DNONSTANDARD_SYSTEM_FUNC  -DWRF_USE_CLM -DUSE_NETCDF4_FEATURES -DWRFIO_NCD_LARGE_FILE_SUPPORT  -DDM_PARALLEL -DNETCDF -DGRIB2 -DHDF5 -DLANDREAD_STUB=1 -DUSE_ALLOCATABLES -Dwrfmodel -DGRIB1 -DINTIO -DKEEP_INT_AROUND -DLIMIT_ARGS -DBUILD_RRTMG_FAST=0 -DBUILD_RRTMK=0 -DBUILD_SBM_FAST=1 -DSHOW_ALL_VARS_USED=0 -DCONFIG_BUF_LEN=65536 -DMAX_DOMAINS_F=21 -DMAX_HISTORY=25 -DNMM_NEST=0 -DWRF_CHEM -DBUILD_CHEM=1 -DWRF_KPP -I. -traditional-cpp -DUSE_NETCDF4_FEATURES -DWRFIO_NCD_LARGE_FILE_SUPPORT   module_fddaobs_driver.G  > module_fddaobs_driver.bb
/home/onishi/WRF/tools/standard.exe module_fddaobs_driver.bb | /lib/cpp -P -nostdinc -I/home/onishi/WRF/external/ioapi_share -traditional-cpp -DUSE_NETCDF4_FEATURES -DWRFIO_NCD_LARGE_FILE_SUPPORT > module_fddaobs_driver.f90
rm -f module_fddaobs_driver.G module_fddaobs_driver.bb
time mpif90 -f90=ifort -o module_fddaobs_driver.o -c -O3 -ip -fp-model precise -w -ftz -align all -fno-alias -FR -convert big_endian    -I../dyn_em  -I/home/onishi/WRF/external/esmf_time_f90  -I/home/onishi/WRF/main -I/home/onishi/WRF/external/io_netcdf -I/home/onishi/WRF/external/io_int -I/home/onishi/WRF/frame -I/home/onishi/WRF/share -I/home/onishi/WRF/phys -I/home/onishi/WRF/wrftladj -I/home/onishi/WRF/chem -I/home/onishi/WRF/inc -I/home/onishi/NETCDF_DIR2//include  -real-size `expr 8 \* 4` -i4  module_fddaobs_driver.f90
1.22user 0.18system 0:01.43elapsed 98%CPU (0avgtext+0avgdata 110680maxresident)k
3144inputs+4072outputs (0major+24174minor)pagefaults 0swaps
rm -f module_diag_misc.o
sed -e "s/^\!.*'.*//" -e "s/^ *\!.*'.*//" module_diag_misc.F > module_diag_misc.G
/lib/cpp -P -nostdinc -I/home/onishi/WRF/external/ioapi_share -I/home/onishi/WRF/inc -DEM_CORE=1 -DNMM_CORE=0 -DNMM_MAX_DIM=2600 -DDA_CORE=0 -DWRFPLUS=0 -DIWORDSIZE=4 -DDWORDSIZE=8 -DRWORDSIZE=4 -DLWORDSIZE=4 -DNONSTANDARD_SYSTEM_FUNC  -DWRF_USE_CLM -DUSE_NETCDF4_FEATURES -DWRFIO_NCD_LARGE_FILE_SUPPORT  -DDM_PARALLEL -DNETCDF -DGRIB2 -DHDF5 -DLANDREAD_STUB=1 -DUSE_ALLOCATABLES -Dwrfmodel -DGRIB1 -DINTIO -DKEEP_INT_AROUND -DLIMIT_ARGS -DBUILD_RRTMG_FAST=0 -DBUILD_RRTMK=0 -DBUILD_SBM_FAST=1 -DSHOW_ALL_VARS_USED=0 -DCONFIG_BUF_LEN=65536 -DMAX_DOMAINS_F=21 -DMAX_HISTORY=25 -DNMM_NEST=0 -DWRF_CHEM -DBUILD_CHEM=1 -DWRF_KPP -I. -traditional-cpp -DUSE_NETCDF4_FEATURES -DWRFIO_NCD_LARGE_FILE_SUPPORT   module_diag_misc.G  > module_diag_misc.bb
/home/onishi/WRF/tools/standard.exe module_diag_misc.bb | /lib/cpp -P -nostdinc -I/home/onishi/WRF/external/ioapi_share -traditional-cpp -DUSE_NETCDF4_FEATURES -DWRFIO_NCD_LARGE_FILE_SUPPORT > module_diag_misc.f90
rm -f module_diag_misc.G module_diag_misc.bb
time mpif90 -f90=ifort -o module_diag_misc.o -c -O3 -ip -fp-model precise -w -ftz -align all -fno-alias -FR -convert big_endian    -I../dyn_em  -I/home/onishi/WRF/external/esmf_time_f90  -I/home/onishi/WRF/main -I/home/onishi/WRF/external/io_netcdf -I/home/onishi/WRF/external/io_int -I/home/onishi/WRF/frame -I/home/onishi/WRF/share -I/home/onishi/WRF/phys -I/home/onishi/WRF/wrftladj -I/home/onishi/WRF/chem -I/home/onishi/WRF/inc -I/home/onishi/NETCDF_DIR2//include  -real-size `expr 8 \* 4` -i4  module_diag_misc.f90
0.70user 0.09system 0:00.84elapsed 94%CPU (0avgtext+0avgdata 91924maxresident)k
200inputs+1320outputs (0major+19649minor)pagefaults 0swaps
rm -f module_diag_cl.o
sed -e "s/^\!.*'.*//" -e "s/^ *\!.*'.*//" module_diag_cl.F > module_diag_cl.G
/lib/cpp -P -nostdinc -I/home/onishi/WRF/external/ioapi_share -I/home/onishi/WRF/inc -DEM_CORE=1 -DNMM_CORE=0 -DNMM_MAX_DIM=2600 -DDA_CORE=0 -DWRFPLUS=0 -DIWORDSIZE=4 -DDWORDSIZE=8 -DRWORDSIZE=4 -DLWORDSIZE=4 -DNONSTANDARD_SYSTEM_FUNC  -DWRF_USE_CLM -DUSE_NETCDF4_FEATURES -DWRFIO_NCD_LARGE_FILE_SUPPORT  -DDM_PARALLEL -DNETCDF -DGRIB2 -DHDF5 -DLANDREAD_STUB=1 -DUSE_ALLOCATABLES -Dwrfmodel -DGRIB1 -DINTIO -DKEEP_INT_AROUND -DLIMIT_ARGS -DBUILD_RRTMG_FAST=0 -DBUILD_RRTMK=0 -DBUILD_SBM_FAST=1 -DSHOW_ALL_VARS_USED=0 -DCONFIG_BUF_LEN=65536 -DMAX_DOMAINS_F=21 -DMAX_HISTORY=25 -DNMM_NEST=0 -DWRF_CHEM -DBUILD_CHEM=1 -DWRF_KPP -I. -traditional-cpp -DUSE_NETCDF4_FEATURES -DWRFIO_NCD_LARGE_FILE_SUPPORT   module_diag_cl.G  > module_diag_cl.bb
/home/onishi/WRF/tools/standard.exe module_diag_cl.bb | /lib/cpp -P -nostdinc -I/home/onishi/WRF/external/ioapi_share -traditional-cpp -DUSE_NETCDF4_FEATURES -DWRFIO_NCD_LARGE_FILE_SUPPORT > module_diag_cl.f90
rm -f module_diag_cl.G module_diag_cl.bb
time mpif90 -f90=ifort -o module_diag_cl.o -c -O3 -ip -fp-model precise -w -ftz -align all -fno-alias -FR -convert big_endian    -I../dyn_em  -I/home/onishi/WRF/external/esmf_time_f90  -I/home/onishi/WRF/main -I/home/onishi/WRF/external/io_netcdf -I/home/onishi/WRF/external/io_int -I/home/onishi/WRF/frame -I/home/onishi/WRF/share -I/home/onishi/WRF/phys -I/home/onishi/WRF/wrftladj -I/home/onishi/WRF/chem -I/home/onishi/WRF/inc -I/home/onishi/NETCDF_DIR2//include  -real-size `expr 8 \* 4` -i4  module_diag_cl.f90
1.29user 0.16system 0:01.47elapsed 98%CPU (0avgtext+0avgdata 114188maxresident)k
32inputs+704outputs (0major+27699minor)pagefaults 0swaps
rm -f module_diag_pld.o
sed -e "s/^\!.*'.*//" -e "s/^ *\!.*'.*//" module_diag_pld.F > module_diag_pld.G
/lib/cpp -P -nostdinc -I/home/onishi/WRF/external/ioapi_share -I/home/onishi/WRF/inc -DEM_CORE=1 -DNMM_CORE=0 -DNMM_MAX_DIM=2600 -DDA_CORE=0 -DWRFPLUS=0 -DIWORDSIZE=4 -DDWORDSIZE=8 -DRWORDSIZE=4 -DLWORDSIZE=4 -DNONSTANDARD_SYSTEM_FUNC  -DWRF_USE_CLM -DUSE_NETCDF4_FEATURES -DWRFIO_NCD_LARGE_FILE_SUPPORT  -DDM_PARALLEL -DNETCDF -DGRIB2 -DHDF5 -DLANDREAD_STUB=1 -DUSE_ALLOCATABLES -Dwrfmodel -DGRIB1 -DINTIO -DKEEP_INT_AROUND -DLIMIT_ARGS -DBUILD_RRTMG_FAST=0 -DBUILD_RRTMK=0 -DBUILD_SBM_FAST=1 -DSHOW_ALL_VARS_USED=0 -DCONFIG_BUF_LEN=65536 -DMAX_DOMAINS_F=21 -DMAX_HISTORY=25 -DNMM_NEST=0 -DWRF_CHEM -DBUILD_CHEM=1 -DWRF_KPP -I. -traditional-cpp -DUSE_NETCDF4_FEATURES -DWRFIO_NCD_LARGE_FILE_SUPPORT   module_diag_pld.G  > module_diag_pld.bb
/home/onishi/WRF/tools/standard.exe module_diag_pld.bb | /lib/cpp -P -nostdinc -I/home/onishi/WRF/external/ioapi_share -traditional-cpp -DUSE_NETCDF4_FEATURES -DWRFIO_NCD_LARGE_FILE_SUPPORT > module_diag_pld.f90
rm -f module_diag_pld.G module_diag_pld.bb
time mpif90 -f90=ifort -o module_diag_pld.o -c -O3 -ip -fp-model precise -w -ftz -align all -fno-alias -FR -convert big_endian    -I../dyn_em  -I/home/onishi/WRF/external/esmf_time_f90  -I/home/onishi/WRF/main -I/home/onishi/WRF/external/io_netcdf -I/home/onishi/WRF/external/io_int -I/home/onishi/WRF/frame -I/home/onishi/WRF/share -I/home/onishi/WRF/phys -I/home/onishi/WRF/wrftladj -I/home/onishi/WRF/chem -I/home/onishi/WRF/inc -I/home/onishi/NETCDF_DIR2//include  -real-size `expr 8 \* 4` -i4  module_diag_pld.f90
0.22user 0.07system 0:00.33elapsed 90%CPU (0avgtext+0avgdata 58864maxresident)k
24inputs+272outputs (0major+10442minor)pagefaults 0swaps
rm -f module_diag_zld.o
sed -e "s/^\!.*'.*//" -e "s/^ *\!.*'.*//" module_diag_zld.F > module_diag_zld.G
/lib/cpp -P -nostdinc -I/home/onishi/WRF/external/ioapi_share -I/home/onishi/WRF/inc -DEM_CORE=1 -DNMM_CORE=0 -DNMM_MAX_DIM=2600 -DDA_CORE=0 -DWRFPLUS=0 -DIWORDSIZE=4 -DDWORDSIZE=8 -DRWORDSIZE=4 -DLWORDSIZE=4 -DNONSTANDARD_SYSTEM_FUNC  -DWRF_USE_CLM -DUSE_NETCDF4_FEATURES -DWRFIO_NCD_LARGE_FILE_SUPPORT  -DDM_PARALLEL -DNETCDF -DGRIB2 -DHDF5 -DLANDREAD_STUB=1 -DUSE_ALLOCATABLES -Dwrfmodel -DGRIB1 -DINTIO -DKEEP_INT_AROUND -DLIMIT_ARGS -DBUILD_RRTMG_FAST=0 -DBUILD_RRTMK=0 -DBUILD_SBM_FAST=1 -DSHOW_ALL_VARS_USED=0 -DCONFIG_BUF_LEN=65536 -DMAX_DOMAINS_F=21 -DMAX_HISTORY=25 -DNMM_NEST=0 -DWRF_CHEM -DBUILD_CHEM=1 -DWRF_KPP -I. -traditional-cpp -DUSE_NETCDF4_FEATURES -DWRFIO_NCD_LARGE_FILE_SUPPORT   module_diag_zld.G  > module_diag_zld.bb
/home/onishi/WRF/tools/standard.exe module_diag_zld.bb | /lib/cpp -P -nostdinc -I/home/onishi/WRF/external/ioapi_share -traditional-cpp -DUSE_NETCDF4_FEATURES -DWRFIO_NCD_LARGE_FILE_SUPPORT > module_diag_zld.f90
rm -f module_diag_zld.G module_diag_zld.bb
2.52user 0.16system 0:02.70elapsed 99%CPU (0avgtext+0avgdata 141772maxresident)k
64inputs+1024outputs (0major+35520minor)pagefaults 0swaps
rm -f module_diag_functions.o
sed -e "s/^\!.*'.*//" -e "s/^ *\!.*'.*//" module_diag_functions.F > module_diag_functions.G
time mpif90 -f90=ifort -o module_diag_zld.o -c -O3 -ip -fp-model precise -w -ftz -align all -fno-alias -FR -convert big_endian    -I../dyn_em  -I/home/onishi/WRF/external/esmf_time_f90  -I/home/onishi/WRF/main -I/home/onishi/WRF/external/io_netcdf -I/home/onishi/WRF/external/io_int -I/home/onishi/WRF/frame -I/home/onishi/WRF/share -I/home/onishi/WRF/phys -I/home/onishi/WRF/wrftladj -I/home/onishi/WRF/chem -I/home/onishi/WRF/inc -I/home/onishi/NETCDF_DIR2//include  -real-size `expr 8 \* 4` -i4  module_diag_zld.f90
/lib/cpp -P -nostdinc -I/home/onishi/WRF/external/ioapi_share -I/home/onishi/WRF/inc -DEM_CORE=1 -DNMM_CORE=0 -DNMM_MAX_DIM=2600 -DDA_CORE=0 -DWRFPLUS=0 -DIWORDSIZE=4 -DDWORDSIZE=8 -DRWORDSIZE=4 -DLWORDSIZE=4 -DNONSTANDARD_SYSTEM_FUNC  -DWRF_USE_CLM -DUSE_NETCDF4_FEATURES -DWRFIO_NCD_LARGE_FILE_SUPPORT  -DDM_PARALLEL -DNETCDF -DGRIB2 -DHDF5 -DLANDREAD_STUB=1 -DUSE_ALLOCATABLES -Dwrfmodel -DGRIB1 -DINTIO -DKEEP_INT_AROUND -DLIMIT_ARGS -DBUILD_RRTMG_FAST=0 -DBUILD_RRTMK=0 -DBUILD_SBM_FAST=1 -DSHOW_ALL_VARS_USED=0 -DCONFIG_BUF_LEN=65536 -DMAX_DOMAINS_F=21 -DMAX_HISTORY=25 -DNMM_NEST=0 -DWRF_CHEM -DBUILD_CHEM=1 -DWRF_KPP -I. -traditional-cpp -DUSE_NETCDF4_FEATURES -DWRFIO_NCD_LARGE_FILE_SUPPORT   module_diag_functions.G  > module_diag_functions.bb
/home/onishi/WRF/tools/standard.exe module_diag_functions.bb | /lib/cpp -P -nostdinc -I/home/onishi/WRF/external/ioapi_share -traditional-cpp -DUSE_NETCDF4_FEATURES -DWRFIO_NCD_LARGE_FILE_SUPPORT > module_diag_functions.f90
rm -f module_diag_functions.G module_diag_functions.bb
time mpif90 -f90=ifort -o module_diag_functions.o -c -O3 -ip -fp-model precise -w -ftz -align all -fno-alias -FR -convert big_endian    -I../dyn_em  -I/home/onishi/WRF/external/esmf_time_f90  -I/home/onishi/WRF/main -I/home/onishi/WRF/external/io_netcdf -I/home/onishi/WRF/external/io_int -I/home/onishi/WRF/frame -I/home/onishi/WRF/share -I/home/onishi/WRF/phys -I/home/onishi/WRF/wrftladj -I/home/onishi/WRF/chem -I/home/onishi/WRF/inc -I/home/onishi/NETCDF_DIR2//include  -real-size `expr 8 \* 4` -i4  module_diag_functions.f90
0.19user 0.08system 0:00.29elapsed 94%CPU (0avgtext+0avgdata 57384maxresident)k
16inputs+248outputs (0major+10113minor)pagefaults 0swaps
rm -f module_diag_hailcast.o
sed -e "s/^\!.*'.*//" -e "s/^ *\!.*'.*//" module_diag_hailcast.F > module_diag_hailcast.G
/lib/cpp -P -nostdinc -I/home/onishi/WRF/external/ioapi_share -I/home/onishi/WRF/inc -DEM_CORE=1 -DNMM_CORE=0 -DNMM_MAX_DIM=2600 -DDA_CORE=0 -DWRFPLUS=0 -DIWORDSIZE=4 -DDWORDSIZE=8 -DRWORDSIZE=4 -DLWORDSIZE=4 -DNONSTANDARD_SYSTEM_FUNC  -DWRF_USE_CLM -DUSE_NETCDF4_FEATURES -DWRFIO_NCD_LARGE_FILE_SUPPORT  -DDM_PARALLEL -DNETCDF -DGRIB2 -DHDF5 -DLANDREAD_STUB=1 -DUSE_ALLOCATABLES -Dwrfmodel -DGRIB1 -DINTIO -DKEEP_INT_AROUND -DLIMIT_ARGS -DBUILD_RRTMG_FAST=0 -DBUILD_RRTMK=0 -DBUILD_SBM_FAST=1 -DSHOW_ALL_VARS_USED=0 -DCONFIG_BUF_LEN=65536 -DMAX_DOMAINS_F=21 -DMAX_HISTORY=25 -DNMM_NEST=0 -DWRF_CHEM -DBUILD_CHEM=1 -DWRF_KPP -I. -traditional-cpp -DUSE_NETCDF4_FEATURES -DWRFIO_NCD_LARGE_FILE_SUPPORT   module_diag_hailcast.G  > module_diag_hailcast.bb
/home/onishi/WRF/tools/standard.exe module_diag_hailcast.bb | /lib/cpp -P -nostdinc -I/home/onishi/WRF/external/ioapi_share -traditional-cpp -DUSE_NETCDF4_FEATURES -DWRFIO_NCD_LARGE_FILE_SUPPORT > module_diag_hailcast.f90
rm -f module_diag_hailcast.G module_diag_hailcast.bb
0.22user 0.08system 0:00.31elapsed 96%CPU (0avgtext+0avgdata 53804maxresident)k
64inputs+368outputs (0major+9171minor)pagefaults 0swaps
rm -f module_diag_solar.o
time mpif90 -f90=ifort -o module_diag_hailcast.o -c -O3 -ip -fp-model precise -w -ftz -align all -fno-alias -FR -convert big_endian    -I../dyn_em  -I/home/onishi/WRF/external/esmf_time_f90  -I/home/onishi/WRF/main -I/home/onishi/WRF/external/io_netcdf -I/home/onishi/WRF/external/io_int -I/home/onishi/WRF/frame -I/home/onishi/WRF/share -I/home/onishi/WRF/phys -I/home/onishi/WRF/wrftladj -I/home/onishi/WRF/chem -I/home/onishi/WRF/inc -I/home/onishi/NETCDF_DIR2//include  -real-size `expr 8 \* 4` -i4  module_diag_hailcast.f90
sed -e "s/^\!.*'.*//" -e "s/^ *\!.*'.*//" module_diag_solar.F > module_diag_solar.G
/lib/cpp -P -nostdinc -I/home/onishi/WRF/external/ioapi_share -I/home/onishi/WRF/inc -DEM_CORE=1 -DNMM_CORE=0 -DNMM_MAX_DIM=2600 -DDA_CORE=0 -DWRFPLUS=0 -DIWORDSIZE=4 -DDWORDSIZE=8 -DRWORDSIZE=4 -DLWORDSIZE=4 -DNONSTANDARD_SYSTEM_FUNC  -DWRF_USE_CLM -DUSE_NETCDF4_FEATURES -DWRFIO_NCD_LARGE_FILE_SUPPORT  -DDM_PARALLEL -DNETCDF -DGRIB2 -DHDF5 -DLANDREAD_STUB=1 -DUSE_ALLOCATABLES -Dwrfmodel -DGRIB1 -DINTIO -DKEEP_INT_AROUND -DLIMIT_ARGS -DBUILD_RRTMG_FAST=0 -DBUILD_RRTMK=0 -DBUILD_SBM_FAST=1 -DSHOW_ALL_VARS_USED=0 -DCONFIG_BUF_LEN=65536 -DMAX_DOMAINS_F=21 -DMAX_HISTORY=25 -DNMM_NEST=0 -DWRF_CHEM -DBUILD_CHEM=1 -DWRF_KPP -I. -traditional-cpp -DUSE_NETCDF4_FEATURES -DWRFIO_NCD_LARGE_FILE_SUPPORT   module_diag_solar.G  > module_diag_solar.bb
/home/onishi/WRF/tools/standard.exe module_diag_solar.bb | /lib/cpp -P -nostdinc -I/home/onishi/WRF/external/ioapi_share -traditional-cpp -DUSE_NETCDF4_FEATURES -DWRFIO_NCD_LARGE_FILE_SUPPORT > module_diag_solar.f90
rm -f module_diag_solar.G module_diag_solar.bb
time mpif90 -f90=ifort -o module_diag_solar.o -c -O3 -ip -fp-model precise -w -ftz -align all -fno-alias -FR -convert big_endian    -I../dyn_em  -I/home/onishi/WRF/external/esmf_time_f90  -I/home/onishi/WRF/main -I/home/onishi/WRF/external/io_netcdf -I/home/onishi/WRF/external/io_int -I/home/onishi/WRF/frame -I/home/onishi/WRF/share -I/home/onishi/WRF/phys -I/home/onishi/WRF/wrftladj -I/home/onishi/WRF/chem -I/home/onishi/WRF/inc -I/home/onishi/NETCDF_DIR2//include  -real-size `expr 8 \* 4` -i4  module_diag_solar.f90
0.75user 0.13system 0:00.89elapsed 98%CPU (0avgtext+0avgdata 90112maxresident)k
32inputs+440outputs (0major+18792minor)pagefaults 0swaps
rm -f module_fr_fire_util.o
sed -e "s/^\!.*'.*//" -e "s/^ *\!.*'.*//" module_fr_fire_util.F > module_fr_fire_util.G
/lib/cpp -P -nostdinc -I/home/onishi/WRF/external/ioapi_share -I/home/onishi/WRF/inc -DEM_CORE=1 -DNMM_CORE=0 -DNMM_MAX_DIM=2600 -DDA_CORE=0 -DWRFPLUS=0 -DIWORDSIZE=4 -DDWORDSIZE=8 -DRWORDSIZE=4 -DLWORDSIZE=4 -DNONSTANDARD_SYSTEM_FUNC  -DWRF_USE_CLM -DUSE_NETCDF4_FEATURES -DWRFIO_NCD_LARGE_FILE_SUPPORT  -DDM_PARALLEL -DNETCDF -DGRIB2 -DHDF5 -DLANDREAD_STUB=1 -DUSE_ALLOCATABLES -Dwrfmodel -DGRIB1 -DINTIO -DKEEP_INT_AROUND -DLIMIT_ARGS -DBUILD_RRTMG_FAST=0 -DBUILD_RRTMK=0 -DBUILD_SBM_FAST=1 -DSHOW_ALL_VARS_USED=0 -DCONFIG_BUF_LEN=65536 -DMAX_DOMAINS_F=21 -DMAX_HISTORY=25 -DNMM_NEST=0 -DWRF_CHEM -DBUILD_CHEM=1 -DWRF_KPP -I. -traditional-cpp -DUSE_NETCDF4_FEATURES -DWRFIO_NCD_LARGE_FILE_SUPPORT   module_fr_fire_util.G  > module_fr_fire_util.bb
/home/onishi/WRF/tools/standard.exe module_fr_fire_util.bb | /lib/cpp -P -nostdinc -I/home/onishi/WRF/external/ioapi_share -traditional-cpp -DUSE_NETCDF4_FEATURES -DWRFIO_NCD_LARGE_FILE_SUPPORT > module_fr_fire_util.f90
rm -f module_fr_fire_util.G module_fr_fire_util.bb
time mpif90 -f90=ifort -o module_fr_fire_util.o -c -O3 -ip -fp-model precise -w -ftz -align all -fno-alias -FR -convert big_endian    -I../dyn_em  -I/home/onishi/WRF/external/esmf_time_f90  -I/home/onishi/WRF/main -I/home/onishi/WRF/external/io_netcdf -I/home/onishi/WRF/external/io_int -I/home/onishi/WRF/frame -I/home/onishi/WRF/share -I/home/onishi/WRF/phys -I/home/onishi/WRF/wrftladj -I/home/onishi/WRF/chem -I/home/onishi/WRF/inc -I/home/onishi/NETCDF_DIR2//include  -real-size `expr 8 \* 4` -i4  module_fr_fire_util.f90
1.58user 0.14system 0:01.74elapsed 98%CPU (0avgtext+0avgdata 108404maxresident)k
72inputs+4592outputs (0major+25221minor)pagefaults 0swaps
rm -f module_firebrand_spotting_mpi.o
sed -e "s/^\!.*'.*//" -e "s/^ *\!.*'.*//" module_firebrand_spotting_mpi.F > module_firebrand_spotting_mpi.G
/lib/cpp -P -nostdinc -I/home/onishi/WRF/external/ioapi_share -I/home/onishi/WRF/inc -DEM_CORE=1 -DNMM_CORE=0 -DNMM_MAX_DIM=2600 -DDA_CORE=0 -DWRFPLUS=0 -DIWORDSIZE=4 -DDWORDSIZE=8 -DRWORDSIZE=4 -DLWORDSIZE=4 -DNONSTANDARD_SYSTEM_FUNC  -DWRF_USE_CLM -DUSE_NETCDF4_FEATURES -DWRFIO_NCD_LARGE_FILE_SUPPORT  -DDM_PARALLEL -DNETCDF -DGRIB2 -DHDF5 -DLANDREAD_STUB=1 -DUSE_ALLOCATABLES -Dwrfmodel -DGRIB1 -DINTIO -DKEEP_INT_AROUND -DLIMIT_ARGS -DBUILD_RRTMG_FAST=0 -DBUILD_RRTMK=0 -DBUILD_SBM_FAST=1 -DSHOW_ALL_VARS_USED=0 -DCONFIG_BUF_LEN=65536 -DMAX_DOMAINS_F=21 -DMAX_HISTORY=25 -DNMM_NEST=0 -DWRF_CHEM -DBUILD_CHEM=1 -DWRF_KPP -I. -traditional-cpp -DUSE_NETCDF4_FEATURES -DWRFIO_NCD_LARGE_FILE_SUPPORT   module_firebrand_spotting_mpi.G  > module_firebrand_spotting_mpi.bb
/home/onishi/WRF/tools/standard.exe module_firebrand_spotting_mpi.bb | /lib/cpp -P -nostdinc -I/home/onishi/WRF/external/ioapi_share -traditional-cpp -DUSE_NETCDF4_FEATURES -DWRFIO_NCD_LARGE_FILE_SUPPORT > module_firebrand_spotting_mpi.f90
rm -f module_firebrand_spotting_mpi.G module_firebrand_spotting_mpi.bb
time mpif90 -f90=ifort -o module_firebrand_spotting_mpi.o -c -O3 -ip -fp-model precise -w -ftz -align all -fno-alias -FR -convert big_endian    -I../dyn_em  -I/home/onishi/WRF/external/esmf_time_f90  -I/home/onishi/WRF/main -I/home/onishi/WRF/external/io_netcdf -I/home/onishi/WRF/external/io_int -I/home/onishi/WRF/frame -I/home/onishi/WRF/share -I/home/onishi/WRF/phys -I/home/onishi/WRF/wrftladj -I/home/onishi/WRF/chem -I/home/onishi/WRF/inc -I/home/onishi/NETCDF_DIR2//include  -real-size `expr 8 \* 4` -i4  module_firebrand_spotting_mpi.f90
1.72user 0.09system 0:01.83elapsed 99%CPU (0avgtext+0avgdata 64940maxresident)k
72inputs+1416outputs (0major+13931minor)pagefaults 0swaps
rm -f module_cam_support.o
sed -e "s/^\!.*'.*//" -e "s/^ *\!.*'.*//" module_cam_support.F > module_cam_support.G
/lib/cpp -P -nostdinc -I/home/onishi/WRF/external/ioapi_share -I/home/onishi/WRF/inc -DEM_CORE=1 -DNMM_CORE=0 -DNMM_MAX_DIM=2600 -DDA_CORE=0 -DWRFPLUS=0 -DIWORDSIZE=4 -DDWORDSIZE=8 -DRWORDSIZE=4 -DLWORDSIZE=4 -DNONSTANDARD_SYSTEM_FUNC  -DWRF_USE_CLM -DUSE_NETCDF4_FEATURES -DWRFIO_NCD_LARGE_FILE_SUPPORT  -DDM_PARALLEL -DNETCDF -DGRIB2 -DHDF5 -DLANDREAD_STUB=1 -DUSE_ALLOCATABLES -Dwrfmodel -DGRIB1 -DINTIO -DKEEP_INT_AROUND -DLIMIT_ARGS -DBUILD_RRTMG_FAST=0 -DBUILD_RRTMK=0 -DBUILD_SBM_FAST=1 -DSHOW_ALL_VARS_USED=0 -DCONFIG_BUF_LEN=65536 -DMAX_DOMAINS_F=21 -DMAX_HISTORY=25 -DNMM_NEST=0 -DWRF_CHEM -DBUILD_CHEM=1 -DWRF_KPP -I. -traditional-cpp -DUSE_NETCDF4_FEATURES -DWRFIO_NCD_LARGE_FILE_SUPPORT   module_cam_support.G  > module_cam_support.bb
/home/onishi/WRF/tools/standard.exe module_cam_support.bb | /lib/cpp -P -nostdinc -I/home/onishi/WRF/external/ioapi_share -traditional-cpp -DUSE_NETCDF4_FEATURES -DWRFIO_NCD_LARGE_FILE_SUPPORT > module_cam_support.f90
rm -f module_cam_support.G module_cam_support.bb
time mpif90 -f90=ifort -o module_cam_support.o -c -O3 -ip -fp-model precise -w -ftz -align all -fno-alias -FR -convert big_endian    -I../dyn_em  -I/home/onishi/WRF/external/esmf_time_f90  -I/home/onishi/WRF/main -I/home/onishi/WRF/external/io_netcdf -I/home/onishi/WRF/external/io_int -I/home/onishi/WRF/frame -I/home/onishi/WRF/share -I/home/onishi/WRF/phys -I/home/onishi/WRF/wrftladj -I/home/onishi/WRF/chem -I/home/onishi/WRF/inc -I/home/onishi/NETCDF_DIR2//include  -real-size `expr 8 \* 4` -i4  module_cam_support.f90
0.04user 0.08system 0:00.15elapsed 79%CPU (0avgtext+0avgdata 46136maxresident)k
8inputs+112outputs (0major+7225minor)pagefaults 0swaps
rm -f module_cam_shr_const_mod.o
sed -e "s/^\!.*'.*//" -e "s/^ *\!.*'.*//" module_cam_shr_const_mod.F > module_cam_shr_const_mod.G
/lib/cpp -P -nostdinc -I/home/onishi/WRF/external/ioapi_share -I/home/onishi/WRF/inc -DEM_CORE=1 -DNMM_CORE=0 -DNMM_MAX_DIM=2600 -DDA_CORE=0 -DWRFPLUS=0 -DIWORDSIZE=4 -DDWORDSIZE=8 -DRWORDSIZE=4 -DLWORDSIZE=4 -DNONSTANDARD_SYSTEM_FUNC  -DWRF_USE_CLM -DUSE_NETCDF4_FEATURES -DWRFIO_NCD_LARGE_FILE_SUPPORT  -DDM_PARALLEL -DNETCDF -DGRIB2 -DHDF5 -DLANDREAD_STUB=1 -DUSE_ALLOCATABLES -Dwrfmodel -DGRIB1 -DINTIO -DKEEP_INT_AROUND -DLIMIT_ARGS -DBUILD_RRTMG_FAST=0 -DBUILD_RRTMK=0 -DBUILD_SBM_FAST=1 -DSHOW_ALL_VARS_USED=0 -DCONFIG_BUF_LEN=65536 -DMAX_DOMAINS_F=21 -DMAX_HISTORY=25 -DNMM_NEST=0 -DWRF_CHEM -DBUILD_CHEM=1 -DWRF_KPP -I. -traditional-cpp -DUSE_NETCDF4_FEATURES -DWRFIO_NCD_LARGE_FILE_SUPPORT   module_cam_shr_const_mod.G  > module_cam_shr_const_mod.bb
/home/onishi/WRF/tools/standard.exe module_cam_shr_const_mod.bb | /lib/cpp -P -nostdinc -I/home/onishi/WRF/external/ioapi_share -traditional-cpp -DUSE_NETCDF4_FEATURES -DWRFIO_NCD_LARGE_FILE_SUPPORT > module_cam_shr_const_mod.f90
rm -f module_cam_shr_const_mod.G module_cam_shr_const_mod.bb
time mpif90 -f90=ifort -o module_cam_shr_const_mod.o -c -O3 -ip -fp-model precise -w -ftz -align all -fno-alias -FR -convert big_endian    -I../dyn_em  -I/home/onishi/WRF/external/esmf_time_f90  -I/home/onishi/WRF/main -I/home/onishi/WRF/external/io_netcdf -I/home/onishi/WRF/external/io_int -I/home/onishi/WRF/frame -I/home/onishi/WRF/share -I/home/onishi/WRF/phys -I/home/onishi/WRF/wrftladj -I/home/onishi/WRF/chem -I/home/onishi/WRF/inc -I/home/onishi/NETCDF_DIR2//include  -real-size `expr 8 \* 4` -i4  module_cam_shr_const_mod.f90
0.02user 0.06system 0:00.10elapsed 87%CPU (0avgtext+0avgdata 38096maxresident)k
8inputs+104outputs (0major+5965minor)pagefaults 0swaps
rm -f module_cam_trb_mtn_stress.o
sed -e "s/^\!.*'.*//" -e "s/^ *\!.*'.*//" module_cam_trb_mtn_stress.F > module_cam_trb_mtn_stress.G
/lib/cpp -P -nostdinc -I/home/onishi/WRF/external/ioapi_share -I/home/onishi/WRF/inc -DEM_CORE=1 -DNMM_CORE=0 -DNMM_MAX_DIM=2600 -DDA_CORE=0 -DWRFPLUS=0 -DIWORDSIZE=4 -DDWORDSIZE=8 -DRWORDSIZE=4 -DLWORDSIZE=4 -DNONSTANDARD_SYSTEM_FUNC  -DWRF_USE_CLM -DUSE_NETCDF4_FEATURES -DWRFIO_NCD_LARGE_FILE_SUPPORT  -DDM_PARALLEL -DNETCDF -DGRIB2 -DHDF5 -DLANDREAD_STUB=1 -DUSE_ALLOCATABLES -Dwrfmodel -DGRIB1 -DINTIO -DKEEP_INT_AROUND -DLIMIT_ARGS -DBUILD_RRTMG_FAST=0 -DBUILD_RRTMK=0 -DBUILD_SBM_FAST=1 -DSHOW_ALL_VARS_USED=0 -DCONFIG_BUF_LEN=65536 -DMAX_DOMAINS_F=21 -DMAX_HISTORY=25 -DNMM_NEST=0 -DWRF_CHEM -DBUILD_CHEM=1 -DWRF_KPP -I. -traditional-cpp -DUSE_NETCDF4_FEATURES -DWRFIO_NCD_LARGE_FILE_SUPPORT   module_cam_trb_mtn_stress.G  > module_cam_trb_mtn_stress.bb
/home/onishi/WRF/tools/standard.exe module_cam_trb_mtn_stress.bb | /lib/cpp -P -nostdinc -I/home/onishi/WRF/external/ioapi_share -traditional-cpp -DUSE_NETCDF4_FEATURES -DWRFIO_NCD_LARGE_FILE_SUPPORT > module_cam_trb_mtn_stress.f90
rm -f module_cam_trb_mtn_stress.G module_cam_trb_mtn_stress.bb
time mpif90 -f90=ifort -o module_cam_trb_mtn_stress.o -c -O3 -ip -fp-model precise -w -ftz -align all -fno-alias -FR -convert big_endian    -I../dyn_em  -I/home/onishi/WRF/external/esmf_time_f90  -I/home/onishi/WRF/main -I/home/onishi/WRF/external/io_netcdf -I/home/onishi/WRF/external/io_int -I/home/onishi/WRF/frame -I/home/onishi/WRF/share -I/home/onishi/WRF/phys -I/home/onishi/WRF/wrftladj -I/home/onishi/WRF/chem -I/home/onishi/WRF/inc -I/home/onishi/NETCDF_DIR2//include  -real-size `expr 8 \* 4` -i4  module_cam_trb_mtn_stress.f90
0.04user 0.07system 0:00.12elapsed 88%CPU (0avgtext+0avgdata 45032maxresident)k
24inputs+128outputs (0major+7046minor)pagefaults 0swaps
rm -f module_cam_upper_bc.o
sed -e "s/^\!.*'.*//" -e "s/^ *\!.*'.*//" module_cam_upper_bc.F > module_cam_upper_bc.G
/lib/cpp -P -nostdinc -I/home/onishi/WRF/external/ioapi_share -I/home/onishi/WRF/inc -DEM_CORE=1 -DNMM_CORE=0 -DNMM_MAX_DIM=2600 -DDA_CORE=0 -DWRFPLUS=0 -DIWORDSIZE=4 -DDWORDSIZE=8 -DRWORDSIZE=4 -DLWORDSIZE=4 -DNONSTANDARD_SYSTEM_FUNC  -DWRF_USE_CLM -DUSE_NETCDF4_FEATURES -DWRFIO_NCD_LARGE_FILE_SUPPORT  -DDM_PARALLEL -DNETCDF -DGRIB2 -DHDF5 -DLANDREAD_STUB=1 -DUSE_ALLOCATABLES -Dwrfmodel -DGRIB1 -DINTIO -DKEEP_INT_AROUND -DLIMIT_ARGS -DBUILD_RRTMG_FAST=0 -DBUILD_RRTMK=0 -DBUILD_SBM_FAST=1 -DSHOW_ALL_VARS_USED=0 -DCONFIG_BUF_LEN=65536 -DMAX_DOMAINS_F=21 -DMAX_HISTORY=25 -DNMM_NEST=0 -DWRF_CHEM -DBUILD_CHEM=1 -DWRF_KPP -I. -traditional-cpp -DUSE_NETCDF4_FEATURES -DWRFIO_NCD_LARGE_FILE_SUPPORT   module_cam_upper_bc.G  > module_cam_upper_bc.bb
/home/onishi/WRF/tools/standard.exe module_cam_upper_bc.bb | /lib/cpp -P -nostdinc -I/home/onishi/WRF/external/ioapi_share -traditional-cpp -DUSE_NETCDF4_FEATURES -DWRFIO_NCD_LARGE_FILE_SUPPORT > module_cam_upper_bc.f90
rm -f module_cam_upper_bc.G module_cam_upper_bc.bb
time mpif90 -f90=ifort -o module_cam_upper_bc.o -c -O3 -ip -fp-model precise -w -ftz -align all -fno-alias -FR -convert big_endian    -I../dyn_em  -I/home/onishi/WRF/external/esmf_time_f90  -I/home/onishi/WRF/main -I/home/onishi/WRF/external/io_netcdf -I/home/onishi/WRF/external/io_int -I/home/onishi/WRF/frame -I/home/onishi/WRF/share -I/home/onishi/WRF/phys -I/home/onishi/WRF/wrftladj -I/home/onishi/WRF/chem -I/home/onishi/WRF/inc -I/home/onishi/NETCDF_DIR2//include  -real-size `expr 8 \* 4` -i4  module_cam_upper_bc.f90
0.02user 0.06system 0:00.10elapsed 89%CPU (0avgtext+0avgdata 39296maxresident)k
8inputs+96outputs (0major+6091minor)pagefaults 0swaps
rm -f module_cam_bl_diffusion_solver.o
sed -e "s/^\!.*'.*//" -e "s/^ *\!.*'.*//" module_cam_bl_diffusion_solver.F > module_cam_bl_diffusion_solver.G
/lib/cpp -P -nostdinc -I/home/onishi/WRF/external/ioapi_share -I/home/onishi/WRF/inc -DEM_CORE=1 -DNMM_CORE=0 -DNMM_MAX_DIM=2600 -DDA_CORE=0 -DWRFPLUS=0 -DIWORDSIZE=4 -DDWORDSIZE=8 -DRWORDSIZE=4 -DLWORDSIZE=4 -DNONSTANDARD_SYSTEM_FUNC  -DWRF_USE_CLM -DUSE_NETCDF4_FEATURES -DWRFIO_NCD_LARGE_FILE_SUPPORT  -DDM_PARALLEL -DNETCDF -DGRIB2 -DHDF5 -DLANDREAD_STUB=1 -DUSE_ALLOCATABLES -Dwrfmodel -DGRIB1 -DINTIO -DKEEP_INT_AROUND -DLIMIT_ARGS -DBUILD_RRTMG_FAST=0 -DBUILD_RRTMK=0 -DBUILD_SBM_FAST=1 -DSHOW_ALL_VARS_USED=0 -DCONFIG_BUF_LEN=65536 -DMAX_DOMAINS_F=21 -DMAX_HISTORY=25 -DNMM_NEST=0 -DWRF_CHEM -DBUILD_CHEM=1 -DWRF_KPP -I. -traditional-cpp -DUSE_NETCDF4_FEATURES -DWRFIO_NCD_LARGE_FILE_SUPPORT   module_cam_bl_diffusion_solver.G  > module_cam_bl_diffusion_solver.bb
/home/onishi/WRF/tools/standard.exe module_cam_bl_diffusion_solver.bb | /lib/cpp -P -nostdinc -I/home/onishi/WRF/external/ioapi_share -traditional-cpp -DUSE_NETCDF4_FEATURES -DWRFIO_NCD_LARGE_FILE_SUPPORT > module_cam_bl_diffusion_solver.f90
rm -f module_cam_bl_diffusion_solver.G module_cam_bl_diffusion_solver.bb
time mpif90 -f90=ifort -o module_cam_bl_diffusion_solver.o -c -O3 -ip -fp-model precise -w -ftz -align all -fno-alias -FR -convert big_endian    -I../dyn_em  -I/home/onishi/WRF/external/esmf_time_f90  -I/home/onishi/WRF/main -I/home/onishi/WRF/external/io_netcdf -I/home/onishi/WRF/external/io_int -I/home/onishi/WRF/frame -I/home/onishi/WRF/share -I/home/onishi/WRF/phys -I/home/onishi/WRF/wrftladj -I/home/onishi/WRF/chem -I/home/onishi/WRF/inc -I/home/onishi/NETCDF_DIR2//include  -real-size `expr 8 \* 4` -i4  module_cam_bl_diffusion_solver.f90
2.23user 0.21system 0:02.48elapsed 98%CPU (0avgtext+0avgdata 121428maxresident)k
40inputs+4120outputs (0major+27856minor)pagefaults 0swaps
rm -f module_cam_mp_radconstants.o
sed -e "s/^\!.*'.*//" -e "s/^ *\!.*'.*//" module_cam_mp_radconstants.F > module_cam_mp_radconstants.G
/lib/cpp -P -nostdinc -I/home/onishi/WRF/external/ioapi_share -I/home/onishi/WRF/inc -DEM_CORE=1 -DNMM_CORE=0 -DNMM_MAX_DIM=2600 -DDA_CORE=0 -DWRFPLUS=0 -DIWORDSIZE=4 -DDWORDSIZE=8 -DRWORDSIZE=4 -DLWORDSIZE=4 -DNONSTANDARD_SYSTEM_FUNC  -DWRF_USE_CLM -DUSE_NETCDF4_FEATURES -DWRFIO_NCD_LARGE_FILE_SUPPORT  -DDM_PARALLEL -DNETCDF -DGRIB2 -DHDF5 -DLANDREAD_STUB=1 -DUSE_ALLOCATABLES -Dwrfmodel -DGRIB1 -DINTIO -DKEEP_INT_AROUND -DLIMIT_ARGS -DBUILD_RRTMG_FAST=0 -DBUILD_RRTMK=0 -DBUILD_SBM_FAST=1 -DSHOW_ALL_VARS_USED=0 -DCONFIG_BUF_LEN=65536 -DMAX_DOMAINS_F=21 -DMAX_HISTORY=25 -DNMM_NEST=0 -DWRF_CHEM -DBUILD_CHEM=1 -DWRF_KPP -I. -traditional-cpp -DUSE_NETCDF4_FEATURES -DWRFIO_NCD_LARGE_FILE_SUPPORT   module_cam_mp_radconstants.G  > module_cam_mp_radconstants.bb
/home/onishi/WRF/tools/standard.exe module_cam_mp_radconstants.bb | /lib/cpp -P -nostdinc -I/home/onishi/WRF/external/ioapi_share -traditional-cpp -DUSE_NETCDF4_FEATURES -DWRFIO_NCD_LARGE_FILE_SUPPORT > module_cam_mp_radconstants.f90
rm -f module_cam_mp_radconstants.G module_cam_mp_radconstants.bb
time mpif90 -f90=ifort -o module_cam_mp_radconstants.o -c -O3 -ip -fp-model precise -w -ftz -align all -fno-alias -FR -convert big_endian    -I../dyn_em  -I/home/onishi/WRF/external/esmf_time_f90  -I/home/onishi/WRF/main -I/home/onishi/WRF/external/io_netcdf -I/home/onishi/WRF/external/io_int -I/home/onishi/WRF/frame -I/home/onishi/WRF/share -I/home/onishi/WRF/phys -I/home/onishi/WRF/wrftladj -I/home/onishi/WRF/chem -I/home/onishi/WRF/inc -I/home/onishi/NETCDF_DIR2//include  -real-size `expr 8 \* 4` -i4  module_cam_mp_radconstants.f90
0.09user 0.07system 0:00.18elapsed 91%CPU (0avgtext+0avgdata 48996maxresident)k
16inputs+184outputs (0major+7688minor)pagefaults 0swaps
rm -f module_cam_mp_qneg3.o
sed -e "s/^\!.*'.*//" -e "s/^ *\!.*'.*//" module_cam_mp_qneg3.F > module_cam_mp_qneg3.G
/lib/cpp -P -nostdinc -I/home/onishi/WRF/external/ioapi_share -I/home/onishi/WRF/inc -DEM_CORE=1 -DNMM_CORE=0 -DNMM_MAX_DIM=2600 -DDA_CORE=0 -DWRFPLUS=0 -DIWORDSIZE=4 -DDWORDSIZE=8 -DRWORDSIZE=4 -DLWORDSIZE=4 -DNONSTANDARD_SYSTEM_FUNC  -DWRF_USE_CLM -DUSE_NETCDF4_FEATURES -DWRFIO_NCD_LARGE_FILE_SUPPORT  -DDM_PARALLEL -DNETCDF -DGRIB2 -DHDF5 -DLANDREAD_STUB=1 -DUSE_ALLOCATABLES -Dwrfmodel -DGRIB1 -DINTIO -DKEEP_INT_AROUND -DLIMIT_ARGS -DBUILD_RRTMG_FAST=0 -DBUILD_RRTMK=0 -DBUILD_SBM_FAST=1 -DSHOW_ALL_VARS_USED=0 -DCONFIG_BUF_LEN=65536 -DMAX_DOMAINS_F=21 -DMAX_HISTORY=25 -DNMM_NEST=0 -DWRF_CHEM -DBUILD_CHEM=1 -DWRF_KPP -I. -traditional-cpp -DUSE_NETCDF4_FEATURES -DWRFIO_NCD_LARGE_FILE_SUPPORT   module_cam_mp_qneg3.G  > module_cam_mp_qneg3.bb
/home/onishi/WRF/tools/standard.exe module_cam_mp_qneg3.bb | /lib/cpp -P -nostdinc -I/home/onishi/WRF/external/ioapi_share -traditional-cpp -DUSE_NETCDF4_FEATURES -DWRFIO_NCD_LARGE_FILE_SUPPORT > module_cam_mp_qneg3.f90
rm -f module_cam_mp_qneg3.G module_cam_mp_qneg3.bb
time mpif90 -f90=ifort -o module_cam_mp_qneg3.o -c -O3 -ip -fp-model precise -w -ftz -align all -fno-alias -FR -convert big_endian    -I../dyn_em  -I/home/onishi/WRF/external/esmf_time_f90  -I/home/onishi/WRF/main -I/home/onishi/WRF/external/io_netcdf -I/home/onishi/WRF/external/io_int -I/home/onishi/WRF/frame -I/home/onishi/WRF/share -I/home/onishi/WRF/phys -I/home/onishi/WRF/wrftladj -I/home/onishi/WRF/chem -I/home/onishi/WRF/inc -I/home/onishi/NETCDF_DIR2//include  -real-size `expr 8 \* 4` -i4  module_cam_mp_qneg3.f90
0.11user 0.07system 0:00.21elapsed 93%CPU (0avgtext+0avgdata 49404maxresident)k
16inputs+160outputs (0major+7960minor)pagefaults 0swaps
rm -f module_cam_infnan.o
sed -e "s/^\!.*'.*//" -e "s/^ *\!.*'.*//" module_cam_infnan.F > module_cam_infnan.G
/lib/cpp -P -nostdinc -I/home/onishi/WRF/external/ioapi_share -I/home/onishi/WRF/inc -DEM_CORE=1 -DNMM_CORE=0 -DNMM_MAX_DIM=2600 -DDA_CORE=0 -DWRFPLUS=0 -DIWORDSIZE=4 -DDWORDSIZE=8 -DRWORDSIZE=4 -DLWORDSIZE=4 -DNONSTANDARD_SYSTEM_FUNC  -DWRF_USE_CLM -DUSE_NETCDF4_FEATURES -DWRFIO_NCD_LARGE_FILE_SUPPORT  -DDM_PARALLEL -DNETCDF -DGRIB2 -DHDF5 -DLANDREAD_STUB=1 -DUSE_ALLOCATABLES -Dwrfmodel -DGRIB1 -DINTIO -DKEEP_INT_AROUND -DLIMIT_ARGS -DBUILD_RRTMG_FAST=0 -DBUILD_RRTMK=0 -DBUILD_SBM_FAST=1 -DSHOW_ALL_VARS_USED=0 -DCONFIG_BUF_LEN=65536 -DMAX_DOMAINS_F=21 -DMAX_HISTORY=25 -DNMM_NEST=0 -DWRF_CHEM -DBUILD_CHEM=1 -DWRF_KPP -I. -traditional-cpp -DUSE_NETCDF4_FEATURES -DWRFIO_NCD_LARGE_FILE_SUPPORT   module_cam_infnan.G  > module_cam_infnan.bb
/home/onishi/WRF/tools/standard.exe module_cam_infnan.bb | /lib/cpp -P -nostdinc -I/home/onishi/WRF/external/ioapi_share -traditional-cpp -DUSE_NETCDF4_FEATURES -DWRFIO_NCD_LARGE_FILE_SUPPORT > module_cam_infnan.f90
rm -f module_cam_infnan.G module_cam_infnan.bb
time mpif90 -f90=ifort -o module_cam_infnan.o -c -O3 -ip -fp-model precise -w -ftz -align all -fno-alias -FR -convert big_endian    -I../dyn_em  -I/home/onishi/WRF/external/esmf_time_f90  -I/home/onishi/WRF/main -I/home/onishi/WRF/external/io_netcdf -I/home/onishi/WRF/external/io_int -I/home/onishi/WRF/frame -I/home/onishi/WRF/share -I/home/onishi/WRF/phys -I/home/onishi/WRF/wrftladj -I/home/onishi/WRF/chem -I/home/onishi/WRF/inc -I/home/onishi/NETCDF_DIR2//include  -real-size `expr 8 \* 4` -i4  module_cam_infnan.f90
0.01user 0.07system 0:00.09elapsed 87%CPU (0avgtext+0avgdata 38240maxresident)k
8inputs+96outputs (0major+5951minor)pagefaults 0swaps
rm -f module_bl_ysu.o
sed -e "s/^\!.*'.*//" -e "s/^ *\!.*'.*//" module_bl_ysu.F > module_bl_ysu.G
/lib/cpp -P -nostdinc -I/home/onishi/WRF/external/ioapi_share -I/home/onishi/WRF/inc -DEM_CORE=1 -DNMM_CORE=0 -DNMM_MAX_DIM=2600 -DDA_CORE=0 -DWRFPLUS=0 -DIWORDSIZE=4 -DDWORDSIZE=8 -DRWORDSIZE=4 -DLWORDSIZE=4 -DNONSTANDARD_SYSTEM_FUNC  -DWRF_USE_CLM -DUSE_NETCDF4_FEATURES -DWRFIO_NCD_LARGE_FILE_SUPPORT  -DDM_PARALLEL -DNETCDF -DGRIB2 -DHDF5 -DLANDREAD_STUB=1 -DUSE_ALLOCATABLES -Dwrfmodel -DGRIB1 -DINTIO -DKEEP_INT_AROUND -DLIMIT_ARGS -DBUILD_RRTMG_FAST=0 -DBUILD_RRTMK=0 -DBUILD_SBM_FAST=1 -DSHOW_ALL_VARS_USED=0 -DCONFIG_BUF_LEN=65536 -DMAX_DOMAINS_F=21 -DMAX_HISTORY=25 -DNMM_NEST=0 -DWRF_CHEM -DBUILD_CHEM=1 -DWRF_KPP -I. -traditional-cpp -DUSE_NETCDF4_FEATURES -DWRFIO_NCD_LARGE_FILE_SUPPORT   module_bl_ysu.G  > module_bl_ysu.bb
/home/onishi/WRF/tools/standard.exe module_bl_ysu.bb | /lib/cpp -P -nostdinc -I/home/onishi/WRF/external/ioapi_share -traditional-cpp -DUSE_NETCDF4_FEATURES -DWRFIO_NCD_LARGE_FILE_SUPPORT > module_bl_ysu.f90
rm -f module_bl_ysu.G module_bl_ysu.bb
time mpif90 -f90=ifort -o module_bl_ysu.o -c -O3 -ip -fp-model precise -w -ftz -align all -fno-alias -FR -convert big_endian    -I../dyn_em  -I/home/onishi/WRF/external/esmf_time_f90  -I/home/onishi/WRF/main -I/home/onishi/WRF/external/io_netcdf -I/home/onishi/WRF/external/io_int -I/home/onishi/WRF/frame -I/home/onishi/WRF/share -I/home/onishi/WRF/phys -I/home/onishi/WRF/wrftladj -I/home/onishi/WRF/chem -I/home/onishi/WRF/inc -I/home/onishi/NETCDF_DIR2//include  -real-size `expr 8 \* 4` -i4  module_bl_ysu.f90
2.99user 0.18system 0:03.20elapsed 99%CPU (0avgtext+0avgdata 144208maxresident)k
56inputs+568outputs (0major+40172minor)pagefaults 0swaps
rm -f module_gfs_physcons.o
sed -e "s/^\!.*'.*//" -e "s/^ *\!.*'.*//" module_gfs_physcons.F > module_gfs_physcons.G
/lib/cpp -P -nostdinc -I/home/onishi/WRF/external/ioapi_share -I/home/onishi/WRF/inc -DEM_CORE=1 -DNMM_CORE=0 -DNMM_MAX_DIM=2600 -DDA_CORE=0 -DWRFPLUS=0 -DIWORDSIZE=4 -DDWORDSIZE=8 -DRWORDSIZE=4 -DLWORDSIZE=4 -DNONSTANDARD_SYSTEM_FUNC  -DWRF_USE_CLM -DUSE_NETCDF4_FEATURES -DWRFIO_NCD_LARGE_FILE_SUPPORT  -DDM_PARALLEL -DNETCDF -DGRIB2 -DHDF5 -DLANDREAD_STUB=1 -DUSE_ALLOCATABLES -Dwrfmodel -DGRIB1 -DINTIO -DKEEP_INT_AROUND -DLIMIT_ARGS -DBUILD_RRTMG_FAST=0 -DBUILD_RRTMK=0 -DBUILD_SBM_FAST=1 -DSHOW_ALL_VARS_USED=0 -DCONFIG_BUF_LEN=65536 -DMAX_DOMAINS_F=21 -DMAX_HISTORY=25 -DNMM_NEST=0 -DWRF_CHEM -DBUILD_CHEM=1 -DWRF_KPP -I. -traditional-cpp -DUSE_NETCDF4_FEATURES -DWRFIO_NCD_LARGE_FILE_SUPPORT   module_gfs_physcons.G  > module_gfs_physcons.bb
/home/onishi/WRF/tools/standard.exe module_gfs_physcons.bb | /lib/cpp -P -nostdinc -I/home/onishi/WRF/external/ioapi_share -traditional-cpp -DUSE_NETCDF4_FEATURES -DWRFIO_NCD_LARGE_FILE_SUPPORT > module_gfs_physcons.f90
rm -f module_gfs_physcons.G module_gfs_physcons.bb
time mpif90 -f90=ifort -o module_gfs_physcons.o -c -O3 -ip -fp-model precise -w -ftz -align all -fno-alias -FR -convert big_endian    -I../dyn_em  -I/home/onishi/WRF/external/esmf_time_f90  -I/home/onishi/WRF/main -I/home/onishi/WRF/external/io_netcdf -I/home/onishi/WRF/external/io_int -I/home/onishi/WRF/frame -I/home/onishi/WRF/share -I/home/onishi/WRF/phys -I/home/onishi/WRF/wrftladj -I/home/onishi/WRF/chem -I/home/onishi/WRF/inc -I/home/onishi/NETCDF_DIR2//include  -real-size `expr 8 \* 4` -i4  module_gfs_physcons.f90
0.02user 0.06system 0:00.11elapsed 74%CPU (0avgtext+0avgdata 38088maxresident)k
8inputs+104outputs (0major+5964minor)pagefaults 0swaps
rm -f module_bl_mynn.o
sed -e "s/^\!.*'.*//" -e "s/^ *\!.*'.*//" module_bl_mynn.F > module_bl_mynn.G
/lib/cpp -P -nostdinc -I/home/onishi/WRF/external/ioapi_share -I/home/onishi/WRF/inc -DEM_CORE=1 -DNMM_CORE=0 -DNMM_MAX_DIM=2600 -DDA_CORE=0 -DWRFPLUS=0 -DIWORDSIZE=4 -DDWORDSIZE=8 -DRWORDSIZE=4 -DLWORDSIZE=4 -DNONSTANDARD_SYSTEM_FUNC  -DWRF_USE_CLM -DUSE_NETCDF4_FEATURES -DWRFIO_NCD_LARGE_FILE_SUPPORT  -DDM_PARALLEL -DNETCDF -DGRIB2 -DHDF5 -DLANDREAD_STUB=1 -DUSE_ALLOCATABLES -Dwrfmodel -DGRIB1 -DINTIO -DKEEP_INT_AROUND -DLIMIT_ARGS -DBUILD_RRTMG_FAST=0 -DBUILD_RRTMK=0 -DBUILD_SBM_FAST=1 -DSHOW_ALL_VARS_USED=0 -DCONFIG_BUF_LEN=65536 -DMAX_DOMAINS_F=21 -DMAX_HISTORY=25 -DNMM_NEST=0 -DWRF_CHEM -DBUILD_CHEM=1 -DWRF_KPP -I. -traditional-cpp -DUSE_NETCDF4_FEATURES -DWRFIO_NCD_LARGE_FILE_SUPPORT   module_bl_mynn.G  > module_bl_mynn.bb
/home/onishi/WRF/tools/standard.exe module_bl_mynn.bb | /lib/cpp -P -nostdinc -I/home/onishi/WRF/external/ioapi_share -traditional-cpp -DUSE_NETCDF4_FEATURES -DWRFIO_NCD_LARGE_FILE_SUPPORT > module_bl_mynn.f90
rm -f module_bl_mynn.G module_bl_mynn.bb
time mpif90 -f90=ifort -o module_bl_mynn.o -c -O3 -ip -fp-model precise -w -ftz -align all -fno-alias -FR -convert big_endian    -I../dyn_em  -I/home/onishi/WRF/external/esmf_time_f90  -I/home/onishi/WRF/main -I/home/onishi/WRF/external/io_netcdf -I/home/onishi/WRF/external/io_int -I/home/onishi/WRF/frame -I/home/onishi/WRF/share -I/home/onishi/WRF/phys -I/home/onishi/WRF/wrftladj -I/home/onishi/WRF/chem -I/home/onishi/WRF/inc -I/home/onishi/NETCDF_DIR2//include  -real-size `expr 8 \* 4` -i4  module_bl_mynn.f90
6.90user 0.15system 0:07.08elapsed 99%CPU (0avgtext+0avgdata 98560maxresident)k
80inputs+632outputs (0major+22512minor)pagefaults 0swaps
rm -f module_bl_gwdo.o
sed -e "s/^\!.*'.*//" -e "s/^ *\!.*'.*//" module_bl_gwdo.F > module_bl_gwdo.G
/lib/cpp -P -nostdinc -I/home/onishi/WRF/external/ioapi_share -I/home/onishi/WRF/inc -DEM_CORE=1 -DNMM_CORE=0 -DNMM_MAX_DIM=2600 -DDA_CORE=0 -DWRFPLUS=0 -DIWORDSIZE=4 -DDWORDSIZE=8 -DRWORDSIZE=4 -DLWORDSIZE=4 -DNONSTANDARD_SYSTEM_FUNC  -DWRF_USE_CLM -DUSE_NETCDF4_FEATURES -DWRFIO_NCD_LARGE_FILE_SUPPORT  -DDM_PARALLEL -DNETCDF -DGRIB2 -DHDF5 -DLANDREAD_STUB=1 -DUSE_ALLOCATABLES -Dwrfmodel -DGRIB1 -DINTIO -DKEEP_INT_AROUND -DLIMIT_ARGS -DBUILD_RRTMG_FAST=0 -DBUILD_RRTMK=0 -DBUILD_SBM_FAST=1 -DSHOW_ALL_VARS_USED=0 -DCONFIG_BUF_LEN=65536 -DMAX_DOMAINS_F=21 -DMAX_HISTORY=25 -DNMM_NEST=0 -DWRF_CHEM -DBUILD_CHEM=1 -DWRF_KPP -I. -traditional-cpp -DUSE_NETCDF4_FEATURES -DWRFIO_NCD_LARGE_FILE_SUPPORT   module_bl_gwdo.G  > module_bl_gwdo.bb
/home/onishi/WRF/tools/standard.exe module_bl_gwdo.bb | /lib/cpp -P -nostdinc -I/home/onishi/WRF/external/ioapi_share -traditional-cpp -DUSE_NETCDF4_FEATURES -DWRFIO_NCD_LARGE_FILE_SUPPORT > module_bl_gwdo.f90
rm -f module_bl_gwdo.G module_bl_gwdo.bb
time mpif90 -f90=ifort -o module_bl_gwdo.o -c -O3 -ip -fp-model precise -w -ftz -align all -fno-alias -FR -convert big_endian    -I../dyn_em  -I/home/onishi/WRF/external/esmf_time_f90  -I/home/onishi/WRF/main -I/home/onishi/WRF/external/io_netcdf -I/home/onishi/WRF/external/io_int -I/home/onishi/WRF/frame -I/home/onishi/WRF/share -I/home/onishi/WRF/phys -I/home/onishi/WRF/wrftladj -I/home/onishi/WRF/chem -I/home/onishi/WRF/inc -I/home/onishi/NETCDF_DIR2//include  -real-size `expr 8 \* 4` -i4  module_bl_gwdo.f90
0.91user 0.09system 0:01.04elapsed 96%CPU (0avgtext+0avgdata 66976maxresident)k
40inputs+352outputs (0major+12899minor)pagefaults 0swaps
rm -f module_gfs_funcphys.o
sed -e "s/^\!.*'.*//" -e "s/^ *\!.*'.*//" module_gfs_funcphys.F > module_gfs_funcphys.G
/lib/cpp -P -nostdinc -I/home/onishi/WRF/external/ioapi_share -I/home/onishi/WRF/inc -DEM_CORE=1 -DNMM_CORE=0 -DNMM_MAX_DIM=2600 -DDA_CORE=0 -DWRFPLUS=0 -DIWORDSIZE=4 -DDWORDSIZE=8 -DRWORDSIZE=4 -DLWORDSIZE=4 -DNONSTANDARD_SYSTEM_FUNC  -DWRF_USE_CLM -DUSE_NETCDF4_FEATURES -DWRFIO_NCD_LARGE_FILE_SUPPORT  -DDM_PARALLEL -DNETCDF -DGRIB2 -DHDF5 -DLANDREAD_STUB=1 -DUSE_ALLOCATABLES -Dwrfmodel -DGRIB1 -DINTIO -DKEEP_INT_AROUND -DLIMIT_ARGS -DBUILD_RRTMG_FAST=0 -DBUILD_RRTMK=0 -DBUILD_SBM_FAST=1 -DSHOW_ALL_VARS_USED=0 -DCONFIG_BUF_LEN=65536 -DMAX_DOMAINS_F=21 -DMAX_HISTORY=25 -DNMM_NEST=0 -DWRF_CHEM -DBUILD_CHEM=1 -DWRF_KPP -I. -traditional-cpp -DUSE_NETCDF4_FEATURES -DWRFIO_NCD_LARGE_FILE_SUPPORT   module_gfs_funcphys.G  > module_gfs_funcphys.bb
/home/onishi/WRF/tools/standard.exe module_gfs_funcphys.bb | /lib/cpp -P -nostdinc -I/home/onishi/WRF/external/ioapi_share -traditional-cpp -DUSE_NETCDF4_FEATURES -DWRFIO_NCD_LARGE_FILE_SUPPORT > module_gfs_funcphys.f90
rm -f module_gfs_funcphys.G module_gfs_funcphys.bb
time mpif90 -f90=ifort -o module_gfs_funcphys.o -c -O3 -ip -fp-model precise -w -ftz -align all -fno-alias -FR -convert big_endian    -I../dyn_em  -I/home/onishi/WRF/external/esmf_time_f90  -I/home/onishi/WRF/main -I/home/onishi/WRF/external/io_netcdf -I/home/onishi/WRF/external/io_int -I/home/onishi/WRF/frame -I/home/onishi/WRF/share -I/home/onishi/WRF/phys -I/home/onishi/WRF/wrftladj -I/home/onishi/WRF/chem -I/home/onishi/WRF/inc -I/home/onishi/NETCDF_DIR2//include  -real-size `expr 8 \* 4` -i4  module_gfs_funcphys.f90
1.24user 0.08system 0:01.36elapsed 97%CPU (0avgtext+0avgdata 62560maxresident)k
80inputs+800outputs (0major+13190minor)pagefaults 0swaps
rm -f module_cu_ntiedtke.o
sed -e "s/^\!.*'.*//" -e "s/^ *\!.*'.*//" module_cu_ntiedtke.F > module_cu_ntiedtke.G
/lib/cpp -P -nostdinc -I/home/onishi/WRF/external/ioapi_share -I/home/onishi/WRF/inc -DEM_CORE=1 -DNMM_CORE=0 -DNMM_MAX_DIM=2600 -DDA_CORE=0 -DWRFPLUS=0 -DIWORDSIZE=4 -DDWORDSIZE=8 -DRWORDSIZE=4 -DLWORDSIZE=4 -DNONSTANDARD_SYSTEM_FUNC  -DWRF_USE_CLM -DUSE_NETCDF4_FEATURES -DWRFIO_NCD_LARGE_FILE_SUPPORT  -DDM_PARALLEL -DNETCDF -DGRIB2 -DHDF5 -DLANDREAD_STUB=1 -DUSE_ALLOCATABLES -Dwrfmodel -DGRIB1 -DINTIO -DKEEP_INT_AROUND -DLIMIT_ARGS -DBUILD_RRTMG_FAST=0 -DBUILD_RRTMK=0 -DBUILD_SBM_FAST=1 -DSHOW_ALL_VARS_USED=0 -DCONFIG_BUF_LEN=65536 -DMAX_DOMAINS_F=21 -DMAX_HISTORY=25 -DNMM_NEST=0 -DWRF_CHEM -DBUILD_CHEM=1 -DWRF_KPP -I. -traditional-cpp -DUSE_NETCDF4_FEATURES -DWRFIO_NCD_LARGE_FILE_SUPPORT   module_cu_ntiedtke.G  > module_cu_ntiedtke.bb
/home/onishi/WRF/tools/standard.exe module_cu_ntiedtke.bb | /lib/cpp -P -nostdinc -I/home/onishi/WRF/external/ioapi_share -traditional-cpp -DUSE_NETCDF4_FEATURES -DWRFIO_NCD_LARGE_FILE_SUPPORT > module_cu_ntiedtke.f90
rm -f module_cu_ntiedtke.G module_cu_ntiedtke.bb
time mpif90 -f90=ifort -o module_cu_ntiedtke.o -c -O3 -ip -fp-model precise -w -ftz -align all -fno-alias -FR -convert big_endian    -I../dyn_em  -I/home/onishi/WRF/external/esmf_time_f90  -I/home/onishi/WRF/main -I/home/onishi/WRF/external/io_netcdf -I/home/onishi/WRF/external/io_int -I/home/onishi/WRF/frame -I/home/onishi/WRF/share -I/home/onishi/WRF/phys -I/home/onishi/WRF/wrftladj -I/home/onishi/WRF/chem -I/home/onishi/WRF/inc -I/home/onishi/NETCDF_DIR2//include  -real-size `expr 8 \* 4` -i4  module_cu_ntiedtke.f90
1.70user 0.12system 0:01.86elapsed 98%CPU (0avgtext+0avgdata 102124maxresident)k
48inputs+584outputs (0major+24594minor)pagefaults 0swaps
rm -f module_cu_gf_ctrans.o
sed -e "s/^\!.*'.*//" -e "s/^ *\!.*'.*//" module_cu_gf_ctrans.F > module_cu_gf_ctrans.G
/lib/cpp -P -nostdinc -I/home/onishi/WRF/external/ioapi_share -I/home/onishi/WRF/inc -DEM_CORE=1 -DNMM_CORE=0 -DNMM_MAX_DIM=2600 -DDA_CORE=0 -DWRFPLUS=0 -DIWORDSIZE=4 -DDWORDSIZE=8 -DRWORDSIZE=4 -DLWORDSIZE=4 -DNONSTANDARD_SYSTEM_FUNC  -DWRF_USE_CLM -DUSE_NETCDF4_FEATURES -DWRFIO_NCD_LARGE_FILE_SUPPORT  -DDM_PARALLEL -DNETCDF -DGRIB2 -DHDF5 -DLANDREAD_STUB=1 -DUSE_ALLOCATABLES -Dwrfmodel -DGRIB1 -DINTIO -DKEEP_INT_AROUND -DLIMIT_ARGS -DBUILD_RRTMG_FAST=0 -DBUILD_RRTMK=0 -DBUILD_SBM_FAST=1 -DSHOW_ALL_VARS_USED=0 -DCONFIG_BUF_LEN=65536 -DMAX_DOMAINS_F=21 -DMAX_HISTORY=25 -DNMM_NEST=0 -DWRF_CHEM -DBUILD_CHEM=1 -DWRF_KPP -I. -traditional-cpp -DUSE_NETCDF4_FEATURES -DWRFIO_NCD_LARGE_FILE_SUPPORT   module_cu_gf_ctrans.G  > module_cu_gf_ctrans.bb
/home/onishi/WRF/tools/standard.exe module_cu_gf_ctrans.bb | /lib/cpp -P -nostdinc -I/home/onishi/WRF/external/ioapi_share -traditional-cpp -DUSE_NETCDF4_FEATURES -DWRFIO_NCD_LARGE_FILE_SUPPORT > module_cu_gf_ctrans.f90
rm -f module_cu_gf_ctrans.G module_cu_gf_ctrans.bb
time mpif90 -f90=ifort -o module_cu_gf_ctrans.o -c -O3 -ip -fp-model precise -w -ftz -align all -fno-alias -FR -convert big_endian    -I../dyn_em  -I/home/onishi/WRF/external/esmf_time_f90  -I/home/onishi/WRF/main -I/home/onishi/WRF/external/io_netcdf -I/home/onishi/WRF/external/io_int -I/home/onishi/WRF/frame -I/home/onishi/WRF/share -I/home/onishi/WRF/phys -I/home/onishi/WRF/wrftladj -I/home/onishi/WRF/chem -I/home/onishi/WRF/inc -I/home/onishi/NETCDF_DIR2//include  -real-size `expr 8 \* 4` -i4  module_cu_gf_ctrans.f90
1.49user 0.15system 0:01.68elapsed 97%CPU (0avgtext+0avgdata 94000maxresident)k
3672inputs+736outputs (0major+20587minor)pagefaults 0swaps
rm -f module_cu_sas.o
sed -e "s/^\!.*'.*//" -e "s/^ *\!.*'.*//" module_cu_sas.F > module_cu_sas.G
/lib/cpp -P -nostdinc -I/home/onishi/WRF/external/ioapi_share -I/home/onishi/WRF/inc -DEM_CORE=1 -DNMM_CORE=0 -DNMM_MAX_DIM=2600 -DDA_CORE=0 -DWRFPLUS=0 -DIWORDSIZE=4 -DDWORDSIZE=8 -DRWORDSIZE=4 -DLWORDSIZE=4 -DNONSTANDARD_SYSTEM_FUNC  -DWRF_USE_CLM -DUSE_NETCDF4_FEATURES -DWRFIO_NCD_LARGE_FILE_SUPPORT  -DDM_PARALLEL -DNETCDF -DGRIB2 -DHDF5 -DLANDREAD_STUB=1 -DUSE_ALLOCATABLES -Dwrfmodel -DGRIB1 -DINTIO -DKEEP_INT_AROUND -DLIMIT_ARGS -DBUILD_RRTMG_FAST=0 -DBUILD_RRTMK=0 -DBUILD_SBM_FAST=1 -DSHOW_ALL_VARS_USED=0 -DCONFIG_BUF_LEN=65536 -DMAX_DOMAINS_F=21 -DMAX_HISTORY=25 -DNMM_NEST=0 -DWRF_CHEM -DBUILD_CHEM=1 -DWRF_KPP -I. -traditional-cpp -DUSE_NETCDF4_FEATURES -DWRFIO_NCD_LARGE_FILE_SUPPORT   module_cu_sas.G  > module_cu_sas.bb
/home/onishi/WRF/tools/standard.exe module_cu_sas.bb | /lib/cpp -P -nostdinc -I/home/onishi/WRF/external/ioapi_share -traditional-cpp -DUSE_NETCDF4_FEATURES -DWRFIO_NCD_LARGE_FILE_SUPPORT > module_cu_sas.f90
rm -f module_cu_sas.G module_cu_sas.bb
time mpif90 -f90=ifort -o module_cu_sas.o -c -O3 -ip -fp-model precise -w -ftz -align all -fno-alias -FR -convert big_endian    -I../dyn_em  -I/home/onishi/WRF/external/esmf_time_f90  -I/home/onishi/WRF/main -I/home/onishi/WRF/external/io_netcdf -I/home/onishi/WRF/external/io_int -I/home/onishi/WRF/frame -I/home/onishi/WRF/share -I/home/onishi/WRF/phys -I/home/onishi/WRF/wrftladj -I/home/onishi/WRF/chem -I/home/onishi/WRF/inc -I/home/onishi/NETCDF_DIR2//include  -real-size `expr 8 \* 4` -i4  module_cu_sas.f90
17.14user 0.40system 0:17.57elapsed 99%CPU (0avgtext+0avgdata 300828maxresident)k
384inputs+4552outputs (0major+90278minor)pagefaults 0swaps
rm -f module_cu_scalesas.o
sed -e "s/^\!.*'.*//" -e "s/^ *\!.*'.*//" module_cu_scalesas.F > module_cu_scalesas.G
/lib/cpp -P -nostdinc -I/home/onishi/WRF/external/ioapi_share -I/home/onishi/WRF/inc -DEM_CORE=1 -DNMM_CORE=0 -DNMM_MAX_DIM=2600 -DDA_CORE=0 -DWRFPLUS=0 -DIWORDSIZE=4 -DDWORDSIZE=8 -DRWORDSIZE=4 -DLWORDSIZE=4 -DNONSTANDARD_SYSTEM_FUNC  -DWRF_USE_CLM -DUSE_NETCDF4_FEATURES -DWRFIO_NCD_LARGE_FILE_SUPPORT  -DDM_PARALLEL -DNETCDF -DGRIB2 -DHDF5 -DLANDREAD_STUB=1 -DUSE_ALLOCATABLES -Dwrfmodel -DGRIB1 -DINTIO -DKEEP_INT_AROUND -DLIMIT_ARGS -DBUILD_RRTMG_FAST=0 -DBUILD_RRTMK=0 -DBUILD_SBM_FAST=1 -DSHOW_ALL_VARS_USED=0 -DCONFIG_BUF_LEN=65536 -DMAX_DOMAINS_F=21 -DMAX_HISTORY=25 -DNMM_NEST=0 -DWRF_CHEM -DBUILD_CHEM=1 -DWRF_KPP -I. -traditional-cpp -DUSE_NETCDF4_FEATURES -DWRFIO_NCD_LARGE_FILE_SUPPORT   module_cu_scalesas.G  > module_cu_scalesas.bb
/home/onishi/WRF/tools/standard.exe module_cu_scalesas.bb | /lib/cpp -P -nostdinc -I/home/onishi/WRF/external/ioapi_share -traditional-cpp -DUSE_NETCDF4_FEATURES -DWRFIO_NCD_LARGE_FILE_SUPPORT > module_cu_scalesas.f90
rm -f module_cu_scalesas.G module_cu_scalesas.bb
time mpif90 -f90=ifort -o module_cu_scalesas.o -c -O3 -ip -fp-model precise -w -ftz -align all -fno-alias -FR -convert big_endian    -I../dyn_em  -I/home/onishi/WRF/external/esmf_time_f90  -I/home/onishi/WRF/main -I/home/onishi/WRF/external/io_netcdf -I/home/onishi/WRF/external/io_int -I/home/onishi/WRF/frame -I/home/onishi/WRF/share -I/home/onishi/WRF/phys -I/home/onishi/WRF/wrftladj -I/home/onishi/WRF/chem -I/home/onishi/WRF/inc -I/home/onishi/NETCDF_DIR2//include  -real-size `expr 8 \* 4` -i4  module_cu_scalesas.f90
7.99user 0.17system 0:08.20elapsed 99%CPU (0avgtext+0avgdata 163684maxresident)k
328inputs+3368outputs (0major+44773minor)pagefaults 0swaps
rm -f module_cu_osas.o
sed -e "s/^\!.*'.*//" -e "s/^ *\!.*'.*//" module_cu_osas.F > module_cu_osas.G
/lib/cpp -P -nostdinc -I/home/onishi/WRF/external/ioapi_share -I/home/onishi/WRF/inc -DEM_CORE=1 -DNMM_CORE=0 -DNMM_MAX_DIM=2600 -DDA_CORE=0 -DWRFPLUS=0 -DIWORDSIZE=4 -DDWORDSIZE=8 -DRWORDSIZE=4 -DLWORDSIZE=4 -DNONSTANDARD_SYSTEM_FUNC  -DWRF_USE_CLM -DUSE_NETCDF4_FEATURES -DWRFIO_NCD_LARGE_FILE_SUPPORT  -DDM_PARALLEL -DNETCDF -DGRIB2 -DHDF5 -DLANDREAD_STUB=1 -DUSE_ALLOCATABLES -Dwrfmodel -DGRIB1 -DINTIO -DKEEP_INT_AROUND -DLIMIT_ARGS -DBUILD_RRTMG_FAST=0 -DBUILD_RRTMK=0 -DBUILD_SBM_FAST=1 -DSHOW_ALL_VARS_USED=0 -DCONFIG_BUF_LEN=65536 -DMAX_DOMAINS_F=21 -DMAX_HISTORY=25 -DNMM_NEST=0 -DWRF_CHEM -DBUILD_CHEM=1 -DWRF_KPP -I. -traditional-cpp -DUSE_NETCDF4_FEATURES -DWRFIO_NCD_LARGE_FILE_SUPPORT   module_cu_osas.G  > module_cu_osas.bb
/home/onishi/WRF/tools/standard.exe module_cu_osas.bb | /lib/cpp -P -nostdinc -I/home/onishi/WRF/external/ioapi_share -traditional-cpp -DUSE_NETCDF4_FEATURES -DWRFIO_NCD_LARGE_FILE_SUPPORT > module_cu_osas.f90
rm -f module_cu_osas.G module_cu_osas.bb
time mpif90 -f90=ifort -o module_cu_osas.o -c -O3 -ip -fp-model precise -w -ftz -align all -fno-alias -FR -convert big_endian    -I../dyn_em  -I/home/onishi/WRF/external/esmf_time_f90  -I/home/onishi/WRF/main -I/home/onishi/WRF/external/io_netcdf -I/home/onishi/WRF/external/io_int -I/home/onishi/WRF/frame -I/home/onishi/WRF/share -I/home/onishi/WRF/phys -I/home/onishi/WRF/wrftladj -I/home/onishi/WRF/chem -I/home/onishi/WRF/inc -I/home/onishi/NETCDF_DIR2//include  -real-size `expr 8 \* 4` -i4  module_cu_osas.f90
3.87user 0.18system 0:04.10elapsed 99%CPU (0avgtext+0avgdata 144860maxresident)k
136inputs+1608outputs (0major+40627minor)pagefaults 0swaps
rm -f module_ra_rrtm.o
sed -e "s/^\!.*'.*//" -e "s/^ *\!.*'.*//" module_ra_rrtm.F > module_ra_rrtm.G
/lib/cpp -P -nostdinc -I/home/onishi/WRF/external/ioapi_share -I/home/onishi/WRF/inc -DEM_CORE=1 -DNMM_CORE=0 -DNMM_MAX_DIM=2600 -DDA_CORE=0 -DWRFPLUS=0 -DIWORDSIZE=4 -DDWORDSIZE=8 -DRWORDSIZE=4 -DLWORDSIZE=4 -DNONSTANDARD_SYSTEM_FUNC  -DWRF_USE_CLM -DUSE_NETCDF4_FEATURES -DWRFIO_NCD_LARGE_FILE_SUPPORT  -DDM_PARALLEL -DNETCDF -DGRIB2 -DHDF5 -DLANDREAD_STUB=1 -DUSE_ALLOCATABLES -Dwrfmodel -DGRIB1 -DINTIO -DKEEP_INT_AROUND -DLIMIT_ARGS -DBUILD_RRTMG_FAST=0 -DBUILD_RRTMK=0 -DBUILD_SBM_FAST=1 -DSHOW_ALL_VARS_USED=0 -DCONFIG_BUF_LEN=65536 -DMAX_DOMAINS_F=21 -DMAX_HISTORY=25 -DNMM_NEST=0 -DWRF_CHEM -DBUILD_CHEM=1 -DWRF_KPP -I. -traditional-cpp -DUSE_NETCDF4_FEATURES -DWRFIO_NCD_LARGE_FILE_SUPPORT   module_ra_rrtm.G  > module_ra_rrtm.bb
/home/onishi/WRF/tools/standard.exe module_ra_rrtm.bb | /lib/cpp -P -nostdinc -I/home/onishi/WRF/external/ioapi_share -traditional-cpp -DUSE_NETCDF4_FEATURES -DWRFIO_NCD_LARGE_FILE_SUPPORT > module_ra_rrtm.f90
rm -f module_ra_rrtm.G module_ra_rrtm.bb
time mpif90 -f90=ifort -o module_ra_rrtm.o -c -O3 -ip -fp-model precise -w -ftz -align all -fno-alias -FR -convert big_endian    -I../dyn_em  -I/home/onishi/WRF/external/esmf_time_f90  -I/home/onishi/WRF/main -I/home/onishi/WRF/external/io_netcdf -I/home/onishi/WRF/external/io_int -I/home/onishi/WRF/frame -I/home/onishi/WRF/share -I/home/onishi/WRF/phys -I/home/onishi/WRF/wrftladj -I/home/onishi/WRF/chem -I/home/onishi/WRF/inc -I/home/onishi/NETCDF_DIR2//include  -real-size `expr 8 \* 4` -i4  module_ra_rrtm.f90
6.54user 0.25system 0:06.83elapsed 99%CPU (0avgtext+0avgdata 176676maxresident)k
224inputs+2496outputs (0major+54459minor)pagefaults 0swaps
rm -f module_ra_rrtmg_lw.o
sed -e "s/^\!.*'.*//" -e "s/^ *\!.*'.*//" module_ra_rrtmg_lw.F > module_ra_rrtmg_lw.G
/lib/cpp -P -nostdinc -I/home/onishi/WRF/external/ioapi_share -I/home/onishi/WRF/inc -DEM_CORE=1 -DNMM_CORE=0 -DNMM_MAX_DIM=2600 -DDA_CORE=0 -DWRFPLUS=0 -DIWORDSIZE=4 -DDWORDSIZE=8 -DRWORDSIZE=4 -DLWORDSIZE=4 -DNONSTANDARD_SYSTEM_FUNC  -DWRF_USE_CLM -DUSE_NETCDF4_FEATURES -DWRFIO_NCD_LARGE_FILE_SUPPORT  -DDM_PARALLEL -DNETCDF -DGRIB2 -DHDF5 -DLANDREAD_STUB=1 -DUSE_ALLOCATABLES -Dwrfmodel -DGRIB1 -DINTIO -DKEEP_INT_AROUND -DLIMIT_ARGS -DBUILD_RRTMG_FAST=0 -DBUILD_RRTMK=0 -DBUILD_SBM_FAST=1 -DSHOW_ALL_VARS_USED=0 -DCONFIG_BUF_LEN=65536 -DMAX_DOMAINS_F=21 -DMAX_HISTORY=25 -DNMM_NEST=0 -DWRF_CHEM -DBUILD_CHEM=1 -DWRF_KPP -I. -traditional-cpp -DUSE_NETCDF4_FEATURES -DWRFIO_NCD_LARGE_FILE_SUPPORT   module_ra_rrtmg_lw.G  > module_ra_rrtmg_lw.bb
/home/onishi/WRF/tools/standard.exe module_ra_rrtmg_lw.bb | /lib/cpp -P -nostdinc -I/home/onishi/WRF/external/ioapi_share -traditional-cpp -DUSE_NETCDF4_FEATURES -DWRFIO_NCD_LARGE_FILE_SUPPORT > module_ra_rrtmg_lw.f90
rm -f module_ra_rrtmg_lw.G module_ra_rrtmg_lw.bb
time mpif90 -f90=ifort -o module_ra_rrtmg_lw.o -c -O3 -ip -fp-model precise -w -ftz -align all -fno-alias -FR -convert big_endian    -I../dyn_em  -I/home/onishi/WRF/external/esmf_time_f90  -I/home/onishi/WRF/main -I/home/onishi/WRF/external/io_netcdf -I/home/onishi/WRF/external/io_int -I/home/onishi/WRF/frame -I/home/onishi/WRF/share -I/home/onishi/WRF/phys -I/home/onishi/WRF/wrftladj -I/home/onishi/WRF/chem -I/home/onishi/WRF/inc -I/home/onishi/NETCDF_DIR2//include  -real-size `expr 8 \* 4` -i4  module_ra_rrtmg_lw.f90
4.77user 0.16system 0:04.97elapsed 99%CPU (0avgtext+0avgdata 120300maxresident)k
816inputs+2824outputs (0major+32022minor)pagefaults 0swaps
rm -f module_ra_rrtmg_swf.o
sed -e "s/^\!.*'.*//" -e "s/^ *\!.*'.*//" module_ra_rrtmg_swf.F > module_ra_rrtmg_swf.G
/lib/cpp -P -nostdinc -I/home/onishi/WRF/external/ioapi_share -I/home/onishi/WRF/inc -DEM_CORE=1 -DNMM_CORE=0 -DNMM_MAX_DIM=2600 -DDA_CORE=0 -DWRFPLUS=0 -DIWORDSIZE=4 -DDWORDSIZE=8 -DRWORDSIZE=4 -DLWORDSIZE=4 -DNONSTANDARD_SYSTEM_FUNC  -DWRF_USE_CLM -DUSE_NETCDF4_FEATURES -DWRFIO_NCD_LARGE_FILE_SUPPORT  -DDM_PARALLEL -DNETCDF -DGRIB2 -DHDF5 -DLANDREAD_STUB=1 -DUSE_ALLOCATABLES -Dwrfmodel -DGRIB1 -DINTIO -DKEEP_INT_AROUND -DLIMIT_ARGS -DBUILD_RRTMG_FAST=0 -DBUILD_RRTMK=0 -DBUILD_SBM_FAST=1 -DSHOW_ALL_VARS_USED=0 -DCONFIG_BUF_LEN=65536 -DMAX_DOMAINS_F=21 -DMAX_HISTORY=25 -DNMM_NEST=0 -DWRF_CHEM -DBUILD_CHEM=1 -DWRF_KPP -I. -traditional-cpp -DUSE_NETCDF4_FEATURES -DWRFIO_NCD_LARGE_FILE_SUPPORT   module_ra_rrtmg_swf.G  > module_ra_rrtmg_swf.bb
/home/onishi/WRF/tools/standard.exe module_ra_rrtmg_swf.bb | /lib/cpp -P -nostdinc -I/home/onishi/WRF/external/ioapi_share -traditional-cpp -DUSE_NETCDF4_FEATURES -DWRFIO_NCD_LARGE_FILE_SUPPORT > module_ra_rrtmg_swf.f90
rm -f module_ra_rrtmg_swf.G module_ra_rrtmg_swf.bb
time mpif90 -f90=ifort -o module_ra_rrtmg_swf.o -c -O3 -ip -fp-model precise -w -ftz -align all -fno-alias -FR -convert big_endian    -I../dyn_em  -I/home/onishi/WRF/external/esmf_time_f90  -I/home/onishi/WRF/main -I/home/onishi/WRF/external/io_netcdf -I/home/onishi/WRF/external/io_int -I/home/onishi/WRF/frame -I/home/onishi/WRF/share -I/home/onishi/WRF/phys -I/home/onishi/WRF/wrftladj -I/home/onishi/WRF/chem -I/home/onishi/WRF/inc -I/home/onishi/NETCDF_DIR2//include  -real-size `expr 8 \* 4` -i4  module_ra_rrtmg_swf.f90
0.02user 0.05system 0:00.11elapsed 72%CPU (0avgtext+0avgdata 38436maxresident)k
8inputs+96outputs (0major+6013minor)pagefaults 0swaps
rm -f module_ra_rrtmg_swk.o
sed -e "s/^\!.*'.*//" -e "s/^ *\!.*'.*//" module_ra_rrtmg_swk.F > module_ra_rrtmg_swk.G
/lib/cpp -P -nostdinc -I/home/onishi/WRF/external/ioapi_share -I/home/onishi/WRF/inc -DEM_CORE=1 -DNMM_CORE=0 -DNMM_MAX_DIM=2600 -DDA_CORE=0 -DWRFPLUS=0 -DIWORDSIZE=4 -DDWORDSIZE=8 -DRWORDSIZE=4 -DLWORDSIZE=4 -DNONSTANDARD_SYSTEM_FUNC  -DWRF_USE_CLM -DUSE_NETCDF4_FEATURES -DWRFIO_NCD_LARGE_FILE_SUPPORT  -DDM_PARALLEL -DNETCDF -DGRIB2 -DHDF5 -DLANDREAD_STUB=1 -DUSE_ALLOCATABLES -Dwrfmodel -DGRIB1 -DINTIO -DKEEP_INT_AROUND -DLIMIT_ARGS -DBUILD_RRTMG_FAST=0 -DBUILD_RRTMK=0 -DBUILD_SBM_FAST=1 -DSHOW_ALL_VARS_USED=0 -DCONFIG_BUF_LEN=65536 -DMAX_DOMAINS_F=21 -DMAX_HISTORY=25 -DNMM_NEST=0 -DWRF_CHEM -DBUILD_CHEM=1 -DWRF_KPP -I. -traditional-cpp -DUSE_NETCDF4_FEATURES -DWRFIO_NCD_LARGE_FILE_SUPPORT   module_ra_rrtmg_swk.G  > module_ra_rrtmg_swk.bb
/home/onishi/WRF/tools/standard.exe module_ra_rrtmg_swk.bb | /lib/cpp -P -nostdinc -I/home/onishi/WRF/external/ioapi_share -traditional-cpp -DUSE_NETCDF4_FEATURES -DWRFIO_NCD_LARGE_FILE_SUPPORT > module_ra_rrtmg_swk.f90
rm -f module_ra_rrtmg_swk.G module_ra_rrtmg_swk.bb
time mpif90 -f90=ifort -o module_ra_rrtmg_swk.o -c -O3 -ip -fp-model precise -w -ftz -align all -fno-alias -FR -convert big_endian    -I../dyn_em  -I/home/onishi/WRF/external/esmf_time_f90  -I/home/onishi/WRF/main -I/home/onishi/WRF/external/io_netcdf -I/home/onishi/WRF/external/io_int -I/home/onishi/WRF/frame -I/home/onishi/WRF/share -I/home/onishi/WRF/phys -I/home/onishi/WRF/wrftladj -I/home/onishi/WRF/chem -I/home/onishi/WRF/inc -I/home/onishi/NETCDF_DIR2//include  -real-size `expr 8 \* 4` -i4  module_ra_rrtmg_swk.f90
0.01user 0.07system 0:00.10elapsed 85%CPU (0avgtext+0avgdata 38332maxresident)k
8inputs+96outputs (0major+6009minor)pagefaults 0swaps
rm -f module_ra_cam_support.o
sed -e "s/^\!.*'.*//" -e "s/^ *\!.*'.*//" module_ra_cam_support.F > module_ra_cam_support.G
/lib/cpp -P -nostdinc -I/home/onishi/WRF/external/ioapi_share -I/home/onishi/WRF/inc -DEM_CORE=1 -DNMM_CORE=0 -DNMM_MAX_DIM=2600 -DDA_CORE=0 -DWRFPLUS=0 -DIWORDSIZE=4 -DDWORDSIZE=8 -DRWORDSIZE=4 -DLWORDSIZE=4 -DNONSTANDARD_SYSTEM_FUNC  -DWRF_USE_CLM -DUSE_NETCDF4_FEATURES -DWRFIO_NCD_LARGE_FILE_SUPPORT  -DDM_PARALLEL -DNETCDF -DGRIB2 -DHDF5 -DLANDREAD_STUB=1 -DUSE_ALLOCATABLES -Dwrfmodel -DGRIB1 -DINTIO -DKEEP_INT_AROUND -DLIMIT_ARGS -DBUILD_RRTMG_FAST=0 -DBUILD_RRTMK=0 -DBUILD_SBM_FAST=1 -DSHOW_ALL_VARS_USED=0 -DCONFIG_BUF_LEN=65536 -DMAX_DOMAINS_F=21 -DMAX_HISTORY=25 -DNMM_NEST=0 -DWRF_CHEM -DBUILD_CHEM=1 -DWRF_KPP -I. -traditional-cpp -DUSE_NETCDF4_FEATURES -DWRFIO_NCD_LARGE_FILE_SUPPORT   module_ra_cam_support.G  > module_ra_cam_support.bb
/home/onishi/WRF/tools/standard.exe module_ra_cam_support.bb | /lib/cpp -P -nostdinc -I/home/onishi/WRF/external/ioapi_share -traditional-cpp -DUSE_NETCDF4_FEATURES -DWRFIO_NCD_LARGE_FILE_SUPPORT > module_ra_cam_support.f90
rm -f module_ra_cam_support.G module_ra_cam_support.bb
time mpif90 -f90=ifort -o module_ra_cam_support.o -c -O3 -ip -fp-model precise -w -ftz -align all -fno-alias -FR -convert big_endian    -I../dyn_em  -I/home/onishi/WRF/external/esmf_time_f90  -I/home/onishi/WRF/main -I/home/onishi/WRF/external/io_netcdf -I/home/onishi/WRF/external/io_int -I/home/onishi/WRF/frame -I/home/onishi/WRF/share -I/home/onishi/WRF/phys -I/home/onishi/WRF/wrftladj -I/home/onishi/WRF/chem -I/home/onishi/WRF/inc -I/home/onishi/NETCDF_DIR2//include  -real-size `expr 8 \* 4` -i4  module_ra_cam_support.f90
2.08user 0.19system 0:02.30elapsed 99%CPU (0avgtext+0avgdata 76820maxresident)k
192inputs+2744outputs (0major+18333minor)pagefaults 0swaps
rm -f module_ra_gfdleta.o
sed -e "s/^\!.*'.*//" -e "s/^ *\!.*'.*//" module_ra_gfdleta.F > module_ra_gfdleta.G
/lib/cpp -P -nostdinc -I/home/onishi/WRF/external/ioapi_share -I/home/onishi/WRF/inc -DEM_CORE=1 -DNMM_CORE=0 -DNMM_MAX_DIM=2600 -DDA_CORE=0 -DWRFPLUS=0 -DIWORDSIZE=4 -DDWORDSIZE=8 -DRWORDSIZE=4 -DLWORDSIZE=4 -DNONSTANDARD_SYSTEM_FUNC  -DWRF_USE_CLM -DUSE_NETCDF4_FEATURES -DWRFIO_NCD_LARGE_FILE_SUPPORT  -DDM_PARALLEL -DNETCDF -DGRIB2 -DHDF5 -DLANDREAD_STUB=1 -DUSE_ALLOCATABLES -Dwrfmodel -DGRIB1 -DINTIO -DKEEP_INT_AROUND -DLIMIT_ARGS -DBUILD_RRTMG_FAST=0 -DBUILD_RRTMK=0 -DBUILD_SBM_FAST=1 -DSHOW_ALL_VARS_USED=0 -DCONFIG_BUF_LEN=65536 -DMAX_DOMAINS_F=21 -DMAX_HISTORY=25 -DNMM_NEST=0 -DWRF_CHEM -DBUILD_CHEM=1 -DWRF_KPP -I. -traditional-cpp -DUSE_NETCDF4_FEATURES -DWRFIO_NCD_LARGE_FILE_SUPPORT   module_ra_gfdleta.G  > module_ra_gfdleta.bb
/home/onishi/WRF/tools/standard.exe module_ra_gfdleta.bb | /lib/cpp -P -nostdinc -I/home/onishi/WRF/external/ioapi_share -traditional-cpp -DUSE_NETCDF4_FEATURES -DWRFIO_NCD_LARGE_FILE_SUPPORT > module_ra_gfdleta.f90
rm -f module_ra_gfdleta.G module_ra_gfdleta.bb
time mpif90 -f90=ifort -o module_ra_gfdleta.o -c -O3 -ip -fp-model precise -w -ftz -align all -fno-alias -FR -convert big_endian    -I../dyn_em  -I/home/onishi/WRF/external/esmf_time_f90  -I/home/onishi/WRF/main -I/home/onishi/WRF/external/io_netcdf -I/home/onishi/WRF/external/io_int -I/home/onishi/WRF/frame -I/home/onishi/WRF/share -I/home/onishi/WRF/phys -I/home/onishi/WRF/wrftladj -I/home/onishi/WRF/chem -I/home/onishi/WRF/inc -I/home/onishi/NETCDF_DIR2//include  -real-size `expr 8 \* 4` -i4  module_ra_gfdleta.f90
38.35user 0.61system 0:39.03elapsed 99%CPU (0avgtext+0avgdata 370160maxresident)k
1408inputs+7928outputs (0major+112123minor)pagefaults 0swaps
rm -f module_mp_thompson.o
sed -e "s/^\!.*'.*//" -e "s/^ *\!.*'.*//" module_mp_thompson.F > module_mp_thompson.G
/lib/cpp -P -nostdinc -I/home/onishi/WRF/external/ioapi_share -I/home/onishi/WRF/inc -DEM_CORE=1 -DNMM_CORE=0 -DNMM_MAX_DIM=2600 -DDA_CORE=0 -DWRFPLUS=0 -DIWORDSIZE=4 -DDWORDSIZE=8 -DRWORDSIZE=4 -DLWORDSIZE=4 -DNONSTANDARD_SYSTEM_FUNC  -DWRF_USE_CLM -DUSE_NETCDF4_FEATURES -DWRFIO_NCD_LARGE_FILE_SUPPORT  -DDM_PARALLEL -DNETCDF -DGRIB2 -DHDF5 -DLANDREAD_STUB=1 -DUSE_ALLOCATABLES -Dwrfmodel -DGRIB1 -DINTIO -DKEEP_INT_AROUND -DLIMIT_ARGS -DBUILD_RRTMG_FAST=0 -DBUILD_RRTMK=0 -DBUILD_SBM_FAST=1 -DSHOW_ALL_VARS_USED=0 -DCONFIG_BUF_LEN=65536 -DMAX_DOMAINS_F=21 -DMAX_HISTORY=25 -DNMM_NEST=0 -DWRF_CHEM -DBUILD_CHEM=1 -DWRF_KPP -I. -traditional-cpp -DUSE_NETCDF4_FEATURES -DWRFIO_NCD_LARGE_FILE_SUPPORT   module_mp_thompson.G  > module_mp_thompson.bb
/home/onishi/WRF/tools/standard.exe module_mp_thompson.bb | /lib/cpp -P -nostdinc -I/home/onishi/WRF/external/ioapi_share -traditional-cpp -DUSE_NETCDF4_FEATURES -DWRFIO_NCD_LARGE_FILE_SUPPORT > module_mp_thompson.f90
rm -f module_mp_thompson.G module_mp_thompson.bb
time mpif90 -f90=ifort -o module_mp_thompson.o -c -O3 -ip -fp-model precise -w -ftz -align all -fno-alias -FR -convert big_endian    -I../dyn_em  -I/home/onishi/WRF/external/esmf_time_f90  -I/home/onishi/WRF/main -I/home/onishi/WRF/external/io_netcdf -I/home/onishi/WRF/external/io_int -I/home/onishi/WRF/frame -I/home/onishi/WRF/share -I/home/onishi/WRF/phys -I/home/onishi/WRF/wrftladj -I/home/onishi/WRF/chem -I/home/onishi/WRF/inc -I/home/onishi/NETCDF_DIR2//include  -real-size `expr 8 \* 4` -i4  module_mp_thompson.f90
39.99user 0.71system 0:40.76elapsed 99%CPU (0avgtext+0avgdata 478252maxresident)k
584inputs+7840outputs (0major+141632minor)pagefaults 0swaps
rm -f physics_mmm/mp_wsm6.o
sed -e "s/^\!.*'.*//" -e "s/^ *\!.*'.*//" physics_mmm/mp_wsm6.F90 > physics_mmm/mp_wsm6.G
/lib/cpp -P -nostdinc -I/home/onishi/WRF/external/ioapi_share -I/home/onishi/WRF/inc -DEM_CORE=1 -DNMM_CORE=0 -DNMM_MAX_DIM=2600 -DDA_CORE=0 -DWRFPLUS=0 -DIWORDSIZE=4 -DDWORDSIZE=8 -DRWORDSIZE=4 -DLWORDSIZE=4 -DNONSTANDARD_SYSTEM_FUNC  -DWRF_USE_CLM -DUSE_NETCDF4_FEATURES -DWRFIO_NCD_LARGE_FILE_SUPPORT  -DDM_PARALLEL -DNETCDF -DGRIB2 -DHDF5 -DLANDREAD_STUB=1 -DUSE_ALLOCATABLES -Dwrfmodel -DGRIB1 -DINTIO -DKEEP_INT_AROUND -DLIMIT_ARGS -DBUILD_RRTMG_FAST=0 -DBUILD_RRTMK=0 -DBUILD_SBM_FAST=1 -DSHOW_ALL_VARS_USED=0 -DCONFIG_BUF_LEN=65536 -DMAX_DOMAINS_F=21 -DMAX_HISTORY=25 -DNMM_NEST=0 -DWRF_CHEM -DBUILD_CHEM=1 -DWRF_KPP -I. -traditional-cpp -DUSE_NETCDF4_FEATURES -DWRFIO_NCD_LARGE_FILE_SUPPORT   physics_mmm/mp_wsm6.G  > physics_mmm/mp_wsm6.bb
/home/onishi/WRF/tools/standard.exe physics_mmm/mp_wsm6.bb | /lib/cpp -P -nostdinc -I/home/onishi/WRF/external/ioapi_share -traditional-cpp -DUSE_NETCDF4_FEATURES -DWRFIO_NCD_LARGE_FILE_SUPPORT > physics_mmm/mp_wsm6.f90
rm -f physics_mmm/mp_wsm6.G physics_mmm/mp_wsm6.bb
time mpif90 -f90=ifort -o physics_mmm/mp_wsm6.o -c -O3 -ip -fp-model precise -w -ftz -align all -fno-alias -FR -convert big_endian    -I../dyn_em  -I/home/onishi/WRF/external/esmf_time_f90  -I/home/onishi/WRF/main -I/home/onishi/WRF/external/io_netcdf -I/home/onishi/WRF/external/io_int -I/home/onishi/WRF/frame -I/home/onishi/WRF/share -I/home/onishi/WRF/phys -I/home/onishi/WRF/wrftladj -I/home/onishi/WRF/chem -I/home/onishi/WRF/inc -I/home/onishi/NETCDF_DIR2//include  -real-size `expr 8 \* 4` -i4  physics_mmm/mp_wsm6.f90
15.25user 0.36system 0:15.66elapsed 99%CPU (0avgtext+0avgdata 275216maxresident)k
376inputs+4688outputs (0major+77706minor)pagefaults 0swaps
rm -f module_sf_sfclayrev.o
sed -e "s/^\!.*'.*//" -e "s/^ *\!.*'.*//" module_sf_sfclayrev.F > module_sf_sfclayrev.G
/lib/cpp -P -nostdinc -I/home/onishi/WRF/external/ioapi_share -I/home/onishi/WRF/inc -DEM_CORE=1 -DNMM_CORE=0 -DNMM_MAX_DIM=2600 -DDA_CORE=0 -DWRFPLUS=0 -DIWORDSIZE=4 -DDWORDSIZE=8 -DRWORDSIZE=4 -DLWORDSIZE=4 -DNONSTANDARD_SYSTEM_FUNC  -DWRF_USE_CLM -DUSE_NETCDF4_FEATURES -DWRFIO_NCD_LARGE_FILE_SUPPORT  -DDM_PARALLEL -DNETCDF -DGRIB2 -DHDF5 -DLANDREAD_STUB=1 -DUSE_ALLOCATABLES -Dwrfmodel -DGRIB1 -DINTIO -DKEEP_INT_AROUND -DLIMIT_ARGS -DBUILD_RRTMG_FAST=0 -DBUILD_RRTMK=0 -DBUILD_SBM_FAST=1 -DSHOW_ALL_VARS_USED=0 -DCONFIG_BUF_LEN=65536 -DMAX_DOMAINS_F=21 -DMAX_HISTORY=25 -DNMM_NEST=0 -DWRF_CHEM -DBUILD_CHEM=1 -DWRF_KPP -I. -traditional-cpp -DUSE_NETCDF4_FEATURES -DWRFIO_NCD_LARGE_FILE_SUPPORT   module_sf_sfclayrev.G  > module_sf_sfclayrev.bb
/home/onishi/WRF/tools/standard.exe module_sf_sfclayrev.bb | /lib/cpp -P -nostdinc -I/home/onishi/WRF/external/ioapi_share -traditional-cpp -DUSE_NETCDF4_FEATURES -DWRFIO_NCD_LARGE_FILE_SUPPORT > module_sf_sfclayrev.f90
rm -f module_sf_sfclayrev.G module_sf_sfclayrev.bb
time mpif90 -f90=ifort -o module_sf_sfclayrev.o -c -O3 -ip -fp-model precise -w -ftz -align all -fno-alias -FR -convert big_endian    -I../dyn_em  -I/home/onishi/WRF/external/esmf_time_f90  -I/home/onishi/WRF/main -I/home/onishi/WRF/external/io_netcdf -I/home/onishi/WRF/external/io_int -I/home/onishi/WRF/frame -I/home/onishi/WRF/share -I/home/onishi/WRF/phys -I/home/onishi/WRF/wrftladj -I/home/onishi/WRF/chem -I/home/onishi/WRF/inc -I/home/onishi/NETCDF_DIR2//include  -real-size `expr 8 \* 4` -i4  module_sf_sfclayrev.f90
7.51user 0.28system 0:07.83elapsed 99%CPU (0avgtext+0avgdata 252640maxresident)k
168inputs+2040outputs (0major+63623minor)pagefaults 0swaps
rm -f module_sf_gfs.o
sed -e "s/^\!.*'.*//" -e "s/^ *\!.*'.*//" module_sf_gfs.F > module_sf_gfs.G
/lib/cpp -P -nostdinc -I/home/onishi/WRF/external/ioapi_share -I/home/onishi/WRF/inc -DEM_CORE=1 -DNMM_CORE=0 -DNMM_MAX_DIM=2600 -DDA_CORE=0 -DWRFPLUS=0 -DIWORDSIZE=4 -DDWORDSIZE=8 -DRWORDSIZE=4 -DLWORDSIZE=4 -DNONSTANDARD_SYSTEM_FUNC  -DWRF_USE_CLM -DUSE_NETCDF4_FEATURES -DWRFIO_NCD_LARGE_FILE_SUPPORT  -DDM_PARALLEL -DNETCDF -DGRIB2 -DHDF5 -DLANDREAD_STUB=1 -DUSE_ALLOCATABLES -Dwrfmodel -DGRIB1 -DINTIO -DKEEP_INT_AROUND -DLIMIT_ARGS -DBUILD_RRTMG_FAST=0 -DBUILD_RRTMK=0 -DBUILD_SBM_FAST=1 -DSHOW_ALL_VARS_USED=0 -DCONFIG_BUF_LEN=65536 -DMAX_DOMAINS_F=21 -DMAX_HISTORY=25 -DNMM_NEST=0 -DWRF_CHEM -DBUILD_CHEM=1 -DWRF_KPP -I. -traditional-cpp -DUSE_NETCDF4_FEATURES -DWRFIO_NCD_LARGE_FILE_SUPPORT   module_sf_gfs.G  > module_sf_gfs.bb
/home/onishi/WRF/tools/standard.exe module_sf_gfs.bb | /lib/cpp -P -nostdinc -I/home/onishi/WRF/external/ioapi_share -traditional-cpp -DUSE_NETCDF4_FEATURES -DWRFIO_NCD_LARGE_FILE_SUPPORT > module_sf_gfs.f90
rm -f module_sf_gfs.G module_sf_gfs.bb
time mpif90 -f90=ifort -o module_sf_gfs.o -c -O3 -ip -fp-model precise -w -ftz -align all -fno-alias -FR -convert big_endian    -I../dyn_em  -I/home/onishi/WRF/external/esmf_time_f90  -I/home/onishi/WRF/main -I/home/onishi/WRF/external/io_netcdf -I/home/onishi/WRF/external/io_int -I/home/onishi/WRF/frame -I/home/onishi/WRF/share -I/home/onishi/WRF/phys -I/home/onishi/WRF/wrftladj -I/home/onishi/WRF/chem -I/home/onishi/WRF/inc -I/home/onishi/NETCDF_DIR2//include  -real-size `expr 8 \* 4` -i4  module_sf_gfs.f90
0.68user 0.09system 0:00.79elapsed 97%CPU (0avgtext+0avgdata 73036maxresident)k
104inputs+584outputs (0major+15631minor)pagefaults 0swaps
rm -f module_sf_gfdl.o
sed -e "s/^\!.*'.*//" -e "s/^ *\!.*'.*//" module_sf_gfdl.F > module_sf_gfdl.G
/lib/cpp -P -nostdinc -I/home/onishi/WRF/external/ioapi_share -I/home/onishi/WRF/inc -DEM_CORE=1 -DNMM_CORE=0 -DNMM_MAX_DIM=2600 -DDA_CORE=0 -DWRFPLUS=0 -DIWORDSIZE=4 -DDWORDSIZE=8 -DRWORDSIZE=4 -DLWORDSIZE=4 -DNONSTANDARD_SYSTEM_FUNC  -DWRF_USE_CLM -DUSE_NETCDF4_FEATURES -DWRFIO_NCD_LARGE_FILE_SUPPORT  -DDM_PARALLEL -DNETCDF -DGRIB2 -DHDF5 -DLANDREAD_STUB=1 -DUSE_ALLOCATABLES -Dwrfmodel -DGRIB1 -DINTIO -DKEEP_INT_AROUND -DLIMIT_ARGS -DBUILD_RRTMG_FAST=0 -DBUILD_RRTMK=0 -DBUILD_SBM_FAST=1 -DSHOW_ALL_VARS_USED=0 -DCONFIG_BUF_LEN=65536 -DMAX_DOMAINS_F=21 -DMAX_HISTORY=25 -DNMM_NEST=0 -DWRF_CHEM -DBUILD_CHEM=1 -DWRF_KPP -I. -traditional-cpp -DUSE_NETCDF4_FEATURES -DWRFIO_NCD_LARGE_FILE_SUPPORT   module_sf_gfdl.G  > module_sf_gfdl.bb
/home/onishi/WRF/tools/standard.exe module_sf_gfdl.bb | /lib/cpp -P -nostdinc -I/home/onishi/WRF/external/ioapi_share -traditional-cpp -DUSE_NETCDF4_FEATURES -DWRFIO_NCD_LARGE_FILE_SUPPORT > module_sf_gfdl.f90
rm -f module_sf_gfdl.G module_sf_gfdl.bb
time mpif90 -f90=ifort -o module_sf_gfdl.o -c -O3 -ip -fp-model precise -w -ftz -align all -fno-alias -FR -convert big_endian    -I../dyn_em  -I/home/onishi/WRF/external/esmf_time_f90  -I/home/onishi/WRF/main -I/home/onishi/WRF/external/io_netcdf -I/home/onishi/WRF/external/io_int -I/home/onishi/WRF/frame -I/home/onishi/WRF/share -I/home/onishi/WRF/phys -I/home/onishi/WRF/wrftladj -I/home/onishi/WRF/chem -I/home/onishi/WRF/inc -I/home/onishi/NETCDF_DIR2//include  -real-size `expr 8 \* 4` -i4  module_sf_gfdl.f90
1.13user 0.14system 0:01.29elapsed 98%CPU (0avgtext+0avgdata 92260maxresident)k
120inputs+984outputs (0major+21401minor)pagefaults 0swaps
rm -f module_sf_noahmplsm.o
sed -e "s/^\!.*'.*//" -e "s/^ *\!.*'.*//" module_sf_noahmplsm.F > module_sf_noahmplsm.G
/lib/cpp -P -nostdinc -I/home/onishi/WRF/external/ioapi_share -I/home/onishi/WRF/inc -DEM_CORE=1 -DNMM_CORE=0 -DNMM_MAX_DIM=2600 -DDA_CORE=0 -DWRFPLUS=0 -DIWORDSIZE=4 -DDWORDSIZE=8 -DRWORDSIZE=4 -DLWORDSIZE=4 -DNONSTANDARD_SYSTEM_FUNC  -DWRF_USE_CLM -DUSE_NETCDF4_FEATURES -DWRFIO_NCD_LARGE_FILE_SUPPORT  -DDM_PARALLEL -DNETCDF -DGRIB2 -DHDF5 -DLANDREAD_STUB=1 -DUSE_ALLOCATABLES -Dwrfmodel -DGRIB1 -DINTIO -DKEEP_INT_AROUND -DLIMIT_ARGS -DBUILD_RRTMG_FAST=0 -DBUILD_RRTMK=0 -DBUILD_SBM_FAST=1 -DSHOW_ALL_VARS_USED=0 -DCONFIG_BUF_LEN=65536 -DMAX_DOMAINS_F=21 -DMAX_HISTORY=25 -DNMM_NEST=0 -DWRF_CHEM -DBUILD_CHEM=1 -DWRF_KPP -I. -traditional-cpp -DUSE_NETCDF4_FEATURES -DWRFIO_NCD_LARGE_FILE_SUPPORT   module_sf_noahmplsm.G  > module_sf_noahmplsm.bb
/home/onishi/WRF/tools/standard.exe module_sf_noahmplsm.bb | /lib/cpp -P -nostdinc -I/home/onishi/WRF/external/ioapi_share -traditional-cpp -DUSE_NETCDF4_FEATURES -DWRFIO_NCD_LARGE_FILE_SUPPORT > module_sf_noahmplsm.f90
rm -f module_sf_noahmplsm.G module_sf_noahmplsm.bb
time mpif90 -f90=ifort -o module_sf_noahmplsm.o -c -O3 -ip -fp-model precise -w -ftz -align all -fno-alias -FR -convert big_endian    -I../dyn_em  -I/home/onishi/WRF/external/esmf_time_f90  -I/home/onishi/WRF/main -I/home/onishi/WRF/external/io_netcdf -I/home/onishi/WRF/external/io_int -I/home/onishi/WRF/frame -I/home/onishi/WRF/share -I/home/onishi/WRF/phys -I/home/onishi/WRF/wrftladj -I/home/onishi/WRF/chem -I/home/onishi/WRF/inc -I/home/onishi/NETCDF_DIR2//include  -real-size `expr 8 \* 4` -i4  module_sf_noahmplsm.f90
4.26user 0.11system 0:04.42elapsed 99%CPU (0avgtext+0avgdata 104664maxresident)k
56inputs+536outputs (0major+25588minor)pagefaults 0swaps
rm -f module_sf_bep.o
sed -e "s/^\!.*'.*//" -e "s/^ *\!.*'.*//" module_sf_bep.F > module_sf_bep.G
/lib/cpp -P -nostdinc -I/home/onishi/WRF/external/ioapi_share -I/home/onishi/WRF/inc -DEM_CORE=1 -DNMM_CORE=0 -DNMM_MAX_DIM=2600 -DDA_CORE=0 -DWRFPLUS=0 -DIWORDSIZE=4 -DDWORDSIZE=8 -DRWORDSIZE=4 -DLWORDSIZE=4 -DNONSTANDARD_SYSTEM_FUNC  -DWRF_USE_CLM -DUSE_NETCDF4_FEATURES -DWRFIO_NCD_LARGE_FILE_SUPPORT  -DDM_PARALLEL -DNETCDF -DGRIB2 -DHDF5 -DLANDREAD_STUB=1 -DUSE_ALLOCATABLES -Dwrfmodel -DGRIB1 -DINTIO -DKEEP_INT_AROUND -DLIMIT_ARGS -DBUILD_RRTMG_FAST=0 -DBUILD_RRTMK=0 -DBUILD_SBM_FAST=1 -DSHOW_ALL_VARS_USED=0 -DCONFIG_BUF_LEN=65536 -DMAX_DOMAINS_F=21 -DMAX_HISTORY=25 -DNMM_NEST=0 -DWRF_CHEM -DBUILD_CHEM=1 -DWRF_KPP -I. -traditional-cpp -DUSE_NETCDF4_FEATURES -DWRFIO_NCD_LARGE_FILE_SUPPORT   module_sf_bep.G  > module_sf_bep.bb
/home/onishi/WRF/tools/standard.exe module_sf_bep.bb | /lib/cpp -P -nostdinc -I/home/onishi/WRF/external/ioapi_share -traditional-cpp -DUSE_NETCDF4_FEATURES -DWRFIO_NCD_LARGE_FILE_SUPPORT > module_sf_bep.f90
rm -f module_sf_bep.G module_sf_bep.bb
time mpif90 -f90=ifort -o module_sf_bep.o -c -O3 -ip -fp-model precise -w -ftz -align all -fno-alias -FR -convert big_endian    -I../dyn_em  -I/home/onishi/WRF/external/esmf_time_f90  -I/home/onishi/WRF/main -I/home/onishi/WRF/external/io_netcdf -I/home/onishi/WRF/external/io_int -I/home/onishi/WRF/frame -I/home/onishi/WRF/share -I/home/onishi/WRF/phys -I/home/onishi/WRF/wrftladj -I/home/onishi/WRF/chem -I/home/onishi/WRF/inc -I/home/onishi/NETCDF_DIR2//include  -real-size `expr 8 \* 4` -i4  module_sf_bep.f90
7.13user 0.24system 0:07.41elapsed 99%CPU (0avgtext+0avgdata 160760maxresident)k
832inputs+5376outputs (0major+51678minor)pagefaults 0swaps
rm -f module_sf_bep_bem.o
sed -e "s/^\!.*'.*//" -e "s/^ *\!.*'.*//" module_sf_bep_bem.F > module_sf_bep_bem.G
/lib/cpp -P -nostdinc -I/home/onishi/WRF/external/ioapi_share -I/home/onishi/WRF/inc -DEM_CORE=1 -DNMM_CORE=0 -DNMM_MAX_DIM=2600 -DDA_CORE=0 -DWRFPLUS=0 -DIWORDSIZE=4 -DDWORDSIZE=8 -DRWORDSIZE=4 -DLWORDSIZE=4 -DNONSTANDARD_SYSTEM_FUNC  -DWRF_USE_CLM -DUSE_NETCDF4_FEATURES -DWRFIO_NCD_LARGE_FILE_SUPPORT  -DDM_PARALLEL -DNETCDF -DGRIB2 -DHDF5 -DLANDREAD_STUB=1 -DUSE_ALLOCATABLES -Dwrfmodel -DGRIB1 -DINTIO -DKEEP_INT_AROUND -DLIMIT_ARGS -DBUILD_RRTMG_FAST=0 -DBUILD_RRTMK=0 -DBUILD_SBM_FAST=1 -DSHOW_ALL_VARS_USED=0 -DCONFIG_BUF_LEN=65536 -DMAX_DOMAINS_F=21 -DMAX_HISTORY=25 -DNMM_NEST=0 -DWRF_CHEM -DBUILD_CHEM=1 -DWRF_KPP -I. -traditional-cpp -DUSE_NETCDF4_FEATURES -DWRFIO_NCD_LARGE_FILE_SUPPORT   module_sf_bep_bem.G  > module_sf_bep_bem.bb
5.92user 0.20system 0:06.17elapsed 99%CPU (0avgtext+0avgdata 180568maxresident)k
664inputs+1920outputs (0major+50822minor)pagefaults 0swaps
rm -f module_sf_clm.o
sed -e "s/^\!.*'.*//" -e "s/^ *\!.*'.*//" module_sf_clm.F > module_sf_clm.G
/home/onishi/WRF/tools/standard.exe module_sf_bep_bem.bb | /lib/cpp -P -nostdinc -I/home/onishi/WRF/external/ioapi_share -traditional-cpp -DUSE_NETCDF4_FEATURES -DWRFIO_NCD_LARGE_FILE_SUPPORT > module_sf_bep_bem.f90
rm -f module_sf_bep_bem.G module_sf_bep_bem.bb
/lib/cpp -P -nostdinc -I/home/onishi/WRF/external/ioapi_share -I/home/onishi/WRF/inc -DEM_CORE=1 -DNMM_CORE=0 -DNMM_MAX_DIM=2600 -DDA_CORE=0 -DWRFPLUS=0 -DIWORDSIZE=4 -DDWORDSIZE=8 -DRWORDSIZE=4 -DLWORDSIZE=4 -DNONSTANDARD_SYSTEM_FUNC  -DWRF_USE_CLM -DUSE_NETCDF4_FEATURES -DWRFIO_NCD_LARGE_FILE_SUPPORT  -DDM_PARALLEL -DNETCDF -DGRIB2 -DHDF5 -DLANDREAD_STUB=1 -DUSE_ALLOCATABLES -Dwrfmodel -DGRIB1 -DINTIO -DKEEP_INT_AROUND -DLIMIT_ARGS -DBUILD_RRTMG_FAST=0 -DBUILD_RRTMK=0 -DBUILD_SBM_FAST=1 -DSHOW_ALL_VARS_USED=0 -DCONFIG_BUF_LEN=65536 -DMAX_DOMAINS_F=21 -DMAX_HISTORY=25 -DNMM_NEST=0 -DWRF_CHEM -DBUILD_CHEM=1 -DWRF_KPP -I. -traditional-cpp -DUSE_NETCDF4_FEATURES -DWRFIO_NCD_LARGE_FILE_SUPPORT   module_sf_clm.G  > module_sf_clm.bb
time mpif90 -f90=ifort -o module_sf_bep_bem.o -c -O3 -ip -fp-model precise -w -ftz -align all -fno-alias -FR -convert big_endian    -I../dyn_em  -I/home/onishi/WRF/external/esmf_time_f90  -I/home/onishi/WRF/main -I/home/onishi/WRF/external/io_netcdf -I/home/onishi/WRF/external/io_int -I/home/onishi/WRF/frame -I/home/onishi/WRF/share -I/home/onishi/WRF/phys -I/home/onishi/WRF/wrftladj -I/home/onishi/WRF/chem -I/home/onishi/WRF/inc -I/home/onishi/NETCDF_DIR2//include  -real-size `expr 8 \* 4` -i4  module_sf_bep_bem.f90
/home/onishi/WRF/tools/standard.exe module_sf_clm.bb | /lib/cpp -P -nostdinc -I/home/onishi/WRF/external/ioapi_share -traditional-cpp -DUSE_NETCDF4_FEATURES -DWRFIO_NCD_LARGE_FILE_SUPPORT > module_sf_clm.f90
rm -f module_sf_clm.G module_sf_clm.bb
time mpif90 -f90=ifort -o module_sf_clm.o -c -O3 -ip -fp-model precise -w -ftz -align all -fno-alias -FR -convert big_endian    -I../dyn_em  -I/home/onishi/WRF/external/esmf_time_f90  -I/home/onishi/WRF/main -I/home/onishi/WRF/external/io_netcdf -I/home/onishi/WRF/external/io_int -I/home/onishi/WRF/frame -I/home/onishi/WRF/share -I/home/onishi/WRF/phys -I/home/onishi/WRF/wrftladj -I/home/onishi/WRF/chem -I/home/onishi/WRF/inc -I/home/onishi/NETCDF_DIR2//include  -real-size `expr 8 \* 4` -i4  module_sf_clm.f90
64.70user 1.11system 1:05.89elapsed 99%CPU (0avgtext+0avgdata 608868maxresident)k
784inputs+3824outputs (0major+175027minor)pagefaults 0swaps
rm -f module_sf_noah_seaice_drv.o
sed -e "s/^\!.*'.*//" -e "s/^ *\!.*'.*//" module_sf_noah_seaice_drv.F > module_sf_noah_seaice_drv.G
/lib/cpp -P -nostdinc -I/home/onishi/WRF/external/ioapi_share -I/home/onishi/WRF/inc -DEM_CORE=1 -DNMM_CORE=0 -DNMM_MAX_DIM=2600 -DDA_CORE=0 -DWRFPLUS=0 -DIWORDSIZE=4 -DDWORDSIZE=8 -DRWORDSIZE=4 -DLWORDSIZE=4 -DNONSTANDARD_SYSTEM_FUNC  -DWRF_USE_CLM -DUSE_NETCDF4_FEATURES -DWRFIO_NCD_LARGE_FILE_SUPPORT  -DDM_PARALLEL -DNETCDF -DGRIB2 -DHDF5 -DLANDREAD_STUB=1 -DUSE_ALLOCATABLES -Dwrfmodel -DGRIB1 -DINTIO -DKEEP_INT_AROUND -DLIMIT_ARGS -DBUILD_RRTMG_FAST=0 -DBUILD_RRTMK=0 -DBUILD_SBM_FAST=1 -DSHOW_ALL_VARS_USED=0 -DCONFIG_BUF_LEN=65536 -DMAX_DOMAINS_F=21 -DMAX_HISTORY=25 -DNMM_NEST=0 -DWRF_CHEM -DBUILD_CHEM=1 -DWRF_KPP -I. -traditional-cpp -DUSE_NETCDF4_FEATURES -DWRFIO_NCD_LARGE_FILE_SUPPORT   module_sf_noah_seaice_drv.G  > module_sf_noah_seaice_drv.bb
/home/onishi/WRF/tools/standard.exe module_sf_noah_seaice_drv.bb | /lib/cpp -P -nostdinc -I/home/onishi/WRF/external/ioapi_share -traditional-cpp -DUSE_NETCDF4_FEATURES -DWRFIO_NCD_LARGE_FILE_SUPPORT > module_sf_noah_seaice_drv.f90
rm -f module_sf_noah_seaice_drv.G module_sf_noah_seaice_drv.bb
time mpif90 -f90=ifort -o module_sf_noah_seaice_drv.o -c -O3 -ip -fp-model precise -w -ftz -align all -fno-alias -FR -convert big_endian    -I../dyn_em  -I/home/onishi/WRF/external/esmf_time_f90  -I/home/onishi/WRF/main -I/home/onishi/WRF/external/io_netcdf -I/home/onishi/WRF/external/io_int -I/home/onishi/WRF/frame -I/home/onishi/WRF/share -I/home/onishi/WRF/phys -I/home/onishi/WRF/wrftladj -I/home/onishi/WRF/chem -I/home/onishi/WRF/inc -I/home/onishi/NETCDF_DIR2//include  -real-size `expr 8 \* 4` -i4  module_sf_noah_seaice_drv.f90
0.19user 0.11system 0:00.34elapsed 88%CPU (0avgtext+0avgdata 56296maxresident)k
64inputs+312outputs (0major+9801minor)pagefaults 0swaps
rm -f module_sf_noahmp_groundwater.o
sed -e "s/^\!.*'.*//" -e "s/^ *\!.*'.*//" module_sf_noahmp_groundwater.F > module_sf_noahmp_groundwater.G
/lib/cpp -P -nostdinc -I/home/onishi/WRF/external/ioapi_share -I/home/onishi/WRF/inc -DEM_CORE=1 -DNMM_CORE=0 -DNMM_MAX_DIM=2600 -DDA_CORE=0 -DWRFPLUS=0 -DIWORDSIZE=4 -DDWORDSIZE=8 -DRWORDSIZE=4 -DLWORDSIZE=4 -DNONSTANDARD_SYSTEM_FUNC  -DWRF_USE_CLM -DUSE_NETCDF4_FEATURES -DWRFIO_NCD_LARGE_FILE_SUPPORT  -DDM_PARALLEL -DNETCDF -DGRIB2 -DHDF5 -DLANDREAD_STUB=1 -DUSE_ALLOCATABLES -Dwrfmodel -DGRIB1 -DINTIO -DKEEP_INT_AROUND -DLIMIT_ARGS -DBUILD_RRTMG_FAST=0 -DBUILD_RRTMK=0 -DBUILD_SBM_FAST=1 -DSHOW_ALL_VARS_USED=0 -DCONFIG_BUF_LEN=65536 -DMAX_DOMAINS_F=21 -DMAX_HISTORY=25 -DNMM_NEST=0 -DWRF_CHEM -DBUILD_CHEM=1 -DWRF_KPP -I. -traditional-cpp -DUSE_NETCDF4_FEATURES -DWRFIO_NCD_LARGE_FILE_SUPPORT   module_sf_noahmp_groundwater.G  > module_sf_noahmp_groundwater.bb
/home/onishi/WRF/tools/standard.exe module_sf_noahmp_groundwater.bb | /lib/cpp -P -nostdinc -I/home/onishi/WRF/external/ioapi_share -traditional-cpp -DUSE_NETCDF4_FEATURES -DWRFIO_NCD_LARGE_FILE_SUPPORT > module_sf_noahmp_groundwater.f90
rm -f module_sf_noahmp_groundwater.G module_sf_noahmp_groundwater.bb
time mpif90 -f90=ifort -o module_sf_noahmp_groundwater.o -c -O3 -ip -fp-model precise -w -ftz -align all -fno-alias -FR -convert big_endian    -I../dyn_em  -I/home/onishi/WRF/external/esmf_time_f90  -I/home/onishi/WRF/main -I/home/onishi/WRF/external/io_netcdf -I/home/onishi/WRF/external/io_int -I/home/onishi/WRF/frame -I/home/onishi/WRF/share -I/home/onishi/WRF/phys -I/home/onishi/WRF/wrftladj -I/home/onishi/WRF/chem -I/home/onishi/WRF/inc -I/home/onishi/NETCDF_DIR2//include  -real-size `expr 8 \* 4` -i4  module_sf_noahmp_groundwater.f90
0.65user 0.11system 0:00.79elapsed 98%CPU (0avgtext+0avgdata 74248maxresident)k
120inputs+448outputs (0major+14947minor)pagefaults 0swaps
rm -f module_sf_pxlsm.o
sed -e "s/^\!.*'.*//" -e "s/^ *\!.*'.*//" module_sf_pxlsm.F > module_sf_pxlsm.G
/lib/cpp -P -nostdinc -I/home/onishi/WRF/external/ioapi_share -I/home/onishi/WRF/inc -DEM_CORE=1 -DNMM_CORE=0 -DNMM_MAX_DIM=2600 -DDA_CORE=0 -DWRFPLUS=0 -DIWORDSIZE=4 -DDWORDSIZE=8 -DRWORDSIZE=4 -DLWORDSIZE=4 -DNONSTANDARD_SYSTEM_FUNC  -DWRF_USE_CLM -DUSE_NETCDF4_FEATURES -DWRFIO_NCD_LARGE_FILE_SUPPORT  -DDM_PARALLEL -DNETCDF -DGRIB2 -DHDF5 -DLANDREAD_STUB=1 -DUSE_ALLOCATABLES -Dwrfmodel -DGRIB1 -DINTIO -DKEEP_INT_AROUND -DLIMIT_ARGS -DBUILD_RRTMG_FAST=0 -DBUILD_RRTMK=0 -DBUILD_SBM_FAST=1 -DSHOW_ALL_VARS_USED=0 -DCONFIG_BUF_LEN=65536 -DMAX_DOMAINS_F=21 -DMAX_HISTORY=25 -DNMM_NEST=0 -DWRF_CHEM -DBUILD_CHEM=1 -DWRF_KPP -I. -traditional-cpp -DUSE_NETCDF4_FEATURES -DWRFIO_NCD_LARGE_FILE_SUPPORT   module_sf_pxlsm.G  > module_sf_pxlsm.bb
/home/onishi/WRF/tools/standard.exe module_sf_pxlsm.bb | /lib/cpp -P -nostdinc -I/home/onishi/WRF/external/ioapi_share -traditional-cpp -DUSE_NETCDF4_FEATURES -DWRFIO_NCD_LARGE_FILE_SUPPORT > module_sf_pxlsm.f90
rm -f module_sf_pxlsm.G module_sf_pxlsm.bb
time mpif90 -f90=ifort -o module_sf_pxlsm.o -c -O3 -ip -fp-model precise -w -ftz -align all -fno-alias -FR -convert big_endian    -I../dyn_em  -I/home/onishi/WRF/external/esmf_time_f90  -I/home/onishi/WRF/main -I/home/onishi/WRF/external/io_netcdf -I/home/onishi/WRF/external/io_int -I/home/onishi/WRF/frame -I/home/onishi/WRF/share -I/home/onishi/WRF/phys -I/home/onishi/WRF/wrftladj -I/home/onishi/WRF/chem -I/home/onishi/WRF/inc -I/home/onishi/NETCDF_DIR2//include  -real-size `expr 8 \* 4` -i4  module_sf_pxlsm.f90
1.23user 0.12system 0:01.37elapsed 99%CPU (0avgtext+0avgdata 85860maxresident)k
136inputs+1072outputs (0major+17926minor)pagefaults 0swaps
rm -f module_sf_ocean_driver.o
sed -e "s/^\!.*'.*//" -e "s/^ *\!.*'.*//" module_sf_ocean_driver.F > module_sf_ocean_driver.G
/lib/cpp -P -nostdinc -I/home/onishi/WRF/external/ioapi_share -I/home/onishi/WRF/inc -DEM_CORE=1 -DNMM_CORE=0 -DNMM_MAX_DIM=2600 -DDA_CORE=0 -DWRFPLUS=0 -DIWORDSIZE=4 -DDWORDSIZE=8 -DRWORDSIZE=4 -DLWORDSIZE=4 -DNONSTANDARD_SYSTEM_FUNC  -DWRF_USE_CLM -DUSE_NETCDF4_FEATURES -DWRFIO_NCD_LARGE_FILE_SUPPORT  -DDM_PARALLEL -DNETCDF -DGRIB2 -DHDF5 -DLANDREAD_STUB=1 -DUSE_ALLOCATABLES -Dwrfmodel -DGRIB1 -DINTIO -DKEEP_INT_AROUND -DLIMIT_ARGS -DBUILD_RRTMG_FAST=0 -DBUILD_RRTMK=0 -DBUILD_SBM_FAST=1 -DSHOW_ALL_VARS_USED=0 -DCONFIG_BUF_LEN=65536 -DMAX_DOMAINS_F=21 -DMAX_HISTORY=25 -DNMM_NEST=0 -DWRF_CHEM -DBUILD_CHEM=1 -DWRF_KPP -I. -traditional-cpp -DUSE_NETCDF4_FEATURES -DWRFIO_NCD_LARGE_FILE_SUPPORT   module_sf_ocean_driver.G  > module_sf_ocean_driver.bb
/home/onishi/WRF/tools/standard.exe module_sf_ocean_driver.bb | /lib/cpp -P -nostdinc -I/home/onishi/WRF/external/ioapi_share -traditional-cpp -DUSE_NETCDF4_FEATURES -DWRFIO_NCD_LARGE_FILE_SUPPORT > module_sf_ocean_driver.f90
rm -f module_sf_ocean_driver.G module_sf_ocean_driver.bb
time mpif90 -f90=ifort -o module_sf_ocean_driver.o -c -O3 -ip -fp-model precise -w -ftz -align all -fno-alias -FR -convert big_endian    -I../dyn_em  -I/home/onishi/WRF/external/esmf_time_f90  -I/home/onishi/WRF/main -I/home/onishi/WRF/external/io_netcdf -I/home/onishi/WRF/external/io_int -I/home/onishi/WRF/frame -I/home/onishi/WRF/share -I/home/onishi/WRF/phys -I/home/onishi/WRF/wrftladj -I/home/onishi/WRF/chem -I/home/onishi/WRF/inc -I/home/onishi/NETCDF_DIR2//include  -real-size `expr 8 \* 4` -i4  module_sf_ocean_driver.f90
0.08user 0.11system 0:00.22elapsed 85%CPU (0avgtext+0avgdata 50068maxresident)k
120inputs+200outputs (0major+8214minor)pagefaults 0swaps
rm -f module_sf_mynn.o
sed -e "s/^\!.*'.*//" -e "s/^ *\!.*'.*//" module_sf_mynn.F > module_sf_mynn.G
/lib/cpp -P -nostdinc -I/home/onishi/WRF/external/ioapi_share -I/home/onishi/WRF/inc -DEM_CORE=1 -DNMM_CORE=0 -DNMM_MAX_DIM=2600 -DDA_CORE=0 -DWRFPLUS=0 -DIWORDSIZE=4 -DDWORDSIZE=8 -DRWORDSIZE=4 -DLWORDSIZE=4 -DNONSTANDARD_SYSTEM_FUNC  -DWRF_USE_CLM -DUSE_NETCDF4_FEATURES -DWRFIO_NCD_LARGE_FILE_SUPPORT  -DDM_PARALLEL -DNETCDF -DGRIB2 -DHDF5 -DLANDREAD_STUB=1 -DUSE_ALLOCATABLES -Dwrfmodel -DGRIB1 -DINTIO -DKEEP_INT_AROUND -DLIMIT_ARGS -DBUILD_RRTMG_FAST=0 -DBUILD_RRTMK=0 -DBUILD_SBM_FAST=1 -DSHOW_ALL_VARS_USED=0 -DCONFIG_BUF_LEN=65536 -DMAX_DOMAINS_F=21 -DMAX_HISTORY=25 -DNMM_NEST=0 -DWRF_CHEM -DBUILD_CHEM=1 -DWRF_KPP -I. -traditional-cpp -DUSE_NETCDF4_FEATURES -DWRFIO_NCD_LARGE_FILE_SUPPORT   module_sf_mynn.G  > module_sf_mynn.bb
/home/onishi/WRF/tools/standard.exe module_sf_mynn.bb | /lib/cpp -P -nostdinc -I/home/onishi/WRF/external/ioapi_share -traditional-cpp -DUSE_NETCDF4_FEATURES -DWRFIO_NCD_LARGE_FILE_SUPPORT > module_sf_mynn.f90
rm -f module_sf_mynn.G module_sf_mynn.bb
time mpif90 -f90=ifort -o module_sf_mynn.o -c -O3 -ip -fp-model precise -w -ftz -align all -fno-alias -FR -convert big_endian    -I../dyn_em  -I/home/onishi/WRF/external/esmf_time_f90  -I/home/onishi/WRF/main -I/home/onishi/WRF/external/io_netcdf -I/home/onishi/WRF/external/io_int -I/home/onishi/WRF/frame -I/home/onishi/WRF/share -I/home/onishi/WRF/phys -I/home/onishi/WRF/wrftladj -I/home/onishi/WRF/chem -I/home/onishi/WRF/inc -I/home/onishi/NETCDF_DIR2//include  -real-size `expr 8 \* 4` -i4  module_sf_mynn.f90
1.19user 0.14system 0:01.36elapsed 98%CPU (0avgtext+0avgdata 82276maxresident)k
120inputs+1136outputs (0major+18012minor)pagefaults 0swaps
rm -f module_lightning_driver.o
sed -e "s/^\!.*'.*//" -e "s/^ *\!.*'.*//" module_lightning_driver.F > module_lightning_driver.G
/lib/cpp -P -nostdinc -I/home/onishi/WRF/external/ioapi_share -I/home/onishi/WRF/inc -DEM_CORE=1 -DNMM_CORE=0 -DNMM_MAX_DIM=2600 -DDA_CORE=0 -DWRFPLUS=0 -DIWORDSIZE=4 -DDWORDSIZE=8 -DRWORDSIZE=4 -DLWORDSIZE=4 -DNONSTANDARD_SYSTEM_FUNC  -DWRF_USE_CLM -DUSE_NETCDF4_FEATURES -DWRFIO_NCD_LARGE_FILE_SUPPORT  -DDM_PARALLEL -DNETCDF -DGRIB2 -DHDF5 -DLANDREAD_STUB=1 -DUSE_ALLOCATABLES -Dwrfmodel -DGRIB1 -DINTIO -DKEEP_INT_AROUND -DLIMIT_ARGS -DBUILD_RRTMG_FAST=0 -DBUILD_RRTMK=0 -DBUILD_SBM_FAST=1 -DSHOW_ALL_VARS_USED=0 -DCONFIG_BUF_LEN=65536 -DMAX_DOMAINS_F=21 -DMAX_HISTORY=25 -DNMM_NEST=0 -DWRF_CHEM -DBUILD_CHEM=1 -DWRF_KPP -I. -traditional-cpp -DUSE_NETCDF4_FEATURES -DWRFIO_NCD_LARGE_FILE_SUPPORT   module_lightning_driver.G  > module_lightning_driver.bb
/home/onishi/WRF/tools/standard.exe module_lightning_driver.bb | /lib/cpp -P -nostdinc -I/home/onishi/WRF/external/ioapi_share -traditional-cpp -DUSE_NETCDF4_FEATURES -DWRFIO_NCD_LARGE_FILE_SUPPORT > module_lightning_driver.f90
rm -f module_lightning_driver.G module_lightning_driver.bb
time mpif90 -f90=ifort -o module_lightning_driver.o -c -O3 -ip -fp-model precise -w -ftz -align all -fno-alias -FR -convert big_endian    -I../dyn_em  -I/home/onishi/WRF/external/esmf_time_f90  -I/home/onishi/WRF/main -I/home/onishi/WRF/external/io_netcdf -I/home/onishi/WRF/external/io_int -I/home/onishi/WRF/frame -I/home/onishi/WRF/share -I/home/onishi/WRF/phys -I/home/onishi/WRF/wrftladj -I/home/onishi/WRF/chem -I/home/onishi/WRF/inc -I/home/onishi/NETCDF_DIR2//include  -real-size `expr 8 \* 4` -i4  module_lightning_driver.f90
0.34user 0.10system 0:00.49elapsed 90%CPU (0avgtext+0avgdata 59580maxresident)k
224inputs+440outputs (0major+10971minor)pagefaults 0swaps
rm -f module_diag_nwp.o
sed -e "s/^\!.*'.*//" -e "s/^ *\!.*'.*//" module_diag_nwp.F > module_diag_nwp.G
/lib/cpp -P -nostdinc -I/home/onishi/WRF/external/ioapi_share -I/home/onishi/WRF/inc -DEM_CORE=1 -DNMM_CORE=0 -DNMM_MAX_DIM=2600 -DDA_CORE=0 -DWRFPLUS=0 -DIWORDSIZE=4 -DDWORDSIZE=8 -DRWORDSIZE=4 -DLWORDSIZE=4 -DNONSTANDARD_SYSTEM_FUNC  -DWRF_USE_CLM -DUSE_NETCDF4_FEATURES -DWRFIO_NCD_LARGE_FILE_SUPPORT  -DDM_PARALLEL -DNETCDF -DGRIB2 -DHDF5 -DLANDREAD_STUB=1 -DUSE_ALLOCATABLES -Dwrfmodel -DGRIB1 -DINTIO -DKEEP_INT_AROUND -DLIMIT_ARGS -DBUILD_RRTMG_FAST=0 -DBUILD_RRTMK=0 -DBUILD_SBM_FAST=1 -DSHOW_ALL_VARS_USED=0 -DCONFIG_BUF_LEN=65536 -DMAX_DOMAINS_F=21 -DMAX_HISTORY=25 -DNMM_NEST=0 -DWRF_CHEM -DBUILD_CHEM=1 -DWRF_KPP -I. -traditional-cpp -DUSE_NETCDF4_FEATURES -DWRFIO_NCD_LARGE_FILE_SUPPORT   module_diag_nwp.G  > module_diag_nwp.bb
/home/onishi/WRF/tools/standard.exe module_diag_nwp.bb | /lib/cpp -P -nostdinc -I/home/onishi/WRF/external/ioapi_share -traditional-cpp -DUSE_NETCDF4_FEATURES -DWRFIO_NCD_LARGE_FILE_SUPPORT > module_diag_nwp.f90
rm -f module_diag_nwp.G module_diag_nwp.bb
time mpif90 -f90=ifort -o module_diag_nwp.o -c -O3 -ip -fp-model precise -w -ftz -align all -fno-alias -FR -convert big_endian    -I../dyn_em  -I/home/onishi/WRF/external/esmf_time_f90  -I/home/onishi/WRF/main -I/home/onishi/WRF/external/io_netcdf -I/home/onishi/WRF/external/io_int -I/home/onishi/WRF/frame -I/home/onishi/WRF/share -I/home/onishi/WRF/phys -I/home/onishi/WRF/wrftladj -I/home/onishi/WRF/chem -I/home/onishi/WRF/inc -I/home/onishi/NETCDF_DIR2//include  -real-size `expr 8 \* 4` -i4  module_diag_nwp.f90
1.67user 0.15system 0:01.83elapsed 99%CPU (0avgtext+0avgdata 115852maxresident)k
224inputs+1480outputs (0major+25903minor)pagefaults 0swaps
rm -f module_diag_trad_fields.o
sed -e "s/^\!.*'.*//" -e "s/^ *\!.*'.*//" module_diag_trad_fields.F > module_diag_trad_fields.G
/lib/cpp -P -nostdinc -I/home/onishi/WRF/external/ioapi_share -I/home/onishi/WRF/inc -DEM_CORE=1 -DNMM_CORE=0 -DNMM_MAX_DIM=2600 -DDA_CORE=0 -DWRFPLUS=0 -DIWORDSIZE=4 -DDWORDSIZE=8 -DRWORDSIZE=4 -DLWORDSIZE=4 -DNONSTANDARD_SYSTEM_FUNC  -DWRF_USE_CLM -DUSE_NETCDF4_FEATURES -DWRFIO_NCD_LARGE_FILE_SUPPORT  -DDM_PARALLEL -DNETCDF -DGRIB2 -DHDF5 -DLANDREAD_STUB=1 -DUSE_ALLOCATABLES -Dwrfmodel -DGRIB1 -DINTIO -DKEEP_INT_AROUND -DLIMIT_ARGS -DBUILD_RRTMG_FAST=0 -DBUILD_RRTMK=0 -DBUILD_SBM_FAST=1 -DSHOW_ALL_VARS_USED=0 -DCONFIG_BUF_LEN=65536 -DMAX_DOMAINS_F=21 -DMAX_HISTORY=25 -DNMM_NEST=0 -DWRF_CHEM -DBUILD_CHEM=1 -DWRF_KPP -I. -traditional-cpp -DUSE_NETCDF4_FEATURES -DWRFIO_NCD_LARGE_FILE_SUPPORT   module_diag_trad_fields.G  > module_diag_trad_fields.bb
/home/onishi/WRF/tools/standard.exe module_diag_trad_fields.bb | /lib/cpp -P -nostdinc -I/home/onishi/WRF/external/ioapi_share -traditional-cpp -DUSE_NETCDF4_FEATURES -DWRFIO_NCD_LARGE_FILE_SUPPORT > module_diag_trad_fields.f90
rm -f module_diag_trad_fields.G module_diag_trad_fields.bb
time mpif90 -f90=ifort -o module_diag_trad_fields.o -c -O3 -ip -fp-model precise -w -ftz -align all -fno-alias -FR -convert big_endian    -I../dyn_em  -I/home/onishi/WRF/external/esmf_time_f90  -I/home/onishi/WRF/main -I/home/onishi/WRF/external/io_netcdf -I/home/onishi/WRF/external/io_int -I/home/onishi/WRF/frame -I/home/onishi/WRF/share -I/home/onishi/WRF/phys -I/home/onishi/WRF/wrftladj -I/home/onishi/WRF/chem -I/home/onishi/WRF/inc -I/home/onishi/NETCDF_DIR2//include  -real-size `expr 8 \* 4` -i4  module_diag_trad_fields.f90
0.21user 0.09system 0:00.33elapsed 91%CPU (0avgtext+0avgdata 55588maxresident)k
48inputs+272outputs (0major+9568minor)pagefaults 0swaps
rm -f module_diag_rasm.o
sed -e "s/^\!.*'.*//" -e "s/^ *\!.*'.*//" module_diag_rasm.F > module_diag_rasm.G
/lib/cpp -P -nostdinc -I/home/onishi/WRF/external/ioapi_share -I/home/onishi/WRF/inc -DEM_CORE=1 -DNMM_CORE=0 -DNMM_MAX_DIM=2600 -DDA_CORE=0 -DWRFPLUS=0 -DIWORDSIZE=4 -DDWORDSIZE=8 -DRWORDSIZE=4 -DLWORDSIZE=4 -DNONSTANDARD_SYSTEM_FUNC  -DWRF_USE_CLM -DUSE_NETCDF4_FEATURES -DWRFIO_NCD_LARGE_FILE_SUPPORT  -DDM_PARALLEL -DNETCDF -DGRIB2 -DHDF5 -DLANDREAD_STUB=1 -DUSE_ALLOCATABLES -Dwrfmodel -DGRIB1 -DINTIO -DKEEP_INT_AROUND -DLIMIT_ARGS -DBUILD_RRTMG_FAST=0 -DBUILD_RRTMK=0 -DBUILD_SBM_FAST=1 -DSHOW_ALL_VARS_USED=0 -DCONFIG_BUF_LEN=65536 -DMAX_DOMAINS_F=21 -DMAX_HISTORY=25 -DNMM_NEST=0 -DWRF_CHEM -DBUILD_CHEM=1 -DWRF_KPP -I. -traditional-cpp -DUSE_NETCDF4_FEATURES -DWRFIO_NCD_LARGE_FILE_SUPPORT   module_diag_rasm.G  > module_diag_rasm.bb
/home/onishi/WRF/tools/standard.exe module_diag_rasm.bb | /lib/cpp -P -nostdinc -I/home/onishi/WRF/external/ioapi_share -traditional-cpp -DUSE_NETCDF4_FEATURES -DWRFIO_NCD_LARGE_FILE_SUPPORT > module_diag_rasm.f90
rm -f module_diag_rasm.G module_diag_rasm.bb
time mpif90 -f90=ifort -o module_diag_rasm.o -c -O3 -ip -fp-model precise -w -ftz -align all -fno-alias -FR -convert big_endian    -I../dyn_em  -I/home/onishi/WRF/external/esmf_time_f90  -I/home/onishi/WRF/main -I/home/onishi/WRF/external/io_netcdf -I/home/onishi/WRF/external/io_int -I/home/onishi/WRF/frame -I/home/onishi/WRF/share -I/home/onishi/WRF/phys -I/home/onishi/WRF/wrftladj -I/home/onishi/WRF/chem -I/home/onishi/WRF/inc -I/home/onishi/NETCDF_DIR2//include  -real-size `expr 8 \* 4` -i4  module_diag_rasm.f90
3.84user 0.21system 0:04.09elapsed 99%CPU (0avgtext+0avgdata 135316maxresident)k
80inputs+1360outputs (0major+37033minor)pagefaults 0swaps
rm -f module_fr_fire_phys.o
sed -e "s/^\!.*'.*//" -e "s/^ *\!.*'.*//" module_fr_fire_phys.F > module_fr_fire_phys.G
/lib/cpp -P -nostdinc -I/home/onishi/WRF/external/ioapi_share -I/home/onishi/WRF/inc -DEM_CORE=1 -DNMM_CORE=0 -DNMM_MAX_DIM=2600 -DDA_CORE=0 -DWRFPLUS=0 -DIWORDSIZE=4 -DDWORDSIZE=8 -DRWORDSIZE=4 -DLWORDSIZE=4 -DNONSTANDARD_SYSTEM_FUNC  -DWRF_USE_CLM -DUSE_NETCDF4_FEATURES -DWRFIO_NCD_LARGE_FILE_SUPPORT  -DDM_PARALLEL -DNETCDF -DGRIB2 -DHDF5 -DLANDREAD_STUB=1 -DUSE_ALLOCATABLES -Dwrfmodel -DGRIB1 -DINTIO -DKEEP_INT_AROUND -DLIMIT_ARGS -DBUILD_RRTMG_FAST=0 -DBUILD_RRTMK=0 -DBUILD_SBM_FAST=1 -DSHOW_ALL_VARS_USED=0 -DCONFIG_BUF_LEN=65536 -DMAX_DOMAINS_F=21 -DMAX_HISTORY=25 -DNMM_NEST=0 -DWRF_CHEM -DBUILD_CHEM=1 -DWRF_KPP -I. -traditional-cpp -DUSE_NETCDF4_FEATURES -DWRFIO_NCD_LARGE_FILE_SUPPORT   module_fr_fire_phys.G  > module_fr_fire_phys.bb
/home/onishi/WRF/tools/standard.exe module_fr_fire_phys.bb | /lib/cpp -P -nostdinc -I/home/onishi/WRF/external/ioapi_share -traditional-cpp -DUSE_NETCDF4_FEATURES -DWRFIO_NCD_LARGE_FILE_SUPPORT > module_fr_fire_phys.f90
rm -f module_fr_fire_phys.G module_fr_fire_phys.bb
time mpif90 -f90=ifort -o module_fr_fire_phys.o -c -O3 -ip -fp-model precise -w -ftz -align all -fno-alias -FR -convert big_endian    -I../dyn_em  -I/home/onishi/WRF/external/esmf_time_f90  -I/home/onishi/WRF/main -I/home/onishi/WRF/external/io_netcdf -I/home/onishi/WRF/external/io_int -I/home/onishi/WRF/frame -I/home/onishi/WRF/share -I/home/onishi/WRF/phys -I/home/onishi/WRF/wrftladj -I/home/onishi/WRF/chem -I/home/onishi/WRF/inc -I/home/onishi/NETCDF_DIR2//include  -real-size `expr 8 \* 4` -i4  module_fr_fire_phys.f90
1.27user 0.14system 0:01.45elapsed 97%CPU (0avgtext+0avgdata 76644maxresident)k
256inputs+1368outputs (0major+17286minor)pagefaults 0swaps
rm -f module_fr_fire_atm.o
sed -e "s/^\!.*'.*//" -e "s/^ *\!.*'.*//" module_fr_fire_atm.F > module_fr_fire_atm.G
/lib/cpp -P -nostdinc -I/home/onishi/WRF/external/ioapi_share -I/home/onishi/WRF/inc -DEM_CORE=1 -DNMM_CORE=0 -DNMM_MAX_DIM=2600 -DDA_CORE=0 -DWRFPLUS=0 -DIWORDSIZE=4 -DDWORDSIZE=8 -DRWORDSIZE=4 -DLWORDSIZE=4 -DNONSTANDARD_SYSTEM_FUNC  -DWRF_USE_CLM -DUSE_NETCDF4_FEATURES -DWRFIO_NCD_LARGE_FILE_SUPPORT  -DDM_PARALLEL -DNETCDF -DGRIB2 -DHDF5 -DLANDREAD_STUB=1 -DUSE_ALLOCATABLES -Dwrfmodel -DGRIB1 -DINTIO -DKEEP_INT_AROUND -DLIMIT_ARGS -DBUILD_RRTMG_FAST=0 -DBUILD_RRTMK=0 -DBUILD_SBM_FAST=1 -DSHOW_ALL_VARS_USED=0 -DCONFIG_BUF_LEN=65536 -DMAX_DOMAINS_F=21 -DMAX_HISTORY=25 -DNMM_NEST=0 -DWRF_CHEM -DBUILD_CHEM=1 -DWRF_KPP -I. -traditional-cpp -DUSE_NETCDF4_FEATURES -DWRFIO_NCD_LARGE_FILE_SUPPORT   module_fr_fire_atm.G  > module_fr_fire_atm.bb
/home/onishi/WRF/tools/standard.exe module_fr_fire_atm.bb | /lib/cpp -P -nostdinc -I/home/onishi/WRF/external/ioapi_share -traditional-cpp -DUSE_NETCDF4_FEATURES -DWRFIO_NCD_LARGE_FILE_SUPPORT > module_fr_fire_atm.f90
rm -f module_fr_fire_atm.G module_fr_fire_atm.bb
time mpif90 -f90=ifort -o module_fr_fire_atm.o -c -O3 -ip -fp-model precise -w -ftz -align all -fno-alias -FR -convert big_endian    -I../dyn_em  -I/home/onishi/WRF/external/esmf_time_f90  -I/home/onishi/WRF/main -I/home/onishi/WRF/external/io_netcdf -I/home/onishi/WRF/external/io_int -I/home/onishi/WRF/frame -I/home/onishi/WRF/share -I/home/onishi/WRF/phys -I/home/onishi/WRF/wrftladj -I/home/onishi/WRF/chem -I/home/onishi/WRF/inc -I/home/onishi/NETCDF_DIR2//include  -real-size `expr 8 \* 4` -i4  module_fr_fire_atm.f90
0.68user 0.12system 0:00.83elapsed 96%CPU (0avgtext+0avgdata 66936maxresident)k
24inputs+336outputs (0major+12975minor)pagefaults 0swaps
rm -f module_firebrand_spotting.o
sed -e "s/^\!.*'.*//" -e "s/^ *\!.*'.*//" module_firebrand_spotting.F > module_firebrand_spotting.G
/lib/cpp -P -nostdinc -I/home/onishi/WRF/external/ioapi_share -I/home/onishi/WRF/inc -DEM_CORE=1 -DNMM_CORE=0 -DNMM_MAX_DIM=2600 -DDA_CORE=0 -DWRFPLUS=0 -DIWORDSIZE=4 -DDWORDSIZE=8 -DRWORDSIZE=4 -DLWORDSIZE=4 -DNONSTANDARD_SYSTEM_FUNC  -DWRF_USE_CLM -DUSE_NETCDF4_FEATURES -DWRFIO_NCD_LARGE_FILE_SUPPORT  -DDM_PARALLEL -DNETCDF -DGRIB2 -DHDF5 -DLANDREAD_STUB=1 -DUSE_ALLOCATABLES -Dwrfmodel -DGRIB1 -DINTIO -DKEEP_INT_AROUND -DLIMIT_ARGS -DBUILD_RRTMG_FAST=0 -DBUILD_RRTMK=0 -DBUILD_SBM_FAST=1 -DSHOW_ALL_VARS_USED=0 -DCONFIG_BUF_LEN=65536 -DMAX_DOMAINS_F=21 -DMAX_HISTORY=25 -DNMM_NEST=0 -DWRF_CHEM -DBUILD_CHEM=1 -DWRF_KPP -I. -traditional-cpp -DUSE_NETCDF4_FEATURES -DWRFIO_NCD_LARGE_FILE_SUPPORT   module_firebrand_spotting.G  > module_firebrand_spotting.bb
/home/onishi/WRF/tools/standard.exe module_firebrand_spotting.bb | /lib/cpp -P -nostdinc -I/home/onishi/WRF/external/ioapi_share -traditional-cpp -DUSE_NETCDF4_FEATURES -DWRFIO_NCD_LARGE_FILE_SUPPORT > module_firebrand_spotting.f90
rm -f module_firebrand_spotting.G module_firebrand_spotting.bb
time mpif90 -f90=ifort -o module_firebrand_spotting.o -c -O3 -ip -fp-model precise -w -ftz -align all -fno-alias -FR -convert big_endian    -I../dyn_em  -I/home/onishi/WRF/external/esmf_time_f90  -I/home/onishi/WRF/main -I/home/onishi/WRF/external/io_netcdf -I/home/onishi/WRF/external/io_int -I/home/onishi/WRF/frame -I/home/onishi/WRF/share -I/home/onishi/WRF/phys -I/home/onishi/WRF/wrftladj -I/home/onishi/WRF/chem -I/home/onishi/WRF/inc -I/home/onishi/NETCDF_DIR2//include  -real-size `expr 8 \* 4` -i4  module_firebrand_spotting.f90
23.29user 0.73system 0:24.07elapsed 99%CPU (0avgtext+0avgdata 460588maxresident)k
3608inputs+7360outputs (0major+137131minor)pagefaults 0swaps
rm -f module_cam_physconst.o
sed -e "s/^\!.*'.*//" -e "s/^ *\!.*'.*//" module_cam_physconst.F > module_cam_physconst.G
/lib/cpp -P -nostdinc -I/home/onishi/WRF/external/ioapi_share -I/home/onishi/WRF/inc -DEM_CORE=1 -DNMM_CORE=0 -DNMM_MAX_DIM=2600 -DDA_CORE=0 -DWRFPLUS=0 -DIWORDSIZE=4 -DDWORDSIZE=8 -DRWORDSIZE=4 -DLWORDSIZE=4 -DNONSTANDARD_SYSTEM_FUNC  -DWRF_USE_CLM -DUSE_NETCDF4_FEATURES -DWRFIO_NCD_LARGE_FILE_SUPPORT  -DDM_PARALLEL -DNETCDF -DGRIB2 -DHDF5 -DLANDREAD_STUB=1 -DUSE_ALLOCATABLES -Dwrfmodel -DGRIB1 -DINTIO -DKEEP_INT_AROUND -DLIMIT_ARGS -DBUILD_RRTMG_FAST=0 -DBUILD_RRTMK=0 -DBUILD_SBM_FAST=1 -DSHOW_ALL_VARS_USED=0 -DCONFIG_BUF_LEN=65536 -DMAX_DOMAINS_F=21 -DMAX_HISTORY=25 -DNMM_NEST=0 -DWRF_CHEM -DBUILD_CHEM=1 -DWRF_KPP -I. -traditional-cpp -DUSE_NETCDF4_FEATURES -DWRFIO_NCD_LARGE_FILE_SUPPORT   module_cam_physconst.G  > module_cam_physconst.bb
/home/onishi/WRF/tools/standard.exe module_cam_physconst.bb | /lib/cpp -P -nostdinc -I/home/onishi/WRF/external/ioapi_share -traditional-cpp -DUSE_NETCDF4_FEATURES -DWRFIO_NCD_LARGE_FILE_SUPPORT > module_cam_physconst.f90
rm -f module_cam_physconst.G module_cam_physconst.bb
time mpif90 -f90=ifort -o module_cam_physconst.o -c -O3 -ip -fp-model precise -w -ftz -align all -fno-alias -FR -convert big_endian    -I../dyn_em  -I/home/onishi/WRF/external/esmf_time_f90  -I/home/onishi/WRF/main -I/home/onishi/WRF/external/io_netcdf -I/home/onishi/WRF/external/io_int -I/home/onishi/WRF/frame -I/home/onishi/WRF/share -I/home/onishi/WRF/phys -I/home/onishi/WRF/wrftladj -I/home/onishi/WRF/chem -I/home/onishi/WRF/inc -I/home/onishi/NETCDF_DIR2//include  -real-size `expr 8 \* 4` -i4  module_cam_physconst.f90
0.02user 0.08system 0:00.13elapsed 79%CPU (0avgtext+0avgdata 38816maxresident)k
16inputs+104outputs (0major+6110minor)pagefaults 0swaps
rm -f module_cam_bl_eddy_diff.o
sed -e "s/^\!.*'.*//" -e "s/^ *\!.*'.*//" module_cam_bl_eddy_diff.F > module_cam_bl_eddy_diff.G
/lib/cpp -P -nostdinc -I/home/onishi/WRF/external/ioapi_share -I/home/onishi/WRF/inc -DEM_CORE=1 -DNMM_CORE=0 -DNMM_MAX_DIM=2600 -DDA_CORE=0 -DWRFPLUS=0 -DIWORDSIZE=4 -DDWORDSIZE=8 -DRWORDSIZE=4 -DLWORDSIZE=4 -DNONSTANDARD_SYSTEM_FUNC  -DWRF_USE_CLM -DUSE_NETCDF4_FEATURES -DWRFIO_NCD_LARGE_FILE_SUPPORT  -DDM_PARALLEL -DNETCDF -DGRIB2 -DHDF5 -DLANDREAD_STUB=1 -DUSE_ALLOCATABLES -Dwrfmodel -DGRIB1 -DINTIO -DKEEP_INT_AROUND -DLIMIT_ARGS -DBUILD_RRTMG_FAST=0 -DBUILD_RRTMK=0 -DBUILD_SBM_FAST=1 -DSHOW_ALL_VARS_USED=0 -DCONFIG_BUF_LEN=65536 -DMAX_DOMAINS_F=21 -DMAX_HISTORY=25 -DNMM_NEST=0 -DWRF_CHEM -DBUILD_CHEM=1 -DWRF_KPP -I. -traditional-cpp -DUSE_NETCDF4_FEATURES -DWRFIO_NCD_LARGE_FILE_SUPPORT   module_cam_bl_eddy_diff.G  > module_cam_bl_eddy_diff.bb
/home/onishi/WRF/tools/standard.exe module_cam_bl_eddy_diff.bb | /lib/cpp -P -nostdinc -I/home/onishi/WRF/external/ioapi_share -traditional-cpp -DUSE_NETCDF4_FEATURES -DWRFIO_NCD_LARGE_FILE_SUPPORT > module_cam_bl_eddy_diff.f90
rm -f module_cam_bl_eddy_diff.G module_cam_bl_eddy_diff.bb
time mpif90 -f90=ifort -o module_cam_bl_eddy_diff.o -c -O3 -ip -fp-model precise -w -ftz -align all -fno-alias -FR -convert big_endian    -I../dyn_em  -I/home/onishi/WRF/external/esmf_time_f90  -I/home/onishi/WRF/main -I/home/onishi/WRF/external/io_netcdf -I/home/onishi/WRF/external/io_int -I/home/onishi/WRF/frame -I/home/onishi/WRF/share -I/home/onishi/WRF/phys -I/home/onishi/WRF/wrftladj -I/home/onishi/WRF/chem -I/home/onishi/WRF/inc -I/home/onishi/NETCDF_DIR2//include  -real-size `expr 8 \* 4` -i4  module_cam_bl_eddy_diff.f90
4.97user 0.23system 0:05.23elapsed 99%CPU (0avgtext+0avgdata 143444maxresident)k
288inputs+1696outputs (0major+35540minor)pagefaults 0swaps
rm -f module_data_cam_mam_aero.o
sed -e "s/^\!.*'.*//" -e "s/^ *\!.*'.*//" module_data_cam_mam_aero.F > module_data_cam_mam_aero.G
/lib/cpp -P -nostdinc -I/home/onishi/WRF/external/ioapi_share -I/home/onishi/WRF/inc -DEM_CORE=1 -DNMM_CORE=0 -DNMM_MAX_DIM=2600 -DDA_CORE=0 -DWRFPLUS=0 -DIWORDSIZE=4 -DDWORDSIZE=8 -DRWORDSIZE=4 -DLWORDSIZE=4 -DNONSTANDARD_SYSTEM_FUNC  -DWRF_USE_CLM -DUSE_NETCDF4_FEATURES -DWRFIO_NCD_LARGE_FILE_SUPPORT  -DDM_PARALLEL -DNETCDF -DGRIB2 -DHDF5 -DLANDREAD_STUB=1 -DUSE_ALLOCATABLES -Dwrfmodel -DGRIB1 -DINTIO -DKEEP_INT_AROUND -DLIMIT_ARGS -DBUILD_RRTMG_FAST=0 -DBUILD_RRTMK=0 -DBUILD_SBM_FAST=1 -DSHOW_ALL_VARS_USED=0 -DCONFIG_BUF_LEN=65536 -DMAX_DOMAINS_F=21 -DMAX_HISTORY=25 -DNMM_NEST=0 -DWRF_CHEM -DBUILD_CHEM=1 -DWRF_KPP -I. -traditional-cpp -DUSE_NETCDF4_FEATURES -DWRFIO_NCD_LARGE_FILE_SUPPORT   module_data_cam_mam_aero.G  > module_data_cam_mam_aero.bb
/home/onishi/WRF/tools/standard.exe module_data_cam_mam_aero.bb | /lib/cpp -P -nostdinc -I/home/onishi/WRF/external/ioapi_share -traditional-cpp -DUSE_NETCDF4_FEATURES -DWRFIO_NCD_LARGE_FILE_SUPPORT > module_data_cam_mam_aero.f90
rm -f module_data_cam_mam_aero.G module_data_cam_mam_aero.bb
time mpif90 -f90=ifort -o module_data_cam_mam_aero.o -c -O3 -ip -fp-model precise -w -ftz -align all -fno-alias -FR -convert big_endian    -I../dyn_em  -I/home/onishi/WRF/external/esmf_time_f90  -I/home/onishi/WRF/main -I/home/onishi/WRF/external/io_netcdf -I/home/onishi/WRF/external/io_int -I/home/onishi/WRF/frame -I/home/onishi/WRF/share -I/home/onishi/WRF/phys -I/home/onishi/WRF/wrftladj -I/home/onishi/WRF/chem -I/home/onishi/WRF/inc -I/home/onishi/NETCDF_DIR2//include  -real-size `expr 8 \* 4` -i4  module_data_cam_mam_aero.f90
0.01user 0.09system 0:00.14elapsed 75%CPU (0avgtext+0avgdata 39072maxresident)k
56inputs+152outputs (0major+6092minor)pagefaults 0swaps
rm -f module_cam_mp_conv_water.o
sed -e "s/^\!.*'.*//" -e "s/^ *\!.*'.*//" module_cam_mp_conv_water.F > module_cam_mp_conv_water.G
/lib/cpp -P -nostdinc -I/home/onishi/WRF/external/ioapi_share -I/home/onishi/WRF/inc -DEM_CORE=1 -DNMM_CORE=0 -DNMM_MAX_DIM=2600 -DDA_CORE=0 -DWRFPLUS=0 -DIWORDSIZE=4 -DDWORDSIZE=8 -DRWORDSIZE=4 -DLWORDSIZE=4 -DNONSTANDARD_SYSTEM_FUNC  -DWRF_USE_CLM -DUSE_NETCDF4_FEATURES -DWRFIO_NCD_LARGE_FILE_SUPPORT  -DDM_PARALLEL -DNETCDF -DGRIB2 -DHDF5 -DLANDREAD_STUB=1 -DUSE_ALLOCATABLES -Dwrfmodel -DGRIB1 -DINTIO -DKEEP_INT_AROUND -DLIMIT_ARGS -DBUILD_RRTMG_FAST=0 -DBUILD_RRTMK=0 -DBUILD_SBM_FAST=1 -DSHOW_ALL_VARS_USED=0 -DCONFIG_BUF_LEN=65536 -DMAX_DOMAINS_F=21 -DMAX_HISTORY=25 -DNMM_NEST=0 -DWRF_CHEM -DBUILD_CHEM=1 -DWRF_KPP -I. -traditional-cpp -DUSE_NETCDF4_FEATURES -DWRFIO_NCD_LARGE_FILE_SUPPORT   module_cam_mp_conv_water.G  > module_cam_mp_conv_water.bb
/home/onishi/WRF/tools/standard.exe module_cam_mp_conv_water.bb | /lib/cpp -P -nostdinc -I/home/onishi/WRF/external/ioapi_share -traditional-cpp -DUSE_NETCDF4_FEATURES -DWRFIO_NCD_LARGE_FILE_SUPPORT > module_cam_mp_conv_water.f90
rm -f module_cam_mp_conv_water.G module_cam_mp_conv_water.bb
time mpif90 -f90=ifort -o module_cam_mp_conv_water.o -c -O3 -ip -fp-model precise -w -ftz -align all -fno-alias -FR -convert big_endian    -I../dyn_em  -I/home/onishi/WRF/external/esmf_time_f90  -I/home/onishi/WRF/main -I/home/onishi/WRF/external/io_netcdf -I/home/onishi/WRF/external/io_int -I/home/onishi/WRF/frame -I/home/onishi/WRF/share -I/home/onishi/WRF/phys -I/home/onishi/WRF/wrftladj -I/home/onishi/WRF/chem -I/home/onishi/WRF/inc -I/home/onishi/NETCDF_DIR2//include  -real-size `expr 8 \* 4` -i4  module_cam_mp_conv_water.f90
0.07user 0.08system 0:00.18elapsed 88%CPU (0avgtext+0avgdata 48224maxresident)k
32inputs+160outputs (0major+7677minor)pagefaults 0swaps
rm -f module_data_cam_mam_asect.o
sed -e "s/^\!.*'.*//" -e "s/^ *\!.*'.*//" module_data_cam_mam_asect.F > module_data_cam_mam_asect.G
/lib/cpp -P -nostdinc -I/home/onishi/WRF/external/ioapi_share -I/home/onishi/WRF/inc -DEM_CORE=1 -DNMM_CORE=0 -DNMM_MAX_DIM=2600 -DDA_CORE=0 -DWRFPLUS=0 -DIWORDSIZE=4 -DDWORDSIZE=8 -DRWORDSIZE=4 -DLWORDSIZE=4 -DNONSTANDARD_SYSTEM_FUNC  -DWRF_USE_CLM -DUSE_NETCDF4_FEATURES -DWRFIO_NCD_LARGE_FILE_SUPPORT  -DDM_PARALLEL -DNETCDF -DGRIB2 -DHDF5 -DLANDREAD_STUB=1 -DUSE_ALLOCATABLES -Dwrfmodel -DGRIB1 -DINTIO -DKEEP_INT_AROUND -DLIMIT_ARGS -DBUILD_RRTMG_FAST=0 -DBUILD_RRTMK=0 -DBUILD_SBM_FAST=1 -DSHOW_ALL_VARS_USED=0 -DCONFIG_BUF_LEN=65536 -DMAX_DOMAINS_F=21 -DMAX_HISTORY=25 -DNMM_NEST=0 -DWRF_CHEM -DBUILD_CHEM=1 -DWRF_KPP -I. -traditional-cpp -DUSE_NETCDF4_FEATURES -DWRFIO_NCD_LARGE_FILE_SUPPORT   module_data_cam_mam_asect.G  > module_data_cam_mam_asect.bb
/home/onishi/WRF/tools/standard.exe module_data_cam_mam_asect.bb | /lib/cpp -P -nostdinc -I/home/onishi/WRF/external/ioapi_share -traditional-cpp -DUSE_NETCDF4_FEATURES -DWRFIO_NCD_LARGE_FILE_SUPPORT > module_data_cam_mam_asect.f90
rm -f module_data_cam_mam_asect.G module_data_cam_mam_asect.bb
time mpif90 -f90=ifort -o module_data_cam_mam_asect.o -c -O3 -ip -fp-model precise -w -ftz -align all -fno-alias -FR -convert big_endian    -I../dyn_em  -I/home/onishi/WRF/external/esmf_time_f90  -I/home/onishi/WRF/main -I/home/onishi/WRF/external/io_netcdf -I/home/onishi/WRF/external/io_int -I/home/onishi/WRF/frame -I/home/onishi/WRF/share -I/home/onishi/WRF/phys -I/home/onishi/WRF/wrftladj -I/home/onishi/WRF/chem -I/home/onishi/WRF/inc -I/home/onishi/NETCDF_DIR2//include  -real-size `expr 8 \* 4` -i4  module_data_cam_mam_asect.f90
0.02user 0.08system 0:00.12elapsed 88%CPU (0avgtext+0avgdata 38484maxresident)k
64inputs+128outputs (0major+6033minor)pagefaults 0swaps
rm -f module_bl_gfs.o
sed -e "s/^\!.*'.*//" -e "s/^ *\!.*'.*//" module_bl_gfs.F > module_bl_gfs.G
/lib/cpp -P -nostdinc -I/home/onishi/WRF/external/ioapi_share -I/home/onishi/WRF/inc -DEM_CORE=1 -DNMM_CORE=0 -DNMM_MAX_DIM=2600 -DDA_CORE=0 -DWRFPLUS=0 -DIWORDSIZE=4 -DDWORDSIZE=8 -DRWORDSIZE=4 -DLWORDSIZE=4 -DNONSTANDARD_SYSTEM_FUNC  -DWRF_USE_CLM -DUSE_NETCDF4_FEATURES -DWRFIO_NCD_LARGE_FILE_SUPPORT  -DDM_PARALLEL -DNETCDF -DGRIB2 -DHDF5 -DLANDREAD_STUB=1 -DUSE_ALLOCATABLES -Dwrfmodel -DGRIB1 -DINTIO -DKEEP_INT_AROUND -DLIMIT_ARGS -DBUILD_RRTMG_FAST=0 -DBUILD_RRTMK=0 -DBUILD_SBM_FAST=1 -DSHOW_ALL_VARS_USED=0 -DCONFIG_BUF_LEN=65536 -DMAX_DOMAINS_F=21 -DMAX_HISTORY=25 -DNMM_NEST=0 -DWRF_CHEM -DBUILD_CHEM=1 -DWRF_KPP -I. -traditional-cpp -DUSE_NETCDF4_FEATURES -DWRFIO_NCD_LARGE_FILE_SUPPORT   module_bl_gfs.G  > module_bl_gfs.bb
/home/onishi/WRF/tools/standard.exe module_bl_gfs.bb | /lib/cpp -P -nostdinc -I/home/onishi/WRF/external/ioapi_share -traditional-cpp -DUSE_NETCDF4_FEATURES -DWRFIO_NCD_LARGE_FILE_SUPPORT > module_bl_gfs.f90
rm -f module_bl_gfs.G module_bl_gfs.bb
time mpif90 -f90=ifort -o module_bl_gfs.o -c -O3 -ip -fp-model precise -w -ftz -align all -fno-alias -FR -convert big_endian    -I../dyn_em  -I/home/onishi/WRF/external/esmf_time_f90  -I/home/onishi/WRF/main -I/home/onishi/WRF/external/io_netcdf -I/home/onishi/WRF/external/io_int -I/home/onishi/WRF/frame -I/home/onishi/WRF/share -I/home/onishi/WRF/phys -I/home/onishi/WRF/wrftladj -I/home/onishi/WRF/chem -I/home/onishi/WRF/inc -I/home/onishi/NETCDF_DIR2//include  -real-size `expr 8 \* 4` -i4  module_bl_gfs.f90
4.59user 0.17system 0:04.79elapsed 99%CPU (0avgtext+0avgdata 138700maxresident)k
72inputs+952outputs (0major+35385minor)pagefaults 0swaps
rm -f module_bl_gfsedmf.o
sed -e "s/^\!.*'.*//" -e "s/^ *\!.*'.*//" module_bl_gfsedmf.F > module_bl_gfsedmf.G
/lib/cpp -P -nostdinc -I/home/onishi/WRF/external/ioapi_share -I/home/onishi/WRF/inc -DEM_CORE=1 -DNMM_CORE=0 -DNMM_MAX_DIM=2600 -DDA_CORE=0 -DWRFPLUS=0 -DIWORDSIZE=4 -DDWORDSIZE=8 -DRWORDSIZE=4 -DLWORDSIZE=4 -DNONSTANDARD_SYSTEM_FUNC  -DWRF_USE_CLM -DUSE_NETCDF4_FEATURES -DWRFIO_NCD_LARGE_FILE_SUPPORT  -DDM_PARALLEL -DNETCDF -DGRIB2 -DHDF5 -DLANDREAD_STUB=1 -DUSE_ALLOCATABLES -Dwrfmodel -DGRIB1 -DINTIO -DKEEP_INT_AROUND -DLIMIT_ARGS -DBUILD_RRTMG_FAST=0 -DBUILD_RRTMK=0 -DBUILD_SBM_FAST=1 -DSHOW_ALL_VARS_USED=0 -DCONFIG_BUF_LEN=65536 -DMAX_DOMAINS_F=21 -DMAX_HISTORY=25 -DNMM_NEST=0 -DWRF_CHEM -DBUILD_CHEM=1 -DWRF_KPP -I. -traditional-cpp -DUSE_NETCDF4_FEATURES -DWRFIO_NCD_LARGE_FILE_SUPPORT   module_bl_gfsedmf.G  > module_bl_gfsedmf.bb
/home/onishi/WRF/tools/standard.exe module_bl_gfsedmf.bb | /lib/cpp -P -nostdinc -I/home/onishi/WRF/external/ioapi_share -traditional-cpp -DUSE_NETCDF4_FEATURES -DWRFIO_NCD_LARGE_FILE_SUPPORT > module_bl_gfsedmf.f90
rm -f module_bl_gfsedmf.G module_bl_gfsedmf.bb
time mpif90 -f90=ifort -o module_bl_gfsedmf.o -c -O3 -ip -fp-model precise -w -ftz -align all -fno-alias -FR -convert big_endian    -I../dyn_em  -I/home/onishi/WRF/external/esmf_time_f90  -I/home/onishi/WRF/main -I/home/onishi/WRF/external/io_netcdf -I/home/onishi/WRF/external/io_int -I/home/onishi/WRF/frame -I/home/onishi/WRF/share -I/home/onishi/WRF/phys -I/home/onishi/WRF/wrftladj -I/home/onishi/WRF/chem -I/home/onishi/WRF/inc -I/home/onishi/NETCDF_DIR2//include  -real-size `expr 8 \* 4` -i4  module_bl_gfsedmf.f90
0.02user 0.08system 0:00.13elapsed 77%CPU (0avgtext+0avgdata 37364maxresident)k
8inputs+96outputs (0major+5940minor)pagefaults 0swaps
rm -f module_bl_mynn_wrapper.o
sed -e "s/^\!.*'.*//" -e "s/^ *\!.*'.*//" module_bl_mynn_wrapper.F > module_bl_mynn_wrapper.G
/lib/cpp -P -nostdinc -I/home/onishi/WRF/external/ioapi_share -I/home/onishi/WRF/inc -DEM_CORE=1 -DNMM_CORE=0 -DNMM_MAX_DIM=2600 -DDA_CORE=0 -DWRFPLUS=0 -DIWORDSIZE=4 -DDWORDSIZE=8 -DRWORDSIZE=4 -DLWORDSIZE=4 -DNONSTANDARD_SYSTEM_FUNC  -DWRF_USE_CLM -DUSE_NETCDF4_FEATURES -DWRFIO_NCD_LARGE_FILE_SUPPORT  -DDM_PARALLEL -DNETCDF -DGRIB2 -DHDF5 -DLANDREAD_STUB=1 -DUSE_ALLOCATABLES -Dwrfmodel -DGRIB1 -DINTIO -DKEEP_INT_AROUND -DLIMIT_ARGS -DBUILD_RRTMG_FAST=0 -DBUILD_RRTMK=0 -DBUILD_SBM_FAST=1 -DSHOW_ALL_VARS_USED=0 -DCONFIG_BUF_LEN=65536 -DMAX_DOMAINS_F=21 -DMAX_HISTORY=25 -DNMM_NEST=0 -DWRF_CHEM -DBUILD_CHEM=1 -DWRF_KPP -I. -traditional-cpp -DUSE_NETCDF4_FEATURES -DWRFIO_NCD_LARGE_FILE_SUPPORT   module_bl_mynn_wrapper.G  > module_bl_mynn_wrapper.bb
/home/onishi/WRF/tools/standard.exe module_bl_mynn_wrapper.bb | /lib/cpp -P -nostdinc -I/home/onishi/WRF/external/ioapi_share -traditional-cpp -DUSE_NETCDF4_FEATURES -DWRFIO_NCD_LARGE_FILE_SUPPORT > module_bl_mynn_wrapper.f90
rm -f module_bl_mynn_wrapper.G module_bl_mynn_wrapper.bb
time mpif90 -f90=ifort -o module_bl_mynn_wrapper.o -c -O3 -ip -fp-model precise -w -ftz -align all -fno-alias -FR -convert big_endian    -I../dyn_em  -I/home/onishi/WRF/external/esmf_time_f90  -I/home/onishi/WRF/main -I/home/onishi/WRF/external/io_netcdf -I/home/onishi/WRF/external/io_int -I/home/onishi/WRF/frame -I/home/onishi/WRF/share -I/home/onishi/WRF/phys -I/home/onishi/WRF/wrftladj -I/home/onishi/WRF/chem -I/home/onishi/WRF/inc -I/home/onishi/NETCDF_DIR2//include  -real-size `expr 8 \* 4` -i4  module_bl_mynn_wrapper.f90
5.68user 0.34system 0:06.04elapsed 99%CPU (0avgtext+0avgdata 237964maxresident)k
456inputs+1184outputs (0major+65271minor)pagefaults 0swaps
rm -f module_cu_tiedtke.o
sed -e "s/^\!.*'.*//" -e "s/^ *\!.*'.*//" module_cu_tiedtke.F > module_cu_tiedtke.G
/lib/cpp -P -nostdinc -I/home/onishi/WRF/external/ioapi_share -I/home/onishi/WRF/inc -DEM_CORE=1 -DNMM_CORE=0 -DNMM_MAX_DIM=2600 -DDA_CORE=0 -DWRFPLUS=0 -DIWORDSIZE=4 -DDWORDSIZE=8 -DRWORDSIZE=4 -DLWORDSIZE=4 -DNONSTANDARD_SYSTEM_FUNC  -DWRF_USE_CLM -DUSE_NETCDF4_FEATURES -DWRFIO_NCD_LARGE_FILE_SUPPORT  -DDM_PARALLEL -DNETCDF -DGRIB2 -DHDF5 -DLANDREAD_STUB=1 -DUSE_ALLOCATABLES -Dwrfmodel -DGRIB1 -DINTIO -DKEEP_INT_AROUND -DLIMIT_ARGS -DBUILD_RRTMG_FAST=0 -DBUILD_RRTMK=0 -DBUILD_SBM_FAST=1 -DSHOW_ALL_VARS_USED=0 -DCONFIG_BUF_LEN=65536 -DMAX_DOMAINS_F=21 -DMAX_HISTORY=25 -DNMM_NEST=0 -DWRF_CHEM -DBUILD_CHEM=1 -DWRF_KPP -I. -traditional-cpp -DUSE_NETCDF4_FEATURES -DWRFIO_NCD_LARGE_FILE_SUPPORT   module_cu_tiedtke.G  > module_cu_tiedtke.bb
/home/onishi/WRF/tools/standard.exe module_cu_tiedtke.bb | /lib/cpp -P -nostdinc -I/home/onishi/WRF/external/ioapi_share -traditional-cpp -DUSE_NETCDF4_FEATURES -DWRFIO_NCD_LARGE_FILE_SUPPORT > module_cu_tiedtke.f90
rm -f module_cu_tiedtke.G module_cu_tiedtke.bb
time mpif90 -f90=ifort -o module_cu_tiedtke.o -c -O3 -ip -fp-model precise -w -ftz -align all -fno-alias -FR -convert big_endian    -I../dyn_em  -I/home/onishi/WRF/external/esmf_time_f90  -I/home/onishi/WRF/main -I/home/onishi/WRF/external/io_netcdf -I/home/onishi/WRF/external/io_int -I/home/onishi/WRF/frame -I/home/onishi/WRF/share -I/home/onishi/WRF/phys -I/home/onishi/WRF/wrftladj -I/home/onishi/WRF/chem -I/home/onishi/WRF/inc -I/home/onishi/NETCDF_DIR2//include  -real-size `expr 8 \* 4` -i4  module_cu_tiedtke.f90
5.17user 0.18system 0:05.39elapsed 99%CPU (0avgtext+0avgdata 115704maxresident)k
160inputs+1936outputs (0major+30412minor)pagefaults 0swaps
rm -f module_cu_gf_deep.o
sed -e "s/^\!.*'.*//" -e "s/^ *\!.*'.*//" module_cu_gf_deep.F > module_cu_gf_deep.G
/lib/cpp -P -nostdinc -I/home/onishi/WRF/external/ioapi_share -I/home/onishi/WRF/inc -DEM_CORE=1 -DNMM_CORE=0 -DNMM_MAX_DIM=2600 -DDA_CORE=0 -DWRFPLUS=0 -DIWORDSIZE=4 -DDWORDSIZE=8 -DRWORDSIZE=4 -DLWORDSIZE=4 -DNONSTANDARD_SYSTEM_FUNC  -DWRF_USE_CLM -DUSE_NETCDF4_FEATURES -DWRFIO_NCD_LARGE_FILE_SUPPORT  -DDM_PARALLEL -DNETCDF -DGRIB2 -DHDF5 -DLANDREAD_STUB=1 -DUSE_ALLOCATABLES -Dwrfmodel -DGRIB1 -DINTIO -DKEEP_INT_AROUND -DLIMIT_ARGS -DBUILD_RRTMG_FAST=0 -DBUILD_RRTMK=0 -DBUILD_SBM_FAST=1 -DSHOW_ALL_VARS_USED=0 -DCONFIG_BUF_LEN=65536 -DMAX_DOMAINS_F=21 -DMAX_HISTORY=25 -DNMM_NEST=0 -DWRF_CHEM -DBUILD_CHEM=1 -DWRF_KPP -I. -traditional-cpp -DUSE_NETCDF4_FEATURES -DWRFIO_NCD_LARGE_FILE_SUPPORT   module_cu_gf_deep.G  > module_cu_gf_deep.bb
/home/onishi/WRF/tools/standard.exe module_cu_gf_deep.bb | /lib/cpp -P -nostdinc -I/home/onishi/WRF/external/ioapi_share -traditional-cpp -DUSE_NETCDF4_FEATURES -DWRFIO_NCD_LARGE_FILE_SUPPORT > module_cu_gf_deep.f90
rm -f module_cu_gf_deep.G module_cu_gf_deep.bb
time mpif90 -f90=ifort -o module_cu_gf_deep.o -c -O3 -ip -fp-model precise -w -ftz -align all -fno-alias -FR -convert big_endian    -I../dyn_em  -I/home/onishi/WRF/external/esmf_time_f90  -I/home/onishi/WRF/main -I/home/onishi/WRF/external/io_netcdf -I/home/onishi/WRF/external/io_int -I/home/onishi/WRF/frame -I/home/onishi/WRF/share -I/home/onishi/WRF/phys -I/home/onishi/WRF/wrftladj -I/home/onishi/WRF/chem -I/home/onishi/WRF/inc -I/home/onishi/NETCDF_DIR2//include  -real-size `expr 8 \* 4` -i4  module_cu_gf_deep.f90
9.90user 0.38system 0:10.32elapsed 99%CPU (0avgtext+0avgdata 238728maxresident)k
352inputs+3016outputs (0major+72762minor)pagefaults 0swaps
rm -f module_ra_rrtmg_sw.o
sed -e "s/^\!.*'.*//" -e "s/^ *\!.*'.*//" module_ra_rrtmg_sw.F > module_ra_rrtmg_sw.G
/lib/cpp -P -nostdinc -I/home/onishi/WRF/external/ioapi_share -I/home/onishi/WRF/inc -DEM_CORE=1 -DNMM_CORE=0 -DNMM_MAX_DIM=2600 -DDA_CORE=0 -DWRFPLUS=0 -DIWORDSIZE=4 -DDWORDSIZE=8 -DRWORDSIZE=4 -DLWORDSIZE=4 -DNONSTANDARD_SYSTEM_FUNC  -DWRF_USE_CLM -DUSE_NETCDF4_FEATURES -DWRFIO_NCD_LARGE_FILE_SUPPORT  -DDM_PARALLEL -DNETCDF -DGRIB2 -DHDF5 -DLANDREAD_STUB=1 -DUSE_ALLOCATABLES -Dwrfmodel -DGRIB1 -DINTIO -DKEEP_INT_AROUND -DLIMIT_ARGS -DBUILD_RRTMG_FAST=0 -DBUILD_RRTMK=0 -DBUILD_SBM_FAST=1 -DSHOW_ALL_VARS_USED=0 -DCONFIG_BUF_LEN=65536 -DMAX_DOMAINS_F=21 -DMAX_HISTORY=25 -DNMM_NEST=0 -DWRF_CHEM -DBUILD_CHEM=1 -DWRF_KPP -I. -traditional-cpp -DUSE_NETCDF4_FEATURES -DWRFIO_NCD_LARGE_FILE_SUPPORT   module_ra_rrtmg_sw.G  > module_ra_rrtmg_sw.bb
/home/onishi/WRF/tools/standard.exe module_ra_rrtmg_sw.bb | /lib/cpp -P -nostdinc -I/home/onishi/WRF/external/ioapi_share -traditional-cpp -DUSE_NETCDF4_FEATURES -DWRFIO_NCD_LARGE_FILE_SUPPORT > module_ra_rrtmg_sw.f90
rm -f module_ra_rrtmg_sw.G module_ra_rrtmg_sw.bb
time mpif90 -f90=ifort -o module_ra_rrtmg_sw.o -c -O3 -ip -fp-model precise -w -ftz -align all -fno-alias -FR -convert big_endian    -I../dyn_em  -I/home/onishi/WRF/external/esmf_time_f90  -I/home/onishi/WRF/main -I/home/onishi/WRF/external/io_netcdf -I/home/onishi/WRF/external/io_int -I/home/onishi/WRF/frame -I/home/onishi/WRF/share -I/home/onishi/WRF/phys -I/home/onishi/WRF/wrftladj -I/home/onishi/WRF/chem -I/home/onishi/WRF/inc -I/home/onishi/NETCDF_DIR2//include  -real-size `expr 8 \* 4` -i4  module_ra_rrtmg_sw.f90
104.58user 0.82system 1:45.51elapsed 99%CPU (0avgtext+0avgdata 361048maxresident)k
1520inputs+7072outputs (0major+105569minor)pagefaults 0swaps
rm -f module_ra_cam.o
sed -e "s/^\!.*'.*//" -e "s/^ *\!.*'.*//" module_ra_cam.F > module_ra_cam.G
/lib/cpp -P -nostdinc -I/home/onishi/WRF/external/ioapi_share -I/home/onishi/WRF/inc -DEM_CORE=1 -DNMM_CORE=0 -DNMM_MAX_DIM=2600 -DDA_CORE=0 -DWRFPLUS=0 -DIWORDSIZE=4 -DDWORDSIZE=8 -DRWORDSIZE=4 -DLWORDSIZE=4 -DNONSTANDARD_SYSTEM_FUNC  -DWRF_USE_CLM -DUSE_NETCDF4_FEATURES -DWRFIO_NCD_LARGE_FILE_SUPPORT  -DDM_PARALLEL -DNETCDF -DGRIB2 -DHDF5 -DLANDREAD_STUB=1 -DUSE_ALLOCATABLES -Dwrfmodel -DGRIB1 -DINTIO -DKEEP_INT_AROUND -DLIMIT_ARGS -DBUILD_RRTMG_FAST=0 -DBUILD_RRTMK=0 -DBUILD_SBM_FAST=1 -DSHOW_ALL_VARS_USED=0 -DCONFIG_BUF_LEN=65536 -DMAX_DOMAINS_F=21 -DMAX_HISTORY=25 -DNMM_NEST=0 -DWRF_CHEM -DBUILD_CHEM=1 -DWRF_KPP -I. -traditional-cpp -DUSE_NETCDF4_FEATURES -DWRFIO_NCD_LARGE_FILE_SUPPORT   module_ra_cam.G  > module_ra_cam.bb
/home/onishi/WRF/tools/standard.exe module_ra_cam.bb | /lib/cpp -P -nostdinc -I/home/onishi/WRF/external/ioapi_share -traditional-cpp -DUSE_NETCDF4_FEATURES -DWRFIO_NCD_LARGE_FILE_SUPPORT > module_ra_cam.f90
rm -f module_ra_cam.G module_ra_cam.bb
time mpif90 -f90=ifort -o module_ra_cam.o -c -O3 -ip -fp-model precise -w -ftz -align all -fno-alias -FR -convert big_endian    -I../dyn_em  -I/home/onishi/WRF/external/esmf_time_f90  -I/home/onishi/WRF/main -I/home/onishi/WRF/external/io_netcdf -I/home/onishi/WRF/external/io_int -I/home/onishi/WRF/frame -I/home/onishi/WRF/share -I/home/onishi/WRF/phys -I/home/onishi/WRF/wrftladj -I/home/onishi/WRF/chem -I/home/onishi/WRF/inc -I/home/onishi/NETCDF_DIR2//include  -real-size `expr 8 \* 4` -i4  module_ra_cam.f90
16.28user 0.39system 0:16.72elapsed 99%CPU (0avgtext+0avgdata 212452maxresident)k
1336inputs+4880outputs (0major+61816minor)pagefaults 0swaps
rm -f module_madwrf.o
sed -e "s/^\!.*'.*//" -e "s/^ *\!.*'.*//" module_madwrf.F > module_madwrf.G
/lib/cpp -P -nostdinc -I/home/onishi/WRF/external/ioapi_share -I/home/onishi/WRF/inc -DEM_CORE=1 -DNMM_CORE=0 -DNMM_MAX_DIM=2600 -DDA_CORE=0 -DWRFPLUS=0 -DIWORDSIZE=4 -DDWORDSIZE=8 -DRWORDSIZE=4 -DLWORDSIZE=4 -DNONSTANDARD_SYSTEM_FUNC  -DWRF_USE_CLM -DUSE_NETCDF4_FEATURES -DWRFIO_NCD_LARGE_FILE_SUPPORT  -DDM_PARALLEL -DNETCDF -DGRIB2 -DHDF5 -DLANDREAD_STUB=1 -DUSE_ALLOCATABLES -Dwrfmodel -DGRIB1 -DINTIO -DKEEP_INT_AROUND -DLIMIT_ARGS -DBUILD_RRTMG_FAST=0 -DBUILD_RRTMK=0 -DBUILD_SBM_FAST=1 -DSHOW_ALL_VARS_USED=0 -DCONFIG_BUF_LEN=65536 -DMAX_DOMAINS_F=21 -DMAX_HISTORY=25 -DNMM_NEST=0 -DWRF_CHEM -DBUILD_CHEM=1 -DWRF_KPP -I. -traditional-cpp -DUSE_NETCDF4_FEATURES -DWRFIO_NCD_LARGE_FILE_SUPPORT   module_madwrf.G  > module_madwrf.bb
/home/onishi/WRF/tools/standard.exe module_madwrf.bb | /lib/cpp -P -nostdinc -I/home/onishi/WRF/external/ioapi_share -traditional-cpp -DUSE_NETCDF4_FEATURES -DWRFIO_NCD_LARGE_FILE_SUPPORT > module_madwrf.f90
rm -f module_madwrf.G module_madwrf.bb
time mpif90 -f90=ifort -o module_madwrf.o -c -O3 -ip -fp-model precise -w -ftz -align all -fno-alias -FR -convert big_endian    -I../dyn_em  -I/home/onishi/WRF/external/esmf_time_f90  -I/home/onishi/WRF/main -I/home/onishi/WRF/external/io_netcdf -I/home/onishi/WRF/external/io_int -I/home/onishi/WRF/frame -I/home/onishi/WRF/share -I/home/onishi/WRF/phys -I/home/onishi/WRF/wrftladj -I/home/onishi/WRF/chem -I/home/onishi/WRF/inc -I/home/onishi/NETCDF_DIR2//include  -real-size `expr 8 \* 4` -i4  module_madwrf.f90
1.12user 0.13system 0:01.29elapsed 96%CPU (0avgtext+0avgdata 78856maxresident)k
400inputs+736outputs (0major+16376minor)pagefaults 0swaps
rm -f physics_mmm/mp_wsm6_effectRad.o
sed -e "s/^\!.*'.*//" -e "s/^ *\!.*'.*//" physics_mmm/mp_wsm6_effectRad.F90 > physics_mmm/mp_wsm6_effectRad.G
/lib/cpp -P -nostdinc -I/home/onishi/WRF/external/ioapi_share -I/home/onishi/WRF/inc -DEM_CORE=1 -DNMM_CORE=0 -DNMM_MAX_DIM=2600 -DDA_CORE=0 -DWRFPLUS=0 -DIWORDSIZE=4 -DDWORDSIZE=8 -DRWORDSIZE=4 -DLWORDSIZE=4 -DNONSTANDARD_SYSTEM_FUNC  -DWRF_USE_CLM -DUSE_NETCDF4_FEATURES -DWRFIO_NCD_LARGE_FILE_SUPPORT  -DDM_PARALLEL -DNETCDF -DGRIB2 -DHDF5 -DLANDREAD_STUB=1 -DUSE_ALLOCATABLES -Dwrfmodel -DGRIB1 -DINTIO -DKEEP_INT_AROUND -DLIMIT_ARGS -DBUILD_RRTMG_FAST=0 -DBUILD_RRTMK=0 -DBUILD_SBM_FAST=1 -DSHOW_ALL_VARS_USED=0 -DCONFIG_BUF_LEN=65536 -DMAX_DOMAINS_F=21 -DMAX_HISTORY=25 -DNMM_NEST=0 -DWRF_CHEM -DBUILD_CHEM=1 -DWRF_KPP -I. -traditional-cpp -DUSE_NETCDF4_FEATURES -DWRFIO_NCD_LARGE_FILE_SUPPORT   physics_mmm/mp_wsm6_effectRad.G  > physics_mmm/mp_wsm6_effectRad.bb
/home/onishi/WRF/tools/standard.exe physics_mmm/mp_wsm6_effectRad.bb | /lib/cpp -P -nostdinc -I/home/onishi/WRF/external/ioapi_share -traditional-cpp -DUSE_NETCDF4_FEATURES -DWRFIO_NCD_LARGE_FILE_SUPPORT > physics_mmm/mp_wsm6_effectRad.f90
rm -f physics_mmm/mp_wsm6_effectRad.G physics_mmm/mp_wsm6_effectRad.bb
time mpif90 -f90=ifort -o physics_mmm/mp_wsm6_effectRad.o -c -O3 -ip -fp-model precise -w -ftz -align all -fno-alias -FR -convert big_endian    -I../dyn_em  -I/home/onishi/WRF/external/esmf_time_f90  -I/home/onishi/WRF/main -I/home/onishi/WRF/external/io_netcdf -I/home/onishi/WRF/external/io_int -I/home/onishi/WRF/frame -I/home/onishi/WRF/share -I/home/onishi/WRF/phys -I/home/onishi/WRF/wrftladj -I/home/onishi/WRF/chem -I/home/onishi/WRF/inc -I/home/onishi/NETCDF_DIR2//include  -real-size `expr 8 \* 4` -i4  physics_mmm/mp_wsm6_effectRad.f90
0.31user 0.10system 0:00.45elapsed 92%CPU (0avgtext+0avgdata 64096maxresident)k
48inputs+200outputs (0major+12078minor)pagefaults 0swaps
rm -f module_sf_noahlsm_glacial_only.o
sed -e "s/^\!.*'.*//" -e "s/^ *\!.*'.*//" module_sf_noahlsm_glacial_only.F > module_sf_noahlsm_glacial_only.G
/lib/cpp -P -nostdinc -I/home/onishi/WRF/external/ioapi_share -I/home/onishi/WRF/inc -DEM_CORE=1 -DNMM_CORE=0 -DNMM_MAX_DIM=2600 -DDA_CORE=0 -DWRFPLUS=0 -DIWORDSIZE=4 -DDWORDSIZE=8 -DRWORDSIZE=4 -DLWORDSIZE=4 -DNONSTANDARD_SYSTEM_FUNC  -DWRF_USE_CLM -DUSE_NETCDF4_FEATURES -DWRFIO_NCD_LARGE_FILE_SUPPORT  -DDM_PARALLEL -DNETCDF -DGRIB2 -DHDF5 -DLANDREAD_STUB=1 -DUSE_ALLOCATABLES -Dwrfmodel -DGRIB1 -DINTIO -DKEEP_INT_AROUND -DLIMIT_ARGS -DBUILD_RRTMG_FAST=0 -DBUILD_RRTMK=0 -DBUILD_SBM_FAST=1 -DSHOW_ALL_VARS_USED=0 -DCONFIG_BUF_LEN=65536 -DMAX_DOMAINS_F=21 -DMAX_HISTORY=25 -DNMM_NEST=0 -DWRF_CHEM -DBUILD_CHEM=1 -DWRF_KPP -I. -traditional-cpp -DUSE_NETCDF4_FEATURES -DWRFIO_NCD_LARGE_FILE_SUPPORT   module_sf_noahlsm_glacial_only.G  > module_sf_noahlsm_glacial_only.bb
/home/onishi/WRF/tools/standard.exe module_sf_noahlsm_glacial_only.bb | /lib/cpp -P -nostdinc -I/home/onishi/WRF/external/ioapi_share -traditional-cpp -DUSE_NETCDF4_FEATURES -DWRFIO_NCD_LARGE_FILE_SUPPORT > module_sf_noahlsm_glacial_only.f90
rm -f module_sf_noahlsm_glacial_only.G module_sf_noahlsm_glacial_only.bb
time mpif90 -f90=ifort -o module_sf_noahlsm_glacial_only.o -c -O3 -ip -fp-model precise -w -ftz -align all -fno-alias -FR -convert big_endian    -I../dyn_em  -I/home/onishi/WRF/external/esmf_time_f90  -I/home/onishi/WRF/main -I/home/onishi/WRF/external/io_netcdf -I/home/onishi/WRF/external/io_int -I/home/onishi/WRF/frame -I/home/onishi/WRF/share -I/home/onishi/WRF/phys -I/home/onishi/WRF/wrftladj -I/home/onishi/WRF/chem -I/home/onishi/WRF/inc -I/home/onishi/NETCDF_DIR2//include  -real-size `expr 8 \* 4` -i4  module_sf_noahlsm_glacial_only.f90
0.41user 0.10system 0:00.53elapsed 96%CPU (0avgtext+0avgdata 56592maxresident)k
40inputs+320outputs (0major+10169minor)pagefaults 0swaps
rm -f module_sf_noahmpdrv.o
sed -e "s/^\!.*'.*//" -e "s/^ *\!.*'.*//" module_sf_noahmpdrv.F > module_sf_noahmpdrv.G
/lib/cpp -P -nostdinc -I/home/onishi/WRF/external/ioapi_share -I/home/onishi/WRF/inc -DEM_CORE=1 -DNMM_CORE=0 -DNMM_MAX_DIM=2600 -DDA_CORE=0 -DWRFPLUS=0 -DIWORDSIZE=4 -DDWORDSIZE=8 -DRWORDSIZE=4 -DLWORDSIZE=4 -DNONSTANDARD_SYSTEM_FUNC  -DWRF_USE_CLM -DUSE_NETCDF4_FEATURES -DWRFIO_NCD_LARGE_FILE_SUPPORT  -DDM_PARALLEL -DNETCDF -DGRIB2 -DHDF5 -DLANDREAD_STUB=1 -DUSE_ALLOCATABLES -Dwrfmodel -DGRIB1 -DINTIO -DKEEP_INT_AROUND -DLIMIT_ARGS -DBUILD_RRTMG_FAST=0 -DBUILD_RRTMK=0 -DBUILD_SBM_FAST=1 -DSHOW_ALL_VARS_USED=0 -DCONFIG_BUF_LEN=65536 -DMAX_DOMAINS_F=21 -DMAX_HISTORY=25 -DNMM_NEST=0 -DWRF_CHEM -DBUILD_CHEM=1 -DWRF_KPP -I. -traditional-cpp -DUSE_NETCDF4_FEATURES -DWRFIO_NCD_LARGE_FILE_SUPPORT   module_sf_noahmpdrv.G  > module_sf_noahmpdrv.bb
/home/onishi/WRF/tools/standard.exe module_sf_noahmpdrv.bb | /lib/cpp -P -nostdinc -I/home/onishi/WRF/external/ioapi_share -traditional-cpp -DUSE_NETCDF4_FEATURES -DWRFIO_NCD_LARGE_FILE_SUPPORT > module_sf_noahmpdrv.f90
rm -f module_sf_noahmpdrv.G module_sf_noahmpdrv.bb
time mpif90 -f90=ifort -o module_sf_noahmpdrv.o -c -O3 -ip -fp-model precise -w -ftz -align all -fno-alias -FR -convert big_endian    -I../dyn_em  -I/home/onishi/WRF/external/esmf_time_f90  -I/home/onishi/WRF/main -I/home/onishi/WRF/external/io_netcdf -I/home/onishi/WRF/external/io_int -I/home/onishi/WRF/frame -I/home/onishi/WRF/share -I/home/onishi/WRF/phys -I/home/onishi/WRF/wrftladj -I/home/onishi/WRF/chem -I/home/onishi/WRF/inc -I/home/onishi/NETCDF_DIR2//include  -real-size `expr 8 \* 4` -i4  module_sf_noahmpdrv.f90
9.28user 1.01system 0:10.35elapsed 99%CPU (0avgtext+0avgdata 539592maxresident)k
576inputs+5808outputs (0major+144544minor)pagefaults 0swaps
rm -f module_diag_afwa.o
sed -e "s/^\!.*'.*//" -e "s/^ *\!.*'.*//" module_diag_afwa.F > module_diag_afwa.G
/lib/cpp -P -nostdinc -I/home/onishi/WRF/external/ioapi_share -I/home/onishi/WRF/inc -DEM_CORE=1 -DNMM_CORE=0 -DNMM_MAX_DIM=2600 -DDA_CORE=0 -DWRFPLUS=0 -DIWORDSIZE=4 -DDWORDSIZE=8 -DRWORDSIZE=4 -DLWORDSIZE=4 -DNONSTANDARD_SYSTEM_FUNC  -DWRF_USE_CLM -DUSE_NETCDF4_FEATURES -DWRFIO_NCD_LARGE_FILE_SUPPORT  -DDM_PARALLEL -DNETCDF -DGRIB2 -DHDF5 -DLANDREAD_STUB=1 -DUSE_ALLOCATABLES -Dwrfmodel -DGRIB1 -DINTIO -DKEEP_INT_AROUND -DLIMIT_ARGS -DBUILD_RRTMG_FAST=0 -DBUILD_RRTMK=0 -DBUILD_SBM_FAST=1 -DSHOW_ALL_VARS_USED=0 -DCONFIG_BUF_LEN=65536 -DMAX_DOMAINS_F=21 -DMAX_HISTORY=25 -DNMM_NEST=0 -DWRF_CHEM -DBUILD_CHEM=1 -DWRF_KPP -I. -traditional-cpp -DUSE_NETCDF4_FEATURES -DWRFIO_NCD_LARGE_FILE_SUPPORT   module_diag_afwa.G  > module_diag_afwa.bb
/home/onishi/WRF/tools/standard.exe module_diag_afwa.bb | /lib/cpp -P -nostdinc -I/home/onishi/WRF/external/ioapi_share -traditional-cpp -DUSE_NETCDF4_FEATURES -DWRFIO_NCD_LARGE_FILE_SUPPORT > module_diag_afwa.f90
rm -f module_diag_afwa.G module_diag_afwa.bb
time mpif90 -f90=ifort -o module_diag_afwa.o -c -O3 -ip -fp-model precise -w -ftz -align all -fno-alias -FR -convert big_endian    -I../dyn_em  -I/home/onishi/WRF/external/esmf_time_f90  -I/home/onishi/WRF/main -I/home/onishi/WRF/external/io_netcdf -I/home/onishi/WRF/external/io_int -I/home/onishi/WRF/frame -I/home/onishi/WRF/share -I/home/onishi/WRF/phys -I/home/onishi/WRF/wrftladj -I/home/onishi/WRF/chem -I/home/onishi/WRF/inc -I/home/onishi/NETCDF_DIR2//include  -real-size `expr 8 \* 4` -i4  module_diag_afwa.f90
5.40user 0.27system 0:05.72elapsed 99%CPU (0avgtext+0avgdata 186220maxresident)k
184inputs+5904outputs (0major+45337minor)pagefaults 0swaps
rm -f module_fr_fire_core.o
sed -e "s/^\!.*'.*//" -e "s/^ *\!.*'.*//" module_fr_fire_core.F > module_fr_fire_core.G
/lib/cpp -P -nostdinc -I/home/onishi/WRF/external/ioapi_share -I/home/onishi/WRF/inc -DEM_CORE=1 -DNMM_CORE=0 -DNMM_MAX_DIM=2600 -DDA_CORE=0 -DWRFPLUS=0 -DIWORDSIZE=4 -DDWORDSIZE=8 -DRWORDSIZE=4 -DLWORDSIZE=4 -DNONSTANDARD_SYSTEM_FUNC  -DWRF_USE_CLM -DUSE_NETCDF4_FEATURES -DWRFIO_NCD_LARGE_FILE_SUPPORT  -DDM_PARALLEL -DNETCDF -DGRIB2 -DHDF5 -DLANDREAD_STUB=1 -DUSE_ALLOCATABLES -Dwrfmodel -DGRIB1 -DINTIO -DKEEP_INT_AROUND -DLIMIT_ARGS -DBUILD_RRTMG_FAST=0 -DBUILD_RRTMK=0 -DBUILD_SBM_FAST=1 -DSHOW_ALL_VARS_USED=0 -DCONFIG_BUF_LEN=65536 -DMAX_DOMAINS_F=21 -DMAX_HISTORY=25 -DNMM_NEST=0 -DWRF_CHEM -DBUILD_CHEM=1 -DWRF_KPP -I. -traditional-cpp -DUSE_NETCDF4_FEATURES -DWRFIO_NCD_LARGE_FILE_SUPPORT   module_fr_fire_core.G  > module_fr_fire_core.bb
/home/onishi/WRF/tools/standard.exe module_fr_fire_core.bb | /lib/cpp -P -nostdinc -I/home/onishi/WRF/external/ioapi_share -traditional-cpp -DUSE_NETCDF4_FEATURES -DWRFIO_NCD_LARGE_FILE_SUPPORT > module_fr_fire_core.f90
rm -f module_fr_fire_core.G module_fr_fire_core.bb
time mpif90 -f90=ifort -o module_fr_fire_core.o -c -O3 -ip -fp-model precise -w -ftz -align all -fno-alias -FR -convert big_endian    -I../dyn_em  -I/home/onishi/WRF/external/esmf_time_f90  -I/home/onishi/WRF/main -I/home/onishi/WRF/external/io_netcdf -I/home/onishi/WRF/external/io_int -I/home/onishi/WRF/frame -I/home/onishi/WRF/share -I/home/onishi/WRF/phys -I/home/onishi/WRF/wrftladj -I/home/onishi/WRF/chem -I/home/onishi/WRF/inc -I/home/onishi/NETCDF_DIR2//include  -real-size `expr 8 \* 4` -i4  module_fr_fire_core.f90
4.00user 1.18system 0:05.23elapsed 99%CPU (0avgtext+0avgdata 481340maxresident)k
168inputs+6856outputs (0major+119393minor)pagefaults 0swaps
rm -f module_cam_gffgch.o
sed -e "s/^\!.*'.*//" -e "s/^ *\!.*'.*//" module_cam_gffgch.F > module_cam_gffgch.G
/lib/cpp -P -nostdinc -I/home/onishi/WRF/external/ioapi_share -I/home/onishi/WRF/inc -DEM_CORE=1 -DNMM_CORE=0 -DNMM_MAX_DIM=2600 -DDA_CORE=0 -DWRFPLUS=0 -DIWORDSIZE=4 -DDWORDSIZE=8 -DRWORDSIZE=4 -DLWORDSIZE=4 -DNONSTANDARD_SYSTEM_FUNC  -DWRF_USE_CLM -DUSE_NETCDF4_FEATURES -DWRFIO_NCD_LARGE_FILE_SUPPORT  -DDM_PARALLEL -DNETCDF -DGRIB2 -DHDF5 -DLANDREAD_STUB=1 -DUSE_ALLOCATABLES -Dwrfmodel -DGRIB1 -DINTIO -DKEEP_INT_AROUND -DLIMIT_ARGS -DBUILD_RRTMG_FAST=0 -DBUILD_RRTMK=0 -DBUILD_SBM_FAST=1 -DSHOW_ALL_VARS_USED=0 -DCONFIG_BUF_LEN=65536 -DMAX_DOMAINS_F=21 -DMAX_HISTORY=25 -DNMM_NEST=0 -DWRF_CHEM -DBUILD_CHEM=1 -DWRF_KPP -I. -traditional-cpp -DUSE_NETCDF4_FEATURES -DWRFIO_NCD_LARGE_FILE_SUPPORT   module_cam_gffgch.G  > module_cam_gffgch.bb
/home/onishi/WRF/tools/standard.exe module_cam_gffgch.bb | /lib/cpp -P -nostdinc -I/home/onishi/WRF/external/ioapi_share -traditional-cpp -DUSE_NETCDF4_FEATURES -DWRFIO_NCD_LARGE_FILE_SUPPORT > module_cam_gffgch.f90
rm -f module_cam_gffgch.G module_cam_gffgch.bb
time mpif90 -f90=ifort -o module_cam_gffgch.o -c -O3 -ip -fp-model precise -w -ftz -align all -fno-alias -FR -convert big_endian    -I../dyn_em  -I/home/onishi/WRF/external/esmf_time_f90  -I/home/onishi/WRF/main -I/home/onishi/WRF/external/io_netcdf -I/home/onishi/WRF/external/io_int -I/home/onishi/WRF/frame -I/home/onishi/WRF/share -I/home/onishi/WRF/phys -I/home/onishi/WRF/wrftladj -I/home/onishi/WRF/chem -I/home/onishi/WRF/inc -I/home/onishi/NETCDF_DIR2//include  -real-size `expr 8 \* 4` -i4  module_cam_gffgch.f90
0.03user 0.08system 0:00.15elapsed 79%CPU (0avgtext+0avgdata 40948maxresident)k
8inputs+120outputs (0major+6340minor)pagefaults 0swaps
rm -f module_cam_constituents.o
sed -e "s/^\!.*'.*//" -e "s/^ *\!.*'.*//" module_cam_constituents.F > module_cam_constituents.G
/lib/cpp -P -nostdinc -I/home/onishi/WRF/external/ioapi_share -I/home/onishi/WRF/inc -DEM_CORE=1 -DNMM_CORE=0 -DNMM_MAX_DIM=2600 -DDA_CORE=0 -DWRFPLUS=0 -DIWORDSIZE=4 -DDWORDSIZE=8 -DRWORDSIZE=4 -DLWORDSIZE=4 -DNONSTANDARD_SYSTEM_FUNC  -DWRF_USE_CLM -DUSE_NETCDF4_FEATURES -DWRFIO_NCD_LARGE_FILE_SUPPORT  -DDM_PARALLEL -DNETCDF -DGRIB2 -DHDF5 -DLANDREAD_STUB=1 -DUSE_ALLOCATABLES -Dwrfmodel -DGRIB1 -DINTIO -DKEEP_INT_AROUND -DLIMIT_ARGS -DBUILD_RRTMG_FAST=0 -DBUILD_RRTMK=0 -DBUILD_SBM_FAST=1 -DSHOW_ALL_VARS_USED=0 -DCONFIG_BUF_LEN=65536 -DMAX_DOMAINS_F=21 -DMAX_HISTORY=25 -DNMM_NEST=0 -DWRF_CHEM -DBUILD_CHEM=1 -DWRF_KPP -I. -traditional-cpp -DUSE_NETCDF4_FEATURES -DWRFIO_NCD_LARGE_FILE_SUPPORT   module_cam_constituents.G  > module_cam_constituents.bb
/home/onishi/WRF/tools/standard.exe module_cam_constituents.bb | /lib/cpp -P -nostdinc -I/home/onishi/WRF/external/ioapi_share -traditional-cpp -DUSE_NETCDF4_FEATURES -DWRFIO_NCD_LARGE_FILE_SUPPORT > module_cam_constituents.f90
rm -f module_cam_constituents.G module_cam_constituents.bb
time mpif90 -f90=ifort -o module_cam_constituents.o -c -O3 -ip -fp-model precise -w -ftz -align all -fno-alias -FR -convert big_endian    -I../dyn_em  -I/home/onishi/WRF/external/esmf_time_f90  -I/home/onishi/WRF/main -I/home/onishi/WRF/external/io_netcdf -I/home/onishi/WRF/external/io_int -I/home/onishi/WRF/frame -I/home/onishi/WRF/share -I/home/onishi/WRF/phys -I/home/onishi/WRF/wrftladj -I/home/onishi/WRF/chem -I/home/onishi/WRF/inc -I/home/onishi/NETCDF_DIR2//include  -real-size `expr 8 \* 4` -i4  module_cam_constituents.f90
0.10user 0.09system 0:00.22elapsed 92%CPU (0avgtext+0avgdata 47784maxresident)k
16inputs+256outputs (0major+7575minor)pagefaults 0swaps
rm -f module_cam_mp_modal_aero_initialize_data_phys.o
sed -e "s/^\!.*'.*//" -e "s/^ *\!.*'.*//" module_cam_mp_modal_aero_initialize_data_phys.F > module_cam_mp_modal_aero_initialize_data_phys.G
/lib/cpp -P -nostdinc -I/home/onishi/WRF/external/ioapi_share -I/home/onishi/WRF/inc -DEM_CORE=1 -DNMM_CORE=0 -DNMM_MAX_DIM=2600 -DDA_CORE=0 -DWRFPLUS=0 -DIWORDSIZE=4 -DDWORDSIZE=8 -DRWORDSIZE=4 -DLWORDSIZE=4 -DNONSTANDARD_SYSTEM_FUNC  -DWRF_USE_CLM -DUSE_NETCDF4_FEATURES -DWRFIO_NCD_LARGE_FILE_SUPPORT  -DDM_PARALLEL -DNETCDF -DGRIB2 -DHDF5 -DLANDREAD_STUB=1 -DUSE_ALLOCATABLES -Dwrfmodel -DGRIB1 -DINTIO -DKEEP_INT_AROUND -DLIMIT_ARGS -DBUILD_RRTMG_FAST=0 -DBUILD_RRTMK=0 -DBUILD_SBM_FAST=1 -DSHOW_ALL_VARS_USED=0 -DCONFIG_BUF_LEN=65536 -DMAX_DOMAINS_F=21 -DMAX_HISTORY=25 -DNMM_NEST=0 -DWRF_CHEM -DBUILD_CHEM=1 -DWRF_KPP -I. -traditional-cpp -DUSE_NETCDF4_FEATURES -DWRFIO_NCD_LARGE_FILE_SUPPORT   module_cam_mp_modal_aero_initialize_data_phys.G  > module_cam_mp_modal_aero_initialize_data_phys.bb
/home/onishi/WRF/tools/standard.exe module_cam_mp_modal_aero_initialize_data_phys.bb | /lib/cpp -P -nostdinc -I/home/onishi/WRF/external/ioapi_share -traditional-cpp -DUSE_NETCDF4_FEATURES -DWRFIO_NCD_LARGE_FILE_SUPPORT > module_cam_mp_modal_aero_initialize_data_phys.f90
rm -f module_cam_mp_modal_aero_initialize_data_phys.G module_cam_mp_modal_aero_initialize_data_phys.bb
time mpif90 -f90=ifort -o module_cam_mp_modal_aero_initialize_data_phys.o -c -O3 -ip -fp-model precise -w -ftz -align all -fno-alias -FR -convert big_endian    -I../dyn_em  -I/home/onishi/WRF/external/esmf_time_f90  -I/home/onishi/WRF/main -I/home/onishi/WRF/external/io_netcdf -I/home/onishi/WRF/external/io_int -I/home/onishi/WRF/frame -I/home/onishi/WRF/share -I/home/onishi/WRF/phys -I/home/onishi/WRF/wrftladj -I/home/onishi/WRF/chem -I/home/onishi/WRF/inc -I/home/onishi/NETCDF_DIR2//include  -real-size `expr 8 \* 4` -i4  module_cam_mp_modal_aero_initialize_data_phys.f90
0.09user 0.09system 0:00.20elapsed 94%CPU (0avgtext+0avgdata 51248maxresident)k
8inputs+176outputs (0major+8406minor)pagefaults 0swaps
rm -f module_cu_gf_sh.o
sed -e "s/^\!.*'.*//" -e "s/^ *\!.*'.*//" module_cu_gf_sh.F > module_cu_gf_sh.G
/lib/cpp -P -nostdinc -I/home/onishi/WRF/external/ioapi_share -I/home/onishi/WRF/inc -DEM_CORE=1 -DNMM_CORE=0 -DNMM_MAX_DIM=2600 -DDA_CORE=0 -DWRFPLUS=0 -DIWORDSIZE=4 -DDWORDSIZE=8 -DRWORDSIZE=4 -DLWORDSIZE=4 -DNONSTANDARD_SYSTEM_FUNC  -DWRF_USE_CLM -DUSE_NETCDF4_FEATURES -DWRFIO_NCD_LARGE_FILE_SUPPORT  -DDM_PARALLEL -DNETCDF -DGRIB2 -DHDF5 -DLANDREAD_STUB=1 -DUSE_ALLOCATABLES -Dwrfmodel -DGRIB1 -DINTIO -DKEEP_INT_AROUND -DLIMIT_ARGS -DBUILD_RRTMG_FAST=0 -DBUILD_RRTMK=0 -DBUILD_SBM_FAST=1 -DSHOW_ALL_VARS_USED=0 -DCONFIG_BUF_LEN=65536 -DMAX_DOMAINS_F=21 -DMAX_HISTORY=25 -DNMM_NEST=0 -DWRF_CHEM -DBUILD_CHEM=1 -DWRF_KPP -I. -traditional-cpp -DUSE_NETCDF4_FEATURES -DWRFIO_NCD_LARGE_FILE_SUPPORT   module_cu_gf_sh.G  > module_cu_gf_sh.bb
/home/onishi/WRF/tools/standard.exe module_cu_gf_sh.bb | /lib/cpp -P -nostdinc -I/home/onishi/WRF/external/ioapi_share -traditional-cpp -DUSE_NETCDF4_FEATURES -DWRFIO_NCD_LARGE_FILE_SUPPORT > module_cu_gf_sh.f90
rm -f module_cu_gf_sh.G module_cu_gf_sh.bb
time mpif90 -f90=ifort -o module_cu_gf_sh.o -c -O3 -ip -fp-model precise -w -ftz -align all -fno-alias -FR -convert big_endian    -I../dyn_em  -I/home/onishi/WRF/external/esmf_time_f90  -I/home/onishi/WRF/main -I/home/onishi/WRF/external/io_netcdf -I/home/onishi/WRF/external/io_int -I/home/onishi/WRF/frame -I/home/onishi/WRF/share -I/home/onishi/WRF/phys -I/home/onishi/WRF/wrftladj -I/home/onishi/WRF/chem -I/home/onishi/WRF/inc -I/home/onishi/NETCDF_DIR2//include  -real-size `expr 8 \* 4` -i4  module_cu_gf_sh.f90
1.99user 0.16system 0:02.17elapsed 99%CPU (0avgtext+0avgdata 119248maxresident)k
400inputs+744outputs (0major+29651minor)pagefaults 0swaps
rm -f module_radiation_driver.o
sed -e "s/^\!.*'.*//" -e "s/^ *\!.*'.*//" module_radiation_driver.F > module_radiation_driver.G
/lib/cpp -P -nostdinc -I/home/onishi/WRF/external/ioapi_share -I/home/onishi/WRF/inc -DEM_CORE=1 -DNMM_CORE=0 -DNMM_MAX_DIM=2600 -DDA_CORE=0 -DWRFPLUS=0 -DIWORDSIZE=4 -DDWORDSIZE=8 -DRWORDSIZE=4 -DLWORDSIZE=4 -DNONSTANDARD_SYSTEM_FUNC  -DWRF_USE_CLM -DUSE_NETCDF4_FEATURES -DWRFIO_NCD_LARGE_FILE_SUPPORT  -DDM_PARALLEL -DNETCDF -DGRIB2 -DHDF5 -DLANDREAD_STUB=1 -DUSE_ALLOCATABLES -Dwrfmodel -DGRIB1 -DINTIO -DKEEP_INT_AROUND -DLIMIT_ARGS -DBUILD_RRTMG_FAST=0 -DBUILD_RRTMK=0 -DBUILD_SBM_FAST=1 -DSHOW_ALL_VARS_USED=0 -DCONFIG_BUF_LEN=65536 -DMAX_DOMAINS_F=21 -DMAX_HISTORY=25 -DNMM_NEST=0 -DWRF_CHEM -DBUILD_CHEM=1 -DWRF_KPP -I. -traditional-cpp -DUSE_NETCDF4_FEATURES -DWRFIO_NCD_LARGE_FILE_SUPPORT   module_radiation_driver.G  > module_radiation_driver.bb
/home/onishi/WRF/tools/standard.exe module_radiation_driver.bb | /lib/cpp -P -nostdinc -I/home/onishi/WRF/external/ioapi_share -traditional-cpp -DUSE_NETCDF4_FEATURES -DWRFIO_NCD_LARGE_FILE_SUPPORT > module_radiation_driver.f90
rm -f module_radiation_driver.G module_radiation_driver.bb
time mpif90 -f90=ifort -o module_radiation_driver.o -c -O3 -ip -fp-model precise -w -ftz -align all -fno-alias -FR -convert big_endian    -I../dyn_em  -I/home/onishi/WRF/external/esmf_time_f90  -I/home/onishi/WRF/main -I/home/onishi/WRF/external/io_netcdf -I/home/onishi/WRF/external/io_int -I/home/onishi/WRF/frame -I/home/onishi/WRF/share -I/home/onishi/WRF/phys -I/home/onishi/WRF/wrftladj -I/home/onishi/WRF/chem -I/home/onishi/WRF/inc -I/home/onishi/NETCDF_DIR2//include  -real-size `expr 8 \* 4` -i4  module_radiation_driver.f90
16.91user 1.38system 0:18.36elapsed 99%CPU (0avgtext+0avgdata 752372maxresident)k
2664inputs+8976outputs (0major+201158minor)pagefaults 0swaps
rm -f module_mp_wsm6.o
sed -e "s/^\!.*'.*//" -e "s/^ *\!.*'.*//" module_mp_wsm6.F > module_mp_wsm6.G
/lib/cpp -P -nostdinc -I/home/onishi/WRF/external/ioapi_share -I/home/onishi/WRF/inc -DEM_CORE=1 -DNMM_CORE=0 -DNMM_MAX_DIM=2600 -DDA_CORE=0 -DWRFPLUS=0 -DIWORDSIZE=4 -DDWORDSIZE=8 -DRWORDSIZE=4 -DLWORDSIZE=4 -DNONSTANDARD_SYSTEM_FUNC  -DWRF_USE_CLM -DUSE_NETCDF4_FEATURES -DWRFIO_NCD_LARGE_FILE_SUPPORT  -DDM_PARALLEL -DNETCDF -DGRIB2 -DHDF5 -DLANDREAD_STUB=1 -DUSE_ALLOCATABLES -Dwrfmodel -DGRIB1 -DINTIO -DKEEP_INT_AROUND -DLIMIT_ARGS -DBUILD_RRTMG_FAST=0 -DBUILD_RRTMK=0 -DBUILD_SBM_FAST=1 -DSHOW_ALL_VARS_USED=0 -DCONFIG_BUF_LEN=65536 -DMAX_DOMAINS_F=21 -DMAX_HISTORY=25 -DNMM_NEST=0 -DWRF_CHEM -DBUILD_CHEM=1 -DWRF_KPP -I. -traditional-cpp -DUSE_NETCDF4_FEATURES -DWRFIO_NCD_LARGE_FILE_SUPPORT   module_mp_wsm6.G  > module_mp_wsm6.bb
/home/onishi/WRF/tools/standard.exe module_mp_wsm6.bb | /lib/cpp -P -nostdinc -I/home/onishi/WRF/external/ioapi_share -traditional-cpp -DUSE_NETCDF4_FEATURES -DWRFIO_NCD_LARGE_FILE_SUPPORT > module_mp_wsm6.f90
rm -f module_mp_wsm6.G module_mp_wsm6.bb
time mpif90 -f90=ifort -o module_mp_wsm6.o -c -O3 -ip -fp-model precise -w -ftz -align all -fno-alias -FR -convert big_endian    -I../dyn_em  -I/home/onishi/WRF/external/esmf_time_f90  -I/home/onishi/WRF/main -I/home/onishi/WRF/external/io_netcdf -I/home/onishi/WRF/external/io_int -I/home/onishi/WRF/frame -I/home/onishi/WRF/share -I/home/onishi/WRF/phys -I/home/onishi/WRF/wrftladj -I/home/onishi/WRF/chem -I/home/onishi/WRF/inc -I/home/onishi/NETCDF_DIR2//include  -real-size `expr 8 \* 4` -i4  module_mp_wsm6.f90
1.19user 0.12system 0:01.35elapsed 97%CPU (0avgtext+0avgdata 81196maxresident)k
32inputs+408outputs (0major+17603minor)pagefaults 0swaps
rm -f module_sf_noahdrv.o
sed -e "s/^\!.*'.*//" -e "s/^ *\!.*'.*//" module_sf_noahdrv.F > module_sf_noahdrv.G
/lib/cpp -P -nostdinc -I/home/onishi/WRF/external/ioapi_share -I/home/onishi/WRF/inc -DEM_CORE=1 -DNMM_CORE=0 -DNMM_MAX_DIM=2600 -DDA_CORE=0 -DWRFPLUS=0 -DIWORDSIZE=4 -DDWORDSIZE=8 -DRWORDSIZE=4 -DLWORDSIZE=4 -DNONSTANDARD_SYSTEM_FUNC  -DWRF_USE_CLM -DUSE_NETCDF4_FEATURES -DWRFIO_NCD_LARGE_FILE_SUPPORT  -DDM_PARALLEL -DNETCDF -DGRIB2 -DHDF5 -DLANDREAD_STUB=1 -DUSE_ALLOCATABLES -Dwrfmodel -DGRIB1 -DINTIO -DKEEP_INT_AROUND -DLIMIT_ARGS -DBUILD_RRTMG_FAST=0 -DBUILD_RRTMK=0 -DBUILD_SBM_FAST=1 -DSHOW_ALL_VARS_USED=0 -DCONFIG_BUF_LEN=65536 -DMAX_DOMAINS_F=21 -DMAX_HISTORY=25 -DNMM_NEST=0 -DWRF_CHEM -DBUILD_CHEM=1 -DWRF_KPP -I. -traditional-cpp -DUSE_NETCDF4_FEATURES -DWRFIO_NCD_LARGE_FILE_SUPPORT   module_sf_noahdrv.G  > module_sf_noahdrv.bb
/home/onishi/WRF/tools/standard.exe module_sf_noahdrv.bb | /lib/cpp -P -nostdinc -I/home/onishi/WRF/external/ioapi_share -traditional-cpp -DUSE_NETCDF4_FEATURES -DWRFIO_NCD_LARGE_FILE_SUPPORT > module_sf_noahdrv.f90
rm -f module_sf_noahdrv.G module_sf_noahdrv.bb
time mpif90 -f90=ifort -o module_sf_noahdrv.o -c -O3 -ip -fp-model precise -w -ftz -align all -fno-alias -FR -convert big_endian    -I../dyn_em  -I/home/onishi/WRF/external/esmf_time_f90  -I/home/onishi/WRF/main -I/home/onishi/WRF/external/io_netcdf -I/home/onishi/WRF/external/io_int -I/home/onishi/WRF/frame -I/home/onishi/WRF/share -I/home/onishi/WRF/phys -I/home/onishi/WRF/wrftladj -I/home/onishi/WRF/chem -I/home/onishi/WRF/inc -I/home/onishi/NETCDF_DIR2//include  -real-size `expr 8 \* 4` -i4  module_sf_noahdrv.f90
7.62user 0.30system 0:07.96elapsed 99%CPU (0avgtext+0avgdata 175176maxresident)k
392inputs+3664outputs (0major+48406minor)pagefaults 0swaps
rm -f module_diagnostics_driver.o
sed -e "s/^\!.*'.*//" -e "s/^ *\!.*'.*//" module_diagnostics_driver.F > module_diagnostics_driver.G
/lib/cpp -P -nostdinc -I/home/onishi/WRF/external/ioapi_share -I/home/onishi/WRF/inc -DEM_CORE=1 -DNMM_CORE=0 -DNMM_MAX_DIM=2600 -DDA_CORE=0 -DWRFPLUS=0 -DIWORDSIZE=4 -DDWORDSIZE=8 -DRWORDSIZE=4 -DLWORDSIZE=4 -DNONSTANDARD_SYSTEM_FUNC  -DWRF_USE_CLM -DUSE_NETCDF4_FEATURES -DWRFIO_NCD_LARGE_FILE_SUPPORT  -DDM_PARALLEL -DNETCDF -DGRIB2 -DHDF5 -DLANDREAD_STUB=1 -DUSE_ALLOCATABLES -Dwrfmodel -DGRIB1 -DINTIO -DKEEP_INT_AROUND -DLIMIT_ARGS -DBUILD_RRTMG_FAST=0 -DBUILD_RRTMK=0 -DBUILD_SBM_FAST=1 -DSHOW_ALL_VARS_USED=0 -DCONFIG_BUF_LEN=65536 -DMAX_DOMAINS_F=21 -DMAX_HISTORY=25 -DNMM_NEST=0 -DWRF_CHEM -DBUILD_CHEM=1 -DWRF_KPP -I. -traditional-cpp -DUSE_NETCDF4_FEATURES -DWRFIO_NCD_LARGE_FILE_SUPPORT   module_diagnostics_driver.G  > module_diagnostics_driver.bb
/home/onishi/WRF/tools/standard.exe module_diagnostics_driver.bb | /lib/cpp -P -nostdinc -I/home/onishi/WRF/external/ioapi_share -traditional-cpp -DUSE_NETCDF4_FEATURES -DWRFIO_NCD_LARGE_FILE_SUPPORT > module_diagnostics_driver.f90
rm -f module_diagnostics_driver.G module_diagnostics_driver.bb
time mpif90 -f90=ifort -o module_diagnostics_driver.o -c -O3 -ip -fp-model precise -w -ftz -align all -fno-alias -FR -convert big_endian    -I../dyn_em  -I/home/onishi/WRF/external/esmf_time_f90  -I/home/onishi/WRF/main -I/home/onishi/WRF/external/io_netcdf -I/home/onishi/WRF/external/io_int -I/home/onishi/WRF/frame -I/home/onishi/WRF/share -I/home/onishi/WRF/phys -I/home/onishi/WRF/wrftladj -I/home/onishi/WRF/chem -I/home/onishi/WRF/inc -I/home/onishi/NETCDF_DIR2//include  -real-size `expr 8 \* 4` -i4  module_diagnostics_driver.f90
9.10user 0.36system 0:09.52elapsed 99%CPU (0avgtext+0avgdata 272788maxresident)k
9968inputs+9656outputs (0major+67158minor)pagefaults 0swaps
rm -f module_fr_fire_model.o
sed -e "s/^\!.*'.*//" -e "s/^ *\!.*'.*//" module_fr_fire_model.F > module_fr_fire_model.G
/lib/cpp -P -nostdinc -I/home/onishi/WRF/external/ioapi_share -I/home/onishi/WRF/inc -DEM_CORE=1 -DNMM_CORE=0 -DNMM_MAX_DIM=2600 -DDA_CORE=0 -DWRFPLUS=0 -DIWORDSIZE=4 -DDWORDSIZE=8 -DRWORDSIZE=4 -DLWORDSIZE=4 -DNONSTANDARD_SYSTEM_FUNC  -DWRF_USE_CLM -DUSE_NETCDF4_FEATURES -DWRFIO_NCD_LARGE_FILE_SUPPORT  -DDM_PARALLEL -DNETCDF -DGRIB2 -DHDF5 -DLANDREAD_STUB=1 -DUSE_ALLOCATABLES -Dwrfmodel -DGRIB1 -DINTIO -DKEEP_INT_AROUND -DLIMIT_ARGS -DBUILD_RRTMG_FAST=0 -DBUILD_RRTMK=0 -DBUILD_SBM_FAST=1 -DSHOW_ALL_VARS_USED=0 -DCONFIG_BUF_LEN=65536 -DMAX_DOMAINS_F=21 -DMAX_HISTORY=25 -DNMM_NEST=0 -DWRF_CHEM -DBUILD_CHEM=1 -DWRF_KPP -I. -traditional-cpp -DUSE_NETCDF4_FEATURES -DWRFIO_NCD_LARGE_FILE_SUPPORT   module_fr_fire_model.G  > module_fr_fire_model.bb
/home/onishi/WRF/tools/standard.exe module_fr_fire_model.bb | /lib/cpp -P -nostdinc -I/home/onishi/WRF/external/ioapi_share -traditional-cpp -DUSE_NETCDF4_FEATURES -DWRFIO_NCD_LARGE_FILE_SUPPORT > module_fr_fire_model.f90
rm -f module_fr_fire_model.G module_fr_fire_model.bb
time mpif90 -f90=ifort -o module_fr_fire_model.o -c -O3 -ip -fp-model precise -w -ftz -align all -fno-alias -FR -convert big_endian    -I../dyn_em  -I/home/onishi/WRF/external/esmf_time_f90  -I/home/onishi/WRF/main -I/home/onishi/WRF/external/io_netcdf -I/home/onishi/WRF/external/io_int -I/home/onishi/WRF/frame -I/home/onishi/WRF/share -I/home/onishi/WRF/phys -I/home/onishi/WRF/wrftladj -I/home/onishi/WRF/chem -I/home/onishi/WRF/inc -I/home/onishi/NETCDF_DIR2//include  -real-size `expr 8 \* 4` -i4  module_fr_fire_model.f90
2.38user 0.84system 0:03.28elapsed 98%CPU (0avgtext+0avgdata 464748maxresident)k
5720inputs+8816outputs (0major+118874minor)pagefaults 0swaps
rm -f module_cam_wv_saturation.o
sed -e "s/^\!.*'.*//" -e "s/^ *\!.*'.*//" module_cam_wv_saturation.F > module_cam_wv_saturation.G
/lib/cpp -P -nostdinc -I/home/onishi/WRF/external/ioapi_share -I/home/onishi/WRF/inc -DEM_CORE=1 -DNMM_CORE=0 -DNMM_MAX_DIM=2600 -DDA_CORE=0 -DWRFPLUS=0 -DIWORDSIZE=4 -DDWORDSIZE=8 -DRWORDSIZE=4 -DLWORDSIZE=4 -DNONSTANDARD_SYSTEM_FUNC  -DWRF_USE_CLM -DUSE_NETCDF4_FEATURES -DWRFIO_NCD_LARGE_FILE_SUPPORT  -DDM_PARALLEL -DNETCDF -DGRIB2 -DHDF5 -DLANDREAD_STUB=1 -DUSE_ALLOCATABLES -Dwrfmodel -DGRIB1 -DINTIO -DKEEP_INT_AROUND -DLIMIT_ARGS -DBUILD_RRTMG_FAST=0 -DBUILD_RRTMK=0 -DBUILD_SBM_FAST=1 -DSHOW_ALL_VARS_USED=0 -DCONFIG_BUF_LEN=65536 -DMAX_DOMAINS_F=21 -DMAX_HISTORY=25 -DNMM_NEST=0 -DWRF_CHEM -DBUILD_CHEM=1 -DWRF_KPP -I. -traditional-cpp -DUSE_NETCDF4_FEATURES -DWRFIO_NCD_LARGE_FILE_SUPPORT   module_cam_wv_saturation.G  > module_cam_wv_saturation.bb
/home/onishi/WRF/tools/standard.exe module_cam_wv_saturation.bb | /lib/cpp -P -nostdinc -I/home/onishi/WRF/external/ioapi_share -traditional-cpp -DUSE_NETCDF4_FEATURES -DWRFIO_NCD_LARGE_FILE_SUPPORT > module_cam_wv_saturation.f90
rm -f module_cam_wv_saturation.G module_cam_wv_saturation.bb
time mpif90 -f90=ifort -o module_cam_wv_saturation.o -c -O3 -ip -fp-model precise -w -ftz -align all -fno-alias -FR -convert big_endian    -I../dyn_em  -I/home/onishi/WRF/external/esmf_time_f90  -I/home/onishi/WRF/main -I/home/onishi/WRF/external/io_netcdf -I/home/onishi/WRF/external/io_int -I/home/onishi/WRF/frame -I/home/onishi/WRF/share -I/home/onishi/WRF/phys -I/home/onishi/WRF/wrftladj -I/home/onishi/WRF/chem -I/home/onishi/WRF/inc -I/home/onishi/NETCDF_DIR2//include  -real-size `expr 8 \* 4` -i4  module_cam_wv_saturation.f90
0.38user 0.11system 0:00.52elapsed 94%CPU (0avgtext+0avgdata 55044maxresident)k
40inputs+304outputs (0major+10174minor)pagefaults 0swaps
rm -f module_cam_molec_diff.o
sed -e "s/^\!.*'.*//" -e "s/^ *\!.*'.*//" module_cam_molec_diff.F > module_cam_molec_diff.G
/lib/cpp -P -nostdinc -I/home/onishi/WRF/external/ioapi_share -I/home/onishi/WRF/inc -DEM_CORE=1 -DNMM_CORE=0 -DNMM_MAX_DIM=2600 -DDA_CORE=0 -DWRFPLUS=0 -DIWORDSIZE=4 -DDWORDSIZE=8 -DRWORDSIZE=4 -DLWORDSIZE=4 -DNONSTANDARD_SYSTEM_FUNC  -DWRF_USE_CLM -DUSE_NETCDF4_FEATURES -DWRFIO_NCD_LARGE_FILE_SUPPORT  -DDM_PARALLEL -DNETCDF -DGRIB2 -DHDF5 -DLANDREAD_STUB=1 -DUSE_ALLOCATABLES -Dwrfmodel -DGRIB1 -DINTIO -DKEEP_INT_AROUND -DLIMIT_ARGS -DBUILD_RRTMG_FAST=0 -DBUILD_RRTMK=0 -DBUILD_SBM_FAST=1 -DSHOW_ALL_VARS_USED=0 -DCONFIG_BUF_LEN=65536 -DMAX_DOMAINS_F=21 -DMAX_HISTORY=25 -DNMM_NEST=0 -DWRF_CHEM -DBUILD_CHEM=1 -DWRF_KPP -I. -traditional-cpp -DUSE_NETCDF4_FEATURES -DWRFIO_NCD_LARGE_FILE_SUPPORT   module_cam_molec_diff.G  > module_cam_molec_diff.bb
/home/onishi/WRF/tools/standard.exe module_cam_molec_diff.bb | /lib/cpp -P -nostdinc -I/home/onishi/WRF/external/ioapi_share -traditional-cpp -DUSE_NETCDF4_FEATURES -DWRFIO_NCD_LARGE_FILE_SUPPORT > module_cam_molec_diff.f90
rm -f module_cam_molec_diff.G module_cam_molec_diff.bb
time mpif90 -f90=ifort -o module_cam_molec_diff.o -c -O3 -ip -fp-model precise -w -ftz -align all -fno-alias -FR -convert big_endian    -I../dyn_em  -I/home/onishi/WRF/external/esmf_time_f90  -I/home/onishi/WRF/main -I/home/onishi/WRF/external/io_netcdf -I/home/onishi/WRF/external/io_int -I/home/onishi/WRF/frame -I/home/onishi/WRF/share -I/home/onishi/WRF/phys -I/home/onishi/WRF/wrftladj -I/home/onishi/WRF/chem -I/home/onishi/WRF/inc -I/home/onishi/NETCDF_DIR2//include  -real-size `expr 8 \* 4` -i4  module_cam_molec_diff.f90
0.70user 0.12system 0:00.83elapsed 98%CPU (0avgtext+0avgdata 72876maxresident)k
48inputs+296outputs (0major+14710minor)pagefaults 0swaps
rm -f module_cam_mp_ndrop.o
sed -e "s/^\!.*'.*//" -e "s/^ *\!.*'.*//" module_cam_mp_ndrop.F > module_cam_mp_ndrop.G
/lib/cpp -P -nostdinc -I/home/onishi/WRF/external/ioapi_share -I/home/onishi/WRF/inc -DEM_CORE=1 -DNMM_CORE=0 -DNMM_MAX_DIM=2600 -DDA_CORE=0 -DWRFPLUS=0 -DIWORDSIZE=4 -DDWORDSIZE=8 -DRWORDSIZE=4 -DLWORDSIZE=4 -DNONSTANDARD_SYSTEM_FUNC  -DWRF_USE_CLM -DUSE_NETCDF4_FEATURES -DWRFIO_NCD_LARGE_FILE_SUPPORT  -DDM_PARALLEL -DNETCDF -DGRIB2 -DHDF5 -DLANDREAD_STUB=1 -DUSE_ALLOCATABLES -Dwrfmodel -DGRIB1 -DINTIO -DKEEP_INT_AROUND -DLIMIT_ARGS -DBUILD_RRTMG_FAST=0 -DBUILD_RRTMK=0 -DBUILD_SBM_FAST=1 -DSHOW_ALL_VARS_USED=0 -DCONFIG_BUF_LEN=65536 -DMAX_DOMAINS_F=21 -DMAX_HISTORY=25 -DNMM_NEST=0 -DWRF_CHEM -DBUILD_CHEM=1 -DWRF_KPP -I. -traditional-cpp -DUSE_NETCDF4_FEATURES -DWRFIO_NCD_LARGE_FILE_SUPPORT   module_cam_mp_ndrop.G  > module_cam_mp_ndrop.bb
/home/onishi/WRF/tools/standard.exe module_cam_mp_ndrop.bb | /lib/cpp -P -nostdinc -I/home/onishi/WRF/external/ioapi_share -traditional-cpp -DUSE_NETCDF4_FEATURES -DWRFIO_NCD_LARGE_FILE_SUPPORT > module_cam_mp_ndrop.f90
rm -f module_cam_mp_ndrop.G module_cam_mp_ndrop.bb
time mpif90 -f90=ifort -o module_cam_mp_ndrop.o -c -O3 -ip -fp-model precise -w -ftz -align all -fno-alias -FR -convert big_endian    -I../dyn_em  -I/home/onishi/WRF/external/esmf_time_f90  -I/home/onishi/WRF/main -I/home/onishi/WRF/external/io_netcdf -I/home/onishi/WRF/external/io_int -I/home/onishi/WRF/frame -I/home/onishi/WRF/share -I/home/onishi/WRF/phys -I/home/onishi/WRF/wrftladj -I/home/onishi/WRF/chem -I/home/onishi/WRF/inc -I/home/onishi/NETCDF_DIR2//include  -real-size `expr 8 \* 4` -i4  module_cam_mp_ndrop.f90
4.43user 0.19system 0:04.67elapsed 98%CPU (0avgtext+0avgdata 162548maxresident)k
120inputs+1000outputs (0major+38251minor)pagefaults 0swaps
rm -f module_cam_mp_cldwat2m_micro.o
sed -e "s/^\!.*'.*//" -e "s/^ *\!.*'.*//" module_cam_mp_cldwat2m_micro.F > module_cam_mp_cldwat2m_micro.G
/lib/cpp -P -nostdinc -I/home/onishi/WRF/external/ioapi_share -I/home/onishi/WRF/inc -DEM_CORE=1 -DNMM_CORE=0 -DNMM_MAX_DIM=2600 -DDA_CORE=0 -DWRFPLUS=0 -DIWORDSIZE=4 -DDWORDSIZE=8 -DRWORDSIZE=4 -DLWORDSIZE=4 -DNONSTANDARD_SYSTEM_FUNC  -DWRF_USE_CLM -DUSE_NETCDF4_FEATURES -DWRFIO_NCD_LARGE_FILE_SUPPORT  -DDM_PARALLEL -DNETCDF -DGRIB2 -DHDF5 -DLANDREAD_STUB=1 -DUSE_ALLOCATABLES -Dwrfmodel -DGRIB1 -DINTIO -DKEEP_INT_AROUND -DLIMIT_ARGS -DBUILD_RRTMG_FAST=0 -DBUILD_RRTMK=0 -DBUILD_SBM_FAST=1 -DSHOW_ALL_VARS_USED=0 -DCONFIG_BUF_LEN=65536 -DMAX_DOMAINS_F=21 -DMAX_HISTORY=25 -DNMM_NEST=0 -DWRF_CHEM -DBUILD_CHEM=1 -DWRF_KPP -I. -traditional-cpp -DUSE_NETCDF4_FEATURES -DWRFIO_NCD_LARGE_FILE_SUPPORT   module_cam_mp_cldwat2m_micro.G  > module_cam_mp_cldwat2m_micro.bb
/home/onishi/WRF/tools/standard.exe module_cam_mp_cldwat2m_micro.bb | /lib/cpp -P -nostdinc -I/home/onishi/WRF/external/ioapi_share -traditional-cpp -DUSE_NETCDF4_FEATURES -DWRFIO_NCD_LARGE_FILE_SUPPORT > module_cam_mp_cldwat2m_micro.f90
rm -f module_cam_mp_cldwat2m_micro.G module_cam_mp_cldwat2m_micro.bb
time mpif90 -f90=ifort -o module_cam_mp_cldwat2m_micro.o -c -O3 -ip -fp-model precise -w -ftz -align all -fno-alias -FR -convert big_endian    -I../dyn_em  -I/home/onishi/WRF/external/esmf_time_f90  -I/home/onishi/WRF/main -I/home/onishi/WRF/external/io_netcdf -I/home/onishi/WRF/external/io_int -I/home/onishi/WRF/frame -I/home/onishi/WRF/share -I/home/onishi/WRF/phys -I/home/onishi/WRF/wrftladj -I/home/onishi/WRF/chem -I/home/onishi/WRF/inc -I/home/onishi/NETCDF_DIR2//include  -real-size `expr 8 \* 4` -i4  module_cam_mp_cldwat2m_micro.f90
10.58user 0.39system 0:11.03elapsed 99%CPU (0avgtext+0avgdata 329328maxresident)k
176inputs+2400outputs (0major+89733minor)pagefaults 0swaps
rm -f module_cu_gf_wrfdrv.o
sed -e "s/^\!.*'.*//" -e "s/^ *\!.*'.*//" module_cu_gf_wrfdrv.F > module_cu_gf_wrfdrv.G
/lib/cpp -P -nostdinc -I/home/onishi/WRF/external/ioapi_share -I/home/onishi/WRF/inc -DEM_CORE=1 -DNMM_CORE=0 -DNMM_MAX_DIM=2600 -DDA_CORE=0 -DWRFPLUS=0 -DIWORDSIZE=4 -DDWORDSIZE=8 -DRWORDSIZE=4 -DLWORDSIZE=4 -DNONSTANDARD_SYSTEM_FUNC  -DWRF_USE_CLM -DUSE_NETCDF4_FEATURES -DWRFIO_NCD_LARGE_FILE_SUPPORT  -DDM_PARALLEL -DNETCDF -DGRIB2 -DHDF5 -DLANDREAD_STUB=1 -DUSE_ALLOCATABLES -Dwrfmodel -DGRIB1 -DINTIO -DKEEP_INT_AROUND -DLIMIT_ARGS -DBUILD_RRTMG_FAST=0 -DBUILD_RRTMK=0 -DBUILD_SBM_FAST=1 -DSHOW_ALL_VARS_USED=0 -DCONFIG_BUF_LEN=65536 -DMAX_DOMAINS_F=21 -DMAX_HISTORY=25 -DNMM_NEST=0 -DWRF_CHEM -DBUILD_CHEM=1 -DWRF_KPP -I. -traditional-cpp -DUSE_NETCDF4_FEATURES -DWRFIO_NCD_LARGE_FILE_SUPPORT   module_cu_gf_wrfdrv.G  > module_cu_gf_wrfdrv.bb
/home/onishi/WRF/tools/standard.exe module_cu_gf_wrfdrv.bb | /lib/cpp -P -nostdinc -I/home/onishi/WRF/external/ioapi_share -traditional-cpp -DUSE_NETCDF4_FEATURES -DWRFIO_NCD_LARGE_FILE_SUPPORT > module_cu_gf_wrfdrv.f90
rm -f module_cu_gf_wrfdrv.G module_cu_gf_wrfdrv.bb
time mpif90 -f90=ifort -o module_cu_gf_wrfdrv.o -c -O3 -ip -fp-model precise -w -ftz -align all -fno-alias -FR -convert big_endian    -I../dyn_em  -I/home/onishi/WRF/external/esmf_time_f90  -I/home/onishi/WRF/main -I/home/onishi/WRF/external/io_netcdf -I/home/onishi/WRF/external/io_int -I/home/onishi/WRF/frame -I/home/onishi/WRF/share -I/home/onishi/WRF/phys -I/home/onishi/WRF/wrftladj -I/home/onishi/WRF/chem -I/home/onishi/WRF/inc -I/home/onishi/NETCDF_DIR2//include  -real-size `expr 8 \* 4` -i4  module_cu_gf_wrfdrv.f90
6.73user 0.37system 0:07.16elapsed 99%CPU (0avgtext+0avgdata 267188maxresident)k
120inputs+792outputs (0major+69328minor)pagefaults 0swaps
rm -f module_mixactivate.o
sed -e "s/^\!.*'.*//" -e "s/^ *\!.*'.*//" module_mixactivate.F > module_mixactivate.G
/lib/cpp -P -nostdinc -I/home/onishi/WRF/external/ioapi_share -I/home/onishi/WRF/inc -DEM_CORE=1 -DNMM_CORE=0 -DNMM_MAX_DIM=2600 -DDA_CORE=0 -DWRFPLUS=0 -DIWORDSIZE=4 -DDWORDSIZE=8 -DRWORDSIZE=4 -DLWORDSIZE=4 -DNONSTANDARD_SYSTEM_FUNC  -DWRF_USE_CLM -DUSE_NETCDF4_FEATURES -DWRFIO_NCD_LARGE_FILE_SUPPORT  -DDM_PARALLEL -DNETCDF -DGRIB2 -DHDF5 -DLANDREAD_STUB=1 -DUSE_ALLOCATABLES -Dwrfmodel -DGRIB1 -DINTIO -DKEEP_INT_AROUND -DLIMIT_ARGS -DBUILD_RRTMG_FAST=0 -DBUILD_RRTMK=0 -DBUILD_SBM_FAST=1 -DSHOW_ALL_VARS_USED=0 -DCONFIG_BUF_LEN=65536 -DMAX_DOMAINS_F=21 -DMAX_HISTORY=25 -DNMM_NEST=0 -DWRF_CHEM -DBUILD_CHEM=1 -DWRF_KPP -I. -traditional-cpp -DUSE_NETCDF4_FEATURES -DWRFIO_NCD_LARGE_FILE_SUPPORT   module_mixactivate.G  > module_mixactivate.bb
/home/onishi/WRF/tools/standard.exe module_mixactivate.bb | /lib/cpp -P -nostdinc -I/home/onishi/WRF/external/ioapi_share -traditional-cpp -DUSE_NETCDF4_FEATURES -DWRFIO_NCD_LARGE_FILE_SUPPORT > module_mixactivate.f90
rm -f module_mixactivate.G module_mixactivate.bb
time mpif90 -f90=ifort -o module_mixactivate.o -c -O3 -ip -fp-model precise -w -ftz -align all -fno-alias -FR -convert big_endian    -I../dyn_em  -I/home/onishi/WRF/external/esmf_time_f90  -I/home/onishi/WRF/main -I/home/onishi/WRF/external/io_netcdf -I/home/onishi/WRF/external/io_int -I/home/onishi/WRF/frame -I/home/onishi/WRF/share -I/home/onishi/WRF/phys -I/home/onishi/WRF/wrftladj -I/home/onishi/WRF/chem -I/home/onishi/WRF/inc -I/home/onishi/NETCDF_DIR2//include  -real-size `expr 8 \* 4` -i4  module_mixactivate.f90
7.52user 0.21system 0:07.77elapsed 99%CPU (0avgtext+0avgdata 199492maxresident)k
168inputs+2160outputs (0major+49508minor)pagefaults 0swaps
rm -f module_fr_fire_driver.o
sed -e "s/^\!.*'.*//" -e "s/^ *\!.*'.*//" module_fr_fire_driver.F > module_fr_fire_driver.G
/lib/cpp -P -nostdinc -I/home/onishi/WRF/external/ioapi_share -I/home/onishi/WRF/inc -DEM_CORE=1 -DNMM_CORE=0 -DNMM_MAX_DIM=2600 -DDA_CORE=0 -DWRFPLUS=0 -DIWORDSIZE=4 -DDWORDSIZE=8 -DRWORDSIZE=4 -DLWORDSIZE=4 -DNONSTANDARD_SYSTEM_FUNC  -DWRF_USE_CLM -DUSE_NETCDF4_FEATURES -DWRFIO_NCD_LARGE_FILE_SUPPORT  -DDM_PARALLEL -DNETCDF -DGRIB2 -DHDF5 -DLANDREAD_STUB=1 -DUSE_ALLOCATABLES -Dwrfmodel -DGRIB1 -DINTIO -DKEEP_INT_AROUND -DLIMIT_ARGS -DBUILD_RRTMG_FAST=0 -DBUILD_RRTMK=0 -DBUILD_SBM_FAST=1 -DSHOW_ALL_VARS_USED=0 -DCONFIG_BUF_LEN=65536 -DMAX_DOMAINS_F=21 -DMAX_HISTORY=25 -DNMM_NEST=0 -DWRF_CHEM -DBUILD_CHEM=1 -DWRF_KPP -I. -traditional-cpp -DUSE_NETCDF4_FEATURES -DWRFIO_NCD_LARGE_FILE_SUPPORT   module_fr_fire_driver.G  > module_fr_fire_driver.bb
/home/onishi/WRF/tools/standard.exe module_fr_fire_driver.bb | /lib/cpp -P -nostdinc -I/home/onishi/WRF/external/ioapi_share -traditional-cpp -DUSE_NETCDF4_FEATURES -DWRFIO_NCD_LARGE_FILE_SUPPORT > module_fr_fire_driver.f90
rm -f module_fr_fire_driver.G module_fr_fire_driver.bb
time mpif90 -f90=ifort -o module_fr_fire_driver.o -c -O3 -ip -fp-model precise -w -ftz -align all -fno-alias -FR -convert big_endian    -I../dyn_em  -I/home/onishi/WRF/external/esmf_time_f90  -I/home/onishi/WRF/main -I/home/onishi/WRF/external/io_netcdf -I/home/onishi/WRF/external/io_int -I/home/onishi/WRF/frame -I/home/onishi/WRF/share -I/home/onishi/WRF/phys -I/home/onishi/WRF/wrftladj -I/home/onishi/WRF/chem -I/home/onishi/WRF/inc -I/home/onishi/NETCDF_DIR2//include  -real-size `expr 8 \* 4` -i4  module_fr_fire_driver.f90
3.77user 0.95system 0:04.78elapsed 98%CPU (0avgtext+0avgdata 534884maxresident)k
8648inputs+4584outputs (0major+142210minor)pagefaults 0swaps
rm -f module_cam_cldwat.o
sed -e "s/^\!.*'.*//" -e "s/^ *\!.*'.*//" module_cam_cldwat.F > module_cam_cldwat.G
/lib/cpp -P -nostdinc -I/home/onishi/WRF/external/ioapi_share -I/home/onishi/WRF/inc -DEM_CORE=1 -DNMM_CORE=0 -DNMM_MAX_DIM=2600 -DDA_CORE=0 -DWRFPLUS=0 -DIWORDSIZE=4 -DDWORDSIZE=8 -DRWORDSIZE=4 -DLWORDSIZE=4 -DNONSTANDARD_SYSTEM_FUNC  -DWRF_USE_CLM -DUSE_NETCDF4_FEATURES -DWRFIO_NCD_LARGE_FILE_SUPPORT  -DDM_PARALLEL -DNETCDF -DGRIB2 -DHDF5 -DLANDREAD_STUB=1 -DUSE_ALLOCATABLES -Dwrfmodel -DGRIB1 -DINTIO -DKEEP_INT_AROUND -DLIMIT_ARGS -DBUILD_RRTMG_FAST=0 -DBUILD_RRTMK=0 -DBUILD_SBM_FAST=1 -DSHOW_ALL_VARS_USED=0 -DCONFIG_BUF_LEN=65536 -DMAX_DOMAINS_F=21 -DMAX_HISTORY=25 -DNMM_NEST=0 -DWRF_CHEM -DBUILD_CHEM=1 -DWRF_KPP -I. -traditional-cpp -DUSE_NETCDF4_FEATURES -DWRFIO_NCD_LARGE_FILE_SUPPORT   module_cam_cldwat.G  > module_cam_cldwat.bb
/home/onishi/WRF/tools/standard.exe module_cam_cldwat.bb | /lib/cpp -P -nostdinc -I/home/onishi/WRF/external/ioapi_share -traditional-cpp -DUSE_NETCDF4_FEATURES -DWRFIO_NCD_LARGE_FILE_SUPPORT > module_cam_cldwat.f90
rm -f module_cam_cldwat.G module_cam_cldwat.bb
time mpif90 -f90=ifort -o module_cam_cldwat.o -c -O3 -ip -fp-model precise -w -ftz -align all -fno-alias -FR -convert big_endian    -I../dyn_em  -I/home/onishi/WRF/external/esmf_time_f90  -I/home/onishi/WRF/main -I/home/onishi/WRF/external/io_netcdf -I/home/onishi/WRF/external/io_int -I/home/onishi/WRF/frame -I/home/onishi/WRF/share -I/home/onishi/WRF/phys -I/home/onishi/WRF/wrftladj -I/home/onishi/WRF/chem -I/home/onishi/WRF/inc -I/home/onishi/NETCDF_DIR2//include  -real-size `expr 8 \* 4` -i4  module_cam_cldwat.f90
0.05user 0.08system 0:00.16elapsed 82%CPU (0avgtext+0avgdata 46164maxresident)k
8inputs+112outputs (0major+7157minor)pagefaults 0swaps
rm -f module_cam_esinti.o
sed -e "s/^\!.*'.*//" -e "s/^ *\!.*'.*//" module_cam_esinti.F > module_cam_esinti.G
/lib/cpp -P -nostdinc -I/home/onishi/WRF/external/ioapi_share -I/home/onishi/WRF/inc -DEM_CORE=1 -DNMM_CORE=0 -DNMM_MAX_DIM=2600 -DDA_CORE=0 -DWRFPLUS=0 -DIWORDSIZE=4 -DDWORDSIZE=8 -DRWORDSIZE=4 -DLWORDSIZE=4 -DNONSTANDARD_SYSTEM_FUNC  -DWRF_USE_CLM -DUSE_NETCDF4_FEATURES -DWRFIO_NCD_LARGE_FILE_SUPPORT  -DDM_PARALLEL -DNETCDF -DGRIB2 -DHDF5 -DLANDREAD_STUB=1 -DUSE_ALLOCATABLES -Dwrfmodel -DGRIB1 -DINTIO -DKEEP_INT_AROUND -DLIMIT_ARGS -DBUILD_RRTMG_FAST=0 -DBUILD_RRTMK=0 -DBUILD_SBM_FAST=1 -DSHOW_ALL_VARS_USED=0 -DCONFIG_BUF_LEN=65536 -DMAX_DOMAINS_F=21 -DMAX_HISTORY=25 -DNMM_NEST=0 -DWRF_CHEM -DBUILD_CHEM=1 -DWRF_KPP -I. -traditional-cpp -DUSE_NETCDF4_FEATURES -DWRFIO_NCD_LARGE_FILE_SUPPORT   module_cam_esinti.G  > module_cam_esinti.bb
/home/onishi/WRF/tools/standard.exe module_cam_esinti.bb | /lib/cpp -P -nostdinc -I/home/onishi/WRF/external/ioapi_share -traditional-cpp -DUSE_NETCDF4_FEATURES -DWRFIO_NCD_LARGE_FILE_SUPPORT > module_cam_esinti.f90
rm -f module_cam_esinti.G module_cam_esinti.bb
time mpif90 -f90=ifort -o module_cam_esinti.o -c -O3 -ip -fp-model precise -w -ftz -align all -fno-alias -FR -convert big_endian    -I../dyn_em  -I/home/onishi/WRF/external/esmf_time_f90  -I/home/onishi/WRF/main -I/home/onishi/WRF/external/io_netcdf -I/home/onishi/WRF/external/io_int -I/home/onishi/WRF/frame -I/home/onishi/WRF/share -I/home/onishi/WRF/phys -I/home/onishi/WRF/wrftladj -I/home/onishi/WRF/chem -I/home/onishi/WRF/inc -I/home/onishi/NETCDF_DIR2//include  -real-size `expr 8 \* 4` -i4  module_cam_esinti.f90
0.03user 0.07system 0:00.12elapsed 85%CPU (0avgtext+0avgdata 39528maxresident)k
8inputs+96outputs (0major+6103minor)pagefaults 0swaps
rm -f module_cam_mp_microp_aero.o
sed -e "s/^\!.*'.*//" -e "s/^ *\!.*'.*//" module_cam_mp_microp_aero.F > module_cam_mp_microp_aero.G
/lib/cpp -P -nostdinc -I/home/onishi/WRF/external/ioapi_share -I/home/onishi/WRF/inc -DEM_CORE=1 -DNMM_CORE=0 -DNMM_MAX_DIM=2600 -DDA_CORE=0 -DWRFPLUS=0 -DIWORDSIZE=4 -DDWORDSIZE=8 -DRWORDSIZE=4 -DLWORDSIZE=4 -DNONSTANDARD_SYSTEM_FUNC  -DWRF_USE_CLM -DUSE_NETCDF4_FEATURES -DWRFIO_NCD_LARGE_FILE_SUPPORT  -DDM_PARALLEL -DNETCDF -DGRIB2 -DHDF5 -DLANDREAD_STUB=1 -DUSE_ALLOCATABLES -Dwrfmodel -DGRIB1 -DINTIO -DKEEP_INT_AROUND -DLIMIT_ARGS -DBUILD_RRTMG_FAST=0 -DBUILD_RRTMK=0 -DBUILD_SBM_FAST=1 -DSHOW_ALL_VARS_USED=0 -DCONFIG_BUF_LEN=65536 -DMAX_DOMAINS_F=21 -DMAX_HISTORY=25 -DNMM_NEST=0 -DWRF_CHEM -DBUILD_CHEM=1 -DWRF_KPP -I. -traditional-cpp -DUSE_NETCDF4_FEATURES -DWRFIO_NCD_LARGE_FILE_SUPPORT   module_cam_mp_microp_aero.G  > module_cam_mp_microp_aero.bb
/home/onishi/WRF/tools/standard.exe module_cam_mp_microp_aero.bb | /lib/cpp -P -nostdinc -I/home/onishi/WRF/external/ioapi_share -traditional-cpp -DUSE_NETCDF4_FEATURES -DWRFIO_NCD_LARGE_FILE_SUPPORT > module_cam_mp_microp_aero.f90
rm -f module_cam_mp_microp_aero.G module_cam_mp_microp_aero.bb
time mpif90 -f90=ifort -o module_cam_mp_microp_aero.o -c -O3 -ip -fp-model precise -w -ftz -align all -fno-alias -FR -convert big_endian    -I../dyn_em  -I/home/onishi/WRF/external/esmf_time_f90  -I/home/onishi/WRF/main -I/home/onishi/WRF/external/io_netcdf -I/home/onishi/WRF/external/io_int -I/home/onishi/WRF/frame -I/home/onishi/WRF/share -I/home/onishi/WRF/phys -I/home/onishi/WRF/wrftladj -I/home/onishi/WRF/chem -I/home/onishi/WRF/inc -I/home/onishi/NETCDF_DIR2//include  -real-size `expr 8 \* 4` -i4  module_cam_mp_microp_aero.f90
0.99user 0.11system 0:01.12elapsed 98%CPU (0avgtext+0avgdata 89296maxresident)k
88inputs+704outputs (0major+19824minor)pagefaults 0swaps
rm -f module_bl_camuwpbl_driver.o
sed -e "s/^\!.*'.*//" -e "s/^ *\!.*'.*//" module_bl_camuwpbl_driver.F > module_bl_camuwpbl_driver.G
/lib/cpp -P -nostdinc -I/home/onishi/WRF/external/ioapi_share -I/home/onishi/WRF/inc -DEM_CORE=1 -DNMM_CORE=0 -DNMM_MAX_DIM=2600 -DDA_CORE=0 -DWRFPLUS=0 -DIWORDSIZE=4 -DDWORDSIZE=8 -DRWORDSIZE=4 -DLWORDSIZE=4 -DNONSTANDARD_SYSTEM_FUNC  -DWRF_USE_CLM -DUSE_NETCDF4_FEATURES -DWRFIO_NCD_LARGE_FILE_SUPPORT  -DDM_PARALLEL -DNETCDF -DGRIB2 -DHDF5 -DLANDREAD_STUB=1 -DUSE_ALLOCATABLES -Dwrfmodel -DGRIB1 -DINTIO -DKEEP_INT_AROUND -DLIMIT_ARGS -DBUILD_RRTMG_FAST=0 -DBUILD_RRTMK=0 -DBUILD_SBM_FAST=1 -DSHOW_ALL_VARS_USED=0 -DCONFIG_BUF_LEN=65536 -DMAX_DOMAINS_F=21 -DMAX_HISTORY=25 -DNMM_NEST=0 -DWRF_CHEM -DBUILD_CHEM=1 -DWRF_KPP -I. -traditional-cpp -DUSE_NETCDF4_FEATURES -DWRFIO_NCD_LARGE_FILE_SUPPORT   module_bl_camuwpbl_driver.G  > module_bl_camuwpbl_driver.bb
/home/onishi/WRF/tools/standard.exe module_bl_camuwpbl_driver.bb | /lib/cpp -P -nostdinc -I/home/onishi/WRF/external/ioapi_share -traditional-cpp -DUSE_NETCDF4_FEATURES -DWRFIO_NCD_LARGE_FILE_SUPPORT > module_bl_camuwpbl_driver.f90
rm -f module_bl_camuwpbl_driver.G module_bl_camuwpbl_driver.bb
time mpif90 -f90=ifort -o module_bl_camuwpbl_driver.o -c -O3 -ip -fp-model precise -w -ftz -align all -fno-alias -FR -convert big_endian    -I../dyn_em  -I/home/onishi/WRF/external/esmf_time_f90  -I/home/onishi/WRF/main -I/home/onishi/WRF/external/io_netcdf -I/home/onishi/WRF/external/io_int -I/home/onishi/WRF/frame -I/home/onishi/WRF/share -I/home/onishi/WRF/phys -I/home/onishi/WRF/wrftladj -I/home/onishi/WRF/chem -I/home/onishi/WRF/inc -I/home/onishi/NETCDF_DIR2//include  -real-size `expr 8 \* 4` -i4  module_bl_camuwpbl_driver.f90
6.26user 0.24system 0:06.55elapsed 99%CPU (0avgtext+0avgdata 236936maxresident)k
160inputs+936outputs (0major+65217minor)pagefaults 0swaps
rm -f module_mp_cammgmp_driver.o
sed -e "s/^\!.*'.*//" -e "s/^ *\!.*'.*//" module_mp_cammgmp_driver.F > module_mp_cammgmp_driver.G
/lib/cpp -P -nostdinc -I/home/onishi/WRF/external/ioapi_share -I/home/onishi/WRF/inc -DEM_CORE=1 -DNMM_CORE=0 -DNMM_MAX_DIM=2600 -DDA_CORE=0 -DWRFPLUS=0 -DIWORDSIZE=4 -DDWORDSIZE=8 -DRWORDSIZE=4 -DLWORDSIZE=4 -DNONSTANDARD_SYSTEM_FUNC  -DWRF_USE_CLM -DUSE_NETCDF4_FEATURES -DWRFIO_NCD_LARGE_FILE_SUPPORT  -DDM_PARALLEL -DNETCDF -DGRIB2 -DHDF5 -DLANDREAD_STUB=1 -DUSE_ALLOCATABLES -Dwrfmodel -DGRIB1 -DINTIO -DKEEP_INT_AROUND -DLIMIT_ARGS -DBUILD_RRTMG_FAST=0 -DBUILD_RRTMK=0 -DBUILD_SBM_FAST=1 -DSHOW_ALL_VARS_USED=0 -DCONFIG_BUF_LEN=65536 -DMAX_DOMAINS_F=21 -DMAX_HISTORY=25 -DNMM_NEST=0 -DWRF_CHEM -DBUILD_CHEM=1 -DWRF_KPP -I. -traditional-cpp -DUSE_NETCDF4_FEATURES -DWRFIO_NCD_LARGE_FILE_SUPPORT   module_mp_cammgmp_driver.G  > module_mp_cammgmp_driver.bb
/home/onishi/WRF/tools/standard.exe module_mp_cammgmp_driver.bb | /lib/cpp -P -nostdinc -I/home/onishi/WRF/external/ioapi_share -traditional-cpp -DUSE_NETCDF4_FEATURES -DWRFIO_NCD_LARGE_FILE_SUPPORT > module_mp_cammgmp_driver.f90
rm -f module_mp_cammgmp_driver.G module_mp_cammgmp_driver.bb
time mpif90 -f90=ifort -o module_mp_cammgmp_driver.o -c -O3 -ip -fp-model precise -w -ftz -align all -fno-alias -FR -convert big_endian    -I../dyn_em  -I/home/onishi/WRF/external/esmf_time_f90  -I/home/onishi/WRF/main -I/home/onishi/WRF/external/io_netcdf -I/home/onishi/WRF/external/io_int -I/home/onishi/WRF/frame -I/home/onishi/WRF/share -I/home/onishi/WRF/phys -I/home/onishi/WRF/wrftladj -I/home/onishi/WRF/chem -I/home/onishi/WRF/inc -I/home/onishi/NETCDF_DIR2//include  -real-size `expr 8 \* 4` -i4  module_mp_cammgmp_driver.f90
6.24user 0.27system 0:06.56elapsed 99%CPU (0avgtext+0avgdata 220332maxresident)k
280inputs+2440outputs (0major+61413minor)pagefaults 0swaps
rm -f module_shcu_camuwshcu.o
sed -e "s/^\!.*'.*//" -e "s/^ *\!.*'.*//" module_shcu_camuwshcu.F > module_shcu_camuwshcu.G
/lib/cpp -P -nostdinc -I/home/onishi/WRF/external/ioapi_share -I/home/onishi/WRF/inc -DEM_CORE=1 -DNMM_CORE=0 -DNMM_MAX_DIM=2600 -DDA_CORE=0 -DWRFPLUS=0 -DIWORDSIZE=4 -DDWORDSIZE=8 -DRWORDSIZE=4 -DLWORDSIZE=4 -DNONSTANDARD_SYSTEM_FUNC  -DWRF_USE_CLM -DUSE_NETCDF4_FEATURES -DWRFIO_NCD_LARGE_FILE_SUPPORT  -DDM_PARALLEL -DNETCDF -DGRIB2 -DHDF5 -DLANDREAD_STUB=1 -DUSE_ALLOCATABLES -Dwrfmodel -DGRIB1 -DINTIO -DKEEP_INT_AROUND -DLIMIT_ARGS -DBUILD_RRTMG_FAST=0 -DBUILD_RRTMK=0 -DBUILD_SBM_FAST=1 -DSHOW_ALL_VARS_USED=0 -DCONFIG_BUF_LEN=65536 -DMAX_DOMAINS_F=21 -DMAX_HISTORY=25 -DNMM_NEST=0 -DWRF_CHEM -DBUILD_CHEM=1 -DWRF_KPP -I. -traditional-cpp -DUSE_NETCDF4_FEATURES -DWRFIO_NCD_LARGE_FILE_SUPPORT   module_shcu_camuwshcu.G  > module_shcu_camuwshcu.bb
/home/onishi/WRF/tools/standard.exe module_shcu_camuwshcu.bb | /lib/cpp -P -nostdinc -I/home/onishi/WRF/external/ioapi_share -traditional-cpp -DUSE_NETCDF4_FEATURES -DWRFIO_NCD_LARGE_FILE_SUPPORT > module_shcu_camuwshcu.f90
rm -f module_shcu_camuwshcu.G module_shcu_camuwshcu.bb
time mpif90 -f90=ifort -o module_shcu_camuwshcu.o -c -O3 -ip -fp-model precise -w -ftz -align all -fno-alias -FR -convert big_endian    -I../dyn_em  -I/home/onishi/WRF/external/esmf_time_f90  -I/home/onishi/WRF/main -I/home/onishi/WRF/external/io_netcdf -I/home/onishi/WRF/external/io_int -I/home/onishi/WRF/frame -I/home/onishi/WRF/share -I/home/onishi/WRF/phys -I/home/onishi/WRF/wrftladj -I/home/onishi/WRF/chem -I/home/onishi/WRF/inc -I/home/onishi/NETCDF_DIR2//include  -real-size `expr 8 \* 4` -i4  module_shcu_camuwshcu.f90
16.85user 0.59system 0:17.49elapsed 99%CPU (0avgtext+0avgdata 532320maxresident)k
336inputs+3968outputs (0major+141880minor)pagefaults 0swaps
rm -f module_cu_camzm.o
sed -e "s/^\!.*'.*//" -e "s/^ *\!.*'.*//" module_cu_camzm.F > module_cu_camzm.G
/lib/cpp -P -nostdinc -I/home/onishi/WRF/external/ioapi_share -I/home/onishi/WRF/inc -DEM_CORE=1 -DNMM_CORE=0 -DNMM_MAX_DIM=2600 -DDA_CORE=0 -DWRFPLUS=0 -DIWORDSIZE=4 -DDWORDSIZE=8 -DRWORDSIZE=4 -DLWORDSIZE=4 -DNONSTANDARD_SYSTEM_FUNC  -DWRF_USE_CLM -DUSE_NETCDF4_FEATURES -DWRFIO_NCD_LARGE_FILE_SUPPORT  -DDM_PARALLEL -DNETCDF -DGRIB2 -DHDF5 -DLANDREAD_STUB=1 -DUSE_ALLOCATABLES -Dwrfmodel -DGRIB1 -DINTIO -DKEEP_INT_AROUND -DLIMIT_ARGS -DBUILD_RRTMG_FAST=0 -DBUILD_RRTMK=0 -DBUILD_SBM_FAST=1 -DSHOW_ALL_VARS_USED=0 -DCONFIG_BUF_LEN=65536 -DMAX_DOMAINS_F=21 -DMAX_HISTORY=25 -DNMM_NEST=0 -DWRF_CHEM -DBUILD_CHEM=1 -DWRF_KPP -I. -traditional-cpp -DUSE_NETCDF4_FEATURES -DWRFIO_NCD_LARGE_FILE_SUPPORT   module_cu_camzm.G  > module_cu_camzm.bb
/home/onishi/WRF/tools/standard.exe module_cu_camzm.bb | /lib/cpp -P -nostdinc -I/home/onishi/WRF/external/ioapi_share -traditional-cpp -DUSE_NETCDF4_FEATURES -DWRFIO_NCD_LARGE_FILE_SUPPORT > module_cu_camzm.f90
rm -f module_cu_camzm.G module_cu_camzm.bb
time mpif90 -f90=ifort -o module_cu_camzm.o -c -O3 -ip -fp-model precise -w -ftz -align all -fno-alias -FR -convert big_endian    -I../dyn_em  -I/home/onishi/WRF/external/esmf_time_f90  -I/home/onishi/WRF/main -I/home/onishi/WRF/external/io_netcdf -I/home/onishi/WRF/external/io_int -I/home/onishi/WRF/frame -I/home/onishi/WRF/share -I/home/onishi/WRF/phys -I/home/onishi/WRF/wrftladj -I/home/onishi/WRF/chem -I/home/onishi/WRF/inc -I/home/onishi/NETCDF_DIR2//include  -real-size `expr 8 \* 4` -i4  module_cu_camzm.f90
5.97user 0.21system 0:06.22elapsed 99%CPU (0avgtext+0avgdata 135752maxresident)k
168inputs+2056outputs (0major+35342minor)pagefaults 0swaps
rm -f module_cu_kfcup.o
sed -e "s/^\!.*'.*//" -e "s/^ *\!.*'.*//" module_cu_kfcup.F > module_cu_kfcup.G
/lib/cpp -P -nostdinc -I/home/onishi/WRF/external/ioapi_share -I/home/onishi/WRF/inc -DEM_CORE=1 -DNMM_CORE=0 -DNMM_MAX_DIM=2600 -DDA_CORE=0 -DWRFPLUS=0 -DIWORDSIZE=4 -DDWORDSIZE=8 -DRWORDSIZE=4 -DLWORDSIZE=4 -DNONSTANDARD_SYSTEM_FUNC  -DWRF_USE_CLM -DUSE_NETCDF4_FEATURES -DWRFIO_NCD_LARGE_FILE_SUPPORT  -DDM_PARALLEL -DNETCDF -DGRIB2 -DHDF5 -DLANDREAD_STUB=1 -DUSE_ALLOCATABLES -Dwrfmodel -DGRIB1 -DINTIO -DKEEP_INT_AROUND -DLIMIT_ARGS -DBUILD_RRTMG_FAST=0 -DBUILD_RRTMK=0 -DBUILD_SBM_FAST=1 -DSHOW_ALL_VARS_USED=0 -DCONFIG_BUF_LEN=65536 -DMAX_DOMAINS_F=21 -DMAX_HISTORY=25 -DNMM_NEST=0 -DWRF_CHEM -DBUILD_CHEM=1 -DWRF_KPP -I. -traditional-cpp -DUSE_NETCDF4_FEATURES -DWRFIO_NCD_LARGE_FILE_SUPPORT   module_cu_kfcup.G  > module_cu_kfcup.bb
/home/onishi/WRF/tools/standard.exe module_cu_kfcup.bb | /lib/cpp -P -nostdinc -I/home/onishi/WRF/external/ioapi_share -traditional-cpp -DUSE_NETCDF4_FEATURES -DWRFIO_NCD_LARGE_FILE_SUPPORT > module_cu_kfcup.f90
rm -f module_cu_kfcup.G module_cu_kfcup.bb
time mpif90 -f90=ifort -o module_cu_kfcup.o -c -O3 -ip -fp-model precise -w -ftz -align all -fno-alias -FR -convert big_endian    -I../dyn_em  -I/home/onishi/WRF/external/esmf_time_f90  -I/home/onishi/WRF/main -I/home/onishi/WRF/external/io_netcdf -I/home/onishi/WRF/external/io_int -I/home/onishi/WRF/frame -I/home/onishi/WRF/share -I/home/onishi/WRF/phys -I/home/onishi/WRF/wrftladj -I/home/onishi/WRF/chem -I/home/onishi/WRF/inc -I/home/onishi/NETCDF_DIR2//include  -real-size `expr 8 \* 4` -i4  module_cu_kfcup.f90
22.08user 0.36system 0:22.50elapsed 99%CPU (0avgtext+0avgdata 303560maxresident)k
624inputs+4056outputs (0major+99075minor)pagefaults 0swaps
rm -f module_pbl_driver.o
sed -e "s/^\!.*'.*//" -e "s/^ *\!.*'.*//" module_pbl_driver.F > module_pbl_driver.G
/lib/cpp -P -nostdinc -I/home/onishi/WRF/external/ioapi_share -I/home/onishi/WRF/inc -DEM_CORE=1 -DNMM_CORE=0 -DNMM_MAX_DIM=2600 -DDA_CORE=0 -DWRFPLUS=0 -DIWORDSIZE=4 -DDWORDSIZE=8 -DRWORDSIZE=4 -DLWORDSIZE=4 -DNONSTANDARD_SYSTEM_FUNC  -DWRF_USE_CLM -DUSE_NETCDF4_FEATURES -DWRFIO_NCD_LARGE_FILE_SUPPORT  -DDM_PARALLEL -DNETCDF -DGRIB2 -DHDF5 -DLANDREAD_STUB=1 -DUSE_ALLOCATABLES -Dwrfmodel -DGRIB1 -DINTIO -DKEEP_INT_AROUND -DLIMIT_ARGS -DBUILD_RRTMG_FAST=0 -DBUILD_RRTMK=0 -DBUILD_SBM_FAST=1 -DSHOW_ALL_VARS_USED=0 -DCONFIG_BUF_LEN=65536 -DMAX_DOMAINS_F=21 -DMAX_HISTORY=25 -DNMM_NEST=0 -DWRF_CHEM -DBUILD_CHEM=1 -DWRF_KPP -I. -traditional-cpp -DUSE_NETCDF4_FEATURES -DWRFIO_NCD_LARGE_FILE_SUPPORT   module_pbl_driver.G  > module_pbl_driver.bb
/home/onishi/WRF/tools/standard.exe module_pbl_driver.bb | /lib/cpp -P -nostdinc -I/home/onishi/WRF/external/ioapi_share -traditional-cpp -DUSE_NETCDF4_FEATURES -DWRFIO_NCD_LARGE_FILE_SUPPORT > module_pbl_driver.f90
rm -f module_pbl_driver.G module_pbl_driver.bb
time mpif90 -f90=ifort -o module_pbl_driver.o -c -O3 -ip -fp-model precise -w -ftz -align all -fno-alias -FR -convert big_endian    -I../dyn_em  -I/home/onishi/WRF/external/esmf_time_f90  -I/home/onishi/WRF/main -I/home/onishi/WRF/external/io_netcdf -I/home/onishi/WRF/external/io_int -I/home/onishi/WRF/frame -I/home/onishi/WRF/share -I/home/onishi/WRF/phys -I/home/onishi/WRF/wrftladj -I/home/onishi/WRF/chem -I/home/onishi/WRF/inc -I/home/onishi/NETCDF_DIR2//include  -real-size `expr 8 \* 4` -i4  module_pbl_driver.f90
6.04user 0.26system 0:06.38elapsed 98%CPU (0avgtext+0avgdata 228040maxresident)k
5440inputs+2448outputs (0major+62587minor)pagefaults 0swaps
rm -f module_microphysics_driver.o
sed -e "s/^\!.*'.*//" -e "s/^ *\!.*'.*//" module_microphysics_driver.F > module_microphysics_driver.G
/lib/cpp -P -nostdinc -I/home/onishi/WRF/external/ioapi_share -I/home/onishi/WRF/inc -DEM_CORE=1 -DNMM_CORE=0 -DNMM_MAX_DIM=2600 -DDA_CORE=0 -DWRFPLUS=0 -DIWORDSIZE=4 -DDWORDSIZE=8 -DRWORDSIZE=4 -DLWORDSIZE=4 -DNONSTANDARD_SYSTEM_FUNC  -DWRF_USE_CLM -DUSE_NETCDF4_FEATURES -DWRFIO_NCD_LARGE_FILE_SUPPORT  -DDM_PARALLEL -DNETCDF -DGRIB2 -DHDF5 -DLANDREAD_STUB=1 -DUSE_ALLOCATABLES -Dwrfmodel -DGRIB1 -DINTIO -DKEEP_INT_AROUND -DLIMIT_ARGS -DBUILD_RRTMG_FAST=0 -DBUILD_RRTMK=0 -DBUILD_SBM_FAST=1 -DSHOW_ALL_VARS_USED=0 -DCONFIG_BUF_LEN=65536 -DMAX_DOMAINS_F=21 -DMAX_HISTORY=25 -DNMM_NEST=0 -DWRF_CHEM -DBUILD_CHEM=1 -DWRF_KPP -I. -traditional-cpp -DUSE_NETCDF4_FEATURES -DWRFIO_NCD_LARGE_FILE_SUPPORT   module_microphysics_driver.G  > module_microphysics_driver.bb
/home/onishi/WRF/tools/standard.exe module_microphysics_driver.bb | /lib/cpp -P -nostdinc -I/home/onishi/WRF/external/ioapi_share -traditional-cpp -DUSE_NETCDF4_FEATURES -DWRFIO_NCD_LARGE_FILE_SUPPORT > module_microphysics_driver.f90
rm -f module_microphysics_driver.G module_microphysics_driver.bb
time mpif90 -f90=ifort -o module_microphysics_driver.o -c -O3 -ip -fp-model precise -w -ftz -align all -fno-alias -FR -convert big_endian    -I../dyn_em  -I/home/onishi/WRF/external/esmf_time_f90  -I/home/onishi/WRF/main -I/home/onishi/WRF/external/io_netcdf -I/home/onishi/WRF/external/io_int -I/home/onishi/WRF/frame -I/home/onishi/WRF/share -I/home/onishi/WRF/phys -I/home/onishi/WRF/wrftladj -I/home/onishi/WRF/chem -I/home/onishi/WRF/inc -I/home/onishi/NETCDF_DIR2//include  -real-size `expr 8 \* 4` -i4  module_microphysics_driver.f90
3.65user 0.27system 0:03.98elapsed 98%CPU (0avgtext+0avgdata 226800maxresident)k
4456inputs+3200outputs (0major+54393minor)pagefaults 0swaps
rm -f module_fr_fire_driver_wrf.o
sed -e "s/^\!.*'.*//" -e "s/^ *\!.*'.*//" module_fr_fire_driver_wrf.F > module_fr_fire_driver_wrf.G
/lib/cpp -P -nostdinc -I/home/onishi/WRF/external/ioapi_share -I/home/onishi/WRF/inc -DEM_CORE=1 -DNMM_CORE=0 -DNMM_MAX_DIM=2600 -DDA_CORE=0 -DWRFPLUS=0 -DIWORDSIZE=4 -DDWORDSIZE=8 -DRWORDSIZE=4 -DLWORDSIZE=4 -DNONSTANDARD_SYSTEM_FUNC  -DWRF_USE_CLM -DUSE_NETCDF4_FEATURES -DWRFIO_NCD_LARGE_FILE_SUPPORT  -DDM_PARALLEL -DNETCDF -DGRIB2 -DHDF5 -DLANDREAD_STUB=1 -DUSE_ALLOCATABLES -Dwrfmodel -DGRIB1 -DINTIO -DKEEP_INT_AROUND -DLIMIT_ARGS -DBUILD_RRTMG_FAST=0 -DBUILD_RRTMK=0 -DBUILD_SBM_FAST=1 -DSHOW_ALL_VARS_USED=0 -DCONFIG_BUF_LEN=65536 -DMAX_DOMAINS_F=21 -DMAX_HISTORY=25 -DNMM_NEST=0 -DWRF_CHEM -DBUILD_CHEM=1 -DWRF_KPP -I. -traditional-cpp -DUSE_NETCDF4_FEATURES -DWRFIO_NCD_LARGE_FILE_SUPPORT   module_fr_fire_driver_wrf.G  > module_fr_fire_driver_wrf.bb
/home/onishi/WRF/tools/standard.exe module_fr_fire_driver_wrf.bb | /lib/cpp -P -nostdinc -I/home/onishi/WRF/external/ioapi_share -traditional-cpp -DUSE_NETCDF4_FEATURES -DWRFIO_NCD_LARGE_FILE_SUPPORT > module_fr_fire_driver_wrf.f90
rm -f module_fr_fire_driver_wrf.G module_fr_fire_driver_wrf.bb
time mpif90 -f90=ifort -o module_fr_fire_driver_wrf.o -c -O3 -ip -fp-model precise -w -ftz -align all -fno-alias -FR -convert big_endian    -I../dyn_em  -I/home/onishi/WRF/external/esmf_time_f90  -I/home/onishi/WRF/main -I/home/onishi/WRF/external/io_netcdf -I/home/onishi/WRF/external/io_int -I/home/onishi/WRF/frame -I/home/onishi/WRF/share -I/home/onishi/WRF/phys -I/home/onishi/WRF/wrftladj -I/home/onishi/WRF/chem -I/home/onishi/WRF/inc -I/home/onishi/NETCDF_DIR2//include  -real-size `expr 8 \* 4` -i4  module_fr_fire_driver_wrf.f90
2.14user 0.16system 0:02.36elapsed 97%CPU (0avgtext+0avgdata 117704maxresident)k
3416inputs+11048outputs (0major+25538minor)pagefaults 0swaps
rm -f module_shcu_camuwshcu_driver.o
sed -e "s/^\!.*'.*//" -e "s/^ *\!.*'.*//" module_shcu_camuwshcu_driver.F > module_shcu_camuwshcu_driver.G
/lib/cpp -P -nostdinc -I/home/onishi/WRF/external/ioapi_share -I/home/onishi/WRF/inc -DEM_CORE=1 -DNMM_CORE=0 -DNMM_MAX_DIM=2600 -DDA_CORE=0 -DWRFPLUS=0 -DIWORDSIZE=4 -DDWORDSIZE=8 -DRWORDSIZE=4 -DLWORDSIZE=4 -DNONSTANDARD_SYSTEM_FUNC  -DWRF_USE_CLM -DUSE_NETCDF4_FEATURES -DWRFIO_NCD_LARGE_FILE_SUPPORT  -DDM_PARALLEL -DNETCDF -DGRIB2 -DHDF5 -DLANDREAD_STUB=1 -DUSE_ALLOCATABLES -Dwrfmodel -DGRIB1 -DINTIO -DKEEP_INT_AROUND -DLIMIT_ARGS -DBUILD_RRTMG_FAST=0 -DBUILD_RRTMK=0 -DBUILD_SBM_FAST=1 -DSHOW_ALL_VARS_USED=0 -DCONFIG_BUF_LEN=65536 -DMAX_DOMAINS_F=21 -DMAX_HISTORY=25 -DNMM_NEST=0 -DWRF_CHEM -DBUILD_CHEM=1 -DWRF_KPP -I. -traditional-cpp -DUSE_NETCDF4_FEATURES -DWRFIO_NCD_LARGE_FILE_SUPPORT   module_shcu_camuwshcu_driver.G  > module_shcu_camuwshcu_driver.bb
/home/onishi/WRF/tools/standard.exe module_shcu_camuwshcu_driver.bb | /lib/cpp -P -nostdinc -I/home/onishi/WRF/external/ioapi_share -traditional-cpp -DUSE_NETCDF4_FEATURES -DWRFIO_NCD_LARGE_FILE_SUPPORT > module_shcu_camuwshcu_driver.f90
rm -f module_shcu_camuwshcu_driver.G module_shcu_camuwshcu_driver.bb
time mpif90 -f90=ifort -o module_shcu_camuwshcu_driver.o -c -O3 -ip -fp-model precise -w -ftz -align all -fno-alias -FR -convert big_endian    -I../dyn_em  -I/home/onishi/WRF/external/esmf_time_f90  -I/home/onishi/WRF/main -I/home/onishi/WRF/external/io_netcdf -I/home/onishi/WRF/external/io_int -I/home/onishi/WRF/frame -I/home/onishi/WRF/share -I/home/onishi/WRF/phys -I/home/onishi/WRF/wrftladj -I/home/onishi/WRF/chem -I/home/onishi/WRF/inc -I/home/onishi/NETCDF_DIR2//include  -real-size `expr 8 \* 4` -i4  module_shcu_camuwshcu_driver.f90
1.15user 0.14system 0:01.32elapsed 97%CPU (0avgtext+0avgdata 119504maxresident)k
128inputs+480outputs (0major+25976minor)pagefaults 0swaps
rm -f module_cu_camzm_driver.o
sed -e "s/^\!.*'.*//" -e "s/^ *\!.*'.*//" module_cu_camzm_driver.F > module_cu_camzm_driver.G
/lib/cpp -P -nostdinc -I/home/onishi/WRF/external/ioapi_share -I/home/onishi/WRF/inc -DEM_CORE=1 -DNMM_CORE=0 -DNMM_MAX_DIM=2600 -DDA_CORE=0 -DWRFPLUS=0 -DIWORDSIZE=4 -DDWORDSIZE=8 -DRWORDSIZE=4 -DLWORDSIZE=4 -DNONSTANDARD_SYSTEM_FUNC  -DWRF_USE_CLM -DUSE_NETCDF4_FEATURES -DWRFIO_NCD_LARGE_FILE_SUPPORT  -DDM_PARALLEL -DNETCDF -DGRIB2 -DHDF5 -DLANDREAD_STUB=1 -DUSE_ALLOCATABLES -Dwrfmodel -DGRIB1 -DINTIO -DKEEP_INT_AROUND -DLIMIT_ARGS -DBUILD_RRTMG_FAST=0 -DBUILD_RRTMK=0 -DBUILD_SBM_FAST=1 -DSHOW_ALL_VARS_USED=0 -DCONFIG_BUF_LEN=65536 -DMAX_DOMAINS_F=21 -DMAX_HISTORY=25 -DNMM_NEST=0 -DWRF_CHEM -DBUILD_CHEM=1 -DWRF_KPP -I. -traditional-cpp -DUSE_NETCDF4_FEATURES -DWRFIO_NCD_LARGE_FILE_SUPPORT   module_cu_camzm_driver.G  > module_cu_camzm_driver.bb
/home/onishi/WRF/tools/standard.exe module_cu_camzm_driver.bb | /lib/cpp -P -nostdinc -I/home/onishi/WRF/external/ioapi_share -traditional-cpp -DUSE_NETCDF4_FEATURES -DWRFIO_NCD_LARGE_FILE_SUPPORT > module_cu_camzm_driver.f90
rm -f module_cu_camzm_driver.G module_cu_camzm_driver.bb
time mpif90 -f90=ifort -o module_cu_camzm_driver.o -c -O3 -ip -fp-model precise -w -ftz -align all -fno-alias -FR -convert big_endian    -I../dyn_em  -I/home/onishi/WRF/external/esmf_time_f90  -I/home/onishi/WRF/main -I/home/onishi/WRF/external/io_netcdf -I/home/onishi/WRF/external/io_int -I/home/onishi/WRF/frame -I/home/onishi/WRF/share -I/home/onishi/WRF/phys -I/home/onishi/WRF/wrftladj -I/home/onishi/WRF/chem -I/home/onishi/WRF/inc -I/home/onishi/NETCDF_DIR2//include  -real-size `expr 8 \* 4` -i4  module_cu_camzm_driver.f90
7.13user 0.25system 0:07.41elapsed 99%CPU (0avgtext+0avgdata 210404maxresident)k
120inputs+1080outputs (0major+56451minor)pagefaults 0swaps
rm -f module_shallowcu_driver.o
sed -e "s/^\!.*'.*//" -e "s/^ *\!.*'.*//" module_shallowcu_driver.F > module_shallowcu_driver.G
/lib/cpp -P -nostdinc -I/home/onishi/WRF/external/ioapi_share -I/home/onishi/WRF/inc -DEM_CORE=1 -DNMM_CORE=0 -DNMM_MAX_DIM=2600 -DDA_CORE=0 -DWRFPLUS=0 -DIWORDSIZE=4 -DDWORDSIZE=8 -DRWORDSIZE=4 -DLWORDSIZE=4 -DNONSTANDARD_SYSTEM_FUNC  -DWRF_USE_CLM -DUSE_NETCDF4_FEATURES -DWRFIO_NCD_LARGE_FILE_SUPPORT  -DDM_PARALLEL -DNETCDF -DGRIB2 -DHDF5 -DLANDREAD_STUB=1 -DUSE_ALLOCATABLES -Dwrfmodel -DGRIB1 -DINTIO -DKEEP_INT_AROUND -DLIMIT_ARGS -DBUILD_RRTMG_FAST=0 -DBUILD_RRTMK=0 -DBUILD_SBM_FAST=1 -DSHOW_ALL_VARS_USED=0 -DCONFIG_BUF_LEN=65536 -DMAX_DOMAINS_F=21 -DMAX_HISTORY=25 -DNMM_NEST=0 -DWRF_CHEM -DBUILD_CHEM=1 -DWRF_KPP -I. -traditional-cpp -DUSE_NETCDF4_FEATURES -DWRFIO_NCD_LARGE_FILE_SUPPORT   module_shallowcu_driver.G  > module_shallowcu_driver.bb
/home/onishi/WRF/tools/standard.exe module_shallowcu_driver.bb | /lib/cpp -P -nostdinc -I/home/onishi/WRF/external/ioapi_share -traditional-cpp -DUSE_NETCDF4_FEATURES -DWRFIO_NCD_LARGE_FILE_SUPPORT > module_shallowcu_driver.f90
rm -f module_shallowcu_driver.G module_shallowcu_driver.bb
time mpif90 -f90=ifort -o module_shallowcu_driver.o -c -O3 -ip -fp-model precise -w -ftz -align all -fno-alias -FR -convert big_endian    -I../dyn_em  -I/home/onishi/WRF/external/esmf_time_f90  -I/home/onishi/WRF/main -I/home/onishi/WRF/external/io_netcdf -I/home/onishi/WRF/external/io_int -I/home/onishi/WRF/frame -I/home/onishi/WRF/share -I/home/onishi/WRF/phys -I/home/onishi/WRF/wrftladj -I/home/onishi/WRF/chem -I/home/onishi/WRF/inc -I/home/onishi/NETCDF_DIR2//include  -real-size `expr 8 \* 4` -i4  module_shallowcu_driver.f90
1.10user 0.17system 0:01.30elapsed 97%CPU (0avgtext+0avgdata 96016maxresident)k
568inputs+600outputs (0major+20542minor)pagefaults 0swaps
rm -f module_cumulus_driver.o
sed -e "s/^\!.*'.*//" -e "s/^ *\!.*'.*//" module_cumulus_driver.F > module_cumulus_driver.G
/lib/cpp -P -nostdinc -I/home/onishi/WRF/external/ioapi_share -I/home/onishi/WRF/inc -DEM_CORE=1 -DNMM_CORE=0 -DNMM_MAX_DIM=2600 -DDA_CORE=0 -DWRFPLUS=0 -DIWORDSIZE=4 -DDWORDSIZE=8 -DRWORDSIZE=4 -DLWORDSIZE=4 -DNONSTANDARD_SYSTEM_FUNC  -DWRF_USE_CLM -DUSE_NETCDF4_FEATURES -DWRFIO_NCD_LARGE_FILE_SUPPORT  -DDM_PARALLEL -DNETCDF -DGRIB2 -DHDF5 -DLANDREAD_STUB=1 -DUSE_ALLOCATABLES -Dwrfmodel -DGRIB1 -DINTIO -DKEEP_INT_AROUND -DLIMIT_ARGS -DBUILD_RRTMG_FAST=0 -DBUILD_RRTMK=0 -DBUILD_SBM_FAST=1 -DSHOW_ALL_VARS_USED=0 -DCONFIG_BUF_LEN=65536 -DMAX_DOMAINS_F=21 -DMAX_HISTORY=25 -DNMM_NEST=0 -DWRF_CHEM -DBUILD_CHEM=1 -DWRF_KPP -I. -traditional-cpp -DUSE_NETCDF4_FEATURES -DWRFIO_NCD_LARGE_FILE_SUPPORT   module_cumulus_driver.G  > module_cumulus_driver.bb
/home/onishi/WRF/tools/standard.exe module_cumulus_driver.bb | /lib/cpp -P -nostdinc -I/home/onishi/WRF/external/ioapi_share -traditional-cpp -DUSE_NETCDF4_FEATURES -DWRFIO_NCD_LARGE_FILE_SUPPORT > module_cumulus_driver.f90
rm -f module_cumulus_driver.G module_cumulus_driver.bb
time mpif90 -f90=ifort -o module_cumulus_driver.o -c -O3 -ip -fp-model precise -w -ftz -align all -fno-alias -FR -convert big_endian    -I../dyn_em  -I/home/onishi/WRF/external/esmf_time_f90  -I/home/onishi/WRF/main -I/home/onishi/WRF/external/io_netcdf -I/home/onishi/WRF/external/io_int -I/home/onishi/WRF/frame -I/home/onishi/WRF/share -I/home/onishi/WRF/phys -I/home/onishi/WRF/wrftladj -I/home/onishi/WRF/chem -I/home/onishi/WRF/inc -I/home/onishi/NETCDF_DIR2//include  -real-size `expr 8 \* 4` -i4  module_cumulus_driver.f90
2.80user 0.78system 0:03.64elapsed 98%CPU (0avgtext+0avgdata 488904maxresident)k
3104inputs+4008outputs (0major+121016minor)pagefaults 0swaps
709.23user 14.31system 12:03.82elapsed 99%CPU (0avgtext+0avgdata 2372956maxresident)k
27760inputs+61576outputs (0major+1382548minor)pagefaults 0swaps
rm -f module_physics_init.o
rm -f module_surface_driver.o
/lib/cpp -P -nostdinc -I/home/onishi/WRF/external/ioapi_share -I/home/onishi/WRF/inc -DEM_CORE=1 -DNMM_CORE=0 -DNMM_MAX_DIM=2600 -DDA_CORE=0 -DWRFPLUS=0 -DIWORDSIZE=4 -DDWORDSIZE=8 -DRWORDSIZE=4 -DLWORDSIZE=4 -DNONSTANDARD_SYSTEM_FUNC  -DWRF_USE_CLM -DUSE_NETCDF4_FEATURES -DWRFIO_NCD_LARGE_FILE_SUPPORT  -DDM_PARALLEL -DNETCDF -DGRIB2 -DHDF5 -DLANDREAD_STUB=1 -DUSE_ALLOCATABLES -Dwrfmodel -DGRIB1 -DINTIO -DKEEP_INT_AROUND -DLIMIT_ARGS -DBUILD_RRTMG_FAST=0 -DBUILD_RRTMK=0 -DBUILD_SBM_FAST=1 -DSHOW_ALL_VARS_USED=0 -DCONFIG_BUF_LEN=65536 -DMAX_DOMAINS_F=21 -DMAX_HISTORY=25 -DNMM_NEST=0 -DWRF_CHEM -DBUILD_CHEM=1 -DWRF_KPP -I. -traditional-cpp -DUSE_NETCDF4_FEATURES -DWRFIO_NCD_LARGE_FILE_SUPPORT   module_physics_init.F  > module_physics_init.bb
sed -e "s/^\!.*'.*//" -e "s/^ *\!.*'.*//" module_surface_driver.F > module_surface_driver.G
/lib/cpp -P -nostdinc -I/home/onishi/WRF/external/ioapi_share -I/home/onishi/WRF/inc -DEM_CORE=1 -DNMM_CORE=0 -DNMM_MAX_DIM=2600 -DDA_CORE=0 -DWRFPLUS=0 -DIWORDSIZE=4 -DDWORDSIZE=8 -DRWORDSIZE=4 -DLWORDSIZE=4 -DNONSTANDARD_SYSTEM_FUNC  -DWRF_USE_CLM -DUSE_NETCDF4_FEATURES -DWRFIO_NCD_LARGE_FILE_SUPPORT  -DDM_PARALLEL -DNETCDF -DGRIB2 -DHDF5 -DLANDREAD_STUB=1 -DUSE_ALLOCATABLES -Dwrfmodel -DGRIB1 -DINTIO -DKEEP_INT_AROUND -DLIMIT_ARGS -DBUILD_RRTMG_FAST=0 -DBUILD_RRTMK=0 -DBUILD_SBM_FAST=1 -DSHOW_ALL_VARS_USED=0 -DCONFIG_BUF_LEN=65536 -DMAX_DOMAINS_F=21 -DMAX_HISTORY=25 -DNMM_NEST=0 -DWRF_CHEM -DBUILD_CHEM=1 -DWRF_KPP -I. -traditional-cpp -DUSE_NETCDF4_FEATURES -DWRFIO_NCD_LARGE_FILE_SUPPORT   module_surface_driver.G  > module_surface_driver.bb
/home/onishi/WRF/tools/standard.exe module_physics_init.bb | /lib/cpp -P -nostdinc -I/home/onishi/WRF/external/ioapi_share -traditional-cpp -DUSE_NETCDF4_FEATURES -DWRFIO_NCD_LARGE_FILE_SUPPORT > module_physics_init.f90
/home/onishi/WRF/tools/standard.exe module_surface_driver.bb | /lib/cpp -P -nostdinc -I/home/onishi/WRF/external/ioapi_share -traditional-cpp -DUSE_NETCDF4_FEATURES -DWRFIO_NCD_LARGE_FILE_SUPPORT > module_surface_driver.f90
rm -f module_physics_init.b module_physics_init.bb
time mpif90 -f90=ifort -c -real-size `expr 8 \* 4` -i4  -O0 -fno-inline -no-ip -ip -fp-model precise -w -ftz -align all -fno-alias -FR -convert big_endian   -I../dyn_em  -I/home/onishi/WRF/external/esmf_time_f90  -I/home/onishi/WRF/main -I/home/onishi/WRF/external/io_netcdf -I/home/onishi/WRF/external/io_int -I/home/onishi/WRF/frame -I/home/onishi/WRF/share -I/home/onishi/WRF/phys -I/home/onishi/WRF/wrftladj -I/home/onishi/WRF/chem -I/home/onishi/WRF/inc -I/home/onishi/NETCDF_DIR2//include   module_physics_init.f90
rm -f module_surface_driver.G module_surface_driver.bb
time mpif90 -f90=ifort -o module_surface_driver.o -c -O3 -ip -fp-model precise -w -ftz -align all -fno-alias -FR -convert big_endian    -I../dyn_em  -I/home/onishi/WRF/external/esmf_time_f90  -I/home/onishi/WRF/main -I/home/onishi/WRF/external/io_netcdf -I/home/onishi/WRF/external/io_int -I/home/onishi/WRF/frame -I/home/onishi/WRF/share -I/home/onishi/WRF/phys -I/home/onishi/WRF/wrftladj -I/home/onishi/WRF/chem -I/home/onishi/WRF/inc -I/home/onishi/NETCDF_DIR2//include  -real-size `expr 8 \* 4` -i4  module_surface_driver.f90
1.79user 0.24system 0:02.12elapsed 96%CPU (0avgtext+0avgdata 151440maxresident)k
496inputs+6808outputs (0major+37508minor)pagefaults 0swaps
12.41user 0.39system 0:12.85elapsed 99%CPU (0avgtext+0avgdata 426148maxresident)k
7896inputs+7824outputs (0major+114313minor)pagefaults 0swaps
make[3]: Leaving directory '/home/onishi/WRF/phys'
ar: `u' modifier ignored since `D' is the default (see `U')
make[2]: Leaving directory '/home/onishi/WRF/phys'
make[1]: Leaving directory '/home/onishi/WRF'
------------------------------------------------------------------------------
NoahMP submodule files populating WRF directories
------------------------------------------------------------------------------
if [ 1  -eq 1 ]    ; then make -i -r MODULE_DIRS="-I../dyn_em  -I/home/onishi/WRF/external/esmf_time_f90  -I/home/onishi/WRF/main -I/home/onishi/WRF/external/io_netcdf -I/home/onishi/WRF/external/io_int -I/home/onishi/WRF/frame -I/home/onishi/WRF/share -I/home/onishi/WRF/phys -I/home/onishi/WRF/wrftladj -I/home/onishi/WRF/chem -I/home/onishi/WRF/inc -I/home/onishi/NETCDF_DIR2//include " chemics ; fi
make[1]: Entering directory '/home/onishi/WRF'
--------------------------------------
if [ 1 -eq 1 ] ; then ( cd chem ; make -i -r ) ; fi
make[2]: Entering directory '/home/onishi/WRF/chem'
rm -f module_data_isrpia_data.o
sed -e "s/^\!.*'.*//" -e "s/^ *\!.*'.*//" module_data_isrpia_data.F > module_data_isrpia_data.G
/lib/cpp -P -nostdinc -I/home/onishi/WRF/external/ioapi_share -I/home/onishi/WRF/inc -DEM_CORE=1 -DNMM_CORE=0 -DNMM_MAX_DIM=2600 -DDA_CORE=0 -DWRFPLUS=0 -DIWORDSIZE=4 -DDWORDSIZE=8 -DRWORDSIZE=4 -DLWORDSIZE=4 -DNONSTANDARD_SYSTEM_FUNC  -DWRF_USE_CLM -DUSE_NETCDF4_FEATURES -DWRFIO_NCD_LARGE_FILE_SUPPORT  -DDM_PARALLEL -DNETCDF -DGRIB2 -DHDF5 -DLANDREAD_STUB=1 -DUSE_ALLOCATABLES -Dwrfmodel -DGRIB1 -DINTIO -DKEEP_INT_AROUND -DLIMIT_ARGS -DBUILD_RRTMG_FAST=0 -DBUILD_RRTMK=0 -DBUILD_SBM_FAST=1 -DSHOW_ALL_VARS_USED=0 -DCONFIG_BUF_LEN=65536 -DMAX_DOMAINS_F=21 -DMAX_HISTORY=25 -DNMM_NEST=0 -DWRF_CHEM -DBUILD_CHEM=1 -DWRF_KPP -I. -traditional-cpp -DUSE_NETCDF4_FEATURES -DWRFIO_NCD_LARGE_FILE_SUPPORT   module_data_isrpia_data.G  > module_data_isrpia_data.bb
/home/onishi/WRF/tools/standard.exe module_data_isrpia_data.bb | /lib/cpp -P -nostdinc -I/home/onishi/WRF/external/ioapi_share -traditional-cpp -DUSE_NETCDF4_FEATURES -DWRFIO_NCD_LARGE_FILE_SUPPORT > module_data_isrpia_data.f90
rm -f module_data_isrpia_data.G module_data_isrpia_data.bb
time mpif90 -f90=ifort -o module_data_isrpia_data.o -c -O3 -ip -fp-model precise -w -ftz -align all -fno-alias -FR -convert big_endian    -I../dyn_em  -I/home/onishi/WRF/external/esmf_time_f90  -I/home/onishi/WRF/main -I/home/onishi/WRF/external/io_netcdf -I/home/onishi/WRF/external/io_int -I/home/onishi/WRF/frame -I/home/onishi/WRF/share -I/home/onishi/WRF/phys -I/home/onishi/WRF/wrftladj -I/home/onishi/WRF/chem -I/home/onishi/WRF/inc -I/home/onishi/NETCDF_DIR2//include  -real-size `expr 8 \* 4` -i4  module_data_isrpia_data.f90
0.01user 0.05system 0:00.10elapsed 73%CPU (0avgtext+0avgdata 38908maxresident)k
24inputs+128outputs (0major+6157minor)pagefaults 0swaps
rm -f module_data_ISRPIA.o
sed -e "s/^\!.*'.*//" -e "s/^ *\!.*'.*//" module_data_ISRPIA.F > module_data_ISRPIA.G
/lib/cpp -P -nostdinc -I/home/onishi/WRF/external/ioapi_share -I/home/onishi/WRF/inc -DEM_CORE=1 -DNMM_CORE=0 -DNMM_MAX_DIM=2600 -DDA_CORE=0 -DWRFPLUS=0 -DIWORDSIZE=4 -DDWORDSIZE=8 -DRWORDSIZE=4 -DLWORDSIZE=4 -DNONSTANDARD_SYSTEM_FUNC  -DWRF_USE_CLM -DUSE_NETCDF4_FEATURES -DWRFIO_NCD_LARGE_FILE_SUPPORT  -DDM_PARALLEL -DNETCDF -DGRIB2 -DHDF5 -DLANDREAD_STUB=1 -DUSE_ALLOCATABLES -Dwrfmodel -DGRIB1 -DINTIO -DKEEP_INT_AROUND -DLIMIT_ARGS -DBUILD_RRTMG_FAST=0 -DBUILD_RRTMK=0 -DBUILD_SBM_FAST=1 -DSHOW_ALL_VARS_USED=0 -DCONFIG_BUF_LEN=65536 -DMAX_DOMAINS_F=21 -DMAX_HISTORY=25 -DNMM_NEST=0 -DWRF_CHEM -DBUILD_CHEM=1 -DWRF_KPP -I. -traditional-cpp -DUSE_NETCDF4_FEATURES -DWRFIO_NCD_LARGE_FILE_SUPPORT   module_data_ISRPIA.G  > module_data_ISRPIA.bb
/home/onishi/WRF/tools/standard.exe module_data_ISRPIA.bb | /lib/cpp -P -nostdinc -I/home/onishi/WRF/external/ioapi_share -traditional-cpp -DUSE_NETCDF4_FEATURES -DWRFIO_NCD_LARGE_FILE_SUPPORT > module_data_ISRPIA.f90
rm -f module_data_ISRPIA.G module_data_ISRPIA.bb
time mpif90 -f90=ifort -o module_data_ISRPIA.o -c -O3 -ip -fp-model precise -w -ftz -align all -fno-alias -FR -convert big_endian    -I../dyn_em  -I/home/onishi/WRF/external/esmf_time_f90  -I/home/onishi/WRF/main -I/home/onishi/WRF/external/io_netcdf -I/home/onishi/WRF/external/io_int -I/home/onishi/WRF/frame -I/home/onishi/WRF/share -I/home/onishi/WRF/phys -I/home/onishi/WRF/wrftladj -I/home/onishi/WRF/chem -I/home/onishi/WRF/inc -I/home/onishi/NETCDF_DIR2//include  -real-size `expr 8 \* 4` -i4  module_data_ISRPIA.f90
0.00user 0.06system 0:00.07elapsed 88%CPU (0avgtext+0avgdata 38124maxresident)k
32inputs+104outputs (0major+6000minor)pagefaults 0swaps
rm -f module_data_isrpia_asrc.o
sed -e "s/^\!.*'.*//" -e "s/^ *\!.*'.*//" module_data_isrpia_asrc.F > module_data_isrpia_asrc.G
/lib/cpp -P -nostdinc -I/home/onishi/WRF/external/ioapi_share -I/home/onishi/WRF/inc -DEM_CORE=1 -DNMM_CORE=0 -DNMM_MAX_DIM=2600 -DDA_CORE=0 -DWRFPLUS=0 -DIWORDSIZE=4 -DDWORDSIZE=8 -DRWORDSIZE=4 -DLWORDSIZE=4 -DNONSTANDARD_SYSTEM_FUNC  -DWRF_USE_CLM -DUSE_NETCDF4_FEATURES -DWRFIO_NCD_LARGE_FILE_SUPPORT  -DDM_PARALLEL -DNETCDF -DGRIB2 -DHDF5 -DLANDREAD_STUB=1 -DUSE_ALLOCATABLES -Dwrfmodel -DGRIB1 -DINTIO -DKEEP_INT_AROUND -DLIMIT_ARGS -DBUILD_RRTMG_FAST=0 -DBUILD_RRTMK=0 -DBUILD_SBM_FAST=1 -DSHOW_ALL_VARS_USED=0 -DCONFIG_BUF_LEN=65536 -DMAX_DOMAINS_F=21 -DMAX_HISTORY=25 -DNMM_NEST=0 -DWRF_CHEM -DBUILD_CHEM=1 -DWRF_KPP -I. -traditional-cpp -DUSE_NETCDF4_FEATURES -DWRFIO_NCD_LARGE_FILE_SUPPORT   module_data_isrpia_asrc.G  > module_data_isrpia_asrc.bb
/home/onishi/WRF/tools/standard.exe module_data_isrpia_asrc.bb | /lib/cpp -P -nostdinc -I/home/onishi/WRF/external/ioapi_share -traditional-cpp -DUSE_NETCDF4_FEATURES -DWRFIO_NCD_LARGE_FILE_SUPPORT > module_data_isrpia_asrc.f90
rm -f module_data_isrpia_asrc.G module_data_isrpia_asrc.bb
time mpif90 -f90=ifort -o module_data_isrpia_asrc.o -c -O3 -ip -fp-model precise -w -ftz -align all -fno-alias -FR -convert big_endian    -I../dyn_em  -I/home/onishi/WRF/external/esmf_time_f90  -I/home/onishi/WRF/main -I/home/onishi/WRF/external/io_netcdf -I/home/onishi/WRF/external/io_int -I/home/onishi/WRF/frame -I/home/onishi/WRF/share -I/home/onishi/WRF/phys -I/home/onishi/WRF/wrftladj -I/home/onishi/WRF/chem -I/home/onishi/WRF/inc -I/home/onishi/NETCDF_DIR2//include  -real-size `expr 8 \* 4` -i4  module_data_isrpia_asrc.f90
0.01user 0.05system 0:00.07elapsed 88%CPU (0avgtext+0avgdata 38140maxresident)k
8inputs+88outputs (0major+6012minor)pagefaults 0swaps
rm -f module_data_isrpia_solut.o
sed -e "s/^\!.*'.*//" -e "s/^ *\!.*'.*//" module_data_isrpia_solut.F > module_data_isrpia_solut.G
/lib/cpp -P -nostdinc -I/home/onishi/WRF/external/ioapi_share -I/home/onishi/WRF/inc -DEM_CORE=1 -DNMM_CORE=0 -DNMM_MAX_DIM=2600 -DDA_CORE=0 -DWRFPLUS=0 -DIWORDSIZE=4 -DDWORDSIZE=8 -DRWORDSIZE=4 -DLWORDSIZE=4 -DNONSTANDARD_SYSTEM_FUNC  -DWRF_USE_CLM -DUSE_NETCDF4_FEATURES -DWRFIO_NCD_LARGE_FILE_SUPPORT  -DDM_PARALLEL -DNETCDF -DGRIB2 -DHDF5 -DLANDREAD_STUB=1 -DUSE_ALLOCATABLES -Dwrfmodel -DGRIB1 -DINTIO -DKEEP_INT_AROUND -DLIMIT_ARGS -DBUILD_RRTMG_FAST=0 -DBUILD_RRTMK=0 -DBUILD_SBM_FAST=1 -DSHOW_ALL_VARS_USED=0 -DCONFIG_BUF_LEN=65536 -DMAX_DOMAINS_F=21 -DMAX_HISTORY=25 -DNMM_NEST=0 -DWRF_CHEM -DBUILD_CHEM=1 -DWRF_KPP -I. -traditional-cpp -DUSE_NETCDF4_FEATURES -DWRFIO_NCD_LARGE_FILE_SUPPORT   module_data_isrpia_solut.G  > module_data_isrpia_solut.bb
/home/onishi/WRF/tools/standard.exe module_data_isrpia_solut.bb | /lib/cpp -P -nostdinc -I/home/onishi/WRF/external/ioapi_share -traditional-cpp -DUSE_NETCDF4_FEATURES -DWRFIO_NCD_LARGE_FILE_SUPPORT > module_data_isrpia_solut.f90
rm -f module_data_isrpia_solut.G module_data_isrpia_solut.bb
time mpif90 -f90=ifort -o module_data_isrpia_solut.o -c -O3 -ip -fp-model precise -w -ftz -align all -fno-alias -FR -convert big_endian    -I../dyn_em  -I/home/onishi/WRF/external/esmf_time_f90  -I/home/onishi/WRF/main -I/home/onishi/WRF/external/io_netcdf -I/home/onishi/WRF/external/io_int -I/home/onishi/WRF/frame -I/home/onishi/WRF/share -I/home/onishi/WRF/phys -I/home/onishi/WRF/wrftladj -I/home/onishi/WRF/chem -I/home/onishi/WRF/inc -I/home/onishi/NETCDF_DIR2//include  -real-size `expr 8 \* 4` -i4  module_data_isrpia_solut.f90
0.01user 0.05system 0:00.07elapsed 89%CPU (0avgtext+0avgdata 37660maxresident)k
8inputs+88outputs (0major+5977minor)pagefaults 0swaps
rm -f module_data_isrpia_kmc198.o
sed -e "s/^\!.*'.*//" -e "s/^ *\!.*'.*//" module_data_isrpia_kmc198.F > module_data_isrpia_kmc198.G
/lib/cpp -P -nostdinc -I/home/onishi/WRF/external/ioapi_share -I/home/onishi/WRF/inc -DEM_CORE=1 -DNMM_CORE=0 -DNMM_MAX_DIM=2600 -DDA_CORE=0 -DWRFPLUS=0 -DIWORDSIZE=4 -DDWORDSIZE=8 -DRWORDSIZE=4 -DLWORDSIZE=4 -DNONSTANDARD_SYSTEM_FUNC  -DWRF_USE_CLM -DUSE_NETCDF4_FEATURES -DWRFIO_NCD_LARGE_FILE_SUPPORT  -DDM_PARALLEL -DNETCDF -DGRIB2 -DHDF5 -DLANDREAD_STUB=1 -DUSE_ALLOCATABLES -Dwrfmodel -DGRIB1 -DINTIO -DKEEP_INT_AROUND -DLIMIT_ARGS -DBUILD_RRTMG_FAST=0 -DBUILD_RRTMK=0 -DBUILD_SBM_FAST=1 -DSHOW_ALL_VARS_USED=0 -DCONFIG_BUF_LEN=65536 -DMAX_DOMAINS_F=21 -DMAX_HISTORY=25 -DNMM_NEST=0 -DWRF_CHEM -DBUILD_CHEM=1 -DWRF_KPP -I. -traditional-cpp -DUSE_NETCDF4_FEATURES -DWRFIO_NCD_LARGE_FILE_SUPPORT   module_data_isrpia_kmc198.G  > module_data_isrpia_kmc198.bb
/home/onishi/WRF/tools/standard.exe module_data_isrpia_kmc198.bb | /lib/cpp -P -nostdinc -I/home/onishi/WRF/external/ioapi_share -traditional-cpp -DUSE_NETCDF4_FEATURES -DWRFIO_NCD_LARGE_FILE_SUPPORT > module_data_isrpia_kmc198.f90
rm -f module_data_isrpia_kmc198.G module_data_isrpia_kmc198.bb
time mpif90 -f90=ifort -o module_data_isrpia_kmc198.o -c -O3 -ip -fp-model precise -w -ftz -align all -fno-alias -FR -convert big_endian    -I../dyn_em  -I/home/onishi/WRF/external/esmf_time_f90  -I/home/onishi/WRF/main -I/home/onishi/WRF/external/io_netcdf -I/home/onishi/WRF/external/io_int -I/home/onishi/WRF/frame -I/home/onishi/WRF/share -I/home/onishi/WRF/phys -I/home/onishi/WRF/wrftladj -I/home/onishi/WRF/chem -I/home/onishi/WRF/inc -I/home/onishi/NETCDF_DIR2//include  -real-size `expr 8 \* 4` -i4  module_data_isrpia_kmc198.f90
0.04user 0.05system 0:00.10elapsed 90%CPU (0avgtext+0avgdata 46276maxresident)k
296inputs+240outputs (0major+8317minor)pagefaults 0swaps
rm -f module_data_isrpia_kmc223.o
sed -e "s/^\!.*'.*//" -e "s/^ *\!.*'.*//" module_data_isrpia_kmc223.F > module_data_isrpia_kmc223.G
/lib/cpp -P -nostdinc -I/home/onishi/WRF/external/ioapi_share -I/home/onishi/WRF/inc -DEM_CORE=1 -DNMM_CORE=0 -DNMM_MAX_DIM=2600 -DDA_CORE=0 -DWRFPLUS=0 -DIWORDSIZE=4 -DDWORDSIZE=8 -DRWORDSIZE=4 -DLWORDSIZE=4 -DNONSTANDARD_SYSTEM_FUNC  -DWRF_USE_CLM -DUSE_NETCDF4_FEATURES -DWRFIO_NCD_LARGE_FILE_SUPPORT  -DDM_PARALLEL -DNETCDF -DGRIB2 -DHDF5 -DLANDREAD_STUB=1 -DUSE_ALLOCATABLES -Dwrfmodel -DGRIB1 -DINTIO -DKEEP_INT_AROUND -DLIMIT_ARGS -DBUILD_RRTMG_FAST=0 -DBUILD_RRTMK=0 -DBUILD_SBM_FAST=1 -DSHOW_ALL_VARS_USED=0 -DCONFIG_BUF_LEN=65536 -DMAX_DOMAINS_F=21 -DMAX_HISTORY=25 -DNMM_NEST=0 -DWRF_CHEM -DBUILD_CHEM=1 -DWRF_KPP -I. -traditional-cpp -DUSE_NETCDF4_FEATURES -DWRFIO_NCD_LARGE_FILE_SUPPORT   module_data_isrpia_kmc223.G  > module_data_isrpia_kmc223.bb
/home/onishi/WRF/tools/standard.exe module_data_isrpia_kmc223.bb | /lib/cpp -P -nostdinc -I/home/onishi/WRF/external/ioapi_share -traditional-cpp -DUSE_NETCDF4_FEATURES -DWRFIO_NCD_LARGE_FILE_SUPPORT > module_data_isrpia_kmc223.f90
rm -f module_data_isrpia_kmc223.G module_data_isrpia_kmc223.bb
time mpif90 -f90=ifort -o module_data_isrpia_kmc223.o -c -O3 -ip -fp-model precise -w -ftz -align all -fno-alias -FR -convert big_endian    -I../dyn_em  -I/home/onishi/WRF/external/esmf_time_f90  -I/home/onishi/WRF/main -I/home/onishi/WRF/external/io_netcdf -I/home/onishi/WRF/external/io_int -I/home/onishi/WRF/frame -I/home/onishi/WRF/share -I/home/onishi/WRF/phys -I/home/onishi/WRF/wrftladj -I/home/onishi/WRF/chem -I/home/onishi/WRF/inc -I/home/onishi/NETCDF_DIR2//include  -real-size `expr 8 \* 4` -i4  module_data_isrpia_kmc223.f90
0.03user 0.06system 0:00.11elapsed 90%CPU (0avgtext+0avgdata 46264maxresident)k
296inputs+240outputs (0major+8325minor)pagefaults 0swaps
rm -f module_data_isrpia_kmc248.o
sed -e "s/^\!.*'.*//" -e "s/^ *\!.*'.*//" module_data_isrpia_kmc248.F > module_data_isrpia_kmc248.G
/lib/cpp -P -nostdinc -I/home/onishi/WRF/external/ioapi_share -I/home/onishi/WRF/inc -DEM_CORE=1 -DNMM_CORE=0 -DNMM_MAX_DIM=2600 -DDA_CORE=0 -DWRFPLUS=0 -DIWORDSIZE=4 -DDWORDSIZE=8 -DRWORDSIZE=4 -DLWORDSIZE=4 -DNONSTANDARD_SYSTEM_FUNC  -DWRF_USE_CLM -DUSE_NETCDF4_FEATURES -DWRFIO_NCD_LARGE_FILE_SUPPORT  -DDM_PARALLEL -DNETCDF -DGRIB2 -DHDF5 -DLANDREAD_STUB=1 -DUSE_ALLOCATABLES -Dwrfmodel -DGRIB1 -DINTIO -DKEEP_INT_AROUND -DLIMIT_ARGS -DBUILD_RRTMG_FAST=0 -DBUILD_RRTMK=0 -DBUILD_SBM_FAST=1 -DSHOW_ALL_VARS_USED=0 -DCONFIG_BUF_LEN=65536 -DMAX_DOMAINS_F=21 -DMAX_HISTORY=25 -DNMM_NEST=0 -DWRF_CHEM -DBUILD_CHEM=1 -DWRF_KPP -I. -traditional-cpp -DUSE_NETCDF4_FEATURES -DWRFIO_NCD_LARGE_FILE_SUPPORT   module_data_isrpia_kmc248.G  > module_data_isrpia_kmc248.bb
/home/onishi/WRF/tools/standard.exe module_data_isrpia_kmc248.bb | /lib/cpp -P -nostdinc -I/home/onishi/WRF/external/ioapi_share -traditional-cpp -DUSE_NETCDF4_FEATURES -DWRFIO_NCD_LARGE_FILE_SUPPORT > module_data_isrpia_kmc248.f90
rm -f module_data_isrpia_kmc248.G module_data_isrpia_kmc248.bb
time mpif90 -f90=ifort -o module_data_isrpia_kmc248.o -c -O3 -ip -fp-model precise -w -ftz -align all -fno-alias -FR -convert big_endian    -I../dyn_em  -I/home/onishi/WRF/external/esmf_time_f90  -I/home/onishi/WRF/main -I/home/onishi/WRF/external/io_netcdf -I/home/onishi/WRF/external/io_int -I/home/onishi/WRF/frame -I/home/onishi/WRF/share -I/home/onishi/WRF/phys -I/home/onishi/WRF/wrftladj -I/home/onishi/WRF/chem -I/home/onishi/WRF/inc -I/home/onishi/NETCDF_DIR2//include  -real-size `expr 8 \* 4` -i4  module_data_isrpia_kmc248.f90
0.02user 0.07system 0:00.10elapsed 91%CPU (0avgtext+0avgdata 46364maxresident)k
296inputs+240outputs (0major+8334minor)pagefaults 0swaps
rm -f module_data_isrpia_kmc273.o
sed -e "s/^\!.*'.*//" -e "s/^ *\!.*'.*//" module_data_isrpia_kmc273.F > module_data_isrpia_kmc273.G
/lib/cpp -P -nostdinc -I/home/onishi/WRF/external/ioapi_share -I/home/onishi/WRF/inc -DEM_CORE=1 -DNMM_CORE=0 -DNMM_MAX_DIM=2600 -DDA_CORE=0 -DWRFPLUS=0 -DIWORDSIZE=4 -DDWORDSIZE=8 -DRWORDSIZE=4 -DLWORDSIZE=4 -DNONSTANDARD_SYSTEM_FUNC  -DWRF_USE_CLM -DUSE_NETCDF4_FEATURES -DWRFIO_NCD_LARGE_FILE_SUPPORT  -DDM_PARALLEL -DNETCDF -DGRIB2 -DHDF5 -DLANDREAD_STUB=1 -DUSE_ALLOCATABLES -Dwrfmodel -DGRIB1 -DINTIO -DKEEP_INT_AROUND -DLIMIT_ARGS -DBUILD_RRTMG_FAST=0 -DBUILD_RRTMK=0 -DBUILD_SBM_FAST=1 -DSHOW_ALL_VARS_USED=0 -DCONFIG_BUF_LEN=65536 -DMAX_DOMAINS_F=21 -DMAX_HISTORY=25 -DNMM_NEST=0 -DWRF_CHEM -DBUILD_CHEM=1 -DWRF_KPP -I. -traditional-cpp -DUSE_NETCDF4_FEATURES -DWRFIO_NCD_LARGE_FILE_SUPPORT   module_data_isrpia_kmc273.G  > module_data_isrpia_kmc273.bb
/home/onishi/WRF/tools/standard.exe module_data_isrpia_kmc273.bb | /lib/cpp -P -nostdinc -I/home/onishi/WRF/external/ioapi_share -traditional-cpp -DUSE_NETCDF4_FEATURES -DWRFIO_NCD_LARGE_FILE_SUPPORT > module_data_isrpia_kmc273.f90
rm -f module_data_isrpia_kmc273.G module_data_isrpia_kmc273.bb
time mpif90 -f90=ifort -o module_data_isrpia_kmc273.o -c -O3 -ip -fp-model precise -w -ftz -align all -fno-alias -FR -convert big_endian    -I../dyn_em  -I/home/onishi/WRF/external/esmf_time_f90  -I/home/onishi/WRF/main -I/home/onishi/WRF/external/io_netcdf -I/home/onishi/WRF/external/io_int -I/home/onishi/WRF/frame -I/home/onishi/WRF/share -I/home/onishi/WRF/phys -I/home/onishi/WRF/wrftladj -I/home/onishi/WRF/chem -I/home/onishi/WRF/inc -I/home/onishi/NETCDF_DIR2//include  -real-size `expr 8 \* 4` -i4  module_data_isrpia_kmc273.f90
0.02user 0.07system 0:00.11elapsed 90%CPU (0avgtext+0avgdata 46388maxresident)k
296inputs+240outputs (0major+8345minor)pagefaults 0swaps
rm -f module_data_isrpia_kmc298.o
sed -e "s/^\!.*'.*//" -e "s/^ *\!.*'.*//" module_data_isrpia_kmc298.F > module_data_isrpia_kmc298.G
/lib/cpp -P -nostdinc -I/home/onishi/WRF/external/ioapi_share -I/home/onishi/WRF/inc -DEM_CORE=1 -DNMM_CORE=0 -DNMM_MAX_DIM=2600 -DDA_CORE=0 -DWRFPLUS=0 -DIWORDSIZE=4 -DDWORDSIZE=8 -DRWORDSIZE=4 -DLWORDSIZE=4 -DNONSTANDARD_SYSTEM_FUNC  -DWRF_USE_CLM -DUSE_NETCDF4_FEATURES -DWRFIO_NCD_LARGE_FILE_SUPPORT  -DDM_PARALLEL -DNETCDF -DGRIB2 -DHDF5 -DLANDREAD_STUB=1 -DUSE_ALLOCATABLES -Dwrfmodel -DGRIB1 -DINTIO -DKEEP_INT_AROUND -DLIMIT_ARGS -DBUILD_RRTMG_FAST=0 -DBUILD_RRTMK=0 -DBUILD_SBM_FAST=1 -DSHOW_ALL_VARS_USED=0 -DCONFIG_BUF_LEN=65536 -DMAX_DOMAINS_F=21 -DMAX_HISTORY=25 -DNMM_NEST=0 -DWRF_CHEM -DBUILD_CHEM=1 -DWRF_KPP -I. -traditional-cpp -DUSE_NETCDF4_FEATURES -DWRFIO_NCD_LARGE_FILE_SUPPORT   module_data_isrpia_kmc298.G  > module_data_isrpia_kmc298.bb
/home/onishi/WRF/tools/standard.exe module_data_isrpia_kmc298.bb | /lib/cpp -P -nostdinc -I/home/onishi/WRF/external/ioapi_share -traditional-cpp -DUSE_NETCDF4_FEATURES -DWRFIO_NCD_LARGE_FILE_SUPPORT > module_data_isrpia_kmc298.f90
rm -f module_data_isrpia_kmc298.G module_data_isrpia_kmc298.bb
time mpif90 -f90=ifort -o module_data_isrpia_kmc298.o -c -O3 -ip -fp-model precise -w -ftz -align all -fno-alias -FR -convert big_endian    -I../dyn_em  -I/home/onishi/WRF/external/esmf_time_f90  -I/home/onishi/WRF/main -I/home/onishi/WRF/external/io_netcdf -I/home/onishi/WRF/external/io_int -I/home/onishi/WRF/frame -I/home/onishi/WRF/share -I/home/onishi/WRF/phys -I/home/onishi/WRF/wrftladj -I/home/onishi/WRF/chem -I/home/onishi/WRF/inc -I/home/onishi/NETCDF_DIR2//include  -real-size `expr 8 \* 4` -i4  module_data_isrpia_kmc298.f90
0.04user 0.06system 0:00.10elapsed 91%CPU (0avgtext+0avgdata 46128maxresident)k
296inputs+240outputs (0major+8341minor)pagefaults 0swaps
rm -f module_data_isrpia_kmc323.o
sed -e "s/^\!.*'.*//" -e "s/^ *\!.*'.*//" module_data_isrpia_kmc323.F > module_data_isrpia_kmc323.G
/lib/cpp -P -nostdinc -I/home/onishi/WRF/external/ioapi_share -I/home/onishi/WRF/inc -DEM_CORE=1 -DNMM_CORE=0 -DNMM_MAX_DIM=2600 -DDA_CORE=0 -DWRFPLUS=0 -DIWORDSIZE=4 -DDWORDSIZE=8 -DRWORDSIZE=4 -DLWORDSIZE=4 -DNONSTANDARD_SYSTEM_FUNC  -DWRF_USE_CLM -DUSE_NETCDF4_FEATURES -DWRFIO_NCD_LARGE_FILE_SUPPORT  -DDM_PARALLEL -DNETCDF -DGRIB2 -DHDF5 -DLANDREAD_STUB=1 -DUSE_ALLOCATABLES -Dwrfmodel -DGRIB1 -DINTIO -DKEEP_INT_AROUND -DLIMIT_ARGS -DBUILD_RRTMG_FAST=0 -DBUILD_RRTMK=0 -DBUILD_SBM_FAST=1 -DSHOW_ALL_VARS_USED=0 -DCONFIG_BUF_LEN=65536 -DMAX_DOMAINS_F=21 -DMAX_HISTORY=25 -DNMM_NEST=0 -DWRF_CHEM -DBUILD_CHEM=1 -DWRF_KPP -I. -traditional-cpp -DUSE_NETCDF4_FEATURES -DWRFIO_NCD_LARGE_FILE_SUPPORT   module_data_isrpia_kmc323.G  > module_data_isrpia_kmc323.bb
/home/onishi/WRF/tools/standard.exe module_data_isrpia_kmc323.bb | /lib/cpp -P -nostdinc -I/home/onishi/WRF/external/ioapi_share -traditional-cpp -DUSE_NETCDF4_FEATURES -DWRFIO_NCD_LARGE_FILE_SUPPORT > module_data_isrpia_kmc323.f90
rm -f module_data_isrpia_kmc323.G module_data_isrpia_kmc323.bb
time mpif90 -f90=ifort -o module_data_isrpia_kmc323.o -c -O3 -ip -fp-model precise -w -ftz -align all -fno-alias -FR -convert big_endian    -I../dyn_em  -I/home/onishi/WRF/external/esmf_time_f90  -I/home/onishi/WRF/main -I/home/onishi/WRF/external/io_netcdf -I/home/onishi/WRF/external/io_int -I/home/onishi/WRF/frame -I/home/onishi/WRF/share -I/home/onishi/WRF/phys -I/home/onishi/WRF/wrftladj -I/home/onishi/WRF/chem -I/home/onishi/WRF/inc -I/home/onishi/NETCDF_DIR2//include  -real-size `expr 8 \* 4` -i4  module_data_isrpia_kmc323.f90
0.03user 0.06system 0:00.11elapsed 90%CPU (0avgtext+0avgdata 46268maxresident)k
296inputs+240outputs (0major+8331minor)pagefaults 0swaps
rm -f module_data_isrpia_expnc.o
sed -e "s/^\!.*'.*//" -e "s/^ *\!.*'.*//" module_data_isrpia_expnc.F > module_data_isrpia_expnc.G
/lib/cpp -P -nostdinc -I/home/onishi/WRF/external/ioapi_share -I/home/onishi/WRF/inc -DEM_CORE=1 -DNMM_CORE=0 -DNMM_MAX_DIM=2600 -DDA_CORE=0 -DWRFPLUS=0 -DIWORDSIZE=4 -DDWORDSIZE=8 -DRWORDSIZE=4 -DLWORDSIZE=4 -DNONSTANDARD_SYSTEM_FUNC  -DWRF_USE_CLM -DUSE_NETCDF4_FEATURES -DWRFIO_NCD_LARGE_FILE_SUPPORT  -DDM_PARALLEL -DNETCDF -DGRIB2 -DHDF5 -DLANDREAD_STUB=1 -DUSE_ALLOCATABLES -Dwrfmodel -DGRIB1 -DINTIO -DKEEP_INT_AROUND -DLIMIT_ARGS -DBUILD_RRTMG_FAST=0 -DBUILD_RRTMK=0 -DBUILD_SBM_FAST=1 -DSHOW_ALL_VARS_USED=0 -DCONFIG_BUF_LEN=65536 -DMAX_DOMAINS_F=21 -DMAX_HISTORY=25 -DNMM_NEST=0 -DWRF_CHEM -DBUILD_CHEM=1 -DWRF_KPP -I. -traditional-cpp -DUSE_NETCDF4_FEATURES -DWRFIO_NCD_LARGE_FILE_SUPPORT   module_data_isrpia_expnc.G  > module_data_isrpia_expnc.bb
/home/onishi/WRF/tools/standard.exe module_data_isrpia_expnc.bb | /lib/cpp -P -nostdinc -I/home/onishi/WRF/external/ioapi_share -traditional-cpp -DUSE_NETCDF4_FEATURES -DWRFIO_NCD_LARGE_FILE_SUPPORT > module_data_isrpia_expnc.f90
rm -f module_data_isrpia_expnc.G module_data_isrpia_expnc.bb
time mpif90 -f90=ifort -o module_data_isrpia_expnc.o -c -O3 -ip -fp-model precise -w -ftz -align all -fno-alias -FR -convert big_endian    -I../dyn_em  -I/home/onishi/WRF/external/esmf_time_f90  -I/home/onishi/WRF/main -I/home/onishi/WRF/external/io_netcdf -I/home/onishi/WRF/external/io_int -I/home/onishi/WRF/frame -I/home/onishi/WRF/share -I/home/onishi/WRF/phys -I/home/onishi/WRF/wrftladj -I/home/onishi/WRF/chem -I/home/onishi/WRF/inc -I/home/onishi/NETCDF_DIR2//include  -real-size `expr 8 \* 4` -i4  module_data_isrpia_expnc.f90
0.00user 0.06system 0:00.07elapsed 88%CPU (0avgtext+0avgdata 38116maxresident)k
8inputs+88outputs (0major+5993minor)pagefaults 0swaps
rm -f module_data_isrpia_caseg.o
sed -e "s/^\!.*'.*//" -e "s/^ *\!.*'.*//" module_data_isrpia_caseg.F > module_data_isrpia_caseg.G
/lib/cpp -P -nostdinc -I/home/onishi/WRF/external/ioapi_share -I/home/onishi/WRF/inc -DEM_CORE=1 -DNMM_CORE=0 -DNMM_MAX_DIM=2600 -DDA_CORE=0 -DWRFPLUS=0 -DIWORDSIZE=4 -DDWORDSIZE=8 -DRWORDSIZE=4 -DLWORDSIZE=4 -DNONSTANDARD_SYSTEM_FUNC  -DWRF_USE_CLM -DUSE_NETCDF4_FEATURES -DWRFIO_NCD_LARGE_FILE_SUPPORT  -DDM_PARALLEL -DNETCDF -DGRIB2 -DHDF5 -DLANDREAD_STUB=1 -DUSE_ALLOCATABLES -Dwrfmodel -DGRIB1 -DINTIO -DKEEP_INT_AROUND -DLIMIT_ARGS -DBUILD_RRTMG_FAST=0 -DBUILD_RRTMK=0 -DBUILD_SBM_FAST=1 -DSHOW_ALL_VARS_USED=0 -DCONFIG_BUF_LEN=65536 -DMAX_DOMAINS_F=21 -DMAX_HISTORY=25 -DNMM_NEST=0 -DWRF_CHEM -DBUILD_CHEM=1 -DWRF_KPP -I. -traditional-cpp -DUSE_NETCDF4_FEATURES -DWRFIO_NCD_LARGE_FILE_SUPPORT   module_data_isrpia_caseg.G  > module_data_isrpia_caseg.bb
/home/onishi/WRF/tools/standard.exe module_data_isrpia_caseg.bb | /lib/cpp -P -nostdinc -I/home/onishi/WRF/external/ioapi_share -traditional-cpp -DUSE_NETCDF4_FEATURES -DWRFIO_NCD_LARGE_FILE_SUPPORT > module_data_isrpia_caseg.f90
rm -f module_data_isrpia_caseg.G module_data_isrpia_caseg.bb
time mpif90 -f90=ifort -o module_data_isrpia_caseg.o -c -O3 -ip -fp-model precise -w -ftz -align all -fno-alias -FR -convert big_endian    -I../dyn_em  -I/home/onishi/WRF/external/esmf_time_f90  -I/home/onishi/WRF/main -I/home/onishi/WRF/external/io_netcdf -I/home/onishi/WRF/external/io_int -I/home/onishi/WRF/frame -I/home/onishi/WRF/share -I/home/onishi/WRF/phys -I/home/onishi/WRF/wrftladj -I/home/onishi/WRF/chem -I/home/onishi/WRF/inc -I/home/onishi/NETCDF_DIR2//include  -real-size `expr 8 \* 4` -i4  module_data_isrpia_caseg.f90
0.01user 0.06system 0:00.07elapsed 89%CPU (0avgtext+0avgdata 37496maxresident)k
8inputs+88outputs (0major+5959minor)pagefaults 0swaps
rm -f module_data_isrpia_casej.o
sed -e "s/^\!.*'.*//" -e "s/^ *\!.*'.*//" module_data_isrpia_casej.F > module_data_isrpia_casej.G
/lib/cpp -P -nostdinc -I/home/onishi/WRF/external/ioapi_share -I/home/onishi/WRF/inc -DEM_CORE=1 -DNMM_CORE=0 -DNMM_MAX_DIM=2600 -DDA_CORE=0 -DWRFPLUS=0 -DIWORDSIZE=4 -DDWORDSIZE=8 -DRWORDSIZE=4 -DLWORDSIZE=4 -DNONSTANDARD_SYSTEM_FUNC  -DWRF_USE_CLM -DUSE_NETCDF4_FEATURES -DWRFIO_NCD_LARGE_FILE_SUPPORT  -DDM_PARALLEL -DNETCDF -DGRIB2 -DHDF5 -DLANDREAD_STUB=1 -DUSE_ALLOCATABLES -Dwrfmodel -DGRIB1 -DINTIO -DKEEP_INT_AROUND -DLIMIT_ARGS -DBUILD_RRTMG_FAST=0 -DBUILD_RRTMK=0 -DBUILD_SBM_FAST=1 -DSHOW_ALL_VARS_USED=0 -DCONFIG_BUF_LEN=65536 -DMAX_DOMAINS_F=21 -DMAX_HISTORY=25 -DNMM_NEST=0 -DWRF_CHEM -DBUILD_CHEM=1 -DWRF_KPP -I. -traditional-cpp -DUSE_NETCDF4_FEATURES -DWRFIO_NCD_LARGE_FILE_SUPPORT   module_data_isrpia_casej.G  > module_data_isrpia_casej.bb
/home/onishi/WRF/tools/standard.exe module_data_isrpia_casej.bb | /lib/cpp -P -nostdinc -I/home/onishi/WRF/external/ioapi_share -traditional-cpp -DUSE_NETCDF4_FEATURES -DWRFIO_NCD_LARGE_FILE_SUPPORT > module_data_isrpia_casej.f90
rm -f module_data_isrpia_casej.G module_data_isrpia_casej.bb
time mpif90 -f90=ifort -o module_data_isrpia_casej.o -c -O3 -ip -fp-model precise -w -ftz -align all -fno-alias -FR -convert big_endian    -I../dyn_em  -I/home/onishi/WRF/external/esmf_time_f90  -I/home/onishi/WRF/main -I/home/onishi/WRF/external/io_netcdf -I/home/onishi/WRF/external/io_int -I/home/onishi/WRF/frame -I/home/onishi/WRF/share -I/home/onishi/WRF/phys -I/home/onishi/WRF/wrftladj -I/home/onishi/WRF/chem -I/home/onishi/WRF/inc -I/home/onishi/NETCDF_DIR2//include  -real-size `expr 8 \* 4` -i4  module_data_isrpia_casej.f90
0.01user 0.05system 0:00.08elapsed 87%CPU (0avgtext+0avgdata 37640maxresident)k
8inputs+88outputs (0major+5972minor)pagefaults 0swaps
rm -f isofwd.o
sed -e "s/^\!.*'.*//" -e "s/^ *\!.*'.*//" isofwd.F > isofwd.G
/lib/cpp -P -nostdinc -I/home/onishi/WRF/external/ioapi_share -I/home/onishi/WRF/inc -DEM_CORE=1 -DNMM_CORE=0 -DNMM_MAX_DIM=2600 -DDA_CORE=0 -DWRFPLUS=0 -DIWORDSIZE=4 -DDWORDSIZE=8 -DRWORDSIZE=4 -DLWORDSIZE=4 -DNONSTANDARD_SYSTEM_FUNC  -DWRF_USE_CLM -DUSE_NETCDF4_FEATURES -DWRFIO_NCD_LARGE_FILE_SUPPORT  -DDM_PARALLEL -DNETCDF -DGRIB2 -DHDF5 -DLANDREAD_STUB=1 -DUSE_ALLOCATABLES -Dwrfmodel -DGRIB1 -DINTIO -DKEEP_INT_AROUND -DLIMIT_ARGS -DBUILD_RRTMG_FAST=0 -DBUILD_RRTMK=0 -DBUILD_SBM_FAST=1 -DSHOW_ALL_VARS_USED=0 -DCONFIG_BUF_LEN=65536 -DMAX_DOMAINS_F=21 -DMAX_HISTORY=25 -DNMM_NEST=0 -DWRF_CHEM -DBUILD_CHEM=1 -DWRF_KPP -I. -traditional-cpp -DUSE_NETCDF4_FEATURES -DWRFIO_NCD_LARGE_FILE_SUPPORT   isofwd.G  > isofwd.bb
/home/onishi/WRF/tools/standard.exe isofwd.bb | /lib/cpp -P -nostdinc -I/home/onishi/WRF/external/ioapi_share -traditional-cpp -DUSE_NETCDF4_FEATURES -DWRFIO_NCD_LARGE_FILE_SUPPORT > isofwd.f90
rm -f isofwd.G isofwd.bb
time mpif90 -f90=ifort -o isofwd.o -c -O3 -ip -fp-model precise -w -ftz -align all -fno-alias -FR -convert big_endian    -I../dyn_em  -I/home/onishi/WRF/external/esmf_time_f90  -I/home/onishi/WRF/main -I/home/onishi/WRF/external/io_netcdf -I/home/onishi/WRF/external/io_int -I/home/onishi/WRF/frame -I/home/onishi/WRF/share -I/home/onishi/WRF/phys -I/home/onishi/WRF/wrftladj -I/home/onishi/WRF/chem -I/home/onishi/WRF/inc -I/home/onishi/NETCDF_DIR2//include  -real-size `expr 8 \* 4` -i4  isofwd.f90
2.25user 0.10system 0:02.40elapsed 98%CPU (0avgtext+0avgdata 75016maxresident)k
256inputs+2456outputs (0major+18326minor)pagefaults 0swaps
rm -f isorev.o
sed -e "s/^\!.*'.*//" -e "s/^ *\!.*'.*//" isorev.F > isorev.G
/lib/cpp -P -nostdinc -I/home/onishi/WRF/external/ioapi_share -I/home/onishi/WRF/inc -DEM_CORE=1 -DNMM_CORE=0 -DNMM_MAX_DIM=2600 -DDA_CORE=0 -DWRFPLUS=0 -DIWORDSIZE=4 -DDWORDSIZE=8 -DRWORDSIZE=4 -DLWORDSIZE=4 -DNONSTANDARD_SYSTEM_FUNC  -DWRF_USE_CLM -DUSE_NETCDF4_FEATURES -DWRFIO_NCD_LARGE_FILE_SUPPORT  -DDM_PARALLEL -DNETCDF -DGRIB2 -DHDF5 -DLANDREAD_STUB=1 -DUSE_ALLOCATABLES -Dwrfmodel -DGRIB1 -DINTIO -DKEEP_INT_AROUND -DLIMIT_ARGS -DBUILD_RRTMG_FAST=0 -DBUILD_RRTMK=0 -DBUILD_SBM_FAST=1 -DSHOW_ALL_VARS_USED=0 -DCONFIG_BUF_LEN=65536 -DMAX_DOMAINS_F=21 -DMAX_HISTORY=25 -DNMM_NEST=0 -DWRF_CHEM -DBUILD_CHEM=1 -DWRF_KPP -I. -traditional-cpp -DUSE_NETCDF4_FEATURES -DWRFIO_NCD_LARGE_FILE_SUPPORT   isorev.G  > isorev.bb
/home/onishi/WRF/tools/standard.exe isorev.bb | /lib/cpp -P -nostdinc -I/home/onishi/WRF/external/ioapi_share -traditional-cpp -DUSE_NETCDF4_FEATURES -DWRFIO_NCD_LARGE_FILE_SUPPORT > isorev.f90
rm -f isorev.G isorev.bb
time mpif90 -f90=ifort -o isorev.o -c -O3 -ip -fp-model precise -w -ftz -align all -fno-alias -FR -convert big_endian    -I../dyn_em  -I/home/onishi/WRF/external/esmf_time_f90  -I/home/onishi/WRF/main -I/home/onishi/WRF/external/io_netcdf -I/home/onishi/WRF/external/io_int -I/home/onishi/WRF/frame -I/home/onishi/WRF/share -I/home/onishi/WRF/phys -I/home/onishi/WRF/wrftladj -I/home/onishi/WRF/chem -I/home/onishi/WRF/inc -I/home/onishi/NETCDF_DIR2//include  -real-size `expr 8 \* 4` -i4  isorev.f90
1.18user 0.09system 0:01.30elapsed 97%CPU (0avgtext+0avgdata 70788maxresident)k
136inputs+1648outputs (0major+16253minor)pagefaults 0swaps
rm -f isocom.o
sed -e "s/^\!.*'.*//" -e "s/^ *\!.*'.*//" isocom.F > isocom.G
/lib/cpp -P -nostdinc -I/home/onishi/WRF/external/ioapi_share -I/home/onishi/WRF/inc -DEM_CORE=1 -DNMM_CORE=0 -DNMM_MAX_DIM=2600 -DDA_CORE=0 -DWRFPLUS=0 -DIWORDSIZE=4 -DDWORDSIZE=8 -DRWORDSIZE=4 -DLWORDSIZE=4 -DNONSTANDARD_SYSTEM_FUNC  -DWRF_USE_CLM -DUSE_NETCDF4_FEATURES -DWRFIO_NCD_LARGE_FILE_SUPPORT  -DDM_PARALLEL -DNETCDF -DGRIB2 -DHDF5 -DLANDREAD_STUB=1 -DUSE_ALLOCATABLES -Dwrfmodel -DGRIB1 -DINTIO -DKEEP_INT_AROUND -DLIMIT_ARGS -DBUILD_RRTMG_FAST=0 -DBUILD_RRTMK=0 -DBUILD_SBM_FAST=1 -DSHOW_ALL_VARS_USED=0 -DCONFIG_BUF_LEN=65536 -DMAX_DOMAINS_F=21 -DMAX_HISTORY=25 -DNMM_NEST=0 -DWRF_CHEM -DBUILD_CHEM=1 -DWRF_KPP -I. -traditional-cpp -DUSE_NETCDF4_FEATURES -DWRFIO_NCD_LARGE_FILE_SUPPORT   isocom.G  > isocom.bb
/home/onishi/WRF/tools/standard.exe isocom.bb | /lib/cpp -P -nostdinc -I/home/onishi/WRF/external/ioapi_share -traditional-cpp -DUSE_NETCDF4_FEATURES -DWRFIO_NCD_LARGE_FILE_SUPPORT > isocom.f90
rm -f isocom.G isocom.bb
time mpif90 -f90=ifort -o isocom.o -c -O3 -ip -fp-model precise -w -ftz -align all -fno-alias -FR -convert big_endian    -I../dyn_em  -I/home/onishi/WRF/external/esmf_time_f90  -I/home/onishi/WRF/main -I/home/onishi/WRF/external/io_netcdf -I/home/onishi/WRF/external/io_int -I/home/onishi/WRF/frame -I/home/onishi/WRF/share -I/home/onishi/WRF/phys -I/home/onishi/WRF/wrftladj -I/home/onishi/WRF/chem -I/home/onishi/WRF/inc -I/home/onishi/NETCDF_DIR2//include  -real-size `expr 8 \* 4` -i4  isocom.f90
0.59user 0.06system 0:00.68elapsed 95%CPU (0avgtext+0avgdata 61704maxresident)k
192inputs+1088outputs (0major+12404minor)pagefaults 0swaps
rm -f moduleHETDATA.o
sed -e "s/^\!.*'.*//" -e "s/^ *\!.*'.*//" moduleHETDATA.F > moduleHETDATA.G
/lib/cpp -P -nostdinc -I/home/onishi/WRF/external/ioapi_share -I/home/onishi/WRF/inc -DEM_CORE=1 -DNMM_CORE=0 -DNMM_MAX_DIM=2600 -DDA_CORE=0 -DWRFPLUS=0 -DIWORDSIZE=4 -DDWORDSIZE=8 -DRWORDSIZE=4 -DLWORDSIZE=4 -DNONSTANDARD_SYSTEM_FUNC  -DWRF_USE_CLM -DUSE_NETCDF4_FEATURES -DWRFIO_NCD_LARGE_FILE_SUPPORT  -DDM_PARALLEL -DNETCDF -DGRIB2 -DHDF5 -DLANDREAD_STUB=1 -DUSE_ALLOCATABLES -Dwrfmodel -DGRIB1 -DINTIO -DKEEP_INT_AROUND -DLIMIT_ARGS -DBUILD_RRTMG_FAST=0 -DBUILD_RRTMK=0 -DBUILD_SBM_FAST=1 -DSHOW_ALL_VARS_USED=0 -DCONFIG_BUF_LEN=65536 -DMAX_DOMAINS_F=21 -DMAX_HISTORY=25 -DNMM_NEST=0 -DWRF_CHEM -DBUILD_CHEM=1 -DWRF_KPP -I. -traditional-cpp -DUSE_NETCDF4_FEATURES -DWRFIO_NCD_LARGE_FILE_SUPPORT   moduleHETDATA.G  > moduleHETDATA.bb
/home/onishi/WRF/tools/standard.exe moduleHETDATA.bb | /lib/cpp -P -nostdinc -I/home/onishi/WRF/external/ioapi_share -traditional-cpp -DUSE_NETCDF4_FEATURES -DWRFIO_NCD_LARGE_FILE_SUPPORT > moduleHETDATA.f90
rm -f moduleHETDATA.G moduleHETDATA.bb
time mpif90 -f90=ifort -o moduleHETDATA.o -c -O3 -ip -fp-model precise -w -ftz -align all -fno-alias -FR -convert big_endian    -I../dyn_em  -I/home/onishi/WRF/external/esmf_time_f90  -I/home/onishi/WRF/main -I/home/onishi/WRF/external/io_netcdf -I/home/onishi/WRF/external/io_int -I/home/onishi/WRF/frame -I/home/onishi/WRF/share -I/home/onishi/WRF/phys -I/home/onishi/WRF/wrftladj -I/home/onishi/WRF/chem -I/home/onishi/WRF/inc -I/home/onishi/NETCDF_DIR2//include  -real-size `expr 8 \* 4` -i4  moduleHETDATA.f90
0.00user 0.06system 0:00.09elapsed 73%CPU (0avgtext+0avgdata 37904maxresident)k
8inputs+88outputs (0major+5964minor)pagefaults 0swaps
rm -f moduleHETAERO.o
sed -e "s/^\!.*'.*//" -e "s/^ *\!.*'.*//" moduleHETAERO.F > moduleHETAERO.G
/lib/cpp -P -nostdinc -I/home/onishi/WRF/external/ioapi_share -I/home/onishi/WRF/inc -DEM_CORE=1 -DNMM_CORE=0 -DNMM_MAX_DIM=2600 -DDA_CORE=0 -DWRFPLUS=0 -DIWORDSIZE=4 -DDWORDSIZE=8 -DRWORDSIZE=4 -DLWORDSIZE=4 -DNONSTANDARD_SYSTEM_FUNC  -DWRF_USE_CLM -DUSE_NETCDF4_FEATURES -DWRFIO_NCD_LARGE_FILE_SUPPORT  -DDM_PARALLEL -DNETCDF -DGRIB2 -DHDF5 -DLANDREAD_STUB=1 -DUSE_ALLOCATABLES -Dwrfmodel -DGRIB1 -DINTIO -DKEEP_INT_AROUND -DLIMIT_ARGS -DBUILD_RRTMG_FAST=0 -DBUILD_RRTMK=0 -DBUILD_SBM_FAST=1 -DSHOW_ALL_VARS_USED=0 -DCONFIG_BUF_LEN=65536 -DMAX_DOMAINS_F=21 -DMAX_HISTORY=25 -DNMM_NEST=0 -DWRF_CHEM -DBUILD_CHEM=1 -DWRF_KPP -I. -traditional-cpp -DUSE_NETCDF4_FEATURES -DWRFIO_NCD_LARGE_FILE_SUPPORT   moduleHETAERO.G  > moduleHETAERO.bb
/home/onishi/WRF/tools/standard.exe moduleHETAERO.bb | /lib/cpp -P -nostdinc -I/home/onishi/WRF/external/ioapi_share -traditional-cpp -DUSE_NETCDF4_FEATURES -DWRFIO_NCD_LARGE_FILE_SUPPORT > moduleHETAERO.f90
rm -f moduleHETAERO.G moduleHETAERO.bb
time mpif90 -f90=ifort -o moduleHETAERO.o -c -O3 -ip -fp-model precise -w -ftz -align all -fno-alias -FR -convert big_endian    -I../dyn_em  -I/home/onishi/WRF/external/esmf_time_f90  -I/home/onishi/WRF/main -I/home/onishi/WRF/external/io_netcdf -I/home/onishi/WRF/external/io_int -I/home/onishi/WRF/frame -I/home/onishi/WRF/share -I/home/onishi/WRF/phys -I/home/onishi/WRF/wrftladj -I/home/onishi/WRF/chem -I/home/onishi/WRF/inc -I/home/onishi/NETCDF_DIR2//include  -real-size `expr 8 \* 4` -i4  moduleHETAERO.f90
0.01user 0.05system 0:00.07elapsed 88%CPU (0avgtext+0avgdata 37980maxresident)k
16inputs+88outputs (0major+5972minor)pagefaults 0swaps
rm -f moduleAERODATA.o
sed -e "s/^\!.*'.*//" -e "s/^ *\!.*'.*//" moduleAERODATA.F > moduleAERODATA.G
/lib/cpp -P -nostdinc -I/home/onishi/WRF/external/ioapi_share -I/home/onishi/WRF/inc -DEM_CORE=1 -DNMM_CORE=0 -DNMM_MAX_DIM=2600 -DDA_CORE=0 -DWRFPLUS=0 -DIWORDSIZE=4 -DDWORDSIZE=8 -DRWORDSIZE=4 -DLWORDSIZE=4 -DNONSTANDARD_SYSTEM_FUNC  -DWRF_USE_CLM -DUSE_NETCDF4_FEATURES -DWRFIO_NCD_LARGE_FILE_SUPPORT  -DDM_PARALLEL -DNETCDF -DGRIB2 -DHDF5 -DLANDREAD_STUB=1 -DUSE_ALLOCATABLES -Dwrfmodel -DGRIB1 -DINTIO -DKEEP_INT_AROUND -DLIMIT_ARGS -DBUILD_RRTMG_FAST=0 -DBUILD_RRTMK=0 -DBUILD_SBM_FAST=1 -DSHOW_ALL_VARS_USED=0 -DCONFIG_BUF_LEN=65536 -DMAX_DOMAINS_F=21 -DMAX_HISTORY=25 -DNMM_NEST=0 -DWRF_CHEM -DBUILD_CHEM=1 -DWRF_KPP -I. -traditional-cpp -DUSE_NETCDF4_FEATURES -DWRFIO_NCD_LARGE_FILE_SUPPORT   moduleAERODATA.G  > moduleAERODATA.bb
/home/onishi/WRF/tools/standard.exe moduleAERODATA.bb | /lib/cpp -P -nostdinc -I/home/onishi/WRF/external/ioapi_share -traditional-cpp -DUSE_NETCDF4_FEATURES -DWRFIO_NCD_LARGE_FILE_SUPPORT > moduleAERODATA.f90
rm -f moduleAERODATA.G moduleAERODATA.bb
time mpif90 -f90=ifort -o moduleAERODATA.o -c -O3 -ip -fp-model precise -w -ftz -align all -fno-alias -FR -convert big_endian    -I../dyn_em  -I/home/onishi/WRF/external/esmf_time_f90  -I/home/onishi/WRF/main -I/home/onishi/WRF/external/io_netcdf -I/home/onishi/WRF/external/io_int -I/home/onishi/WRF/frame -I/home/onishi/WRF/share -I/home/onishi/WRF/phys -I/home/onishi/WRF/wrftladj -I/home/onishi/WRF/chem -I/home/onishi/WRF/inc -I/home/onishi/NETCDF_DIR2//include  -real-size `expr 8 \* 4` -i4  moduleAERODATA.f90
0.01user 0.05system 0:00.07elapsed 89%CPU (0avgtext+0avgdata 37852maxresident)k
8inputs+88outputs (0major+5976minor)pagefaults 0swaps
rm -f aerorate_so2.o
sed -e "s/^\!.*'.*//" -e "s/^ *\!.*'.*//" aerorate_so2.F > aerorate_so2.G
/lib/cpp -P -nostdinc -I/home/onishi/WRF/external/ioapi_share -I/home/onishi/WRF/inc -DEM_CORE=1 -DNMM_CORE=0 -DNMM_MAX_DIM=2600 -DDA_CORE=0 -DWRFPLUS=0 -DIWORDSIZE=4 -DDWORDSIZE=8 -DRWORDSIZE=4 -DLWORDSIZE=4 -DNONSTANDARD_SYSTEM_FUNC  -DWRF_USE_CLM -DUSE_NETCDF4_FEATURES -DWRFIO_NCD_LARGE_FILE_SUPPORT  -DDM_PARALLEL -DNETCDF -DGRIB2 -DHDF5 -DLANDREAD_STUB=1 -DUSE_ALLOCATABLES -Dwrfmodel -DGRIB1 -DINTIO -DKEEP_INT_AROUND -DLIMIT_ARGS -DBUILD_RRTMG_FAST=0 -DBUILD_RRTMK=0 -DBUILD_SBM_FAST=1 -DSHOW_ALL_VARS_USED=0 -DCONFIG_BUF_LEN=65536 -DMAX_DOMAINS_F=21 -DMAX_HISTORY=25 -DNMM_NEST=0 -DWRF_CHEM -DBUILD_CHEM=1 -DWRF_KPP -I. -traditional-cpp -DUSE_NETCDF4_FEATURES -DWRFIO_NCD_LARGE_FILE_SUPPORT   aerorate_so2.G  > aerorate_so2.bb
/home/onishi/WRF/tools/standard.exe aerorate_so2.bb | /lib/cpp -P -nostdinc -I/home/onishi/WRF/external/ioapi_share -traditional-cpp -DUSE_NETCDF4_FEATURES -DWRFIO_NCD_LARGE_FILE_SUPPORT > aerorate_so2.f90
rm -f aerorate_so2.G aerorate_so2.bb
time mpif90 -f90=ifort -o aerorate_so2.o -c -O3 -ip -fp-model precise -w -ftz -align all -fno-alias -FR -convert big_endian    -I../dyn_em  -I/home/onishi/WRF/external/esmf_time_f90  -I/home/onishi/WRF/main -I/home/onishi/WRF/external/io_netcdf -I/home/onishi/WRF/external/io_int -I/home/onishi/WRF/frame -I/home/onishi/WRF/share -I/home/onishi/WRF/phys -I/home/onishi/WRF/wrftladj -I/home/onishi/WRF/chem -I/home/onishi/WRF/inc -I/home/onishi/NETCDF_DIR2//include  -real-size `expr 8 \* 4` -i4  aerorate_so2.f90
0.02user 0.05system 0:00.09elapsed 89%CPU (0avgtext+0avgdata 44660maxresident)k
24inputs+96outputs (0major+6921minor)pagefaults 0swaps
rm -f module_aer_opt_out.o
sed -e "s/^\!.*'.*//" -e "s/^ *\!.*'.*//" module_aer_opt_out.F > module_aer_opt_out.G
/lib/cpp -P -nostdinc -I/home/onishi/WRF/external/ioapi_share -I/home/onishi/WRF/inc -DEM_CORE=1 -DNMM_CORE=0 -DNMM_MAX_DIM=2600 -DDA_CORE=0 -DWRFPLUS=0 -DIWORDSIZE=4 -DDWORDSIZE=8 -DRWORDSIZE=4 -DLWORDSIZE=4 -DNONSTANDARD_SYSTEM_FUNC  -DWRF_USE_CLM -DUSE_NETCDF4_FEATURES -DWRFIO_NCD_LARGE_FILE_SUPPORT  -DDM_PARALLEL -DNETCDF -DGRIB2 -DHDF5 -DLANDREAD_STUB=1 -DUSE_ALLOCATABLES -Dwrfmodel -DGRIB1 -DINTIO -DKEEP_INT_AROUND -DLIMIT_ARGS -DBUILD_RRTMG_FAST=0 -DBUILD_RRTMK=0 -DBUILD_SBM_FAST=1 -DSHOW_ALL_VARS_USED=0 -DCONFIG_BUF_LEN=65536 -DMAX_DOMAINS_F=21 -DMAX_HISTORY=25 -DNMM_NEST=0 -DWRF_CHEM -DBUILD_CHEM=1 -DWRF_KPP -I. -traditional-cpp -DUSE_NETCDF4_FEATURES -DWRFIO_NCD_LARGE_FILE_SUPPORT   module_aer_opt_out.G  > module_aer_opt_out.bb
/home/onishi/WRF/tools/standard.exe module_aer_opt_out.bb | /lib/cpp -P -nostdinc -I/home/onishi/WRF/external/ioapi_share -traditional-cpp -DUSE_NETCDF4_FEATURES -DWRFIO_NCD_LARGE_FILE_SUPPORT > module_aer_opt_out.f90
rm -f module_aer_opt_out.G module_aer_opt_out.bb
time mpif90 -f90=ifort -o module_aer_opt_out.o -c -O3 -ip -fp-model precise -w -ftz -align all -fno-alias -FR -convert big_endian    -I../dyn_em  -I/home/onishi/WRF/external/esmf_time_f90  -I/home/onishi/WRF/main -I/home/onishi/WRF/external/io_netcdf -I/home/onishi/WRF/external/io_int -I/home/onishi/WRF/frame -I/home/onishi/WRF/share -I/home/onishi/WRF/phys -I/home/onishi/WRF/wrftladj -I/home/onishi/WRF/chem -I/home/onishi/WRF/inc -I/home/onishi/NETCDF_DIR2//include  -real-size `expr 8 \* 4` -i4  module_aer_opt_out.f90
0.10user 0.05system 0:00.16elapsed 93%CPU (0avgtext+0avgdata 54436maxresident)k
16inputs+200outputs (0major+9330minor)pagefaults 0swaps
rm -f module_add_emiss_burn.o
sed -e "s/^\!.*'.*//" -e "s/^ *\!.*'.*//" module_add_emiss_burn.F > module_add_emiss_burn.G
/lib/cpp -P -nostdinc -I/home/onishi/WRF/external/ioapi_share -I/home/onishi/WRF/inc -DEM_CORE=1 -DNMM_CORE=0 -DNMM_MAX_DIM=2600 -DDA_CORE=0 -DWRFPLUS=0 -DIWORDSIZE=4 -DDWORDSIZE=8 -DRWORDSIZE=4 -DLWORDSIZE=4 -DNONSTANDARD_SYSTEM_FUNC  -DWRF_USE_CLM -DUSE_NETCDF4_FEATURES -DWRFIO_NCD_LARGE_FILE_SUPPORT  -DDM_PARALLEL -DNETCDF -DGRIB2 -DHDF5 -DLANDREAD_STUB=1 -DUSE_ALLOCATABLES -Dwrfmodel -DGRIB1 -DINTIO -DKEEP_INT_AROUND -DLIMIT_ARGS -DBUILD_RRTMG_FAST=0 -DBUILD_RRTMK=0 -DBUILD_SBM_FAST=1 -DSHOW_ALL_VARS_USED=0 -DCONFIG_BUF_LEN=65536 -DMAX_DOMAINS_F=21 -DMAX_HISTORY=25 -DNMM_NEST=0 -DWRF_CHEM -DBUILD_CHEM=1 -DWRF_KPP -I. -traditional-cpp -DUSE_NETCDF4_FEATURES -DWRFIO_NCD_LARGE_FILE_SUPPORT   module_add_emiss_burn.G  > module_add_emiss_burn.bb
/home/onishi/WRF/tools/standard.exe module_add_emiss_burn.bb | /lib/cpp -P -nostdinc -I/home/onishi/WRF/external/ioapi_share -traditional-cpp -DUSE_NETCDF4_FEATURES -DWRFIO_NCD_LARGE_FILE_SUPPORT > module_add_emiss_burn.f90
rm -f module_add_emiss_burn.G module_add_emiss_burn.bb
time mpif90 -f90=ifort -o module_add_emiss_burn.o -c -O3 -ip -fp-model precise -w -ftz -align all -fno-alias -FR -convert big_endian    -I../dyn_em  -I/home/onishi/WRF/external/esmf_time_f90  -I/home/onishi/WRF/main -I/home/onishi/WRF/external/io_netcdf -I/home/onishi/WRF/external/io_int -I/home/onishi/WRF/frame -I/home/onishi/WRF/share -I/home/onishi/WRF/phys -I/home/onishi/WRF/wrftladj -I/home/onishi/WRF/chem -I/home/onishi/WRF/inc -I/home/onishi/NETCDF_DIR2//include  -real-size `expr 8 \* 4` -i4  module_add_emiss_burn.f90
6.93user 0.23system 0:07.18elapsed 99%CPU (0avgtext+0avgdata 263988maxresident)k
64inputs+1040outputs (0major+66210minor)pagefaults 0swaps
rm -f module_add_emis_cptec.o
sed -e "s/^\!.*'.*//" -e "s/^ *\!.*'.*//" module_add_emis_cptec.F > module_add_emis_cptec.G
/lib/cpp -P -nostdinc -I/home/onishi/WRF/external/ioapi_share -I/home/onishi/WRF/inc -DEM_CORE=1 -DNMM_CORE=0 -DNMM_MAX_DIM=2600 -DDA_CORE=0 -DWRFPLUS=0 -DIWORDSIZE=4 -DDWORDSIZE=8 -DRWORDSIZE=4 -DLWORDSIZE=4 -DNONSTANDARD_SYSTEM_FUNC  -DWRF_USE_CLM -DUSE_NETCDF4_FEATURES -DWRFIO_NCD_LARGE_FILE_SUPPORT  -DDM_PARALLEL -DNETCDF -DGRIB2 -DHDF5 -DLANDREAD_STUB=1 -DUSE_ALLOCATABLES -Dwrfmodel -DGRIB1 -DINTIO -DKEEP_INT_AROUND -DLIMIT_ARGS -DBUILD_RRTMG_FAST=0 -DBUILD_RRTMK=0 -DBUILD_SBM_FAST=1 -DSHOW_ALL_VARS_USED=0 -DCONFIG_BUF_LEN=65536 -DMAX_DOMAINS_F=21 -DMAX_HISTORY=25 -DNMM_NEST=0 -DWRF_CHEM -DBUILD_CHEM=1 -DWRF_KPP -I. -traditional-cpp -DUSE_NETCDF4_FEATURES -DWRFIO_NCD_LARGE_FILE_SUPPORT   module_add_emis_cptec.G  > module_add_emis_cptec.bb
/home/onishi/WRF/tools/standard.exe module_add_emis_cptec.bb | /lib/cpp -P -nostdinc -I/home/onishi/WRF/external/ioapi_share -traditional-cpp -DUSE_NETCDF4_FEATURES -DWRFIO_NCD_LARGE_FILE_SUPPORT > module_add_emis_cptec.f90
rm -f module_add_emis_cptec.G module_add_emis_cptec.bb
time mpif90 -f90=ifort -o module_add_emis_cptec.o -c -O3 -ip -fp-model precise -w -ftz -align all -fno-alias -FR -convert big_endian    -I../dyn_em  -I/home/onishi/WRF/external/esmf_time_f90  -I/home/onishi/WRF/main -I/home/onishi/WRF/external/io_netcdf -I/home/onishi/WRF/external/io_int -I/home/onishi/WRF/frame -I/home/onishi/WRF/share -I/home/onishi/WRF/phys -I/home/onishi/WRF/wrftladj -I/home/onishi/WRF/chem -I/home/onishi/WRF/inc -I/home/onishi/NETCDF_DIR2//include  -real-size `expr 8 \* 4` -i4  module_add_emis_cptec.f90
2.11user 0.11system 0:02.26elapsed 98%CPU (0avgtext+0avgdata 144400maxresident)k
16inputs+1064outputs (0major+32201minor)pagefaults 0swaps
rm -f module_bioemi_beis314.o
sed -e "s/^\!.*'.*//" -e "s/^ *\!.*'.*//" module_bioemi_beis314.F > module_bioemi_beis314.G
/lib/cpp -P -nostdinc -I/home/onishi/WRF/external/ioapi_share -I/home/onishi/WRF/inc -DEM_CORE=1 -DNMM_CORE=0 -DNMM_MAX_DIM=2600 -DDA_CORE=0 -DWRFPLUS=0 -DIWORDSIZE=4 -DDWORDSIZE=8 -DRWORDSIZE=4 -DLWORDSIZE=4 -DNONSTANDARD_SYSTEM_FUNC  -DWRF_USE_CLM -DUSE_NETCDF4_FEATURES -DWRFIO_NCD_LARGE_FILE_SUPPORT  -DDM_PARALLEL -DNETCDF -DGRIB2 -DHDF5 -DLANDREAD_STUB=1 -DUSE_ALLOCATABLES -Dwrfmodel -DGRIB1 -DINTIO -DKEEP_INT_AROUND -DLIMIT_ARGS -DBUILD_RRTMG_FAST=0 -DBUILD_RRTMK=0 -DBUILD_SBM_FAST=1 -DSHOW_ALL_VARS_USED=0 -DCONFIG_BUF_LEN=65536 -DMAX_DOMAINS_F=21 -DMAX_HISTORY=25 -DNMM_NEST=0 -DWRF_CHEM -DBUILD_CHEM=1 -DWRF_KPP -I. -traditional-cpp -DUSE_NETCDF4_FEATURES -DWRFIO_NCD_LARGE_FILE_SUPPORT   module_bioemi_beis314.G  > module_bioemi_beis314.bb
/home/onishi/WRF/tools/standard.exe module_bioemi_beis314.bb | /lib/cpp -P -nostdinc -I/home/onishi/WRF/external/ioapi_share -traditional-cpp -DUSE_NETCDF4_FEATURES -DWRFIO_NCD_LARGE_FILE_SUPPORT > module_bioemi_beis314.f90
rm -f module_bioemi_beis314.G module_bioemi_beis314.bb
time mpif90 -f90=ifort -o module_bioemi_beis314.o -c -O3 -ip -fp-model precise -w -ftz -align all -fno-alias -FR -convert big_endian    -I../dyn_em  -I/home/onishi/WRF/external/esmf_time_f90  -I/home/onishi/WRF/main -I/home/onishi/WRF/external/io_netcdf -I/home/onishi/WRF/external/io_int -I/home/onishi/WRF/frame -I/home/onishi/WRF/share -I/home/onishi/WRF/phys -I/home/onishi/WRF/wrftladj -I/home/onishi/WRF/chem -I/home/onishi/WRF/inc -I/home/onishi/NETCDF_DIR2//include  -real-size `expr 8 \* 4` -i4  module_bioemi_beis314.f90
0.20user 0.06system 0:00.30elapsed 90%CPU (0avgtext+0avgdata 62940maxresident)k
40inputs+1232outputs (0major+11842minor)pagefaults 0swaps
rm -f module_cmu_dvode_solver.o
sed -e "s/^\!.*'.*//" -e "s/^ *\!.*'.*//" module_cmu_dvode_solver.F > module_cmu_dvode_solver.G
/lib/cpp -P -nostdinc -I/home/onishi/WRF/external/ioapi_share -I/home/onishi/WRF/inc -DEM_CORE=1 -DNMM_CORE=0 -DNMM_MAX_DIM=2600 -DDA_CORE=0 -DWRFPLUS=0 -DIWORDSIZE=4 -DDWORDSIZE=8 -DRWORDSIZE=4 -DLWORDSIZE=4 -DNONSTANDARD_SYSTEM_FUNC  -DWRF_USE_CLM -DUSE_NETCDF4_FEATURES -DWRFIO_NCD_LARGE_FILE_SUPPORT  -DDM_PARALLEL -DNETCDF -DGRIB2 -DHDF5 -DLANDREAD_STUB=1 -DUSE_ALLOCATABLES -Dwrfmodel -DGRIB1 -DINTIO -DKEEP_INT_AROUND -DLIMIT_ARGS -DBUILD_RRTMG_FAST=0 -DBUILD_RRTMK=0 -DBUILD_SBM_FAST=1 -DSHOW_ALL_VARS_USED=0 -DCONFIG_BUF_LEN=65536 -DMAX_DOMAINS_F=21 -DMAX_HISTORY=25 -DNMM_NEST=0 -DWRF_CHEM -DBUILD_CHEM=1 -DWRF_KPP -I. -traditional-cpp -DUSE_NETCDF4_FEATURES -DWRFIO_NCD_LARGE_FILE_SUPPORT   module_cmu_dvode_solver.G  > module_cmu_dvode_solver.bb
/home/onishi/WRF/tools/standard.exe module_cmu_dvode_solver.bb | /lib/cpp -P -nostdinc -I/home/onishi/WRF/external/ioapi_share -traditional-cpp -DUSE_NETCDF4_FEATURES -DWRFIO_NCD_LARGE_FILE_SUPPORT > module_cmu_dvode_solver.f90
rm -f module_cmu_dvode_solver.G module_cmu_dvode_solver.bb
time mpif90 -f90=ifort -o module_cmu_dvode_solver.o -c -O3 -ip -fp-model precise -w -ftz -align all -fno-alias -FR -convert big_endian    -I../dyn_em  -I/home/onishi/WRF/external/esmf_time_f90  -I/home/onishi/WRF/main -I/home/onishi/WRF/external/io_netcdf -I/home/onishi/WRF/external/io_int -I/home/onishi/WRF/frame -I/home/onishi/WRF/share -I/home/onishi/WRF/phys -I/home/onishi/WRF/wrftladj -I/home/onishi/WRF/chem -I/home/onishi/WRF/inc -I/home/onishi/NETCDF_DIR2//include  -real-size `expr 8 \* 4` -i4  module_cmu_dvode_solver.f90
2.82user 0.07system 0:02.93elapsed 99%CPU (0avgtext+0avgdata 88648maxresident)k
128inputs+1288outputs (0major+20521minor)pagefaults 0swaps
rm -f module_peg_util.o
sed -e "s/^\!.*'.*//" -e "s/^ *\!.*'.*//" module_peg_util.F > module_peg_util.G
/lib/cpp -P -nostdinc -I/home/onishi/WRF/external/ioapi_share -I/home/onishi/WRF/inc -DEM_CORE=1 -DNMM_CORE=0 -DNMM_MAX_DIM=2600 -DDA_CORE=0 -DWRFPLUS=0 -DIWORDSIZE=4 -DDWORDSIZE=8 -DRWORDSIZE=4 -DLWORDSIZE=4 -DNONSTANDARD_SYSTEM_FUNC  -DWRF_USE_CLM -DUSE_NETCDF4_FEATURES -DWRFIO_NCD_LARGE_FILE_SUPPORT  -DDM_PARALLEL -DNETCDF -DGRIB2 -DHDF5 -DLANDREAD_STUB=1 -DUSE_ALLOCATABLES -Dwrfmodel -DGRIB1 -DINTIO -DKEEP_INT_AROUND -DLIMIT_ARGS -DBUILD_RRTMG_FAST=0 -DBUILD_RRTMK=0 -DBUILD_SBM_FAST=1 -DSHOW_ALL_VARS_USED=0 -DCONFIG_BUF_LEN=65536 -DMAX_DOMAINS_F=21 -DMAX_HISTORY=25 -DNMM_NEST=0 -DWRF_CHEM -DBUILD_CHEM=1 -DWRF_KPP -I. -traditional-cpp -DUSE_NETCDF4_FEATURES -DWRFIO_NCD_LARGE_FILE_SUPPORT   module_peg_util.G  > module_peg_util.bb
/home/onishi/WRF/tools/standard.exe module_peg_util.bb | /lib/cpp -P -nostdinc -I/home/onishi/WRF/external/ioapi_share -traditional-cpp -DUSE_NETCDF4_FEATURES -DWRFIO_NCD_LARGE_FILE_SUPPORT > module_peg_util.f90
rm -f module_peg_util.G module_peg_util.bb
time mpif90 -f90=ifort -o module_peg_util.o -c -O3 -ip -fp-model precise -w -ftz -align all -fno-alias -FR -convert big_endian    -I../dyn_em  -I/home/onishi/WRF/external/esmf_time_f90  -I/home/onishi/WRF/main -I/home/onishi/WRF/external/io_netcdf -I/home/onishi/WRF/external/io_int -I/home/onishi/WRF/frame -I/home/onishi/WRF/share -I/home/onishi/WRF/phys -I/home/onishi/WRF/wrftladj -I/home/onishi/WRF/chem -I/home/onishi/WRF/inc -I/home/onishi/NETCDF_DIR2//include  -real-size `expr 8 \* 4` -i4  module_peg_util.f90
0.01user 0.06system 0:00.10elapsed 74%CPU (0avgtext+0avgdata 39948maxresident)k
8inputs+96outputs (0major+6284minor)pagefaults 0swaps
rm -f module_data_cbmz.o
sed -e "s/^\!.*'.*//" -e "s/^ *\!.*'.*//" module_data_cbmz.F > module_data_cbmz.G
/lib/cpp -P -nostdinc -I/home/onishi/WRF/external/ioapi_share -I/home/onishi/WRF/inc -DEM_CORE=1 -DNMM_CORE=0 -DNMM_MAX_DIM=2600 -DDA_CORE=0 -DWRFPLUS=0 -DIWORDSIZE=4 -DDWORDSIZE=8 -DRWORDSIZE=4 -DLWORDSIZE=4 -DNONSTANDARD_SYSTEM_FUNC  -DWRF_USE_CLM -DUSE_NETCDF4_FEATURES -DWRFIO_NCD_LARGE_FILE_SUPPORT  -DDM_PARALLEL -DNETCDF -DGRIB2 -DHDF5 -DLANDREAD_STUB=1 -DUSE_ALLOCATABLES -Dwrfmodel -DGRIB1 -DINTIO -DKEEP_INT_AROUND -DLIMIT_ARGS -DBUILD_RRTMG_FAST=0 -DBUILD_RRTMK=0 -DBUILD_SBM_FAST=1 -DSHOW_ALL_VARS_USED=0 -DCONFIG_BUF_LEN=65536 -DMAX_DOMAINS_F=21 -DMAX_HISTORY=25 -DNMM_NEST=0 -DWRF_CHEM -DBUILD_CHEM=1 -DWRF_KPP -I. -traditional-cpp -DUSE_NETCDF4_FEATURES -DWRFIO_NCD_LARGE_FILE_SUPPORT   module_data_cbmz.G  > module_data_cbmz.bb
/home/onishi/WRF/tools/standard.exe module_data_cbmz.bb | /lib/cpp -P -nostdinc -I/home/onishi/WRF/external/ioapi_share -traditional-cpp -DUSE_NETCDF4_FEATURES -DWRFIO_NCD_LARGE_FILE_SUPPORT > module_data_cbmz.f90
rm -f module_data_cbmz.G module_data_cbmz.bb
time mpif90 -f90=ifort -o module_data_cbmz.o -c -O3 -ip -fp-model precise -w -ftz -align all -fno-alias -FR -convert big_endian    -I../dyn_em  -I/home/onishi/WRF/external/esmf_time_f90  -I/home/onishi/WRF/main -I/home/onishi/WRF/external/io_netcdf -I/home/onishi/WRF/external/io_int -I/home/onishi/WRF/frame -I/home/onishi/WRF/share -I/home/onishi/WRF/phys -I/home/onishi/WRF/wrftladj -I/home/onishi/WRF/chem -I/home/onishi/WRF/inc -I/home/onishi/NETCDF_DIR2//include  -real-size `expr 8 \* 4` -i4  module_data_cbmz.f90
0.00user 0.06system 0:00.07elapsed 89%CPU (0avgtext+0avgdata 38256maxresident)k
24inputs+128outputs (0major+6029minor)pagefaults 0swaps
rm -f module_data_cmu_bulkaqchem.o
sed -e "s/^\!.*'.*//" -e "s/^ *\!.*'.*//" module_data_cmu_bulkaqchem.F > module_data_cmu_bulkaqchem.G
/lib/cpp -P -nostdinc -I/home/onishi/WRF/external/ioapi_share -I/home/onishi/WRF/inc -DEM_CORE=1 -DNMM_CORE=0 -DNMM_MAX_DIM=2600 -DDA_CORE=0 -DWRFPLUS=0 -DIWORDSIZE=4 -DDWORDSIZE=8 -DRWORDSIZE=4 -DLWORDSIZE=4 -DNONSTANDARD_SYSTEM_FUNC  -DWRF_USE_CLM -DUSE_NETCDF4_FEATURES -DWRFIO_NCD_LARGE_FILE_SUPPORT  -DDM_PARALLEL -DNETCDF -DGRIB2 -DHDF5 -DLANDREAD_STUB=1 -DUSE_ALLOCATABLES -Dwrfmodel -DGRIB1 -DINTIO -DKEEP_INT_AROUND -DLIMIT_ARGS -DBUILD_RRTMG_FAST=0 -DBUILD_RRTMK=0 -DBUILD_SBM_FAST=1 -DSHOW_ALL_VARS_USED=0 -DCONFIG_BUF_LEN=65536 -DMAX_DOMAINS_F=21 -DMAX_HISTORY=25 -DNMM_NEST=0 -DWRF_CHEM -DBUILD_CHEM=1 -DWRF_KPP -I. -traditional-cpp -DUSE_NETCDF4_FEATURES -DWRFIO_NCD_LARGE_FILE_SUPPORT   module_data_cmu_bulkaqchem.G  > module_data_cmu_bulkaqchem.bb
/home/onishi/WRF/tools/standard.exe module_data_cmu_bulkaqchem.bb | /lib/cpp -P -nostdinc -I/home/onishi/WRF/external/ioapi_share -traditional-cpp -DUSE_NETCDF4_FEATURES -DWRFIO_NCD_LARGE_FILE_SUPPORT > module_data_cmu_bulkaqchem.f90
rm -f module_data_cmu_bulkaqchem.G module_data_cmu_bulkaqchem.bb
time mpif90 -f90=ifort -o module_data_cmu_bulkaqchem.o -c -O3 -ip -fp-model precise -w -ftz -align all -fno-alias -FR -convert big_endian    -I../dyn_em  -I/home/onishi/WRF/external/esmf_time_f90  -I/home/onishi/WRF/main -I/home/onishi/WRF/external/io_netcdf -I/home/onishi/WRF/external/io_int -I/home/onishi/WRF/frame -I/home/onishi/WRF/share -I/home/onishi/WRF/phys -I/home/onishi/WRF/wrftladj -I/home/onishi/WRF/chem -I/home/onishi/WRF/inc -I/home/onishi/NETCDF_DIR2//include  -real-size `expr 8 \* 4` -i4  module_data_cmu_bulkaqchem.f90
0.02user 0.05system 0:00.10elapsed 68%CPU (0avgtext+0avgdata 38408maxresident)k
16inputs+112outputs (0major+6031minor)pagefaults 0swaps
rm -f module_data_gocartchem.o
sed -e "s/^\!.*'.*//" -e "s/^ *\!.*'.*//" module_data_gocartchem.F > module_data_gocartchem.G
/lib/cpp -P -nostdinc -I/home/onishi/WRF/external/ioapi_share -I/home/onishi/WRF/inc -DEM_CORE=1 -DNMM_CORE=0 -DNMM_MAX_DIM=2600 -DDA_CORE=0 -DWRFPLUS=0 -DIWORDSIZE=4 -DDWORDSIZE=8 -DRWORDSIZE=4 -DLWORDSIZE=4 -DNONSTANDARD_SYSTEM_FUNC  -DWRF_USE_CLM -DUSE_NETCDF4_FEATURES -DWRFIO_NCD_LARGE_FILE_SUPPORT  -DDM_PARALLEL -DNETCDF -DGRIB2 -DHDF5 -DLANDREAD_STUB=1 -DUSE_ALLOCATABLES -Dwrfmodel -DGRIB1 -DINTIO -DKEEP_INT_AROUND -DLIMIT_ARGS -DBUILD_RRTMG_FAST=0 -DBUILD_RRTMK=0 -DBUILD_SBM_FAST=1 -DSHOW_ALL_VARS_USED=0 -DCONFIG_BUF_LEN=65536 -DMAX_DOMAINS_F=21 -DMAX_HISTORY=25 -DNMM_NEST=0 -DWRF_CHEM -DBUILD_CHEM=1 -DWRF_KPP -I. -traditional-cpp -DUSE_NETCDF4_FEATURES -DWRFIO_NCD_LARGE_FILE_SUPPORT   module_data_gocartchem.G  > module_data_gocartchem.bb
/home/onishi/WRF/tools/standard.exe module_data_gocartchem.bb | /lib/cpp -P -nostdinc -I/home/onishi/WRF/external/ioapi_share -traditional-cpp -DUSE_NETCDF4_FEATURES -DWRFIO_NCD_LARGE_FILE_SUPPORT > module_data_gocartchem.f90
rm -f module_data_gocartchem.G module_data_gocartchem.bb
time mpif90 -f90=ifort -o module_data_gocartchem.o -c -O3 -ip -fp-model precise -w -ftz -align all -fno-alias -FR -convert big_endian    -I../dyn_em  -I/home/onishi/WRF/external/esmf_time_f90  -I/home/onishi/WRF/main -I/home/onishi/WRF/external/io_netcdf -I/home/onishi/WRF/external/io_int -I/home/onishi/WRF/frame -I/home/onishi/WRF/share -I/home/onishi/WRF/phys -I/home/onishi/WRF/wrftladj -I/home/onishi/WRF/chem -I/home/onishi/WRF/inc -I/home/onishi/NETCDF_DIR2//include  -real-size `expr 8 \* 4` -i4  module_data_gocartchem.f90
0.01user 0.05system 0:00.09elapsed 70%CPU (0avgtext+0avgdata 37612maxresident)k
8inputs+88outputs (0major+5967minor)pagefaults 0swaps
rm -f module_data_gocart_seas.o
sed -e "s/^\!.*'.*//" -e "s/^ *\!.*'.*//" module_data_gocart_seas.F > module_data_gocart_seas.G
/lib/cpp -P -nostdinc -I/home/onishi/WRF/external/ioapi_share -I/home/onishi/WRF/inc -DEM_CORE=1 -DNMM_CORE=0 -DNMM_MAX_DIM=2600 -DDA_CORE=0 -DWRFPLUS=0 -DIWORDSIZE=4 -DDWORDSIZE=8 -DRWORDSIZE=4 -DLWORDSIZE=4 -DNONSTANDARD_SYSTEM_FUNC  -DWRF_USE_CLM -DUSE_NETCDF4_FEATURES -DWRFIO_NCD_LARGE_FILE_SUPPORT  -DDM_PARALLEL -DNETCDF -DGRIB2 -DHDF5 -DLANDREAD_STUB=1 -DUSE_ALLOCATABLES -Dwrfmodel -DGRIB1 -DINTIO -DKEEP_INT_AROUND -DLIMIT_ARGS -DBUILD_RRTMG_FAST=0 -DBUILD_RRTMK=0 -DBUILD_SBM_FAST=1 -DSHOW_ALL_VARS_USED=0 -DCONFIG_BUF_LEN=65536 -DMAX_DOMAINS_F=21 -DMAX_HISTORY=25 -DNMM_NEST=0 -DWRF_CHEM -DBUILD_CHEM=1 -DWRF_KPP -I. -traditional-cpp -DUSE_NETCDF4_FEATURES -DWRFIO_NCD_LARGE_FILE_SUPPORT   module_data_gocart_seas.G  > module_data_gocart_seas.bb
/home/onishi/WRF/tools/standard.exe module_data_gocart_seas.bb | /lib/cpp -P -nostdinc -I/home/onishi/WRF/external/ioapi_share -traditional-cpp -DUSE_NETCDF4_FEATURES -DWRFIO_NCD_LARGE_FILE_SUPPORT > module_data_gocart_seas.f90
rm -f module_data_gocart_seas.G module_data_gocart_seas.bb
time mpif90 -f90=ifort -o module_data_gocart_seas.o -c -O3 -ip -fp-model precise -w -ftz -align all -fno-alias -FR -convert big_endian    -I../dyn_em  -I/home/onishi/WRF/external/esmf_time_f90  -I/home/onishi/WRF/main -I/home/onishi/WRF/external/io_netcdf -I/home/onishi/WRF/external/io_int -I/home/onishi/WRF/frame -I/home/onishi/WRF/share -I/home/onishi/WRF/phys -I/home/onishi/WRF/wrftladj -I/home/onishi/WRF/chem -I/home/onishi/WRF/inc -I/home/onishi/NETCDF_DIR2//include  -real-size `expr 8 \* 4` -i4  module_data_gocart_seas.f90
0.02user 0.04system 0:00.07elapsed 88%CPU (0avgtext+0avgdata 38040maxresident)k
8inputs+88outputs (0major+5963minor)pagefaults 0swaps
rm -f module_data_mosaic_kind.o
sed -e "s/^\!.*'.*//" -e "s/^ *\!.*'.*//" module_data_mosaic_kind.F > module_data_mosaic_kind.G
/lib/cpp -P -nostdinc -I/home/onishi/WRF/external/ioapi_share -I/home/onishi/WRF/inc -DEM_CORE=1 -DNMM_CORE=0 -DNMM_MAX_DIM=2600 -DDA_CORE=0 -DWRFPLUS=0 -DIWORDSIZE=4 -DDWORDSIZE=8 -DRWORDSIZE=4 -DLWORDSIZE=4 -DNONSTANDARD_SYSTEM_FUNC  -DWRF_USE_CLM -DUSE_NETCDF4_FEATURES -DWRFIO_NCD_LARGE_FILE_SUPPORT  -DDM_PARALLEL -DNETCDF -DGRIB2 -DHDF5 -DLANDREAD_STUB=1 -DUSE_ALLOCATABLES -Dwrfmodel -DGRIB1 -DINTIO -DKEEP_INT_AROUND -DLIMIT_ARGS -DBUILD_RRTMG_FAST=0 -DBUILD_RRTMK=0 -DBUILD_SBM_FAST=1 -DSHOW_ALL_VARS_USED=0 -DCONFIG_BUF_LEN=65536 -DMAX_DOMAINS_F=21 -DMAX_HISTORY=25 -DNMM_NEST=0 -DWRF_CHEM -DBUILD_CHEM=1 -DWRF_KPP -I. -traditional-cpp -DUSE_NETCDF4_FEATURES -DWRFIO_NCD_LARGE_FILE_SUPPORT   module_data_mosaic_kind.G  > module_data_mosaic_kind.bb
/home/onishi/WRF/tools/standard.exe module_data_mosaic_kind.bb | /lib/cpp -P -nostdinc -I/home/onishi/WRF/external/ioapi_share -traditional-cpp -DUSE_NETCDF4_FEATURES -DWRFIO_NCD_LARGE_FILE_SUPPORT > module_data_mosaic_kind.f90
rm -f module_data_mosaic_kind.G module_data_mosaic_kind.bb
time mpif90 -f90=ifort -o module_data_mosaic_kind.o -c -O3 -ip -fp-model precise -w -ftz -align all -fno-alias -FR -convert big_endian    -I../dyn_em  -I/home/onishi/WRF/external/esmf_time_f90  -I/home/onishi/WRF/main -I/home/onishi/WRF/external/io_netcdf -I/home/onishi/WRF/external/io_int -I/home/onishi/WRF/frame -I/home/onishi/WRF/share -I/home/onishi/WRF/phys -I/home/onishi/WRF/wrftladj -I/home/onishi/WRF/chem -I/home/onishi/WRF/inc -I/home/onishi/NETCDF_DIR2//include  -real-size `expr 8 \* 4` -i4  module_data_mosaic_kind.f90
0.00user 0.06system 0:00.07elapsed 88%CPU (0avgtext+0avgdata 37716maxresident)k
8inputs+88outputs (0major+5966minor)pagefaults 0swaps
rm -f module_data_mosaic_constants.o
sed -e "s/^\!.*'.*//" -e "s/^ *\!.*'.*//" module_data_mosaic_constants.F > module_data_mosaic_constants.G
/lib/cpp -P -nostdinc -I/home/onishi/WRF/external/ioapi_share -I/home/onishi/WRF/inc -DEM_CORE=1 -DNMM_CORE=0 -DNMM_MAX_DIM=2600 -DDA_CORE=0 -DWRFPLUS=0 -DIWORDSIZE=4 -DDWORDSIZE=8 -DRWORDSIZE=4 -DLWORDSIZE=4 -DNONSTANDARD_SYSTEM_FUNC  -DWRF_USE_CLM -DUSE_NETCDF4_FEATURES -DWRFIO_NCD_LARGE_FILE_SUPPORT  -DDM_PARALLEL -DNETCDF -DGRIB2 -DHDF5 -DLANDREAD_STUB=1 -DUSE_ALLOCATABLES -Dwrfmodel -DGRIB1 -DINTIO -DKEEP_INT_AROUND -DLIMIT_ARGS -DBUILD_RRTMG_FAST=0 -DBUILD_RRTMK=0 -DBUILD_SBM_FAST=1 -DSHOW_ALL_VARS_USED=0 -DCONFIG_BUF_LEN=65536 -DMAX_DOMAINS_F=21 -DMAX_HISTORY=25 -DNMM_NEST=0 -DWRF_CHEM -DBUILD_CHEM=1 -DWRF_KPP -I. -traditional-cpp -DUSE_NETCDF4_FEATURES -DWRFIO_NCD_LARGE_FILE_SUPPORT   module_data_mosaic_constants.G  > module_data_mosaic_constants.bb
/home/onishi/WRF/tools/standard.exe module_data_mosaic_constants.bb | /lib/cpp -P -nostdinc -I/home/onishi/WRF/external/ioapi_share -traditional-cpp -DUSE_NETCDF4_FEATURES -DWRFIO_NCD_LARGE_FILE_SUPPORT > module_data_mosaic_constants.f90
rm -f module_data_mosaic_constants.G module_data_mosaic_constants.bb
time mpif90 -f90=ifort -o module_data_mosaic_constants.o -c -O3 -ip -fp-model precise -w -ftz -align all -fno-alias -FR -convert big_endian    -I../dyn_em  -I/home/onishi/WRF/external/esmf_time_f90  -I/home/onishi/WRF/main -I/home/onishi/WRF/external/io_netcdf -I/home/onishi/WRF/external/io_int -I/home/onishi/WRF/frame -I/home/onishi/WRF/share -I/home/onishi/WRF/phys -I/home/onishi/WRF/wrftladj -I/home/onishi/WRF/chem -I/home/onishi/WRF/inc -I/home/onishi/NETCDF_DIR2//include  -real-size `expr 8 \* 4` -i4  module_data_mosaic_constants.f90
0.01user 0.05system 0:00.07elapsed 89%CPU (0avgtext+0avgdata 37964maxresident)k
16inputs+88outputs (0major+5963minor)pagefaults 0swaps
rm -f module_data_mosaic_aero.o
sed -e "s/^\!.*'.*//" -e "s/^ *\!.*'.*//" module_data_mosaic_aero.F > module_data_mosaic_aero.G
/lib/cpp -P -nostdinc -I/home/onishi/WRF/external/ioapi_share -I/home/onishi/WRF/inc -DEM_CORE=1 -DNMM_CORE=0 -DNMM_MAX_DIM=2600 -DDA_CORE=0 -DWRFPLUS=0 -DIWORDSIZE=4 -DDWORDSIZE=8 -DRWORDSIZE=4 -DLWORDSIZE=4 -DNONSTANDARD_SYSTEM_FUNC  -DWRF_USE_CLM -DUSE_NETCDF4_FEATURES -DWRFIO_NCD_LARGE_FILE_SUPPORT  -DDM_PARALLEL -DNETCDF -DGRIB2 -DHDF5 -DLANDREAD_STUB=1 -DUSE_ALLOCATABLES -Dwrfmodel -DGRIB1 -DINTIO -DKEEP_INT_AROUND -DLIMIT_ARGS -DBUILD_RRTMG_FAST=0 -DBUILD_RRTMK=0 -DBUILD_SBM_FAST=1 -DSHOW_ALL_VARS_USED=0 -DCONFIG_BUF_LEN=65536 -DMAX_DOMAINS_F=21 -DMAX_HISTORY=25 -DNMM_NEST=0 -DWRF_CHEM -DBUILD_CHEM=1 -DWRF_KPP -I. -traditional-cpp -DUSE_NETCDF4_FEATURES -DWRFIO_NCD_LARGE_FILE_SUPPORT   module_data_mosaic_aero.G  > module_data_mosaic_aero.bb
/home/onishi/WRF/tools/standard.exe module_data_mosaic_aero.bb | /lib/cpp -P -nostdinc -I/home/onishi/WRF/external/ioapi_share -traditional-cpp -DUSE_NETCDF4_FEATURES -DWRFIO_NCD_LARGE_FILE_SUPPORT > module_data_mosaic_aero.f90
rm -f module_data_mosaic_aero.G module_data_mosaic_aero.bb
time mpif90 -f90=ifort -o module_data_mosaic_aero.o -c -O3 -ip -fp-model precise -w -ftz -align all -fno-alias -FR -convert big_endian    -I../dyn_em  -I/home/onishi/WRF/external/esmf_time_f90  -I/home/onishi/WRF/main -I/home/onishi/WRF/external/io_netcdf -I/home/onishi/WRF/external/io_int -I/home/onishi/WRF/frame -I/home/onishi/WRF/share -I/home/onishi/WRF/phys -I/home/onishi/WRF/wrftladj -I/home/onishi/WRF/chem -I/home/onishi/WRF/inc -I/home/onishi/NETCDF_DIR2//include  -real-size `expr 8 \* 4` -i4  module_data_mosaic_aero.f90
0.02user 0.04system 0:00.09elapsed 82%CPU (0avgtext+0avgdata 39168maxresident)k
32inputs+248outputs (0major+6249minor)pagefaults 0swaps
rm -f module_data_mosaic_main.o
sed -e "s/^\!.*'.*//" -e "s/^ *\!.*'.*//" module_data_mosaic_main.F > module_data_mosaic_main.G
/lib/cpp -P -nostdinc -I/home/onishi/WRF/external/ioapi_share -I/home/onishi/WRF/inc -DEM_CORE=1 -DNMM_CORE=0 -DNMM_MAX_DIM=2600 -DDA_CORE=0 -DWRFPLUS=0 -DIWORDSIZE=4 -DDWORDSIZE=8 -DRWORDSIZE=4 -DLWORDSIZE=4 -DNONSTANDARD_SYSTEM_FUNC  -DWRF_USE_CLM -DUSE_NETCDF4_FEATURES -DWRFIO_NCD_LARGE_FILE_SUPPORT  -DDM_PARALLEL -DNETCDF -DGRIB2 -DHDF5 -DLANDREAD_STUB=1 -DUSE_ALLOCATABLES -Dwrfmodel -DGRIB1 -DINTIO -DKEEP_INT_AROUND -DLIMIT_ARGS -DBUILD_RRTMG_FAST=0 -DBUILD_RRTMK=0 -DBUILD_SBM_FAST=1 -DSHOW_ALL_VARS_USED=0 -DCONFIG_BUF_LEN=65536 -DMAX_DOMAINS_F=21 -DMAX_HISTORY=25 -DNMM_NEST=0 -DWRF_CHEM -DBUILD_CHEM=1 -DWRF_KPP -I. -traditional-cpp -DUSE_NETCDF4_FEATURES -DWRFIO_NCD_LARGE_FILE_SUPPORT   module_data_mosaic_main.G  > module_data_mosaic_main.bb
/home/onishi/WRF/tools/standard.exe module_data_mosaic_main.bb | /lib/cpp -P -nostdinc -I/home/onishi/WRF/external/ioapi_share -traditional-cpp -DUSE_NETCDF4_FEATURES -DWRFIO_NCD_LARGE_FILE_SUPPORT > module_data_mosaic_main.f90
rm -f module_data_mosaic_main.G module_data_mosaic_main.bb
time mpif90 -f90=ifort -o module_data_mosaic_main.o -c -O3 -ip -fp-model precise -w -ftz -align all -fno-alias -FR -convert big_endian    -I../dyn_em  -I/home/onishi/WRF/external/esmf_time_f90  -I/home/onishi/WRF/main -I/home/onishi/WRF/external/io_netcdf -I/home/onishi/WRF/external/io_int -I/home/onishi/WRF/frame -I/home/onishi/WRF/share -I/home/onishi/WRF/phys -I/home/onishi/WRF/wrftladj -I/home/onishi/WRF/chem -I/home/onishi/WRF/inc -I/home/onishi/NETCDF_DIR2//include  -real-size `expr 8 \* 4` -i4  module_data_mosaic_main.f90
0.01user 0.05system 0:00.07elapsed 89%CPU (0avgtext+0avgdata 38240maxresident)k
16inputs+96outputs (0major+5989minor)pagefaults 0swaps
rm -f module_data_mosaic_asecthp.o
sed -e "s/^\!.*'.*//" -e "s/^ *\!.*'.*//" module_data_mosaic_asecthp.F > module_data_mosaic_asecthp.G
/lib/cpp -P -nostdinc -I/home/onishi/WRF/external/ioapi_share -I/home/onishi/WRF/inc -DEM_CORE=1 -DNMM_CORE=0 -DNMM_MAX_DIM=2600 -DDA_CORE=0 -DWRFPLUS=0 -DIWORDSIZE=4 -DDWORDSIZE=8 -DRWORDSIZE=4 -DLWORDSIZE=4 -DNONSTANDARD_SYSTEM_FUNC  -DWRF_USE_CLM -DUSE_NETCDF4_FEATURES -DWRFIO_NCD_LARGE_FILE_SUPPORT  -DDM_PARALLEL -DNETCDF -DGRIB2 -DHDF5 -DLANDREAD_STUB=1 -DUSE_ALLOCATABLES -Dwrfmodel -DGRIB1 -DINTIO -DKEEP_INT_AROUND -DLIMIT_ARGS -DBUILD_RRTMG_FAST=0 -DBUILD_RRTMK=0 -DBUILD_SBM_FAST=1 -DSHOW_ALL_VARS_USED=0 -DCONFIG_BUF_LEN=65536 -DMAX_DOMAINS_F=21 -DMAX_HISTORY=25 -DNMM_NEST=0 -DWRF_CHEM -DBUILD_CHEM=1 -DWRF_KPP -I. -traditional-cpp -DUSE_NETCDF4_FEATURES -DWRFIO_NCD_LARGE_FILE_SUPPORT   module_data_mosaic_asecthp.G  > module_data_mosaic_asecthp.bb
/home/onishi/WRF/tools/standard.exe module_data_mosaic_asecthp.bb | /lib/cpp -P -nostdinc -I/home/onishi/WRF/external/ioapi_share -traditional-cpp -DUSE_NETCDF4_FEATURES -DWRFIO_NCD_LARGE_FILE_SUPPORT > module_data_mosaic_asecthp.f90
rm -f module_data_mosaic_asecthp.G module_data_mosaic_asecthp.bb
time mpif90 -f90=ifort -o module_data_mosaic_asecthp.o -c -O3 -ip -fp-model precise -w -ftz -align all -fno-alias -FR -convert big_endian    -I../dyn_em  -I/home/onishi/WRF/external/esmf_time_f90  -I/home/onishi/WRF/main -I/home/onishi/WRF/external/io_netcdf -I/home/onishi/WRF/external/io_int -I/home/onishi/WRF/frame -I/home/onishi/WRF/share -I/home/onishi/WRF/phys -I/home/onishi/WRF/wrftladj -I/home/onishi/WRF/chem -I/home/onishi/WRF/inc -I/home/onishi/NETCDF_DIR2//include  -real-size `expr 8 \* 4` -i4  module_data_mosaic_asecthp.f90
0.03user 0.04system 0:00.08elapsed 88%CPU (0avgtext+0avgdata 39864maxresident)k
184inputs+328outputs (0major+6438minor)pagefaults 0swaps
rm -f module_data_mosaic_boxmod.o
sed -e "s/^\!.*'.*//" -e "s/^ *\!.*'.*//" module_data_mosaic_boxmod.F > module_data_mosaic_boxmod.G
/lib/cpp -P -nostdinc -I/home/onishi/WRF/external/ioapi_share -I/home/onishi/WRF/inc -DEM_CORE=1 -DNMM_CORE=0 -DNMM_MAX_DIM=2600 -DDA_CORE=0 -DWRFPLUS=0 -DIWORDSIZE=4 -DDWORDSIZE=8 -DRWORDSIZE=4 -DLWORDSIZE=4 -DNONSTANDARD_SYSTEM_FUNC  -DWRF_USE_CLM -DUSE_NETCDF4_FEATURES -DWRFIO_NCD_LARGE_FILE_SUPPORT  -DDM_PARALLEL -DNETCDF -DGRIB2 -DHDF5 -DLANDREAD_STUB=1 -DUSE_ALLOCATABLES -Dwrfmodel -DGRIB1 -DINTIO -DKEEP_INT_AROUND -DLIMIT_ARGS -DBUILD_RRTMG_FAST=0 -DBUILD_RRTMK=0 -DBUILD_SBM_FAST=1 -DSHOW_ALL_VARS_USED=0 -DCONFIG_BUF_LEN=65536 -DMAX_DOMAINS_F=21 -DMAX_HISTORY=25 -DNMM_NEST=0 -DWRF_CHEM -DBUILD_CHEM=1 -DWRF_KPP -I. -traditional-cpp -DUSE_NETCDF4_FEATURES -DWRFIO_NCD_LARGE_FILE_SUPPORT   module_data_mosaic_boxmod.G  > module_data_mosaic_boxmod.bb
/home/onishi/WRF/tools/standard.exe module_data_mosaic_boxmod.bb | /lib/cpp -P -nostdinc -I/home/onishi/WRF/external/ioapi_share -traditional-cpp -DUSE_NETCDF4_FEATURES -DWRFIO_NCD_LARGE_FILE_SUPPORT > module_data_mosaic_boxmod.f90
rm -f module_data_mosaic_boxmod.G module_data_mosaic_boxmod.bb
time mpif90 -f90=ifort -o module_data_mosaic_boxmod.o -c -O3 -ip -fp-model precise -w -ftz -align all -fno-alias -FR -convert big_endian    -I../dyn_em  -I/home/onishi/WRF/external/esmf_time_f90  -I/home/onishi/WRF/main -I/home/onishi/WRF/external/io_netcdf -I/home/onishi/WRF/external/io_int -I/home/onishi/WRF/frame -I/home/onishi/WRF/share -I/home/onishi/WRF/phys -I/home/onishi/WRF/wrftladj -I/home/onishi/WRF/chem -I/home/onishi/WRF/inc -I/home/onishi/NETCDF_DIR2//include  -real-size `expr 8 \* 4` -i4  module_data_mosaic_boxmod.f90
0.01user 0.05system 0:00.08elapsed 86%CPU (0avgtext+0avgdata 38468maxresident)k
16inputs+120outputs (0major+6079minor)pagefaults 0swaps
rm -f module_data_mosaic_other.o
sed -e "s/^\!.*'.*//" -e "s/^ *\!.*'.*//" module_data_mosaic_other.F > module_data_mosaic_other.G
/lib/cpp -P -nostdinc -I/home/onishi/WRF/external/ioapi_share -I/home/onishi/WRF/inc -DEM_CORE=1 -DNMM_CORE=0 -DNMM_MAX_DIM=2600 -DDA_CORE=0 -DWRFPLUS=0 -DIWORDSIZE=4 -DDWORDSIZE=8 -DRWORDSIZE=4 -DLWORDSIZE=4 -DNONSTANDARD_SYSTEM_FUNC  -DWRF_USE_CLM -DUSE_NETCDF4_FEATURES -DWRFIO_NCD_LARGE_FILE_SUPPORT  -DDM_PARALLEL -DNETCDF -DGRIB2 -DHDF5 -DLANDREAD_STUB=1 -DUSE_ALLOCATABLES -Dwrfmodel -DGRIB1 -DINTIO -DKEEP_INT_AROUND -DLIMIT_ARGS -DBUILD_RRTMG_FAST=0 -DBUILD_RRTMK=0 -DBUILD_SBM_FAST=1 -DSHOW_ALL_VARS_USED=0 -DCONFIG_BUF_LEN=65536 -DMAX_DOMAINS_F=21 -DMAX_HISTORY=25 -DNMM_NEST=0 -DWRF_CHEM -DBUILD_CHEM=1 -DWRF_KPP -I. -traditional-cpp -DUSE_NETCDF4_FEATURES -DWRFIO_NCD_LARGE_FILE_SUPPORT   module_data_mosaic_other.G  > module_data_mosaic_other.bb
/home/onishi/WRF/tools/standard.exe module_data_mosaic_other.bb | /lib/cpp -P -nostdinc -I/home/onishi/WRF/external/ioapi_share -traditional-cpp -DUSE_NETCDF4_FEATURES -DWRFIO_NCD_LARGE_FILE_SUPPORT > module_data_mosaic_other.f90
rm -f module_data_mosaic_other.G module_data_mosaic_other.bb
time mpif90 -f90=ifort -o module_data_mosaic_other.o -c -O3 -ip -fp-model precise -w -ftz -align all -fno-alias -FR -convert big_endian    -I../dyn_em  -I/home/onishi/WRF/external/esmf_time_f90  -I/home/onishi/WRF/main -I/home/onishi/WRF/external/io_netcdf -I/home/onishi/WRF/external/io_int -I/home/onishi/WRF/frame -I/home/onishi/WRF/share -I/home/onishi/WRF/phys -I/home/onishi/WRF/wrftladj -I/home/onishi/WRF/chem -I/home/onishi/WRF/inc -I/home/onishi/NETCDF_DIR2//include  -real-size `expr 8 \* 4` -i4  module_data_mosaic_other.f90
0.01user 0.05system 0:00.08elapsed 87%CPU (0avgtext+0avgdata 38420maxresident)k
16inputs+128outputs (0major+6086minor)pagefaults 0swaps
rm -f module_data_mosaic_therm.o
sed -e "s/^\!.*'.*//" -e "s/^ *\!.*'.*//" module_data_mosaic_therm.F > module_data_mosaic_therm.G
/lib/cpp -P -nostdinc -I/home/onishi/WRF/external/ioapi_share -I/home/onishi/WRF/inc -DEM_CORE=1 -DNMM_CORE=0 -DNMM_MAX_DIM=2600 -DDA_CORE=0 -DWRFPLUS=0 -DIWORDSIZE=4 -DDWORDSIZE=8 -DRWORDSIZE=4 -DLWORDSIZE=4 -DNONSTANDARD_SYSTEM_FUNC  -DWRF_USE_CLM -DUSE_NETCDF4_FEATURES -DWRFIO_NCD_LARGE_FILE_SUPPORT  -DDM_PARALLEL -DNETCDF -DGRIB2 -DHDF5 -DLANDREAD_STUB=1 -DUSE_ALLOCATABLES -Dwrfmodel -DGRIB1 -DINTIO -DKEEP_INT_AROUND -DLIMIT_ARGS -DBUILD_RRTMG_FAST=0 -DBUILD_RRTMK=0 -DBUILD_SBM_FAST=1 -DSHOW_ALL_VARS_USED=0 -DCONFIG_BUF_LEN=65536 -DMAX_DOMAINS_F=21 -DMAX_HISTORY=25 -DNMM_NEST=0 -DWRF_CHEM -DBUILD_CHEM=1 -DWRF_KPP -I. -traditional-cpp -DUSE_NETCDF4_FEATURES -DWRFIO_NCD_LARGE_FILE_SUPPORT   module_data_mosaic_therm.G  > module_data_mosaic_therm.bb
/home/onishi/WRF/tools/standard.exe module_data_mosaic_therm.bb | /lib/cpp -P -nostdinc -I/home/onishi/WRF/external/ioapi_share -traditional-cpp -DUSE_NETCDF4_FEATURES -DWRFIO_NCD_LARGE_FILE_SUPPORT > module_data_mosaic_therm.f90
rm -f module_data_mosaic_therm.G module_data_mosaic_therm.bb
time mpif90 -f90=ifort -o module_data_mosaic_therm.o -c -O3 -ip -fp-model precise -w -ftz -align all -fno-alias -FR -convert big_endian    -I../dyn_em  -I/home/onishi/WRF/external/esmf_time_f90  -I/home/onishi/WRF/main -I/home/onishi/WRF/external/io_netcdf -I/home/onishi/WRF/external/io_int -I/home/onishi/WRF/frame -I/home/onishi/WRF/share -I/home/onishi/WRF/phys -I/home/onishi/WRF/wrftladj -I/home/onishi/WRF/chem -I/home/onishi/WRF/inc -I/home/onishi/NETCDF_DIR2//include  -real-size `expr 8 \* 4` -i4  module_data_mosaic_therm.f90
0.02user 0.05system 0:00.10elapsed 71%CPU (0avgtext+0avgdata 39528maxresident)k
32inputs+296outputs (0major+6325minor)pagefaults 0swaps
rm -f module_data_radm2.o
sed -e "s/^\!.*'.*//" -e "s/^ *\!.*'.*//" module_data_radm2.F > module_data_radm2.G
/lib/cpp -P -nostdinc -I/home/onishi/WRF/external/ioapi_share -I/home/onishi/WRF/inc -DEM_CORE=1 -DNMM_CORE=0 -DNMM_MAX_DIM=2600 -DDA_CORE=0 -DWRFPLUS=0 -DIWORDSIZE=4 -DDWORDSIZE=8 -DRWORDSIZE=4 -DLWORDSIZE=4 -DNONSTANDARD_SYSTEM_FUNC  -DWRF_USE_CLM -DUSE_NETCDF4_FEATURES -DWRFIO_NCD_LARGE_FILE_SUPPORT  -DDM_PARALLEL -DNETCDF -DGRIB2 -DHDF5 -DLANDREAD_STUB=1 -DUSE_ALLOCATABLES -Dwrfmodel -DGRIB1 -DINTIO -DKEEP_INT_AROUND -DLIMIT_ARGS -DBUILD_RRTMG_FAST=0 -DBUILD_RRTMK=0 -DBUILD_SBM_FAST=1 -DSHOW_ALL_VARS_USED=0 -DCONFIG_BUF_LEN=65536 -DMAX_DOMAINS_F=21 -DMAX_HISTORY=25 -DNMM_NEST=0 -DWRF_CHEM -DBUILD_CHEM=1 -DWRF_KPP -I. -traditional-cpp -DUSE_NETCDF4_FEATURES -DWRFIO_NCD_LARGE_FILE_SUPPORT   module_data_radm2.G  > module_data_radm2.bb
/home/onishi/WRF/tools/standard.exe module_data_radm2.bb | /lib/cpp -P -nostdinc -I/home/onishi/WRF/external/ioapi_share -traditional-cpp -DUSE_NETCDF4_FEATURES -DWRFIO_NCD_LARGE_FILE_SUPPORT > module_data_radm2.f90
rm -f module_data_radm2.G module_data_radm2.bb
time mpif90 -f90=ifort -o module_data_radm2.o -c -O3 -ip -fp-model precise -w -ftz -align all -fno-alias -FR -convert big_endian    -I../dyn_em  -I/home/onishi/WRF/external/esmf_time_f90  -I/home/onishi/WRF/main -I/home/onishi/WRF/external/io_netcdf -I/home/onishi/WRF/external/io_int -I/home/onishi/WRF/frame -I/home/onishi/WRF/share -I/home/onishi/WRF/phys -I/home/onishi/WRF/wrftladj -I/home/onishi/WRF/chem -I/home/onishi/WRF/inc -I/home/onishi/NETCDF_DIR2//include  -real-size `expr 8 \* 4` -i4  module_data_radm2.f90
0.01user 0.05system 0:00.07elapsed 89%CPU (0avgtext+0avgdata 38440maxresident)k
16inputs+112outputs (0major+6069minor)pagefaults 0swaps
rm -f module_data_rrtmgaeropt.o
sed -e "s/^\!.*'.*//" -e "s/^ *\!.*'.*//" module_data_rrtmgaeropt.F > module_data_rrtmgaeropt.G
/lib/cpp -P -nostdinc -I/home/onishi/WRF/external/ioapi_share -I/home/onishi/WRF/inc -DEM_CORE=1 -DNMM_CORE=0 -DNMM_MAX_DIM=2600 -DDA_CORE=0 -DWRFPLUS=0 -DIWORDSIZE=4 -DDWORDSIZE=8 -DRWORDSIZE=4 -DLWORDSIZE=4 -DNONSTANDARD_SYSTEM_FUNC  -DWRF_USE_CLM -DUSE_NETCDF4_FEATURES -DWRFIO_NCD_LARGE_FILE_SUPPORT  -DDM_PARALLEL -DNETCDF -DGRIB2 -DHDF5 -DLANDREAD_STUB=1 -DUSE_ALLOCATABLES -Dwrfmodel -DGRIB1 -DINTIO -DKEEP_INT_AROUND -DLIMIT_ARGS -DBUILD_RRTMG_FAST=0 -DBUILD_RRTMK=0 -DBUILD_SBM_FAST=1 -DSHOW_ALL_VARS_USED=0 -DCONFIG_BUF_LEN=65536 -DMAX_DOMAINS_F=21 -DMAX_HISTORY=25 -DNMM_NEST=0 -DWRF_CHEM -DBUILD_CHEM=1 -DWRF_KPP -I. -traditional-cpp -DUSE_NETCDF4_FEATURES -DWRFIO_NCD_LARGE_FILE_SUPPORT   module_data_rrtmgaeropt.G  > module_data_rrtmgaeropt.bb
/home/onishi/WRF/tools/standard.exe module_data_rrtmgaeropt.bb | /lib/cpp -P -nostdinc -I/home/onishi/WRF/external/ioapi_share -traditional-cpp -DUSE_NETCDF4_FEATURES -DWRFIO_NCD_LARGE_FILE_SUPPORT > module_data_rrtmgaeropt.f90
rm -f module_data_rrtmgaeropt.G module_data_rrtmgaeropt.bb
time mpif90 -f90=ifort -o module_data_rrtmgaeropt.o -c -O3 -ip -fp-model precise -w -ftz -align all -fno-alias -FR -convert big_endian    -I../dyn_em  -I/home/onishi/WRF/external/esmf_time_f90  -I/home/onishi/WRF/main -I/home/onishi/WRF/external/io_netcdf -I/home/onishi/WRF/external/io_int -I/home/onishi/WRF/frame -I/home/onishi/WRF/share -I/home/onishi/WRF/phys -I/home/onishi/WRF/wrftladj -I/home/onishi/WRF/chem -I/home/onishi/WRF/inc -I/home/onishi/NETCDF_DIR2//include  -real-size `expr 8 \* 4` -i4  module_data_rrtmgaeropt.f90
0.01user 0.05system 0:00.07elapsed 89%CPU (0avgtext+0avgdata 38284maxresident)k
16inputs+120outputs (0major+6062minor)pagefaults 0swaps
rm -f module_data_megan2.o
sed -e "s/^\!.*'.*//" -e "s/^ *\!.*'.*//" module_data_megan2.F > module_data_megan2.G
/lib/cpp -P -nostdinc -I/home/onishi/WRF/external/ioapi_share -I/home/onishi/WRF/inc -DEM_CORE=1 -DNMM_CORE=0 -DNMM_MAX_DIM=2600 -DDA_CORE=0 -DWRFPLUS=0 -DIWORDSIZE=4 -DDWORDSIZE=8 -DRWORDSIZE=4 -DLWORDSIZE=4 -DNONSTANDARD_SYSTEM_FUNC  -DWRF_USE_CLM -DUSE_NETCDF4_FEATURES -DWRFIO_NCD_LARGE_FILE_SUPPORT  -DDM_PARALLEL -DNETCDF -DGRIB2 -DHDF5 -DLANDREAD_STUB=1 -DUSE_ALLOCATABLES -Dwrfmodel -DGRIB1 -DINTIO -DKEEP_INT_AROUND -DLIMIT_ARGS -DBUILD_RRTMG_FAST=0 -DBUILD_RRTMK=0 -DBUILD_SBM_FAST=1 -DSHOW_ALL_VARS_USED=0 -DCONFIG_BUF_LEN=65536 -DMAX_DOMAINS_F=21 -DMAX_HISTORY=25 -DNMM_NEST=0 -DWRF_CHEM -DBUILD_CHEM=1 -DWRF_KPP -I. -traditional-cpp -DUSE_NETCDF4_FEATURES -DWRFIO_NCD_LARGE_FILE_SUPPORT   module_data_megan2.G  > module_data_megan2.bb
/home/onishi/WRF/tools/standard.exe module_data_megan2.bb | /lib/cpp -P -nostdinc -I/home/onishi/WRF/external/ioapi_share -traditional-cpp -DUSE_NETCDF4_FEATURES -DWRFIO_NCD_LARGE_FILE_SUPPORT > module_data_megan2.f90
rm -f module_data_megan2.G module_data_megan2.bb
time mpif90 -f90=ifort -o module_data_megan2.o -c -O3 -ip -fp-model precise -w -ftz -align all -fno-alias -FR -convert big_endian    -I../dyn_em  -I/home/onishi/WRF/external/esmf_time_f90  -I/home/onishi/WRF/main -I/home/onishi/WRF/external/io_netcdf -I/home/onishi/WRF/external/io_int -I/home/onishi/WRF/frame -I/home/onishi/WRF/share -I/home/onishi/WRF/phys -I/home/onishi/WRF/wrftladj -I/home/onishi/WRF/chem -I/home/onishi/WRF/inc -I/home/onishi/NETCDF_DIR2//include  -real-size `expr 8 \* 4` -i4  module_data_megan2.f90
0.00user 0.07system 0:00.08elapsed 88%CPU (0avgtext+0avgdata 40320maxresident)k
104inputs+152outputs (0major+6506minor)pagefaults 0swaps
rm -f module_data_soa_vbs.o
sed -e "s/^\!.*'.*//" -e "s/^ *\!.*'.*//" module_data_soa_vbs.F > module_data_soa_vbs.G
/lib/cpp -P -nostdinc -I/home/onishi/WRF/external/ioapi_share -I/home/onishi/WRF/inc -DEM_CORE=1 -DNMM_CORE=0 -DNMM_MAX_DIM=2600 -DDA_CORE=0 -DWRFPLUS=0 -DIWORDSIZE=4 -DDWORDSIZE=8 -DRWORDSIZE=4 -DLWORDSIZE=4 -DNONSTANDARD_SYSTEM_FUNC  -DWRF_USE_CLM -DUSE_NETCDF4_FEATURES -DWRFIO_NCD_LARGE_FILE_SUPPORT  -DDM_PARALLEL -DNETCDF -DGRIB2 -DHDF5 -DLANDREAD_STUB=1 -DUSE_ALLOCATABLES -Dwrfmodel -DGRIB1 -DINTIO -DKEEP_INT_AROUND -DLIMIT_ARGS -DBUILD_RRTMG_FAST=0 -DBUILD_RRTMK=0 -DBUILD_SBM_FAST=1 -DSHOW_ALL_VARS_USED=0 -DCONFIG_BUF_LEN=65536 -DMAX_DOMAINS_F=21 -DMAX_HISTORY=25 -DNMM_NEST=0 -DWRF_CHEM -DBUILD_CHEM=1 -DWRF_KPP -I. -traditional-cpp -DUSE_NETCDF4_FEATURES -DWRFIO_NCD_LARGE_FILE_SUPPORT   module_data_soa_vbs.G  > module_data_soa_vbs.bb
/home/onishi/WRF/tools/standard.exe module_data_soa_vbs.bb | /lib/cpp -P -nostdinc -I/home/onishi/WRF/external/ioapi_share -traditional-cpp -DUSE_NETCDF4_FEATURES -DWRFIO_NCD_LARGE_FILE_SUPPORT > module_data_soa_vbs.f90
rm -f module_data_soa_vbs.G module_data_soa_vbs.bb
time mpif90 -f90=ifort -o module_data_soa_vbs.o -c -O3 -ip -fp-model precise -w -ftz -align all -fno-alias -FR -convert big_endian    -I../dyn_em  -I/home/onishi/WRF/external/esmf_time_f90  -I/home/onishi/WRF/main -I/home/onishi/WRF/external/io_netcdf -I/home/onishi/WRF/external/io_int -I/home/onishi/WRF/frame -I/home/onishi/WRF/share -I/home/onishi/WRF/phys -I/home/onishi/WRF/wrftladj -I/home/onishi/WRF/chem -I/home/onishi/WRF/inc -I/home/onishi/NETCDF_DIR2//include  -real-size `expr 8 \* 4` -i4  module_data_soa_vbs.f90
0.02user 0.05system 0:00.08elapsed 87%CPU (0avgtext+0avgdata 39080maxresident)k
32inputs+200outputs (0major+6160minor)pagefaults 0swaps
rm -f module_data_soa_vbs_het.o
sed -e "s/^\!.*'.*//" -e "s/^ *\!.*'.*//" module_data_soa_vbs_het.F > module_data_soa_vbs_het.G
/lib/cpp -P -nostdinc -I/home/onishi/WRF/external/ioapi_share -I/home/onishi/WRF/inc -DEM_CORE=1 -DNMM_CORE=0 -DNMM_MAX_DIM=2600 -DDA_CORE=0 -DWRFPLUS=0 -DIWORDSIZE=4 -DDWORDSIZE=8 -DRWORDSIZE=4 -DLWORDSIZE=4 -DNONSTANDARD_SYSTEM_FUNC  -DWRF_USE_CLM -DUSE_NETCDF4_FEATURES -DWRFIO_NCD_LARGE_FILE_SUPPORT  -DDM_PARALLEL -DNETCDF -DGRIB2 -DHDF5 -DLANDREAD_STUB=1 -DUSE_ALLOCATABLES -Dwrfmodel -DGRIB1 -DINTIO -DKEEP_INT_AROUND -DLIMIT_ARGS -DBUILD_RRTMG_FAST=0 -DBUILD_RRTMK=0 -DBUILD_SBM_FAST=1 -DSHOW_ALL_VARS_USED=0 -DCONFIG_BUF_LEN=65536 -DMAX_DOMAINS_F=21 -DMAX_HISTORY=25 -DNMM_NEST=0 -DWRF_CHEM -DBUILD_CHEM=1 -DWRF_KPP -I. -traditional-cpp -DUSE_NETCDF4_FEATURES -DWRFIO_NCD_LARGE_FILE_SUPPORT   module_data_soa_vbs_het.G  > module_data_soa_vbs_het.bb
/home/onishi/WRF/tools/standard.exe module_data_soa_vbs_het.bb | /lib/cpp -P -nostdinc -I/home/onishi/WRF/external/ioapi_share -traditional-cpp -DUSE_NETCDF4_FEATURES -DWRFIO_NCD_LARGE_FILE_SUPPORT > module_data_soa_vbs_het.f90
rm -f module_data_soa_vbs_het.G module_data_soa_vbs_het.bb
time mpif90 -f90=ifort -o module_data_soa_vbs_het.o -c -O3 -ip -fp-model precise -w -ftz -align all -fno-alias -FR -convert big_endian    -I../dyn_em  -I/home/onishi/WRF/external/esmf_time_f90  -I/home/onishi/WRF/main -I/home/onishi/WRF/external/io_netcdf -I/home/onishi/WRF/external/io_int -I/home/onishi/WRF/frame -I/home/onishi/WRF/share -I/home/onishi/WRF/phys -I/home/onishi/WRF/wrftladj -I/home/onishi/WRF/chem -I/home/onishi/WRF/inc -I/home/onishi/NETCDF_DIR2//include  -real-size `expr 8 \* 4` -i4  module_data_soa_vbs_het.f90
0.02user 0.04system 0:00.08elapsed 88%CPU (0avgtext+0avgdata 39144maxresident)k
40inputs+200outputs (0major+6195minor)pagefaults 0swaps
rm -f module_data_sorgam.o
sed -e "s/^\!.*'.*//" -e "s/^ *\!.*'.*//" module_data_sorgam.F > module_data_sorgam.G
/lib/cpp -P -nostdinc -I/home/onishi/WRF/external/ioapi_share -I/home/onishi/WRF/inc -DEM_CORE=1 -DNMM_CORE=0 -DNMM_MAX_DIM=2600 -DDA_CORE=0 -DWRFPLUS=0 -DIWORDSIZE=4 -DDWORDSIZE=8 -DRWORDSIZE=4 -DLWORDSIZE=4 -DNONSTANDARD_SYSTEM_FUNC  -DWRF_USE_CLM -DUSE_NETCDF4_FEATURES -DWRFIO_NCD_LARGE_FILE_SUPPORT  -DDM_PARALLEL -DNETCDF -DGRIB2 -DHDF5 -DLANDREAD_STUB=1 -DUSE_ALLOCATABLES -Dwrfmodel -DGRIB1 -DINTIO -DKEEP_INT_AROUND -DLIMIT_ARGS -DBUILD_RRTMG_FAST=0 -DBUILD_RRTMK=0 -DBUILD_SBM_FAST=1 -DSHOW_ALL_VARS_USED=0 -DCONFIG_BUF_LEN=65536 -DMAX_DOMAINS_F=21 -DMAX_HISTORY=25 -DNMM_NEST=0 -DWRF_CHEM -DBUILD_CHEM=1 -DWRF_KPP -I. -traditional-cpp -DUSE_NETCDF4_FEATURES -DWRFIO_NCD_LARGE_FILE_SUPPORT   module_data_sorgam.G  > module_data_sorgam.bb
/home/onishi/WRF/tools/standard.exe module_data_sorgam.bb | /lib/cpp -P -nostdinc -I/home/onishi/WRF/external/ioapi_share -traditional-cpp -DUSE_NETCDF4_FEATURES -DWRFIO_NCD_LARGE_FILE_SUPPORT > module_data_sorgam.f90
rm -f module_data_sorgam.G module_data_sorgam.bb
time mpif90 -f90=ifort -o module_data_sorgam.o -c -O3 -ip -fp-model precise -w -ftz -align all -fno-alias -FR -convert big_endian    -I../dyn_em  -I/home/onishi/WRF/external/esmf_time_f90  -I/home/onishi/WRF/main -I/home/onishi/WRF/external/io_netcdf -I/home/onishi/WRF/external/io_int -I/home/onishi/WRF/frame -I/home/onishi/WRF/share -I/home/onishi/WRF/phys -I/home/onishi/WRF/wrftladj -I/home/onishi/WRF/chem -I/home/onishi/WRF/inc -I/home/onishi/NETCDF_DIR2//include  -real-size `expr 8 \* 4` -i4  module_data_sorgam.f90
0.01user 0.05system 0:00.08elapsed 89%CPU (0avgtext+0avgdata 39128maxresident)k
72inputs+200outputs (0major+6169minor)pagefaults 0swaps
rm -f module_data_sorgam_vbs.o
sed -e "s/^\!.*'.*//" -e "s/^ *\!.*'.*//" module_data_sorgam_vbs.F > module_data_sorgam_vbs.G
/lib/cpp -P -nostdinc -I/home/onishi/WRF/external/ioapi_share -I/home/onishi/WRF/inc -DEM_CORE=1 -DNMM_CORE=0 -DNMM_MAX_DIM=2600 -DDA_CORE=0 -DWRFPLUS=0 -DIWORDSIZE=4 -DDWORDSIZE=8 -DRWORDSIZE=4 -DLWORDSIZE=4 -DNONSTANDARD_SYSTEM_FUNC  -DWRF_USE_CLM -DUSE_NETCDF4_FEATURES -DWRFIO_NCD_LARGE_FILE_SUPPORT  -DDM_PARALLEL -DNETCDF -DGRIB2 -DHDF5 -DLANDREAD_STUB=1 -DUSE_ALLOCATABLES -Dwrfmodel -DGRIB1 -DINTIO -DKEEP_INT_AROUND -DLIMIT_ARGS -DBUILD_RRTMG_FAST=0 -DBUILD_RRTMK=0 -DBUILD_SBM_FAST=1 -DSHOW_ALL_VARS_USED=0 -DCONFIG_BUF_LEN=65536 -DMAX_DOMAINS_F=21 -DMAX_HISTORY=25 -DNMM_NEST=0 -DWRF_CHEM -DBUILD_CHEM=1 -DWRF_KPP -I. -traditional-cpp -DUSE_NETCDF4_FEATURES -DWRFIO_NCD_LARGE_FILE_SUPPORT   module_data_sorgam_vbs.G  > module_data_sorgam_vbs.bb
/home/onishi/WRF/tools/standard.exe module_data_sorgam_vbs.bb | /lib/cpp -P -nostdinc -I/home/onishi/WRF/external/ioapi_share -traditional-cpp -DUSE_NETCDF4_FEATURES -DWRFIO_NCD_LARGE_FILE_SUPPORT > module_data_sorgam_vbs.f90
rm -f module_data_sorgam_vbs.G module_data_sorgam_vbs.bb
time mpif90 -f90=ifort -o module_data_sorgam_vbs.o -c -O3 -ip -fp-model precise -w -ftz -align all -fno-alias -FR -convert big_endian    -I../dyn_em  -I/home/onishi/WRF/external/esmf_time_f90  -I/home/onishi/WRF/main -I/home/onishi/WRF/external/io_netcdf -I/home/onishi/WRF/external/io_int -I/home/onishi/WRF/frame -I/home/onishi/WRF/share -I/home/onishi/WRF/phys -I/home/onishi/WRF/wrftladj -I/home/onishi/WRF/chem -I/home/onishi/WRF/inc -I/home/onishi/NETCDF_DIR2//include  -real-size `expr 8 \* 4` -i4  module_data_sorgam_vbs.f90
0.01user 0.06system 0:00.10elapsed 72%CPU (0avgtext+0avgdata 38904maxresident)k
32inputs+192outputs (0major+6163minor)pagefaults 0swaps
rm -f module_kpp_cb05_sorg_aq_Precision.o
sed -e "s/^\!.*'.*//" -e "s/^ *\!.*'.*//" module_kpp_cb05_sorg_aq_Precision.F > module_kpp_cb05_sorg_aq_Precision.G
/lib/cpp -P -nostdinc -I/home/onishi/WRF/external/ioapi_share -I/home/onishi/WRF/inc -DEM_CORE=1 -DNMM_CORE=0 -DNMM_MAX_DIM=2600 -DDA_CORE=0 -DWRFPLUS=0 -DIWORDSIZE=4 -DDWORDSIZE=8 -DRWORDSIZE=4 -DLWORDSIZE=4 -DNONSTANDARD_SYSTEM_FUNC  -DWRF_USE_CLM -DUSE_NETCDF4_FEATURES -DWRFIO_NCD_LARGE_FILE_SUPPORT  -DDM_PARALLEL -DNETCDF -DGRIB2 -DHDF5 -DLANDREAD_STUB=1 -DUSE_ALLOCATABLES -Dwrfmodel -DGRIB1 -DINTIO -DKEEP_INT_AROUND -DLIMIT_ARGS -DBUILD_RRTMG_FAST=0 -DBUILD_RRTMK=0 -DBUILD_SBM_FAST=1 -DSHOW_ALL_VARS_USED=0 -DCONFIG_BUF_LEN=65536 -DMAX_DOMAINS_F=21 -DMAX_HISTORY=25 -DNMM_NEST=0 -DWRF_CHEM -DBUILD_CHEM=1 -DWRF_KPP -I. -traditional-cpp -DUSE_NETCDF4_FEATURES -DWRFIO_NCD_LARGE_FILE_SUPPORT   module_kpp_cb05_sorg_aq_Precision.G  > module_kpp_cb05_sorg_aq_Precision.bb
/home/onishi/WRF/tools/standard.exe module_kpp_cb05_sorg_aq_Precision.bb | /lib/cpp -P -nostdinc -I/home/onishi/WRF/external/ioapi_share -traditional-cpp -DUSE_NETCDF4_FEATURES -DWRFIO_NCD_LARGE_FILE_SUPPORT > module_kpp_cb05_sorg_aq_Precision.f90
rm -f module_kpp_cb05_sorg_aq_Precision.G module_kpp_cb05_sorg_aq_Precision.bb
time mpif90 -f90=ifort -o module_kpp_cb05_sorg_aq_Precision.o -c -O3 -ip -fp-model precise -w -ftz -align all -fno-alias -FR -convert big_endian    -I../dyn_em  -I/home/onishi/WRF/external/esmf_time_f90  -I/home/onishi/WRF/main -I/home/onishi/WRF/external/io_netcdf -I/home/onishi/WRF/external/io_int -I/home/onishi/WRF/frame -I/home/onishi/WRF/share -I/home/onishi/WRF/phys -I/home/onishi/WRF/wrftladj -I/home/onishi/WRF/chem -I/home/onishi/WRF/inc -I/home/onishi/NETCDF_DIR2//include  -real-size `expr 8 \* 4` -i4  module_kpp_cb05_sorg_aq_Precision.f90
0.01user 0.05system 0:00.07elapsed 89%CPU (0avgtext+0avgdata 37812maxresident)k
8inputs+88outputs (0major+5968minor)pagefaults 0swaps
rm -f module_kpp_cb05_sorg_aq_Parameters.o
sed -e "s/^\!.*'.*//" -e "s/^ *\!.*'.*//" module_kpp_cb05_sorg_aq_Parameters.F > module_kpp_cb05_sorg_aq_Parameters.G
/lib/cpp -P -nostdinc -I/home/onishi/WRF/external/ioapi_share -I/home/onishi/WRF/inc -DEM_CORE=1 -DNMM_CORE=0 -DNMM_MAX_DIM=2600 -DDA_CORE=0 -DWRFPLUS=0 -DIWORDSIZE=4 -DDWORDSIZE=8 -DRWORDSIZE=4 -DLWORDSIZE=4 -DNONSTANDARD_SYSTEM_FUNC  -DWRF_USE_CLM -DUSE_NETCDF4_FEATURES -DWRFIO_NCD_LARGE_FILE_SUPPORT  -DDM_PARALLEL -DNETCDF -DGRIB2 -DHDF5 -DLANDREAD_STUB=1 -DUSE_ALLOCATABLES -Dwrfmodel -DGRIB1 -DINTIO -DKEEP_INT_AROUND -DLIMIT_ARGS -DBUILD_RRTMG_FAST=0 -DBUILD_RRTMK=0 -DBUILD_SBM_FAST=1 -DSHOW_ALL_VARS_USED=0 -DCONFIG_BUF_LEN=65536 -DMAX_DOMAINS_F=21 -DMAX_HISTORY=25 -DNMM_NEST=0 -DWRF_CHEM -DBUILD_CHEM=1 -DWRF_KPP -I. -traditional-cpp -DUSE_NETCDF4_FEATURES -DWRFIO_NCD_LARGE_FILE_SUPPORT   module_kpp_cb05_sorg_aq_Parameters.G  > module_kpp_cb05_sorg_aq_Parameters.bb
/home/onishi/WRF/tools/standard.exe module_kpp_cb05_sorg_aq_Parameters.bb | /lib/cpp -P -nostdinc -I/home/onishi/WRF/external/ioapi_share -traditional-cpp -DUSE_NETCDF4_FEATURES -DWRFIO_NCD_LARGE_FILE_SUPPORT > module_kpp_cb05_sorg_aq_Parameters.f90
rm -f module_kpp_cb05_sorg_aq_Parameters.G module_kpp_cb05_sorg_aq_Parameters.bb
time mpif90 -f90=ifort -o module_kpp_cb05_sorg_aq_Parameters.o -c -O3 -ip -fp-model precise -w -ftz -align all -fno-alias -FR -convert big_endian    -I../dyn_em  -I/home/onishi/WRF/external/esmf_time_f90  -I/home/onishi/WRF/main -I/home/onishi/WRF/external/io_netcdf -I/home/onishi/WRF/external/io_int -I/home/onishi/WRF/frame -I/home/onishi/WRF/share -I/home/onishi/WRF/phys -I/home/onishi/WRF/wrftladj -I/home/onishi/WRF/chem -I/home/onishi/WRF/inc -I/home/onishi/NETCDF_DIR2//include  -real-size `expr 8 \* 4` -i4  module_kpp_cb05_sorg_aq_Parameters.f90
0.01user 0.05system 0:00.07elapsed 88%CPU (0avgtext+0avgdata 38140maxresident)k
24inputs+120outputs (0major+5998minor)pagefaults 0swaps
rm -f module_kpp_cb05_sorg_aq_JacobianSP.o
sed -e "s/^\!.*'.*//" -e "s/^ *\!.*'.*//" module_kpp_cb05_sorg_aq_JacobianSP.F > module_kpp_cb05_sorg_aq_JacobianSP.G
/lib/cpp -P -nostdinc -I/home/onishi/WRF/external/ioapi_share -I/home/onishi/WRF/inc -DEM_CORE=1 -DNMM_CORE=0 -DNMM_MAX_DIM=2600 -DDA_CORE=0 -DWRFPLUS=0 -DIWORDSIZE=4 -DDWORDSIZE=8 -DRWORDSIZE=4 -DLWORDSIZE=4 -DNONSTANDARD_SYSTEM_FUNC  -DWRF_USE_CLM -DUSE_NETCDF4_FEATURES -DWRFIO_NCD_LARGE_FILE_SUPPORT  -DDM_PARALLEL -DNETCDF -DGRIB2 -DHDF5 -DLANDREAD_STUB=1 -DUSE_ALLOCATABLES -Dwrfmodel -DGRIB1 -DINTIO -DKEEP_INT_AROUND -DLIMIT_ARGS -DBUILD_RRTMG_FAST=0 -DBUILD_RRTMK=0 -DBUILD_SBM_FAST=1 -DSHOW_ALL_VARS_USED=0 -DCONFIG_BUF_LEN=65536 -DMAX_DOMAINS_F=21 -DMAX_HISTORY=25 -DNMM_NEST=0 -DWRF_CHEM -DBUILD_CHEM=1 -DWRF_KPP -I. -traditional-cpp -DUSE_NETCDF4_FEATURES -DWRFIO_NCD_LARGE_FILE_SUPPORT   module_kpp_cb05_sorg_aq_JacobianSP.G  > module_kpp_cb05_sorg_aq_JacobianSP.bb
/home/onishi/WRF/tools/standard.exe module_kpp_cb05_sorg_aq_JacobianSP.bb | /lib/cpp -P -nostdinc -I/home/onishi/WRF/external/ioapi_share -traditional-cpp -DUSE_NETCDF4_FEATURES -DWRFIO_NCD_LARGE_FILE_SUPPORT > module_kpp_cb05_sorg_aq_JacobianSP.f90
rm -f module_kpp_cb05_sorg_aq_JacobianSP.G module_kpp_cb05_sorg_aq_JacobianSP.bb
time mpif90 -f90=ifort -o module_kpp_cb05_sorg_aq_JacobianSP.o -c -O3 -ip -fp-model precise -w -ftz -align all -fno-alias -FR -convert big_endian    -I../dyn_em  -I/home/onishi/WRF/external/esmf_time_f90  -I/home/onishi/WRF/main -I/home/onishi/WRF/external/io_netcdf -I/home/onishi/WRF/external/io_int -I/home/onishi/WRF/frame -I/home/onishi/WRF/share -I/home/onishi/WRF/phys -I/home/onishi/WRF/wrftladj -I/home/onishi/WRF/chem -I/home/onishi/WRF/inc -I/home/onishi/NETCDF_DIR2//include  -real-size `expr 8 \* 4` -i4  module_kpp_cb05_sorg_aq_JacobianSP.f90
0.01user 0.06system 0:00.08elapsed 88%CPU (0avgtext+0avgdata 39344maxresident)k
24inputs+504outputs (0major+6373minor)pagefaults 0swaps
rm -f module_kpp_cb05_sorg_aq_Jacobian.o
sed -e "s/^\!.*'.*//" -e "s/^ *\!.*'.*//" module_kpp_cb05_sorg_aq_Jacobian.F > module_kpp_cb05_sorg_aq_Jacobian.G
/lib/cpp -P -nostdinc -I/home/onishi/WRF/external/ioapi_share -I/home/onishi/WRF/inc -DEM_CORE=1 -DNMM_CORE=0 -DNMM_MAX_DIM=2600 -DDA_CORE=0 -DWRFPLUS=0 -DIWORDSIZE=4 -DDWORDSIZE=8 -DRWORDSIZE=4 -DLWORDSIZE=4 -DNONSTANDARD_SYSTEM_FUNC  -DWRF_USE_CLM -DUSE_NETCDF4_FEATURES -DWRFIO_NCD_LARGE_FILE_SUPPORT  -DDM_PARALLEL -DNETCDF -DGRIB2 -DHDF5 -DLANDREAD_STUB=1 -DUSE_ALLOCATABLES -Dwrfmodel -DGRIB1 -DINTIO -DKEEP_INT_AROUND -DLIMIT_ARGS -DBUILD_RRTMG_FAST=0 -DBUILD_RRTMK=0 -DBUILD_SBM_FAST=1 -DSHOW_ALL_VARS_USED=0 -DCONFIG_BUF_LEN=65536 -DMAX_DOMAINS_F=21 -DMAX_HISTORY=25 -DNMM_NEST=0 -DWRF_CHEM -DBUILD_CHEM=1 -DWRF_KPP -I. -traditional-cpp -DUSE_NETCDF4_FEATURES -DWRFIO_NCD_LARGE_FILE_SUPPORT   module_kpp_cb05_sorg_aq_Jacobian.G  > module_kpp_cb05_sorg_aq_Jacobian.bb
/home/onishi/WRF/tools/standard.exe module_kpp_cb05_sorg_aq_Jacobian.bb | /lib/cpp -P -nostdinc -I/home/onishi/WRF/external/ioapi_share -traditional-cpp -DUSE_NETCDF4_FEATURES -DWRFIO_NCD_LARGE_FILE_SUPPORT > module_kpp_cb05_sorg_aq_Jacobian.f90
rm -f module_kpp_cb05_sorg_aq_Jacobian.G module_kpp_cb05_sorg_aq_Jacobian.bb
time mpif90 -f90=ifort -o module_kpp_cb05_sorg_aq_Jacobian.o -c -O3 -ip -fp-model precise -w -ftz -align all -fno-alias -FR -convert big_endian    -I../dyn_em  -I/home/onishi/WRF/external/esmf_time_f90  -I/home/onishi/WRF/main -I/home/onishi/WRF/external/io_netcdf -I/home/onishi/WRF/external/io_int -I/home/onishi/WRF/frame -I/home/onishi/WRF/share -I/home/onishi/WRF/phys -I/home/onishi/WRF/wrftladj -I/home/onishi/WRF/chem -I/home/onishi/WRF/inc -I/home/onishi/NETCDF_DIR2//include  -real-size `expr 8 \* 4` -i4  module_kpp_cb05_sorg_aq_Jacobian.f90
0.45user 0.07system 0:00.53elapsed 97%CPU (0avgtext+0avgdata 62912maxresident)k
496inputs+1016outputs (0major+13683minor)pagefaults 0swaps
rm -f module_kpp_cb05_sorg_aq_Update_Rconst.o
sed -e "s/^\!.*'.*//" -e "s/^ *\!.*'.*//" module_kpp_cb05_sorg_aq_Update_Rconst.F > module_kpp_cb05_sorg_aq_Update_Rconst.G
/lib/cpp -P -nostdinc -I/home/onishi/WRF/external/ioapi_share -I/home/onishi/WRF/inc -DEM_CORE=1 -DNMM_CORE=0 -DNMM_MAX_DIM=2600 -DDA_CORE=0 -DWRFPLUS=0 -DIWORDSIZE=4 -DDWORDSIZE=8 -DRWORDSIZE=4 -DLWORDSIZE=4 -DNONSTANDARD_SYSTEM_FUNC  -DWRF_USE_CLM -DUSE_NETCDF4_FEATURES -DWRFIO_NCD_LARGE_FILE_SUPPORT  -DDM_PARALLEL -DNETCDF -DGRIB2 -DHDF5 -DLANDREAD_STUB=1 -DUSE_ALLOCATABLES -Dwrfmodel -DGRIB1 -DINTIO -DKEEP_INT_AROUND -DLIMIT_ARGS -DBUILD_RRTMG_FAST=0 -DBUILD_RRTMK=0 -DBUILD_SBM_FAST=1 -DSHOW_ALL_VARS_USED=0 -DCONFIG_BUF_LEN=65536 -DMAX_DOMAINS_F=21 -DMAX_HISTORY=25 -DNMM_NEST=0 -DWRF_CHEM -DBUILD_CHEM=1 -DWRF_KPP -I. -traditional-cpp -DUSE_NETCDF4_FEATURES -DWRFIO_NCD_LARGE_FILE_SUPPORT   module_kpp_cb05_sorg_aq_Update_Rconst.G  > module_kpp_cb05_sorg_aq_Update_Rconst.bb
/home/onishi/WRF/tools/standard.exe module_kpp_cb05_sorg_aq_Update_Rconst.bb | /lib/cpp -P -nostdinc -I/home/onishi/WRF/external/ioapi_share -traditional-cpp -DUSE_NETCDF4_FEATURES -DWRFIO_NCD_LARGE_FILE_SUPPORT > module_kpp_cb05_sorg_aq_Update_Rconst.f90
rm -f module_kpp_cb05_sorg_aq_Update_Rconst.G module_kpp_cb05_sorg_aq_Update_Rconst.bb
time mpif90 -f90=ifort -o module_kpp_cb05_sorg_aq_Update_Rconst.o -c -O3 -ip -fp-model precise -w -ftz -align all -fno-alias -FR -convert big_endian    -I../dyn_em  -I/home/onishi/WRF/external/esmf_time_f90  -I/home/onishi/WRF/main -I/home/onishi/WRF/external/io_netcdf -I/home/onishi/WRF/external/io_int -I/home/onishi/WRF/frame -I/home/onishi/WRF/share -I/home/onishi/WRF/phys -I/home/onishi/WRF/wrftladj -I/home/onishi/WRF/chem -I/home/onishi/WRF/inc -I/home/onishi/NETCDF_DIR2//include  -real-size `expr 8 \* 4` -i4  module_kpp_cb05_sorg_aq_Update_Rconst.f90
0.12user 0.06system 0:00.20elapsed 95%CPU (0avgtext+0avgdata 56820maxresident)k
32inputs+376outputs (0major+10672minor)pagefaults 0swaps
rm -f module_wkppc_constants.o
sed -e "s/^\!.*'.*//" -e "s/^ *\!.*'.*//" module_wkppc_constants.F > module_wkppc_constants.G
/lib/cpp -P -nostdinc -I/home/onishi/WRF/external/ioapi_share -I/home/onishi/WRF/inc -DEM_CORE=1 -DNMM_CORE=0 -DNMM_MAX_DIM=2600 -DDA_CORE=0 -DWRFPLUS=0 -DIWORDSIZE=4 -DDWORDSIZE=8 -DRWORDSIZE=4 -DLWORDSIZE=4 -DNONSTANDARD_SYSTEM_FUNC  -DWRF_USE_CLM -DUSE_NETCDF4_FEATURES -DWRFIO_NCD_LARGE_FILE_SUPPORT  -DDM_PARALLEL -DNETCDF -DGRIB2 -DHDF5 -DLANDREAD_STUB=1 -DUSE_ALLOCATABLES -Dwrfmodel -DGRIB1 -DINTIO -DKEEP_INT_AROUND -DLIMIT_ARGS -DBUILD_RRTMG_FAST=0 -DBUILD_RRTMK=0 -DBUILD_SBM_FAST=1 -DSHOW_ALL_VARS_USED=0 -DCONFIG_BUF_LEN=65536 -DMAX_DOMAINS_F=21 -DMAX_HISTORY=25 -DNMM_NEST=0 -DWRF_CHEM -DBUILD_CHEM=1 -DWRF_KPP -I. -traditional-cpp -DUSE_NETCDF4_FEATURES -DWRFIO_NCD_LARGE_FILE_SUPPORT   module_wkppc_constants.G  > module_wkppc_constants.bb
/home/onishi/WRF/tools/standard.exe module_wkppc_constants.bb | /lib/cpp -P -nostdinc -I/home/onishi/WRF/external/ioapi_share -traditional-cpp -DUSE_NETCDF4_FEATURES -DWRFIO_NCD_LARGE_FILE_SUPPORT > module_wkppc_constants.f90
rm -f module_wkppc_constants.G module_wkppc_constants.bb
time mpif90 -f90=ifort -o module_wkppc_constants.o -c -O3 -ip -fp-model precise -w -ftz -align all -fno-alias -FR -convert big_endian    -I../dyn_em  -I/home/onishi/WRF/external/esmf_time_f90  -I/home/onishi/WRF/main -I/home/onishi/WRF/external/io_netcdf -I/home/onishi/WRF/external/io_int -I/home/onishi/WRF/frame -I/home/onishi/WRF/share -I/home/onishi/WRF/phys -I/home/onishi/WRF/wrftladj -I/home/onishi/WRF/chem -I/home/onishi/WRF/inc -I/home/onishi/NETCDF_DIR2//include  -real-size `expr 8 \* 4` -i4  module_wkppc_constants.f90
0.01user 0.05system 0:00.08elapsed 86%CPU (0avgtext+0avgdata 38008maxresident)k
8inputs+88outputs (0major+5970minor)pagefaults 0swaps
rm -f module_kpp_cb05_sorg_aq_Integr.o
sed -e "s/^\!.*'.*//" -e "s/^ *\!.*'.*//" module_kpp_cb05_sorg_aq_Integr.F > module_kpp_cb05_sorg_aq_Integr.G
/lib/cpp -P -nostdinc -I/home/onishi/WRF/external/ioapi_share -I/home/onishi/WRF/inc -DEM_CORE=1 -DNMM_CORE=0 -DNMM_MAX_DIM=2600 -DDA_CORE=0 -DWRFPLUS=0 -DIWORDSIZE=4 -DDWORDSIZE=8 -DRWORDSIZE=4 -DLWORDSIZE=4 -DNONSTANDARD_SYSTEM_FUNC  -DWRF_USE_CLM -DUSE_NETCDF4_FEATURES -DWRFIO_NCD_LARGE_FILE_SUPPORT  -DDM_PARALLEL -DNETCDF -DGRIB2 -DHDF5 -DLANDREAD_STUB=1 -DUSE_ALLOCATABLES -Dwrfmodel -DGRIB1 -DINTIO -DKEEP_INT_AROUND -DLIMIT_ARGS -DBUILD_RRTMG_FAST=0 -DBUILD_RRTMK=0 -DBUILD_SBM_FAST=1 -DSHOW_ALL_VARS_USED=0 -DCONFIG_BUF_LEN=65536 -DMAX_DOMAINS_F=21 -DMAX_HISTORY=25 -DNMM_NEST=0 -DWRF_CHEM -DBUILD_CHEM=1 -DWRF_KPP -I. -traditional-cpp -DUSE_NETCDF4_FEATURES -DWRFIO_NCD_LARGE_FILE_SUPPORT   module_kpp_cb05_sorg_aq_Integr.G  > module_kpp_cb05_sorg_aq_Integr.bb
/home/onishi/WRF/tools/standard.exe module_kpp_cb05_sorg_aq_Integr.bb | /lib/cpp -P -nostdinc -I/home/onishi/WRF/external/ioapi_share -traditional-cpp -DUSE_NETCDF4_FEATURES -DWRFIO_NCD_LARGE_FILE_SUPPORT > module_kpp_cb05_sorg_aq_Integr.f90
rm -f module_kpp_cb05_sorg_aq_Integr.G module_kpp_cb05_sorg_aq_Integr.bb
time mpif90 -f90=ifort -o module_kpp_cb05_sorg_aq_Integr.o -c -O3 -ip -fp-model precise -w -ftz -align all -fno-alias -FR -convert big_endian    -I../dyn_em  -I/home/onishi/WRF/external/esmf_time_f90  -I/home/onishi/WRF/main -I/home/onishi/WRF/external/io_netcdf -I/home/onishi/WRF/external/io_int -I/home/onishi/WRF/frame -I/home/onishi/WRF/share -I/home/onishi/WRF/phys -I/home/onishi/WRF/wrftladj -I/home/onishi/WRF/chem -I/home/onishi/WRF/inc -I/home/onishi/NETCDF_DIR2//include  -real-size `expr 8 \* 4` -i4  module_kpp_cb05_sorg_aq_Integr.f90
6.13user 0.20system 0:06.36elapsed 99%CPU (0avgtext+0avgdata 177908maxresident)k
488inputs+6032outputs (0major+49920minor)pagefaults 0swaps
rm -f module_kpp_cb05_sorg_aq_interface.o
sed -e "s/^\!.*'.*//" -e "s/^ *\!.*'.*//" module_kpp_cb05_sorg_aq_interface.F > module_kpp_cb05_sorg_aq_interface.G
/lib/cpp -P -nostdinc -I/home/onishi/WRF/external/ioapi_share -I/home/onishi/WRF/inc -DEM_CORE=1 -DNMM_CORE=0 -DNMM_MAX_DIM=2600 -DDA_CORE=0 -DWRFPLUS=0 -DIWORDSIZE=4 -DDWORDSIZE=8 -DRWORDSIZE=4 -DLWORDSIZE=4 -DNONSTANDARD_SYSTEM_FUNC  -DWRF_USE_CLM -DUSE_NETCDF4_FEATURES -DWRFIO_NCD_LARGE_FILE_SUPPORT  -DDM_PARALLEL -DNETCDF -DGRIB2 -DHDF5 -DLANDREAD_STUB=1 -DUSE_ALLOCATABLES -Dwrfmodel -DGRIB1 -DINTIO -DKEEP_INT_AROUND -DLIMIT_ARGS -DBUILD_RRTMG_FAST=0 -DBUILD_RRTMK=0 -DBUILD_SBM_FAST=1 -DSHOW_ALL_VARS_USED=0 -DCONFIG_BUF_LEN=65536 -DMAX_DOMAINS_F=21 -DMAX_HISTORY=25 -DNMM_NEST=0 -DWRF_CHEM -DBUILD_CHEM=1 -DWRF_KPP -I. -traditional-cpp -DUSE_NETCDF4_FEATURES -DWRFIO_NCD_LARGE_FILE_SUPPORT   module_kpp_cb05_sorg_aq_interface.G  > module_kpp_cb05_sorg_aq_interface.bb
/home/onishi/WRF/tools/standard.exe module_kpp_cb05_sorg_aq_interface.bb | /lib/cpp -P -nostdinc -I/home/onishi/WRF/external/ioapi_share -traditional-cpp -DUSE_NETCDF4_FEATURES -DWRFIO_NCD_LARGE_FILE_SUPPORT > module_kpp_cb05_sorg_aq_interface.f90
rm -f module_kpp_cb05_sorg_aq_interface.G module_kpp_cb05_sorg_aq_interface.bb
time mpif90 -f90=ifort -o module_kpp_cb05_sorg_aq_interface.o -c -O3 -ip -fp-model precise -w -ftz -align all -fno-alias -FR -convert big_endian    -I../dyn_em  -I/home/onishi/WRF/external/esmf_time_f90  -I/home/onishi/WRF/main -I/home/onishi/WRF/external/io_netcdf -I/home/onishi/WRF/external/io_int -I/home/onishi/WRF/frame -I/home/onishi/WRF/share -I/home/onishi/WRF/phys -I/home/onishi/WRF/wrftladj -I/home/onishi/WRF/chem -I/home/onishi/WRF/inc -I/home/onishi/NETCDF_DIR2//include  -real-size `expr 8 \* 4` -i4  module_kpp_cb05_sorg_aq_interface.f90
0.89user 0.11system 0:01.04elapsed 96%CPU (0avgtext+0avgdata 96956maxresident)k
376inputs+1632outputs (0major+20395minor)pagefaults 0swaps
rm -f module_kpp_cb05_sorg_vbs_aq_Precision.o
sed -e "s/^\!.*'.*//" -e "s/^ *\!.*'.*//" module_kpp_cb05_sorg_vbs_aq_Precision.F > module_kpp_cb05_sorg_vbs_aq_Precision.G
/lib/cpp -P -nostdinc -I/home/onishi/WRF/external/ioapi_share -I/home/onishi/WRF/inc -DEM_CORE=1 -DNMM_CORE=0 -DNMM_MAX_DIM=2600 -DDA_CORE=0 -DWRFPLUS=0 -DIWORDSIZE=4 -DDWORDSIZE=8 -DRWORDSIZE=4 -DLWORDSIZE=4 -DNONSTANDARD_SYSTEM_FUNC  -DWRF_USE_CLM -DUSE_NETCDF4_FEATURES -DWRFIO_NCD_LARGE_FILE_SUPPORT  -DDM_PARALLEL -DNETCDF -DGRIB2 -DHDF5 -DLANDREAD_STUB=1 -DUSE_ALLOCATABLES -Dwrfmodel -DGRIB1 -DINTIO -DKEEP_INT_AROUND -DLIMIT_ARGS -DBUILD_RRTMG_FAST=0 -DBUILD_RRTMK=0 -DBUILD_SBM_FAST=1 -DSHOW_ALL_VARS_USED=0 -DCONFIG_BUF_LEN=65536 -DMAX_DOMAINS_F=21 -DMAX_HISTORY=25 -DNMM_NEST=0 -DWRF_CHEM -DBUILD_CHEM=1 -DWRF_KPP -I. -traditional-cpp -DUSE_NETCDF4_FEATURES -DWRFIO_NCD_LARGE_FILE_SUPPORT   module_kpp_cb05_sorg_vbs_aq_Precision.G  > module_kpp_cb05_sorg_vbs_aq_Precision.bb
/home/onishi/WRF/tools/standard.exe module_kpp_cb05_sorg_vbs_aq_Precision.bb | /lib/cpp -P -nostdinc -I/home/onishi/WRF/external/ioapi_share -traditional-cpp -DUSE_NETCDF4_FEATURES -DWRFIO_NCD_LARGE_FILE_SUPPORT > module_kpp_cb05_sorg_vbs_aq_Precision.f90
rm -f module_kpp_cb05_sorg_vbs_aq_Precision.G module_kpp_cb05_sorg_vbs_aq_Precision.bb
time mpif90 -f90=ifort -o module_kpp_cb05_sorg_vbs_aq_Precision.o -c -O3 -ip -fp-model precise -w -ftz -align all -fno-alias -FR -convert big_endian    -I../dyn_em  -I/home/onishi/WRF/external/esmf_time_f90  -I/home/onishi/WRF/main -I/home/onishi/WRF/external/io_netcdf -I/home/onishi/WRF/external/io_int -I/home/onishi/WRF/frame -I/home/onishi/WRF/share -I/home/onishi/WRF/phys -I/home/onishi/WRF/wrftladj -I/home/onishi/WRF/chem -I/home/onishi/WRF/inc -I/home/onishi/NETCDF_DIR2//include  -real-size `expr 8 \* 4` -i4  module_kpp_cb05_sorg_vbs_aq_Precision.f90
0.01user 0.05system 0:00.09elapsed 73%CPU (0avgtext+0avgdata 37864maxresident)k
8inputs+88outputs (0major+5957minor)pagefaults 0swaps
rm -f module_kpp_cb05_sorg_vbs_aq_Parameters.o
sed -e "s/^\!.*'.*//" -e "s/^ *\!.*'.*//" module_kpp_cb05_sorg_vbs_aq_Parameters.F > module_kpp_cb05_sorg_vbs_aq_Parameters.G
/lib/cpp -P -nostdinc -I/home/onishi/WRF/external/ioapi_share -I/home/onishi/WRF/inc -DEM_CORE=1 -DNMM_CORE=0 -DNMM_MAX_DIM=2600 -DDA_CORE=0 -DWRFPLUS=0 -DIWORDSIZE=4 -DDWORDSIZE=8 -DRWORDSIZE=4 -DLWORDSIZE=4 -DNONSTANDARD_SYSTEM_FUNC  -DWRF_USE_CLM -DUSE_NETCDF4_FEATURES -DWRFIO_NCD_LARGE_FILE_SUPPORT  -DDM_PARALLEL -DNETCDF -DGRIB2 -DHDF5 -DLANDREAD_STUB=1 -DUSE_ALLOCATABLES -Dwrfmodel -DGRIB1 -DINTIO -DKEEP_INT_AROUND -DLIMIT_ARGS -DBUILD_RRTMG_FAST=0 -DBUILD_RRTMK=0 -DBUILD_SBM_FAST=1 -DSHOW_ALL_VARS_USED=0 -DCONFIG_BUF_LEN=65536 -DMAX_DOMAINS_F=21 -DMAX_HISTORY=25 -DNMM_NEST=0 -DWRF_CHEM -DBUILD_CHEM=1 -DWRF_KPP -I. -traditional-cpp -DUSE_NETCDF4_FEATURES -DWRFIO_NCD_LARGE_FILE_SUPPORT   module_kpp_cb05_sorg_vbs_aq_Parameters.G  > module_kpp_cb05_sorg_vbs_aq_Parameters.bb
/home/onishi/WRF/tools/standard.exe module_kpp_cb05_sorg_vbs_aq_Parameters.bb | /lib/cpp -P -nostdinc -I/home/onishi/WRF/external/ioapi_share -traditional-cpp -DUSE_NETCDF4_FEATURES -DWRFIO_NCD_LARGE_FILE_SUPPORT > module_kpp_cb05_sorg_vbs_aq_Parameters.f90
rm -f module_kpp_cb05_sorg_vbs_aq_Parameters.G module_kpp_cb05_sorg_vbs_aq_Parameters.bb
time mpif90 -f90=ifort -o module_kpp_cb05_sorg_vbs_aq_Parameters.o -c -O3 -ip -fp-model precise -w -ftz -align all -fno-alias -FR -convert big_endian    -I../dyn_em  -I/home/onishi/WRF/external/esmf_time_f90  -I/home/onishi/WRF/main -I/home/onishi/WRF/external/io_netcdf -I/home/onishi/WRF/external/io_int -I/home/onishi/WRF/frame -I/home/onishi/WRF/share -I/home/onishi/WRF/phys -I/home/onishi/WRF/wrftladj -I/home/onishi/WRF/chem -I/home/onishi/WRF/inc -I/home/onishi/NETCDF_DIR2//include  -real-size `expr 8 \* 4` -i4  module_kpp_cb05_sorg_vbs_aq_Parameters.f90
0.01user 0.05system 0:00.08elapsed 90%CPU (0avgtext+0avgdata 38184maxresident)k
24inputs+120outputs (0major+6011minor)pagefaults 0swaps
rm -f module_kpp_cb05_sorg_vbs_aq_JacobianSP.o
sed -e "s/^\!.*'.*//" -e "s/^ *\!.*'.*//" module_kpp_cb05_sorg_vbs_aq_JacobianSP.F > module_kpp_cb05_sorg_vbs_aq_JacobianSP.G
/lib/cpp -P -nostdinc -I/home/onishi/WRF/external/ioapi_share -I/home/onishi/WRF/inc -DEM_CORE=1 -DNMM_CORE=0 -DNMM_MAX_DIM=2600 -DDA_CORE=0 -DWRFPLUS=0 -DIWORDSIZE=4 -DDWORDSIZE=8 -DRWORDSIZE=4 -DLWORDSIZE=4 -DNONSTANDARD_SYSTEM_FUNC  -DWRF_USE_CLM -DUSE_NETCDF4_FEATURES -DWRFIO_NCD_LARGE_FILE_SUPPORT  -DDM_PARALLEL -DNETCDF -DGRIB2 -DHDF5 -DLANDREAD_STUB=1 -DUSE_ALLOCATABLES -Dwrfmodel -DGRIB1 -DINTIO -DKEEP_INT_AROUND -DLIMIT_ARGS -DBUILD_RRTMG_FAST=0 -DBUILD_RRTMK=0 -DBUILD_SBM_FAST=1 -DSHOW_ALL_VARS_USED=0 -DCONFIG_BUF_LEN=65536 -DMAX_DOMAINS_F=21 -DMAX_HISTORY=25 -DNMM_NEST=0 -DWRF_CHEM -DBUILD_CHEM=1 -DWRF_KPP -I. -traditional-cpp -DUSE_NETCDF4_FEATURES -DWRFIO_NCD_LARGE_FILE_SUPPORT   module_kpp_cb05_sorg_vbs_aq_JacobianSP.G  > module_kpp_cb05_sorg_vbs_aq_JacobianSP.bb
/home/onishi/WRF/tools/standard.exe module_kpp_cb05_sorg_vbs_aq_JacobianSP.bb | /lib/cpp -P -nostdinc -I/home/onishi/WRF/external/ioapi_share -traditional-cpp -DUSE_NETCDF4_FEATURES -DWRFIO_NCD_LARGE_FILE_SUPPORT > module_kpp_cb05_sorg_vbs_aq_JacobianSP.f90
rm -f module_kpp_cb05_sorg_vbs_aq_JacobianSP.G module_kpp_cb05_sorg_vbs_aq_JacobianSP.bb
time mpif90 -f90=ifort -o module_kpp_cb05_sorg_vbs_aq_JacobianSP.o -c -O3 -ip -fp-model precise -w -ftz -align all -fno-alias -FR -convert big_endian    -I../dyn_em  -I/home/onishi/WRF/external/esmf_time_f90  -I/home/onishi/WRF/main -I/home/onishi/WRF/external/io_netcdf -I/home/onishi/WRF/external/io_int -I/home/onishi/WRF/frame -I/home/onishi/WRF/share -I/home/onishi/WRF/phys -I/home/onishi/WRF/wrftladj -I/home/onishi/WRF/chem -I/home/onishi/WRF/inc -I/home/onishi/NETCDF_DIR2//include  -real-size `expr 8 \* 4` -i4  module_kpp_cb05_sorg_vbs_aq_JacobianSP.f90
0.02user 0.05system 0:00.10elapsed 75%CPU (0avgtext+0avgdata 39536maxresident)k
24inputs+520outputs (0major+6383minor)pagefaults 0swaps
rm -f module_kpp_cb05_sorg_vbs_aq_Jacobian.o
sed -e "s/^\!.*'.*//" -e "s/^ *\!.*'.*//" module_kpp_cb05_sorg_vbs_aq_Jacobian.F > module_kpp_cb05_sorg_vbs_aq_Jacobian.G
/lib/cpp -P -nostdinc -I/home/onishi/WRF/external/ioapi_share -I/home/onishi/WRF/inc -DEM_CORE=1 -DNMM_CORE=0 -DNMM_MAX_DIM=2600 -DDA_CORE=0 -DWRFPLUS=0 -DIWORDSIZE=4 -DDWORDSIZE=8 -DRWORDSIZE=4 -DLWORDSIZE=4 -DNONSTANDARD_SYSTEM_FUNC  -DWRF_USE_CLM -DUSE_NETCDF4_FEATURES -DWRFIO_NCD_LARGE_FILE_SUPPORT  -DDM_PARALLEL -DNETCDF -DGRIB2 -DHDF5 -DLANDREAD_STUB=1 -DUSE_ALLOCATABLES -Dwrfmodel -DGRIB1 -DINTIO -DKEEP_INT_AROUND -DLIMIT_ARGS -DBUILD_RRTMG_FAST=0 -DBUILD_RRTMK=0 -DBUILD_SBM_FAST=1 -DSHOW_ALL_VARS_USED=0 -DCONFIG_BUF_LEN=65536 -DMAX_DOMAINS_F=21 -DMAX_HISTORY=25 -DNMM_NEST=0 -DWRF_CHEM -DBUILD_CHEM=1 -DWRF_KPP -I. -traditional-cpp -DUSE_NETCDF4_FEATURES -DWRFIO_NCD_LARGE_FILE_SUPPORT   module_kpp_cb05_sorg_vbs_aq_Jacobian.G  > module_kpp_cb05_sorg_vbs_aq_Jacobian.bb
/home/onishi/WRF/tools/standard.exe module_kpp_cb05_sorg_vbs_aq_Jacobian.bb | /lib/cpp -P -nostdinc -I/home/onishi/WRF/external/ioapi_share -traditional-cpp -DUSE_NETCDF4_FEATURES -DWRFIO_NCD_LARGE_FILE_SUPPORT > module_kpp_cb05_sorg_vbs_aq_Jacobian.f90
rm -f module_kpp_cb05_sorg_vbs_aq_Jacobian.G module_kpp_cb05_sorg_vbs_aq_Jacobian.bb
time mpif90 -f90=ifort -o module_kpp_cb05_sorg_vbs_aq_Jacobian.o -c -O3 -ip -fp-model precise -w -ftz -align all -fno-alias -FR -convert big_endian    -I../dyn_em  -I/home/onishi/WRF/external/esmf_time_f90  -I/home/onishi/WRF/main -I/home/onishi/WRF/external/io_netcdf -I/home/onishi/WRF/external/io_int -I/home/onishi/WRF/frame -I/home/onishi/WRF/share -I/home/onishi/WRF/phys -I/home/onishi/WRF/wrftladj -I/home/onishi/WRF/chem -I/home/onishi/WRF/inc -I/home/onishi/NETCDF_DIR2//include  -real-size `expr 8 \* 4` -i4  module_kpp_cb05_sorg_vbs_aq_Jacobian.f90
0.48user 0.06system 0:00.56elapsed 97%CPU (0avgtext+0avgdata 63088maxresident)k
520inputs+1040outputs (0major+13832minor)pagefaults 0swaps
rm -f module_kpp_cb05_sorg_vbs_aq_Update_Rconst.o
sed -e "s/^\!.*'.*//" -e "s/^ *\!.*'.*//" module_kpp_cb05_sorg_vbs_aq_Update_Rconst.F > module_kpp_cb05_sorg_vbs_aq_Update_Rconst.G
/lib/cpp -P -nostdinc -I/home/onishi/WRF/external/ioapi_share -I/home/onishi/WRF/inc -DEM_CORE=1 -DNMM_CORE=0 -DNMM_MAX_DIM=2600 -DDA_CORE=0 -DWRFPLUS=0 -DIWORDSIZE=4 -DDWORDSIZE=8 -DRWORDSIZE=4 -DLWORDSIZE=4 -DNONSTANDARD_SYSTEM_FUNC  -DWRF_USE_CLM -DUSE_NETCDF4_FEATURES -DWRFIO_NCD_LARGE_FILE_SUPPORT  -DDM_PARALLEL -DNETCDF -DGRIB2 -DHDF5 -DLANDREAD_STUB=1 -DUSE_ALLOCATABLES -Dwrfmodel -DGRIB1 -DINTIO -DKEEP_INT_AROUND -DLIMIT_ARGS -DBUILD_RRTMG_FAST=0 -DBUILD_RRTMK=0 -DBUILD_SBM_FAST=1 -DSHOW_ALL_VARS_USED=0 -DCONFIG_BUF_LEN=65536 -DMAX_DOMAINS_F=21 -DMAX_HISTORY=25 -DNMM_NEST=0 -DWRF_CHEM -DBUILD_CHEM=1 -DWRF_KPP -I. -traditional-cpp -DUSE_NETCDF4_FEATURES -DWRFIO_NCD_LARGE_FILE_SUPPORT   module_kpp_cb05_sorg_vbs_aq_Update_Rconst.G  > module_kpp_cb05_sorg_vbs_aq_Update_Rconst.bb
/home/onishi/WRF/tools/standard.exe module_kpp_cb05_sorg_vbs_aq_Update_Rconst.bb | /lib/cpp -P -nostdinc -I/home/onishi/WRF/external/ioapi_share -traditional-cpp -DUSE_NETCDF4_FEATURES -DWRFIO_NCD_LARGE_FILE_SUPPORT > module_kpp_cb05_sorg_vbs_aq_Update_Rconst.f90
rm -f module_kpp_cb05_sorg_vbs_aq_Update_Rconst.G module_kpp_cb05_sorg_vbs_aq_Update_Rconst.bb
time mpif90 -f90=ifort -o module_kpp_cb05_sorg_vbs_aq_Update_Rconst.o -c -O3 -ip -fp-model precise -w -ftz -align all -fno-alias -FR -convert big_endian    -I../dyn_em  -I/home/onishi/WRF/external/esmf_time_f90  -I/home/onishi/WRF/main -I/home/onishi/WRF/external/io_netcdf -I/home/onishi/WRF/external/io_int -I/home/onishi/WRF/frame -I/home/onishi/WRF/share -I/home/onishi/WRF/phys -I/home/onishi/WRF/wrftladj -I/home/onishi/WRF/chem -I/home/onishi/WRF/inc -I/home/onishi/NETCDF_DIR2//include  -real-size `expr 8 \* 4` -i4  module_kpp_cb05_sorg_vbs_aq_Update_Rconst.f90
0.11user 0.08system 0:00.20elapsed 95%CPU (0avgtext+0avgdata 56564maxresident)k
32inputs+392outputs (0major+10787minor)pagefaults 0swaps
rm -f module_kpp_cb05_sorg_vbs_aq_Integr.o
sed -e "s/^\!.*'.*//" -e "s/^ *\!.*'.*//" module_kpp_cb05_sorg_vbs_aq_Integr.F > module_kpp_cb05_sorg_vbs_aq_Integr.G
/lib/cpp -P -nostdinc -I/home/onishi/WRF/external/ioapi_share -I/home/onishi/WRF/inc -DEM_CORE=1 -DNMM_CORE=0 -DNMM_MAX_DIM=2600 -DDA_CORE=0 -DWRFPLUS=0 -DIWORDSIZE=4 -DDWORDSIZE=8 -DRWORDSIZE=4 -DLWORDSIZE=4 -DNONSTANDARD_SYSTEM_FUNC  -DWRF_USE_CLM -DUSE_NETCDF4_FEATURES -DWRFIO_NCD_LARGE_FILE_SUPPORT  -DDM_PARALLEL -DNETCDF -DGRIB2 -DHDF5 -DLANDREAD_STUB=1 -DUSE_ALLOCATABLES -Dwrfmodel -DGRIB1 -DINTIO -DKEEP_INT_AROUND -DLIMIT_ARGS -DBUILD_RRTMG_FAST=0 -DBUILD_RRTMK=0 -DBUILD_SBM_FAST=1 -DSHOW_ALL_VARS_USED=0 -DCONFIG_BUF_LEN=65536 -DMAX_DOMAINS_F=21 -DMAX_HISTORY=25 -DNMM_NEST=0 -DWRF_CHEM -DBUILD_CHEM=1 -DWRF_KPP -I. -traditional-cpp -DUSE_NETCDF4_FEATURES -DWRFIO_NCD_LARGE_FILE_SUPPORT   module_kpp_cb05_sorg_vbs_aq_Integr.G  > module_kpp_cb05_sorg_vbs_aq_Integr.bb
/home/onishi/WRF/tools/standard.exe module_kpp_cb05_sorg_vbs_aq_Integr.bb | /lib/cpp -P -nostdinc -I/home/onishi/WRF/external/ioapi_share -traditional-cpp -DUSE_NETCDF4_FEATURES -DWRFIO_NCD_LARGE_FILE_SUPPORT > module_kpp_cb05_sorg_vbs_aq_Integr.f90
rm -f module_kpp_cb05_sorg_vbs_aq_Integr.G module_kpp_cb05_sorg_vbs_aq_Integr.bb
time mpif90 -f90=ifort -o module_kpp_cb05_sorg_vbs_aq_Integr.o -c -O3 -ip -fp-model precise -w -ftz -align all -fno-alias -FR -convert big_endian    -I../dyn_em  -I/home/onishi/WRF/external/esmf_time_f90  -I/home/onishi/WRF/main -I/home/onishi/WRF/external/io_netcdf -I/home/onishi/WRF/external/io_int -I/home/onishi/WRF/frame -I/home/onishi/WRF/share -I/home/onishi/WRF/phys -I/home/onishi/WRF/wrftladj -I/home/onishi/WRF/chem -I/home/onishi/WRF/inc -I/home/onishi/NETCDF_DIR2//include  -real-size `expr 8 \* 4` -i4  module_kpp_cb05_sorg_vbs_aq_Integr.f90
6.08user 0.24system 0:06.34elapsed 99%CPU (0avgtext+0avgdata 181556maxresident)k
504inputs+6168outputs (0major+50046minor)pagefaults 0swaps
rm -f module_kpp_cb05_sorg_vbs_aq_interface.o
sed -e "s/^\!.*'.*//" -e "s/^ *\!.*'.*//" module_kpp_cb05_sorg_vbs_aq_interface.F > module_kpp_cb05_sorg_vbs_aq_interface.G
/lib/cpp -P -nostdinc -I/home/onishi/WRF/external/ioapi_share -I/home/onishi/WRF/inc -DEM_CORE=1 -DNMM_CORE=0 -DNMM_MAX_DIM=2600 -DDA_CORE=0 -DWRFPLUS=0 -DIWORDSIZE=4 -DDWORDSIZE=8 -DRWORDSIZE=4 -DLWORDSIZE=4 -DNONSTANDARD_SYSTEM_FUNC  -DWRF_USE_CLM -DUSE_NETCDF4_FEATURES -DWRFIO_NCD_LARGE_FILE_SUPPORT  -DDM_PARALLEL -DNETCDF -DGRIB2 -DHDF5 -DLANDREAD_STUB=1 -DUSE_ALLOCATABLES -Dwrfmodel -DGRIB1 -DINTIO -DKEEP_INT_AROUND -DLIMIT_ARGS -DBUILD_RRTMG_FAST=0 -DBUILD_RRTMK=0 -DBUILD_SBM_FAST=1 -DSHOW_ALL_VARS_USED=0 -DCONFIG_BUF_LEN=65536 -DMAX_DOMAINS_F=21 -DMAX_HISTORY=25 -DNMM_NEST=0 -DWRF_CHEM -DBUILD_CHEM=1 -DWRF_KPP -I. -traditional-cpp -DUSE_NETCDF4_FEATURES -DWRFIO_NCD_LARGE_FILE_SUPPORT   module_kpp_cb05_sorg_vbs_aq_interface.G  > module_kpp_cb05_sorg_vbs_aq_interface.bb
/home/onishi/WRF/tools/standard.exe module_kpp_cb05_sorg_vbs_aq_interface.bb | /lib/cpp -P -nostdinc -I/home/onishi/WRF/external/ioapi_share -traditional-cpp -DUSE_NETCDF4_FEATURES -DWRFIO_NCD_LARGE_FILE_SUPPORT > module_kpp_cb05_sorg_vbs_aq_interface.f90
rm -f module_kpp_cb05_sorg_vbs_aq_interface.G module_kpp_cb05_sorg_vbs_aq_interface.bb
time mpif90 -f90=ifort -o module_kpp_cb05_sorg_vbs_aq_interface.o -c -O3 -ip -fp-model precise -w -ftz -align all -fno-alias -FR -convert big_endian    -I../dyn_em  -I/home/onishi/WRF/external/esmf_time_f90  -I/home/onishi/WRF/main -I/home/onishi/WRF/external/io_netcdf -I/home/onishi/WRF/external/io_int -I/home/onishi/WRF/frame -I/home/onishi/WRF/share -I/home/onishi/WRF/phys -I/home/onishi/WRF/wrftladj -I/home/onishi/WRF/chem -I/home/onishi/WRF/inc -I/home/onishi/NETCDF_DIR2//include  -real-size `expr 8 \* 4` -i4  module_kpp_cb05_sorg_vbs_aq_interface.f90
1.27user 0.12system 0:01.43elapsed 97%CPU (0avgtext+0avgdata 112872maxresident)k
376inputs+1800outputs (0major+24470minor)pagefaults 0swaps
rm -f module_kpp_cbm4_Precision.o
sed -e "s/^\!.*'.*//" -e "s/^ *\!.*'.*//" module_kpp_cbm4_Precision.F > module_kpp_cbm4_Precision.G
/lib/cpp -P -nostdinc -I/home/onishi/WRF/external/ioapi_share -I/home/onishi/WRF/inc -DEM_CORE=1 -DNMM_CORE=0 -DNMM_MAX_DIM=2600 -DDA_CORE=0 -DWRFPLUS=0 -DIWORDSIZE=4 -DDWORDSIZE=8 -DRWORDSIZE=4 -DLWORDSIZE=4 -DNONSTANDARD_SYSTEM_FUNC  -DWRF_USE_CLM -DUSE_NETCDF4_FEATURES -DWRFIO_NCD_LARGE_FILE_SUPPORT  -DDM_PARALLEL -DNETCDF -DGRIB2 -DHDF5 -DLANDREAD_STUB=1 -DUSE_ALLOCATABLES -Dwrfmodel -DGRIB1 -DINTIO -DKEEP_INT_AROUND -DLIMIT_ARGS -DBUILD_RRTMG_FAST=0 -DBUILD_RRTMK=0 -DBUILD_SBM_FAST=1 -DSHOW_ALL_VARS_USED=0 -DCONFIG_BUF_LEN=65536 -DMAX_DOMAINS_F=21 -DMAX_HISTORY=25 -DNMM_NEST=0 -DWRF_CHEM -DBUILD_CHEM=1 -DWRF_KPP -I. -traditional-cpp -DUSE_NETCDF4_FEATURES -DWRFIO_NCD_LARGE_FILE_SUPPORT   module_kpp_cbm4_Precision.G  > module_kpp_cbm4_Precision.bb
/home/onishi/WRF/tools/standard.exe module_kpp_cbm4_Precision.bb | /lib/cpp -P -nostdinc -I/home/onishi/WRF/external/ioapi_share -traditional-cpp -DUSE_NETCDF4_FEATURES -DWRFIO_NCD_LARGE_FILE_SUPPORT > module_kpp_cbm4_Precision.f90
rm -f module_kpp_cbm4_Precision.G module_kpp_cbm4_Precision.bb
time mpif90 -f90=ifort -o module_kpp_cbm4_Precision.o -c -O3 -ip -fp-model precise -w -ftz -align all -fno-alias -FR -convert big_endian    -I../dyn_em  -I/home/onishi/WRF/external/esmf_time_f90  -I/home/onishi/WRF/main -I/home/onishi/WRF/external/io_netcdf -I/home/onishi/WRF/external/io_int -I/home/onishi/WRF/frame -I/home/onishi/WRF/share -I/home/onishi/WRF/phys -I/home/onishi/WRF/wrftladj -I/home/onishi/WRF/chem -I/home/onishi/WRF/inc -I/home/onishi/NETCDF_DIR2//include  -real-size `expr 8 \* 4` -i4  module_kpp_cbm4_Precision.f90
0.00user 0.06system 0:00.09elapsed 72%CPU (0avgtext+0avgdata 37852maxresident)k
8inputs+88outputs (0major+5972minor)pagefaults 0swaps
rm -f module_kpp_cbm4_Parameters.o
sed -e "s/^\!.*'.*//" -e "s/^ *\!.*'.*//" module_kpp_cbm4_Parameters.F > module_kpp_cbm4_Parameters.G
/lib/cpp -P -nostdinc -I/home/onishi/WRF/external/ioapi_share -I/home/onishi/WRF/inc -DEM_CORE=1 -DNMM_CORE=0 -DNMM_MAX_DIM=2600 -DDA_CORE=0 -DWRFPLUS=0 -DIWORDSIZE=4 -DDWORDSIZE=8 -DRWORDSIZE=4 -DLWORDSIZE=4 -DNONSTANDARD_SYSTEM_FUNC  -DWRF_USE_CLM -DUSE_NETCDF4_FEATURES -DWRFIO_NCD_LARGE_FILE_SUPPORT  -DDM_PARALLEL -DNETCDF -DGRIB2 -DHDF5 -DLANDREAD_STUB=1 -DUSE_ALLOCATABLES -Dwrfmodel -DGRIB1 -DINTIO -DKEEP_INT_AROUND -DLIMIT_ARGS -DBUILD_RRTMG_FAST=0 -DBUILD_RRTMK=0 -DBUILD_SBM_FAST=1 -DSHOW_ALL_VARS_USED=0 -DCONFIG_BUF_LEN=65536 -DMAX_DOMAINS_F=21 -DMAX_HISTORY=25 -DNMM_NEST=0 -DWRF_CHEM -DBUILD_CHEM=1 -DWRF_KPP -I. -traditional-cpp -DUSE_NETCDF4_FEATURES -DWRFIO_NCD_LARGE_FILE_SUPPORT   module_kpp_cbm4_Parameters.G  > module_kpp_cbm4_Parameters.bb
/home/onishi/WRF/tools/standard.exe module_kpp_cbm4_Parameters.bb | /lib/cpp -P -nostdinc -I/home/onishi/WRF/external/ioapi_share -traditional-cpp -DUSE_NETCDF4_FEATURES -DWRFIO_NCD_LARGE_FILE_SUPPORT > module_kpp_cbm4_Parameters.f90
rm -f module_kpp_cbm4_Parameters.G module_kpp_cbm4_Parameters.bb
time mpif90 -f90=ifort -o module_kpp_cbm4_Parameters.o -c -O3 -ip -fp-model precise -w -ftz -align all -fno-alias -FR -convert big_endian    -I../dyn_em  -I/home/onishi/WRF/external/esmf_time_f90  -I/home/onishi/WRF/main -I/home/onishi/WRF/external/io_netcdf -I/home/onishi/WRF/external/io_int -I/home/onishi/WRF/frame -I/home/onishi/WRF/share -I/home/onishi/WRF/phys -I/home/onishi/WRF/wrftladj -I/home/onishi/WRF/chem -I/home/onishi/WRF/inc -I/home/onishi/NETCDF_DIR2//include  -real-size `expr 8 \* 4` -i4  module_kpp_cbm4_Parameters.f90
0.02user 0.04system 0:00.09elapsed 72%CPU (0avgtext+0avgdata 37900maxresident)k
16inputs+96outputs (0major+5973minor)pagefaults 0swaps
rm -f module_kpp_cbm4_JacobianSP.o
sed -e "s/^\!.*'.*//" -e "s/^ *\!.*'.*//" module_kpp_cbm4_JacobianSP.F > module_kpp_cbm4_JacobianSP.G
/lib/cpp -P -nostdinc -I/home/onishi/WRF/external/ioapi_share -I/home/onishi/WRF/inc -DEM_CORE=1 -DNMM_CORE=0 -DNMM_MAX_DIM=2600 -DDA_CORE=0 -DWRFPLUS=0 -DIWORDSIZE=4 -DDWORDSIZE=8 -DRWORDSIZE=4 -DLWORDSIZE=4 -DNONSTANDARD_SYSTEM_FUNC  -DWRF_USE_CLM -DUSE_NETCDF4_FEATURES -DWRFIO_NCD_LARGE_FILE_SUPPORT  -DDM_PARALLEL -DNETCDF -DGRIB2 -DHDF5 -DLANDREAD_STUB=1 -DUSE_ALLOCATABLES -Dwrfmodel -DGRIB1 -DINTIO -DKEEP_INT_AROUND -DLIMIT_ARGS -DBUILD_RRTMG_FAST=0 -DBUILD_RRTMK=0 -DBUILD_SBM_FAST=1 -DSHOW_ALL_VARS_USED=0 -DCONFIG_BUF_LEN=65536 -DMAX_DOMAINS_F=21 -DMAX_HISTORY=25 -DNMM_NEST=0 -DWRF_CHEM -DBUILD_CHEM=1 -DWRF_KPP -I. -traditional-cpp -DUSE_NETCDF4_FEATURES -DWRFIO_NCD_LARGE_FILE_SUPPORT   module_kpp_cbm4_JacobianSP.G  > module_kpp_cbm4_JacobianSP.bb
/home/onishi/WRF/tools/standard.exe module_kpp_cbm4_JacobianSP.bb | /lib/cpp -P -nostdinc -I/home/onishi/WRF/external/ioapi_share -traditional-cpp -DUSE_NETCDF4_FEATURES -DWRFIO_NCD_LARGE_FILE_SUPPORT > module_kpp_cbm4_JacobianSP.f90
rm -f module_kpp_cbm4_JacobianSP.G module_kpp_cbm4_JacobianSP.bb
time mpif90 -f90=ifort -o module_kpp_cbm4_JacobianSP.o -c -O3 -ip -fp-model precise -w -ftz -align all -fno-alias -FR -convert big_endian    -I../dyn_em  -I/home/onishi/WRF/external/esmf_time_f90  -I/home/onishi/WRF/main -I/home/onishi/WRF/external/io_netcdf -I/home/onishi/WRF/external/io_int -I/home/onishi/WRF/frame -I/home/onishi/WRF/share -I/home/onishi/WRF/phys -I/home/onishi/WRF/wrftladj -I/home/onishi/WRF/chem -I/home/onishi/WRF/inc -I/home/onishi/NETCDF_DIR2//include  -real-size `expr 8 \* 4` -i4  module_kpp_cbm4_JacobianSP.f90
0.02user 0.04system 0:00.08elapsed 90%CPU (0avgtext+0avgdata 38244maxresident)k
8inputs+160outputs (0major+6050minor)pagefaults 0swaps
rm -f module_kpp_cbm4_Jacobian.o
sed -e "s/^\!.*'.*//" -e "s/^ *\!.*'.*//" module_kpp_cbm4_Jacobian.F > module_kpp_cbm4_Jacobian.G
/lib/cpp -P -nostdinc -I/home/onishi/WRF/external/ioapi_share -I/home/onishi/WRF/inc -DEM_CORE=1 -DNMM_CORE=0 -DNMM_MAX_DIM=2600 -DDA_CORE=0 -DWRFPLUS=0 -DIWORDSIZE=4 -DDWORDSIZE=8 -DRWORDSIZE=4 -DLWORDSIZE=4 -DNONSTANDARD_SYSTEM_FUNC  -DWRF_USE_CLM -DUSE_NETCDF4_FEATURES -DWRFIO_NCD_LARGE_FILE_SUPPORT  -DDM_PARALLEL -DNETCDF -DGRIB2 -DHDF5 -DLANDREAD_STUB=1 -DUSE_ALLOCATABLES -Dwrfmodel -DGRIB1 -DINTIO -DKEEP_INT_AROUND -DLIMIT_ARGS -DBUILD_RRTMG_FAST=0 -DBUILD_RRTMK=0 -DBUILD_SBM_FAST=1 -DSHOW_ALL_VARS_USED=0 -DCONFIG_BUF_LEN=65536 -DMAX_DOMAINS_F=21 -DMAX_HISTORY=25 -DNMM_NEST=0 -DWRF_CHEM -DBUILD_CHEM=1 -DWRF_KPP -I. -traditional-cpp -DUSE_NETCDF4_FEATURES -DWRFIO_NCD_LARGE_FILE_SUPPORT   module_kpp_cbm4_Jacobian.G  > module_kpp_cbm4_Jacobian.bb
/home/onishi/WRF/tools/standard.exe module_kpp_cbm4_Jacobian.bb | /lib/cpp -P -nostdinc -I/home/onishi/WRF/external/ioapi_share -traditional-cpp -DUSE_NETCDF4_FEATURES -DWRFIO_NCD_LARGE_FILE_SUPPORT > module_kpp_cbm4_Jacobian.f90
rm -f module_kpp_cbm4_Jacobian.G module_kpp_cbm4_Jacobian.bb
time mpif90 -f90=ifort -o module_kpp_cbm4_Jacobian.o -c -O3 -ip -fp-model precise -w -ftz -align all -fno-alias -FR -convert big_endian    -I../dyn_em  -I/home/onishi/WRF/external/esmf_time_f90  -I/home/onishi/WRF/main -I/home/onishi/WRF/external/io_netcdf -I/home/onishi/WRF/external/io_int -I/home/onishi/WRF/frame -I/home/onishi/WRF/share -I/home/onishi/WRF/phys -I/home/onishi/WRF/wrftladj -I/home/onishi/WRF/chem -I/home/onishi/WRF/inc -I/home/onishi/NETCDF_DIR2//include  -real-size `expr 8 \* 4` -i4  module_kpp_cbm4_Jacobian.f90
0.12user 0.07system 0:00.20elapsed 95%CPU (0avgtext+0avgdata 47464maxresident)k
120inputs+424outputs (0major+8461minor)pagefaults 0swaps
rm -f module_kpp_cbm4_Update_Rconst.o
sed -e "s/^\!.*'.*//" -e "s/^ *\!.*'.*//" module_kpp_cbm4_Update_Rconst.F > module_kpp_cbm4_Update_Rconst.G
/lib/cpp -P -nostdinc -I/home/onishi/WRF/external/ioapi_share -I/home/onishi/WRF/inc -DEM_CORE=1 -DNMM_CORE=0 -DNMM_MAX_DIM=2600 -DDA_CORE=0 -DWRFPLUS=0 -DIWORDSIZE=4 -DDWORDSIZE=8 -DRWORDSIZE=4 -DLWORDSIZE=4 -DNONSTANDARD_SYSTEM_FUNC  -DWRF_USE_CLM -DUSE_NETCDF4_FEATURES -DWRFIO_NCD_LARGE_FILE_SUPPORT  -DDM_PARALLEL -DNETCDF -DGRIB2 -DHDF5 -DLANDREAD_STUB=1 -DUSE_ALLOCATABLES -Dwrfmodel -DGRIB1 -DINTIO -DKEEP_INT_AROUND -DLIMIT_ARGS -DBUILD_RRTMG_FAST=0 -DBUILD_RRTMK=0 -DBUILD_SBM_FAST=1 -DSHOW_ALL_VARS_USED=0 -DCONFIG_BUF_LEN=65536 -DMAX_DOMAINS_F=21 -DMAX_HISTORY=25 -DNMM_NEST=0 -DWRF_CHEM -DBUILD_CHEM=1 -DWRF_KPP -I. -traditional-cpp -DUSE_NETCDF4_FEATURES -DWRFIO_NCD_LARGE_FILE_SUPPORT   module_kpp_cbm4_Update_Rconst.G  > module_kpp_cbm4_Update_Rconst.bb
/home/onishi/WRF/tools/standard.exe module_kpp_cbm4_Update_Rconst.bb | /lib/cpp -P -nostdinc -I/home/onishi/WRF/external/ioapi_share -traditional-cpp -DUSE_NETCDF4_FEATURES -DWRFIO_NCD_LARGE_FILE_SUPPORT > module_kpp_cbm4_Update_Rconst.f90
rm -f module_kpp_cbm4_Update_Rconst.G module_kpp_cbm4_Update_Rconst.bb
time mpif90 -f90=ifort -o module_kpp_cbm4_Update_Rconst.o -c -O3 -ip -fp-model precise -w -ftz -align all -fno-alias -FR -convert big_endian    -I../dyn_em  -I/home/onishi/WRF/external/esmf_time_f90  -I/home/onishi/WRF/main -I/home/onishi/WRF/external/io_netcdf -I/home/onishi/WRF/external/io_int -I/home/onishi/WRF/frame -I/home/onishi/WRF/share -I/home/onishi/WRF/phys -I/home/onishi/WRF/wrftladj -I/home/onishi/WRF/chem -I/home/onishi/WRF/inc -I/home/onishi/NETCDF_DIR2//include  -real-size `expr 8 \* 4` -i4  module_kpp_cbm4_Update_Rconst.f90
0.06user 0.05system 0:00.13elapsed 93%CPU (0avgtext+0avgdata 48056maxresident)k
24inputs+248outputs (0major+7796minor)pagefaults 0swaps
rm -f module_kpp_cbm4_Integr.o
sed -e "s/^\!.*'.*//" -e "s/^ *\!.*'.*//" module_kpp_cbm4_Integr.F > module_kpp_cbm4_Integr.G
/lib/cpp -P -nostdinc -I/home/onishi/WRF/external/ioapi_share -I/home/onishi/WRF/inc -DEM_CORE=1 -DNMM_CORE=0 -DNMM_MAX_DIM=2600 -DDA_CORE=0 -DWRFPLUS=0 -DIWORDSIZE=4 -DDWORDSIZE=8 -DRWORDSIZE=4 -DLWORDSIZE=4 -DNONSTANDARD_SYSTEM_FUNC  -DWRF_USE_CLM -DUSE_NETCDF4_FEATURES -DWRFIO_NCD_LARGE_FILE_SUPPORT  -DDM_PARALLEL -DNETCDF -DGRIB2 -DHDF5 -DLANDREAD_STUB=1 -DUSE_ALLOCATABLES -Dwrfmodel -DGRIB1 -DINTIO -DKEEP_INT_AROUND -DLIMIT_ARGS -DBUILD_RRTMG_FAST=0 -DBUILD_RRTMK=0 -DBUILD_SBM_FAST=1 -DSHOW_ALL_VARS_USED=0 -DCONFIG_BUF_LEN=65536 -DMAX_DOMAINS_F=21 -DMAX_HISTORY=25 -DNMM_NEST=0 -DWRF_CHEM -DBUILD_CHEM=1 -DWRF_KPP -I. -traditional-cpp -DUSE_NETCDF4_FEATURES -DWRFIO_NCD_LARGE_FILE_SUPPORT   module_kpp_cbm4_Integr.G  > module_kpp_cbm4_Integr.bb
/home/onishi/WRF/tools/standard.exe module_kpp_cbm4_Integr.bb | /lib/cpp -P -nostdinc -I/home/onishi/WRF/external/ioapi_share -traditional-cpp -DUSE_NETCDF4_FEATURES -DWRFIO_NCD_LARGE_FILE_SUPPORT > module_kpp_cbm4_Integr.f90
rm -f module_kpp_cbm4_Integr.G module_kpp_cbm4_Integr.bb
time mpif90 -f90=ifort -o module_kpp_cbm4_Integr.o -c -O3 -ip -fp-model precise -w -ftz -align all -fno-alias -FR -convert big_endian    -I../dyn_em  -I/home/onishi/WRF/external/esmf_time_f90  -I/home/onishi/WRF/main -I/home/onishi/WRF/external/io_netcdf -I/home/onishi/WRF/external/io_int -I/home/onishi/WRF/frame -I/home/onishi/WRF/share -I/home/onishi/WRF/phys -I/home/onishi/WRF/wrftladj -I/home/onishi/WRF/chem -I/home/onishi/WRF/inc -I/home/onishi/NETCDF_DIR2//include  -real-size `expr 8 \* 4` -i4  module_kpp_cbm4_Integr.f90
1.63user 0.11system 0:01.76elapsed 99%CPU (0avgtext+0avgdata 89880maxresident)k
216inputs+2528outputs (0major+21102minor)pagefaults 0swaps
rm -f module_kpp_cbm4_interface.o
sed -e "s/^\!.*'.*//" -e "s/^ *\!.*'.*//" module_kpp_cbm4_interface.F > module_kpp_cbm4_interface.G
/lib/cpp -P -nostdinc -I/home/onishi/WRF/external/ioapi_share -I/home/onishi/WRF/inc -DEM_CORE=1 -DNMM_CORE=0 -DNMM_MAX_DIM=2600 -DDA_CORE=0 -DWRFPLUS=0 -DIWORDSIZE=4 -DDWORDSIZE=8 -DRWORDSIZE=4 -DLWORDSIZE=4 -DNONSTANDARD_SYSTEM_FUNC  -DWRF_USE_CLM -DUSE_NETCDF4_FEATURES -DWRFIO_NCD_LARGE_FILE_SUPPORT  -DDM_PARALLEL -DNETCDF -DGRIB2 -DHDF5 -DLANDREAD_STUB=1 -DUSE_ALLOCATABLES -Dwrfmodel -DGRIB1 -DINTIO -DKEEP_INT_AROUND -DLIMIT_ARGS -DBUILD_RRTMG_FAST=0 -DBUILD_RRTMK=0 -DBUILD_SBM_FAST=1 -DSHOW_ALL_VARS_USED=0 -DCONFIG_BUF_LEN=65536 -DMAX_DOMAINS_F=21 -DMAX_HISTORY=25 -DNMM_NEST=0 -DWRF_CHEM -DBUILD_CHEM=1 -DWRF_KPP -I. -traditional-cpp -DUSE_NETCDF4_FEATURES -DWRFIO_NCD_LARGE_FILE_SUPPORT   module_kpp_cbm4_interface.G  > module_kpp_cbm4_interface.bb
/home/onishi/WRF/tools/standard.exe module_kpp_cbm4_interface.bb | /lib/cpp -P -nostdinc -I/home/onishi/WRF/external/ioapi_share -traditional-cpp -DUSE_NETCDF4_FEATURES -DWRFIO_NCD_LARGE_FILE_SUPPORT > module_kpp_cbm4_interface.f90
rm -f module_kpp_cbm4_interface.G module_kpp_cbm4_interface.bb
time mpif90 -f90=ifort -o module_kpp_cbm4_interface.o -c -O3 -ip -fp-model precise -w -ftz -align all -fno-alias -FR -convert big_endian    -I../dyn_em  -I/home/onishi/WRF/external/esmf_time_f90  -I/home/onishi/WRF/main -I/home/onishi/WRF/external/io_netcdf -I/home/onishi/WRF/external/io_int -I/home/onishi/WRF/frame -I/home/onishi/WRF/share -I/home/onishi/WRF/phys -I/home/onishi/WRF/wrftladj -I/home/onishi/WRF/chem -I/home/onishi/WRF/inc -I/home/onishi/NETCDF_DIR2//include  -real-size `expr 8 \* 4` -i4  module_kpp_cbm4_interface.f90
0.30user 0.07system 0:00.40elapsed 92%CPU (0avgtext+0avgdata 67272maxresident)k
160inputs+1336outputs (0major+12781minor)pagefaults 0swaps
rm -f module_kpp_cbmz_bb_Precision.o
sed -e "s/^\!.*'.*//" -e "s/^ *\!.*'.*//" module_kpp_cbmz_bb_Precision.F > module_kpp_cbmz_bb_Precision.G
/lib/cpp -P -nostdinc -I/home/onishi/WRF/external/ioapi_share -I/home/onishi/WRF/inc -DEM_CORE=1 -DNMM_CORE=0 -DNMM_MAX_DIM=2600 -DDA_CORE=0 -DWRFPLUS=0 -DIWORDSIZE=4 -DDWORDSIZE=8 -DRWORDSIZE=4 -DLWORDSIZE=4 -DNONSTANDARD_SYSTEM_FUNC  -DWRF_USE_CLM -DUSE_NETCDF4_FEATURES -DWRFIO_NCD_LARGE_FILE_SUPPORT  -DDM_PARALLEL -DNETCDF -DGRIB2 -DHDF5 -DLANDREAD_STUB=1 -DUSE_ALLOCATABLES -Dwrfmodel -DGRIB1 -DINTIO -DKEEP_INT_AROUND -DLIMIT_ARGS -DBUILD_RRTMG_FAST=0 -DBUILD_RRTMK=0 -DBUILD_SBM_FAST=1 -DSHOW_ALL_VARS_USED=0 -DCONFIG_BUF_LEN=65536 -DMAX_DOMAINS_F=21 -DMAX_HISTORY=25 -DNMM_NEST=0 -DWRF_CHEM -DBUILD_CHEM=1 -DWRF_KPP -I. -traditional-cpp -DUSE_NETCDF4_FEATURES -DWRFIO_NCD_LARGE_FILE_SUPPORT   module_kpp_cbmz_bb_Precision.G  > module_kpp_cbmz_bb_Precision.bb
/home/onishi/WRF/tools/standard.exe module_kpp_cbmz_bb_Precision.bb | /lib/cpp -P -nostdinc -I/home/onishi/WRF/external/ioapi_share -traditional-cpp -DUSE_NETCDF4_FEATURES -DWRFIO_NCD_LARGE_FILE_SUPPORT > module_kpp_cbmz_bb_Precision.f90
rm -f module_kpp_cbmz_bb_Precision.G module_kpp_cbmz_bb_Precision.bb
time mpif90 -f90=ifort -o module_kpp_cbmz_bb_Precision.o -c -O3 -ip -fp-model precise -w -ftz -align all -fno-alias -FR -convert big_endian    -I../dyn_em  -I/home/onishi/WRF/external/esmf_time_f90  -I/home/onishi/WRF/main -I/home/onishi/WRF/external/io_netcdf -I/home/onishi/WRF/external/io_int -I/home/onishi/WRF/frame -I/home/onishi/WRF/share -I/home/onishi/WRF/phys -I/home/onishi/WRF/wrftladj -I/home/onishi/WRF/chem -I/home/onishi/WRF/inc -I/home/onishi/NETCDF_DIR2//include  -real-size `expr 8 \* 4` -i4  module_kpp_cbmz_bb_Precision.f90
0.00user 0.07system 0:00.10elapsed 69%CPU (0avgtext+0avgdata 37864maxresident)k
8inputs+88outputs (0major+5962minor)pagefaults 0swaps
rm -f module_kpp_cbmz_bb_Parameters.o
sed -e "s/^\!.*'.*//" -e "s/^ *\!.*'.*//" module_kpp_cbmz_bb_Parameters.F > module_kpp_cbmz_bb_Parameters.G
/lib/cpp -P -nostdinc -I/home/onishi/WRF/external/ioapi_share -I/home/onishi/WRF/inc -DEM_CORE=1 -DNMM_CORE=0 -DNMM_MAX_DIM=2600 -DDA_CORE=0 -DWRFPLUS=0 -DIWORDSIZE=4 -DDWORDSIZE=8 -DRWORDSIZE=4 -DLWORDSIZE=4 -DNONSTANDARD_SYSTEM_FUNC  -DWRF_USE_CLM -DUSE_NETCDF4_FEATURES -DWRFIO_NCD_LARGE_FILE_SUPPORT  -DDM_PARALLEL -DNETCDF -DGRIB2 -DHDF5 -DLANDREAD_STUB=1 -DUSE_ALLOCATABLES -Dwrfmodel -DGRIB1 -DINTIO -DKEEP_INT_AROUND -DLIMIT_ARGS -DBUILD_RRTMG_FAST=0 -DBUILD_RRTMK=0 -DBUILD_SBM_FAST=1 -DSHOW_ALL_VARS_USED=0 -DCONFIG_BUF_LEN=65536 -DMAX_DOMAINS_F=21 -DMAX_HISTORY=25 -DNMM_NEST=0 -DWRF_CHEM -DBUILD_CHEM=1 -DWRF_KPP -I. -traditional-cpp -DUSE_NETCDF4_FEATURES -DWRFIO_NCD_LARGE_FILE_SUPPORT   module_kpp_cbmz_bb_Parameters.G  > module_kpp_cbmz_bb_Parameters.bb
/home/onishi/WRF/tools/standard.exe module_kpp_cbmz_bb_Parameters.bb | /lib/cpp -P -nostdinc -I/home/onishi/WRF/external/ioapi_share -traditional-cpp -DUSE_NETCDF4_FEATURES -DWRFIO_NCD_LARGE_FILE_SUPPORT > module_kpp_cbmz_bb_Parameters.f90
rm -f module_kpp_cbmz_bb_Parameters.G module_kpp_cbmz_bb_Parameters.bb
time mpif90 -f90=ifort -o module_kpp_cbmz_bb_Parameters.o -c -O3 -ip -fp-model precise -w -ftz -align all -fno-alias -FR -convert big_endian    -I../dyn_em  -I/home/onishi/WRF/external/esmf_time_f90  -I/home/onishi/WRF/main -I/home/onishi/WRF/external/io_netcdf -I/home/onishi/WRF/external/io_int -I/home/onishi/WRF/frame -I/home/onishi/WRF/share -I/home/onishi/WRF/phys -I/home/onishi/WRF/wrftladj -I/home/onishi/WRF/chem -I/home/onishi/WRF/inc -I/home/onishi/NETCDF_DIR2//include  -real-size `expr 8 \* 4` -i4  module_kpp_cbmz_bb_Parameters.f90
0.02user 0.04system 0:00.08elapsed 88%CPU (0avgtext+0avgdata 38092maxresident)k
16inputs+104outputs (0major+5977minor)pagefaults 0swaps
rm -f module_kpp_cbmz_bb_JacobianSP.o
sed -e "s/^\!.*'.*//" -e "s/^ *\!.*'.*//" module_kpp_cbmz_bb_JacobianSP.F > module_kpp_cbmz_bb_JacobianSP.G
/lib/cpp -P -nostdinc -I/home/onishi/WRF/external/ioapi_share -I/home/onishi/WRF/inc -DEM_CORE=1 -DNMM_CORE=0 -DNMM_MAX_DIM=2600 -DDA_CORE=0 -DWRFPLUS=0 -DIWORDSIZE=4 -DDWORDSIZE=8 -DRWORDSIZE=4 -DLWORDSIZE=4 -DNONSTANDARD_SYSTEM_FUNC  -DWRF_USE_CLM -DUSE_NETCDF4_FEATURES -DWRFIO_NCD_LARGE_FILE_SUPPORT  -DDM_PARALLEL -DNETCDF -DGRIB2 -DHDF5 -DLANDREAD_STUB=1 -DUSE_ALLOCATABLES -Dwrfmodel -DGRIB1 -DINTIO -DKEEP_INT_AROUND -DLIMIT_ARGS -DBUILD_RRTMG_FAST=0 -DBUILD_RRTMK=0 -DBUILD_SBM_FAST=1 -DSHOW_ALL_VARS_USED=0 -DCONFIG_BUF_LEN=65536 -DMAX_DOMAINS_F=21 -DMAX_HISTORY=25 -DNMM_NEST=0 -DWRF_CHEM -DBUILD_CHEM=1 -DWRF_KPP -I. -traditional-cpp -DUSE_NETCDF4_FEATURES -DWRFIO_NCD_LARGE_FILE_SUPPORT   module_kpp_cbmz_bb_JacobianSP.G  > module_kpp_cbmz_bb_JacobianSP.bb
/home/onishi/WRF/tools/standard.exe module_kpp_cbmz_bb_JacobianSP.bb | /lib/cpp -P -nostdinc -I/home/onishi/WRF/external/ioapi_share -traditional-cpp -DUSE_NETCDF4_FEATURES -DWRFIO_NCD_LARGE_FILE_SUPPORT > module_kpp_cbmz_bb_JacobianSP.f90
rm -f module_kpp_cbmz_bb_JacobianSP.G module_kpp_cbmz_bb_JacobianSP.bb
time mpif90 -f90=ifort -o module_kpp_cbmz_bb_JacobianSP.o -c -O3 -ip -fp-model precise -w -ftz -align all -fno-alias -FR -convert big_endian    -I../dyn_em  -I/home/onishi/WRF/external/esmf_time_f90  -I/home/onishi/WRF/main -I/home/onishi/WRF/external/io_netcdf -I/home/onishi/WRF/external/io_int -I/home/onishi/WRF/frame -I/home/onishi/WRF/share -I/home/onishi/WRF/phys -I/home/onishi/WRF/wrftladj -I/home/onishi/WRF/chem -I/home/onishi/WRF/inc -I/home/onishi/NETCDF_DIR2//include  -real-size `expr 8 \* 4` -i4  module_kpp_cbmz_bb_JacobianSP.f90
0.01user 0.05system 0:00.08elapsed 89%CPU (0avgtext+0avgdata 38968maxresident)k
16inputs+376outputs (0major+6225minor)pagefaults 0swaps
rm -f module_kpp_cbmz_bb_Jacobian.o
sed -e "s/^\!.*'.*//" -e "s/^ *\!.*'.*//" module_kpp_cbmz_bb_Jacobian.F > module_kpp_cbmz_bb_Jacobian.G
/lib/cpp -P -nostdinc -I/home/onishi/WRF/external/ioapi_share -I/home/onishi/WRF/inc -DEM_CORE=1 -DNMM_CORE=0 -DNMM_MAX_DIM=2600 -DDA_CORE=0 -DWRFPLUS=0 -DIWORDSIZE=4 -DDWORDSIZE=8 -DRWORDSIZE=4 -DLWORDSIZE=4 -DNONSTANDARD_SYSTEM_FUNC  -DWRF_USE_CLM -DUSE_NETCDF4_FEATURES -DWRFIO_NCD_LARGE_FILE_SUPPORT  -DDM_PARALLEL -DNETCDF -DGRIB2 -DHDF5 -DLANDREAD_STUB=1 -DUSE_ALLOCATABLES -Dwrfmodel -DGRIB1 -DINTIO -DKEEP_INT_AROUND -DLIMIT_ARGS -DBUILD_RRTMG_FAST=0 -DBUILD_RRTMK=0 -DBUILD_SBM_FAST=1 -DSHOW_ALL_VARS_USED=0 -DCONFIG_BUF_LEN=65536 -DMAX_DOMAINS_F=21 -DMAX_HISTORY=25 -DNMM_NEST=0 -DWRF_CHEM -DBUILD_CHEM=1 -DWRF_KPP -I. -traditional-cpp -DUSE_NETCDF4_FEATURES -DWRFIO_NCD_LARGE_FILE_SUPPORT   module_kpp_cbmz_bb_Jacobian.G  > module_kpp_cbmz_bb_Jacobian.bb
/home/onishi/WRF/tools/standard.exe module_kpp_cbmz_bb_Jacobian.bb | /lib/cpp -P -nostdinc -I/home/onishi/WRF/external/ioapi_share -traditional-cpp -DUSE_NETCDF4_FEATURES -DWRFIO_NCD_LARGE_FILE_SUPPORT > module_kpp_cbmz_bb_Jacobian.f90
rm -f module_kpp_cbmz_bb_Jacobian.G module_kpp_cbmz_bb_Jacobian.bb
time mpif90 -f90=ifort -o module_kpp_cbmz_bb_Jacobian.o -c -O3 -ip -fp-model precise -w -ftz -align all -fno-alias -FR -convert big_endian    -I../dyn_em  -I/home/onishi/WRF/external/esmf_time_f90  -I/home/onishi/WRF/main -I/home/onishi/WRF/external/io_netcdf -I/home/onishi/WRF/external/io_int -I/home/onishi/WRF/frame -I/home/onishi/WRF/share -I/home/onishi/WRF/phys -I/home/onishi/WRF/wrftladj -I/home/onishi/WRF/chem -I/home/onishi/WRF/inc -I/home/onishi/NETCDF_DIR2//include  -real-size `expr 8 \* 4` -i4  module_kpp_cbmz_bb_Jacobian.f90
0.26user 0.07system 0:00.37elapsed 91%CPU (0avgtext+0avgdata 52924maxresident)k
344inputs+712outputs (0major+10565minor)pagefaults 0swaps
rm -f module_kpp_cbmz_bb_Update_Rconst.o
sed -e "s/^\!.*'.*//" -e "s/^ *\!.*'.*//" module_kpp_cbmz_bb_Update_Rconst.F > module_kpp_cbmz_bb_Update_Rconst.G
/lib/cpp -P -nostdinc -I/home/onishi/WRF/external/ioapi_share -I/home/onishi/WRF/inc -DEM_CORE=1 -DNMM_CORE=0 -DNMM_MAX_DIM=2600 -DDA_CORE=0 -DWRFPLUS=0 -DIWORDSIZE=4 -DDWORDSIZE=8 -DRWORDSIZE=4 -DLWORDSIZE=4 -DNONSTANDARD_SYSTEM_FUNC  -DWRF_USE_CLM -DUSE_NETCDF4_FEATURES -DWRFIO_NCD_LARGE_FILE_SUPPORT  -DDM_PARALLEL -DNETCDF -DGRIB2 -DHDF5 -DLANDREAD_STUB=1 -DUSE_ALLOCATABLES -Dwrfmodel -DGRIB1 -DINTIO -DKEEP_INT_AROUND -DLIMIT_ARGS -DBUILD_RRTMG_FAST=0 -DBUILD_RRTMK=0 -DBUILD_SBM_FAST=1 -DSHOW_ALL_VARS_USED=0 -DCONFIG_BUF_LEN=65536 -DMAX_DOMAINS_F=21 -DMAX_HISTORY=25 -DNMM_NEST=0 -DWRF_CHEM -DBUILD_CHEM=1 -DWRF_KPP -I. -traditional-cpp -DUSE_NETCDF4_FEATURES -DWRFIO_NCD_LARGE_FILE_SUPPORT   module_kpp_cbmz_bb_Update_Rconst.G  > module_kpp_cbmz_bb_Update_Rconst.bb
/home/onishi/WRF/tools/standard.exe module_kpp_cbmz_bb_Update_Rconst.bb | /lib/cpp -P -nostdinc -I/home/onishi/WRF/external/ioapi_share -traditional-cpp -DUSE_NETCDF4_FEATURES -DWRFIO_NCD_LARGE_FILE_SUPPORT > module_kpp_cbmz_bb_Update_Rconst.f90
rm -f module_kpp_cbmz_bb_Update_Rconst.G module_kpp_cbmz_bb_Update_Rconst.bb
time mpif90 -f90=ifort -o module_kpp_cbmz_bb_Update_Rconst.o -c -O3 -ip -fp-model precise -w -ftz -align all -fno-alias -FR -convert big_endian    -I../dyn_em  -I/home/onishi/WRF/external/esmf_time_f90  -I/home/onishi/WRF/main -I/home/onishi/WRF/external/io_netcdf -I/home/onishi/WRF/external/io_int -I/home/onishi/WRF/frame -I/home/onishi/WRF/share -I/home/onishi/WRF/phys -I/home/onishi/WRF/wrftladj -I/home/onishi/WRF/chem -I/home/onishi/WRF/inc -I/home/onishi/NETCDF_DIR2//include  -real-size `expr 8 \* 4` -i4  module_kpp_cbmz_bb_Update_Rconst.f90
0.45user 0.08system 0:00.54elapsed 97%CPU (0avgtext+0avgdata 80768maxresident)k
40inputs+480outputs (0major+16960minor)pagefaults 0swaps
rm -f module_kpp_cbmz_bb_Integr.o
sed -e "s/^\!.*'.*//" -e "s/^ *\!.*'.*//" module_kpp_cbmz_bb_Integr.F > module_kpp_cbmz_bb_Integr.G
/lib/cpp -P -nostdinc -I/home/onishi/WRF/external/ioapi_share -I/home/onishi/WRF/inc -DEM_CORE=1 -DNMM_CORE=0 -DNMM_MAX_DIM=2600 -DDA_CORE=0 -DWRFPLUS=0 -DIWORDSIZE=4 -DDWORDSIZE=8 -DRWORDSIZE=4 -DLWORDSIZE=4 -DNONSTANDARD_SYSTEM_FUNC  -DWRF_USE_CLM -DUSE_NETCDF4_FEATURES -DWRFIO_NCD_LARGE_FILE_SUPPORT  -DDM_PARALLEL -DNETCDF -DGRIB2 -DHDF5 -DLANDREAD_STUB=1 -DUSE_ALLOCATABLES -Dwrfmodel -DGRIB1 -DINTIO -DKEEP_INT_AROUND -DLIMIT_ARGS -DBUILD_RRTMG_FAST=0 -DBUILD_RRTMK=0 -DBUILD_SBM_FAST=1 -DSHOW_ALL_VARS_USED=0 -DCONFIG_BUF_LEN=65536 -DMAX_DOMAINS_F=21 -DMAX_HISTORY=25 -DNMM_NEST=0 -DWRF_CHEM -DBUILD_CHEM=1 -DWRF_KPP -I. -traditional-cpp -DUSE_NETCDF4_FEATURES -DWRFIO_NCD_LARGE_FILE_SUPPORT   module_kpp_cbmz_bb_Integr.G  > module_kpp_cbmz_bb_Integr.bb
/home/onishi/WRF/tools/standard.exe module_kpp_cbmz_bb_Integr.bb | /lib/cpp -P -nostdinc -I/home/onishi/WRF/external/ioapi_share -traditional-cpp -DUSE_NETCDF4_FEATURES -DWRFIO_NCD_LARGE_FILE_SUPPORT > module_kpp_cbmz_bb_Integr.f90
rm -f module_kpp_cbmz_bb_Integr.G module_kpp_cbmz_bb_Integr.bb
time mpif90 -f90=ifort -o module_kpp_cbmz_bb_Integr.o -c -O3 -ip -fp-model precise -w -ftz -align all -fno-alias -FR -convert big_endian    -I../dyn_em  -I/home/onishi/WRF/external/esmf_time_f90  -I/home/onishi/WRF/main -I/home/onishi/WRF/external/io_netcdf -I/home/onishi/WRF/external/io_int -I/home/onishi/WRF/frame -I/home/onishi/WRF/share -I/home/onishi/WRF/phys -I/home/onishi/WRF/wrftladj -I/home/onishi/WRF/chem -I/home/onishi/WRF/inc -I/home/onishi/NETCDF_DIR2//include  -real-size `expr 8 \* 4` -i4  module_kpp_cbmz_bb_Integr.f90
3.55user 0.15system 0:03.73elapsed 99%CPU (0avgtext+0avgdata 133412maxresident)k
352inputs+4264outputs (0major+36022minor)pagefaults 0swaps
rm -f module_kpp_cbmz_bb_interface.o
sed -e "s/^\!.*'.*//" -e "s/^ *\!.*'.*//" module_kpp_cbmz_bb_interface.F > module_kpp_cbmz_bb_interface.G
/lib/cpp -P -nostdinc -I/home/onishi/WRF/external/ioapi_share -I/home/onishi/WRF/inc -DEM_CORE=1 -DNMM_CORE=0 -DNMM_MAX_DIM=2600 -DDA_CORE=0 -DWRFPLUS=0 -DIWORDSIZE=4 -DDWORDSIZE=8 -DRWORDSIZE=4 -DLWORDSIZE=4 -DNONSTANDARD_SYSTEM_FUNC  -DWRF_USE_CLM -DUSE_NETCDF4_FEATURES -DWRFIO_NCD_LARGE_FILE_SUPPORT  -DDM_PARALLEL -DNETCDF -DGRIB2 -DHDF5 -DLANDREAD_STUB=1 -DUSE_ALLOCATABLES -Dwrfmodel -DGRIB1 -DINTIO -DKEEP_INT_AROUND -DLIMIT_ARGS -DBUILD_RRTMG_FAST=0 -DBUILD_RRTMK=0 -DBUILD_SBM_FAST=1 -DSHOW_ALL_VARS_USED=0 -DCONFIG_BUF_LEN=65536 -DMAX_DOMAINS_F=21 -DMAX_HISTORY=25 -DNMM_NEST=0 -DWRF_CHEM -DBUILD_CHEM=1 -DWRF_KPP -I. -traditional-cpp -DUSE_NETCDF4_FEATURES -DWRFIO_NCD_LARGE_FILE_SUPPORT   module_kpp_cbmz_bb_interface.G  > module_kpp_cbmz_bb_interface.bb
/home/onishi/WRF/tools/standard.exe module_kpp_cbmz_bb_interface.bb | /lib/cpp -P -nostdinc -I/home/onishi/WRF/external/ioapi_share -traditional-cpp -DUSE_NETCDF4_FEATURES -DWRFIO_NCD_LARGE_FILE_SUPPORT > module_kpp_cbmz_bb_interface.f90
rm -f module_kpp_cbmz_bb_interface.G module_kpp_cbmz_bb_interface.bb
time mpif90 -f90=ifort -o module_kpp_cbmz_bb_interface.o -c -O3 -ip -fp-model precise -w -ftz -align all -fno-alias -FR -convert big_endian    -I../dyn_em  -I/home/onishi/WRF/external/esmf_time_f90  -I/home/onishi/WRF/main -I/home/onishi/WRF/external/io_netcdf -I/home/onishi/WRF/external/io_int -I/home/onishi/WRF/frame -I/home/onishi/WRF/share -I/home/onishi/WRF/phys -I/home/onishi/WRF/wrftladj -I/home/onishi/WRF/chem -I/home/onishi/WRF/inc -I/home/onishi/NETCDF_DIR2//include  -real-size `expr 8 \* 4` -i4  module_kpp_cbmz_bb_interface.f90
0.39user 0.10system 0:00.52elapsed 93%CPU (0avgtext+0avgdata 73560maxresident)k
224inputs+1432outputs (0major+14350minor)pagefaults 0swaps
rm -f module_kpp_cbmz_mosaic_Precision.o
sed -e "s/^\!.*'.*//" -e "s/^ *\!.*'.*//" module_kpp_cbmz_mosaic_Precision.F > module_kpp_cbmz_mosaic_Precision.G
/lib/cpp -P -nostdinc -I/home/onishi/WRF/external/ioapi_share -I/home/onishi/WRF/inc -DEM_CORE=1 -DNMM_CORE=0 -DNMM_MAX_DIM=2600 -DDA_CORE=0 -DWRFPLUS=0 -DIWORDSIZE=4 -DDWORDSIZE=8 -DRWORDSIZE=4 -DLWORDSIZE=4 -DNONSTANDARD_SYSTEM_FUNC  -DWRF_USE_CLM -DUSE_NETCDF4_FEATURES -DWRFIO_NCD_LARGE_FILE_SUPPORT  -DDM_PARALLEL -DNETCDF -DGRIB2 -DHDF5 -DLANDREAD_STUB=1 -DUSE_ALLOCATABLES -Dwrfmodel -DGRIB1 -DINTIO -DKEEP_INT_AROUND -DLIMIT_ARGS -DBUILD_RRTMG_FAST=0 -DBUILD_RRTMK=0 -DBUILD_SBM_FAST=1 -DSHOW_ALL_VARS_USED=0 -DCONFIG_BUF_LEN=65536 -DMAX_DOMAINS_F=21 -DMAX_HISTORY=25 -DNMM_NEST=0 -DWRF_CHEM -DBUILD_CHEM=1 -DWRF_KPP -I. -traditional-cpp -DUSE_NETCDF4_FEATURES -DWRFIO_NCD_LARGE_FILE_SUPPORT   module_kpp_cbmz_mosaic_Precision.G  > module_kpp_cbmz_mosaic_Precision.bb
/home/onishi/WRF/tools/standard.exe module_kpp_cbmz_mosaic_Precision.bb | /lib/cpp -P -nostdinc -I/home/onishi/WRF/external/ioapi_share -traditional-cpp -DUSE_NETCDF4_FEATURES -DWRFIO_NCD_LARGE_FILE_SUPPORT > module_kpp_cbmz_mosaic_Precision.f90
rm -f module_kpp_cbmz_mosaic_Precision.G module_kpp_cbmz_mosaic_Precision.bb
time mpif90 -f90=ifort -o module_kpp_cbmz_mosaic_Precision.o -c -O3 -ip -fp-model precise -w -ftz -align all -fno-alias -FR -convert big_endian    -I../dyn_em  -I/home/onishi/WRF/external/esmf_time_f90  -I/home/onishi/WRF/main -I/home/onishi/WRF/external/io_netcdf -I/home/onishi/WRF/external/io_int -I/home/onishi/WRF/frame -I/home/onishi/WRF/share -I/home/onishi/WRF/phys -I/home/onishi/WRF/wrftladj -I/home/onishi/WRF/chem -I/home/onishi/WRF/inc -I/home/onishi/NETCDF_DIR2//include  -real-size `expr 8 \* 4` -i4  module_kpp_cbmz_mosaic_Precision.f90
0.00user 0.06system 0:00.07elapsed 88%CPU (0avgtext+0avgdata 37840maxresident)k
8inputs+88outputs (0major+5949minor)pagefaults 0swaps
rm -f module_kpp_cbmz_mosaic_Parameters.o
sed -e "s/^\!.*'.*//" -e "s/^ *\!.*'.*//" module_kpp_cbmz_mosaic_Parameters.F > module_kpp_cbmz_mosaic_Parameters.G
/lib/cpp -P -nostdinc -I/home/onishi/WRF/external/ioapi_share -I/home/onishi/WRF/inc -DEM_CORE=1 -DNMM_CORE=0 -DNMM_MAX_DIM=2600 -DDA_CORE=0 -DWRFPLUS=0 -DIWORDSIZE=4 -DDWORDSIZE=8 -DRWORDSIZE=4 -DLWORDSIZE=4 -DNONSTANDARD_SYSTEM_FUNC  -DWRF_USE_CLM -DUSE_NETCDF4_FEATURES -DWRFIO_NCD_LARGE_FILE_SUPPORT  -DDM_PARALLEL -DNETCDF -DGRIB2 -DHDF5 -DLANDREAD_STUB=1 -DUSE_ALLOCATABLES -Dwrfmodel -DGRIB1 -DINTIO -DKEEP_INT_AROUND -DLIMIT_ARGS -DBUILD_RRTMG_FAST=0 -DBUILD_RRTMK=0 -DBUILD_SBM_FAST=1 -DSHOW_ALL_VARS_USED=0 -DCONFIG_BUF_LEN=65536 -DMAX_DOMAINS_F=21 -DMAX_HISTORY=25 -DNMM_NEST=0 -DWRF_CHEM -DBUILD_CHEM=1 -DWRF_KPP -I. -traditional-cpp -DUSE_NETCDF4_FEATURES -DWRFIO_NCD_LARGE_FILE_SUPPORT   module_kpp_cbmz_mosaic_Parameters.G  > module_kpp_cbmz_mosaic_Parameters.bb
/home/onishi/WRF/tools/standard.exe module_kpp_cbmz_mosaic_Parameters.bb | /lib/cpp -P -nostdinc -I/home/onishi/WRF/external/ioapi_share -traditional-cpp -DUSE_NETCDF4_FEATURES -DWRFIO_NCD_LARGE_FILE_SUPPORT > module_kpp_cbmz_mosaic_Parameters.f90
rm -f module_kpp_cbmz_mosaic_Parameters.G module_kpp_cbmz_mosaic_Parameters.bb
time mpif90 -f90=ifort -o module_kpp_cbmz_mosaic_Parameters.o -c -O3 -ip -fp-model precise -w -ftz -align all -fno-alias -FR -convert big_endian    -I../dyn_em  -I/home/onishi/WRF/external/esmf_time_f90  -I/home/onishi/WRF/main -I/home/onishi/WRF/external/io_netcdf -I/home/onishi/WRF/external/io_int -I/home/onishi/WRF/frame -I/home/onishi/WRF/share -I/home/onishi/WRF/phys -I/home/onishi/WRF/wrftladj -I/home/onishi/WRF/chem -I/home/onishi/WRF/inc -I/home/onishi/NETCDF_DIR2//include  -real-size `expr 8 \* 4` -i4  module_kpp_cbmz_mosaic_Parameters.f90
0.01user 0.05system 0:00.09elapsed 71%CPU (0avgtext+0avgdata 38096maxresident)k
16inputs+104outputs (0major+5988minor)pagefaults 0swaps
rm -f module_kpp_cbmz_mosaic_JacobianSP.o
sed -e "s/^\!.*'.*//" -e "s/^ *\!.*'.*//" module_kpp_cbmz_mosaic_JacobianSP.F > module_kpp_cbmz_mosaic_JacobianSP.G
/lib/cpp -P -nostdinc -I/home/onishi/WRF/external/ioapi_share -I/home/onishi/WRF/inc -DEM_CORE=1 -DNMM_CORE=0 -DNMM_MAX_DIM=2600 -DDA_CORE=0 -DWRFPLUS=0 -DIWORDSIZE=4 -DDWORDSIZE=8 -DRWORDSIZE=4 -DLWORDSIZE=4 -DNONSTANDARD_SYSTEM_FUNC  -DWRF_USE_CLM -DUSE_NETCDF4_FEATURES -DWRFIO_NCD_LARGE_FILE_SUPPORT  -DDM_PARALLEL -DNETCDF -DGRIB2 -DHDF5 -DLANDREAD_STUB=1 -DUSE_ALLOCATABLES -Dwrfmodel -DGRIB1 -DINTIO -DKEEP_INT_AROUND -DLIMIT_ARGS -DBUILD_RRTMG_FAST=0 -DBUILD_RRTMK=0 -DBUILD_SBM_FAST=1 -DSHOW_ALL_VARS_USED=0 -DCONFIG_BUF_LEN=65536 -DMAX_DOMAINS_F=21 -DMAX_HISTORY=25 -DNMM_NEST=0 -DWRF_CHEM -DBUILD_CHEM=1 -DWRF_KPP -I. -traditional-cpp -DUSE_NETCDF4_FEATURES -DWRFIO_NCD_LARGE_FILE_SUPPORT   module_kpp_cbmz_mosaic_JacobianSP.G  > module_kpp_cbmz_mosaic_JacobianSP.bb
/home/onishi/WRF/tools/standard.exe module_kpp_cbmz_mosaic_JacobianSP.bb | /lib/cpp -P -nostdinc -I/home/onishi/WRF/external/ioapi_share -traditional-cpp -DUSE_NETCDF4_FEATURES -DWRFIO_NCD_LARGE_FILE_SUPPORT > module_kpp_cbmz_mosaic_JacobianSP.f90
rm -f module_kpp_cbmz_mosaic_JacobianSP.G module_kpp_cbmz_mosaic_JacobianSP.bb
time mpif90 -f90=ifort -o module_kpp_cbmz_mosaic_JacobianSP.o -c -O3 -ip -fp-model precise -w -ftz -align all -fno-alias -FR -convert big_endian    -I../dyn_em  -I/home/onishi/WRF/external/esmf_time_f90  -I/home/onishi/WRF/main -I/home/onishi/WRF/external/io_netcdf -I/home/onishi/WRF/external/io_int -I/home/onishi/WRF/frame -I/home/onishi/WRF/share -I/home/onishi/WRF/phys -I/home/onishi/WRF/wrftladj -I/home/onishi/WRF/chem -I/home/onishi/WRF/inc -I/home/onishi/NETCDF_DIR2//include  -real-size `expr 8 \* 4` -i4  module_kpp_cbmz_mosaic_JacobianSP.f90
0.02user 0.05system 0:00.10elapsed 73%CPU (0avgtext+0avgdata 39088maxresident)k
16inputs+408outputs (0major+6252minor)pagefaults 0swaps
rm -f module_kpp_cbmz_mosaic_Jacobian.o
sed -e "s/^\!.*'.*//" -e "s/^ *\!.*'.*//" module_kpp_cbmz_mosaic_Jacobian.F > module_kpp_cbmz_mosaic_Jacobian.G
/lib/cpp -P -nostdinc -I/home/onishi/WRF/external/ioapi_share -I/home/onishi/WRF/inc -DEM_CORE=1 -DNMM_CORE=0 -DNMM_MAX_DIM=2600 -DDA_CORE=0 -DWRFPLUS=0 -DIWORDSIZE=4 -DDWORDSIZE=8 -DRWORDSIZE=4 -DLWORDSIZE=4 -DNONSTANDARD_SYSTEM_FUNC  -DWRF_USE_CLM -DUSE_NETCDF4_FEATURES -DWRFIO_NCD_LARGE_FILE_SUPPORT  -DDM_PARALLEL -DNETCDF -DGRIB2 -DHDF5 -DLANDREAD_STUB=1 -DUSE_ALLOCATABLES -Dwrfmodel -DGRIB1 -DINTIO -DKEEP_INT_AROUND -DLIMIT_ARGS -DBUILD_RRTMG_FAST=0 -DBUILD_RRTMK=0 -DBUILD_SBM_FAST=1 -DSHOW_ALL_VARS_USED=0 -DCONFIG_BUF_LEN=65536 -DMAX_DOMAINS_F=21 -DMAX_HISTORY=25 -DNMM_NEST=0 -DWRF_CHEM -DBUILD_CHEM=1 -DWRF_KPP -I. -traditional-cpp -DUSE_NETCDF4_FEATURES -DWRFIO_NCD_LARGE_FILE_SUPPORT   module_kpp_cbmz_mosaic_Jacobian.G  > module_kpp_cbmz_mosaic_Jacobian.bb
/home/onishi/WRF/tools/standard.exe module_kpp_cbmz_mosaic_Jacobian.bb | /lib/cpp -P -nostdinc -I/home/onishi/WRF/external/ioapi_share -traditional-cpp -DUSE_NETCDF4_FEATURES -DWRFIO_NCD_LARGE_FILE_SUPPORT > module_kpp_cbmz_mosaic_Jacobian.f90
rm -f module_kpp_cbmz_mosaic_Jacobian.G module_kpp_cbmz_mosaic_Jacobian.bb
time mpif90 -f90=ifort -o module_kpp_cbmz_mosaic_Jacobian.o -c -O3 -ip -fp-model precise -w -ftz -align all -fno-alias -FR -convert big_endian    -I../dyn_em  -I/home/onishi/WRF/external/esmf_time_f90  -I/home/onishi/WRF/main -I/home/onishi/WRF/external/io_netcdf -I/home/onishi/WRF/external/io_int -I/home/onishi/WRF/frame -I/home/onishi/WRF/share -I/home/onishi/WRF/phys -I/home/onishi/WRF/wrftladj -I/home/onishi/WRF/chem -I/home/onishi/WRF/inc -I/home/onishi/NETCDF_DIR2//include  -real-size `expr 8 \* 4` -i4  module_kpp_cbmz_mosaic_Jacobian.f90
0.31user 0.06system 0:00.39elapsed 97%CPU (0avgtext+0avgdata 57956maxresident)k
376inputs+784outputs (0major+12039minor)pagefaults 0swaps
rm -f module_kpp_cbmz_mosaic_Update_Rconst.o
sed -e "s/^\!.*'.*//" -e "s/^ *\!.*'.*//" module_kpp_cbmz_mosaic_Update_Rconst.F > module_kpp_cbmz_mosaic_Update_Rconst.G
/lib/cpp -P -nostdinc -I/home/onishi/WRF/external/ioapi_share -I/home/onishi/WRF/inc -DEM_CORE=1 -DNMM_CORE=0 -DNMM_MAX_DIM=2600 -DDA_CORE=0 -DWRFPLUS=0 -DIWORDSIZE=4 -DDWORDSIZE=8 -DRWORDSIZE=4 -DLWORDSIZE=4 -DNONSTANDARD_SYSTEM_FUNC  -DWRF_USE_CLM -DUSE_NETCDF4_FEATURES -DWRFIO_NCD_LARGE_FILE_SUPPORT  -DDM_PARALLEL -DNETCDF -DGRIB2 -DHDF5 -DLANDREAD_STUB=1 -DUSE_ALLOCATABLES -Dwrfmodel -DGRIB1 -DINTIO -DKEEP_INT_AROUND -DLIMIT_ARGS -DBUILD_RRTMG_FAST=0 -DBUILD_RRTMK=0 -DBUILD_SBM_FAST=1 -DSHOW_ALL_VARS_USED=0 -DCONFIG_BUF_LEN=65536 -DMAX_DOMAINS_F=21 -DMAX_HISTORY=25 -DNMM_NEST=0 -DWRF_CHEM -DBUILD_CHEM=1 -DWRF_KPP -I. -traditional-cpp -DUSE_NETCDF4_FEATURES -DWRFIO_NCD_LARGE_FILE_SUPPORT   module_kpp_cbmz_mosaic_Update_Rconst.G  > module_kpp_cbmz_mosaic_Update_Rconst.bb
/home/onishi/WRF/tools/standard.exe module_kpp_cbmz_mosaic_Update_Rconst.bb | /lib/cpp -P -nostdinc -I/home/onishi/WRF/external/ioapi_share -traditional-cpp -DUSE_NETCDF4_FEATURES -DWRFIO_NCD_LARGE_FILE_SUPPORT > module_kpp_cbmz_mosaic_Update_Rconst.f90
rm -f module_kpp_cbmz_mosaic_Update_Rconst.G module_kpp_cbmz_mosaic_Update_Rconst.bb
time mpif90 -f90=ifort -o module_kpp_cbmz_mosaic_Update_Rconst.o -c -O3 -ip -fp-model precise -w -ftz -align all -fno-alias -FR -convert big_endian    -I../dyn_em  -I/home/onishi/WRF/external/esmf_time_f90  -I/home/onishi/WRF/main -I/home/onishi/WRF/external/io_netcdf -I/home/onishi/WRF/external/io_int -I/home/onishi/WRF/frame -I/home/onishi/WRF/share -I/home/onishi/WRF/phys -I/home/onishi/WRF/wrftladj -I/home/onishi/WRF/chem -I/home/onishi/WRF/inc -I/home/onishi/NETCDF_DIR2//include  -real-size `expr 8 \* 4` -i4  module_kpp_cbmz_mosaic_Update_Rconst.f90
0.46user 0.07system 0:00.55elapsed 97%CPU (0avgtext+0avgdata 81136maxresident)k
40inputs+496outputs (0major+17040minor)pagefaults 0swaps
rm -f module_kpp_cbmz_mosaic_Integr.o
sed -e "s/^\!.*'.*//" -e "s/^ *\!.*'.*//" module_kpp_cbmz_mosaic_Integr.F > module_kpp_cbmz_mosaic_Integr.G
/lib/cpp -P -nostdinc -I/home/onishi/WRF/external/ioapi_share -I/home/onishi/WRF/inc -DEM_CORE=1 -DNMM_CORE=0 -DNMM_MAX_DIM=2600 -DDA_CORE=0 -DWRFPLUS=0 -DIWORDSIZE=4 -DDWORDSIZE=8 -DRWORDSIZE=4 -DLWORDSIZE=4 -DNONSTANDARD_SYSTEM_FUNC  -DWRF_USE_CLM -DUSE_NETCDF4_FEATURES -DWRFIO_NCD_LARGE_FILE_SUPPORT  -DDM_PARALLEL -DNETCDF -DGRIB2 -DHDF5 -DLANDREAD_STUB=1 -DUSE_ALLOCATABLES -Dwrfmodel -DGRIB1 -DINTIO -DKEEP_INT_AROUND -DLIMIT_ARGS -DBUILD_RRTMG_FAST=0 -DBUILD_RRTMK=0 -DBUILD_SBM_FAST=1 -DSHOW_ALL_VARS_USED=0 -DCONFIG_BUF_LEN=65536 -DMAX_DOMAINS_F=21 -DMAX_HISTORY=25 -DNMM_NEST=0 -DWRF_CHEM -DBUILD_CHEM=1 -DWRF_KPP -I. -traditional-cpp -DUSE_NETCDF4_FEATURES -DWRFIO_NCD_LARGE_FILE_SUPPORT   module_kpp_cbmz_mosaic_Integr.G  > module_kpp_cbmz_mosaic_Integr.bb
/home/onishi/WRF/tools/standard.exe module_kpp_cbmz_mosaic_Integr.bb | /lib/cpp -P -nostdinc -I/home/onishi/WRF/external/ioapi_share -traditional-cpp -DUSE_NETCDF4_FEATURES -DWRFIO_NCD_LARGE_FILE_SUPPORT > module_kpp_cbmz_mosaic_Integr.f90
rm -f module_kpp_cbmz_mosaic_Integr.G module_kpp_cbmz_mosaic_Integr.bb
time mpif90 -f90=ifort -o module_kpp_cbmz_mosaic_Integr.o -c -O3 -ip -fp-model precise -w -ftz -align all -fno-alias -FR -convert big_endian    -I../dyn_em  -I/home/onishi/WRF/external/esmf_time_f90  -I/home/onishi/WRF/main -I/home/onishi/WRF/external/io_netcdf -I/home/onishi/WRF/external/io_int -I/home/onishi/WRF/frame -I/home/onishi/WRF/share -I/home/onishi/WRF/phys -I/home/onishi/WRF/wrftladj -I/home/onishi/WRF/chem -I/home/onishi/WRF/inc -I/home/onishi/NETCDF_DIR2//include  -real-size `expr 8 \* 4` -i4  module_kpp_cbmz_mosaic_Integr.f90
3.94user 0.15system 0:04.11elapsed 99%CPU (0avgtext+0avgdata 132160maxresident)k
368inputs+4496outputs (0major+37031minor)pagefaults 0swaps
rm -f module_kpp_cbmz_mosaic_interface.o
sed -e "s/^\!.*'.*//" -e "s/^ *\!.*'.*//" module_kpp_cbmz_mosaic_interface.F > module_kpp_cbmz_mosaic_interface.G
/lib/cpp -P -nostdinc -I/home/onishi/WRF/external/ioapi_share -I/home/onishi/WRF/inc -DEM_CORE=1 -DNMM_CORE=0 -DNMM_MAX_DIM=2600 -DDA_CORE=0 -DWRFPLUS=0 -DIWORDSIZE=4 -DDWORDSIZE=8 -DRWORDSIZE=4 -DLWORDSIZE=4 -DNONSTANDARD_SYSTEM_FUNC  -DWRF_USE_CLM -DUSE_NETCDF4_FEATURES -DWRFIO_NCD_LARGE_FILE_SUPPORT  -DDM_PARALLEL -DNETCDF -DGRIB2 -DHDF5 -DLANDREAD_STUB=1 -DUSE_ALLOCATABLES -Dwrfmodel -DGRIB1 -DINTIO -DKEEP_INT_AROUND -DLIMIT_ARGS -DBUILD_RRTMG_FAST=0 -DBUILD_RRTMK=0 -DBUILD_SBM_FAST=1 -DSHOW_ALL_VARS_USED=0 -DCONFIG_BUF_LEN=65536 -DMAX_DOMAINS_F=21 -DMAX_HISTORY=25 -DNMM_NEST=0 -DWRF_CHEM -DBUILD_CHEM=1 -DWRF_KPP -I. -traditional-cpp -DUSE_NETCDF4_FEATURES -DWRFIO_NCD_LARGE_FILE_SUPPORT   module_kpp_cbmz_mosaic_interface.G  > module_kpp_cbmz_mosaic_interface.bb
/home/onishi/WRF/tools/standard.exe module_kpp_cbmz_mosaic_interface.bb | /lib/cpp -P -nostdinc -I/home/onishi/WRF/external/ioapi_share -traditional-cpp -DUSE_NETCDF4_FEATURES -DWRFIO_NCD_LARGE_FILE_SUPPORT > module_kpp_cbmz_mosaic_interface.f90
rm -f module_kpp_cbmz_mosaic_interface.G module_kpp_cbmz_mosaic_interface.bb
time mpif90 -f90=ifort -o module_kpp_cbmz_mosaic_interface.o -c -O3 -ip -fp-model precise -w -ftz -align all -fno-alias -FR -convert big_endian    -I../dyn_em  -I/home/onishi/WRF/external/esmf_time_f90  -I/home/onishi/WRF/main -I/home/onishi/WRF/external/io_netcdf -I/home/onishi/WRF/external/io_int -I/home/onishi/WRF/frame -I/home/onishi/WRF/share -I/home/onishi/WRF/phys -I/home/onishi/WRF/wrftladj -I/home/onishi/WRF/chem -I/home/onishi/WRF/inc -I/home/onishi/NETCDF_DIR2//include  -real-size `expr 8 \* 4` -i4  module_kpp_cbmz_mosaic_interface.f90
0.44user 0.09system 0:00.57elapsed 94%CPU (0avgtext+0avgdata 76524maxresident)k
232inputs+1472outputs (0major+15151minor)pagefaults 0swaps
rm -f module_kpp_cri_mosaic_4bin_aq_Precision.o
sed -e "s/^\!.*'.*//" -e "s/^ *\!.*'.*//" module_kpp_cri_mosaic_4bin_aq_Precision.F > module_kpp_cri_mosaic_4bin_aq_Precision.G
/lib/cpp -P -nostdinc -I/home/onishi/WRF/external/ioapi_share -I/home/onishi/WRF/inc -DEM_CORE=1 -DNMM_CORE=0 -DNMM_MAX_DIM=2600 -DDA_CORE=0 -DWRFPLUS=0 -DIWORDSIZE=4 -DDWORDSIZE=8 -DRWORDSIZE=4 -DLWORDSIZE=4 -DNONSTANDARD_SYSTEM_FUNC  -DWRF_USE_CLM -DUSE_NETCDF4_FEATURES -DWRFIO_NCD_LARGE_FILE_SUPPORT  -DDM_PARALLEL -DNETCDF -DGRIB2 -DHDF5 -DLANDREAD_STUB=1 -DUSE_ALLOCATABLES -Dwrfmodel -DGRIB1 -DINTIO -DKEEP_INT_AROUND -DLIMIT_ARGS -DBUILD_RRTMG_FAST=0 -DBUILD_RRTMK=0 -DBUILD_SBM_FAST=1 -DSHOW_ALL_VARS_USED=0 -DCONFIG_BUF_LEN=65536 -DMAX_DOMAINS_F=21 -DMAX_HISTORY=25 -DNMM_NEST=0 -DWRF_CHEM -DBUILD_CHEM=1 -DWRF_KPP -I. -traditional-cpp -DUSE_NETCDF4_FEATURES -DWRFIO_NCD_LARGE_FILE_SUPPORT   module_kpp_cri_mosaic_4bin_aq_Precision.G  > module_kpp_cri_mosaic_4bin_aq_Precision.bb
/home/onishi/WRF/tools/standard.exe module_kpp_cri_mosaic_4bin_aq_Precision.bb | /lib/cpp -P -nostdinc -I/home/onishi/WRF/external/ioapi_share -traditional-cpp -DUSE_NETCDF4_FEATURES -DWRFIO_NCD_LARGE_FILE_SUPPORT > module_kpp_cri_mosaic_4bin_aq_Precision.f90
rm -f module_kpp_cri_mosaic_4bin_aq_Precision.G module_kpp_cri_mosaic_4bin_aq_Precision.bb
time mpif90 -f90=ifort -o module_kpp_cri_mosaic_4bin_aq_Precision.o -c -O3 -ip -fp-model precise -w -ftz -align all -fno-alias -FR -convert big_endian    -I../dyn_em  -I/home/onishi/WRF/external/esmf_time_f90  -I/home/onishi/WRF/main -I/home/onishi/WRF/external/io_netcdf -I/home/onishi/WRF/external/io_int -I/home/onishi/WRF/frame -I/home/onishi/WRF/share -I/home/onishi/WRF/phys -I/home/onishi/WRF/wrftladj -I/home/onishi/WRF/chem -I/home/onishi/WRF/inc -I/home/onishi/NETCDF_DIR2//include  -real-size `expr 8 \* 4` -i4  module_kpp_cri_mosaic_4bin_aq_Precision.f90
0.01user 0.05system 0:00.07elapsed 88%CPU (0avgtext+0avgdata 37840maxresident)k
8inputs+88outputs (0major+5961minor)pagefaults 0swaps
rm -f module_kpp_cri_mosaic_4bin_aq_Parameters.o
sed -e "s/^\!.*'.*//" -e "s/^ *\!.*'.*//" module_kpp_cri_mosaic_4bin_aq_Parameters.F > module_kpp_cri_mosaic_4bin_aq_Parameters.G
/lib/cpp -P -nostdinc -I/home/onishi/WRF/external/ioapi_share -I/home/onishi/WRF/inc -DEM_CORE=1 -DNMM_CORE=0 -DNMM_MAX_DIM=2600 -DDA_CORE=0 -DWRFPLUS=0 -DIWORDSIZE=4 -DDWORDSIZE=8 -DRWORDSIZE=4 -DLWORDSIZE=4 -DNONSTANDARD_SYSTEM_FUNC  -DWRF_USE_CLM -DUSE_NETCDF4_FEATURES -DWRFIO_NCD_LARGE_FILE_SUPPORT  -DDM_PARALLEL -DNETCDF -DGRIB2 -DHDF5 -DLANDREAD_STUB=1 -DUSE_ALLOCATABLES -Dwrfmodel -DGRIB1 -DINTIO -DKEEP_INT_AROUND -DLIMIT_ARGS -DBUILD_RRTMG_FAST=0 -DBUILD_RRTMK=0 -DBUILD_SBM_FAST=1 -DSHOW_ALL_VARS_USED=0 -DCONFIG_BUF_LEN=65536 -DMAX_DOMAINS_F=21 -DMAX_HISTORY=25 -DNMM_NEST=0 -DWRF_CHEM -DBUILD_CHEM=1 -DWRF_KPP -I. -traditional-cpp -DUSE_NETCDF4_FEATURES -DWRFIO_NCD_LARGE_FILE_SUPPORT   module_kpp_cri_mosaic_4bin_aq_Parameters.G  > module_kpp_cri_mosaic_4bin_aq_Parameters.bb
/home/onishi/WRF/tools/standard.exe module_kpp_cri_mosaic_4bin_aq_Parameters.bb | /lib/cpp -P -nostdinc -I/home/onishi/WRF/external/ioapi_share -traditional-cpp -DUSE_NETCDF4_FEATURES -DWRFIO_NCD_LARGE_FILE_SUPPORT > module_kpp_cri_mosaic_4bin_aq_Parameters.f90
rm -f module_kpp_cri_mosaic_4bin_aq_Parameters.G module_kpp_cri_mosaic_4bin_aq_Parameters.bb
time mpif90 -f90=ifort -o module_kpp_cri_mosaic_4bin_aq_Parameters.o -c -O3 -ip -fp-model precise -w -ftz -align all -fno-alias -FR -convert big_endian    -I../dyn_em  -I/home/onishi/WRF/external/esmf_time_f90  -I/home/onishi/WRF/main -I/home/onishi/WRF/external/io_netcdf -I/home/onishi/WRF/external/io_int -I/home/onishi/WRF/frame -I/home/onishi/WRF/share -I/home/onishi/WRF/phys -I/home/onishi/WRF/wrftladj -I/home/onishi/WRF/chem -I/home/onishi/WRF/inc -I/home/onishi/NETCDF_DIR2//include  -real-size `expr 8 \* 4` -i4  module_kpp_cri_mosaic_4bin_aq_Parameters.f90
0.01user 0.05system 0:00.08elapsed 87%CPU (0avgtext+0avgdata 38496maxresident)k
32inputs+152outputs (0major+6078minor)pagefaults 0swaps
rm -f module_kpp_cri_mosaic_4bin_aq_JacobianSP.o
sed -e "s/^\!.*'.*//" -e "s/^ *\!.*'.*//" module_kpp_cri_mosaic_4bin_aq_JacobianSP.F > module_kpp_cri_mosaic_4bin_aq_JacobianSP.G
/lib/cpp -P -nostdinc -I/home/onishi/WRF/external/ioapi_share -I/home/onishi/WRF/inc -DEM_CORE=1 -DNMM_CORE=0 -DNMM_MAX_DIM=2600 -DDA_CORE=0 -DWRFPLUS=0 -DIWORDSIZE=4 -DDWORDSIZE=8 -DRWORDSIZE=4 -DLWORDSIZE=4 -DNONSTANDARD_SYSTEM_FUNC  -DWRF_USE_CLM -DUSE_NETCDF4_FEATURES -DWRFIO_NCD_LARGE_FILE_SUPPORT  -DDM_PARALLEL -DNETCDF -DGRIB2 -DHDF5 -DLANDREAD_STUB=1 -DUSE_ALLOCATABLES -Dwrfmodel -DGRIB1 -DINTIO -DKEEP_INT_AROUND -DLIMIT_ARGS -DBUILD_RRTMG_FAST=0 -DBUILD_RRTMK=0 -DBUILD_SBM_FAST=1 -DSHOW_ALL_VARS_USED=0 -DCONFIG_BUF_LEN=65536 -DMAX_DOMAINS_F=21 -DMAX_HISTORY=25 -DNMM_NEST=0 -DWRF_CHEM -DBUILD_CHEM=1 -DWRF_KPP -I. -traditional-cpp -DUSE_NETCDF4_FEATURES -DWRFIO_NCD_LARGE_FILE_SUPPORT   module_kpp_cri_mosaic_4bin_aq_JacobianSP.G  > module_kpp_cri_mosaic_4bin_aq_JacobianSP.bb
/home/onishi/WRF/tools/standard.exe module_kpp_cri_mosaic_4bin_aq_JacobianSP.bb | /lib/cpp -P -nostdinc -I/home/onishi/WRF/external/ioapi_share -traditional-cpp -DUSE_NETCDF4_FEATURES -DWRFIO_NCD_LARGE_FILE_SUPPORT > module_kpp_cri_mosaic_4bin_aq_JacobianSP.f90
rm -f module_kpp_cri_mosaic_4bin_aq_JacobianSP.G module_kpp_cri_mosaic_4bin_aq_JacobianSP.bb
time mpif90 -f90=ifort -o module_kpp_cri_mosaic_4bin_aq_JacobianSP.o -c -O3 -ip -fp-model precise -w -ftz -align all -fno-alias -FR -convert big_endian    -I../dyn_em  -I/home/onishi/WRF/external/esmf_time_f90  -I/home/onishi/WRF/main -I/home/onishi/WRF/external/io_netcdf -I/home/onishi/WRF/external/io_int -I/home/onishi/WRF/frame -I/home/onishi/WRF/share -I/home/onishi/WRF/phys -I/home/onishi/WRF/wrftladj -I/home/onishi/WRF/chem -I/home/onishi/WRF/inc -I/home/onishi/NETCDF_DIR2//include  -real-size `expr 8 \* 4` -i4  module_kpp_cri_mosaic_4bin_aq_JacobianSP.f90
0.06user 0.05system 0:00.12elapsed 90%CPU (0avgtext+0avgdata 41920maxresident)k
56inputs+1256outputs (0major+7157minor)pagefaults 0swaps
rm -f module_kpp_cri_mosaic_4bin_aq_Jacobian.o
sed -e "s/^\!.*'.*//" -e "s/^ *\!.*'.*//" module_kpp_cri_mosaic_4bin_aq_Jacobian.F > module_kpp_cri_mosaic_4bin_aq_Jacobian.G
/lib/cpp -P -nostdinc -I/home/onishi/WRF/external/ioapi_share -I/home/onishi/WRF/inc -DEM_CORE=1 -DNMM_CORE=0 -DNMM_MAX_DIM=2600 -DDA_CORE=0 -DWRFPLUS=0 -DIWORDSIZE=4 -DDWORDSIZE=8 -DRWORDSIZE=4 -DLWORDSIZE=4 -DNONSTANDARD_SYSTEM_FUNC  -DWRF_USE_CLM -DUSE_NETCDF4_FEATURES -DWRFIO_NCD_LARGE_FILE_SUPPORT  -DDM_PARALLEL -DNETCDF -DGRIB2 -DHDF5 -DLANDREAD_STUB=1 -DUSE_ALLOCATABLES -Dwrfmodel -DGRIB1 -DINTIO -DKEEP_INT_AROUND -DLIMIT_ARGS -DBUILD_RRTMG_FAST=0 -DBUILD_RRTMK=0 -DBUILD_SBM_FAST=1 -DSHOW_ALL_VARS_USED=0 -DCONFIG_BUF_LEN=65536 -DMAX_DOMAINS_F=21 -DMAX_HISTORY=25 -DNMM_NEST=0 -DWRF_CHEM -DBUILD_CHEM=1 -DWRF_KPP -I. -traditional-cpp -DUSE_NETCDF4_FEATURES -DWRFIO_NCD_LARGE_FILE_SUPPORT   module_kpp_cri_mosaic_4bin_aq_Jacobian.G  > module_kpp_cri_mosaic_4bin_aq_Jacobian.bb
/home/onishi/WRF/tools/standard.exe module_kpp_cri_mosaic_4bin_aq_Jacobian.bb | /lib/cpp -P -nostdinc -I/home/onishi/WRF/external/ioapi_share -traditional-cpp -DUSE_NETCDF4_FEATURES -DWRFIO_NCD_LARGE_FILE_SUPPORT > module_kpp_cri_mosaic_4bin_aq_Jacobian.f90
rm -f module_kpp_cri_mosaic_4bin_aq_Jacobian.G module_kpp_cri_mosaic_4bin_aq_Jacobian.bb
time mpif90 -f90=ifort -o module_kpp_cri_mosaic_4bin_aq_Jacobian.o -c -O3 -ip -fp-model precise -w -ftz -align all -fno-alias -FR -convert big_endian    -I../dyn_em  -I/home/onishi/WRF/external/esmf_time_f90  -I/home/onishi/WRF/main -I/home/onishi/WRF/external/io_netcdf -I/home/onishi/WRF/external/io_int -I/home/onishi/WRF/frame -I/home/onishi/WRF/share -I/home/onishi/WRF/phys -I/home/onishi/WRF/wrftladj -I/home/onishi/WRF/chem -I/home/onishi/WRF/inc -I/home/onishi/NETCDF_DIR2//include  -real-size `expr 8 \* 4` -i4  module_kpp_cri_mosaic_4bin_aq_Jacobian.f90
1.90user 0.14system 0:02.06elapsed 99%CPU (0avgtext+0avgdata 138616maxresident)k
1336inputs+2520outputs (0major+38411minor)pagefaults 0swaps
rm -f module_kpp_cri_mosaic_4bin_aq_Update_Rconst.o
sed -e "s/^\!.*'.*//" -e "s/^ *\!.*'.*//" module_kpp_cri_mosaic_4bin_aq_Update_Rconst.F > module_kpp_cri_mosaic_4bin_aq_Update_Rconst.G
/lib/cpp -P -nostdinc -I/home/onishi/WRF/external/ioapi_share -I/home/onishi/WRF/inc -DEM_CORE=1 -DNMM_CORE=0 -DNMM_MAX_DIM=2600 -DDA_CORE=0 -DWRFPLUS=0 -DIWORDSIZE=4 -DDWORDSIZE=8 -DRWORDSIZE=4 -DLWORDSIZE=4 -DNONSTANDARD_SYSTEM_FUNC  -DWRF_USE_CLM -DUSE_NETCDF4_FEATURES -DWRFIO_NCD_LARGE_FILE_SUPPORT  -DDM_PARALLEL -DNETCDF -DGRIB2 -DHDF5 -DLANDREAD_STUB=1 -DUSE_ALLOCATABLES -Dwrfmodel -DGRIB1 -DINTIO -DKEEP_INT_AROUND -DLIMIT_ARGS -DBUILD_RRTMG_FAST=0 -DBUILD_RRTMK=0 -DBUILD_SBM_FAST=1 -DSHOW_ALL_VARS_USED=0 -DCONFIG_BUF_LEN=65536 -DMAX_DOMAINS_F=21 -DMAX_HISTORY=25 -DNMM_NEST=0 -DWRF_CHEM -DBUILD_CHEM=1 -DWRF_KPP -I. -traditional-cpp -DUSE_NETCDF4_FEATURES -DWRFIO_NCD_LARGE_FILE_SUPPORT   module_kpp_cri_mosaic_4bin_aq_Update_Rconst.G  > module_kpp_cri_mosaic_4bin_aq_Update_Rconst.bb
/home/onishi/WRF/tools/standard.exe module_kpp_cri_mosaic_4bin_aq_Update_Rconst.bb | /lib/cpp -P -nostdinc -I/home/onishi/WRF/external/ioapi_share -traditional-cpp -DUSE_NETCDF4_FEATURES -DWRFIO_NCD_LARGE_FILE_SUPPORT > module_kpp_cri_mosaic_4bin_aq_Update_Rconst.f90
rm -f module_kpp_cri_mosaic_4bin_aq_Update_Rconst.G module_kpp_cri_mosaic_4bin_aq_Update_Rconst.bb
time mpif90 -f90=ifort -o module_kpp_cri_mosaic_4bin_aq_Update_Rconst.o -c -O3 -ip -fp-model precise -w -ftz -align all -fno-alias -FR -convert big_endian    -I../dyn_em  -I/home/onishi/WRF/external/esmf_time_f90  -I/home/onishi/WRF/main -I/home/onishi/WRF/external/io_netcdf -I/home/onishi/WRF/external/io_int -I/home/onishi/WRF/frame -I/home/onishi/WRF/share -I/home/onishi/WRF/phys -I/home/onishi/WRF/wrftladj -I/home/onishi/WRF/chem -I/home/onishi/WRF/inc -I/home/onishi/NETCDF_DIR2//include  -real-size `expr 8 \* 4` -i4  module_kpp_cri_mosaic_4bin_aq_Update_Rconst.f90
0.32user 0.07system 0:00.40elapsed 96%CPU (0avgtext+0avgdata 70688maxresident)k
72inputs+840outputs (0major+14644minor)pagefaults 0swaps
rm -f module_kpp_cri_mosaic_4bin_aq_Integr.o
sed -e "s/^\!.*'.*//" -e "s/^ *\!.*'.*//" module_kpp_cri_mosaic_4bin_aq_Integr.F > module_kpp_cri_mosaic_4bin_aq_Integr.G
/lib/cpp -P -nostdinc -I/home/onishi/WRF/external/ioapi_share -I/home/onishi/WRF/inc -DEM_CORE=1 -DNMM_CORE=0 -DNMM_MAX_DIM=2600 -DDA_CORE=0 -DWRFPLUS=0 -DIWORDSIZE=4 -DDWORDSIZE=8 -DRWORDSIZE=4 -DLWORDSIZE=4 -DNONSTANDARD_SYSTEM_FUNC  -DWRF_USE_CLM -DUSE_NETCDF4_FEATURES -DWRFIO_NCD_LARGE_FILE_SUPPORT  -DDM_PARALLEL -DNETCDF -DGRIB2 -DHDF5 -DLANDREAD_STUB=1 -DUSE_ALLOCATABLES -Dwrfmodel -DGRIB1 -DINTIO -DKEEP_INT_AROUND -DLIMIT_ARGS -DBUILD_RRTMG_FAST=0 -DBUILD_RRTMK=0 -DBUILD_SBM_FAST=1 -DSHOW_ALL_VARS_USED=0 -DCONFIG_BUF_LEN=65536 -DMAX_DOMAINS_F=21 -DMAX_HISTORY=25 -DNMM_NEST=0 -DWRF_CHEM -DBUILD_CHEM=1 -DWRF_KPP -I. -traditional-cpp -DUSE_NETCDF4_FEATURES -DWRFIO_NCD_LARGE_FILE_SUPPORT   module_kpp_cri_mosaic_4bin_aq_Integr.G  > module_kpp_cri_mosaic_4bin_aq_Integr.bb
/home/onishi/WRF/tools/standard.exe module_kpp_cri_mosaic_4bin_aq_Integr.bb | /lib/cpp -P -nostdinc -I/home/onishi/WRF/external/ioapi_share -traditional-cpp -DUSE_NETCDF4_FEATURES -DWRFIO_NCD_LARGE_FILE_SUPPORT > module_kpp_cri_mosaic_4bin_aq_Integr.f90
rm -f module_kpp_cri_mosaic_4bin_aq_Integr.G module_kpp_cri_mosaic_4bin_aq_Integr.bb
time mpif90 -f90=ifort -o module_kpp_cri_mosaic_4bin_aq_Integr.o -c -O3 -ip -fp-model precise -w -ftz -align all -fno-alias -FR -convert big_endian    -I../dyn_em  -I/home/onishi/WRF/external/esmf_time_f90  -I/home/onishi/WRF/main -I/home/onishi/WRF/external/io_netcdf -I/home/onishi/WRF/external/io_int -I/home/onishi/WRF/frame -I/home/onishi/WRF/share -I/home/onishi/WRF/phys -I/home/onishi/WRF/wrftladj -I/home/onishi/WRF/chem -I/home/onishi/WRF/inc -I/home/onishi/NETCDF_DIR2//include  -real-size `expr 8 \* 4` -i4  module_kpp_cri_mosaic_4bin_aq_Integr.f90
55.05user 0.88system 0:55.96elapsed 99%CPU (0avgtext+0avgdata 676488maxresident)k
1208inputs+15488outputs (0major+190020minor)pagefaults 0swaps
rm -f module_kpp_cri_mosaic_4bin_aq_interface.o
sed -e "s/^\!.*'.*//" -e "s/^ *\!.*'.*//" module_kpp_cri_mosaic_4bin_aq_interface.F > module_kpp_cri_mosaic_4bin_aq_interface.G
/lib/cpp -P -nostdinc -I/home/onishi/WRF/external/ioapi_share -I/home/onishi/WRF/inc -DEM_CORE=1 -DNMM_CORE=0 -DNMM_MAX_DIM=2600 -DDA_CORE=0 -DWRFPLUS=0 -DIWORDSIZE=4 -DDWORDSIZE=8 -DRWORDSIZE=4 -DLWORDSIZE=4 -DNONSTANDARD_SYSTEM_FUNC  -DWRF_USE_CLM -DUSE_NETCDF4_FEATURES -DWRFIO_NCD_LARGE_FILE_SUPPORT  -DDM_PARALLEL -DNETCDF -DGRIB2 -DHDF5 -DLANDREAD_STUB=1 -DUSE_ALLOCATABLES -Dwrfmodel -DGRIB1 -DINTIO -DKEEP_INT_AROUND -DLIMIT_ARGS -DBUILD_RRTMG_FAST=0 -DBUILD_RRTMK=0 -DBUILD_SBM_FAST=1 -DSHOW_ALL_VARS_USED=0 -DCONFIG_BUF_LEN=65536 -DMAX_DOMAINS_F=21 -DMAX_HISTORY=25 -DNMM_NEST=0 -DWRF_CHEM -DBUILD_CHEM=1 -DWRF_KPP -I. -traditional-cpp -DUSE_NETCDF4_FEATURES -DWRFIO_NCD_LARGE_FILE_SUPPORT   module_kpp_cri_mosaic_4bin_aq_interface.G  > module_kpp_cri_mosaic_4bin_aq_interface.bb
/home/onishi/WRF/tools/standard.exe module_kpp_cri_mosaic_4bin_aq_interface.bb | /lib/cpp -P -nostdinc -I/home/onishi/WRF/external/ioapi_share -traditional-cpp -DUSE_NETCDF4_FEATURES -DWRFIO_NCD_LARGE_FILE_SUPPORT > module_kpp_cri_mosaic_4bin_aq_interface.f90
rm -f module_kpp_cri_mosaic_4bin_aq_interface.G module_kpp_cri_mosaic_4bin_aq_interface.bb
time mpif90 -f90=ifort -o module_kpp_cri_mosaic_4bin_aq_interface.o -c -O3 -ip -fp-model precise -w -ftz -align all -fno-alias -FR -convert big_endian    -I../dyn_em  -I/home/onishi/WRF/external/esmf_time_f90  -I/home/onishi/WRF/main -I/home/onishi/WRF/external/io_netcdf -I/home/onishi/WRF/external/io_int -I/home/onishi/WRF/frame -I/home/onishi/WRF/share -I/home/onishi/WRF/phys -I/home/onishi/WRF/wrftladj -I/home/onishi/WRF/chem -I/home/onishi/WRF/inc -I/home/onishi/NETCDF_DIR2//include  -real-size `expr 8 \* 4` -i4  module_kpp_cri_mosaic_4bin_aq_interface.f90
1.84user 0.12system 0:02.00elapsed 98%CPU (0avgtext+0avgdata 135124maxresident)k
512inputs+2104outputs (0major+30546minor)pagefaults 0swaps
rm -f module_kpp_cri_mosaic_8bin_aq_Precision.o
sed -e "s/^\!.*'.*//" -e "s/^ *\!.*'.*//" module_kpp_cri_mosaic_8bin_aq_Precision.F > module_kpp_cri_mosaic_8bin_aq_Precision.G
/lib/cpp -P -nostdinc -I/home/onishi/WRF/external/ioapi_share -I/home/onishi/WRF/inc -DEM_CORE=1 -DNMM_CORE=0 -DNMM_MAX_DIM=2600 -DDA_CORE=0 -DWRFPLUS=0 -DIWORDSIZE=4 -DDWORDSIZE=8 -DRWORDSIZE=4 -DLWORDSIZE=4 -DNONSTANDARD_SYSTEM_FUNC  -DWRF_USE_CLM -DUSE_NETCDF4_FEATURES -DWRFIO_NCD_LARGE_FILE_SUPPORT  -DDM_PARALLEL -DNETCDF -DGRIB2 -DHDF5 -DLANDREAD_STUB=1 -DUSE_ALLOCATABLES -Dwrfmodel -DGRIB1 -DINTIO -DKEEP_INT_AROUND -DLIMIT_ARGS -DBUILD_RRTMG_FAST=0 -DBUILD_RRTMK=0 -DBUILD_SBM_FAST=1 -DSHOW_ALL_VARS_USED=0 -DCONFIG_BUF_LEN=65536 -DMAX_DOMAINS_F=21 -DMAX_HISTORY=25 -DNMM_NEST=0 -DWRF_CHEM -DBUILD_CHEM=1 -DWRF_KPP -I. -traditional-cpp -DUSE_NETCDF4_FEATURES -DWRFIO_NCD_LARGE_FILE_SUPPORT   module_kpp_cri_mosaic_8bin_aq_Precision.G  > module_kpp_cri_mosaic_8bin_aq_Precision.bb
/home/onishi/WRF/tools/standard.exe module_kpp_cri_mosaic_8bin_aq_Precision.bb | /lib/cpp -P -nostdinc -I/home/onishi/WRF/external/ioapi_share -traditional-cpp -DUSE_NETCDF4_FEATURES -DWRFIO_NCD_LARGE_FILE_SUPPORT > module_kpp_cri_mosaic_8bin_aq_Precision.f90
rm -f module_kpp_cri_mosaic_8bin_aq_Precision.G module_kpp_cri_mosaic_8bin_aq_Precision.bb
time mpif90 -f90=ifort -o module_kpp_cri_mosaic_8bin_aq_Precision.o -c -O3 -ip -fp-model precise -w -ftz -align all -fno-alias -FR -convert big_endian    -I../dyn_em  -I/home/onishi/WRF/external/esmf_time_f90  -I/home/onishi/WRF/main -I/home/onishi/WRF/external/io_netcdf -I/home/onishi/WRF/external/io_int -I/home/onishi/WRF/frame -I/home/onishi/WRF/share -I/home/onishi/WRF/phys -I/home/onishi/WRF/wrftladj -I/home/onishi/WRF/chem -I/home/onishi/WRF/inc -I/home/onishi/NETCDF_DIR2//include  -real-size `expr 8 \* 4` -i4  module_kpp_cri_mosaic_8bin_aq_Precision.f90
0.00user 0.06system 0:00.09elapsed 70%CPU (0avgtext+0avgdata 37708maxresident)k
8inputs+88outputs (0major+5968minor)pagefaults 0swaps
rm -f module_kpp_cri_mosaic_8bin_aq_Parameters.o
sed -e "s/^\!.*'.*//" -e "s/^ *\!.*'.*//" module_kpp_cri_mosaic_8bin_aq_Parameters.F > module_kpp_cri_mosaic_8bin_aq_Parameters.G
/lib/cpp -P -nostdinc -I/home/onishi/WRF/external/ioapi_share -I/home/onishi/WRF/inc -DEM_CORE=1 -DNMM_CORE=0 -DNMM_MAX_DIM=2600 -DDA_CORE=0 -DWRFPLUS=0 -DIWORDSIZE=4 -DDWORDSIZE=8 -DRWORDSIZE=4 -DLWORDSIZE=4 -DNONSTANDARD_SYSTEM_FUNC  -DWRF_USE_CLM -DUSE_NETCDF4_FEATURES -DWRFIO_NCD_LARGE_FILE_SUPPORT  -DDM_PARALLEL -DNETCDF -DGRIB2 -DHDF5 -DLANDREAD_STUB=1 -DUSE_ALLOCATABLES -Dwrfmodel -DGRIB1 -DINTIO -DKEEP_INT_AROUND -DLIMIT_ARGS -DBUILD_RRTMG_FAST=0 -DBUILD_RRTMK=0 -DBUILD_SBM_FAST=1 -DSHOW_ALL_VARS_USED=0 -DCONFIG_BUF_LEN=65536 -DMAX_DOMAINS_F=21 -DMAX_HISTORY=25 -DNMM_NEST=0 -DWRF_CHEM -DBUILD_CHEM=1 -DWRF_KPP -I. -traditional-cpp -DUSE_NETCDF4_FEATURES -DWRFIO_NCD_LARGE_FILE_SUPPORT   module_kpp_cri_mosaic_8bin_aq_Parameters.G  > module_kpp_cri_mosaic_8bin_aq_Parameters.bb
/home/onishi/WRF/tools/standard.exe module_kpp_cri_mosaic_8bin_aq_Parameters.bb | /lib/cpp -P -nostdinc -I/home/onishi/WRF/external/ioapi_share -traditional-cpp -DUSE_NETCDF4_FEATURES -DWRFIO_NCD_LARGE_FILE_SUPPORT > module_kpp_cri_mosaic_8bin_aq_Parameters.f90
rm -f module_kpp_cri_mosaic_8bin_aq_Parameters.G module_kpp_cri_mosaic_8bin_aq_Parameters.bb
time mpif90 -f90=ifort -o module_kpp_cri_mosaic_8bin_aq_Parameters.o -c -O3 -ip -fp-model precise -w -ftz -align all -fno-alias -FR -convert big_endian    -I../dyn_em  -I/home/onishi/WRF/external/esmf_time_f90  -I/home/onishi/WRF/main -I/home/onishi/WRF/external/io_netcdf -I/home/onishi/WRF/external/io_int -I/home/onishi/WRF/frame -I/home/onishi/WRF/share -I/home/onishi/WRF/phys -I/home/onishi/WRF/wrftladj -I/home/onishi/WRF/chem -I/home/onishi/WRF/inc -I/home/onishi/NETCDF_DIR2//include  -real-size `expr 8 \* 4` -i4  module_kpp_cri_mosaic_8bin_aq_Parameters.f90
0.02user 0.04system 0:00.09elapsed 73%CPU (0avgtext+0avgdata 38452maxresident)k
32inputs+152outputs (0major+6077minor)pagefaults 0swaps
rm -f module_kpp_cri_mosaic_8bin_aq_JacobianSP.o
sed -e "s/^\!.*'.*//" -e "s/^ *\!.*'.*//" module_kpp_cri_mosaic_8bin_aq_JacobianSP.F > module_kpp_cri_mosaic_8bin_aq_JacobianSP.G
/lib/cpp -P -nostdinc -I/home/onishi/WRF/external/ioapi_share -I/home/onishi/WRF/inc -DEM_CORE=1 -DNMM_CORE=0 -DNMM_MAX_DIM=2600 -DDA_CORE=0 -DWRFPLUS=0 -DIWORDSIZE=4 -DDWORDSIZE=8 -DRWORDSIZE=4 -DLWORDSIZE=4 -DNONSTANDARD_SYSTEM_FUNC  -DWRF_USE_CLM -DUSE_NETCDF4_FEATURES -DWRFIO_NCD_LARGE_FILE_SUPPORT  -DDM_PARALLEL -DNETCDF -DGRIB2 -DHDF5 -DLANDREAD_STUB=1 -DUSE_ALLOCATABLES -Dwrfmodel -DGRIB1 -DINTIO -DKEEP_INT_AROUND -DLIMIT_ARGS -DBUILD_RRTMG_FAST=0 -DBUILD_RRTMK=0 -DBUILD_SBM_FAST=1 -DSHOW_ALL_VARS_USED=0 -DCONFIG_BUF_LEN=65536 -DMAX_DOMAINS_F=21 -DMAX_HISTORY=25 -DNMM_NEST=0 -DWRF_CHEM -DBUILD_CHEM=1 -DWRF_KPP -I. -traditional-cpp -DUSE_NETCDF4_FEATURES -DWRFIO_NCD_LARGE_FILE_SUPPORT   module_kpp_cri_mosaic_8bin_aq_JacobianSP.G  > module_kpp_cri_mosaic_8bin_aq_JacobianSP.bb
/home/onishi/WRF/tools/standard.exe module_kpp_cri_mosaic_8bin_aq_JacobianSP.bb | /lib/cpp -P -nostdinc -I/home/onishi/WRF/external/ioapi_share -traditional-cpp -DUSE_NETCDF4_FEATURES -DWRFIO_NCD_LARGE_FILE_SUPPORT > module_kpp_cri_mosaic_8bin_aq_JacobianSP.f90
rm -f module_kpp_cri_mosaic_8bin_aq_JacobianSP.G module_kpp_cri_mosaic_8bin_aq_JacobianSP.bb
time mpif90 -f90=ifort -o module_kpp_cri_mosaic_8bin_aq_JacobianSP.o -c -O3 -ip -fp-model precise -w -ftz -align all -fno-alias -FR -convert big_endian    -I../dyn_em  -I/home/onishi/WRF/external/esmf_time_f90  -I/home/onishi/WRF/main -I/home/onishi/WRF/external/io_netcdf -I/home/onishi/WRF/external/io_int -I/home/onishi/WRF/frame -I/home/onishi/WRF/share -I/home/onishi/WRF/phys -I/home/onishi/WRF/wrftladj -I/home/onishi/WRF/chem -I/home/onishi/WRF/inc -I/home/onishi/NETCDF_DIR2//include  -real-size `expr 8 \* 4` -i4  module_kpp_cri_mosaic_8bin_aq_JacobianSP.f90
0.05user 0.06system 0:00.12elapsed 89%CPU (0avgtext+0avgdata 41908maxresident)k
56inputs+1256outputs (0major+7168minor)pagefaults 0swaps
rm -f module_kpp_cri_mosaic_8bin_aq_Jacobian.o
sed -e "s/^\!.*'.*//" -e "s/^ *\!.*'.*//" module_kpp_cri_mosaic_8bin_aq_Jacobian.F > module_kpp_cri_mosaic_8bin_aq_Jacobian.G
/lib/cpp -P -nostdinc -I/home/onishi/WRF/external/ioapi_share -I/home/onishi/WRF/inc -DEM_CORE=1 -DNMM_CORE=0 -DNMM_MAX_DIM=2600 -DDA_CORE=0 -DWRFPLUS=0 -DIWORDSIZE=4 -DDWORDSIZE=8 -DRWORDSIZE=4 -DLWORDSIZE=4 -DNONSTANDARD_SYSTEM_FUNC  -DWRF_USE_CLM -DUSE_NETCDF4_FEATURES -DWRFIO_NCD_LARGE_FILE_SUPPORT  -DDM_PARALLEL -DNETCDF -DGRIB2 -DHDF5 -DLANDREAD_STUB=1 -DUSE_ALLOCATABLES -Dwrfmodel -DGRIB1 -DINTIO -DKEEP_INT_AROUND -DLIMIT_ARGS -DBUILD_RRTMG_FAST=0 -DBUILD_RRTMK=0 -DBUILD_SBM_FAST=1 -DSHOW_ALL_VARS_USED=0 -DCONFIG_BUF_LEN=65536 -DMAX_DOMAINS_F=21 -DMAX_HISTORY=25 -DNMM_NEST=0 -DWRF_CHEM -DBUILD_CHEM=1 -DWRF_KPP -I. -traditional-cpp -DUSE_NETCDF4_FEATURES -DWRFIO_NCD_LARGE_FILE_SUPPORT   module_kpp_cri_mosaic_8bin_aq_Jacobian.G  > module_kpp_cri_mosaic_8bin_aq_Jacobian.bb
/home/onishi/WRF/tools/standard.exe module_kpp_cri_mosaic_8bin_aq_Jacobian.bb | /lib/cpp -P -nostdinc -I/home/onishi/WRF/external/ioapi_share -traditional-cpp -DUSE_NETCDF4_FEATURES -DWRFIO_NCD_LARGE_FILE_SUPPORT > module_kpp_cri_mosaic_8bin_aq_Jacobian.f90
rm -f module_kpp_cri_mosaic_8bin_aq_Jacobian.G module_kpp_cri_mosaic_8bin_aq_Jacobian.bb
time mpif90 -f90=ifort -o module_kpp_cri_mosaic_8bin_aq_Jacobian.o -c -O3 -ip -fp-model precise -w -ftz -align all -fno-alias -FR -convert big_endian    -I../dyn_em  -I/home/onishi/WRF/external/esmf_time_f90  -I/home/onishi/WRF/main -I/home/onishi/WRF/external/io_netcdf -I/home/onishi/WRF/external/io_int -I/home/onishi/WRF/frame -I/home/onishi/WRF/share -I/home/onishi/WRF/phys -I/home/onishi/WRF/wrftladj -I/home/onishi/WRF/chem -I/home/onishi/WRF/inc -I/home/onishi/NETCDF_DIR2//include  -real-size `expr 8 \* 4` -i4  module_kpp_cri_mosaic_8bin_aq_Jacobian.f90
1.88user 0.13system 0:02.03elapsed 99%CPU (0avgtext+0avgdata 138604maxresident)k
1336inputs+2520outputs (0major+38397minor)pagefaults 0swaps
rm -f module_kpp_cri_mosaic_8bin_aq_Update_Rconst.o
sed -e "s/^\!.*'.*//" -e "s/^ *\!.*'.*//" module_kpp_cri_mosaic_8bin_aq_Update_Rconst.F > module_kpp_cri_mosaic_8bin_aq_Update_Rconst.G
/lib/cpp -P -nostdinc -I/home/onishi/WRF/external/ioapi_share -I/home/onishi/WRF/inc -DEM_CORE=1 -DNMM_CORE=0 -DNMM_MAX_DIM=2600 -DDA_CORE=0 -DWRFPLUS=0 -DIWORDSIZE=4 -DDWORDSIZE=8 -DRWORDSIZE=4 -DLWORDSIZE=4 -DNONSTANDARD_SYSTEM_FUNC  -DWRF_USE_CLM -DUSE_NETCDF4_FEATURES -DWRFIO_NCD_LARGE_FILE_SUPPORT  -DDM_PARALLEL -DNETCDF -DGRIB2 -DHDF5 -DLANDREAD_STUB=1 -DUSE_ALLOCATABLES -Dwrfmodel -DGRIB1 -DINTIO -DKEEP_INT_AROUND -DLIMIT_ARGS -DBUILD_RRTMG_FAST=0 -DBUILD_RRTMK=0 -DBUILD_SBM_FAST=1 -DSHOW_ALL_VARS_USED=0 -DCONFIG_BUF_LEN=65536 -DMAX_DOMAINS_F=21 -DMAX_HISTORY=25 -DNMM_NEST=0 -DWRF_CHEM -DBUILD_CHEM=1 -DWRF_KPP -I. -traditional-cpp -DUSE_NETCDF4_FEATURES -DWRFIO_NCD_LARGE_FILE_SUPPORT   module_kpp_cri_mosaic_8bin_aq_Update_Rconst.G  > module_kpp_cri_mosaic_8bin_aq_Update_Rconst.bb
/home/onishi/WRF/tools/standard.exe module_kpp_cri_mosaic_8bin_aq_Update_Rconst.bb | /lib/cpp -P -nostdinc -I/home/onishi/WRF/external/ioapi_share -traditional-cpp -DUSE_NETCDF4_FEATURES -DWRFIO_NCD_LARGE_FILE_SUPPORT > module_kpp_cri_mosaic_8bin_aq_Update_Rconst.f90
rm -f module_kpp_cri_mosaic_8bin_aq_Update_Rconst.G module_kpp_cri_mosaic_8bin_aq_Update_Rconst.bb
time mpif90 -f90=ifort -o module_kpp_cri_mosaic_8bin_aq_Update_Rconst.o -c -O3 -ip -fp-model precise -w -ftz -align all -fno-alias -FR -convert big_endian    -I../dyn_em  -I/home/onishi/WRF/external/esmf_time_f90  -I/home/onishi/WRF/main -I/home/onishi/WRF/external/io_netcdf -I/home/onishi/WRF/external/io_int -I/home/onishi/WRF/frame -I/home/onishi/WRF/share -I/home/onishi/WRF/phys -I/home/onishi/WRF/wrftladj -I/home/onishi/WRF/chem -I/home/onishi/WRF/inc -I/home/onishi/NETCDF_DIR2//include  -real-size `expr 8 \* 4` -i4  module_kpp_cri_mosaic_8bin_aq_Update_Rconst.f90
0.30user 0.08system 0:00.42elapsed 93%CPU (0avgtext+0avgdata 70668maxresident)k
72inputs+848outputs (0major+14653minor)pagefaults 0swaps
rm -f module_kpp_cri_mosaic_8bin_aq_Integr.o
sed -e "s/^\!.*'.*//" -e "s/^ *\!.*'.*//" module_kpp_cri_mosaic_8bin_aq_Integr.F > module_kpp_cri_mosaic_8bin_aq_Integr.G
/lib/cpp -P -nostdinc -I/home/onishi/WRF/external/ioapi_share -I/home/onishi/WRF/inc -DEM_CORE=1 -DNMM_CORE=0 -DNMM_MAX_DIM=2600 -DDA_CORE=0 -DWRFPLUS=0 -DIWORDSIZE=4 -DDWORDSIZE=8 -DRWORDSIZE=4 -DLWORDSIZE=4 -DNONSTANDARD_SYSTEM_FUNC  -DWRF_USE_CLM -DUSE_NETCDF4_FEATURES -DWRFIO_NCD_LARGE_FILE_SUPPORT  -DDM_PARALLEL -DNETCDF -DGRIB2 -DHDF5 -DLANDREAD_STUB=1 -DUSE_ALLOCATABLES -Dwrfmodel -DGRIB1 -DINTIO -DKEEP_INT_AROUND -DLIMIT_ARGS -DBUILD_RRTMG_FAST=0 -DBUILD_RRTMK=0 -DBUILD_SBM_FAST=1 -DSHOW_ALL_VARS_USED=0 -DCONFIG_BUF_LEN=65536 -DMAX_DOMAINS_F=21 -DMAX_HISTORY=25 -DNMM_NEST=0 -DWRF_CHEM -DBUILD_CHEM=1 -DWRF_KPP -I. -traditional-cpp -DUSE_NETCDF4_FEATURES -DWRFIO_NCD_LARGE_FILE_SUPPORT   module_kpp_cri_mosaic_8bin_aq_Integr.G  > module_kpp_cri_mosaic_8bin_aq_Integr.bb
/home/onishi/WRF/tools/standard.exe module_kpp_cri_mosaic_8bin_aq_Integr.bb | /lib/cpp -P -nostdinc -I/home/onishi/WRF/external/ioapi_share -traditional-cpp -DUSE_NETCDF4_FEATURES -DWRFIO_NCD_LARGE_FILE_SUPPORT > module_kpp_cri_mosaic_8bin_aq_Integr.f90
rm -f module_kpp_cri_mosaic_8bin_aq_Integr.G module_kpp_cri_mosaic_8bin_aq_Integr.bb
time mpif90 -f90=ifort -o module_kpp_cri_mosaic_8bin_aq_Integr.o -c -O3 -ip -fp-model precise -w -ftz -align all -fno-alias -FR -convert big_endian    -I../dyn_em  -I/home/onishi/WRF/external/esmf_time_f90  -I/home/onishi/WRF/main -I/home/onishi/WRF/external/io_netcdf -I/home/onishi/WRF/external/io_int -I/home/onishi/WRF/frame -I/home/onishi/WRF/share -I/home/onishi/WRF/phys -I/home/onishi/WRF/wrftladj -I/home/onishi/WRF/chem -I/home/onishi/WRF/inc -I/home/onishi/NETCDF_DIR2//include  -real-size `expr 8 \* 4` -i4  module_kpp_cri_mosaic_8bin_aq_Integr.f90
54.76user 0.72system 0:55.51elapsed 99%CPU (0avgtext+0avgdata 676496maxresident)k
1208inputs+15480outputs (0major+190020minor)pagefaults 0swaps
rm -f module_kpp_cri_mosaic_8bin_aq_interface.o
sed -e "s/^\!.*'.*//" -e "s/^ *\!.*'.*//" module_kpp_cri_mosaic_8bin_aq_interface.F > module_kpp_cri_mosaic_8bin_aq_interface.G
/lib/cpp -P -nostdinc -I/home/onishi/WRF/external/ioapi_share -I/home/onishi/WRF/inc -DEM_CORE=1 -DNMM_CORE=0 -DNMM_MAX_DIM=2600 -DDA_CORE=0 -DWRFPLUS=0 -DIWORDSIZE=4 -DDWORDSIZE=8 -DRWORDSIZE=4 -DLWORDSIZE=4 -DNONSTANDARD_SYSTEM_FUNC  -DWRF_USE_CLM -DUSE_NETCDF4_FEATURES -DWRFIO_NCD_LARGE_FILE_SUPPORT  -DDM_PARALLEL -DNETCDF -DGRIB2 -DHDF5 -DLANDREAD_STUB=1 -DUSE_ALLOCATABLES -Dwrfmodel -DGRIB1 -DINTIO -DKEEP_INT_AROUND -DLIMIT_ARGS -DBUILD_RRTMG_FAST=0 -DBUILD_RRTMK=0 -DBUILD_SBM_FAST=1 -DSHOW_ALL_VARS_USED=0 -DCONFIG_BUF_LEN=65536 -DMAX_DOMAINS_F=21 -DMAX_HISTORY=25 -DNMM_NEST=0 -DWRF_CHEM -DBUILD_CHEM=1 -DWRF_KPP -I. -traditional-cpp -DUSE_NETCDF4_FEATURES -DWRFIO_NCD_LARGE_FILE_SUPPORT   module_kpp_cri_mosaic_8bin_aq_interface.G  > module_kpp_cri_mosaic_8bin_aq_interface.bb
/home/onishi/WRF/tools/standard.exe module_kpp_cri_mosaic_8bin_aq_interface.bb | /lib/cpp -P -nostdinc -I/home/onishi/WRF/external/ioapi_share -traditional-cpp -DUSE_NETCDF4_FEATURES -DWRFIO_NCD_LARGE_FILE_SUPPORT > module_kpp_cri_mosaic_8bin_aq_interface.f90
rm -f module_kpp_cri_mosaic_8bin_aq_interface.G module_kpp_cri_mosaic_8bin_aq_interface.bb
time mpif90 -f90=ifort -o module_kpp_cri_mosaic_8bin_aq_interface.o -c -O3 -ip -fp-model precise -w -ftz -align all -fno-alias -FR -convert big_endian    -I../dyn_em  -I/home/onishi/WRF/external/esmf_time_f90  -I/home/onishi/WRF/main -I/home/onishi/WRF/external/io_netcdf -I/home/onishi/WRF/external/io_int -I/home/onishi/WRF/frame -I/home/onishi/WRF/share -I/home/onishi/WRF/phys -I/home/onishi/WRF/wrftladj -I/home/onishi/WRF/chem -I/home/onishi/WRF/inc -I/home/onishi/NETCDF_DIR2//include  -real-size `expr 8 \* 4` -i4  module_kpp_cri_mosaic_8bin_aq_interface.f90
1.85user 0.12system 0:02.01elapsed 98%CPU (0avgtext+0avgdata 135168maxresident)k
512inputs+2104outputs (0major+30541minor)pagefaults 0swaps
rm -f module_kpp_crimech_Precision.o
sed -e "s/^\!.*'.*//" -e "s/^ *\!.*'.*//" module_kpp_crimech_Precision.F > module_kpp_crimech_Precision.G
/lib/cpp -P -nostdinc -I/home/onishi/WRF/external/ioapi_share -I/home/onishi/WRF/inc -DEM_CORE=1 -DNMM_CORE=0 -DNMM_MAX_DIM=2600 -DDA_CORE=0 -DWRFPLUS=0 -DIWORDSIZE=4 -DDWORDSIZE=8 -DRWORDSIZE=4 -DLWORDSIZE=4 -DNONSTANDARD_SYSTEM_FUNC  -DWRF_USE_CLM -DUSE_NETCDF4_FEATURES -DWRFIO_NCD_LARGE_FILE_SUPPORT  -DDM_PARALLEL -DNETCDF -DGRIB2 -DHDF5 -DLANDREAD_STUB=1 -DUSE_ALLOCATABLES -Dwrfmodel -DGRIB1 -DINTIO -DKEEP_INT_AROUND -DLIMIT_ARGS -DBUILD_RRTMG_FAST=0 -DBUILD_RRTMK=0 -DBUILD_SBM_FAST=1 -DSHOW_ALL_VARS_USED=0 -DCONFIG_BUF_LEN=65536 -DMAX_DOMAINS_F=21 -DMAX_HISTORY=25 -DNMM_NEST=0 -DWRF_CHEM -DBUILD_CHEM=1 -DWRF_KPP -I. -traditional-cpp -DUSE_NETCDF4_FEATURES -DWRFIO_NCD_LARGE_FILE_SUPPORT   module_kpp_crimech_Precision.G  > module_kpp_crimech_Precision.bb
/home/onishi/WRF/tools/standard.exe module_kpp_crimech_Precision.bb | /lib/cpp -P -nostdinc -I/home/onishi/WRF/external/ioapi_share -traditional-cpp -DUSE_NETCDF4_FEATURES -DWRFIO_NCD_LARGE_FILE_SUPPORT > module_kpp_crimech_Precision.f90
rm -f module_kpp_crimech_Precision.G module_kpp_crimech_Precision.bb
time mpif90 -f90=ifort -o module_kpp_crimech_Precision.o -c -O3 -ip -fp-model precise -w -ftz -align all -fno-alias -FR -convert big_endian    -I../dyn_em  -I/home/onishi/WRF/external/esmf_time_f90  -I/home/onishi/WRF/main -I/home/onishi/WRF/external/io_netcdf -I/home/onishi/WRF/external/io_int -I/home/onishi/WRF/frame -I/home/onishi/WRF/share -I/home/onishi/WRF/phys -I/home/onishi/WRF/wrftladj -I/home/onishi/WRF/chem -I/home/onishi/WRF/inc -I/home/onishi/NETCDF_DIR2//include  -real-size `expr 8 \* 4` -i4  module_kpp_crimech_Precision.f90
0.01user 0.05system 0:00.09elapsed 71%CPU (0avgtext+0avgdata 37848maxresident)k
8inputs+88outputs (0major+5951minor)pagefaults 0swaps
rm -f module_kpp_crimech_Parameters.o
sed -e "s/^\!.*'.*//" -e "s/^ *\!.*'.*//" module_kpp_crimech_Parameters.F > module_kpp_crimech_Parameters.G
/lib/cpp -P -nostdinc -I/home/onishi/WRF/external/ioapi_share -I/home/onishi/WRF/inc -DEM_CORE=1 -DNMM_CORE=0 -DNMM_MAX_DIM=2600 -DDA_CORE=0 -DWRFPLUS=0 -DIWORDSIZE=4 -DDWORDSIZE=8 -DRWORDSIZE=4 -DLWORDSIZE=4 -DNONSTANDARD_SYSTEM_FUNC  -DWRF_USE_CLM -DUSE_NETCDF4_FEATURES -DWRFIO_NCD_LARGE_FILE_SUPPORT  -DDM_PARALLEL -DNETCDF -DGRIB2 -DHDF5 -DLANDREAD_STUB=1 -DUSE_ALLOCATABLES -Dwrfmodel -DGRIB1 -DINTIO -DKEEP_INT_AROUND -DLIMIT_ARGS -DBUILD_RRTMG_FAST=0 -DBUILD_RRTMK=0 -DBUILD_SBM_FAST=1 -DSHOW_ALL_VARS_USED=0 -DCONFIG_BUF_LEN=65536 -DMAX_DOMAINS_F=21 -DMAX_HISTORY=25 -DNMM_NEST=0 -DWRF_CHEM -DBUILD_CHEM=1 -DWRF_KPP -I. -traditional-cpp -DUSE_NETCDF4_FEATURES -DWRFIO_NCD_LARGE_FILE_SUPPORT   module_kpp_crimech_Parameters.G  > module_kpp_crimech_Parameters.bb
/home/onishi/WRF/tools/standard.exe module_kpp_crimech_Parameters.bb | /lib/cpp -P -nostdinc -I/home/onishi/WRF/external/ioapi_share -traditional-cpp -DUSE_NETCDF4_FEATURES -DWRFIO_NCD_LARGE_FILE_SUPPORT > module_kpp_crimech_Parameters.f90
rm -f module_kpp_crimech_Parameters.G module_kpp_crimech_Parameters.bb
time mpif90 -f90=ifort -o module_kpp_crimech_Parameters.o -c -O3 -ip -fp-model precise -w -ftz -align all -fno-alias -FR -convert big_endian    -I../dyn_em  -I/home/onishi/WRF/external/esmf_time_f90  -I/home/onishi/WRF/main -I/home/onishi/WRF/external/io_netcdf -I/home/onishi/WRF/external/io_int -I/home/onishi/WRF/frame -I/home/onishi/WRF/share -I/home/onishi/WRF/phys -I/home/onishi/WRF/wrftladj -I/home/onishi/WRF/chem -I/home/onishi/WRF/inc -I/home/onishi/NETCDF_DIR2//include  -real-size `expr 8 \* 4` -i4  module_kpp_crimech_Parameters.f90
0.01user 0.05system 0:00.08elapsed 87%CPU (0avgtext+0avgdata 38488maxresident)k
32inputs+152outputs (0major+6078minor)pagefaults 0swaps
rm -f module_kpp_crimech_JacobianSP.o
sed -e "s/^\!.*'.*//" -e "s/^ *\!.*'.*//" module_kpp_crimech_JacobianSP.F > module_kpp_crimech_JacobianSP.G
/lib/cpp -P -nostdinc -I/home/onishi/WRF/external/ioapi_share -I/home/onishi/WRF/inc -DEM_CORE=1 -DNMM_CORE=0 -DNMM_MAX_DIM=2600 -DDA_CORE=0 -DWRFPLUS=0 -DIWORDSIZE=4 -DDWORDSIZE=8 -DRWORDSIZE=4 -DLWORDSIZE=4 -DNONSTANDARD_SYSTEM_FUNC  -DWRF_USE_CLM -DUSE_NETCDF4_FEATURES -DWRFIO_NCD_LARGE_FILE_SUPPORT  -DDM_PARALLEL -DNETCDF -DGRIB2 -DHDF5 -DLANDREAD_STUB=1 -DUSE_ALLOCATABLES -Dwrfmodel -DGRIB1 -DINTIO -DKEEP_INT_AROUND -DLIMIT_ARGS -DBUILD_RRTMG_FAST=0 -DBUILD_RRTMK=0 -DBUILD_SBM_FAST=1 -DSHOW_ALL_VARS_USED=0 -DCONFIG_BUF_LEN=65536 -DMAX_DOMAINS_F=21 -DMAX_HISTORY=25 -DNMM_NEST=0 -DWRF_CHEM -DBUILD_CHEM=1 -DWRF_KPP -I. -traditional-cpp -DUSE_NETCDF4_FEATURES -DWRFIO_NCD_LARGE_FILE_SUPPORT   module_kpp_crimech_JacobianSP.G  > module_kpp_crimech_JacobianSP.bb
/home/onishi/WRF/tools/standard.exe module_kpp_crimech_JacobianSP.bb | /lib/cpp -P -nostdinc -I/home/onishi/WRF/external/ioapi_share -traditional-cpp -DUSE_NETCDF4_FEATURES -DWRFIO_NCD_LARGE_FILE_SUPPORT > module_kpp_crimech_JacobianSP.f90
rm -f module_kpp_crimech_JacobianSP.G module_kpp_crimech_JacobianSP.bb
time mpif90 -f90=ifort -o module_kpp_crimech_JacobianSP.o -c -O3 -ip -fp-model precise -w -ftz -align all -fno-alias -FR -convert big_endian    -I../dyn_em  -I/home/onishi/WRF/external/esmf_time_f90  -I/home/onishi/WRF/main -I/home/onishi/WRF/external/io_netcdf -I/home/onishi/WRF/external/io_int -I/home/onishi/WRF/frame -I/home/onishi/WRF/share -I/home/onishi/WRF/phys -I/home/onishi/WRF/wrftladj -I/home/onishi/WRF/chem -I/home/onishi/WRF/inc -I/home/onishi/NETCDF_DIR2//include  -real-size `expr 8 \* 4` -i4  module_kpp_crimech_JacobianSP.f90
0.05user 0.06system 0:00.14elapsed 79%CPU (0avgtext+0avgdata 41872maxresident)k
56inputs+1256outputs (0major+7156minor)pagefaults 0swaps
rm -f module_kpp_crimech_Jacobian.o
sed -e "s/^\!.*'.*//" -e "s/^ *\!.*'.*//" module_kpp_crimech_Jacobian.F > module_kpp_crimech_Jacobian.G
/lib/cpp -P -nostdinc -I/home/onishi/WRF/external/ioapi_share -I/home/onishi/WRF/inc -DEM_CORE=1 -DNMM_CORE=0 -DNMM_MAX_DIM=2600 -DDA_CORE=0 -DWRFPLUS=0 -DIWORDSIZE=4 -DDWORDSIZE=8 -DRWORDSIZE=4 -DLWORDSIZE=4 -DNONSTANDARD_SYSTEM_FUNC  -DWRF_USE_CLM -DUSE_NETCDF4_FEATURES -DWRFIO_NCD_LARGE_FILE_SUPPORT  -DDM_PARALLEL -DNETCDF -DGRIB2 -DHDF5 -DLANDREAD_STUB=1 -DUSE_ALLOCATABLES -Dwrfmodel -DGRIB1 -DINTIO -DKEEP_INT_AROUND -DLIMIT_ARGS -DBUILD_RRTMG_FAST=0 -DBUILD_RRTMK=0 -DBUILD_SBM_FAST=1 -DSHOW_ALL_VARS_USED=0 -DCONFIG_BUF_LEN=65536 -DMAX_DOMAINS_F=21 -DMAX_HISTORY=25 -DNMM_NEST=0 -DWRF_CHEM -DBUILD_CHEM=1 -DWRF_KPP -I. -traditional-cpp -DUSE_NETCDF4_FEATURES -DWRFIO_NCD_LARGE_FILE_SUPPORT   module_kpp_crimech_Jacobian.G  > module_kpp_crimech_Jacobian.bb
/home/onishi/WRF/tools/standard.exe module_kpp_crimech_Jacobian.bb | /lib/cpp -P -nostdinc -I/home/onishi/WRF/external/ioapi_share -traditional-cpp -DUSE_NETCDF4_FEATURES -DWRFIO_NCD_LARGE_FILE_SUPPORT > module_kpp_crimech_Jacobian.f90
rm -f module_kpp_crimech_Jacobian.G module_kpp_crimech_Jacobian.bb
time mpif90 -f90=ifort -o module_kpp_crimech_Jacobian.o -c -O3 -ip -fp-model precise -w -ftz -align all -fno-alias -FR -convert big_endian    -I../dyn_em  -I/home/onishi/WRF/external/esmf_time_f90  -I/home/onishi/WRF/main -I/home/onishi/WRF/external/io_netcdf -I/home/onishi/WRF/external/io_int -I/home/onishi/WRF/frame -I/home/onishi/WRF/share -I/home/onishi/WRF/phys -I/home/onishi/WRF/wrftladj -I/home/onishi/WRF/chem -I/home/onishi/WRF/inc -I/home/onishi/NETCDF_DIR2//include  -real-size `expr 8 \* 4` -i4  module_kpp_crimech_Jacobian.f90
1.78user 0.14system 0:01.94elapsed 99%CPU (0avgtext+0avgdata 132332maxresident)k
1336inputs+2504outputs (0major+37482minor)pagefaults 0swaps
rm -f module_kpp_crimech_Update_Rconst.o
sed -e "s/^\!.*'.*//" -e "s/^ *\!.*'.*//" module_kpp_crimech_Update_Rconst.F > module_kpp_crimech_Update_Rconst.G
/lib/cpp -P -nostdinc -I/home/onishi/WRF/external/ioapi_share -I/home/onishi/WRF/inc -DEM_CORE=1 -DNMM_CORE=0 -DNMM_MAX_DIM=2600 -DDA_CORE=0 -DWRFPLUS=0 -DIWORDSIZE=4 -DDWORDSIZE=8 -DRWORDSIZE=4 -DLWORDSIZE=4 -DNONSTANDARD_SYSTEM_FUNC  -DWRF_USE_CLM -DUSE_NETCDF4_FEATURES -DWRFIO_NCD_LARGE_FILE_SUPPORT  -DDM_PARALLEL -DNETCDF -DGRIB2 -DHDF5 -DLANDREAD_STUB=1 -DUSE_ALLOCATABLES -Dwrfmodel -DGRIB1 -DINTIO -DKEEP_INT_AROUND -DLIMIT_ARGS -DBUILD_RRTMG_FAST=0 -DBUILD_RRTMK=0 -DBUILD_SBM_FAST=1 -DSHOW_ALL_VARS_USED=0 -DCONFIG_BUF_LEN=65536 -DMAX_DOMAINS_F=21 -DMAX_HISTORY=25 -DNMM_NEST=0 -DWRF_CHEM -DBUILD_CHEM=1 -DWRF_KPP -I. -traditional-cpp -DUSE_NETCDF4_FEATURES -DWRFIO_NCD_LARGE_FILE_SUPPORT   module_kpp_crimech_Update_Rconst.G  > module_kpp_crimech_Update_Rconst.bb
/home/onishi/WRF/tools/standard.exe module_kpp_crimech_Update_Rconst.bb | /lib/cpp -P -nostdinc -I/home/onishi/WRF/external/ioapi_share -traditional-cpp -DUSE_NETCDF4_FEATURES -DWRFIO_NCD_LARGE_FILE_SUPPORT > module_kpp_crimech_Update_Rconst.f90
rm -f module_kpp_crimech_Update_Rconst.G module_kpp_crimech_Update_Rconst.bb
time mpif90 -f90=ifort -o module_kpp_crimech_Update_Rconst.o -c -O3 -ip -fp-model precise -w -ftz -align all -fno-alias -FR -convert big_endian    -I../dyn_em  -I/home/onishi/WRF/external/esmf_time_f90  -I/home/onishi/WRF/main -I/home/onishi/WRF/external/io_netcdf -I/home/onishi/WRF/external/io_int -I/home/onishi/WRF/frame -I/home/onishi/WRF/share -I/home/onishi/WRF/phys -I/home/onishi/WRF/wrftladj -I/home/onishi/WRF/chem -I/home/onishi/WRF/inc -I/home/onishi/NETCDF_DIR2//include  -real-size `expr 8 \* 4` -i4  module_kpp_crimech_Update_Rconst.f90
0.32user 0.06system 0:00.41elapsed 93%CPU (0avgtext+0avgdata 70672maxresident)k
72inputs+840outputs (0major+14599minor)pagefaults 0swaps
rm -f module_kpp_crimech_Integr.o
sed -e "s/^\!.*'.*//" -e "s/^ *\!.*'.*//" module_kpp_crimech_Integr.F > module_kpp_crimech_Integr.G
/lib/cpp -P -nostdinc -I/home/onishi/WRF/external/ioapi_share -I/home/onishi/WRF/inc -DEM_CORE=1 -DNMM_CORE=0 -DNMM_MAX_DIM=2600 -DDA_CORE=0 -DWRFPLUS=0 -DIWORDSIZE=4 -DDWORDSIZE=8 -DRWORDSIZE=4 -DLWORDSIZE=4 -DNONSTANDARD_SYSTEM_FUNC  -DWRF_USE_CLM -DUSE_NETCDF4_FEATURES -DWRFIO_NCD_LARGE_FILE_SUPPORT  -DDM_PARALLEL -DNETCDF -DGRIB2 -DHDF5 -DLANDREAD_STUB=1 -DUSE_ALLOCATABLES -Dwrfmodel -DGRIB1 -DINTIO -DKEEP_INT_AROUND -DLIMIT_ARGS -DBUILD_RRTMG_FAST=0 -DBUILD_RRTMK=0 -DBUILD_SBM_FAST=1 -DSHOW_ALL_VARS_USED=0 -DCONFIG_BUF_LEN=65536 -DMAX_DOMAINS_F=21 -DMAX_HISTORY=25 -DNMM_NEST=0 -DWRF_CHEM -DBUILD_CHEM=1 -DWRF_KPP -I. -traditional-cpp -DUSE_NETCDF4_FEATURES -DWRFIO_NCD_LARGE_FILE_SUPPORT   module_kpp_crimech_Integr.G  > module_kpp_crimech_Integr.bb
/home/onishi/WRF/tools/standard.exe module_kpp_crimech_Integr.bb | /lib/cpp -P -nostdinc -I/home/onishi/WRF/external/ioapi_share -traditional-cpp -DUSE_NETCDF4_FEATURES -DWRFIO_NCD_LARGE_FILE_SUPPORT > module_kpp_crimech_Integr.f90
rm -f module_kpp_crimech_Integr.G module_kpp_crimech_Integr.bb
time mpif90 -f90=ifort -o module_kpp_crimech_Integr.o -c -O3 -ip -fp-model precise -w -ftz -align all -fno-alias -FR -convert big_endian    -I../dyn_em  -I/home/onishi/WRF/external/esmf_time_f90  -I/home/onishi/WRF/main -I/home/onishi/WRF/external/io_netcdf -I/home/onishi/WRF/external/io_int -I/home/onishi/WRF/frame -I/home/onishi/WRF/share -I/home/onishi/WRF/phys -I/home/onishi/WRF/wrftladj -I/home/onishi/WRF/chem -I/home/onishi/WRF/inc -I/home/onishi/NETCDF_DIR2//include  -real-size `expr 8 \* 4` -i4  module_kpp_crimech_Integr.f90
41.81user 0.61system 0:42.46elapsed 99%CPU (0avgtext+0avgdata 450508maxresident)k
1208inputs+15440outputs (0major+135888minor)pagefaults 0swaps
rm -f module_kpp_crimech_interface.o
sed -e "s/^\!.*'.*//" -e "s/^ *\!.*'.*//" module_kpp_crimech_interface.F > module_kpp_crimech_interface.G
/lib/cpp -P -nostdinc -I/home/onishi/WRF/external/ioapi_share -I/home/onishi/WRF/inc -DEM_CORE=1 -DNMM_CORE=0 -DNMM_MAX_DIM=2600 -DDA_CORE=0 -DWRFPLUS=0 -DIWORDSIZE=4 -DDWORDSIZE=8 -DRWORDSIZE=4 -DLWORDSIZE=4 -DNONSTANDARD_SYSTEM_FUNC  -DWRF_USE_CLM -DUSE_NETCDF4_FEATURES -DWRFIO_NCD_LARGE_FILE_SUPPORT  -DDM_PARALLEL -DNETCDF -DGRIB2 -DHDF5 -DLANDREAD_STUB=1 -DUSE_ALLOCATABLES -Dwrfmodel -DGRIB1 -DINTIO -DKEEP_INT_AROUND -DLIMIT_ARGS -DBUILD_RRTMG_FAST=0 -DBUILD_RRTMK=0 -DBUILD_SBM_FAST=1 -DSHOW_ALL_VARS_USED=0 -DCONFIG_BUF_LEN=65536 -DMAX_DOMAINS_F=21 -DMAX_HISTORY=25 -DNMM_NEST=0 -DWRF_CHEM -DBUILD_CHEM=1 -DWRF_KPP -I. -traditional-cpp -DUSE_NETCDF4_FEATURES -DWRFIO_NCD_LARGE_FILE_SUPPORT   module_kpp_crimech_interface.G  > module_kpp_crimech_interface.bb
/home/onishi/WRF/tools/standard.exe module_kpp_crimech_interface.bb | /lib/cpp -P -nostdinc -I/home/onishi/WRF/external/ioapi_share -traditional-cpp -DUSE_NETCDF4_FEATURES -DWRFIO_NCD_LARGE_FILE_SUPPORT > module_kpp_crimech_interface.f90
rm -f module_kpp_crimech_interface.G module_kpp_crimech_interface.bb
time mpif90 -f90=ifort -o module_kpp_crimech_interface.o -c -O3 -ip -fp-model precise -w -ftz -align all -fno-alias -FR -convert big_endian    -I../dyn_em  -I/home/onishi/WRF/external/esmf_time_f90  -I/home/onishi/WRF/main -I/home/onishi/WRF/external/io_netcdf -I/home/onishi/WRF/external/io_int -I/home/onishi/WRF/frame -I/home/onishi/WRF/share -I/home/onishi/WRF/phys -I/home/onishi/WRF/wrftladj -I/home/onishi/WRF/chem -I/home/onishi/WRF/inc -I/home/onishi/NETCDF_DIR2//include  -real-size `expr 8 \* 4` -i4  module_kpp_crimech_interface.f90
1.86user 0.10system 0:01.99elapsed 98%CPU (0avgtext+0avgdata 134844maxresident)k
512inputs+2080outputs (0major+30479minor)pagefaults 0swaps
rm -f module_kpp_gocartracm_Precision.o
sed -e "s/^\!.*'.*//" -e "s/^ *\!.*'.*//" module_kpp_gocartracm_Precision.F > module_kpp_gocartracm_Precision.G
/lib/cpp -P -nostdinc -I/home/onishi/WRF/external/ioapi_share -I/home/onishi/WRF/inc -DEM_CORE=1 -DNMM_CORE=0 -DNMM_MAX_DIM=2600 -DDA_CORE=0 -DWRFPLUS=0 -DIWORDSIZE=4 -DDWORDSIZE=8 -DRWORDSIZE=4 -DLWORDSIZE=4 -DNONSTANDARD_SYSTEM_FUNC  -DWRF_USE_CLM -DUSE_NETCDF4_FEATURES -DWRFIO_NCD_LARGE_FILE_SUPPORT  -DDM_PARALLEL -DNETCDF -DGRIB2 -DHDF5 -DLANDREAD_STUB=1 -DUSE_ALLOCATABLES -Dwrfmodel -DGRIB1 -DINTIO -DKEEP_INT_AROUND -DLIMIT_ARGS -DBUILD_RRTMG_FAST=0 -DBUILD_RRTMK=0 -DBUILD_SBM_FAST=1 -DSHOW_ALL_VARS_USED=0 -DCONFIG_BUF_LEN=65536 -DMAX_DOMAINS_F=21 -DMAX_HISTORY=25 -DNMM_NEST=0 -DWRF_CHEM -DBUILD_CHEM=1 -DWRF_KPP -I. -traditional-cpp -DUSE_NETCDF4_FEATURES -DWRFIO_NCD_LARGE_FILE_SUPPORT   module_kpp_gocartracm_Precision.G  > module_kpp_gocartracm_Precision.bb
/home/onishi/WRF/tools/standard.exe module_kpp_gocartracm_Precision.bb | /lib/cpp -P -nostdinc -I/home/onishi/WRF/external/ioapi_share -traditional-cpp -DUSE_NETCDF4_FEATURES -DWRFIO_NCD_LARGE_FILE_SUPPORT > module_kpp_gocartracm_Precision.f90
rm -f module_kpp_gocartracm_Precision.G module_kpp_gocartracm_Precision.bb
time mpif90 -f90=ifort -o module_kpp_gocartracm_Precision.o -c -O3 -ip -fp-model precise -w -ftz -align all -fno-alias -FR -convert big_endian    -I../dyn_em  -I/home/onishi/WRF/external/esmf_time_f90  -I/home/onishi/WRF/main -I/home/onishi/WRF/external/io_netcdf -I/home/onishi/WRF/external/io_int -I/home/onishi/WRF/frame -I/home/onishi/WRF/share -I/home/onishi/WRF/phys -I/home/onishi/WRF/wrftladj -I/home/onishi/WRF/chem -I/home/onishi/WRF/inc -I/home/onishi/NETCDF_DIR2//include  -real-size `expr 8 \* 4` -i4  module_kpp_gocartracm_Precision.f90
0.00user 0.06system 0:00.09elapsed 72%CPU (0avgtext+0avgdata 37808maxresident)k
8inputs+88outputs (0major+5966minor)pagefaults 0swaps
rm -f module_kpp_gocartracm_Parameters.o
sed -e "s/^\!.*'.*//" -e "s/^ *\!.*'.*//" module_kpp_gocartracm_Parameters.F > module_kpp_gocartracm_Parameters.G
/lib/cpp -P -nostdinc -I/home/onishi/WRF/external/ioapi_share -I/home/onishi/WRF/inc -DEM_CORE=1 -DNMM_CORE=0 -DNMM_MAX_DIM=2600 -DDA_CORE=0 -DWRFPLUS=0 -DIWORDSIZE=4 -DDWORDSIZE=8 -DRWORDSIZE=4 -DLWORDSIZE=4 -DNONSTANDARD_SYSTEM_FUNC  -DWRF_USE_CLM -DUSE_NETCDF4_FEATURES -DWRFIO_NCD_LARGE_FILE_SUPPORT  -DDM_PARALLEL -DNETCDF -DGRIB2 -DHDF5 -DLANDREAD_STUB=1 -DUSE_ALLOCATABLES -Dwrfmodel -DGRIB1 -DINTIO -DKEEP_INT_AROUND -DLIMIT_ARGS -DBUILD_RRTMG_FAST=0 -DBUILD_RRTMK=0 -DBUILD_SBM_FAST=1 -DSHOW_ALL_VARS_USED=0 -DCONFIG_BUF_LEN=65536 -DMAX_DOMAINS_F=21 -DMAX_HISTORY=25 -DNMM_NEST=0 -DWRF_CHEM -DBUILD_CHEM=1 -DWRF_KPP -I. -traditional-cpp -DUSE_NETCDF4_FEATURES -DWRFIO_NCD_LARGE_FILE_SUPPORT   module_kpp_gocartracm_Parameters.G  > module_kpp_gocartracm_Parameters.bb
/home/onishi/WRF/tools/standard.exe module_kpp_gocartracm_Parameters.bb | /lib/cpp -P -nostdinc -I/home/onishi/WRF/external/ioapi_share -traditional-cpp -DUSE_NETCDF4_FEATURES -DWRFIO_NCD_LARGE_FILE_SUPPORT > module_kpp_gocartracm_Parameters.f90
rm -f module_kpp_gocartracm_Parameters.G module_kpp_gocartracm_Parameters.bb
time mpif90 -f90=ifort -o module_kpp_gocartracm_Parameters.o -c -O3 -ip -fp-model precise -w -ftz -align all -fno-alias -FR -convert big_endian    -I../dyn_em  -I/home/onishi/WRF/external/esmf_time_f90  -I/home/onishi/WRF/main -I/home/onishi/WRF/external/io_netcdf -I/home/onishi/WRF/external/io_int -I/home/onishi/WRF/frame -I/home/onishi/WRF/share -I/home/onishi/WRF/phys -I/home/onishi/WRF/wrftladj -I/home/onishi/WRF/chem -I/home/onishi/WRF/inc -I/home/onishi/NETCDF_DIR2//include  -real-size `expr 8 \* 4` -i4  module_kpp_gocartracm_Parameters.f90
0.00user 0.06system 0:00.08elapsed 87%CPU (0avgtext+0avgdata 38152maxresident)k
16inputs+112outputs (0major+5989minor)pagefaults 0swaps
rm -f module_kpp_gocartracm_JacobianSP.o
sed -e "s/^\!.*'.*//" -e "s/^ *\!.*'.*//" module_kpp_gocartracm_JacobianSP.F > module_kpp_gocartracm_JacobianSP.G
/lib/cpp -P -nostdinc -I/home/onishi/WRF/external/ioapi_share -I/home/onishi/WRF/inc -DEM_CORE=1 -DNMM_CORE=0 -DNMM_MAX_DIM=2600 -DDA_CORE=0 -DWRFPLUS=0 -DIWORDSIZE=4 -DDWORDSIZE=8 -DRWORDSIZE=4 -DLWORDSIZE=4 -DNONSTANDARD_SYSTEM_FUNC  -DWRF_USE_CLM -DUSE_NETCDF4_FEATURES -DWRFIO_NCD_LARGE_FILE_SUPPORT  -DDM_PARALLEL -DNETCDF -DGRIB2 -DHDF5 -DLANDREAD_STUB=1 -DUSE_ALLOCATABLES -Dwrfmodel -DGRIB1 -DINTIO -DKEEP_INT_AROUND -DLIMIT_ARGS -DBUILD_RRTMG_FAST=0 -DBUILD_RRTMK=0 -DBUILD_SBM_FAST=1 -DSHOW_ALL_VARS_USED=0 -DCONFIG_BUF_LEN=65536 -DMAX_DOMAINS_F=21 -DMAX_HISTORY=25 -DNMM_NEST=0 -DWRF_CHEM -DBUILD_CHEM=1 -DWRF_KPP -I. -traditional-cpp -DUSE_NETCDF4_FEATURES -DWRFIO_NCD_LARGE_FILE_SUPPORT   module_kpp_gocartracm_JacobianSP.G  > module_kpp_gocartracm_JacobianSP.bb
/home/onishi/WRF/tools/standard.exe module_kpp_gocartracm_JacobianSP.bb | /lib/cpp -P -nostdinc -I/home/onishi/WRF/external/ioapi_share -traditional-cpp -DUSE_NETCDF4_FEATURES -DWRFIO_NCD_LARGE_FILE_SUPPORT > module_kpp_gocartracm_JacobianSP.f90
rm -f module_kpp_gocartracm_JacobianSP.G module_kpp_gocartracm_JacobianSP.bb
time mpif90 -f90=ifort -o module_kpp_gocartracm_JacobianSP.o -c -O3 -ip -fp-model precise -w -ftz -align all -fno-alias -FR -convert big_endian    -I../dyn_em  -I/home/onishi/WRF/external/esmf_time_f90  -I/home/onishi/WRF/main -I/home/onishi/WRF/external/io_netcdf -I/home/onishi/WRF/external/io_int -I/home/onishi/WRF/frame -I/home/onishi/WRF/share -I/home/onishi/WRF/phys -I/home/onishi/WRF/wrftladj -I/home/onishi/WRF/chem -I/home/onishi/WRF/inc -I/home/onishi/NETCDF_DIR2//include  -real-size `expr 8 \* 4` -i4  module_kpp_gocartracm_JacobianSP.f90
0.03user 0.04system 0:00.09elapsed 88%CPU (0avgtext+0avgdata 39884maxresident)k
24inputs+616outputs (0major+6490minor)pagefaults 0swaps
rm -f module_kpp_gocartracm_Jacobian.o
sed -e "s/^\!.*'.*//" -e "s/^ *\!.*'.*//" module_kpp_gocartracm_Jacobian.F > module_kpp_gocartracm_Jacobian.G
/lib/cpp -P -nostdinc -I/home/onishi/WRF/external/ioapi_share -I/home/onishi/WRF/inc -DEM_CORE=1 -DNMM_CORE=0 -DNMM_MAX_DIM=2600 -DDA_CORE=0 -DWRFPLUS=0 -DIWORDSIZE=4 -DDWORDSIZE=8 -DRWORDSIZE=4 -DLWORDSIZE=4 -DNONSTANDARD_SYSTEM_FUNC  -DWRF_USE_CLM -DUSE_NETCDF4_FEATURES -DWRFIO_NCD_LARGE_FILE_SUPPORT  -DDM_PARALLEL -DNETCDF -DGRIB2 -DHDF5 -DLANDREAD_STUB=1 -DUSE_ALLOCATABLES -Dwrfmodel -DGRIB1 -DINTIO -DKEEP_INT_AROUND -DLIMIT_ARGS -DBUILD_RRTMG_FAST=0 -DBUILD_RRTMK=0 -DBUILD_SBM_FAST=1 -DSHOW_ALL_VARS_USED=0 -DCONFIG_BUF_LEN=65536 -DMAX_DOMAINS_F=21 -DMAX_HISTORY=25 -DNMM_NEST=0 -DWRF_CHEM -DBUILD_CHEM=1 -DWRF_KPP -I. -traditional-cpp -DUSE_NETCDF4_FEATURES -DWRFIO_NCD_LARGE_FILE_SUPPORT   module_kpp_gocartracm_Jacobian.G  > module_kpp_gocartracm_Jacobian.bb
/home/onishi/WRF/tools/standard.exe module_kpp_gocartracm_Jacobian.bb | /lib/cpp -P -nostdinc -I/home/onishi/WRF/external/ioapi_share -traditional-cpp -DUSE_NETCDF4_FEATURES -DWRFIO_NCD_LARGE_FILE_SUPPORT > module_kpp_gocartracm_Jacobian.f90
rm -f module_kpp_gocartracm_Jacobian.G module_kpp_gocartracm_Jacobian.bb
time mpif90 -f90=ifort -o module_kpp_gocartracm_Jacobian.o -c -O3 -ip -fp-model precise -w -ftz -align all -fno-alias -FR -convert big_endian    -I../dyn_em  -I/home/onishi/WRF/external/esmf_time_f90  -I/home/onishi/WRF/main -I/home/onishi/WRF/external/io_netcdf -I/home/onishi/WRF/external/io_int -I/home/onishi/WRF/frame -I/home/onishi/WRF/share -I/home/onishi/WRF/phys -I/home/onishi/WRF/wrftladj -I/home/onishi/WRF/chem -I/home/onishi/WRF/inc -I/home/onishi/NETCDF_DIR2//include  -real-size `expr 8 \* 4` -i4  module_kpp_gocartracm_Jacobian.f90
0.58user 0.06system 0:00.65elapsed 98%CPU (0avgtext+0avgdata 67104maxresident)k
608inputs+1232outputs (0major+14255minor)pagefaults 0swaps
rm -f module_kpp_gocartracm_Update_Rconst.o
sed -e "s/^\!.*'.*//" -e "s/^ *\!.*'.*//" module_kpp_gocartracm_Update_Rconst.F > module_kpp_gocartracm_Update_Rconst.G
/lib/cpp -P -nostdinc -I/home/onishi/WRF/external/ioapi_share -I/home/onishi/WRF/inc -DEM_CORE=1 -DNMM_CORE=0 -DNMM_MAX_DIM=2600 -DDA_CORE=0 -DWRFPLUS=0 -DIWORDSIZE=4 -DDWORDSIZE=8 -DRWORDSIZE=4 -DLWORDSIZE=4 -DNONSTANDARD_SYSTEM_FUNC  -DWRF_USE_CLM -DUSE_NETCDF4_FEATURES -DWRFIO_NCD_LARGE_FILE_SUPPORT  -DDM_PARALLEL -DNETCDF -DGRIB2 -DHDF5 -DLANDREAD_STUB=1 -DUSE_ALLOCATABLES -Dwrfmodel -DGRIB1 -DINTIO -DKEEP_INT_AROUND -DLIMIT_ARGS -DBUILD_RRTMG_FAST=0 -DBUILD_RRTMK=0 -DBUILD_SBM_FAST=1 -DSHOW_ALL_VARS_USED=0 -DCONFIG_BUF_LEN=65536 -DMAX_DOMAINS_F=21 -DMAX_HISTORY=25 -DNMM_NEST=0 -DWRF_CHEM -DBUILD_CHEM=1 -DWRF_KPP -I. -traditional-cpp -DUSE_NETCDF4_FEATURES -DWRFIO_NCD_LARGE_FILE_SUPPORT   module_kpp_gocartracm_Update_Rconst.G  > module_kpp_gocartracm_Update_Rconst.bb
/home/onishi/WRF/tools/standard.exe module_kpp_gocartracm_Update_Rconst.bb | /lib/cpp -P -nostdinc -I/home/onishi/WRF/external/ioapi_share -traditional-cpp -DUSE_NETCDF4_FEATURES -DWRFIO_NCD_LARGE_FILE_SUPPORT > module_kpp_gocartracm_Update_Rconst.f90
rm -f module_kpp_gocartracm_Update_Rconst.G module_kpp_gocartracm_Update_Rconst.bb
time mpif90 -f90=ifort -o module_kpp_gocartracm_Update_Rconst.o -c -O3 -ip -fp-model precise -w -ftz -align all -fno-alias -FR -convert big_endian    -I../dyn_em  -I/home/onishi/WRF/external/esmf_time_f90  -I/home/onishi/WRF/main -I/home/onishi/WRF/external/io_netcdf -I/home/onishi/WRF/external/io_int -I/home/onishi/WRF/frame -I/home/onishi/WRF/share -I/home/onishi/WRF/phys -I/home/onishi/WRF/wrftladj -I/home/onishi/WRF/chem -I/home/onishi/WRF/inc -I/home/onishi/NETCDF_DIR2//include  -real-size `expr 8 \* 4` -i4  module_kpp_gocartracm_Update_Rconst.f90
0.10user 0.08system 0:00.22elapsed 86%CPU (0avgtext+0avgdata 56028maxresident)k
32inputs+424outputs (0major+10635minor)pagefaults 0swaps
rm -f module_kpp_gocartracm_Integr.o
sed -e "s/^\!.*'.*//" -e "s/^ *\!.*'.*//" module_kpp_gocartracm_Integr.F > module_kpp_gocartracm_Integr.G
/lib/cpp -P -nostdinc -I/home/onishi/WRF/external/ioapi_share -I/home/onishi/WRF/inc -DEM_CORE=1 -DNMM_CORE=0 -DNMM_MAX_DIM=2600 -DDA_CORE=0 -DWRFPLUS=0 -DIWORDSIZE=4 -DDWORDSIZE=8 -DRWORDSIZE=4 -DLWORDSIZE=4 -DNONSTANDARD_SYSTEM_FUNC  -DWRF_USE_CLM -DUSE_NETCDF4_FEATURES -DWRFIO_NCD_LARGE_FILE_SUPPORT  -DDM_PARALLEL -DNETCDF -DGRIB2 -DHDF5 -DLANDREAD_STUB=1 -DUSE_ALLOCATABLES -Dwrfmodel -DGRIB1 -DINTIO -DKEEP_INT_AROUND -DLIMIT_ARGS -DBUILD_RRTMG_FAST=0 -DBUILD_RRTMK=0 -DBUILD_SBM_FAST=1 -DSHOW_ALL_VARS_USED=0 -DCONFIG_BUF_LEN=65536 -DMAX_DOMAINS_F=21 -DMAX_HISTORY=25 -DNMM_NEST=0 -DWRF_CHEM -DBUILD_CHEM=1 -DWRF_KPP -I. -traditional-cpp -DUSE_NETCDF4_FEATURES -DWRFIO_NCD_LARGE_FILE_SUPPORT   module_kpp_gocartracm_Integr.G  > module_kpp_gocartracm_Integr.bb
/home/onishi/WRF/tools/standard.exe module_kpp_gocartracm_Integr.bb | /lib/cpp -P -nostdinc -I/home/onishi/WRF/external/ioapi_share -traditional-cpp -DUSE_NETCDF4_FEATURES -DWRFIO_NCD_LARGE_FILE_SUPPORT > module_kpp_gocartracm_Integr.f90
rm -f module_kpp_gocartracm_Integr.G module_kpp_gocartracm_Integr.bb
time mpif90 -f90=ifort -o module_kpp_gocartracm_Integr.o -c -O3 -ip -fp-model precise -w -ftz -align all -fno-alias -FR -convert big_endian    -I../dyn_em  -I/home/onishi/WRF/external/esmf_time_f90  -I/home/onishi/WRF/main -I/home/onishi/WRF/external/io_netcdf -I/home/onishi/WRF/external/io_int -I/home/onishi/WRF/frame -I/home/onishi/WRF/share -I/home/onishi/WRF/phys -I/home/onishi/WRF/wrftladj -I/home/onishi/WRF/chem -I/home/onishi/WRF/inc -I/home/onishi/NETCDF_DIR2//include  -real-size `expr 8 \* 4` -i4  module_kpp_gocartracm_Integr.f90
12.15user 0.25system 0:12.44elapsed 99%CPU (0avgtext+0avgdata 309916maxresident)k
664inputs+8408outputs (0major+84546minor)pagefaults 0swaps
rm -f module_kpp_gocartracm_interface.o
sed -e "s/^\!.*'.*//" -e "s/^ *\!.*'.*//" module_kpp_gocartracm_interface.F > module_kpp_gocartracm_interface.G
/lib/cpp -P -nostdinc -I/home/onishi/WRF/external/ioapi_share -I/home/onishi/WRF/inc -DEM_CORE=1 -DNMM_CORE=0 -DNMM_MAX_DIM=2600 -DDA_CORE=0 -DWRFPLUS=0 -DIWORDSIZE=4 -DDWORDSIZE=8 -DRWORDSIZE=4 -DLWORDSIZE=4 -DNONSTANDARD_SYSTEM_FUNC  -DWRF_USE_CLM -DUSE_NETCDF4_FEATURES -DWRFIO_NCD_LARGE_FILE_SUPPORT  -DDM_PARALLEL -DNETCDF -DGRIB2 -DHDF5 -DLANDREAD_STUB=1 -DUSE_ALLOCATABLES -Dwrfmodel -DGRIB1 -DINTIO -DKEEP_INT_AROUND -DLIMIT_ARGS -DBUILD_RRTMG_FAST=0 -DBUILD_RRTMK=0 -DBUILD_SBM_FAST=1 -DSHOW_ALL_VARS_USED=0 -DCONFIG_BUF_LEN=65536 -DMAX_DOMAINS_F=21 -DMAX_HISTORY=25 -DNMM_NEST=0 -DWRF_CHEM -DBUILD_CHEM=1 -DWRF_KPP -I. -traditional-cpp -DUSE_NETCDF4_FEATURES -DWRFIO_NCD_LARGE_FILE_SUPPORT   module_kpp_gocartracm_interface.G  > module_kpp_gocartracm_interface.bb
/home/onishi/WRF/tools/standard.exe module_kpp_gocartracm_interface.bb | /lib/cpp -P -nostdinc -I/home/onishi/WRF/external/ioapi_share -traditional-cpp -DUSE_NETCDF4_FEATURES -DWRFIO_NCD_LARGE_FILE_SUPPORT > module_kpp_gocartracm_interface.f90
rm -f module_kpp_gocartracm_interface.G module_kpp_gocartracm_interface.bb
time mpif90 -f90=ifort -o module_kpp_gocartracm_interface.o -c -O3 -ip -fp-model precise -w -ftz -align all -fno-alias -FR -convert big_endian    -I../dyn_em  -I/home/onishi/WRF/external/esmf_time_f90  -I/home/onishi/WRF/main -I/home/onishi/WRF/external/io_netcdf -I/home/onishi/WRF/external/io_int -I/home/onishi/WRF/frame -I/home/onishi/WRF/share -I/home/onishi/WRF/phys -I/home/onishi/WRF/wrftladj -I/home/onishi/WRF/chem -I/home/onishi/WRF/inc -I/home/onishi/NETCDF_DIR2//include  -real-size `expr 8 \* 4` -i4  module_kpp_gocartracm_interface.f90
0.49user 0.09system 0:00.62elapsed 94%CPU (0avgtext+0avgdata 78064maxresident)k
264inputs+1488outputs (0major+15545minor)pagefaults 0swaps
rm -f module_kpp_mozart_Precision.o
sed -e "s/^\!.*'.*//" -e "s/^ *\!.*'.*//" module_kpp_mozart_Precision.F > module_kpp_mozart_Precision.G
/lib/cpp -P -nostdinc -I/home/onishi/WRF/external/ioapi_share -I/home/onishi/WRF/inc -DEM_CORE=1 -DNMM_CORE=0 -DNMM_MAX_DIM=2600 -DDA_CORE=0 -DWRFPLUS=0 -DIWORDSIZE=4 -DDWORDSIZE=8 -DRWORDSIZE=4 -DLWORDSIZE=4 -DNONSTANDARD_SYSTEM_FUNC  -DWRF_USE_CLM -DUSE_NETCDF4_FEATURES -DWRFIO_NCD_LARGE_FILE_SUPPORT  -DDM_PARALLEL -DNETCDF -DGRIB2 -DHDF5 -DLANDREAD_STUB=1 -DUSE_ALLOCATABLES -Dwrfmodel -DGRIB1 -DINTIO -DKEEP_INT_AROUND -DLIMIT_ARGS -DBUILD_RRTMG_FAST=0 -DBUILD_RRTMK=0 -DBUILD_SBM_FAST=1 -DSHOW_ALL_VARS_USED=0 -DCONFIG_BUF_LEN=65536 -DMAX_DOMAINS_F=21 -DMAX_HISTORY=25 -DNMM_NEST=0 -DWRF_CHEM -DBUILD_CHEM=1 -DWRF_KPP -I. -traditional-cpp -DUSE_NETCDF4_FEATURES -DWRFIO_NCD_LARGE_FILE_SUPPORT   module_kpp_mozart_Precision.G  > module_kpp_mozart_Precision.bb
/home/onishi/WRF/tools/standard.exe module_kpp_mozart_Precision.bb | /lib/cpp -P -nostdinc -I/home/onishi/WRF/external/ioapi_share -traditional-cpp -DUSE_NETCDF4_FEATURES -DWRFIO_NCD_LARGE_FILE_SUPPORT > module_kpp_mozart_Precision.f90
rm -f module_kpp_mozart_Precision.G module_kpp_mozart_Precision.bb
time mpif90 -f90=ifort -o module_kpp_mozart_Precision.o -c -O3 -ip -fp-model precise -w -ftz -align all -fno-alias -FR -convert big_endian    -I../dyn_em  -I/home/onishi/WRF/external/esmf_time_f90  -I/home/onishi/WRF/main -I/home/onishi/WRF/external/io_netcdf -I/home/onishi/WRF/external/io_int -I/home/onishi/WRF/frame -I/home/onishi/WRF/share -I/home/onishi/WRF/phys -I/home/onishi/WRF/wrftladj -I/home/onishi/WRF/chem -I/home/onishi/WRF/inc -I/home/onishi/NETCDF_DIR2//include  -real-size `expr 8 \* 4` -i4  module_kpp_mozart_Precision.f90
0.01user 0.05system 0:00.09elapsed 71%CPU (0avgtext+0avgdata 37688maxresident)k
8inputs+88outputs (0major+5965minor)pagefaults 0swaps
rm -f module_kpp_mozart_Parameters.o
sed -e "s/^\!.*'.*//" -e "s/^ *\!.*'.*//" module_kpp_mozart_Parameters.F > module_kpp_mozart_Parameters.G
/lib/cpp -P -nostdinc -I/home/onishi/WRF/external/ioapi_share -I/home/onishi/WRF/inc -DEM_CORE=1 -DNMM_CORE=0 -DNMM_MAX_DIM=2600 -DDA_CORE=0 -DWRFPLUS=0 -DIWORDSIZE=4 -DDWORDSIZE=8 -DRWORDSIZE=4 -DLWORDSIZE=4 -DNONSTANDARD_SYSTEM_FUNC  -DWRF_USE_CLM -DUSE_NETCDF4_FEATURES -DWRFIO_NCD_LARGE_FILE_SUPPORT  -DDM_PARALLEL -DNETCDF -DGRIB2 -DHDF5 -DLANDREAD_STUB=1 -DUSE_ALLOCATABLES -Dwrfmodel -DGRIB1 -DINTIO -DKEEP_INT_AROUND -DLIMIT_ARGS -DBUILD_RRTMG_FAST=0 -DBUILD_RRTMK=0 -DBUILD_SBM_FAST=1 -DSHOW_ALL_VARS_USED=0 -DCONFIG_BUF_LEN=65536 -DMAX_DOMAINS_F=21 -DMAX_HISTORY=25 -DNMM_NEST=0 -DWRF_CHEM -DBUILD_CHEM=1 -DWRF_KPP -I. -traditional-cpp -DUSE_NETCDF4_FEATURES -DWRFIO_NCD_LARGE_FILE_SUPPORT   module_kpp_mozart_Parameters.G  > module_kpp_mozart_Parameters.bb
/home/onishi/WRF/tools/standard.exe module_kpp_mozart_Parameters.bb | /lib/cpp -P -nostdinc -I/home/onishi/WRF/external/ioapi_share -traditional-cpp -DUSE_NETCDF4_FEATURES -DWRFIO_NCD_LARGE_FILE_SUPPORT > module_kpp_mozart_Parameters.f90
rm -f module_kpp_mozart_Parameters.G module_kpp_mozart_Parameters.bb
time mpif90 -f90=ifort -o module_kpp_mozart_Parameters.o -c -O3 -ip -fp-model precise -w -ftz -align all -fno-alias -FR -convert big_endian    -I../dyn_em  -I/home/onishi/WRF/external/esmf_time_f90  -I/home/onishi/WRF/main -I/home/onishi/WRF/external/io_netcdf -I/home/onishi/WRF/external/io_int -I/home/onishi/WRF/frame -I/home/onishi/WRF/share -I/home/onishi/WRF/phys -I/home/onishi/WRF/wrftladj -I/home/onishi/WRF/chem -I/home/onishi/WRF/inc -I/home/onishi/NETCDF_DIR2//include  -real-size `expr 8 \* 4` -i4  module_kpp_mozart_Parameters.f90
0.01user 0.05system 0:00.09elapsed 72%CPU (0avgtext+0avgdata 38108maxresident)k
16inputs+112outputs (0major+5981minor)pagefaults 0swaps
rm -f module_kpp_mozart_JacobianSP.o
sed -e "s/^\!.*'.*//" -e "s/^ *\!.*'.*//" module_kpp_mozart_JacobianSP.F > module_kpp_mozart_JacobianSP.G
/lib/cpp -P -nostdinc -I/home/onishi/WRF/external/ioapi_share -I/home/onishi/WRF/inc -DEM_CORE=1 -DNMM_CORE=0 -DNMM_MAX_DIM=2600 -DDA_CORE=0 -DWRFPLUS=0 -DIWORDSIZE=4 -DDWORDSIZE=8 -DRWORDSIZE=4 -DLWORDSIZE=4 -DNONSTANDARD_SYSTEM_FUNC  -DWRF_USE_CLM -DUSE_NETCDF4_FEATURES -DWRFIO_NCD_LARGE_FILE_SUPPORT  -DDM_PARALLEL -DNETCDF -DGRIB2 -DHDF5 -DLANDREAD_STUB=1 -DUSE_ALLOCATABLES -Dwrfmodel -DGRIB1 -DINTIO -DKEEP_INT_AROUND -DLIMIT_ARGS -DBUILD_RRTMG_FAST=0 -DBUILD_RRTMK=0 -DBUILD_SBM_FAST=1 -DSHOW_ALL_VARS_USED=0 -DCONFIG_BUF_LEN=65536 -DMAX_DOMAINS_F=21 -DMAX_HISTORY=25 -DNMM_NEST=0 -DWRF_CHEM -DBUILD_CHEM=1 -DWRF_KPP -I. -traditional-cpp -DUSE_NETCDF4_FEATURES -DWRFIO_NCD_LARGE_FILE_SUPPORT   module_kpp_mozart_JacobianSP.G  > module_kpp_mozart_JacobianSP.bb
/home/onishi/WRF/tools/standard.exe module_kpp_mozart_JacobianSP.bb | /lib/cpp -P -nostdinc -I/home/onishi/WRF/external/ioapi_share -traditional-cpp -DUSE_NETCDF4_FEATURES -DWRFIO_NCD_LARGE_FILE_SUPPORT > module_kpp_mozart_JacobianSP.f90
rm -f module_kpp_mozart_JacobianSP.G module_kpp_mozart_JacobianSP.bb
time mpif90 -f90=ifort -o module_kpp_mozart_JacobianSP.o -c -O3 -ip -fp-model precise -w -ftz -align all -fno-alias -FR -convert big_endian    -I../dyn_em  -I/home/onishi/WRF/external/esmf_time_f90  -I/home/onishi/WRF/main -I/home/onishi/WRF/external/io_netcdf -I/home/onishi/WRF/external/io_int -I/home/onishi/WRF/frame -I/home/onishi/WRF/share -I/home/onishi/WRF/phys -I/home/onishi/WRF/wrftladj -I/home/onishi/WRF/chem -I/home/onishi/WRF/inc -I/home/onishi/NETCDF_DIR2//include  -real-size `expr 8 \* 4` -i4  module_kpp_mozart_JacobianSP.f90
0.02user 0.05system 0:00.08elapsed 89%CPU (0avgtext+0avgdata 39496maxresident)k
24inputs+512outputs (0major+6375minor)pagefaults 0swaps
rm -f module_kpp_mozart_Jacobian.o
sed -e "s/^\!.*'.*//" -e "s/^ *\!.*'.*//" module_kpp_mozart_Jacobian.F > module_kpp_mozart_Jacobian.G
/lib/cpp -P -nostdinc -I/home/onishi/WRF/external/ioapi_share -I/home/onishi/WRF/inc -DEM_CORE=1 -DNMM_CORE=0 -DNMM_MAX_DIM=2600 -DDA_CORE=0 -DWRFPLUS=0 -DIWORDSIZE=4 -DDWORDSIZE=8 -DRWORDSIZE=4 -DLWORDSIZE=4 -DNONSTANDARD_SYSTEM_FUNC  -DWRF_USE_CLM -DUSE_NETCDF4_FEATURES -DWRFIO_NCD_LARGE_FILE_SUPPORT  -DDM_PARALLEL -DNETCDF -DGRIB2 -DHDF5 -DLANDREAD_STUB=1 -DUSE_ALLOCATABLES -Dwrfmodel -DGRIB1 -DINTIO -DKEEP_INT_AROUND -DLIMIT_ARGS -DBUILD_RRTMG_FAST=0 -DBUILD_RRTMK=0 -DBUILD_SBM_FAST=1 -DSHOW_ALL_VARS_USED=0 -DCONFIG_BUF_LEN=65536 -DMAX_DOMAINS_F=21 -DMAX_HISTORY=25 -DNMM_NEST=0 -DWRF_CHEM -DBUILD_CHEM=1 -DWRF_KPP -I. -traditional-cpp -DUSE_NETCDF4_FEATURES -DWRFIO_NCD_LARGE_FILE_SUPPORT   module_kpp_mozart_Jacobian.G  > module_kpp_mozart_Jacobian.bb
/home/onishi/WRF/tools/standard.exe module_kpp_mozart_Jacobian.bb | /lib/cpp -P -nostdinc -I/home/onishi/WRF/external/ioapi_share -traditional-cpp -DUSE_NETCDF4_FEATURES -DWRFIO_NCD_LARGE_FILE_SUPPORT > module_kpp_mozart_Jacobian.f90
rm -f module_kpp_mozart_Jacobian.G module_kpp_mozart_Jacobian.bb
time mpif90 -f90=ifort -o module_kpp_mozart_Jacobian.o -c -O3 -ip -fp-model precise -w -ftz -align all -fno-alias -FR -convert big_endian    -I../dyn_em  -I/home/onishi/WRF/external/esmf_time_f90  -I/home/onishi/WRF/main -I/home/onishi/WRF/external/io_netcdf -I/home/onishi/WRF/external/io_int -I/home/onishi/WRF/frame -I/home/onishi/WRF/share -I/home/onishi/WRF/phys -I/home/onishi/WRF/wrftladj -I/home/onishi/WRF/chem -I/home/onishi/WRF/inc -I/home/onishi/NETCDF_DIR2//include  -real-size `expr 8 \* 4` -i4  module_kpp_mozart_Jacobian.f90
0.44user 0.07system 0:00.52elapsed 97%CPU (0avgtext+0avgdata 62132maxresident)k
496inputs+1008outputs (0major+12685minor)pagefaults 0swaps
rm -f module_kpp_mozart_Update_Rconst.o
sed -e "s/^\!.*'.*//" -e "s/^ *\!.*'.*//" module_kpp_mozart_Update_Rconst.F > module_kpp_mozart_Update_Rconst.G
/lib/cpp -P -nostdinc -I/home/onishi/WRF/external/ioapi_share -I/home/onishi/WRF/inc -DEM_CORE=1 -DNMM_CORE=0 -DNMM_MAX_DIM=2600 -DDA_CORE=0 -DWRFPLUS=0 -DIWORDSIZE=4 -DDWORDSIZE=8 -DRWORDSIZE=4 -DLWORDSIZE=4 -DNONSTANDARD_SYSTEM_FUNC  -DWRF_USE_CLM -DUSE_NETCDF4_FEATURES -DWRFIO_NCD_LARGE_FILE_SUPPORT  -DDM_PARALLEL -DNETCDF -DGRIB2 -DHDF5 -DLANDREAD_STUB=1 -DUSE_ALLOCATABLES -Dwrfmodel -DGRIB1 -DINTIO -DKEEP_INT_AROUND -DLIMIT_ARGS -DBUILD_RRTMG_FAST=0 -DBUILD_RRTMK=0 -DBUILD_SBM_FAST=1 -DSHOW_ALL_VARS_USED=0 -DCONFIG_BUF_LEN=65536 -DMAX_DOMAINS_F=21 -DMAX_HISTORY=25 -DNMM_NEST=0 -DWRF_CHEM -DBUILD_CHEM=1 -DWRF_KPP -I. -traditional-cpp -DUSE_NETCDF4_FEATURES -DWRFIO_NCD_LARGE_FILE_SUPPORT   module_kpp_mozart_Update_Rconst.G  > module_kpp_mozart_Update_Rconst.bb
/home/onishi/WRF/tools/standard.exe module_kpp_mozart_Update_Rconst.bb | /lib/cpp -P -nostdinc -I/home/onishi/WRF/external/ioapi_share -traditional-cpp -DUSE_NETCDF4_FEATURES -DWRFIO_NCD_LARGE_FILE_SUPPORT > module_kpp_mozart_Update_Rconst.f90
rm -f module_kpp_mozart_Update_Rconst.G module_kpp_mozart_Update_Rconst.bb
time mpif90 -f90=ifort -o module_kpp_mozart_Update_Rconst.o -c -O3 -ip -fp-model precise -w -ftz -align all -fno-alias -FR -convert big_endian    -I../dyn_em  -I/home/onishi/WRF/external/esmf_time_f90  -I/home/onishi/WRF/main -I/home/onishi/WRF/external/io_netcdf -I/home/onishi/WRF/external/io_int -I/home/onishi/WRF/frame -I/home/onishi/WRF/share -I/home/onishi/WRF/phys -I/home/onishi/WRF/wrftladj -I/home/onishi/WRF/chem -I/home/onishi/WRF/inc -I/home/onishi/NETCDF_DIR2//include  -real-size `expr 8 \* 4` -i4  module_kpp_mozart_Update_Rconst.f90
0.11user 0.08system 0:00.21elapsed 95%CPU (0avgtext+0avgdata 56556maxresident)k
40inputs+424outputs (0major+10619minor)pagefaults 0swaps
rm -f module_kpp_mozart_Integr.o
sed -e "s/^\!.*'.*//" -e "s/^ *\!.*'.*//" module_kpp_mozart_Integr.F > module_kpp_mozart_Integr.G
/lib/cpp -P -nostdinc -I/home/onishi/WRF/external/ioapi_share -I/home/onishi/WRF/inc -DEM_CORE=1 -DNMM_CORE=0 -DNMM_MAX_DIM=2600 -DDA_CORE=0 -DWRFPLUS=0 -DIWORDSIZE=4 -DDWORDSIZE=8 -DRWORDSIZE=4 -DLWORDSIZE=4 -DNONSTANDARD_SYSTEM_FUNC  -DWRF_USE_CLM -DUSE_NETCDF4_FEATURES -DWRFIO_NCD_LARGE_FILE_SUPPORT  -DDM_PARALLEL -DNETCDF -DGRIB2 -DHDF5 -DLANDREAD_STUB=1 -DUSE_ALLOCATABLES -Dwrfmodel -DGRIB1 -DINTIO -DKEEP_INT_AROUND -DLIMIT_ARGS -DBUILD_RRTMG_FAST=0 -DBUILD_RRTMK=0 -DBUILD_SBM_FAST=1 -DSHOW_ALL_VARS_USED=0 -DCONFIG_BUF_LEN=65536 -DMAX_DOMAINS_F=21 -DMAX_HISTORY=25 -DNMM_NEST=0 -DWRF_CHEM -DBUILD_CHEM=1 -DWRF_KPP -I. -traditional-cpp -DUSE_NETCDF4_FEATURES -DWRFIO_NCD_LARGE_FILE_SUPPORT   module_kpp_mozart_Integr.G  > module_kpp_mozart_Integr.bb
/home/onishi/WRF/tools/standard.exe module_kpp_mozart_Integr.bb | /lib/cpp -P -nostdinc -I/home/onishi/WRF/external/ioapi_share -traditional-cpp -DUSE_NETCDF4_FEATURES -DWRFIO_NCD_LARGE_FILE_SUPPORT > module_kpp_mozart_Integr.f90
rm -f module_kpp_mozart_Integr.G module_kpp_mozart_Integr.bb
time mpif90 -f90=ifort -o module_kpp_mozart_Integr.o -c -O3 -ip -fp-model precise -w -ftz -align all -fno-alias -FR -convert big_endian    -I../dyn_em  -I/home/onishi/WRF/external/esmf_time_f90  -I/home/onishi/WRF/main -I/home/onishi/WRF/external/io_netcdf -I/home/onishi/WRF/external/io_int -I/home/onishi/WRF/frame -I/home/onishi/WRF/share -I/home/onishi/WRF/phys -I/home/onishi/WRF/wrftladj -I/home/onishi/WRF/chem -I/home/onishi/WRF/inc -I/home/onishi/NETCDF_DIR2//include  -real-size `expr 8 \* 4` -i4  module_kpp_mozart_Integr.f90
6.05user 0.17system 0:06.23elapsed 99%CPU (0avgtext+0avgdata 171840maxresident)k
480inputs+6032outputs (0major+49106minor)pagefaults 0swaps
rm -f module_kpp_mozart_interface.o
sed -e "s/^\!.*'.*//" -e "s/^ *\!.*'.*//" module_kpp_mozart_interface.F > module_kpp_mozart_interface.G
/lib/cpp -P -nostdinc -I/home/onishi/WRF/external/ioapi_share -I/home/onishi/WRF/inc -DEM_CORE=1 -DNMM_CORE=0 -DNMM_MAX_DIM=2600 -DDA_CORE=0 -DWRFPLUS=0 -DIWORDSIZE=4 -DDWORDSIZE=8 -DRWORDSIZE=4 -DLWORDSIZE=4 -DNONSTANDARD_SYSTEM_FUNC  -DWRF_USE_CLM -DUSE_NETCDF4_FEATURES -DWRFIO_NCD_LARGE_FILE_SUPPORT  -DDM_PARALLEL -DNETCDF -DGRIB2 -DHDF5 -DLANDREAD_STUB=1 -DUSE_ALLOCATABLES -Dwrfmodel -DGRIB1 -DINTIO -DKEEP_INT_AROUND -DLIMIT_ARGS -DBUILD_RRTMG_FAST=0 -DBUILD_RRTMK=0 -DBUILD_SBM_FAST=1 -DSHOW_ALL_VARS_USED=0 -DCONFIG_BUF_LEN=65536 -DMAX_DOMAINS_F=21 -DMAX_HISTORY=25 -DNMM_NEST=0 -DWRF_CHEM -DBUILD_CHEM=1 -DWRF_KPP -I. -traditional-cpp -DUSE_NETCDF4_FEATURES -DWRFIO_NCD_LARGE_FILE_SUPPORT   module_kpp_mozart_interface.G  > module_kpp_mozart_interface.bb
/home/onishi/WRF/tools/standard.exe module_kpp_mozart_interface.bb | /lib/cpp -P -nostdinc -I/home/onishi/WRF/external/ioapi_share -traditional-cpp -DUSE_NETCDF4_FEATURES -DWRFIO_NCD_LARGE_FILE_SUPPORT > module_kpp_mozart_interface.f90
rm -f module_kpp_mozart_interface.G module_kpp_mozart_interface.bb
time mpif90 -f90=ifort -o module_kpp_mozart_interface.o -c -O3 -ip -fp-model precise -w -ftz -align all -fno-alias -FR -convert big_endian    -I../dyn_em  -I/home/onishi/WRF/external/esmf_time_f90  -I/home/onishi/WRF/main -I/home/onishi/WRF/external/io_netcdf -I/home/onishi/WRF/external/io_int -I/home/onishi/WRF/frame -I/home/onishi/WRF/share -I/home/onishi/WRF/phys -I/home/onishi/WRF/wrftladj -I/home/onishi/WRF/chem -I/home/onishi/WRF/inc -I/home/onishi/NETCDF_DIR2//include  -real-size `expr 8 \* 4` -i4  module_kpp_mozart_interface.f90
0.52user 0.09system 0:00.65elapsed 94%CPU (0avgtext+0avgdata 80768maxresident)k
256inputs+1520outputs (0major+16286minor)pagefaults 0swaps
rm -f module_kpp_mozart_mosaic_4bin_Precision.o
sed -e "s/^\!.*'.*//" -e "s/^ *\!.*'.*//" module_kpp_mozart_mosaic_4bin_Precision.F > module_kpp_mozart_mosaic_4bin_Precision.G
/lib/cpp -P -nostdinc -I/home/onishi/WRF/external/ioapi_share -I/home/onishi/WRF/inc -DEM_CORE=1 -DNMM_CORE=0 -DNMM_MAX_DIM=2600 -DDA_CORE=0 -DWRFPLUS=0 -DIWORDSIZE=4 -DDWORDSIZE=8 -DRWORDSIZE=4 -DLWORDSIZE=4 -DNONSTANDARD_SYSTEM_FUNC  -DWRF_USE_CLM -DUSE_NETCDF4_FEATURES -DWRFIO_NCD_LARGE_FILE_SUPPORT  -DDM_PARALLEL -DNETCDF -DGRIB2 -DHDF5 -DLANDREAD_STUB=1 -DUSE_ALLOCATABLES -Dwrfmodel -DGRIB1 -DINTIO -DKEEP_INT_AROUND -DLIMIT_ARGS -DBUILD_RRTMG_FAST=0 -DBUILD_RRTMK=0 -DBUILD_SBM_FAST=1 -DSHOW_ALL_VARS_USED=0 -DCONFIG_BUF_LEN=65536 -DMAX_DOMAINS_F=21 -DMAX_HISTORY=25 -DNMM_NEST=0 -DWRF_CHEM -DBUILD_CHEM=1 -DWRF_KPP -I. -traditional-cpp -DUSE_NETCDF4_FEATURES -DWRFIO_NCD_LARGE_FILE_SUPPORT   module_kpp_mozart_mosaic_4bin_Precision.G  > module_kpp_mozart_mosaic_4bin_Precision.bb
/home/onishi/WRF/tools/standard.exe module_kpp_mozart_mosaic_4bin_Precision.bb | /lib/cpp -P -nostdinc -I/home/onishi/WRF/external/ioapi_share -traditional-cpp -DUSE_NETCDF4_FEATURES -DWRFIO_NCD_LARGE_FILE_SUPPORT > module_kpp_mozart_mosaic_4bin_Precision.f90
rm -f module_kpp_mozart_mosaic_4bin_Precision.G module_kpp_mozart_mosaic_4bin_Precision.bb
time mpif90 -f90=ifort -o module_kpp_mozart_mosaic_4bin_Precision.o -c -O3 -ip -fp-model precise -w -ftz -align all -fno-alias -FR -convert big_endian    -I../dyn_em  -I/home/onishi/WRF/external/esmf_time_f90  -I/home/onishi/WRF/main -I/home/onishi/WRF/external/io_netcdf -I/home/onishi/WRF/external/io_int -I/home/onishi/WRF/frame -I/home/onishi/WRF/share -I/home/onishi/WRF/phys -I/home/onishi/WRF/wrftladj -I/home/onishi/WRF/chem -I/home/onishi/WRF/inc -I/home/onishi/NETCDF_DIR2//include  -real-size `expr 8 \* 4` -i4  module_kpp_mozart_mosaic_4bin_Precision.f90
0.01user 0.05system 0:00.09elapsed 72%CPU (0avgtext+0avgdata 37816maxresident)k
8inputs+88outputs (0major+5968minor)pagefaults 0swaps
rm -f module_kpp_mozart_mosaic_4bin_Parameters.o
sed -e "s/^\!.*'.*//" -e "s/^ *\!.*'.*//" module_kpp_mozart_mosaic_4bin_Parameters.F > module_kpp_mozart_mosaic_4bin_Parameters.G
/lib/cpp -P -nostdinc -I/home/onishi/WRF/external/ioapi_share -I/home/onishi/WRF/inc -DEM_CORE=1 -DNMM_CORE=0 -DNMM_MAX_DIM=2600 -DDA_CORE=0 -DWRFPLUS=0 -DIWORDSIZE=4 -DDWORDSIZE=8 -DRWORDSIZE=4 -DLWORDSIZE=4 -DNONSTANDARD_SYSTEM_FUNC  -DWRF_USE_CLM -DUSE_NETCDF4_FEATURES -DWRFIO_NCD_LARGE_FILE_SUPPORT  -DDM_PARALLEL -DNETCDF -DGRIB2 -DHDF5 -DLANDREAD_STUB=1 -DUSE_ALLOCATABLES -Dwrfmodel -DGRIB1 -DINTIO -DKEEP_INT_AROUND -DLIMIT_ARGS -DBUILD_RRTMG_FAST=0 -DBUILD_RRTMK=0 -DBUILD_SBM_FAST=1 -DSHOW_ALL_VARS_USED=0 -DCONFIG_BUF_LEN=65536 -DMAX_DOMAINS_F=21 -DMAX_HISTORY=25 -DNMM_NEST=0 -DWRF_CHEM -DBUILD_CHEM=1 -DWRF_KPP -I. -traditional-cpp -DUSE_NETCDF4_FEATURES -DWRFIO_NCD_LARGE_FILE_SUPPORT   module_kpp_mozart_mosaic_4bin_Parameters.G  > module_kpp_mozart_mosaic_4bin_Parameters.bb
/home/onishi/WRF/tools/standard.exe module_kpp_mozart_mosaic_4bin_Parameters.bb | /lib/cpp -P -nostdinc -I/home/onishi/WRF/external/ioapi_share -traditional-cpp -DUSE_NETCDF4_FEATURES -DWRFIO_NCD_LARGE_FILE_SUPPORT > module_kpp_mozart_mosaic_4bin_Parameters.f90
rm -f module_kpp_mozart_mosaic_4bin_Parameters.G module_kpp_mozart_mosaic_4bin_Parameters.bb
time mpif90 -f90=ifort -o module_kpp_mozart_mosaic_4bin_Parameters.o -c -O3 -ip -fp-model precise -w -ftz -align all -fno-alias -FR -convert big_endian    -I../dyn_em  -I/home/onishi/WRF/external/esmf_time_f90  -I/home/onishi/WRF/main -I/home/onishi/WRF/external/io_netcdf -I/home/onishi/WRF/external/io_int -I/home/onishi/WRF/frame -I/home/onishi/WRF/share -I/home/onishi/WRF/phys -I/home/onishi/WRF/wrftladj -I/home/onishi/WRF/chem -I/home/onishi/WRF/inc -I/home/onishi/NETCDF_DIR2//include  -real-size `expr 8 \* 4` -i4  module_kpp_mozart_mosaic_4bin_Parameters.f90
0.01user 0.05system 0:00.08elapsed 88%CPU (0avgtext+0avgdata 38276maxresident)k
24inputs+128outputs (0major+6022minor)pagefaults 0swaps
rm -f module_kpp_mozart_mosaic_4bin_JacobianSP.o
sed -e "s/^\!.*'.*//" -e "s/^ *\!.*'.*//" module_kpp_mozart_mosaic_4bin_JacobianSP.F > module_kpp_mozart_mosaic_4bin_JacobianSP.G
/lib/cpp -P -nostdinc -I/home/onishi/WRF/external/ioapi_share -I/home/onishi/WRF/inc -DEM_CORE=1 -DNMM_CORE=0 -DNMM_MAX_DIM=2600 -DDA_CORE=0 -DWRFPLUS=0 -DIWORDSIZE=4 -DDWORDSIZE=8 -DRWORDSIZE=4 -DLWORDSIZE=4 -DNONSTANDARD_SYSTEM_FUNC  -DWRF_USE_CLM -DUSE_NETCDF4_FEATURES -DWRFIO_NCD_LARGE_FILE_SUPPORT  -DDM_PARALLEL -DNETCDF -DGRIB2 -DHDF5 -DLANDREAD_STUB=1 -DUSE_ALLOCATABLES -Dwrfmodel -DGRIB1 -DINTIO -DKEEP_INT_AROUND -DLIMIT_ARGS -DBUILD_RRTMG_FAST=0 -DBUILD_RRTMK=0 -DBUILD_SBM_FAST=1 -DSHOW_ALL_VARS_USED=0 -DCONFIG_BUF_LEN=65536 -DMAX_DOMAINS_F=21 -DMAX_HISTORY=25 -DNMM_NEST=0 -DWRF_CHEM -DBUILD_CHEM=1 -DWRF_KPP -I. -traditional-cpp -DUSE_NETCDF4_FEATURES -DWRFIO_NCD_LARGE_FILE_SUPPORT   module_kpp_mozart_mosaic_4bin_JacobianSP.G  > module_kpp_mozart_mosaic_4bin_JacobianSP.bb
/home/onishi/WRF/tools/standard.exe module_kpp_mozart_mosaic_4bin_JacobianSP.bb | /lib/cpp -P -nostdinc -I/home/onishi/WRF/external/ioapi_share -traditional-cpp -DUSE_NETCDF4_FEATURES -DWRFIO_NCD_LARGE_FILE_SUPPORT > module_kpp_mozart_mosaic_4bin_JacobianSP.f90
rm -f module_kpp_mozart_mosaic_4bin_JacobianSP.G module_kpp_mozart_mosaic_4bin_JacobianSP.bb
time mpif90 -f90=ifort -o module_kpp_mozart_mosaic_4bin_JacobianSP.o -c -O3 -ip -fp-model precise -w -ftz -align all -fno-alias -FR -convert big_endian    -I../dyn_em  -I/home/onishi/WRF/external/esmf_time_f90  -I/home/onishi/WRF/main -I/home/onishi/WRF/external/io_netcdf -I/home/onishi/WRF/external/io_int -I/home/onishi/WRF/frame -I/home/onishi/WRF/share -I/home/onishi/WRF/phys -I/home/onishi/WRF/wrftladj -I/home/onishi/WRF/chem -I/home/onishi/WRF/inc -I/home/onishi/NETCDF_DIR2//include  -real-size `expr 8 \* 4` -i4  module_kpp_mozart_mosaic_4bin_JacobianSP.f90
0.03user 0.06system 0:00.10elapsed 90%CPU (0avgtext+0avgdata 40724maxresident)k
32inputs+848outputs (0major+6743minor)pagefaults 0swaps
rm -f module_kpp_mozart_mosaic_4bin_Jacobian.o
sed -e "s/^\!.*'.*//" -e "s/^ *\!.*'.*//" module_kpp_mozart_mosaic_4bin_Jacobian.F > module_kpp_mozart_mosaic_4bin_Jacobian.G
/lib/cpp -P -nostdinc -I/home/onishi/WRF/external/ioapi_share -I/home/onishi/WRF/inc -DEM_CORE=1 -DNMM_CORE=0 -DNMM_MAX_DIM=2600 -DDA_CORE=0 -DWRFPLUS=0 -DIWORDSIZE=4 -DDWORDSIZE=8 -DRWORDSIZE=4 -DLWORDSIZE=4 -DNONSTANDARD_SYSTEM_FUNC  -DWRF_USE_CLM -DUSE_NETCDF4_FEATURES -DWRFIO_NCD_LARGE_FILE_SUPPORT  -DDM_PARALLEL -DNETCDF -DGRIB2 -DHDF5 -DLANDREAD_STUB=1 -DUSE_ALLOCATABLES -Dwrfmodel -DGRIB1 -DINTIO -DKEEP_INT_AROUND -DLIMIT_ARGS -DBUILD_RRTMG_FAST=0 -DBUILD_RRTMK=0 -DBUILD_SBM_FAST=1 -DSHOW_ALL_VARS_USED=0 -DCONFIG_BUF_LEN=65536 -DMAX_DOMAINS_F=21 -DMAX_HISTORY=25 -DNMM_NEST=0 -DWRF_CHEM -DBUILD_CHEM=1 -DWRF_KPP -I. -traditional-cpp -DUSE_NETCDF4_FEATURES -DWRFIO_NCD_LARGE_FILE_SUPPORT   module_kpp_mozart_mosaic_4bin_Jacobian.G  > module_kpp_mozart_mosaic_4bin_Jacobian.bb
/home/onishi/WRF/tools/standard.exe module_kpp_mozart_mosaic_4bin_Jacobian.bb | /lib/cpp -P -nostdinc -I/home/onishi/WRF/external/ioapi_share -traditional-cpp -DUSE_NETCDF4_FEATURES -DWRFIO_NCD_LARGE_FILE_SUPPORT > module_kpp_mozart_mosaic_4bin_Jacobian.f90
rm -f module_kpp_mozart_mosaic_4bin_Jacobian.G module_kpp_mozart_mosaic_4bin_Jacobian.bb
time mpif90 -f90=ifort -o module_kpp_mozart_mosaic_4bin_Jacobian.o -c -O3 -ip -fp-model precise -w -ftz -align all -fno-alias -FR -convert big_endian    -I../dyn_em  -I/home/onishi/WRF/external/esmf_time_f90  -I/home/onishi/WRF/main -I/home/onishi/WRF/external/io_netcdf -I/home/onishi/WRF/external/io_int -I/home/onishi/WRF/frame -I/home/onishi/WRF/share -I/home/onishi/WRF/phys -I/home/onishi/WRF/wrftladj -I/home/onishi/WRF/chem -I/home/onishi/WRF/inc -I/home/onishi/NETCDF_DIR2//include  -real-size `expr 8 \* 4` -i4  module_kpp_mozart_mosaic_4bin_Jacobian.f90
0.96user 0.09system 0:01.07elapsed 98%CPU (0avgtext+0avgdata 92184maxresident)k
872inputs+1720outputs (0major+21335minor)pagefaults 0swaps
rm -f module_kpp_mozart_mosaic_4bin_Update_Rconst.o
sed -e "s/^\!.*'.*//" -e "s/^ *\!.*'.*//" module_kpp_mozart_mosaic_4bin_Update_Rconst.F > module_kpp_mozart_mosaic_4bin_Update_Rconst.G
/lib/cpp -P -nostdinc -I/home/onishi/WRF/external/ioapi_share -I/home/onishi/WRF/inc -DEM_CORE=1 -DNMM_CORE=0 -DNMM_MAX_DIM=2600 -DDA_CORE=0 -DWRFPLUS=0 -DIWORDSIZE=4 -DDWORDSIZE=8 -DRWORDSIZE=4 -DLWORDSIZE=4 -DNONSTANDARD_SYSTEM_FUNC  -DWRF_USE_CLM -DUSE_NETCDF4_FEATURES -DWRFIO_NCD_LARGE_FILE_SUPPORT  -DDM_PARALLEL -DNETCDF -DGRIB2 -DHDF5 -DLANDREAD_STUB=1 -DUSE_ALLOCATABLES -Dwrfmodel -DGRIB1 -DINTIO -DKEEP_INT_AROUND -DLIMIT_ARGS -DBUILD_RRTMG_FAST=0 -DBUILD_RRTMK=0 -DBUILD_SBM_FAST=1 -DSHOW_ALL_VARS_USED=0 -DCONFIG_BUF_LEN=65536 -DMAX_DOMAINS_F=21 -DMAX_HISTORY=25 -DNMM_NEST=0 -DWRF_CHEM -DBUILD_CHEM=1 -DWRF_KPP -I. -traditional-cpp -DUSE_NETCDF4_FEATURES -DWRFIO_NCD_LARGE_FILE_SUPPORT   module_kpp_mozart_mosaic_4bin_Update_Rconst.G  > module_kpp_mozart_mosaic_4bin_Update_Rconst.bb
/home/onishi/WRF/tools/standard.exe module_kpp_mozart_mosaic_4bin_Update_Rconst.bb | /lib/cpp -P -nostdinc -I/home/onishi/WRF/external/ioapi_share -traditional-cpp -DUSE_NETCDF4_FEATURES -DWRFIO_NCD_LARGE_FILE_SUPPORT > module_kpp_mozart_mosaic_4bin_Update_Rconst.f90
rm -f module_kpp_mozart_mosaic_4bin_Update_Rconst.G module_kpp_mozart_mosaic_4bin_Update_Rconst.bb
time mpif90 -f90=ifort -o module_kpp_mozart_mosaic_4bin_Update_Rconst.o -c -O3 -ip -fp-model precise -w -ftz -align all -fno-alias -FR -convert big_endian    -I../dyn_em  -I/home/onishi/WRF/external/esmf_time_f90  -I/home/onishi/WRF/main -I/home/onishi/WRF/external/io_netcdf -I/home/onishi/WRF/external/io_int -I/home/onishi/WRF/frame -I/home/onishi/WRF/share -I/home/onishi/WRF/phys -I/home/onishi/WRF/wrftladj -I/home/onishi/WRF/chem -I/home/onishi/WRF/inc -I/home/onishi/NETCDF_DIR2//include  -real-size `expr 8 \* 4` -i4  module_kpp_mozart_mosaic_4bin_Update_Rconst.f90
0.19user 0.06system 0:00.28elapsed 90%CPU (0avgtext+0avgdata 61740maxresident)k
48inputs+536outputs (0major+12077minor)pagefaults 0swaps
rm -f module_kpp_mozart_mosaic_4bin_Integr.o
sed -e "s/^\!.*'.*//" -e "s/^ *\!.*'.*//" module_kpp_mozart_mosaic_4bin_Integr.F > module_kpp_mozart_mosaic_4bin_Integr.G
/lib/cpp -P -nostdinc -I/home/onishi/WRF/external/ioapi_share -I/home/onishi/WRF/inc -DEM_CORE=1 -DNMM_CORE=0 -DNMM_MAX_DIM=2600 -DDA_CORE=0 -DWRFPLUS=0 -DIWORDSIZE=4 -DDWORDSIZE=8 -DRWORDSIZE=4 -DLWORDSIZE=4 -DNONSTANDARD_SYSTEM_FUNC  -DWRF_USE_CLM -DUSE_NETCDF4_FEATURES -DWRFIO_NCD_LARGE_FILE_SUPPORT  -DDM_PARALLEL -DNETCDF -DGRIB2 -DHDF5 -DLANDREAD_STUB=1 -DUSE_ALLOCATABLES -Dwrfmodel -DGRIB1 -DINTIO -DKEEP_INT_AROUND -DLIMIT_ARGS -DBUILD_RRTMG_FAST=0 -DBUILD_RRTMK=0 -DBUILD_SBM_FAST=1 -DSHOW_ALL_VARS_USED=0 -DCONFIG_BUF_LEN=65536 -DMAX_DOMAINS_F=21 -DMAX_HISTORY=25 -DNMM_NEST=0 -DWRF_CHEM -DBUILD_CHEM=1 -DWRF_KPP -I. -traditional-cpp -DUSE_NETCDF4_FEATURES -DWRFIO_NCD_LARGE_FILE_SUPPORT   module_kpp_mozart_mosaic_4bin_Integr.G  > module_kpp_mozart_mosaic_4bin_Integr.bb
/home/onishi/WRF/tools/standard.exe module_kpp_mozart_mosaic_4bin_Integr.bb | /lib/cpp -P -nostdinc -I/home/onishi/WRF/external/ioapi_share -traditional-cpp -DUSE_NETCDF4_FEATURES -DWRFIO_NCD_LARGE_FILE_SUPPORT > module_kpp_mozart_mosaic_4bin_Integr.f90
rm -f module_kpp_mozart_mosaic_4bin_Integr.G module_kpp_mozart_mosaic_4bin_Integr.bb
time mpif90 -f90=ifort -o module_kpp_mozart_mosaic_4bin_Integr.o -c -O3 -ip -fp-model precise -w -ftz -align all -fno-alias -FR -convert big_endian    -I../dyn_em  -I/home/onishi/WRF/external/esmf_time_f90  -I/home/onishi/WRF/main -I/home/onishi/WRF/external/io_netcdf -I/home/onishi/WRF/external/io_int -I/home/onishi/WRF/frame -I/home/onishi/WRF/share -I/home/onishi/WRF/phys -I/home/onishi/WRF/wrftladj -I/home/onishi/WRF/chem -I/home/onishi/WRF/inc -I/home/onishi/NETCDF_DIR2//include  -real-size `expr 8 \* 4` -i4  module_kpp_mozart_mosaic_4bin_Integr.f90
15.41user 0.35system 0:15.79elapsed 99%CPU (0avgtext+0avgdata 257048maxresident)k
784inputs+9712outputs (0major+75604minor)pagefaults 0swaps
rm -f module_kpp_mozart_mosaic_4bin_interface.o
sed -e "s/^\!.*'.*//" -e "s/^ *\!.*'.*//" module_kpp_mozart_mosaic_4bin_interface.F > module_kpp_mozart_mosaic_4bin_interface.G
/lib/cpp -P -nostdinc -I/home/onishi/WRF/external/ioapi_share -I/home/onishi/WRF/inc -DEM_CORE=1 -DNMM_CORE=0 -DNMM_MAX_DIM=2600 -DDA_CORE=0 -DWRFPLUS=0 -DIWORDSIZE=4 -DDWORDSIZE=8 -DRWORDSIZE=4 -DLWORDSIZE=4 -DNONSTANDARD_SYSTEM_FUNC  -DWRF_USE_CLM -DUSE_NETCDF4_FEATURES -DWRFIO_NCD_LARGE_FILE_SUPPORT  -DDM_PARALLEL -DNETCDF -DGRIB2 -DHDF5 -DLANDREAD_STUB=1 -DUSE_ALLOCATABLES -Dwrfmodel -DGRIB1 -DINTIO -DKEEP_INT_AROUND -DLIMIT_ARGS -DBUILD_RRTMG_FAST=0 -DBUILD_RRTMK=0 -DBUILD_SBM_FAST=1 -DSHOW_ALL_VARS_USED=0 -DCONFIG_BUF_LEN=65536 -DMAX_DOMAINS_F=21 -DMAX_HISTORY=25 -DNMM_NEST=0 -DWRF_CHEM -DBUILD_CHEM=1 -DWRF_KPP -I. -traditional-cpp -DUSE_NETCDF4_FEATURES -DWRFIO_NCD_LARGE_FILE_SUPPORT   module_kpp_mozart_mosaic_4bin_interface.G  > module_kpp_mozart_mosaic_4bin_interface.bb
/home/onishi/WRF/tools/standard.exe module_kpp_mozart_mosaic_4bin_interface.bb | /lib/cpp -P -nostdinc -I/home/onishi/WRF/external/ioapi_share -traditional-cpp -DUSE_NETCDF4_FEATURES -DWRFIO_NCD_LARGE_FILE_SUPPORT > module_kpp_mozart_mosaic_4bin_interface.f90
rm -f module_kpp_mozart_mosaic_4bin_interface.G module_kpp_mozart_mosaic_4bin_interface.bb
time mpif90 -f90=ifort -o module_kpp_mozart_mosaic_4bin_interface.o -c -O3 -ip -fp-model precise -w -ftz -align all -fno-alias -FR -convert big_endian    -I../dyn_em  -I/home/onishi/WRF/external/esmf_time_f90  -I/home/onishi/WRF/main -I/home/onishi/WRF/external/io_netcdf -I/home/onishi/WRF/external/io_int -I/home/onishi/WRF/frame -I/home/onishi/WRF/share -I/home/onishi/WRF/phys -I/home/onishi/WRF/wrftladj -I/home/onishi/WRF/chem -I/home/onishi/WRF/inc -I/home/onishi/NETCDF_DIR2//include  -real-size `expr 8 \* 4` -i4  module_kpp_mozart_mosaic_4bin_interface.f90
0.82user 0.10system 0:00.96elapsed 96%CPU (0avgtext+0avgdata 97320maxresident)k
368inputs+1760outputs (0major+20570minor)pagefaults 0swaps
rm -f module_kpp_mozart_mosaic_4bin_aq_Precision.o
sed -e "s/^\!.*'.*//" -e "s/^ *\!.*'.*//" module_kpp_mozart_mosaic_4bin_aq_Precision.F > module_kpp_mozart_mosaic_4bin_aq_Precision.G
/lib/cpp -P -nostdinc -I/home/onishi/WRF/external/ioapi_share -I/home/onishi/WRF/inc -DEM_CORE=1 -DNMM_CORE=0 -DNMM_MAX_DIM=2600 -DDA_CORE=0 -DWRFPLUS=0 -DIWORDSIZE=4 -DDWORDSIZE=8 -DRWORDSIZE=4 -DLWORDSIZE=4 -DNONSTANDARD_SYSTEM_FUNC  -DWRF_USE_CLM -DUSE_NETCDF4_FEATURES -DWRFIO_NCD_LARGE_FILE_SUPPORT  -DDM_PARALLEL -DNETCDF -DGRIB2 -DHDF5 -DLANDREAD_STUB=1 -DUSE_ALLOCATABLES -Dwrfmodel -DGRIB1 -DINTIO -DKEEP_INT_AROUND -DLIMIT_ARGS -DBUILD_RRTMG_FAST=0 -DBUILD_RRTMK=0 -DBUILD_SBM_FAST=1 -DSHOW_ALL_VARS_USED=0 -DCONFIG_BUF_LEN=65536 -DMAX_DOMAINS_F=21 -DMAX_HISTORY=25 -DNMM_NEST=0 -DWRF_CHEM -DBUILD_CHEM=1 -DWRF_KPP -I. -traditional-cpp -DUSE_NETCDF4_FEATURES -DWRFIO_NCD_LARGE_FILE_SUPPORT   module_kpp_mozart_mosaic_4bin_aq_Precision.G  > module_kpp_mozart_mosaic_4bin_aq_Precision.bb
/home/onishi/WRF/tools/standard.exe module_kpp_mozart_mosaic_4bin_aq_Precision.bb | /lib/cpp -P -nostdinc -I/home/onishi/WRF/external/ioapi_share -traditional-cpp -DUSE_NETCDF4_FEATURES -DWRFIO_NCD_LARGE_FILE_SUPPORT > module_kpp_mozart_mosaic_4bin_aq_Precision.f90
rm -f module_kpp_mozart_mosaic_4bin_aq_Precision.G module_kpp_mozart_mosaic_4bin_aq_Precision.bb
time mpif90 -f90=ifort -o module_kpp_mozart_mosaic_4bin_aq_Precision.o -c -O3 -ip -fp-model precise -w -ftz -align all -fno-alias -FR -convert big_endian    -I../dyn_em  -I/home/onishi/WRF/external/esmf_time_f90  -I/home/onishi/WRF/main -I/home/onishi/WRF/external/io_netcdf -I/home/onishi/WRF/external/io_int -I/home/onishi/WRF/frame -I/home/onishi/WRF/share -I/home/onishi/WRF/phys -I/home/onishi/WRF/wrftladj -I/home/onishi/WRF/chem -I/home/onishi/WRF/inc -I/home/onishi/NETCDF_DIR2//include  -real-size `expr 8 \* 4` -i4  module_kpp_mozart_mosaic_4bin_aq_Precision.f90
0.00user 0.07system 0:00.09elapsed 72%CPU (0avgtext+0avgdata 37716maxresident)k
8inputs+88outputs (0major+5952minor)pagefaults 0swaps
rm -f module_kpp_mozart_mosaic_4bin_aq_Parameters.o
sed -e "s/^\!.*'.*//" -e "s/^ *\!.*'.*//" module_kpp_mozart_mosaic_4bin_aq_Parameters.F > module_kpp_mozart_mosaic_4bin_aq_Parameters.G
/lib/cpp -P -nostdinc -I/home/onishi/WRF/external/ioapi_share -I/home/onishi/WRF/inc -DEM_CORE=1 -DNMM_CORE=0 -DNMM_MAX_DIM=2600 -DDA_CORE=0 -DWRFPLUS=0 -DIWORDSIZE=4 -DDWORDSIZE=8 -DRWORDSIZE=4 -DLWORDSIZE=4 -DNONSTANDARD_SYSTEM_FUNC  -DWRF_USE_CLM -DUSE_NETCDF4_FEATURES -DWRFIO_NCD_LARGE_FILE_SUPPORT  -DDM_PARALLEL -DNETCDF -DGRIB2 -DHDF5 -DLANDREAD_STUB=1 -DUSE_ALLOCATABLES -Dwrfmodel -DGRIB1 -DINTIO -DKEEP_INT_AROUND -DLIMIT_ARGS -DBUILD_RRTMG_FAST=0 -DBUILD_RRTMK=0 -DBUILD_SBM_FAST=1 -DSHOW_ALL_VARS_USED=0 -DCONFIG_BUF_LEN=65536 -DMAX_DOMAINS_F=21 -DMAX_HISTORY=25 -DNMM_NEST=0 -DWRF_CHEM -DBUILD_CHEM=1 -DWRF_KPP -I. -traditional-cpp -DUSE_NETCDF4_FEATURES -DWRFIO_NCD_LARGE_FILE_SUPPORT   module_kpp_mozart_mosaic_4bin_aq_Parameters.G  > module_kpp_mozart_mosaic_4bin_aq_Parameters.bb
/home/onishi/WRF/tools/standard.exe module_kpp_mozart_mosaic_4bin_aq_Parameters.bb | /lib/cpp -P -nostdinc -I/home/onishi/WRF/external/ioapi_share -traditional-cpp -DUSE_NETCDF4_FEATURES -DWRFIO_NCD_LARGE_FILE_SUPPORT > module_kpp_mozart_mosaic_4bin_aq_Parameters.f90
rm -f module_kpp_mozart_mosaic_4bin_aq_Parameters.G module_kpp_mozart_mosaic_4bin_aq_Parameters.bb
time mpif90 -f90=ifort -o module_kpp_mozart_mosaic_4bin_aq_Parameters.o -c -O3 -ip -fp-model precise -w -ftz -align all -fno-alias -FR -convert big_endian    -I../dyn_em  -I/home/onishi/WRF/external/esmf_time_f90  -I/home/onishi/WRF/main -I/home/onishi/WRF/external/io_netcdf -I/home/onishi/WRF/external/io_int -I/home/onishi/WRF/frame -I/home/onishi/WRF/share -I/home/onishi/WRF/phys -I/home/onishi/WRF/wrftladj -I/home/onishi/WRF/chem -I/home/onishi/WRF/inc -I/home/onishi/NETCDF_DIR2//include  -real-size `expr 8 \* 4` -i4  module_kpp_mozart_mosaic_4bin_aq_Parameters.f90
0.01user 0.05system 0:00.09elapsed 73%CPU (0avgtext+0avgdata 38244maxresident)k
24inputs+128outputs (0major+6029minor)pagefaults 0swaps
rm -f module_kpp_mozart_mosaic_4bin_aq_JacobianSP.o
sed -e "s/^\!.*'.*//" -e "s/^ *\!.*'.*//" module_kpp_mozart_mosaic_4bin_aq_JacobianSP.F > module_kpp_mozart_mosaic_4bin_aq_JacobianSP.G
/lib/cpp -P -nostdinc -I/home/onishi/WRF/external/ioapi_share -I/home/onishi/WRF/inc -DEM_CORE=1 -DNMM_CORE=0 -DNMM_MAX_DIM=2600 -DDA_CORE=0 -DWRFPLUS=0 -DIWORDSIZE=4 -DDWORDSIZE=8 -DRWORDSIZE=4 -DLWORDSIZE=4 -DNONSTANDARD_SYSTEM_FUNC  -DWRF_USE_CLM -DUSE_NETCDF4_FEATURES -DWRFIO_NCD_LARGE_FILE_SUPPORT  -DDM_PARALLEL -DNETCDF -DGRIB2 -DHDF5 -DLANDREAD_STUB=1 -DUSE_ALLOCATABLES -Dwrfmodel -DGRIB1 -DINTIO -DKEEP_INT_AROUND -DLIMIT_ARGS -DBUILD_RRTMG_FAST=0 -DBUILD_RRTMK=0 -DBUILD_SBM_FAST=1 -DSHOW_ALL_VARS_USED=0 -DCONFIG_BUF_LEN=65536 -DMAX_DOMAINS_F=21 -DMAX_HISTORY=25 -DNMM_NEST=0 -DWRF_CHEM -DBUILD_CHEM=1 -DWRF_KPP -I. -traditional-cpp -DUSE_NETCDF4_FEATURES -DWRFIO_NCD_LARGE_FILE_SUPPORT   module_kpp_mozart_mosaic_4bin_aq_JacobianSP.G  > module_kpp_mozart_mosaic_4bin_aq_JacobianSP.bb
/home/onishi/WRF/tools/standard.exe module_kpp_mozart_mosaic_4bin_aq_JacobianSP.bb | /lib/cpp -P -nostdinc -I/home/onishi/WRF/external/ioapi_share -traditional-cpp -DUSE_NETCDF4_FEATURES -DWRFIO_NCD_LARGE_FILE_SUPPORT > module_kpp_mozart_mosaic_4bin_aq_JacobianSP.f90
rm -f module_kpp_mozart_mosaic_4bin_aq_JacobianSP.G module_kpp_mozart_mosaic_4bin_aq_JacobianSP.bb
time mpif90 -f90=ifort -o module_kpp_mozart_mosaic_4bin_aq_JacobianSP.o -c -O3 -ip -fp-model precise -w -ftz -align all -fno-alias -FR -convert big_endian    -I../dyn_em  -I/home/onishi/WRF/external/esmf_time_f90  -I/home/onishi/WRF/main -I/home/onishi/WRF/external/io_netcdf -I/home/onishi/WRF/external/io_int -I/home/onishi/WRF/frame -I/home/onishi/WRF/share -I/home/onishi/WRF/phys -I/home/onishi/WRF/wrftladj -I/home/onishi/WRF/chem -I/home/onishi/WRF/inc -I/home/onishi/NETCDF_DIR2//include  -real-size `expr 8 \* 4` -i4  module_kpp_mozart_mosaic_4bin_aq_JacobianSP.f90
0.03user 0.05system 0:00.10elapsed 89%CPU (0avgtext+0avgdata 40596maxresident)k
40inputs+864outputs (0major+6759minor)pagefaults 0swaps
rm -f module_kpp_mozart_mosaic_4bin_aq_Jacobian.o
sed -e "s/^\!.*'.*//" -e "s/^ *\!.*'.*//" module_kpp_mozart_mosaic_4bin_aq_Jacobian.F > module_kpp_mozart_mosaic_4bin_aq_Jacobian.G
/lib/cpp -P -nostdinc -I/home/onishi/WRF/external/ioapi_share -I/home/onishi/WRF/inc -DEM_CORE=1 -DNMM_CORE=0 -DNMM_MAX_DIM=2600 -DDA_CORE=0 -DWRFPLUS=0 -DIWORDSIZE=4 -DDWORDSIZE=8 -DRWORDSIZE=4 -DLWORDSIZE=4 -DNONSTANDARD_SYSTEM_FUNC  -DWRF_USE_CLM -DUSE_NETCDF4_FEATURES -DWRFIO_NCD_LARGE_FILE_SUPPORT  -DDM_PARALLEL -DNETCDF -DGRIB2 -DHDF5 -DLANDREAD_STUB=1 -DUSE_ALLOCATABLES -Dwrfmodel -DGRIB1 -DINTIO -DKEEP_INT_AROUND -DLIMIT_ARGS -DBUILD_RRTMG_FAST=0 -DBUILD_RRTMK=0 -DBUILD_SBM_FAST=1 -DSHOW_ALL_VARS_USED=0 -DCONFIG_BUF_LEN=65536 -DMAX_DOMAINS_F=21 -DMAX_HISTORY=25 -DNMM_NEST=0 -DWRF_CHEM -DBUILD_CHEM=1 -DWRF_KPP -I. -traditional-cpp -DUSE_NETCDF4_FEATURES -DWRFIO_NCD_LARGE_FILE_SUPPORT   module_kpp_mozart_mosaic_4bin_aq_Jacobian.G  > module_kpp_mozart_mosaic_4bin_aq_Jacobian.bb
/home/onishi/WRF/tools/standard.exe module_kpp_mozart_mosaic_4bin_aq_Jacobian.bb | /lib/cpp -P -nostdinc -I/home/onishi/WRF/external/ioapi_share -traditional-cpp -DUSE_NETCDF4_FEATURES -DWRFIO_NCD_LARGE_FILE_SUPPORT > module_kpp_mozart_mosaic_4bin_aq_Jacobian.f90
rm -f module_kpp_mozart_mosaic_4bin_aq_Jacobian.G module_kpp_mozart_mosaic_4bin_aq_Jacobian.bb
time mpif90 -f90=ifort -o module_kpp_mozart_mosaic_4bin_aq_Jacobian.o -c -O3 -ip -fp-model precise -w -ftz -align all -fno-alias -FR -convert big_endian    -I../dyn_em  -I/home/onishi/WRF/external/esmf_time_f90  -I/home/onishi/WRF/main -I/home/onishi/WRF/external/io_netcdf -I/home/onishi/WRF/external/io_int -I/home/onishi/WRF/frame -I/home/onishi/WRF/share -I/home/onishi/WRF/phys -I/home/onishi/WRF/wrftladj -I/home/onishi/WRF/chem -I/home/onishi/WRF/inc -I/home/onishi/NETCDF_DIR2//include  -real-size `expr 8 \* 4` -i4  module_kpp_mozart_mosaic_4bin_aq_Jacobian.f90
1.01user 0.08system 0:01.11elapsed 98%CPU (0avgtext+0avgdata 92128maxresident)k
896inputs+1784outputs (0major+21368minor)pagefaults 0swaps
rm -f module_kpp_mozart_mosaic_4bin_aq_Update_Rconst.o
sed -e "s/^\!.*'.*//" -e "s/^ *\!.*'.*//" module_kpp_mozart_mosaic_4bin_aq_Update_Rconst.F > module_kpp_mozart_mosaic_4bin_aq_Update_Rconst.G
/lib/cpp -P -nostdinc -I/home/onishi/WRF/external/ioapi_share -I/home/onishi/WRF/inc -DEM_CORE=1 -DNMM_CORE=0 -DNMM_MAX_DIM=2600 -DDA_CORE=0 -DWRFPLUS=0 -DIWORDSIZE=4 -DDWORDSIZE=8 -DRWORDSIZE=4 -DLWORDSIZE=4 -DNONSTANDARD_SYSTEM_FUNC  -DWRF_USE_CLM -DUSE_NETCDF4_FEATURES -DWRFIO_NCD_LARGE_FILE_SUPPORT  -DDM_PARALLEL -DNETCDF -DGRIB2 -DHDF5 -DLANDREAD_STUB=1 -DUSE_ALLOCATABLES -Dwrfmodel -DGRIB1 -DINTIO -DKEEP_INT_AROUND -DLIMIT_ARGS -DBUILD_RRTMG_FAST=0 -DBUILD_RRTMK=0 -DBUILD_SBM_FAST=1 -DSHOW_ALL_VARS_USED=0 -DCONFIG_BUF_LEN=65536 -DMAX_DOMAINS_F=21 -DMAX_HISTORY=25 -DNMM_NEST=0 -DWRF_CHEM -DBUILD_CHEM=1 -DWRF_KPP -I. -traditional-cpp -DUSE_NETCDF4_FEATURES -DWRFIO_NCD_LARGE_FILE_SUPPORT   module_kpp_mozart_mosaic_4bin_aq_Update_Rconst.G  > module_kpp_mozart_mosaic_4bin_aq_Update_Rconst.bb
/home/onishi/WRF/tools/standard.exe module_kpp_mozart_mosaic_4bin_aq_Update_Rconst.bb | /lib/cpp -P -nostdinc -I/home/onishi/WRF/external/ioapi_share -traditional-cpp -DUSE_NETCDF4_FEATURES -DWRFIO_NCD_LARGE_FILE_SUPPORT > module_kpp_mozart_mosaic_4bin_aq_Update_Rconst.f90
rm -f module_kpp_mozart_mosaic_4bin_aq_Update_Rconst.G module_kpp_mozart_mosaic_4bin_aq_Update_Rconst.bb
time mpif90 -f90=ifort -o module_kpp_mozart_mosaic_4bin_aq_Update_Rconst.o -c -O3 -ip -fp-model precise -w -ftz -align all -fno-alias -FR -convert big_endian    -I../dyn_em  -I/home/onishi/WRF/external/esmf_time_f90  -I/home/onishi/WRF/main -I/home/onishi/WRF/external/io_netcdf -I/home/onishi/WRF/external/io_int -I/home/onishi/WRF/frame -I/home/onishi/WRF/share -I/home/onishi/WRF/phys -I/home/onishi/WRF/wrftladj -I/home/onishi/WRF/chem -I/home/onishi/WRF/inc -I/home/onishi/NETCDF_DIR2//include  -real-size `expr 8 \* 4` -i4  module_kpp_mozart_mosaic_4bin_aq_Update_Rconst.f90
0.22user 0.06system 0:00.31elapsed 91%CPU (0avgtext+0avgdata 62808maxresident)k
64inputs+624outputs (0major+12162minor)pagefaults 0swaps
rm -f module_kpp_mozart_mosaic_4bin_aq_Integr.o
sed -e "s/^\!.*'.*//" -e "s/^ *\!.*'.*//" module_kpp_mozart_mosaic_4bin_aq_Integr.F > module_kpp_mozart_mosaic_4bin_aq_Integr.G
/lib/cpp -P -nostdinc -I/home/onishi/WRF/external/ioapi_share -I/home/onishi/WRF/inc -DEM_CORE=1 -DNMM_CORE=0 -DNMM_MAX_DIM=2600 -DDA_CORE=0 -DWRFPLUS=0 -DIWORDSIZE=4 -DDWORDSIZE=8 -DRWORDSIZE=4 -DLWORDSIZE=4 -DNONSTANDARD_SYSTEM_FUNC  -DWRF_USE_CLM -DUSE_NETCDF4_FEATURES -DWRFIO_NCD_LARGE_FILE_SUPPORT  -DDM_PARALLEL -DNETCDF -DGRIB2 -DHDF5 -DLANDREAD_STUB=1 -DUSE_ALLOCATABLES -Dwrfmodel -DGRIB1 -DINTIO -DKEEP_INT_AROUND -DLIMIT_ARGS -DBUILD_RRTMG_FAST=0 -DBUILD_RRTMK=0 -DBUILD_SBM_FAST=1 -DSHOW_ALL_VARS_USED=0 -DCONFIG_BUF_LEN=65536 -DMAX_DOMAINS_F=21 -DMAX_HISTORY=25 -DNMM_NEST=0 -DWRF_CHEM -DBUILD_CHEM=1 -DWRF_KPP -I. -traditional-cpp -DUSE_NETCDF4_FEATURES -DWRFIO_NCD_LARGE_FILE_SUPPORT   module_kpp_mozart_mosaic_4bin_aq_Integr.G  > module_kpp_mozart_mosaic_4bin_aq_Integr.bb
/home/onishi/WRF/tools/standard.exe module_kpp_mozart_mosaic_4bin_aq_Integr.bb | /lib/cpp -P -nostdinc -I/home/onishi/WRF/external/ioapi_share -traditional-cpp -DUSE_NETCDF4_FEATURES -DWRFIO_NCD_LARGE_FILE_SUPPORT > module_kpp_mozart_mosaic_4bin_aq_Integr.f90
rm -f module_kpp_mozart_mosaic_4bin_aq_Integr.G module_kpp_mozart_mosaic_4bin_aq_Integr.bb
time mpif90 -f90=ifort -o module_kpp_mozart_mosaic_4bin_aq_Integr.o -c -O3 -ip -fp-model precise -w -ftz -align all -fno-alias -FR -convert big_endian    -I../dyn_em  -I/home/onishi/WRF/external/esmf_time_f90  -I/home/onishi/WRF/main -I/home/onishi/WRF/external/io_netcdf -I/home/onishi/WRF/external/io_int -I/home/onishi/WRF/frame -I/home/onishi/WRF/share -I/home/onishi/WRF/phys -I/home/onishi/WRF/wrftladj -I/home/onishi/WRF/chem -I/home/onishi/WRF/inc -I/home/onishi/NETCDF_DIR2//include  -real-size `expr 8 \* 4` -i4  module_kpp_mozart_mosaic_4bin_aq_Integr.f90
17.35user 0.40system 0:17.78elapsed 99%CPU (0avgtext+0avgdata 311192maxresident)k
808inputs+10072outputs (0major+89431minor)pagefaults 0swaps
rm -f module_kpp_mozart_mosaic_4bin_aq_interface.o
sed -e "s/^\!.*'.*//" -e "s/^ *\!.*'.*//" module_kpp_mozart_mosaic_4bin_aq_interface.F > module_kpp_mozart_mosaic_4bin_aq_interface.G
/lib/cpp -P -nostdinc -I/home/onishi/WRF/external/ioapi_share -I/home/onishi/WRF/inc -DEM_CORE=1 -DNMM_CORE=0 -DNMM_MAX_DIM=2600 -DDA_CORE=0 -DWRFPLUS=0 -DIWORDSIZE=4 -DDWORDSIZE=8 -DRWORDSIZE=4 -DLWORDSIZE=4 -DNONSTANDARD_SYSTEM_FUNC  -DWRF_USE_CLM -DUSE_NETCDF4_FEATURES -DWRFIO_NCD_LARGE_FILE_SUPPORT  -DDM_PARALLEL -DNETCDF -DGRIB2 -DHDF5 -DLANDREAD_STUB=1 -DUSE_ALLOCATABLES -Dwrfmodel -DGRIB1 -DINTIO -DKEEP_INT_AROUND -DLIMIT_ARGS -DBUILD_RRTMG_FAST=0 -DBUILD_RRTMK=0 -DBUILD_SBM_FAST=1 -DSHOW_ALL_VARS_USED=0 -DCONFIG_BUF_LEN=65536 -DMAX_DOMAINS_F=21 -DMAX_HISTORY=25 -DNMM_NEST=0 -DWRF_CHEM -DBUILD_CHEM=1 -DWRF_KPP -I. -traditional-cpp -DUSE_NETCDF4_FEATURES -DWRFIO_NCD_LARGE_FILE_SUPPORT   module_kpp_mozart_mosaic_4bin_aq_interface.G  > module_kpp_mozart_mosaic_4bin_aq_interface.bb
/home/onishi/WRF/tools/standard.exe module_kpp_mozart_mosaic_4bin_aq_interface.bb | /lib/cpp -P -nostdinc -I/home/onishi/WRF/external/ioapi_share -traditional-cpp -DUSE_NETCDF4_FEATURES -DWRFIO_NCD_LARGE_FILE_SUPPORT > module_kpp_mozart_mosaic_4bin_aq_interface.f90
rm -f module_kpp_mozart_mosaic_4bin_aq_interface.G module_kpp_mozart_mosaic_4bin_aq_interface.bb
time mpif90 -f90=ifort -o module_kpp_mozart_mosaic_4bin_aq_interface.o -c -O3 -ip -fp-model precise -w -ftz -align all -fno-alias -FR -convert big_endian    -I../dyn_em  -I/home/onishi/WRF/external/esmf_time_f90  -I/home/onishi/WRF/main -I/home/onishi/WRF/external/io_netcdf -I/home/onishi/WRF/external/io_int -I/home/onishi/WRF/frame -I/home/onishi/WRF/share -I/home/onishi/WRF/phys -I/home/onishi/WRF/wrftladj -I/home/onishi/WRF/chem -I/home/onishi/WRF/inc -I/home/onishi/NETCDF_DIR2//include  -real-size `expr 8 \* 4` -i4  module_kpp_mozart_mosaic_4bin_aq_interface.f90
0.84user 0.12system 0:00.99elapsed 96%CPU (0avgtext+0avgdata 97804maxresident)k
376inputs+1768outputs (0major+20690minor)pagefaults 0swaps
rm -f module_kpp_mozcart_Precision.o
sed -e "s/^\!.*'.*//" -e "s/^ *\!.*'.*//" module_kpp_mozcart_Precision.F > module_kpp_mozcart_Precision.G
/lib/cpp -P -nostdinc -I/home/onishi/WRF/external/ioapi_share -I/home/onishi/WRF/inc -DEM_CORE=1 -DNMM_CORE=0 -DNMM_MAX_DIM=2600 -DDA_CORE=0 -DWRFPLUS=0 -DIWORDSIZE=4 -DDWORDSIZE=8 -DRWORDSIZE=4 -DLWORDSIZE=4 -DNONSTANDARD_SYSTEM_FUNC  -DWRF_USE_CLM -DUSE_NETCDF4_FEATURES -DWRFIO_NCD_LARGE_FILE_SUPPORT  -DDM_PARALLEL -DNETCDF -DGRIB2 -DHDF5 -DLANDREAD_STUB=1 -DUSE_ALLOCATABLES -Dwrfmodel -DGRIB1 -DINTIO -DKEEP_INT_AROUND -DLIMIT_ARGS -DBUILD_RRTMG_FAST=0 -DBUILD_RRTMK=0 -DBUILD_SBM_FAST=1 -DSHOW_ALL_VARS_USED=0 -DCONFIG_BUF_LEN=65536 -DMAX_DOMAINS_F=21 -DMAX_HISTORY=25 -DNMM_NEST=0 -DWRF_CHEM -DBUILD_CHEM=1 -DWRF_KPP -I. -traditional-cpp -DUSE_NETCDF4_FEATURES -DWRFIO_NCD_LARGE_FILE_SUPPORT   module_kpp_mozcart_Precision.G  > module_kpp_mozcart_Precision.bb
/home/onishi/WRF/tools/standard.exe module_kpp_mozcart_Precision.bb | /lib/cpp -P -nostdinc -I/home/onishi/WRF/external/ioapi_share -traditional-cpp -DUSE_NETCDF4_FEATURES -DWRFIO_NCD_LARGE_FILE_SUPPORT > module_kpp_mozcart_Precision.f90
rm -f module_kpp_mozcart_Precision.G module_kpp_mozcart_Precision.bb
time mpif90 -f90=ifort -o module_kpp_mozcart_Precision.o -c -O3 -ip -fp-model precise -w -ftz -align all -fno-alias -FR -convert big_endian    -I../dyn_em  -I/home/onishi/WRF/external/esmf_time_f90  -I/home/onishi/WRF/main -I/home/onishi/WRF/external/io_netcdf -I/home/onishi/WRF/external/io_int -I/home/onishi/WRF/frame -I/home/onishi/WRF/share -I/home/onishi/WRF/phys -I/home/onishi/WRF/wrftladj -I/home/onishi/WRF/chem -I/home/onishi/WRF/inc -I/home/onishi/NETCDF_DIR2//include  -real-size `expr 8 \* 4` -i4  module_kpp_mozcart_Precision.f90
0.02user 0.04system 0:00.09elapsed 73%CPU (0avgtext+0avgdata 37816maxresident)k
8inputs+88outputs (0major+5956minor)pagefaults 0swaps
rm -f module_kpp_mozcart_Parameters.o
sed -e "s/^\!.*'.*//" -e "s/^ *\!.*'.*//" module_kpp_mozcart_Parameters.F > module_kpp_mozcart_Parameters.G
/lib/cpp -P -nostdinc -I/home/onishi/WRF/external/ioapi_share -I/home/onishi/WRF/inc -DEM_CORE=1 -DNMM_CORE=0 -DNMM_MAX_DIM=2600 -DDA_CORE=0 -DWRFPLUS=0 -DIWORDSIZE=4 -DDWORDSIZE=8 -DRWORDSIZE=4 -DLWORDSIZE=4 -DNONSTANDARD_SYSTEM_FUNC  -DWRF_USE_CLM -DUSE_NETCDF4_FEATURES -DWRFIO_NCD_LARGE_FILE_SUPPORT  -DDM_PARALLEL -DNETCDF -DGRIB2 -DHDF5 -DLANDREAD_STUB=1 -DUSE_ALLOCATABLES -Dwrfmodel -DGRIB1 -DINTIO -DKEEP_INT_AROUND -DLIMIT_ARGS -DBUILD_RRTMG_FAST=0 -DBUILD_RRTMK=0 -DBUILD_SBM_FAST=1 -DSHOW_ALL_VARS_USED=0 -DCONFIG_BUF_LEN=65536 -DMAX_DOMAINS_F=21 -DMAX_HISTORY=25 -DNMM_NEST=0 -DWRF_CHEM -DBUILD_CHEM=1 -DWRF_KPP -I. -traditional-cpp -DUSE_NETCDF4_FEATURES -DWRFIO_NCD_LARGE_FILE_SUPPORT   module_kpp_mozcart_Parameters.G  > module_kpp_mozcart_Parameters.bb
/home/onishi/WRF/tools/standard.exe module_kpp_mozcart_Parameters.bb | /lib/cpp -P -nostdinc -I/home/onishi/WRF/external/ioapi_share -traditional-cpp -DUSE_NETCDF4_FEATURES -DWRFIO_NCD_LARGE_FILE_SUPPORT > module_kpp_mozcart_Parameters.f90
rm -f module_kpp_mozcart_Parameters.G module_kpp_mozcart_Parameters.bb
time mpif90 -f90=ifort -o module_kpp_mozcart_Parameters.o -c -O3 -ip -fp-model precise -w -ftz -align all -fno-alias -FR -convert big_endian    -I../dyn_em  -I/home/onishi/WRF/external/esmf_time_f90  -I/home/onishi/WRF/main -I/home/onishi/WRF/external/io_netcdf -I/home/onishi/WRF/external/io_int -I/home/onishi/WRF/frame -I/home/onishi/WRF/share -I/home/onishi/WRF/phys -I/home/onishi/WRF/wrftladj -I/home/onishi/WRF/chem -I/home/onishi/WRF/inc -I/home/onishi/NETCDF_DIR2//include  -real-size `expr 8 \* 4` -i4  module_kpp_mozcart_Parameters.f90
0.01user 0.05system 0:00.08elapsed 87%CPU (0avgtext+0avgdata 38076maxresident)k
16inputs+112outputs (0major+5985minor)pagefaults 0swaps
rm -f module_kpp_mozcart_JacobianSP.o
sed -e "s/^\!.*'.*//" -e "s/^ *\!.*'.*//" module_kpp_mozcart_JacobianSP.F > module_kpp_mozcart_JacobianSP.G
/lib/cpp -P -nostdinc -I/home/onishi/WRF/external/ioapi_share -I/home/onishi/WRF/inc -DEM_CORE=1 -DNMM_CORE=0 -DNMM_MAX_DIM=2600 -DDA_CORE=0 -DWRFPLUS=0 -DIWORDSIZE=4 -DDWORDSIZE=8 -DRWORDSIZE=4 -DLWORDSIZE=4 -DNONSTANDARD_SYSTEM_FUNC  -DWRF_USE_CLM -DUSE_NETCDF4_FEATURES -DWRFIO_NCD_LARGE_FILE_SUPPORT  -DDM_PARALLEL -DNETCDF -DGRIB2 -DHDF5 -DLANDREAD_STUB=1 -DUSE_ALLOCATABLES -Dwrfmodel -DGRIB1 -DINTIO -DKEEP_INT_AROUND -DLIMIT_ARGS -DBUILD_RRTMG_FAST=0 -DBUILD_RRTMK=0 -DBUILD_SBM_FAST=1 -DSHOW_ALL_VARS_USED=0 -DCONFIG_BUF_LEN=65536 -DMAX_DOMAINS_F=21 -DMAX_HISTORY=25 -DNMM_NEST=0 -DWRF_CHEM -DBUILD_CHEM=1 -DWRF_KPP -I. -traditional-cpp -DUSE_NETCDF4_FEATURES -DWRFIO_NCD_LARGE_FILE_SUPPORT   module_kpp_mozcart_JacobianSP.G  > module_kpp_mozcart_JacobianSP.bb
/home/onishi/WRF/tools/standard.exe module_kpp_mozcart_JacobianSP.bb | /lib/cpp -P -nostdinc -I/home/onishi/WRF/external/ioapi_share -traditional-cpp -DUSE_NETCDF4_FEATURES -DWRFIO_NCD_LARGE_FILE_SUPPORT > module_kpp_mozcart_JacobianSP.f90
rm -f module_kpp_mozcart_JacobianSP.G module_kpp_mozcart_JacobianSP.bb
time mpif90 -f90=ifort -o module_kpp_mozcart_JacobianSP.o -c -O3 -ip -fp-model precise -w -ftz -align all -fno-alias -FR -convert big_endian    -I../dyn_em  -I/home/onishi/WRF/external/esmf_time_f90  -I/home/onishi/WRF/main -I/home/onishi/WRF/external/io_netcdf -I/home/onishi/WRF/external/io_int -I/home/onishi/WRF/frame -I/home/onishi/WRF/share -I/home/onishi/WRF/phys -I/home/onishi/WRF/wrftladj -I/home/onishi/WRF/chem -I/home/onishi/WRF/inc -I/home/onishi/NETCDF_DIR2//include  -real-size `expr 8 \* 4` -i4  module_kpp_mozcart_JacobianSP.f90
0.01user 0.06system 0:00.12elapsed 63%CPU (0avgtext+0avgdata 39484maxresident)k
24inputs+512outputs (0major+6377minor)pagefaults 0swaps
rm -f module_kpp_mozcart_Jacobian.o
sed -e "s/^\!.*'.*//" -e "s/^ *\!.*'.*//" module_kpp_mozcart_Jacobian.F > module_kpp_mozcart_Jacobian.G
/lib/cpp -P -nostdinc -I/home/onishi/WRF/external/ioapi_share -I/home/onishi/WRF/inc -DEM_CORE=1 -DNMM_CORE=0 -DNMM_MAX_DIM=2600 -DDA_CORE=0 -DWRFPLUS=0 -DIWORDSIZE=4 -DDWORDSIZE=8 -DRWORDSIZE=4 -DLWORDSIZE=4 -DNONSTANDARD_SYSTEM_FUNC  -DWRF_USE_CLM -DUSE_NETCDF4_FEATURES -DWRFIO_NCD_LARGE_FILE_SUPPORT  -DDM_PARALLEL -DNETCDF -DGRIB2 -DHDF5 -DLANDREAD_STUB=1 -DUSE_ALLOCATABLES -Dwrfmodel -DGRIB1 -DINTIO -DKEEP_INT_AROUND -DLIMIT_ARGS -DBUILD_RRTMG_FAST=0 -DBUILD_RRTMK=0 -DBUILD_SBM_FAST=1 -DSHOW_ALL_VARS_USED=0 -DCONFIG_BUF_LEN=65536 -DMAX_DOMAINS_F=21 -DMAX_HISTORY=25 -DNMM_NEST=0 -DWRF_CHEM -DBUILD_CHEM=1 -DWRF_KPP -I. -traditional-cpp -DUSE_NETCDF4_FEATURES -DWRFIO_NCD_LARGE_FILE_SUPPORT   module_kpp_mozcart_Jacobian.G  > module_kpp_mozcart_Jacobian.bb
/home/onishi/WRF/tools/standard.exe module_kpp_mozcart_Jacobian.bb | /lib/cpp -P -nostdinc -I/home/onishi/WRF/external/ioapi_share -traditional-cpp -DUSE_NETCDF4_FEATURES -DWRFIO_NCD_LARGE_FILE_SUPPORT > module_kpp_mozcart_Jacobian.f90
rm -f module_kpp_mozcart_Jacobian.G module_kpp_mozcart_Jacobian.bb
time mpif90 -f90=ifort -o module_kpp_mozcart_Jacobian.o -c -O3 -ip -fp-model precise -w -ftz -align all -fno-alias -FR -convert big_endian    -I../dyn_em  -I/home/onishi/WRF/external/esmf_time_f90  -I/home/onishi/WRF/main -I/home/onishi/WRF/external/io_netcdf -I/home/onishi/WRF/external/io_int -I/home/onishi/WRF/frame -I/home/onishi/WRF/share -I/home/onishi/WRF/phys -I/home/onishi/WRF/wrftladj -I/home/onishi/WRF/chem -I/home/onishi/WRF/inc -I/home/onishi/NETCDF_DIR2//include  -real-size `expr 8 \* 4` -i4  module_kpp_mozcart_Jacobian.f90
0.44user 0.06system 0:00.54elapsed 94%CPU (0avgtext+0avgdata 62160maxresident)k
496inputs+1008outputs (0major+12671minor)pagefaults 0swaps
rm -f module_kpp_mozcart_Update_Rconst.o
sed -e "s/^\!.*'.*//" -e "s/^ *\!.*'.*//" module_kpp_mozcart_Update_Rconst.F > module_kpp_mozcart_Update_Rconst.G
/lib/cpp -P -nostdinc -I/home/onishi/WRF/external/ioapi_share -I/home/onishi/WRF/inc -DEM_CORE=1 -DNMM_CORE=0 -DNMM_MAX_DIM=2600 -DDA_CORE=0 -DWRFPLUS=0 -DIWORDSIZE=4 -DDWORDSIZE=8 -DRWORDSIZE=4 -DLWORDSIZE=4 -DNONSTANDARD_SYSTEM_FUNC  -DWRF_USE_CLM -DUSE_NETCDF4_FEATURES -DWRFIO_NCD_LARGE_FILE_SUPPORT  -DDM_PARALLEL -DNETCDF -DGRIB2 -DHDF5 -DLANDREAD_STUB=1 -DUSE_ALLOCATABLES -Dwrfmodel -DGRIB1 -DINTIO -DKEEP_INT_AROUND -DLIMIT_ARGS -DBUILD_RRTMG_FAST=0 -DBUILD_RRTMK=0 -DBUILD_SBM_FAST=1 -DSHOW_ALL_VARS_USED=0 -DCONFIG_BUF_LEN=65536 -DMAX_DOMAINS_F=21 -DMAX_HISTORY=25 -DNMM_NEST=0 -DWRF_CHEM -DBUILD_CHEM=1 -DWRF_KPP -I. -traditional-cpp -DUSE_NETCDF4_FEATURES -DWRFIO_NCD_LARGE_FILE_SUPPORT   module_kpp_mozcart_Update_Rconst.G  > module_kpp_mozcart_Update_Rconst.bb
/home/onishi/WRF/tools/standard.exe module_kpp_mozcart_Update_Rconst.bb | /lib/cpp -P -nostdinc -I/home/onishi/WRF/external/ioapi_share -traditional-cpp -DUSE_NETCDF4_FEATURES -DWRFIO_NCD_LARGE_FILE_SUPPORT > module_kpp_mozcart_Update_Rconst.f90
rm -f module_kpp_mozcart_Update_Rconst.G module_kpp_mozcart_Update_Rconst.bb
time mpif90 -f90=ifort -o module_kpp_mozcart_Update_Rconst.o -c -O3 -ip -fp-model precise -w -ftz -align all -fno-alias -FR -convert big_endian    -I../dyn_em  -I/home/onishi/WRF/external/esmf_time_f90  -I/home/onishi/WRF/main -I/home/onishi/WRF/external/io_netcdf -I/home/onishi/WRF/external/io_int -I/home/onishi/WRF/frame -I/home/onishi/WRF/share -I/home/onishi/WRF/phys -I/home/onishi/WRF/wrftladj -I/home/onishi/WRF/chem -I/home/onishi/WRF/inc -I/home/onishi/NETCDF_DIR2//include  -real-size `expr 8 \* 4` -i4  module_kpp_mozcart_Update_Rconst.f90
0.13user 0.07system 0:00.21elapsed 95%CPU (0avgtext+0avgdata 56520maxresident)k
40inputs+424outputs (0major+10643minor)pagefaults 0swaps
rm -f module_kpp_mozcart_Integr.o
sed -e "s/^\!.*'.*//" -e "s/^ *\!.*'.*//" module_kpp_mozcart_Integr.F > module_kpp_mozcart_Integr.G
/lib/cpp -P -nostdinc -I/home/onishi/WRF/external/ioapi_share -I/home/onishi/WRF/inc -DEM_CORE=1 -DNMM_CORE=0 -DNMM_MAX_DIM=2600 -DDA_CORE=0 -DWRFPLUS=0 -DIWORDSIZE=4 -DDWORDSIZE=8 -DRWORDSIZE=4 -DLWORDSIZE=4 -DNONSTANDARD_SYSTEM_FUNC  -DWRF_USE_CLM -DUSE_NETCDF4_FEATURES -DWRFIO_NCD_LARGE_FILE_SUPPORT  -DDM_PARALLEL -DNETCDF -DGRIB2 -DHDF5 -DLANDREAD_STUB=1 -DUSE_ALLOCATABLES -Dwrfmodel -DGRIB1 -DINTIO -DKEEP_INT_AROUND -DLIMIT_ARGS -DBUILD_RRTMG_FAST=0 -DBUILD_RRTMK=0 -DBUILD_SBM_FAST=1 -DSHOW_ALL_VARS_USED=0 -DCONFIG_BUF_LEN=65536 -DMAX_DOMAINS_F=21 -DMAX_HISTORY=25 -DNMM_NEST=0 -DWRF_CHEM -DBUILD_CHEM=1 -DWRF_KPP -I. -traditional-cpp -DUSE_NETCDF4_FEATURES -DWRFIO_NCD_LARGE_FILE_SUPPORT   module_kpp_mozcart_Integr.G  > module_kpp_mozcart_Integr.bb
/home/onishi/WRF/tools/standard.exe module_kpp_mozcart_Integr.bb | /lib/cpp -P -nostdinc -I/home/onishi/WRF/external/ioapi_share -traditional-cpp -DUSE_NETCDF4_FEATURES -DWRFIO_NCD_LARGE_FILE_SUPPORT > module_kpp_mozcart_Integr.f90
rm -f module_kpp_mozcart_Integr.G module_kpp_mozcart_Integr.bb
time mpif90 -f90=ifort -o module_kpp_mozcart_Integr.o -c -O3 -ip -fp-model precise -w -ftz -align all -fno-alias -FR -convert big_endian    -I../dyn_em  -I/home/onishi/WRF/external/esmf_time_f90  -I/home/onishi/WRF/main -I/home/onishi/WRF/external/io_netcdf -I/home/onishi/WRF/external/io_int -I/home/onishi/WRF/frame -I/home/onishi/WRF/share -I/home/onishi/WRF/phys -I/home/onishi/WRF/wrftladj -I/home/onishi/WRF/chem -I/home/onishi/WRF/inc -I/home/onishi/NETCDF_DIR2//include  -real-size `expr 8 \* 4` -i4  module_kpp_mozcart_Integr.f90
6.02user 0.19system 0:06.26elapsed 99%CPU (0avgtext+0avgdata 171864maxresident)k
480inputs+6032outputs (0major+49110minor)pagefaults 0swaps
rm -f module_kpp_mozcart_interface.o
sed -e "s/^\!.*'.*//" -e "s/^ *\!.*'.*//" module_kpp_mozcart_interface.F > module_kpp_mozcart_interface.G
/lib/cpp -P -nostdinc -I/home/onishi/WRF/external/ioapi_share -I/home/onishi/WRF/inc -DEM_CORE=1 -DNMM_CORE=0 -DNMM_MAX_DIM=2600 -DDA_CORE=0 -DWRFPLUS=0 -DIWORDSIZE=4 -DDWORDSIZE=8 -DRWORDSIZE=4 -DLWORDSIZE=4 -DNONSTANDARD_SYSTEM_FUNC  -DWRF_USE_CLM -DUSE_NETCDF4_FEATURES -DWRFIO_NCD_LARGE_FILE_SUPPORT  -DDM_PARALLEL -DNETCDF -DGRIB2 -DHDF5 -DLANDREAD_STUB=1 -DUSE_ALLOCATABLES -Dwrfmodel -DGRIB1 -DINTIO -DKEEP_INT_AROUND -DLIMIT_ARGS -DBUILD_RRTMG_FAST=0 -DBUILD_RRTMK=0 -DBUILD_SBM_FAST=1 -DSHOW_ALL_VARS_USED=0 -DCONFIG_BUF_LEN=65536 -DMAX_DOMAINS_F=21 -DMAX_HISTORY=25 -DNMM_NEST=0 -DWRF_CHEM -DBUILD_CHEM=1 -DWRF_KPP -I. -traditional-cpp -DUSE_NETCDF4_FEATURES -DWRFIO_NCD_LARGE_FILE_SUPPORT   module_kpp_mozcart_interface.G  > module_kpp_mozcart_interface.bb
/home/onishi/WRF/tools/standard.exe module_kpp_mozcart_interface.bb | /lib/cpp -P -nostdinc -I/home/onishi/WRF/external/ioapi_share -traditional-cpp -DUSE_NETCDF4_FEATURES -DWRFIO_NCD_LARGE_FILE_SUPPORT > module_kpp_mozcart_interface.f90
rm -f module_kpp_mozcart_interface.G module_kpp_mozcart_interface.bb
time mpif90 -f90=ifort -o module_kpp_mozcart_interface.o -c -O3 -ip -fp-model precise -w -ftz -align all -fno-alias -FR -convert big_endian    -I../dyn_em  -I/home/onishi/WRF/external/esmf_time_f90  -I/home/onishi/WRF/main -I/home/onishi/WRF/external/io_netcdf -I/home/onishi/WRF/external/io_int -I/home/onishi/WRF/frame -I/home/onishi/WRF/share -I/home/onishi/WRF/phys -I/home/onishi/WRF/wrftladj -I/home/onishi/WRF/chem -I/home/onishi/WRF/inc -I/home/onishi/NETCDF_DIR2//include  -real-size `expr 8 \* 4` -i4  module_kpp_mozcart_interface.f90
0.69user 0.07system 0:00.80elapsed 95%CPU (0avgtext+0avgdata 87844maxresident)k
256inputs+1536outputs (0major+18095minor)pagefaults 0swaps
rm -f module_kpp_nmhc9_Precision.o
sed -e "s/^\!.*'.*//" -e "s/^ *\!.*'.*//" module_kpp_nmhc9_Precision.F > module_kpp_nmhc9_Precision.G
/lib/cpp -P -nostdinc -I/home/onishi/WRF/external/ioapi_share -I/home/onishi/WRF/inc -DEM_CORE=1 -DNMM_CORE=0 -DNMM_MAX_DIM=2600 -DDA_CORE=0 -DWRFPLUS=0 -DIWORDSIZE=4 -DDWORDSIZE=8 -DRWORDSIZE=4 -DLWORDSIZE=4 -DNONSTANDARD_SYSTEM_FUNC  -DWRF_USE_CLM -DUSE_NETCDF4_FEATURES -DWRFIO_NCD_LARGE_FILE_SUPPORT  -DDM_PARALLEL -DNETCDF -DGRIB2 -DHDF5 -DLANDREAD_STUB=1 -DUSE_ALLOCATABLES -Dwrfmodel -DGRIB1 -DINTIO -DKEEP_INT_AROUND -DLIMIT_ARGS -DBUILD_RRTMG_FAST=0 -DBUILD_RRTMK=0 -DBUILD_SBM_FAST=1 -DSHOW_ALL_VARS_USED=0 -DCONFIG_BUF_LEN=65536 -DMAX_DOMAINS_F=21 -DMAX_HISTORY=25 -DNMM_NEST=0 -DWRF_CHEM -DBUILD_CHEM=1 -DWRF_KPP -I. -traditional-cpp -DUSE_NETCDF4_FEATURES -DWRFIO_NCD_LARGE_FILE_SUPPORT   module_kpp_nmhc9_Precision.G  > module_kpp_nmhc9_Precision.bb
/home/onishi/WRF/tools/standard.exe module_kpp_nmhc9_Precision.bb | /lib/cpp -P -nostdinc -I/home/onishi/WRF/external/ioapi_share -traditional-cpp -DUSE_NETCDF4_FEATURES -DWRFIO_NCD_LARGE_FILE_SUPPORT > module_kpp_nmhc9_Precision.f90
rm -f module_kpp_nmhc9_Precision.G module_kpp_nmhc9_Precision.bb
time mpif90 -f90=ifort -o module_kpp_nmhc9_Precision.o -c -O3 -ip -fp-model precise -w -ftz -align all -fno-alias -FR -convert big_endian    -I../dyn_em  -I/home/onishi/WRF/external/esmf_time_f90  -I/home/onishi/WRF/main -I/home/onishi/WRF/external/io_netcdf -I/home/onishi/WRF/external/io_int -I/home/onishi/WRF/frame -I/home/onishi/WRF/share -I/home/onishi/WRF/phys -I/home/onishi/WRF/wrftladj -I/home/onishi/WRF/chem -I/home/onishi/WRF/inc -I/home/onishi/NETCDF_DIR2//include  -real-size `expr 8 \* 4` -i4  module_kpp_nmhc9_Precision.f90
0.01user 0.05system 0:00.10elapsed 70%CPU (0avgtext+0avgdata 37860maxresident)k
8inputs+88outputs (0major+5954minor)pagefaults 0swaps
rm -f module_kpp_nmhc9_Parameters.o
sed -e "s/^\!.*'.*//" -e "s/^ *\!.*'.*//" module_kpp_nmhc9_Parameters.F > module_kpp_nmhc9_Parameters.G
/lib/cpp -P -nostdinc -I/home/onishi/WRF/external/ioapi_share -I/home/onishi/WRF/inc -DEM_CORE=1 -DNMM_CORE=0 -DNMM_MAX_DIM=2600 -DDA_CORE=0 -DWRFPLUS=0 -DIWORDSIZE=4 -DDWORDSIZE=8 -DRWORDSIZE=4 -DLWORDSIZE=4 -DNONSTANDARD_SYSTEM_FUNC  -DWRF_USE_CLM -DUSE_NETCDF4_FEATURES -DWRFIO_NCD_LARGE_FILE_SUPPORT  -DDM_PARALLEL -DNETCDF -DGRIB2 -DHDF5 -DLANDREAD_STUB=1 -DUSE_ALLOCATABLES -Dwrfmodel -DGRIB1 -DINTIO -DKEEP_INT_AROUND -DLIMIT_ARGS -DBUILD_RRTMG_FAST=0 -DBUILD_RRTMK=0 -DBUILD_SBM_FAST=1 -DSHOW_ALL_VARS_USED=0 -DCONFIG_BUF_LEN=65536 -DMAX_DOMAINS_F=21 -DMAX_HISTORY=25 -DNMM_NEST=0 -DWRF_CHEM -DBUILD_CHEM=1 -DWRF_KPP -I. -traditional-cpp -DUSE_NETCDF4_FEATURES -DWRFIO_NCD_LARGE_FILE_SUPPORT   module_kpp_nmhc9_Parameters.G  > module_kpp_nmhc9_Parameters.bb
/home/onishi/WRF/tools/standard.exe module_kpp_nmhc9_Parameters.bb | /lib/cpp -P -nostdinc -I/home/onishi/WRF/external/ioapi_share -traditional-cpp -DUSE_NETCDF4_FEATURES -DWRFIO_NCD_LARGE_FILE_SUPPORT > module_kpp_nmhc9_Parameters.f90
rm -f module_kpp_nmhc9_Parameters.G module_kpp_nmhc9_Parameters.bb
time mpif90 -f90=ifort -o module_kpp_nmhc9_Parameters.o -c -O3 -ip -fp-model precise -w -ftz -align all -fno-alias -FR -convert big_endian    -I../dyn_em  -I/home/onishi/WRF/external/esmf_time_f90  -I/home/onishi/WRF/main -I/home/onishi/WRF/external/io_netcdf -I/home/onishi/WRF/external/io_int -I/home/onishi/WRF/frame -I/home/onishi/WRF/share -I/home/onishi/WRF/phys -I/home/onishi/WRF/wrftladj -I/home/onishi/WRF/chem -I/home/onishi/WRF/inc -I/home/onishi/NETCDF_DIR2//include  -real-size `expr 8 \* 4` -i4  module_kpp_nmhc9_Parameters.f90
0.03user 0.04system 0:00.08elapsed 88%CPU (0avgtext+0avgdata 38068maxresident)k
16inputs+104outputs (0major+5983minor)pagefaults 0swaps
rm -f module_kpp_nmhc9_JacobianSP.o
sed -e "s/^\!.*'.*//" -e "s/^ *\!.*'.*//" module_kpp_nmhc9_JacobianSP.F > module_kpp_nmhc9_JacobianSP.G
/lib/cpp -P -nostdinc -I/home/onishi/WRF/external/ioapi_share -I/home/onishi/WRF/inc -DEM_CORE=1 -DNMM_CORE=0 -DNMM_MAX_DIM=2600 -DDA_CORE=0 -DWRFPLUS=0 -DIWORDSIZE=4 -DDWORDSIZE=8 -DRWORDSIZE=4 -DLWORDSIZE=4 -DNONSTANDARD_SYSTEM_FUNC  -DWRF_USE_CLM -DUSE_NETCDF4_FEATURES -DWRFIO_NCD_LARGE_FILE_SUPPORT  -DDM_PARALLEL -DNETCDF -DGRIB2 -DHDF5 -DLANDREAD_STUB=1 -DUSE_ALLOCATABLES -Dwrfmodel -DGRIB1 -DINTIO -DKEEP_INT_AROUND -DLIMIT_ARGS -DBUILD_RRTMG_FAST=0 -DBUILD_RRTMK=0 -DBUILD_SBM_FAST=1 -DSHOW_ALL_VARS_USED=0 -DCONFIG_BUF_LEN=65536 -DMAX_DOMAINS_F=21 -DMAX_HISTORY=25 -DNMM_NEST=0 -DWRF_CHEM -DBUILD_CHEM=1 -DWRF_KPP -I. -traditional-cpp -DUSE_NETCDF4_FEATURES -DWRFIO_NCD_LARGE_FILE_SUPPORT   module_kpp_nmhc9_JacobianSP.G  > module_kpp_nmhc9_JacobianSP.bb
/home/onishi/WRF/tools/standard.exe module_kpp_nmhc9_JacobianSP.bb | /lib/cpp -P -nostdinc -I/home/onishi/WRF/external/ioapi_share -traditional-cpp -DUSE_NETCDF4_FEATURES -DWRFIO_NCD_LARGE_FILE_SUPPORT > module_kpp_nmhc9_JacobianSP.f90
rm -f module_kpp_nmhc9_JacobianSP.G module_kpp_nmhc9_JacobianSP.bb
time mpif90 -f90=ifort -o module_kpp_nmhc9_JacobianSP.o -c -O3 -ip -fp-model precise -w -ftz -align all -fno-alias -FR -convert big_endian    -I../dyn_em  -I/home/onishi/WRF/external/esmf_time_f90  -I/home/onishi/WRF/main -I/home/onishi/WRF/external/io_netcdf -I/home/onishi/WRF/external/io_int -I/home/onishi/WRF/frame -I/home/onishi/WRF/share -I/home/onishi/WRF/phys -I/home/onishi/WRF/wrftladj -I/home/onishi/WRF/chem -I/home/onishi/WRF/inc -I/home/onishi/NETCDF_DIR2//include  -real-size `expr 8 \* 4` -i4  module_kpp_nmhc9_JacobianSP.f90
0.02user 0.05system 0:00.10elapsed 72%CPU (0avgtext+0avgdata 39020maxresident)k
16inputs+384outputs (0major+6242minor)pagefaults 0swaps
rm -f module_kpp_nmhc9_Jacobian.o
sed -e "s/^\!.*'.*//" -e "s/^ *\!.*'.*//" module_kpp_nmhc9_Jacobian.F > module_kpp_nmhc9_Jacobian.G
/lib/cpp -P -nostdinc -I/home/onishi/WRF/external/ioapi_share -I/home/onishi/WRF/inc -DEM_CORE=1 -DNMM_CORE=0 -DNMM_MAX_DIM=2600 -DDA_CORE=0 -DWRFPLUS=0 -DIWORDSIZE=4 -DDWORDSIZE=8 -DRWORDSIZE=4 -DLWORDSIZE=4 -DNONSTANDARD_SYSTEM_FUNC  -DWRF_USE_CLM -DUSE_NETCDF4_FEATURES -DWRFIO_NCD_LARGE_FILE_SUPPORT  -DDM_PARALLEL -DNETCDF -DGRIB2 -DHDF5 -DLANDREAD_STUB=1 -DUSE_ALLOCATABLES -Dwrfmodel -DGRIB1 -DINTIO -DKEEP_INT_AROUND -DLIMIT_ARGS -DBUILD_RRTMG_FAST=0 -DBUILD_RRTMK=0 -DBUILD_SBM_FAST=1 -DSHOW_ALL_VARS_USED=0 -DCONFIG_BUF_LEN=65536 -DMAX_DOMAINS_F=21 -DMAX_HISTORY=25 -DNMM_NEST=0 -DWRF_CHEM -DBUILD_CHEM=1 -DWRF_KPP -I. -traditional-cpp -DUSE_NETCDF4_FEATURES -DWRFIO_NCD_LARGE_FILE_SUPPORT   module_kpp_nmhc9_Jacobian.G  > module_kpp_nmhc9_Jacobian.bb
/home/onishi/WRF/tools/standard.exe module_kpp_nmhc9_Jacobian.bb | /lib/cpp -P -nostdinc -I/home/onishi/WRF/external/ioapi_share -traditional-cpp -DUSE_NETCDF4_FEATURES -DWRFIO_NCD_LARGE_FILE_SUPPORT > module_kpp_nmhc9_Jacobian.f90
rm -f module_kpp_nmhc9_Jacobian.G module_kpp_nmhc9_Jacobian.bb
time mpif90 -f90=ifort -o module_kpp_nmhc9_Jacobian.o -c -O3 -ip -fp-model precise -w -ftz -align all -fno-alias -FR -convert big_endian    -I../dyn_em  -I/home/onishi/WRF/external/esmf_time_f90  -I/home/onishi/WRF/main -I/home/onishi/WRF/external/io_netcdf -I/home/onishi/WRF/external/io_int -I/home/onishi/WRF/frame -I/home/onishi/WRF/share -I/home/onishi/WRF/phys -I/home/onishi/WRF/wrftladj -I/home/onishi/WRF/chem -I/home/onishi/WRF/inc -I/home/onishi/NETCDF_DIR2//include  -real-size `expr 8 \* 4` -i4  module_kpp_nmhc9_Jacobian.f90
0.29user 0.06system 0:00.38elapsed 92%CPU (0avgtext+0avgdata 55272maxresident)k
352inputs+736outputs (0major+10706minor)pagefaults 0swaps
rm -f module_kpp_nmhc9_Update_Rconst.o
sed -e "s/^\!.*'.*//" -e "s/^ *\!.*'.*//" module_kpp_nmhc9_Update_Rconst.F > module_kpp_nmhc9_Update_Rconst.G
/lib/cpp -P -nostdinc -I/home/onishi/WRF/external/ioapi_share -I/home/onishi/WRF/inc -DEM_CORE=1 -DNMM_CORE=0 -DNMM_MAX_DIM=2600 -DDA_CORE=0 -DWRFPLUS=0 -DIWORDSIZE=4 -DDWORDSIZE=8 -DRWORDSIZE=4 -DLWORDSIZE=4 -DNONSTANDARD_SYSTEM_FUNC  -DWRF_USE_CLM -DUSE_NETCDF4_FEATURES -DWRFIO_NCD_LARGE_FILE_SUPPORT  -DDM_PARALLEL -DNETCDF -DGRIB2 -DHDF5 -DLANDREAD_STUB=1 -DUSE_ALLOCATABLES -Dwrfmodel -DGRIB1 -DINTIO -DKEEP_INT_AROUND -DLIMIT_ARGS -DBUILD_RRTMG_FAST=0 -DBUILD_RRTMK=0 -DBUILD_SBM_FAST=1 -DSHOW_ALL_VARS_USED=0 -DCONFIG_BUF_LEN=65536 -DMAX_DOMAINS_F=21 -DMAX_HISTORY=25 -DNMM_NEST=0 -DWRF_CHEM -DBUILD_CHEM=1 -DWRF_KPP -I. -traditional-cpp -DUSE_NETCDF4_FEATURES -DWRFIO_NCD_LARGE_FILE_SUPPORT   module_kpp_nmhc9_Update_Rconst.G  > module_kpp_nmhc9_Update_Rconst.bb
/home/onishi/WRF/tools/standard.exe module_kpp_nmhc9_Update_Rconst.bb | /lib/cpp -P -nostdinc -I/home/onishi/WRF/external/ioapi_share -traditional-cpp -DUSE_NETCDF4_FEATURES -DWRFIO_NCD_LARGE_FILE_SUPPORT > module_kpp_nmhc9_Update_Rconst.f90
rm -f module_kpp_nmhc9_Update_Rconst.G module_kpp_nmhc9_Update_Rconst.bb
time mpif90 -f90=ifort -o module_kpp_nmhc9_Update_Rconst.o -c -O3 -ip -fp-model precise -w -ftz -align all -fno-alias -FR -convert big_endian    -I../dyn_em  -I/home/onishi/WRF/external/esmf_time_f90  -I/home/onishi/WRF/main -I/home/onishi/WRF/external/io_netcdf -I/home/onishi/WRF/external/io_int -I/home/onishi/WRF/frame -I/home/onishi/WRF/share -I/home/onishi/WRF/phys -I/home/onishi/WRF/wrftladj -I/home/onishi/WRF/chem -I/home/onishi/WRF/inc -I/home/onishi/NETCDF_DIR2//include  -real-size `expr 8 \* 4` -i4  module_kpp_nmhc9_Update_Rconst.f90
0.12user 0.06system 0:00.19elapsed 95%CPU (0avgtext+0avgdata 54908maxresident)k
32inputs+408outputs (0major+10055minor)pagefaults 0swaps
rm -f module_kpp_nmhc9_Integr.o
sed -e "s/^\!.*'.*//" -e "s/^ *\!.*'.*//" module_kpp_nmhc9_Integr.F > module_kpp_nmhc9_Integr.G
/lib/cpp -P -nostdinc -I/home/onishi/WRF/external/ioapi_share -I/home/onishi/WRF/inc -DEM_CORE=1 -DNMM_CORE=0 -DNMM_MAX_DIM=2600 -DDA_CORE=0 -DWRFPLUS=0 -DIWORDSIZE=4 -DDWORDSIZE=8 -DRWORDSIZE=4 -DLWORDSIZE=4 -DNONSTANDARD_SYSTEM_FUNC  -DWRF_USE_CLM -DUSE_NETCDF4_FEATURES -DWRFIO_NCD_LARGE_FILE_SUPPORT  -DDM_PARALLEL -DNETCDF -DGRIB2 -DHDF5 -DLANDREAD_STUB=1 -DUSE_ALLOCATABLES -Dwrfmodel -DGRIB1 -DINTIO -DKEEP_INT_AROUND -DLIMIT_ARGS -DBUILD_RRTMG_FAST=0 -DBUILD_RRTMK=0 -DBUILD_SBM_FAST=1 -DSHOW_ALL_VARS_USED=0 -DCONFIG_BUF_LEN=65536 -DMAX_DOMAINS_F=21 -DMAX_HISTORY=25 -DNMM_NEST=0 -DWRF_CHEM -DBUILD_CHEM=1 -DWRF_KPP -I. -traditional-cpp -DUSE_NETCDF4_FEATURES -DWRFIO_NCD_LARGE_FILE_SUPPORT   module_kpp_nmhc9_Integr.G  > module_kpp_nmhc9_Integr.bb
/home/onishi/WRF/tools/standard.exe module_kpp_nmhc9_Integr.bb | /lib/cpp -P -nostdinc -I/home/onishi/WRF/external/ioapi_share -traditional-cpp -DUSE_NETCDF4_FEATURES -DWRFIO_NCD_LARGE_FILE_SUPPORT > module_kpp_nmhc9_Integr.f90
rm -f module_kpp_nmhc9_Integr.G module_kpp_nmhc9_Integr.bb
time mpif90 -f90=ifort -o module_kpp_nmhc9_Integr.o -c -O3 -ip -fp-model precise -w -ftz -align all -fno-alias -FR -convert big_endian    -I../dyn_em  -I/home/onishi/WRF/external/esmf_time_f90  -I/home/onishi/WRF/main -I/home/onishi/WRF/external/io_netcdf -I/home/onishi/WRF/external/io_int -I/home/onishi/WRF/frame -I/home/onishi/WRF/share -I/home/onishi/WRF/phys -I/home/onishi/WRF/wrftladj -I/home/onishi/WRF/chem -I/home/onishi/WRF/inc -I/home/onishi/NETCDF_DIR2//include  -real-size `expr 8 \* 4` -i4  module_kpp_nmhc9_Integr.f90
3.59user 0.15system 0:03.76elapsed 99%CPU (0avgtext+0avgdata 123300maxresident)k
352inputs+4288outputs (0major+34217minor)pagefaults 0swaps
rm -f module_kpp_nmhc9_interface.o
sed -e "s/^\!.*'.*//" -e "s/^ *\!.*'.*//" module_kpp_nmhc9_interface.F > module_kpp_nmhc9_interface.G
/lib/cpp -P -nostdinc -I/home/onishi/WRF/external/ioapi_share -I/home/onishi/WRF/inc -DEM_CORE=1 -DNMM_CORE=0 -DNMM_MAX_DIM=2600 -DDA_CORE=0 -DWRFPLUS=0 -DIWORDSIZE=4 -DDWORDSIZE=8 -DRWORDSIZE=4 -DLWORDSIZE=4 -DNONSTANDARD_SYSTEM_FUNC  -DWRF_USE_CLM -DUSE_NETCDF4_FEATURES -DWRFIO_NCD_LARGE_FILE_SUPPORT  -DDM_PARALLEL -DNETCDF -DGRIB2 -DHDF5 -DLANDREAD_STUB=1 -DUSE_ALLOCATABLES -Dwrfmodel -DGRIB1 -DINTIO -DKEEP_INT_AROUND -DLIMIT_ARGS -DBUILD_RRTMG_FAST=0 -DBUILD_RRTMK=0 -DBUILD_SBM_FAST=1 -DSHOW_ALL_VARS_USED=0 -DCONFIG_BUF_LEN=65536 -DMAX_DOMAINS_F=21 -DMAX_HISTORY=25 -DNMM_NEST=0 -DWRF_CHEM -DBUILD_CHEM=1 -DWRF_KPP -I. -traditional-cpp -DUSE_NETCDF4_FEATURES -DWRFIO_NCD_LARGE_FILE_SUPPORT   module_kpp_nmhc9_interface.G  > module_kpp_nmhc9_interface.bb
/home/onishi/WRF/tools/standard.exe module_kpp_nmhc9_interface.bb | /lib/cpp -P -nostdinc -I/home/onishi/WRF/external/ioapi_share -traditional-cpp -DUSE_NETCDF4_FEATURES -DWRFIO_NCD_LARGE_FILE_SUPPORT > module_kpp_nmhc9_interface.f90
rm -f module_kpp_nmhc9_interface.G module_kpp_nmhc9_interface.bb
time mpif90 -f90=ifort -o module_kpp_nmhc9_interface.o -c -O3 -ip -fp-model precise -w -ftz -align all -fno-alias -FR -convert big_endian    -I../dyn_em  -I/home/onishi/WRF/external/esmf_time_f90  -I/home/onishi/WRF/main -I/home/onishi/WRF/external/io_netcdf -I/home/onishi/WRF/external/io_int -I/home/onishi/WRF/frame -I/home/onishi/WRF/share -I/home/onishi/WRF/phys -I/home/onishi/WRF/wrftladj -I/home/onishi/WRF/chem -I/home/onishi/WRF/inc -I/home/onishi/NETCDF_DIR2//include  -real-size `expr 8 \* 4` -i4  module_kpp_nmhc9_interface.f90
0.43user 0.10system 0:00.57elapsed 92%CPU (0avgtext+0avgdata 74896maxresident)k
216inputs+1432outputs (0major+14692minor)pagefaults 0swaps
rm -f module_kpp_racm_Precision.o
sed -e "s/^\!.*'.*//" -e "s/^ *\!.*'.*//" module_kpp_racm_Precision.F > module_kpp_racm_Precision.G
/lib/cpp -P -nostdinc -I/home/onishi/WRF/external/ioapi_share -I/home/onishi/WRF/inc -DEM_CORE=1 -DNMM_CORE=0 -DNMM_MAX_DIM=2600 -DDA_CORE=0 -DWRFPLUS=0 -DIWORDSIZE=4 -DDWORDSIZE=8 -DRWORDSIZE=4 -DLWORDSIZE=4 -DNONSTANDARD_SYSTEM_FUNC  -DWRF_USE_CLM -DUSE_NETCDF4_FEATURES -DWRFIO_NCD_LARGE_FILE_SUPPORT  -DDM_PARALLEL -DNETCDF -DGRIB2 -DHDF5 -DLANDREAD_STUB=1 -DUSE_ALLOCATABLES -Dwrfmodel -DGRIB1 -DINTIO -DKEEP_INT_AROUND -DLIMIT_ARGS -DBUILD_RRTMG_FAST=0 -DBUILD_RRTMK=0 -DBUILD_SBM_FAST=1 -DSHOW_ALL_VARS_USED=0 -DCONFIG_BUF_LEN=65536 -DMAX_DOMAINS_F=21 -DMAX_HISTORY=25 -DNMM_NEST=0 -DWRF_CHEM -DBUILD_CHEM=1 -DWRF_KPP -I. -traditional-cpp -DUSE_NETCDF4_FEATURES -DWRFIO_NCD_LARGE_FILE_SUPPORT   module_kpp_racm_Precision.G  > module_kpp_racm_Precision.bb
/home/onishi/WRF/tools/standard.exe module_kpp_racm_Precision.bb | /lib/cpp -P -nostdinc -I/home/onishi/WRF/external/ioapi_share -traditional-cpp -DUSE_NETCDF4_FEATURES -DWRFIO_NCD_LARGE_FILE_SUPPORT > module_kpp_racm_Precision.f90
rm -f module_kpp_racm_Precision.G module_kpp_racm_Precision.bb
time mpif90 -f90=ifort -o module_kpp_racm_Precision.o -c -O3 -ip -fp-model precise -w -ftz -align all -fno-alias -FR -convert big_endian    -I../dyn_em  -I/home/onishi/WRF/external/esmf_time_f90  -I/home/onishi/WRF/main -I/home/onishi/WRF/external/io_netcdf -I/home/onishi/WRF/external/io_int -I/home/onishi/WRF/frame -I/home/onishi/WRF/share -I/home/onishi/WRF/phys -I/home/onishi/WRF/wrftladj -I/home/onishi/WRF/chem -I/home/onishi/WRF/inc -I/home/onishi/NETCDF_DIR2//include  -real-size `expr 8 \* 4` -i4  module_kpp_racm_Precision.f90
0.00user 0.06system 0:00.07elapsed 89%CPU (0avgtext+0avgdata 37776maxresident)k
8inputs+88outputs (0major+5950minor)pagefaults 0swaps
rm -f module_kpp_racm_Parameters.o
sed -e "s/^\!.*'.*//" -e "s/^ *\!.*'.*//" module_kpp_racm_Parameters.F > module_kpp_racm_Parameters.G
/lib/cpp -P -nostdinc -I/home/onishi/WRF/external/ioapi_share -I/home/onishi/WRF/inc -DEM_CORE=1 -DNMM_CORE=0 -DNMM_MAX_DIM=2600 -DDA_CORE=0 -DWRFPLUS=0 -DIWORDSIZE=4 -DDWORDSIZE=8 -DRWORDSIZE=4 -DLWORDSIZE=4 -DNONSTANDARD_SYSTEM_FUNC  -DWRF_USE_CLM -DUSE_NETCDF4_FEATURES -DWRFIO_NCD_LARGE_FILE_SUPPORT  -DDM_PARALLEL -DNETCDF -DGRIB2 -DHDF5 -DLANDREAD_STUB=1 -DUSE_ALLOCATABLES -Dwrfmodel -DGRIB1 -DINTIO -DKEEP_INT_AROUND -DLIMIT_ARGS -DBUILD_RRTMG_FAST=0 -DBUILD_RRTMK=0 -DBUILD_SBM_FAST=1 -DSHOW_ALL_VARS_USED=0 -DCONFIG_BUF_LEN=65536 -DMAX_DOMAINS_F=21 -DMAX_HISTORY=25 -DNMM_NEST=0 -DWRF_CHEM -DBUILD_CHEM=1 -DWRF_KPP -I. -traditional-cpp -DUSE_NETCDF4_FEATURES -DWRFIO_NCD_LARGE_FILE_SUPPORT   module_kpp_racm_Parameters.G  > module_kpp_racm_Parameters.bb
/home/onishi/WRF/tools/standard.exe module_kpp_racm_Parameters.bb | /lib/cpp -P -nostdinc -I/home/onishi/WRF/external/ioapi_share -traditional-cpp -DUSE_NETCDF4_FEATURES -DWRFIO_NCD_LARGE_FILE_SUPPORT > module_kpp_racm_Parameters.f90
rm -f module_kpp_racm_Parameters.G module_kpp_racm_Parameters.bb
time mpif90 -f90=ifort -o module_kpp_racm_Parameters.o -c -O3 -ip -fp-model precise -w -ftz -align all -fno-alias -FR -convert big_endian    -I../dyn_em  -I/home/onishi/WRF/external/esmf_time_f90  -I/home/onishi/WRF/main -I/home/onishi/WRF/external/io_netcdf -I/home/onishi/WRF/external/io_int -I/home/onishi/WRF/frame -I/home/onishi/WRF/share -I/home/onishi/WRF/phys -I/home/onishi/WRF/wrftladj -I/home/onishi/WRF/chem -I/home/onishi/WRF/inc -I/home/onishi/NETCDF_DIR2//include  -real-size `expr 8 \* 4` -i4  module_kpp_racm_Parameters.f90
0.01user 0.05system 0:00.09elapsed 72%CPU (0avgtext+0avgdata 38096maxresident)k
16inputs+112outputs (0major+5987minor)pagefaults 0swaps
rm -f module_kpp_racm_JacobianSP.o
sed -e "s/^\!.*'.*//" -e "s/^ *\!.*'.*//" module_kpp_racm_JacobianSP.F > module_kpp_racm_JacobianSP.G
/lib/cpp -P -nostdinc -I/home/onishi/WRF/external/ioapi_share -I/home/onishi/WRF/inc -DEM_CORE=1 -DNMM_CORE=0 -DNMM_MAX_DIM=2600 -DDA_CORE=0 -DWRFPLUS=0 -DIWORDSIZE=4 -DDWORDSIZE=8 -DRWORDSIZE=4 -DLWORDSIZE=4 -DNONSTANDARD_SYSTEM_FUNC  -DWRF_USE_CLM -DUSE_NETCDF4_FEATURES -DWRFIO_NCD_LARGE_FILE_SUPPORT  -DDM_PARALLEL -DNETCDF -DGRIB2 -DHDF5 -DLANDREAD_STUB=1 -DUSE_ALLOCATABLES -Dwrfmodel -DGRIB1 -DINTIO -DKEEP_INT_AROUND -DLIMIT_ARGS -DBUILD_RRTMG_FAST=0 -DBUILD_RRTMK=0 -DBUILD_SBM_FAST=1 -DSHOW_ALL_VARS_USED=0 -DCONFIG_BUF_LEN=65536 -DMAX_DOMAINS_F=21 -DMAX_HISTORY=25 -DNMM_NEST=0 -DWRF_CHEM -DBUILD_CHEM=1 -DWRF_KPP -I. -traditional-cpp -DUSE_NETCDF4_FEATURES -DWRFIO_NCD_LARGE_FILE_SUPPORT   module_kpp_racm_JacobianSP.G  > module_kpp_racm_JacobianSP.bb
/home/onishi/WRF/tools/standard.exe module_kpp_racm_JacobianSP.bb | /lib/cpp -P -nostdinc -I/home/onishi/WRF/external/ioapi_share -traditional-cpp -DUSE_NETCDF4_FEATURES -DWRFIO_NCD_LARGE_FILE_SUPPORT > module_kpp_racm_JacobianSP.f90
rm -f module_kpp_racm_JacobianSP.G module_kpp_racm_JacobianSP.bb
time mpif90 -f90=ifort -o module_kpp_racm_JacobianSP.o -c -O3 -ip -fp-model precise -w -ftz -align all -fno-alias -FR -convert big_endian    -I../dyn_em  -I/home/onishi/WRF/external/esmf_time_f90  -I/home/onishi/WRF/main -I/home/onishi/WRF/external/io_netcdf -I/home/onishi/WRF/external/io_int -I/home/onishi/WRF/frame -I/home/onishi/WRF/share -I/home/onishi/WRF/phys -I/home/onishi/WRF/wrftladj -I/home/onishi/WRF/chem -I/home/onishi/WRF/inc -I/home/onishi/NETCDF_DIR2//include  -real-size `expr 8 \* 4` -i4  module_kpp_racm_JacobianSP.f90
0.03user 0.04system 0:00.09elapsed 90%CPU (0avgtext+0avgdata 39868maxresident)k
24inputs+616outputs (0major+6496minor)pagefaults 0swaps
rm -f module_kpp_racm_Jacobian.o
sed -e "s/^\!.*'.*//" -e "s/^ *\!.*'.*//" module_kpp_racm_Jacobian.F > module_kpp_racm_Jacobian.G
/lib/cpp -P -nostdinc -I/home/onishi/WRF/external/ioapi_share -I/home/onishi/WRF/inc -DEM_CORE=1 -DNMM_CORE=0 -DNMM_MAX_DIM=2600 -DDA_CORE=0 -DWRFPLUS=0 -DIWORDSIZE=4 -DDWORDSIZE=8 -DRWORDSIZE=4 -DLWORDSIZE=4 -DNONSTANDARD_SYSTEM_FUNC  -DWRF_USE_CLM -DUSE_NETCDF4_FEATURES -DWRFIO_NCD_LARGE_FILE_SUPPORT  -DDM_PARALLEL -DNETCDF -DGRIB2 -DHDF5 -DLANDREAD_STUB=1 -DUSE_ALLOCATABLES -Dwrfmodel -DGRIB1 -DINTIO -DKEEP_INT_AROUND -DLIMIT_ARGS -DBUILD_RRTMG_FAST=0 -DBUILD_RRTMK=0 -DBUILD_SBM_FAST=1 -DSHOW_ALL_VARS_USED=0 -DCONFIG_BUF_LEN=65536 -DMAX_DOMAINS_F=21 -DMAX_HISTORY=25 -DNMM_NEST=0 -DWRF_CHEM -DBUILD_CHEM=1 -DWRF_KPP -I. -traditional-cpp -DUSE_NETCDF4_FEATURES -DWRFIO_NCD_LARGE_FILE_SUPPORT   module_kpp_racm_Jacobian.G  > module_kpp_racm_Jacobian.bb
/home/onishi/WRF/tools/standard.exe module_kpp_racm_Jacobian.bb | /lib/cpp -P -nostdinc -I/home/onishi/WRF/external/ioapi_share -traditional-cpp -DUSE_NETCDF4_FEATURES -DWRFIO_NCD_LARGE_FILE_SUPPORT > module_kpp_racm_Jacobian.f90
rm -f module_kpp_racm_Jacobian.G module_kpp_racm_Jacobian.bb
time mpif90 -f90=ifort -o module_kpp_racm_Jacobian.o -c -O3 -ip -fp-model precise -w -ftz -align all -fno-alias -FR -convert big_endian    -I../dyn_em  -I/home/onishi/WRF/external/esmf_time_f90  -I/home/onishi/WRF/main -I/home/onishi/WRF/external/io_netcdf -I/home/onishi/WRF/external/io_int -I/home/onishi/WRF/frame -I/home/onishi/WRF/share -I/home/onishi/WRF/phys -I/home/onishi/WRF/wrftladj -I/home/onishi/WRF/chem -I/home/onishi/WRF/inc -I/home/onishi/NETCDF_DIR2//include  -real-size `expr 8 \* 4` -i4  module_kpp_racm_Jacobian.f90
0.53user 0.10system 0:00.65elapsed 98%CPU (0avgtext+0avgdata 67088maxresident)k
608inputs+1232outputs (0major+14243minor)pagefaults 0swaps
rm -f module_kpp_racm_Update_Rconst.o
sed -e "s/^\!.*'.*//" -e "s/^ *\!.*'.*//" module_kpp_racm_Update_Rconst.F > module_kpp_racm_Update_Rconst.G
/lib/cpp -P -nostdinc -I/home/onishi/WRF/external/ioapi_share -I/home/onishi/WRF/inc -DEM_CORE=1 -DNMM_CORE=0 -DNMM_MAX_DIM=2600 -DDA_CORE=0 -DWRFPLUS=0 -DIWORDSIZE=4 -DDWORDSIZE=8 -DRWORDSIZE=4 -DLWORDSIZE=4 -DNONSTANDARD_SYSTEM_FUNC  -DWRF_USE_CLM -DUSE_NETCDF4_FEATURES -DWRFIO_NCD_LARGE_FILE_SUPPORT  -DDM_PARALLEL -DNETCDF -DGRIB2 -DHDF5 -DLANDREAD_STUB=1 -DUSE_ALLOCATABLES -Dwrfmodel -DGRIB1 -DINTIO -DKEEP_INT_AROUND -DLIMIT_ARGS -DBUILD_RRTMG_FAST=0 -DBUILD_RRTMK=0 -DBUILD_SBM_FAST=1 -DSHOW_ALL_VARS_USED=0 -DCONFIG_BUF_LEN=65536 -DMAX_DOMAINS_F=21 -DMAX_HISTORY=25 -DNMM_NEST=0 -DWRF_CHEM -DBUILD_CHEM=1 -DWRF_KPP -I. -traditional-cpp -DUSE_NETCDF4_FEATURES -DWRFIO_NCD_LARGE_FILE_SUPPORT   module_kpp_racm_Update_Rconst.G  > module_kpp_racm_Update_Rconst.bb
/home/onishi/WRF/tools/standard.exe module_kpp_racm_Update_Rconst.bb | /lib/cpp -P -nostdinc -I/home/onishi/WRF/external/ioapi_share -traditional-cpp -DUSE_NETCDF4_FEATURES -DWRFIO_NCD_LARGE_FILE_SUPPORT > module_kpp_racm_Update_Rconst.f90
rm -f module_kpp_racm_Update_Rconst.G module_kpp_racm_Update_Rconst.bb
time mpif90 -f90=ifort -o module_kpp_racm_Update_Rconst.o -c -O3 -ip -fp-model precise -w -ftz -align all -fno-alias -FR -convert big_endian    -I../dyn_em  -I/home/onishi/WRF/external/esmf_time_f90  -I/home/onishi/WRF/main -I/home/onishi/WRF/external/io_netcdf -I/home/onishi/WRF/external/io_int -I/home/onishi/WRF/frame -I/home/onishi/WRF/share -I/home/onishi/WRF/phys -I/home/onishi/WRF/wrftladj -I/home/onishi/WRF/chem -I/home/onishi/WRF/inc -I/home/onishi/NETCDF_DIR2//include  -real-size `expr 8 \* 4` -i4  module_kpp_racm_Update_Rconst.f90
0.13user 0.06system 0:00.20elapsed 95%CPU (0avgtext+0avgdata 55932maxresident)k
32inputs+416outputs (0major+10597minor)pagefaults 0swaps
rm -f module_kpp_racm_Integr.o
sed -e "s/^\!.*'.*//" -e "s/^ *\!.*'.*//" module_kpp_racm_Integr.F > module_kpp_racm_Integr.G
/lib/cpp -P -nostdinc -I/home/onishi/WRF/external/ioapi_share -I/home/onishi/WRF/inc -DEM_CORE=1 -DNMM_CORE=0 -DNMM_MAX_DIM=2600 -DDA_CORE=0 -DWRFPLUS=0 -DIWORDSIZE=4 -DDWORDSIZE=8 -DRWORDSIZE=4 -DLWORDSIZE=4 -DNONSTANDARD_SYSTEM_FUNC  -DWRF_USE_CLM -DUSE_NETCDF4_FEATURES -DWRFIO_NCD_LARGE_FILE_SUPPORT  -DDM_PARALLEL -DNETCDF -DGRIB2 -DHDF5 -DLANDREAD_STUB=1 -DUSE_ALLOCATABLES -Dwrfmodel -DGRIB1 -DINTIO -DKEEP_INT_AROUND -DLIMIT_ARGS -DBUILD_RRTMG_FAST=0 -DBUILD_RRTMK=0 -DBUILD_SBM_FAST=1 -DSHOW_ALL_VARS_USED=0 -DCONFIG_BUF_LEN=65536 -DMAX_DOMAINS_F=21 -DMAX_HISTORY=25 -DNMM_NEST=0 -DWRF_CHEM -DBUILD_CHEM=1 -DWRF_KPP -I. -traditional-cpp -DUSE_NETCDF4_FEATURES -DWRFIO_NCD_LARGE_FILE_SUPPORT   module_kpp_racm_Integr.G  > module_kpp_racm_Integr.bb
/home/onishi/WRF/tools/standard.exe module_kpp_racm_Integr.bb | /lib/cpp -P -nostdinc -I/home/onishi/WRF/external/ioapi_share -traditional-cpp -DUSE_NETCDF4_FEATURES -DWRFIO_NCD_LARGE_FILE_SUPPORT > module_kpp_racm_Integr.f90
rm -f module_kpp_racm_Integr.G module_kpp_racm_Integr.bb
time mpif90 -f90=ifort -o module_kpp_racm_Integr.o -c -O3 -ip -fp-model precise -w -ftz -align all -fno-alias -FR -convert big_endian    -I../dyn_em  -I/home/onishi/WRF/external/esmf_time_f90  -I/home/onishi/WRF/main -I/home/onishi/WRF/external/io_netcdf -I/home/onishi/WRF/external/io_int -I/home/onishi/WRF/frame -I/home/onishi/WRF/share -I/home/onishi/WRF/phys -I/home/onishi/WRF/wrftladj -I/home/onishi/WRF/chem -I/home/onishi/WRF/inc -I/home/onishi/NETCDF_DIR2//include  -real-size `expr 8 \* 4` -i4  module_kpp_racm_Integr.f90
12.12user 0.30system 0:12.46elapsed 99%CPU (0avgtext+0avgdata 309808maxresident)k
656inputs+8400outputs (0major+84536minor)pagefaults 0swaps
rm -f module_kpp_racm_interface.o
sed -e "s/^\!.*'.*//" -e "s/^ *\!.*'.*//" module_kpp_racm_interface.F > module_kpp_racm_interface.G
/lib/cpp -P -nostdinc -I/home/onishi/WRF/external/ioapi_share -I/home/onishi/WRF/inc -DEM_CORE=1 -DNMM_CORE=0 -DNMM_MAX_DIM=2600 -DDA_CORE=0 -DWRFPLUS=0 -DIWORDSIZE=4 -DDWORDSIZE=8 -DRWORDSIZE=4 -DLWORDSIZE=4 -DNONSTANDARD_SYSTEM_FUNC  -DWRF_USE_CLM -DUSE_NETCDF4_FEATURES -DWRFIO_NCD_LARGE_FILE_SUPPORT  -DDM_PARALLEL -DNETCDF -DGRIB2 -DHDF5 -DLANDREAD_STUB=1 -DUSE_ALLOCATABLES -Dwrfmodel -DGRIB1 -DINTIO -DKEEP_INT_AROUND -DLIMIT_ARGS -DBUILD_RRTMG_FAST=0 -DBUILD_RRTMK=0 -DBUILD_SBM_FAST=1 -DSHOW_ALL_VARS_USED=0 -DCONFIG_BUF_LEN=65536 -DMAX_DOMAINS_F=21 -DMAX_HISTORY=25 -DNMM_NEST=0 -DWRF_CHEM -DBUILD_CHEM=1 -DWRF_KPP -I. -traditional-cpp -DUSE_NETCDF4_FEATURES -DWRFIO_NCD_LARGE_FILE_SUPPORT   module_kpp_racm_interface.G  > module_kpp_racm_interface.bb
/home/onishi/WRF/tools/standard.exe module_kpp_racm_interface.bb | /lib/cpp -P -nostdinc -I/home/onishi/WRF/external/ioapi_share -traditional-cpp -DUSE_NETCDF4_FEATURES -DWRFIO_NCD_LARGE_FILE_SUPPORT > module_kpp_racm_interface.f90
rm -f module_kpp_racm_interface.G module_kpp_racm_interface.bb
time mpif90 -f90=ifort -o module_kpp_racm_interface.o -c -O3 -ip -fp-model precise -w -ftz -align all -fno-alias -FR -convert big_endian    -I../dyn_em  -I/home/onishi/WRF/external/esmf_time_f90  -I/home/onishi/WRF/main -I/home/onishi/WRF/external/io_netcdf -I/home/onishi/WRF/external/io_int -I/home/onishi/WRF/frame -I/home/onishi/WRF/share -I/home/onishi/WRF/phys -I/home/onishi/WRF/wrftladj -I/home/onishi/WRF/chem -I/home/onishi/WRF/inc -I/home/onishi/NETCDF_DIR2//include  -real-size `expr 8 \* 4` -i4  module_kpp_racm_interface.f90
0.48user 0.10system 0:00.61elapsed 94%CPU (0avgtext+0avgdata 78008maxresident)k
264inputs+1480outputs (0major+15540minor)pagefaults 0swaps
rm -f module_kpp_racm_esrlsorg_Precision.o
sed -e "s/^\!.*'.*//" -e "s/^ *\!.*'.*//" module_kpp_racm_esrlsorg_Precision.F > module_kpp_racm_esrlsorg_Precision.G
/lib/cpp -P -nostdinc -I/home/onishi/WRF/external/ioapi_share -I/home/onishi/WRF/inc -DEM_CORE=1 -DNMM_CORE=0 -DNMM_MAX_DIM=2600 -DDA_CORE=0 -DWRFPLUS=0 -DIWORDSIZE=4 -DDWORDSIZE=8 -DRWORDSIZE=4 -DLWORDSIZE=4 -DNONSTANDARD_SYSTEM_FUNC  -DWRF_USE_CLM -DUSE_NETCDF4_FEATURES -DWRFIO_NCD_LARGE_FILE_SUPPORT  -DDM_PARALLEL -DNETCDF -DGRIB2 -DHDF5 -DLANDREAD_STUB=1 -DUSE_ALLOCATABLES -Dwrfmodel -DGRIB1 -DINTIO -DKEEP_INT_AROUND -DLIMIT_ARGS -DBUILD_RRTMG_FAST=0 -DBUILD_RRTMK=0 -DBUILD_SBM_FAST=1 -DSHOW_ALL_VARS_USED=0 -DCONFIG_BUF_LEN=65536 -DMAX_DOMAINS_F=21 -DMAX_HISTORY=25 -DNMM_NEST=0 -DWRF_CHEM -DBUILD_CHEM=1 -DWRF_KPP -I. -traditional-cpp -DUSE_NETCDF4_FEATURES -DWRFIO_NCD_LARGE_FILE_SUPPORT   module_kpp_racm_esrlsorg_Precision.G  > module_kpp_racm_esrlsorg_Precision.bb
/home/onishi/WRF/tools/standard.exe module_kpp_racm_esrlsorg_Precision.bb | /lib/cpp -P -nostdinc -I/home/onishi/WRF/external/ioapi_share -traditional-cpp -DUSE_NETCDF4_FEATURES -DWRFIO_NCD_LARGE_FILE_SUPPORT > module_kpp_racm_esrlsorg_Precision.f90
rm -f module_kpp_racm_esrlsorg_Precision.G module_kpp_racm_esrlsorg_Precision.bb
time mpif90 -f90=ifort -o module_kpp_racm_esrlsorg_Precision.o -c -O3 -ip -fp-model precise -w -ftz -align all -fno-alias -FR -convert big_endian    -I../dyn_em  -I/home/onishi/WRF/external/esmf_time_f90  -I/home/onishi/WRF/main -I/home/onishi/WRF/external/io_netcdf -I/home/onishi/WRF/external/io_int -I/home/onishi/WRF/frame -I/home/onishi/WRF/share -I/home/onishi/WRF/phys -I/home/onishi/WRF/wrftladj -I/home/onishi/WRF/chem -I/home/onishi/WRF/inc -I/home/onishi/NETCDF_DIR2//include  -real-size `expr 8 \* 4` -i4  module_kpp_racm_esrlsorg_Precision.f90
0.02user 0.04system 0:00.09elapsed 72%CPU (0avgtext+0avgdata 37848maxresident)k
8inputs+88outputs (0major+5977minor)pagefaults 0swaps
rm -f module_kpp_racm_esrlsorg_Parameters.o
sed -e "s/^\!.*'.*//" -e "s/^ *\!.*'.*//" module_kpp_racm_esrlsorg_Parameters.F > module_kpp_racm_esrlsorg_Parameters.G
/lib/cpp -P -nostdinc -I/home/onishi/WRF/external/ioapi_share -I/home/onishi/WRF/inc -DEM_CORE=1 -DNMM_CORE=0 -DNMM_MAX_DIM=2600 -DDA_CORE=0 -DWRFPLUS=0 -DIWORDSIZE=4 -DDWORDSIZE=8 -DRWORDSIZE=4 -DLWORDSIZE=4 -DNONSTANDARD_SYSTEM_FUNC  -DWRF_USE_CLM -DUSE_NETCDF4_FEATURES -DWRFIO_NCD_LARGE_FILE_SUPPORT  -DDM_PARALLEL -DNETCDF -DGRIB2 -DHDF5 -DLANDREAD_STUB=1 -DUSE_ALLOCATABLES -Dwrfmodel -DGRIB1 -DINTIO -DKEEP_INT_AROUND -DLIMIT_ARGS -DBUILD_RRTMG_FAST=0 -DBUILD_RRTMK=0 -DBUILD_SBM_FAST=1 -DSHOW_ALL_VARS_USED=0 -DCONFIG_BUF_LEN=65536 -DMAX_DOMAINS_F=21 -DMAX_HISTORY=25 -DNMM_NEST=0 -DWRF_CHEM -DBUILD_CHEM=1 -DWRF_KPP -I. -traditional-cpp -DUSE_NETCDF4_FEATURES -DWRFIO_NCD_LARGE_FILE_SUPPORT   module_kpp_racm_esrlsorg_Parameters.G  > module_kpp_racm_esrlsorg_Parameters.bb
/home/onishi/WRF/tools/standard.exe module_kpp_racm_esrlsorg_Parameters.bb | /lib/cpp -P -nostdinc -I/home/onishi/WRF/external/ioapi_share -traditional-cpp -DUSE_NETCDF4_FEATURES -DWRFIO_NCD_LARGE_FILE_SUPPORT > module_kpp_racm_esrlsorg_Parameters.f90
rm -f module_kpp_racm_esrlsorg_Parameters.G module_kpp_racm_esrlsorg_Parameters.bb
time mpif90 -f90=ifort -o module_kpp_racm_esrlsorg_Parameters.o -c -O3 -ip -fp-model precise -w -ftz -align all -fno-alias -FR -convert big_endian    -I../dyn_em  -I/home/onishi/WRF/external/esmf_time_f90  -I/home/onishi/WRF/main -I/home/onishi/WRF/external/io_netcdf -I/home/onishi/WRF/external/io_int -I/home/onishi/WRF/frame -I/home/onishi/WRF/share -I/home/onishi/WRF/phys -I/home/onishi/WRF/wrftladj -I/home/onishi/WRF/chem -I/home/onishi/WRF/inc -I/home/onishi/NETCDF_DIR2//include  -real-size `expr 8 \* 4` -i4  module_kpp_racm_esrlsorg_Parameters.f90
0.00user 0.06system 0:00.07elapsed 88%CPU (0avgtext+0avgdata 38064maxresident)k
16inputs+112outputs (0major+5981minor)pagefaults 0swaps
rm -f module_kpp_racm_esrlsorg_JacobianSP.o
sed -e "s/^\!.*'.*//" -e "s/^ *\!.*'.*//" module_kpp_racm_esrlsorg_JacobianSP.F > module_kpp_racm_esrlsorg_JacobianSP.G
/lib/cpp -P -nostdinc -I/home/onishi/WRF/external/ioapi_share -I/home/onishi/WRF/inc -DEM_CORE=1 -DNMM_CORE=0 -DNMM_MAX_DIM=2600 -DDA_CORE=0 -DWRFPLUS=0 -DIWORDSIZE=4 -DDWORDSIZE=8 -DRWORDSIZE=4 -DLWORDSIZE=4 -DNONSTANDARD_SYSTEM_FUNC  -DWRF_USE_CLM -DUSE_NETCDF4_FEATURES -DWRFIO_NCD_LARGE_FILE_SUPPORT  -DDM_PARALLEL -DNETCDF -DGRIB2 -DHDF5 -DLANDREAD_STUB=1 -DUSE_ALLOCATABLES -Dwrfmodel -DGRIB1 -DINTIO -DKEEP_INT_AROUND -DLIMIT_ARGS -DBUILD_RRTMG_FAST=0 -DBUILD_RRTMK=0 -DBUILD_SBM_FAST=1 -DSHOW_ALL_VARS_USED=0 -DCONFIG_BUF_LEN=65536 -DMAX_DOMAINS_F=21 -DMAX_HISTORY=25 -DNMM_NEST=0 -DWRF_CHEM -DBUILD_CHEM=1 -DWRF_KPP -I. -traditional-cpp -DUSE_NETCDF4_FEATURES -DWRFIO_NCD_LARGE_FILE_SUPPORT   module_kpp_racm_esrlsorg_JacobianSP.G  > module_kpp_racm_esrlsorg_JacobianSP.bb
/home/onishi/WRF/tools/standard.exe module_kpp_racm_esrlsorg_JacobianSP.bb | /lib/cpp -P -nostdinc -I/home/onishi/WRF/external/ioapi_share -traditional-cpp -DUSE_NETCDF4_FEATURES -DWRFIO_NCD_LARGE_FILE_SUPPORT > module_kpp_racm_esrlsorg_JacobianSP.f90
rm -f module_kpp_racm_esrlsorg_JacobianSP.G module_kpp_racm_esrlsorg_JacobianSP.bb
time mpif90 -f90=ifort -o module_kpp_racm_esrlsorg_JacobianSP.o -c -O3 -ip -fp-model precise -w -ftz -align all -fno-alias -FR -convert big_endian    -I../dyn_em  -I/home/onishi/WRF/external/esmf_time_f90  -I/home/onishi/WRF/main -I/home/onishi/WRF/external/io_netcdf -I/home/onishi/WRF/external/io_int -I/home/onishi/WRF/frame -I/home/onishi/WRF/share -I/home/onishi/WRF/phys -I/home/onishi/WRF/wrftladj -I/home/onishi/WRF/chem -I/home/onishi/WRF/inc -I/home/onishi/NETCDF_DIR2//include  -real-size `expr 8 \* 4` -i4  module_kpp_racm_esrlsorg_JacobianSP.f90
0.02user 0.05system 0:00.11elapsed 74%CPU (0avgtext+0avgdata 39968maxresident)k
24inputs+632outputs (0major+6503minor)pagefaults 0swaps
rm -f module_kpp_racm_esrlsorg_Jacobian.o
sed -e "s/^\!.*'.*//" -e "s/^ *\!.*'.*//" module_kpp_racm_esrlsorg_Jacobian.F > module_kpp_racm_esrlsorg_Jacobian.G
/lib/cpp -P -nostdinc -I/home/onishi/WRF/external/ioapi_share -I/home/onishi/WRF/inc -DEM_CORE=1 -DNMM_CORE=0 -DNMM_MAX_DIM=2600 -DDA_CORE=0 -DWRFPLUS=0 -DIWORDSIZE=4 -DDWORDSIZE=8 -DRWORDSIZE=4 -DLWORDSIZE=4 -DNONSTANDARD_SYSTEM_FUNC  -DWRF_USE_CLM -DUSE_NETCDF4_FEATURES -DWRFIO_NCD_LARGE_FILE_SUPPORT  -DDM_PARALLEL -DNETCDF -DGRIB2 -DHDF5 -DLANDREAD_STUB=1 -DUSE_ALLOCATABLES -Dwrfmodel -DGRIB1 -DINTIO -DKEEP_INT_AROUND -DLIMIT_ARGS -DBUILD_RRTMG_FAST=0 -DBUILD_RRTMK=0 -DBUILD_SBM_FAST=1 -DSHOW_ALL_VARS_USED=0 -DCONFIG_BUF_LEN=65536 -DMAX_DOMAINS_F=21 -DMAX_HISTORY=25 -DNMM_NEST=0 -DWRF_CHEM -DBUILD_CHEM=1 -DWRF_KPP -I. -traditional-cpp -DUSE_NETCDF4_FEATURES -DWRFIO_NCD_LARGE_FILE_SUPPORT   module_kpp_racm_esrlsorg_Jacobian.G  > module_kpp_racm_esrlsorg_Jacobian.bb
/home/onishi/WRF/tools/standard.exe module_kpp_racm_esrlsorg_Jacobian.bb | /lib/cpp -P -nostdinc -I/home/onishi/WRF/external/ioapi_share -traditional-cpp -DUSE_NETCDF4_FEATURES -DWRFIO_NCD_LARGE_FILE_SUPPORT > module_kpp_racm_esrlsorg_Jacobian.f90
rm -f module_kpp_racm_esrlsorg_Jacobian.G module_kpp_racm_esrlsorg_Jacobian.bb
time mpif90 -f90=ifort -o module_kpp_racm_esrlsorg_Jacobian.o -c -O3 -ip -fp-model precise -w -ftz -align all -fno-alias -FR -convert big_endian    -I../dyn_em  -I/home/onishi/WRF/external/esmf_time_f90  -I/home/onishi/WRF/main -I/home/onishi/WRF/external/io_netcdf -I/home/onishi/WRF/external/io_int -I/home/onishi/WRF/frame -I/home/onishi/WRF/share -I/home/onishi/WRF/phys -I/home/onishi/WRF/wrftladj -I/home/onishi/WRF/chem -I/home/onishi/WRF/inc -I/home/onishi/NETCDF_DIR2//include  -real-size `expr 8 \* 4` -i4  module_kpp_racm_esrlsorg_Jacobian.f90
0.57user 0.08system 0:00.67elapsed 98%CPU (0avgtext+0avgdata 68228maxresident)k
624inputs+1256outputs (0major+14594minor)pagefaults 0swaps
rm -f module_kpp_racm_esrlsorg_Update_Rconst.o
sed -e "s/^\!.*'.*//" -e "s/^ *\!.*'.*//" module_kpp_racm_esrlsorg_Update_Rconst.F > module_kpp_racm_esrlsorg_Update_Rconst.G
/lib/cpp -P -nostdinc -I/home/onishi/WRF/external/ioapi_share -I/home/onishi/WRF/inc -DEM_CORE=1 -DNMM_CORE=0 -DNMM_MAX_DIM=2600 -DDA_CORE=0 -DWRFPLUS=0 -DIWORDSIZE=4 -DDWORDSIZE=8 -DRWORDSIZE=4 -DLWORDSIZE=4 -DNONSTANDARD_SYSTEM_FUNC  -DWRF_USE_CLM -DUSE_NETCDF4_FEATURES -DWRFIO_NCD_LARGE_FILE_SUPPORT  -DDM_PARALLEL -DNETCDF -DGRIB2 -DHDF5 -DLANDREAD_STUB=1 -DUSE_ALLOCATABLES -Dwrfmodel -DGRIB1 -DINTIO -DKEEP_INT_AROUND -DLIMIT_ARGS -DBUILD_RRTMG_FAST=0 -DBUILD_RRTMK=0 -DBUILD_SBM_FAST=1 -DSHOW_ALL_VARS_USED=0 -DCONFIG_BUF_LEN=65536 -DMAX_DOMAINS_F=21 -DMAX_HISTORY=25 -DNMM_NEST=0 -DWRF_CHEM -DBUILD_CHEM=1 -DWRF_KPP -I. -traditional-cpp -DUSE_NETCDF4_FEATURES -DWRFIO_NCD_LARGE_FILE_SUPPORT   module_kpp_racm_esrlsorg_Update_Rconst.G  > module_kpp_racm_esrlsorg_Update_Rconst.bb
/home/onishi/WRF/tools/standard.exe module_kpp_racm_esrlsorg_Update_Rconst.bb | /lib/cpp -P -nostdinc -I/home/onishi/WRF/external/ioapi_share -traditional-cpp -DUSE_NETCDF4_FEATURES -DWRFIO_NCD_LARGE_FILE_SUPPORT > module_kpp_racm_esrlsorg_Update_Rconst.f90
rm -f module_kpp_racm_esrlsorg_Update_Rconst.G module_kpp_racm_esrlsorg_Update_Rconst.bb
time mpif90 -f90=ifort -o module_kpp_racm_esrlsorg_Update_Rconst.o -c -O3 -ip -fp-model precise -w -ftz -align all -fno-alias -FR -convert big_endian    -I../dyn_em  -I/home/onishi/WRF/external/esmf_time_f90  -I/home/onishi/WRF/main -I/home/onishi/WRF/external/io_netcdf -I/home/onishi/WRF/external/io_int -I/home/onishi/WRF/frame -I/home/onishi/WRF/share -I/home/onishi/WRF/phys -I/home/onishi/WRF/wrftladj -I/home/onishi/WRF/chem -I/home/onishi/WRF/inc -I/home/onishi/NETCDF_DIR2//include  -real-size `expr 8 \* 4` -i4  module_kpp_racm_esrlsorg_Update_Rconst.f90
0.12user 0.09system 0:00.24elapsed 88%CPU (0avgtext+0avgdata 59056maxresident)k
40inputs+456outputs (0major+11277minor)pagefaults 0swaps
rm -f module_kpp_racm_esrlsorg_Integr.o
sed -e "s/^\!.*'.*//" -e "s/^ *\!.*'.*//" module_kpp_racm_esrlsorg_Integr.F > module_kpp_racm_esrlsorg_Integr.G
/lib/cpp -P -nostdinc -I/home/onishi/WRF/external/ioapi_share -I/home/onishi/WRF/inc -DEM_CORE=1 -DNMM_CORE=0 -DNMM_MAX_DIM=2600 -DDA_CORE=0 -DWRFPLUS=0 -DIWORDSIZE=4 -DDWORDSIZE=8 -DRWORDSIZE=4 -DLWORDSIZE=4 -DNONSTANDARD_SYSTEM_FUNC  -DWRF_USE_CLM -DUSE_NETCDF4_FEATURES -DWRFIO_NCD_LARGE_FILE_SUPPORT  -DDM_PARALLEL -DNETCDF -DGRIB2 -DHDF5 -DLANDREAD_STUB=1 -DUSE_ALLOCATABLES -Dwrfmodel -DGRIB1 -DINTIO -DKEEP_INT_AROUND -DLIMIT_ARGS -DBUILD_RRTMG_FAST=0 -DBUILD_RRTMK=0 -DBUILD_SBM_FAST=1 -DSHOW_ALL_VARS_USED=0 -DCONFIG_BUF_LEN=65536 -DMAX_DOMAINS_F=21 -DMAX_HISTORY=25 -DNMM_NEST=0 -DWRF_CHEM -DBUILD_CHEM=1 -DWRF_KPP -I. -traditional-cpp -DUSE_NETCDF4_FEATURES -DWRFIO_NCD_LARGE_FILE_SUPPORT   module_kpp_racm_esrlsorg_Integr.G  > module_kpp_racm_esrlsorg_Integr.bb
/home/onishi/WRF/tools/standard.exe module_kpp_racm_esrlsorg_Integr.bb | /lib/cpp -P -nostdinc -I/home/onishi/WRF/external/ioapi_share -traditional-cpp -DUSE_NETCDF4_FEATURES -DWRFIO_NCD_LARGE_FILE_SUPPORT > module_kpp_racm_esrlsorg_Integr.f90
rm -f module_kpp_racm_esrlsorg_Integr.G module_kpp_racm_esrlsorg_Integr.bb
time mpif90 -f90=ifort -o module_kpp_racm_esrlsorg_Integr.o -c -O3 -ip -fp-model precise -w -ftz -align all -fno-alias -FR -convert big_endian    -I../dyn_em  -I/home/onishi/WRF/external/esmf_time_f90  -I/home/onishi/WRF/main -I/home/onishi/WRF/external/io_netcdf -I/home/onishi/WRF/external/io_int -I/home/onishi/WRF/frame -I/home/onishi/WRF/share -I/home/onishi/WRF/phys -I/home/onishi/WRF/wrftladj -I/home/onishi/WRF/chem -I/home/onishi/WRF/inc -I/home/onishi/NETCDF_DIR2//include  -real-size `expr 8 \* 4` -i4  module_kpp_racm_esrlsorg_Integr.f90
11.13user 0.35system 0:11.50elapsed 99%CPU (0avgtext+0avgdata 280648maxresident)k
664inputs+8392outputs (0major+79234minor)pagefaults 0swaps
rm -f module_kpp_racm_esrlsorg_interface.o
sed -e "s/^\!.*'.*//" -e "s/^ *\!.*'.*//" module_kpp_racm_esrlsorg_interface.F > module_kpp_racm_esrlsorg_interface.G
/lib/cpp -P -nostdinc -I/home/onishi/WRF/external/ioapi_share -I/home/onishi/WRF/inc -DEM_CORE=1 -DNMM_CORE=0 -DNMM_MAX_DIM=2600 -DDA_CORE=0 -DWRFPLUS=0 -DIWORDSIZE=4 -DDWORDSIZE=8 -DRWORDSIZE=4 -DLWORDSIZE=4 -DNONSTANDARD_SYSTEM_FUNC  -DWRF_USE_CLM -DUSE_NETCDF4_FEATURES -DWRFIO_NCD_LARGE_FILE_SUPPORT  -DDM_PARALLEL -DNETCDF -DGRIB2 -DHDF5 -DLANDREAD_STUB=1 -DUSE_ALLOCATABLES -Dwrfmodel -DGRIB1 -DINTIO -DKEEP_INT_AROUND -DLIMIT_ARGS -DBUILD_RRTMG_FAST=0 -DBUILD_RRTMK=0 -DBUILD_SBM_FAST=1 -DSHOW_ALL_VARS_USED=0 -DCONFIG_BUF_LEN=65536 -DMAX_DOMAINS_F=21 -DMAX_HISTORY=25 -DNMM_NEST=0 -DWRF_CHEM -DBUILD_CHEM=1 -DWRF_KPP -I. -traditional-cpp -DUSE_NETCDF4_FEATURES -DWRFIO_NCD_LARGE_FILE_SUPPORT   module_kpp_racm_esrlsorg_interface.G  > module_kpp_racm_esrlsorg_interface.bb
/home/onishi/WRF/tools/standard.exe module_kpp_racm_esrlsorg_interface.bb | /lib/cpp -P -nostdinc -I/home/onishi/WRF/external/ioapi_share -traditional-cpp -DUSE_NETCDF4_FEATURES -DWRFIO_NCD_LARGE_FILE_SUPPORT > module_kpp_racm_esrlsorg_interface.f90
rm -f module_kpp_racm_esrlsorg_interface.G module_kpp_racm_esrlsorg_interface.bb
time mpif90 -f90=ifort -o module_kpp_racm_esrlsorg_interface.o -c -O3 -ip -fp-model precise -w -ftz -align all -fno-alias -FR -convert big_endian    -I../dyn_em  -I/home/onishi/WRF/external/esmf_time_f90  -I/home/onishi/WRF/main -I/home/onishi/WRF/external/io_netcdf -I/home/onishi/WRF/external/io_int -I/home/onishi/WRF/frame -I/home/onishi/WRF/share -I/home/onishi/WRF/phys -I/home/onishi/WRF/wrftladj -I/home/onishi/WRF/chem -I/home/onishi/WRF/inc -I/home/onishi/NETCDF_DIR2//include  -real-size `expr 8 \* 4` -i4  module_kpp_racm_esrlsorg_interface.f90
0.69user 0.09system 0:00.81elapsed 96%CPU (0avgtext+0avgdata 87736maxresident)k
280inputs+1568outputs (0major+18113minor)pagefaults 0swaps
rm -f module_kpp_racm_esrlsorg_aqchem_Precision.o
sed -e "s/^\!.*'.*//" -e "s/^ *\!.*'.*//" module_kpp_racm_esrlsorg_aqchem_Precision.F > module_kpp_racm_esrlsorg_aqchem_Precision.G
/lib/cpp -P -nostdinc -I/home/onishi/WRF/external/ioapi_share -I/home/onishi/WRF/inc -DEM_CORE=1 -DNMM_CORE=0 -DNMM_MAX_DIM=2600 -DDA_CORE=0 -DWRFPLUS=0 -DIWORDSIZE=4 -DDWORDSIZE=8 -DRWORDSIZE=4 -DLWORDSIZE=4 -DNONSTANDARD_SYSTEM_FUNC  -DWRF_USE_CLM -DUSE_NETCDF4_FEATURES -DWRFIO_NCD_LARGE_FILE_SUPPORT  -DDM_PARALLEL -DNETCDF -DGRIB2 -DHDF5 -DLANDREAD_STUB=1 -DUSE_ALLOCATABLES -Dwrfmodel -DGRIB1 -DINTIO -DKEEP_INT_AROUND -DLIMIT_ARGS -DBUILD_RRTMG_FAST=0 -DBUILD_RRTMK=0 -DBUILD_SBM_FAST=1 -DSHOW_ALL_VARS_USED=0 -DCONFIG_BUF_LEN=65536 -DMAX_DOMAINS_F=21 -DMAX_HISTORY=25 -DNMM_NEST=0 -DWRF_CHEM -DBUILD_CHEM=1 -DWRF_KPP -I. -traditional-cpp -DUSE_NETCDF4_FEATURES -DWRFIO_NCD_LARGE_FILE_SUPPORT   module_kpp_racm_esrlsorg_aqchem_Precision.G  > module_kpp_racm_esrlsorg_aqchem_Precision.bb
/home/onishi/WRF/tools/standard.exe module_kpp_racm_esrlsorg_aqchem_Precision.bb | /lib/cpp -P -nostdinc -I/home/onishi/WRF/external/ioapi_share -traditional-cpp -DUSE_NETCDF4_FEATURES -DWRFIO_NCD_LARGE_FILE_SUPPORT > module_kpp_racm_esrlsorg_aqchem_Precision.f90
rm -f module_kpp_racm_esrlsorg_aqchem_Precision.G module_kpp_racm_esrlsorg_aqchem_Precision.bb
time mpif90 -f90=ifort -o module_kpp_racm_esrlsorg_aqchem_Precision.o -c -O3 -ip -fp-model precise -w -ftz -align all -fno-alias -FR -convert big_endian    -I../dyn_em  -I/home/onishi/WRF/external/esmf_time_f90  -I/home/onishi/WRF/main -I/home/onishi/WRF/external/io_netcdf -I/home/onishi/WRF/external/io_int -I/home/onishi/WRF/frame -I/home/onishi/WRF/share -I/home/onishi/WRF/phys -I/home/onishi/WRF/wrftladj -I/home/onishi/WRF/chem -I/home/onishi/WRF/inc -I/home/onishi/NETCDF_DIR2//include  -real-size `expr 8 \* 4` -i4  module_kpp_racm_esrlsorg_aqchem_Precision.f90
0.01user 0.05system 0:00.08elapsed 87%CPU (0avgtext+0avgdata 37824maxresident)k
8inputs+88outputs (0major+5958minor)pagefaults 0swaps
rm -f module_kpp_racm_esrlsorg_aqchem_Parameters.o
sed -e "s/^\!.*'.*//" -e "s/^ *\!.*'.*//" module_kpp_racm_esrlsorg_aqchem_Parameters.F > module_kpp_racm_esrlsorg_aqchem_Parameters.G
/lib/cpp -P -nostdinc -I/home/onishi/WRF/external/ioapi_share -I/home/onishi/WRF/inc -DEM_CORE=1 -DNMM_CORE=0 -DNMM_MAX_DIM=2600 -DDA_CORE=0 -DWRFPLUS=0 -DIWORDSIZE=4 -DDWORDSIZE=8 -DRWORDSIZE=4 -DLWORDSIZE=4 -DNONSTANDARD_SYSTEM_FUNC  -DWRF_USE_CLM -DUSE_NETCDF4_FEATURES -DWRFIO_NCD_LARGE_FILE_SUPPORT  -DDM_PARALLEL -DNETCDF -DGRIB2 -DHDF5 -DLANDREAD_STUB=1 -DUSE_ALLOCATABLES -Dwrfmodel -DGRIB1 -DINTIO -DKEEP_INT_AROUND -DLIMIT_ARGS -DBUILD_RRTMG_FAST=0 -DBUILD_RRTMK=0 -DBUILD_SBM_FAST=1 -DSHOW_ALL_VARS_USED=0 -DCONFIG_BUF_LEN=65536 -DMAX_DOMAINS_F=21 -DMAX_HISTORY=25 -DNMM_NEST=0 -DWRF_CHEM -DBUILD_CHEM=1 -DWRF_KPP -I. -traditional-cpp -DUSE_NETCDF4_FEATURES -DWRFIO_NCD_LARGE_FILE_SUPPORT   module_kpp_racm_esrlsorg_aqchem_Parameters.G  > module_kpp_racm_esrlsorg_aqchem_Parameters.bb
/home/onishi/WRF/tools/standard.exe module_kpp_racm_esrlsorg_aqchem_Parameters.bb | /lib/cpp -P -nostdinc -I/home/onishi/WRF/external/ioapi_share -traditional-cpp -DUSE_NETCDF4_FEATURES -DWRFIO_NCD_LARGE_FILE_SUPPORT > module_kpp_racm_esrlsorg_aqchem_Parameters.f90
rm -f module_kpp_racm_esrlsorg_aqchem_Parameters.G module_kpp_racm_esrlsorg_aqchem_Parameters.bb
time mpif90 -f90=ifort -o module_kpp_racm_esrlsorg_aqchem_Parameters.o -c -O3 -ip -fp-model precise -w -ftz -align all -fno-alias -FR -convert big_endian    -I../dyn_em  -I/home/onishi/WRF/external/esmf_time_f90  -I/home/onishi/WRF/main -I/home/onishi/WRF/external/io_netcdf -I/home/onishi/WRF/external/io_int -I/home/onishi/WRF/frame -I/home/onishi/WRF/share -I/home/onishi/WRF/phys -I/home/onishi/WRF/wrftladj -I/home/onishi/WRF/chem -I/home/onishi/WRF/inc -I/home/onishi/NETCDF_DIR2//include  -real-size `expr 8 \* 4` -i4  module_kpp_racm_esrlsorg_aqchem_Parameters.f90
0.01user 0.06system 0:00.09elapsed 71%CPU (0avgtext+0avgdata 38080maxresident)k
16inputs+112outputs (0major+5970minor)pagefaults 0swaps
rm -f module_kpp_racm_esrlsorg_aqchem_JacobianSP.o
sed -e "s/^\!.*'.*//" -e "s/^ *\!.*'.*//" module_kpp_racm_esrlsorg_aqchem_JacobianSP.F > module_kpp_racm_esrlsorg_aqchem_JacobianSP.G
/lib/cpp -P -nostdinc -I/home/onishi/WRF/external/ioapi_share -I/home/onishi/WRF/inc -DEM_CORE=1 -DNMM_CORE=0 -DNMM_MAX_DIM=2600 -DDA_CORE=0 -DWRFPLUS=0 -DIWORDSIZE=4 -DDWORDSIZE=8 -DRWORDSIZE=4 -DLWORDSIZE=4 -DNONSTANDARD_SYSTEM_FUNC  -DWRF_USE_CLM -DUSE_NETCDF4_FEATURES -DWRFIO_NCD_LARGE_FILE_SUPPORT  -DDM_PARALLEL -DNETCDF -DGRIB2 -DHDF5 -DLANDREAD_STUB=1 -DUSE_ALLOCATABLES -Dwrfmodel -DGRIB1 -DINTIO -DKEEP_INT_AROUND -DLIMIT_ARGS -DBUILD_RRTMG_FAST=0 -DBUILD_RRTMK=0 -DBUILD_SBM_FAST=1 -DSHOW_ALL_VARS_USED=0 -DCONFIG_BUF_LEN=65536 -DMAX_DOMAINS_F=21 -DMAX_HISTORY=25 -DNMM_NEST=0 -DWRF_CHEM -DBUILD_CHEM=1 -DWRF_KPP -I. -traditional-cpp -DUSE_NETCDF4_FEATURES -DWRFIO_NCD_LARGE_FILE_SUPPORT   module_kpp_racm_esrlsorg_aqchem_JacobianSP.G  > module_kpp_racm_esrlsorg_aqchem_JacobianSP.bb
/home/onishi/WRF/tools/standard.exe module_kpp_racm_esrlsorg_aqchem_JacobianSP.bb | /lib/cpp -P -nostdinc -I/home/onishi/WRF/external/ioapi_share -traditional-cpp -DUSE_NETCDF4_FEATURES -DWRFIO_NCD_LARGE_FILE_SUPPORT > module_kpp_racm_esrlsorg_aqchem_JacobianSP.f90
rm -f module_kpp_racm_esrlsorg_aqchem_JacobianSP.G module_kpp_racm_esrlsorg_aqchem_JacobianSP.bb
time mpif90 -f90=ifort -o module_kpp_racm_esrlsorg_aqchem_JacobianSP.o -c -O3 -ip -fp-model precise -w -ftz -align all -fno-alias -FR -convert big_endian    -I../dyn_em  -I/home/onishi/WRF/external/esmf_time_f90  -I/home/onishi/WRF/main -I/home/onishi/WRF/external/io_netcdf -I/home/onishi/WRF/external/io_int -I/home/onishi/WRF/frame -I/home/onishi/WRF/share -I/home/onishi/WRF/phys -I/home/onishi/WRF/wrftladj -I/home/onishi/WRF/chem -I/home/onishi/WRF/inc -I/home/onishi/NETCDF_DIR2//include  -real-size `expr 8 \* 4` -i4  module_kpp_racm_esrlsorg_aqchem_JacobianSP.f90
0.02user 0.05system 0:00.09elapsed 88%CPU (0avgtext+0avgdata 39972maxresident)k
24inputs+632outputs (0major+6516minor)pagefaults 0swaps
rm -f module_kpp_racm_esrlsorg_aqchem_Jacobian.o
sed -e "s/^\!.*'.*//" -e "s/^ *\!.*'.*//" module_kpp_racm_esrlsorg_aqchem_Jacobian.F > module_kpp_racm_esrlsorg_aqchem_Jacobian.G
/lib/cpp -P -nostdinc -I/home/onishi/WRF/external/ioapi_share -I/home/onishi/WRF/inc -DEM_CORE=1 -DNMM_CORE=0 -DNMM_MAX_DIM=2600 -DDA_CORE=0 -DWRFPLUS=0 -DIWORDSIZE=4 -DDWORDSIZE=8 -DRWORDSIZE=4 -DLWORDSIZE=4 -DNONSTANDARD_SYSTEM_FUNC  -DWRF_USE_CLM -DUSE_NETCDF4_FEATURES -DWRFIO_NCD_LARGE_FILE_SUPPORT  -DDM_PARALLEL -DNETCDF -DGRIB2 -DHDF5 -DLANDREAD_STUB=1 -DUSE_ALLOCATABLES -Dwrfmodel -DGRIB1 -DINTIO -DKEEP_INT_AROUND -DLIMIT_ARGS -DBUILD_RRTMG_FAST=0 -DBUILD_RRTMK=0 -DBUILD_SBM_FAST=1 -DSHOW_ALL_VARS_USED=0 -DCONFIG_BUF_LEN=65536 -DMAX_DOMAINS_F=21 -DMAX_HISTORY=25 -DNMM_NEST=0 -DWRF_CHEM -DBUILD_CHEM=1 -DWRF_KPP -I. -traditional-cpp -DUSE_NETCDF4_FEATURES -DWRFIO_NCD_LARGE_FILE_SUPPORT   module_kpp_racm_esrlsorg_aqchem_Jacobian.G  > module_kpp_racm_esrlsorg_aqchem_Jacobian.bb
/home/onishi/WRF/tools/standard.exe module_kpp_racm_esrlsorg_aqchem_Jacobian.bb | /lib/cpp -P -nostdinc -I/home/onishi/WRF/external/ioapi_share -traditional-cpp -DUSE_NETCDF4_FEATURES -DWRFIO_NCD_LARGE_FILE_SUPPORT > module_kpp_racm_esrlsorg_aqchem_Jacobian.f90
rm -f module_kpp_racm_esrlsorg_aqchem_Jacobian.G module_kpp_racm_esrlsorg_aqchem_Jacobian.bb
time mpif90 -f90=ifort -o module_kpp_racm_esrlsorg_aqchem_Jacobian.o -c -O3 -ip -fp-model precise -w -ftz -align all -fno-alias -FR -convert big_endian    -I../dyn_em  -I/home/onishi/WRF/external/esmf_time_f90  -I/home/onishi/WRF/main -I/home/onishi/WRF/external/io_netcdf -I/home/onishi/WRF/external/io_int -I/home/onishi/WRF/frame -I/home/onishi/WRF/share -I/home/onishi/WRF/phys -I/home/onishi/WRF/wrftladj -I/home/onishi/WRF/chem -I/home/onishi/WRF/inc -I/home/onishi/NETCDF_DIR2//include  -real-size `expr 8 \* 4` -i4  module_kpp_racm_esrlsorg_aqchem_Jacobian.f90
0.57user 0.08system 0:00.69elapsed 95%CPU (0avgtext+0avgdata 68380maxresident)k
624inputs+1256outputs (0major+14599minor)pagefaults 0swaps
rm -f module_kpp_racm_esrlsorg_aqchem_Update_Rconst.o
sed -e "s/^\!.*'.*//" -e "s/^ *\!.*'.*//" module_kpp_racm_esrlsorg_aqchem_Update_Rconst.F > module_kpp_racm_esrlsorg_aqchem_Update_Rconst.G
/lib/cpp -P -nostdinc -I/home/onishi/WRF/external/ioapi_share -I/home/onishi/WRF/inc -DEM_CORE=1 -DNMM_CORE=0 -DNMM_MAX_DIM=2600 -DDA_CORE=0 -DWRFPLUS=0 -DIWORDSIZE=4 -DDWORDSIZE=8 -DRWORDSIZE=4 -DLWORDSIZE=4 -DNONSTANDARD_SYSTEM_FUNC  -DWRF_USE_CLM -DUSE_NETCDF4_FEATURES -DWRFIO_NCD_LARGE_FILE_SUPPORT  -DDM_PARALLEL -DNETCDF -DGRIB2 -DHDF5 -DLANDREAD_STUB=1 -DUSE_ALLOCATABLES -Dwrfmodel -DGRIB1 -DINTIO -DKEEP_INT_AROUND -DLIMIT_ARGS -DBUILD_RRTMG_FAST=0 -DBUILD_RRTMK=0 -DBUILD_SBM_FAST=1 -DSHOW_ALL_VARS_USED=0 -DCONFIG_BUF_LEN=65536 -DMAX_DOMAINS_F=21 -DMAX_HISTORY=25 -DNMM_NEST=0 -DWRF_CHEM -DBUILD_CHEM=1 -DWRF_KPP -I. -traditional-cpp -DUSE_NETCDF4_FEATURES -DWRFIO_NCD_LARGE_FILE_SUPPORT   module_kpp_racm_esrlsorg_aqchem_Update_Rconst.G  > module_kpp_racm_esrlsorg_aqchem_Update_Rconst.bb
/home/onishi/WRF/tools/standard.exe module_kpp_racm_esrlsorg_aqchem_Update_Rconst.bb | /lib/cpp -P -nostdinc -I/home/onishi/WRF/external/ioapi_share -traditional-cpp -DUSE_NETCDF4_FEATURES -DWRFIO_NCD_LARGE_FILE_SUPPORT > module_kpp_racm_esrlsorg_aqchem_Update_Rconst.f90
rm -f module_kpp_racm_esrlsorg_aqchem_Update_Rconst.G module_kpp_racm_esrlsorg_aqchem_Update_Rconst.bb
time mpif90 -f90=ifort -o module_kpp_racm_esrlsorg_aqchem_Update_Rconst.o -c -O3 -ip -fp-model precise -w -ftz -align all -fno-alias -FR -convert big_endian    -I../dyn_em  -I/home/onishi/WRF/external/esmf_time_f90  -I/home/onishi/WRF/main -I/home/onishi/WRF/external/io_netcdf -I/home/onishi/WRF/external/io_int -I/home/onishi/WRF/frame -I/home/onishi/WRF/share -I/home/onishi/WRF/phys -I/home/onishi/WRF/wrftladj -I/home/onishi/WRF/chem -I/home/onishi/WRF/inc -I/home/onishi/NETCDF_DIR2//include  -real-size `expr 8 \* 4` -i4  module_kpp_racm_esrlsorg_aqchem_Update_Rconst.f90
0.14user 0.07system 0:00.24elapsed 87%CPU (0avgtext+0avgdata 59024maxresident)k
40inputs+464outputs (0major+11253minor)pagefaults 0swaps
rm -f module_kpp_racm_esrlsorg_aqchem_Integr.o
sed -e "s/^\!.*'.*//" -e "s/^ *\!.*'.*//" module_kpp_racm_esrlsorg_aqchem_Integr.F > module_kpp_racm_esrlsorg_aqchem_Integr.G
/lib/cpp -P -nostdinc -I/home/onishi/WRF/external/ioapi_share -I/home/onishi/WRF/inc -DEM_CORE=1 -DNMM_CORE=0 -DNMM_MAX_DIM=2600 -DDA_CORE=0 -DWRFPLUS=0 -DIWORDSIZE=4 -DDWORDSIZE=8 -DRWORDSIZE=4 -DLWORDSIZE=4 -DNONSTANDARD_SYSTEM_FUNC  -DWRF_USE_CLM -DUSE_NETCDF4_FEATURES -DWRFIO_NCD_LARGE_FILE_SUPPORT  -DDM_PARALLEL -DNETCDF -DGRIB2 -DHDF5 -DLANDREAD_STUB=1 -DUSE_ALLOCATABLES -Dwrfmodel -DGRIB1 -DINTIO -DKEEP_INT_AROUND -DLIMIT_ARGS -DBUILD_RRTMG_FAST=0 -DBUILD_RRTMK=0 -DBUILD_SBM_FAST=1 -DSHOW_ALL_VARS_USED=0 -DCONFIG_BUF_LEN=65536 -DMAX_DOMAINS_F=21 -DMAX_HISTORY=25 -DNMM_NEST=0 -DWRF_CHEM -DBUILD_CHEM=1 -DWRF_KPP -I. -traditional-cpp -DUSE_NETCDF4_FEATURES -DWRFIO_NCD_LARGE_FILE_SUPPORT   module_kpp_racm_esrlsorg_aqchem_Integr.G  > module_kpp_racm_esrlsorg_aqchem_Integr.bb
/home/onishi/WRF/tools/standard.exe module_kpp_racm_esrlsorg_aqchem_Integr.bb | /lib/cpp -P -nostdinc -I/home/onishi/WRF/external/ioapi_share -traditional-cpp -DUSE_NETCDF4_FEATURES -DWRFIO_NCD_LARGE_FILE_SUPPORT > module_kpp_racm_esrlsorg_aqchem_Integr.f90
rm -f module_kpp_racm_esrlsorg_aqchem_Integr.G module_kpp_racm_esrlsorg_aqchem_Integr.bb
time mpif90 -f90=ifort -o module_kpp_racm_esrlsorg_aqchem_Integr.o -c -O3 -ip -fp-model precise -w -ftz -align all -fno-alias -FR -convert big_endian    -I../dyn_em  -I/home/onishi/WRF/external/esmf_time_f90  -I/home/onishi/WRF/main -I/home/onishi/WRF/external/io_netcdf -I/home/onishi/WRF/external/io_int -I/home/onishi/WRF/frame -I/home/onishi/WRF/share -I/home/onishi/WRF/phys -I/home/onishi/WRF/wrftladj -I/home/onishi/WRF/chem -I/home/onishi/WRF/inc -I/home/onishi/NETCDF_DIR2//include  -real-size `expr 8 \* 4` -i4  module_kpp_racm_esrlsorg_aqchem_Integr.f90
11.19user 0.28system 0:11.50elapsed 99%CPU (0avgtext+0avgdata 281904maxresident)k
664inputs+8400outputs (0major+79536minor)pagefaults 0swaps
rm -f module_kpp_racm_esrlsorg_aqchem_interface.o
sed -e "s/^\!.*'.*//" -e "s/^ *\!.*'.*//" module_kpp_racm_esrlsorg_aqchem_interface.F > module_kpp_racm_esrlsorg_aqchem_interface.G
/lib/cpp -P -nostdinc -I/home/onishi/WRF/external/ioapi_share -I/home/onishi/WRF/inc -DEM_CORE=1 -DNMM_CORE=0 -DNMM_MAX_DIM=2600 -DDA_CORE=0 -DWRFPLUS=0 -DIWORDSIZE=4 -DDWORDSIZE=8 -DRWORDSIZE=4 -DLWORDSIZE=4 -DNONSTANDARD_SYSTEM_FUNC  -DWRF_USE_CLM -DUSE_NETCDF4_FEATURES -DWRFIO_NCD_LARGE_FILE_SUPPORT  -DDM_PARALLEL -DNETCDF -DGRIB2 -DHDF5 -DLANDREAD_STUB=1 -DUSE_ALLOCATABLES -Dwrfmodel -DGRIB1 -DINTIO -DKEEP_INT_AROUND -DLIMIT_ARGS -DBUILD_RRTMG_FAST=0 -DBUILD_RRTMK=0 -DBUILD_SBM_FAST=1 -DSHOW_ALL_VARS_USED=0 -DCONFIG_BUF_LEN=65536 -DMAX_DOMAINS_F=21 -DMAX_HISTORY=25 -DNMM_NEST=0 -DWRF_CHEM -DBUILD_CHEM=1 -DWRF_KPP -I. -traditional-cpp -DUSE_NETCDF4_FEATURES -DWRFIO_NCD_LARGE_FILE_SUPPORT   module_kpp_racm_esrlsorg_aqchem_interface.G  > module_kpp_racm_esrlsorg_aqchem_interface.bb
/home/onishi/WRF/tools/standard.exe module_kpp_racm_esrlsorg_aqchem_interface.bb | /lib/cpp -P -nostdinc -I/home/onishi/WRF/external/ioapi_share -traditional-cpp -DUSE_NETCDF4_FEATURES -DWRFIO_NCD_LARGE_FILE_SUPPORT > module_kpp_racm_esrlsorg_aqchem_interface.f90
rm -f module_kpp_racm_esrlsorg_aqchem_interface.G module_kpp_racm_esrlsorg_aqchem_interface.bb
time mpif90 -f90=ifort -o module_kpp_racm_esrlsorg_aqchem_interface.o -c -O3 -ip -fp-model precise -w -ftz -align all -fno-alias -FR -convert big_endian    -I../dyn_em  -I/home/onishi/WRF/external/esmf_time_f90  -I/home/onishi/WRF/main -I/home/onishi/WRF/external/io_netcdf -I/home/onishi/WRF/external/io_int -I/home/onishi/WRF/frame -I/home/onishi/WRF/share -I/home/onishi/WRF/phys -I/home/onishi/WRF/wrftladj -I/home/onishi/WRF/chem -I/home/onishi/WRF/inc -I/home/onishi/NETCDF_DIR2//include  -real-size `expr 8 \* 4` -i4  module_kpp_racm_esrlsorg_aqchem_interface.f90
0.52user 0.10system 0:00.68elapsed 92%CPU (0avgtext+0avgdata 80116maxresident)k
272inputs+1528outputs (0major+16108minor)pagefaults 0swaps
rm -f module_kpp_racm_mim_Precision.o
sed -e "s/^\!.*'.*//" -e "s/^ *\!.*'.*//" module_kpp_racm_mim_Precision.F > module_kpp_racm_mim_Precision.G
/lib/cpp -P -nostdinc -I/home/onishi/WRF/external/ioapi_share -I/home/onishi/WRF/inc -DEM_CORE=1 -DNMM_CORE=0 -DNMM_MAX_DIM=2600 -DDA_CORE=0 -DWRFPLUS=0 -DIWORDSIZE=4 -DDWORDSIZE=8 -DRWORDSIZE=4 -DLWORDSIZE=4 -DNONSTANDARD_SYSTEM_FUNC  -DWRF_USE_CLM -DUSE_NETCDF4_FEATURES -DWRFIO_NCD_LARGE_FILE_SUPPORT  -DDM_PARALLEL -DNETCDF -DGRIB2 -DHDF5 -DLANDREAD_STUB=1 -DUSE_ALLOCATABLES -Dwrfmodel -DGRIB1 -DINTIO -DKEEP_INT_AROUND -DLIMIT_ARGS -DBUILD_RRTMG_FAST=0 -DBUILD_RRTMK=0 -DBUILD_SBM_FAST=1 -DSHOW_ALL_VARS_USED=0 -DCONFIG_BUF_LEN=65536 -DMAX_DOMAINS_F=21 -DMAX_HISTORY=25 -DNMM_NEST=0 -DWRF_CHEM -DBUILD_CHEM=1 -DWRF_KPP -I. -traditional-cpp -DUSE_NETCDF4_FEATURES -DWRFIO_NCD_LARGE_FILE_SUPPORT   module_kpp_racm_mim_Precision.G  > module_kpp_racm_mim_Precision.bb
/home/onishi/WRF/tools/standard.exe module_kpp_racm_mim_Precision.bb | /lib/cpp -P -nostdinc -I/home/onishi/WRF/external/ioapi_share -traditional-cpp -DUSE_NETCDF4_FEATURES -DWRFIO_NCD_LARGE_FILE_SUPPORT > module_kpp_racm_mim_Precision.f90
rm -f module_kpp_racm_mim_Precision.G module_kpp_racm_mim_Precision.bb
time mpif90 -f90=ifort -o module_kpp_racm_mim_Precision.o -c -O3 -ip -fp-model precise -w -ftz -align all -fno-alias -FR -convert big_endian    -I../dyn_em  -I/home/onishi/WRF/external/esmf_time_f90  -I/home/onishi/WRF/main -I/home/onishi/WRF/external/io_netcdf -I/home/onishi/WRF/external/io_int -I/home/onishi/WRF/frame -I/home/onishi/WRF/share -I/home/onishi/WRF/phys -I/home/onishi/WRF/wrftladj -I/home/onishi/WRF/chem -I/home/onishi/WRF/inc -I/home/onishi/NETCDF_DIR2//include  -real-size `expr 8 \* 4` -i4  module_kpp_racm_mim_Precision.f90
0.01user 0.05system 0:00.09elapsed 71%CPU (0avgtext+0avgdata 37788maxresident)k
8inputs+88outputs (0major+5957minor)pagefaults 0swaps
rm -f module_kpp_racm_mim_Parameters.o
sed -e "s/^\!.*'.*//" -e "s/^ *\!.*'.*//" module_kpp_racm_mim_Parameters.F > module_kpp_racm_mim_Parameters.G
/lib/cpp -P -nostdinc -I/home/onishi/WRF/external/ioapi_share -I/home/onishi/WRF/inc -DEM_CORE=1 -DNMM_CORE=0 -DNMM_MAX_DIM=2600 -DDA_CORE=0 -DWRFPLUS=0 -DIWORDSIZE=4 -DDWORDSIZE=8 -DRWORDSIZE=4 -DLWORDSIZE=4 -DNONSTANDARD_SYSTEM_FUNC  -DWRF_USE_CLM -DUSE_NETCDF4_FEATURES -DWRFIO_NCD_LARGE_FILE_SUPPORT  -DDM_PARALLEL -DNETCDF -DGRIB2 -DHDF5 -DLANDREAD_STUB=1 -DUSE_ALLOCATABLES -Dwrfmodel -DGRIB1 -DINTIO -DKEEP_INT_AROUND -DLIMIT_ARGS -DBUILD_RRTMG_FAST=0 -DBUILD_RRTMK=0 -DBUILD_SBM_FAST=1 -DSHOW_ALL_VARS_USED=0 -DCONFIG_BUF_LEN=65536 -DMAX_DOMAINS_F=21 -DMAX_HISTORY=25 -DNMM_NEST=0 -DWRF_CHEM -DBUILD_CHEM=1 -DWRF_KPP -I. -traditional-cpp -DUSE_NETCDF4_FEATURES -DWRFIO_NCD_LARGE_FILE_SUPPORT   module_kpp_racm_mim_Parameters.G  > module_kpp_racm_mim_Parameters.bb
/home/onishi/WRF/tools/standard.exe module_kpp_racm_mim_Parameters.bb | /lib/cpp -P -nostdinc -I/home/onishi/WRF/external/ioapi_share -traditional-cpp -DUSE_NETCDF4_FEATURES -DWRFIO_NCD_LARGE_FILE_SUPPORT > module_kpp_racm_mim_Parameters.f90
rm -f module_kpp_racm_mim_Parameters.G module_kpp_racm_mim_Parameters.bb
time mpif90 -f90=ifort -o module_kpp_racm_mim_Parameters.o -c -O3 -ip -fp-model precise -w -ftz -align all -fno-alias -FR -convert big_endian    -I../dyn_em  -I/home/onishi/WRF/external/esmf_time_f90  -I/home/onishi/WRF/main -I/home/onishi/WRF/external/io_netcdf -I/home/onishi/WRF/external/io_int -I/home/onishi/WRF/frame -I/home/onishi/WRF/share -I/home/onishi/WRF/phys -I/home/onishi/WRF/wrftladj -I/home/onishi/WRF/chem -I/home/onishi/WRF/inc -I/home/onishi/NETCDF_DIR2//include  -real-size `expr 8 \* 4` -i4  module_kpp_racm_mim_Parameters.f90
0.00user 0.06system 0:00.08elapsed 87%CPU (0avgtext+0avgdata 38108maxresident)k
16inputs+112outputs (0major+5976minor)pagefaults 0swaps
rm -f module_kpp_racm_mim_JacobianSP.o
sed -e "s/^\!.*'.*//" -e "s/^ *\!.*'.*//" module_kpp_racm_mim_JacobianSP.F > module_kpp_racm_mim_JacobianSP.G
/lib/cpp -P -nostdinc -I/home/onishi/WRF/external/ioapi_share -I/home/onishi/WRF/inc -DEM_CORE=1 -DNMM_CORE=0 -DNMM_MAX_DIM=2600 -DDA_CORE=0 -DWRFPLUS=0 -DIWORDSIZE=4 -DDWORDSIZE=8 -DRWORDSIZE=4 -DLWORDSIZE=4 -DNONSTANDARD_SYSTEM_FUNC  -DWRF_USE_CLM -DUSE_NETCDF4_FEATURES -DWRFIO_NCD_LARGE_FILE_SUPPORT  -DDM_PARALLEL -DNETCDF -DGRIB2 -DHDF5 -DLANDREAD_STUB=1 -DUSE_ALLOCATABLES -Dwrfmodel -DGRIB1 -DINTIO -DKEEP_INT_AROUND -DLIMIT_ARGS -DBUILD_RRTMG_FAST=0 -DBUILD_RRTMK=0 -DBUILD_SBM_FAST=1 -DSHOW_ALL_VARS_USED=0 -DCONFIG_BUF_LEN=65536 -DMAX_DOMAINS_F=21 -DMAX_HISTORY=25 -DNMM_NEST=0 -DWRF_CHEM -DBUILD_CHEM=1 -DWRF_KPP -I. -traditional-cpp -DUSE_NETCDF4_FEATURES -DWRFIO_NCD_LARGE_FILE_SUPPORT   module_kpp_racm_mim_JacobianSP.G  > module_kpp_racm_mim_JacobianSP.bb
/home/onishi/WRF/tools/standard.exe module_kpp_racm_mim_JacobianSP.bb | /lib/cpp -P -nostdinc -I/home/onishi/WRF/external/ioapi_share -traditional-cpp -DUSE_NETCDF4_FEATURES -DWRFIO_NCD_LARGE_FILE_SUPPORT > module_kpp_racm_mim_JacobianSP.f90
rm -f module_kpp_racm_mim_JacobianSP.G module_kpp_racm_mim_JacobianSP.bb
time mpif90 -f90=ifort -o module_kpp_racm_mim_JacobianSP.o -c -O3 -ip -fp-model precise -w -ftz -align all -fno-alias -FR -convert big_endian    -I../dyn_em  -I/home/onishi/WRF/external/esmf_time_f90  -I/home/onishi/WRF/main -I/home/onishi/WRF/external/io_netcdf -I/home/onishi/WRF/external/io_int -I/home/onishi/WRF/frame -I/home/onishi/WRF/share -I/home/onishi/WRF/phys -I/home/onishi/WRF/wrftladj -I/home/onishi/WRF/chem -I/home/onishi/WRF/inc -I/home/onishi/NETCDF_DIR2//include  -real-size `expr 8 \* 4` -i4  module_kpp_racm_mim_JacobianSP.f90
0.03user 0.04system 0:00.09elapsed 89%CPU (0avgtext+0avgdata 39976maxresident)k
24inputs+632outputs (0major+6513minor)pagefaults 0swaps
rm -f module_kpp_racm_mim_Jacobian.o
sed -e "s/^\!.*'.*//" -e "s/^ *\!.*'.*//" module_kpp_racm_mim_Jacobian.F > module_kpp_racm_mim_Jacobian.G
/lib/cpp -P -nostdinc -I/home/onishi/WRF/external/ioapi_share -I/home/onishi/WRF/inc -DEM_CORE=1 -DNMM_CORE=0 -DNMM_MAX_DIM=2600 -DDA_CORE=0 -DWRFPLUS=0 -DIWORDSIZE=4 -DDWORDSIZE=8 -DRWORDSIZE=4 -DLWORDSIZE=4 -DNONSTANDARD_SYSTEM_FUNC  -DWRF_USE_CLM -DUSE_NETCDF4_FEATURES -DWRFIO_NCD_LARGE_FILE_SUPPORT  -DDM_PARALLEL -DNETCDF -DGRIB2 -DHDF5 -DLANDREAD_STUB=1 -DUSE_ALLOCATABLES -Dwrfmodel -DGRIB1 -DINTIO -DKEEP_INT_AROUND -DLIMIT_ARGS -DBUILD_RRTMG_FAST=0 -DBUILD_RRTMK=0 -DBUILD_SBM_FAST=1 -DSHOW_ALL_VARS_USED=0 -DCONFIG_BUF_LEN=65536 -DMAX_DOMAINS_F=21 -DMAX_HISTORY=25 -DNMM_NEST=0 -DWRF_CHEM -DBUILD_CHEM=1 -DWRF_KPP -I. -traditional-cpp -DUSE_NETCDF4_FEATURES -DWRFIO_NCD_LARGE_FILE_SUPPORT   module_kpp_racm_mim_Jacobian.G  > module_kpp_racm_mim_Jacobian.bb
/home/onishi/WRF/tools/standard.exe module_kpp_racm_mim_Jacobian.bb | /lib/cpp -P -nostdinc -I/home/onishi/WRF/external/ioapi_share -traditional-cpp -DUSE_NETCDF4_FEATURES -DWRFIO_NCD_LARGE_FILE_SUPPORT > module_kpp_racm_mim_Jacobian.f90
rm -f module_kpp_racm_mim_Jacobian.G module_kpp_racm_mim_Jacobian.bb
time mpif90 -f90=ifort -o module_kpp_racm_mim_Jacobian.o -c -O3 -ip -fp-model precise -w -ftz -align all -fno-alias -FR -convert big_endian    -I../dyn_em  -I/home/onishi/WRF/external/esmf_time_f90  -I/home/onishi/WRF/main -I/home/onishi/WRF/external/io_netcdf -I/home/onishi/WRF/external/io_int -I/home/onishi/WRF/frame -I/home/onishi/WRF/share -I/home/onishi/WRF/phys -I/home/onishi/WRF/wrftladj -I/home/onishi/WRF/chem -I/home/onishi/WRF/inc -I/home/onishi/NETCDF_DIR2//include  -real-size `expr 8 \* 4` -i4  module_kpp_racm_mim_Jacobian.f90
0.58user 0.07system 0:00.67elapsed 97%CPU (0avgtext+0avgdata 68164maxresident)k
624inputs+1256outputs (0major+14585minor)pagefaults 0swaps
rm -f module_kpp_racm_mim_Update_Rconst.o
sed -e "s/^\!.*'.*//" -e "s/^ *\!.*'.*//" module_kpp_racm_mim_Update_Rconst.F > module_kpp_racm_mim_Update_Rconst.G
/lib/cpp -P -nostdinc -I/home/onishi/WRF/external/ioapi_share -I/home/onishi/WRF/inc -DEM_CORE=1 -DNMM_CORE=0 -DNMM_MAX_DIM=2600 -DDA_CORE=0 -DWRFPLUS=0 -DIWORDSIZE=4 -DDWORDSIZE=8 -DRWORDSIZE=4 -DLWORDSIZE=4 -DNONSTANDARD_SYSTEM_FUNC  -DWRF_USE_CLM -DUSE_NETCDF4_FEATURES -DWRFIO_NCD_LARGE_FILE_SUPPORT  -DDM_PARALLEL -DNETCDF -DGRIB2 -DHDF5 -DLANDREAD_STUB=1 -DUSE_ALLOCATABLES -Dwrfmodel -DGRIB1 -DINTIO -DKEEP_INT_AROUND -DLIMIT_ARGS -DBUILD_RRTMG_FAST=0 -DBUILD_RRTMK=0 -DBUILD_SBM_FAST=1 -DSHOW_ALL_VARS_USED=0 -DCONFIG_BUF_LEN=65536 -DMAX_DOMAINS_F=21 -DMAX_HISTORY=25 -DNMM_NEST=0 -DWRF_CHEM -DBUILD_CHEM=1 -DWRF_KPP -I. -traditional-cpp -DUSE_NETCDF4_FEATURES -DWRFIO_NCD_LARGE_FILE_SUPPORT   module_kpp_racm_mim_Update_Rconst.G  > module_kpp_racm_mim_Update_Rconst.bb
/home/onishi/WRF/tools/standard.exe module_kpp_racm_mim_Update_Rconst.bb | /lib/cpp -P -nostdinc -I/home/onishi/WRF/external/ioapi_share -traditional-cpp -DUSE_NETCDF4_FEATURES -DWRFIO_NCD_LARGE_FILE_SUPPORT > module_kpp_racm_mim_Update_Rconst.f90
rm -f module_kpp_racm_mim_Update_Rconst.G module_kpp_racm_mim_Update_Rconst.bb
time mpif90 -f90=ifort -o module_kpp_racm_mim_Update_Rconst.o -c -O3 -ip -fp-model precise -w -ftz -align all -fno-alias -FR -convert big_endian    -I../dyn_em  -I/home/onishi/WRF/external/esmf_time_f90  -I/home/onishi/WRF/main -I/home/onishi/WRF/external/io_netcdf -I/home/onishi/WRF/external/io_int -I/home/onishi/WRF/frame -I/home/onishi/WRF/share -I/home/onishi/WRF/phys -I/home/onishi/WRF/wrftladj -I/home/onishi/WRF/chem -I/home/onishi/WRF/inc -I/home/onishi/NETCDF_DIR2//include  -real-size `expr 8 \* 4` -i4  module_kpp_racm_mim_Update_Rconst.f90
0.13user 0.07system 0:00.21elapsed 95%CPU (0avgtext+0avgdata 58468maxresident)k
32inputs+424outputs (0major+11114minor)pagefaults 0swaps
rm -f module_kpp_racm_mim_Integr.o
sed -e "s/^\!.*'.*//" -e "s/^ *\!.*'.*//" module_kpp_racm_mim_Integr.F > module_kpp_racm_mim_Integr.G
/lib/cpp -P -nostdinc -I/home/onishi/WRF/external/ioapi_share -I/home/onishi/WRF/inc -DEM_CORE=1 -DNMM_CORE=0 -DNMM_MAX_DIM=2600 -DDA_CORE=0 -DWRFPLUS=0 -DIWORDSIZE=4 -DDWORDSIZE=8 -DRWORDSIZE=4 -DLWORDSIZE=4 -DNONSTANDARD_SYSTEM_FUNC  -DWRF_USE_CLM -DUSE_NETCDF4_FEATURES -DWRFIO_NCD_LARGE_FILE_SUPPORT  -DDM_PARALLEL -DNETCDF -DGRIB2 -DHDF5 -DLANDREAD_STUB=1 -DUSE_ALLOCATABLES -Dwrfmodel -DGRIB1 -DINTIO -DKEEP_INT_AROUND -DLIMIT_ARGS -DBUILD_RRTMG_FAST=0 -DBUILD_RRTMK=0 -DBUILD_SBM_FAST=1 -DSHOW_ALL_VARS_USED=0 -DCONFIG_BUF_LEN=65536 -DMAX_DOMAINS_F=21 -DMAX_HISTORY=25 -DNMM_NEST=0 -DWRF_CHEM -DBUILD_CHEM=1 -DWRF_KPP -I. -traditional-cpp -DUSE_NETCDF4_FEATURES -DWRFIO_NCD_LARGE_FILE_SUPPORT   module_kpp_racm_mim_Integr.G  > module_kpp_racm_mim_Integr.bb
/home/onishi/WRF/tools/standard.exe module_kpp_racm_mim_Integr.bb | /lib/cpp -P -nostdinc -I/home/onishi/WRF/external/ioapi_share -traditional-cpp -DUSE_NETCDF4_FEATURES -DWRFIO_NCD_LARGE_FILE_SUPPORT > module_kpp_racm_mim_Integr.f90
rm -f module_kpp_racm_mim_Integr.G module_kpp_racm_mim_Integr.bb
time mpif90 -f90=ifort -o module_kpp_racm_mim_Integr.o -c -O3 -ip -fp-model precise -w -ftz -align all -fno-alias -FR -convert big_endian    -I../dyn_em  -I/home/onishi/WRF/external/esmf_time_f90  -I/home/onishi/WRF/main -I/home/onishi/WRF/external/io_netcdf -I/home/onishi/WRF/external/io_int -I/home/onishi/WRF/frame -I/home/onishi/WRF/share -I/home/onishi/WRF/phys -I/home/onishi/WRF/wrftladj -I/home/onishi/WRF/chem -I/home/onishi/WRF/inc -I/home/onishi/NETCDF_DIR2//include  -real-size `expr 8 \* 4` -i4  module_kpp_racm_mim_Integr.f90
11.22user 0.28system 0:11.52elapsed 99%CPU (0avgtext+0avgdata 280824maxresident)k
664inputs+8400outputs (0major+79254minor)pagefaults 0swaps
rm -f module_kpp_racm_mim_interface.o
sed -e "s/^\!.*'.*//" -e "s/^ *\!.*'.*//" module_kpp_racm_mim_interface.F > module_kpp_racm_mim_interface.G
/lib/cpp -P -nostdinc -I/home/onishi/WRF/external/ioapi_share -I/home/onishi/WRF/inc -DEM_CORE=1 -DNMM_CORE=0 -DNMM_MAX_DIM=2600 -DDA_CORE=0 -DWRFPLUS=0 -DIWORDSIZE=4 -DDWORDSIZE=8 -DRWORDSIZE=4 -DLWORDSIZE=4 -DNONSTANDARD_SYSTEM_FUNC  -DWRF_USE_CLM -DUSE_NETCDF4_FEATURES -DWRFIO_NCD_LARGE_FILE_SUPPORT  -DDM_PARALLEL -DNETCDF -DGRIB2 -DHDF5 -DLANDREAD_STUB=1 -DUSE_ALLOCATABLES -Dwrfmodel -DGRIB1 -DINTIO -DKEEP_INT_AROUND -DLIMIT_ARGS -DBUILD_RRTMG_FAST=0 -DBUILD_RRTMK=0 -DBUILD_SBM_FAST=1 -DSHOW_ALL_VARS_USED=0 -DCONFIG_BUF_LEN=65536 -DMAX_DOMAINS_F=21 -DMAX_HISTORY=25 -DNMM_NEST=0 -DWRF_CHEM -DBUILD_CHEM=1 -DWRF_KPP -I. -traditional-cpp -DUSE_NETCDF4_FEATURES -DWRFIO_NCD_LARGE_FILE_SUPPORT   module_kpp_racm_mim_interface.G  > module_kpp_racm_mim_interface.bb
/home/onishi/WRF/tools/standard.exe module_kpp_racm_mim_interface.bb | /lib/cpp -P -nostdinc -I/home/onishi/WRF/external/ioapi_share -traditional-cpp -DUSE_NETCDF4_FEATURES -DWRFIO_NCD_LARGE_FILE_SUPPORT > module_kpp_racm_mim_interface.f90
rm -f module_kpp_racm_mim_interface.G module_kpp_racm_mim_interface.bb
time mpif90 -f90=ifort -o module_kpp_racm_mim_interface.o -c -O3 -ip -fp-model precise -w -ftz -align all -fno-alias -FR -convert big_endian    -I../dyn_em  -I/home/onishi/WRF/external/esmf_time_f90  -I/home/onishi/WRF/main -I/home/onishi/WRF/external/io_netcdf -I/home/onishi/WRF/external/io_int -I/home/onishi/WRF/frame -I/home/onishi/WRF/share -I/home/onishi/WRF/phys -I/home/onishi/WRF/wrftladj -I/home/onishi/WRF/chem -I/home/onishi/WRF/inc -I/home/onishi/NETCDF_DIR2//include  -real-size `expr 8 \* 4` -i4  module_kpp_racm_mim_interface.f90
0.53user 0.09system 0:00.66elapsed 94%CPU (0avgtext+0avgdata 80152maxresident)k
272inputs+1512outputs (0major+16090minor)pagefaults 0swaps
rm -f module_kpp_racm_soa_vbs_Precision.o
sed -e "s/^\!.*'.*//" -e "s/^ *\!.*'.*//" module_kpp_racm_soa_vbs_Precision.F > module_kpp_racm_soa_vbs_Precision.G
/lib/cpp -P -nostdinc -I/home/onishi/WRF/external/ioapi_share -I/home/onishi/WRF/inc -DEM_CORE=1 -DNMM_CORE=0 -DNMM_MAX_DIM=2600 -DDA_CORE=0 -DWRFPLUS=0 -DIWORDSIZE=4 -DDWORDSIZE=8 -DRWORDSIZE=4 -DLWORDSIZE=4 -DNONSTANDARD_SYSTEM_FUNC  -DWRF_USE_CLM -DUSE_NETCDF4_FEATURES -DWRFIO_NCD_LARGE_FILE_SUPPORT  -DDM_PARALLEL -DNETCDF -DGRIB2 -DHDF5 -DLANDREAD_STUB=1 -DUSE_ALLOCATABLES -Dwrfmodel -DGRIB1 -DINTIO -DKEEP_INT_AROUND -DLIMIT_ARGS -DBUILD_RRTMG_FAST=0 -DBUILD_RRTMK=0 -DBUILD_SBM_FAST=1 -DSHOW_ALL_VARS_USED=0 -DCONFIG_BUF_LEN=65536 -DMAX_DOMAINS_F=21 -DMAX_HISTORY=25 -DNMM_NEST=0 -DWRF_CHEM -DBUILD_CHEM=1 -DWRF_KPP -I. -traditional-cpp -DUSE_NETCDF4_FEATURES -DWRFIO_NCD_LARGE_FILE_SUPPORT   module_kpp_racm_soa_vbs_Precision.G  > module_kpp_racm_soa_vbs_Precision.bb
/home/onishi/WRF/tools/standard.exe module_kpp_racm_soa_vbs_Precision.bb | /lib/cpp -P -nostdinc -I/home/onishi/WRF/external/ioapi_share -traditional-cpp -DUSE_NETCDF4_FEATURES -DWRFIO_NCD_LARGE_FILE_SUPPORT > module_kpp_racm_soa_vbs_Precision.f90
rm -f module_kpp_racm_soa_vbs_Precision.G module_kpp_racm_soa_vbs_Precision.bb
time mpif90 -f90=ifort -o module_kpp_racm_soa_vbs_Precision.o -c -O3 -ip -fp-model precise -w -ftz -align all -fno-alias -FR -convert big_endian    -I../dyn_em  -I/home/onishi/WRF/external/esmf_time_f90  -I/home/onishi/WRF/main -I/home/onishi/WRF/external/io_netcdf -I/home/onishi/WRF/external/io_int -I/home/onishi/WRF/frame -I/home/onishi/WRF/share -I/home/onishi/WRF/phys -I/home/onishi/WRF/wrftladj -I/home/onishi/WRF/chem -I/home/onishi/WRF/inc -I/home/onishi/NETCDF_DIR2//include  -real-size `expr 8 \* 4` -i4  module_kpp_racm_soa_vbs_Precision.f90
0.00user 0.06system 0:00.09elapsed 70%CPU (0avgtext+0avgdata 37796maxresident)k
8inputs+88outputs (0major+5965minor)pagefaults 0swaps
rm -f module_kpp_racm_soa_vbs_Parameters.o
sed -e "s/^\!.*'.*//" -e "s/^ *\!.*'.*//" module_kpp_racm_soa_vbs_Parameters.F > module_kpp_racm_soa_vbs_Parameters.G
/lib/cpp -P -nostdinc -I/home/onishi/WRF/external/ioapi_share -I/home/onishi/WRF/inc -DEM_CORE=1 -DNMM_CORE=0 -DNMM_MAX_DIM=2600 -DDA_CORE=0 -DWRFPLUS=0 -DIWORDSIZE=4 -DDWORDSIZE=8 -DRWORDSIZE=4 -DLWORDSIZE=4 -DNONSTANDARD_SYSTEM_FUNC  -DWRF_USE_CLM -DUSE_NETCDF4_FEATURES -DWRFIO_NCD_LARGE_FILE_SUPPORT  -DDM_PARALLEL -DNETCDF -DGRIB2 -DHDF5 -DLANDREAD_STUB=1 -DUSE_ALLOCATABLES -Dwrfmodel -DGRIB1 -DINTIO -DKEEP_INT_AROUND -DLIMIT_ARGS -DBUILD_RRTMG_FAST=0 -DBUILD_RRTMK=0 -DBUILD_SBM_FAST=1 -DSHOW_ALL_VARS_USED=0 -DCONFIG_BUF_LEN=65536 -DMAX_DOMAINS_F=21 -DMAX_HISTORY=25 -DNMM_NEST=0 -DWRF_CHEM -DBUILD_CHEM=1 -DWRF_KPP -I. -traditional-cpp -DUSE_NETCDF4_FEATURES -DWRFIO_NCD_LARGE_FILE_SUPPORT   module_kpp_racm_soa_vbs_Parameters.G  > module_kpp_racm_soa_vbs_Parameters.bb
/home/onishi/WRF/tools/standard.exe module_kpp_racm_soa_vbs_Parameters.bb | /lib/cpp -P -nostdinc -I/home/onishi/WRF/external/ioapi_share -traditional-cpp -DUSE_NETCDF4_FEATURES -DWRFIO_NCD_LARGE_FILE_SUPPORT > module_kpp_racm_soa_vbs_Parameters.f90
rm -f module_kpp_racm_soa_vbs_Parameters.G module_kpp_racm_soa_vbs_Parameters.bb
time mpif90 -f90=ifort -o module_kpp_racm_soa_vbs_Parameters.o -c -O3 -ip -fp-model precise -w -ftz -align all -fno-alias -FR -convert big_endian    -I../dyn_em  -I/home/onishi/WRF/external/esmf_time_f90  -I/home/onishi/WRF/main -I/home/onishi/WRF/external/io_netcdf -I/home/onishi/WRF/external/io_int -I/home/onishi/WRF/frame -I/home/onishi/WRF/share -I/home/onishi/WRF/phys -I/home/onishi/WRF/wrftladj -I/home/onishi/WRF/chem -I/home/onishi/WRF/inc -I/home/onishi/NETCDF_DIR2//include  -real-size `expr 8 \* 4` -i4  module_kpp_racm_soa_vbs_Parameters.f90
0.00user 0.06system 0:00.10elapsed 69%CPU (0avgtext+0avgdata 38168maxresident)k
24inputs+112outputs (0major+5998minor)pagefaults 0swaps
rm -f module_kpp_racm_soa_vbs_JacobianSP.o
sed -e "s/^\!.*'.*//" -e "s/^ *\!.*'.*//" module_kpp_racm_soa_vbs_JacobianSP.F > module_kpp_racm_soa_vbs_JacobianSP.G
/lib/cpp -P -nostdinc -I/home/onishi/WRF/external/ioapi_share -I/home/onishi/WRF/inc -DEM_CORE=1 -DNMM_CORE=0 -DNMM_MAX_DIM=2600 -DDA_CORE=0 -DWRFPLUS=0 -DIWORDSIZE=4 -DDWORDSIZE=8 -DRWORDSIZE=4 -DLWORDSIZE=4 -DNONSTANDARD_SYSTEM_FUNC  -DWRF_USE_CLM -DUSE_NETCDF4_FEATURES -DWRFIO_NCD_LARGE_FILE_SUPPORT  -DDM_PARALLEL -DNETCDF -DGRIB2 -DHDF5 -DLANDREAD_STUB=1 -DUSE_ALLOCATABLES -Dwrfmodel -DGRIB1 -DINTIO -DKEEP_INT_AROUND -DLIMIT_ARGS -DBUILD_RRTMG_FAST=0 -DBUILD_RRTMK=0 -DBUILD_SBM_FAST=1 -DSHOW_ALL_VARS_USED=0 -DCONFIG_BUF_LEN=65536 -DMAX_DOMAINS_F=21 -DMAX_HISTORY=25 -DNMM_NEST=0 -DWRF_CHEM -DBUILD_CHEM=1 -DWRF_KPP -I. -traditional-cpp -DUSE_NETCDF4_FEATURES -DWRFIO_NCD_LARGE_FILE_SUPPORT   module_kpp_racm_soa_vbs_JacobianSP.G  > module_kpp_racm_soa_vbs_JacobianSP.bb
/home/onishi/WRF/tools/standard.exe module_kpp_racm_soa_vbs_JacobianSP.bb | /lib/cpp -P -nostdinc -I/home/onishi/WRF/external/ioapi_share -traditional-cpp -DUSE_NETCDF4_FEATURES -DWRFIO_NCD_LARGE_FILE_SUPPORT > module_kpp_racm_soa_vbs_JacobianSP.f90
rm -f module_kpp_racm_soa_vbs_JacobianSP.G module_kpp_racm_soa_vbs_JacobianSP.bb
time mpif90 -f90=ifort -o module_kpp_racm_soa_vbs_JacobianSP.o -c -O3 -ip -fp-model precise -w -ftz -align all -fno-alias -FR -convert big_endian    -I../dyn_em  -I/home/onishi/WRF/external/esmf_time_f90  -I/home/onishi/WRF/main -I/home/onishi/WRF/external/io_netcdf -I/home/onishi/WRF/external/io_int -I/home/onishi/WRF/frame -I/home/onishi/WRF/share -I/home/onishi/WRF/phys -I/home/onishi/WRF/wrftladj -I/home/onishi/WRF/chem -I/home/onishi/WRF/inc -I/home/onishi/NETCDF_DIR2//include  -real-size `expr 8 \* 4` -i4  module_kpp_racm_soa_vbs_JacobianSP.f90
0.02user 0.06system 0:00.09elapsed 88%CPU (0avgtext+0avgdata 39968maxresident)k
32inputs+672outputs (0major+6526minor)pagefaults 0swaps
rm -f module_kpp_racm_soa_vbs_Jacobian.o
sed -e "s/^\!.*'.*//" -e "s/^ *\!.*'.*//" module_kpp_racm_soa_vbs_Jacobian.F > module_kpp_racm_soa_vbs_Jacobian.G
/lib/cpp -P -nostdinc -I/home/onishi/WRF/external/ioapi_share -I/home/onishi/WRF/inc -DEM_CORE=1 -DNMM_CORE=0 -DNMM_MAX_DIM=2600 -DDA_CORE=0 -DWRFPLUS=0 -DIWORDSIZE=4 -DDWORDSIZE=8 -DRWORDSIZE=4 -DLWORDSIZE=4 -DNONSTANDARD_SYSTEM_FUNC  -DWRF_USE_CLM -DUSE_NETCDF4_FEATURES -DWRFIO_NCD_LARGE_FILE_SUPPORT  -DDM_PARALLEL -DNETCDF -DGRIB2 -DHDF5 -DLANDREAD_STUB=1 -DUSE_ALLOCATABLES -Dwrfmodel -DGRIB1 -DINTIO -DKEEP_INT_AROUND -DLIMIT_ARGS -DBUILD_RRTMG_FAST=0 -DBUILD_RRTMK=0 -DBUILD_SBM_FAST=1 -DSHOW_ALL_VARS_USED=0 -DCONFIG_BUF_LEN=65536 -DMAX_DOMAINS_F=21 -DMAX_HISTORY=25 -DNMM_NEST=0 -DWRF_CHEM -DBUILD_CHEM=1 -DWRF_KPP -I. -traditional-cpp -DUSE_NETCDF4_FEATURES -DWRFIO_NCD_LARGE_FILE_SUPPORT   module_kpp_racm_soa_vbs_Jacobian.G  > module_kpp_racm_soa_vbs_Jacobian.bb
/home/onishi/WRF/tools/standard.exe module_kpp_racm_soa_vbs_Jacobian.bb | /lib/cpp -P -nostdinc -I/home/onishi/WRF/external/ioapi_share -traditional-cpp -DUSE_NETCDF4_FEATURES -DWRFIO_NCD_LARGE_FILE_SUPPORT > module_kpp_racm_soa_vbs_Jacobian.f90
rm -f module_kpp_racm_soa_vbs_Jacobian.G module_kpp_racm_soa_vbs_Jacobian.bb
time mpif90 -f90=ifort -o module_kpp_racm_soa_vbs_Jacobian.o -c -O3 -ip -fp-model precise -w -ftz -align all -fno-alias -FR -convert big_endian    -I../dyn_em  -I/home/onishi/WRF/external/esmf_time_f90  -I/home/onishi/WRF/main -I/home/onishi/WRF/external/io_netcdf -I/home/onishi/WRF/external/io_int -I/home/onishi/WRF/frame -I/home/onishi/WRF/share -I/home/onishi/WRF/phys -I/home/onishi/WRF/wrftladj -I/home/onishi/WRF/chem -I/home/onishi/WRF/inc -I/home/onishi/NETCDF_DIR2//include  -real-size `expr 8 \* 4` -i4  module_kpp_racm_soa_vbs_Jacobian.f90
0.62user 0.09system 0:00.73elapsed 98%CPU (0avgtext+0avgdata 71016maxresident)k
664inputs+1336outputs (0major+16066minor)pagefaults 0swaps
rm -f module_kpp_racm_soa_vbs_Update_Rconst.o
sed -e "s/^\!.*'.*//" -e "s/^ *\!.*'.*//" module_kpp_racm_soa_vbs_Update_Rconst.F > module_kpp_racm_soa_vbs_Update_Rconst.G
/lib/cpp -P -nostdinc -I/home/onishi/WRF/external/ioapi_share -I/home/onishi/WRF/inc -DEM_CORE=1 -DNMM_CORE=0 -DNMM_MAX_DIM=2600 -DDA_CORE=0 -DWRFPLUS=0 -DIWORDSIZE=4 -DDWORDSIZE=8 -DRWORDSIZE=4 -DLWORDSIZE=4 -DNONSTANDARD_SYSTEM_FUNC  -DWRF_USE_CLM -DUSE_NETCDF4_FEATURES -DWRFIO_NCD_LARGE_FILE_SUPPORT  -DDM_PARALLEL -DNETCDF -DGRIB2 -DHDF5 -DLANDREAD_STUB=1 -DUSE_ALLOCATABLES -Dwrfmodel -DGRIB1 -DINTIO -DKEEP_INT_AROUND -DLIMIT_ARGS -DBUILD_RRTMG_FAST=0 -DBUILD_RRTMK=0 -DBUILD_SBM_FAST=1 -DSHOW_ALL_VARS_USED=0 -DCONFIG_BUF_LEN=65536 -DMAX_DOMAINS_F=21 -DMAX_HISTORY=25 -DNMM_NEST=0 -DWRF_CHEM -DBUILD_CHEM=1 -DWRF_KPP -I. -traditional-cpp -DUSE_NETCDF4_FEATURES -DWRFIO_NCD_LARGE_FILE_SUPPORT   module_kpp_racm_soa_vbs_Update_Rconst.G  > module_kpp_racm_soa_vbs_Update_Rconst.bb
/home/onishi/WRF/tools/standard.exe module_kpp_racm_soa_vbs_Update_Rconst.bb | /lib/cpp -P -nostdinc -I/home/onishi/WRF/external/ioapi_share -traditional-cpp -DUSE_NETCDF4_FEATURES -DWRFIO_NCD_LARGE_FILE_SUPPORT > module_kpp_racm_soa_vbs_Update_Rconst.f90
rm -f module_kpp_racm_soa_vbs_Update_Rconst.G module_kpp_racm_soa_vbs_Update_Rconst.bb
time mpif90 -f90=ifort -o module_kpp_racm_soa_vbs_Update_Rconst.o -c -O3 -ip -fp-model precise -w -ftz -align all -fno-alias -FR -convert big_endian    -I../dyn_em  -I/home/onishi/WRF/external/esmf_time_f90  -I/home/onishi/WRF/main -I/home/onishi/WRF/external/io_netcdf -I/home/onishi/WRF/external/io_int -I/home/onishi/WRF/frame -I/home/onishi/WRF/share -I/home/onishi/WRF/phys -I/home/onishi/WRF/wrftladj -I/home/onishi/WRF/chem -I/home/onishi/WRF/inc -I/home/onishi/NETCDF_DIR2//include  -real-size `expr 8 \* 4` -i4  module_kpp_racm_soa_vbs_Update_Rconst.f90
0.15user 0.06system 0:00.24elapsed 88%CPU (0avgtext+0avgdata 60216maxresident)k
40inputs+464outputs (0major+11717minor)pagefaults 0swaps
rm -f module_kpp_racm_soa_vbs_Integr.o
sed -e "s/^\!.*'.*//" -e "s/^ *\!.*'.*//" module_kpp_racm_soa_vbs_Integr.F > module_kpp_racm_soa_vbs_Integr.G
/lib/cpp -P -nostdinc -I/home/onishi/WRF/external/ioapi_share -I/home/onishi/WRF/inc -DEM_CORE=1 -DNMM_CORE=0 -DNMM_MAX_DIM=2600 -DDA_CORE=0 -DWRFPLUS=0 -DIWORDSIZE=4 -DDWORDSIZE=8 -DRWORDSIZE=4 -DLWORDSIZE=4 -DNONSTANDARD_SYSTEM_FUNC  -DWRF_USE_CLM -DUSE_NETCDF4_FEATURES -DWRFIO_NCD_LARGE_FILE_SUPPORT  -DDM_PARALLEL -DNETCDF -DGRIB2 -DHDF5 -DLANDREAD_STUB=1 -DUSE_ALLOCATABLES -Dwrfmodel -DGRIB1 -DINTIO -DKEEP_INT_AROUND -DLIMIT_ARGS -DBUILD_RRTMG_FAST=0 -DBUILD_RRTMK=0 -DBUILD_SBM_FAST=1 -DSHOW_ALL_VARS_USED=0 -DCONFIG_BUF_LEN=65536 -DMAX_DOMAINS_F=21 -DMAX_HISTORY=25 -DNMM_NEST=0 -DWRF_CHEM -DBUILD_CHEM=1 -DWRF_KPP -I. -traditional-cpp -DUSE_NETCDF4_FEATURES -DWRFIO_NCD_LARGE_FILE_SUPPORT   module_kpp_racm_soa_vbs_Integr.G  > module_kpp_racm_soa_vbs_Integr.bb
/home/onishi/WRF/tools/standard.exe module_kpp_racm_soa_vbs_Integr.bb | /lib/cpp -P -nostdinc -I/home/onishi/WRF/external/ioapi_share -traditional-cpp -DUSE_NETCDF4_FEATURES -DWRFIO_NCD_LARGE_FILE_SUPPORT > module_kpp_racm_soa_vbs_Integr.f90
rm -f module_kpp_racm_soa_vbs_Integr.G module_kpp_racm_soa_vbs_Integr.bb
time mpif90 -f90=ifort -o module_kpp_racm_soa_vbs_Integr.o -c -O3 -ip -fp-model precise -w -ftz -align all -fno-alias -FR -convert big_endian    -I../dyn_em  -I/home/onishi/WRF/external/esmf_time_f90  -I/home/onishi/WRF/main -I/home/onishi/WRF/external/io_netcdf -I/home/onishi/WRF/external/io_int -I/home/onishi/WRF/frame -I/home/onishi/WRF/share -I/home/onishi/WRF/phys -I/home/onishi/WRF/wrftladj -I/home/onishi/WRF/chem -I/home/onishi/WRF/inc -I/home/onishi/NETCDF_DIR2//include  -real-size `expr 8 \* 4` -i4  module_kpp_racm_soa_vbs_Integr.f90
13.88user 0.34system 0:14.26elapsed 99%CPU (0avgtext+0avgdata 300220maxresident)k
688inputs+8776outputs (0major+81762minor)pagefaults 0swaps
rm -f module_kpp_racm_soa_vbs_interface.o
sed -e "s/^\!.*'.*//" -e "s/^ *\!.*'.*//" module_kpp_racm_soa_vbs_interface.F > module_kpp_racm_soa_vbs_interface.G
/lib/cpp -P -nostdinc -I/home/onishi/WRF/external/ioapi_share -I/home/onishi/WRF/inc -DEM_CORE=1 -DNMM_CORE=0 -DNMM_MAX_DIM=2600 -DDA_CORE=0 -DWRFPLUS=0 -DIWORDSIZE=4 -DDWORDSIZE=8 -DRWORDSIZE=4 -DLWORDSIZE=4 -DNONSTANDARD_SYSTEM_FUNC  -DWRF_USE_CLM -DUSE_NETCDF4_FEATURES -DWRFIO_NCD_LARGE_FILE_SUPPORT  -DDM_PARALLEL -DNETCDF -DGRIB2 -DHDF5 -DLANDREAD_STUB=1 -DUSE_ALLOCATABLES -Dwrfmodel -DGRIB1 -DINTIO -DKEEP_INT_AROUND -DLIMIT_ARGS -DBUILD_RRTMG_FAST=0 -DBUILD_RRTMK=0 -DBUILD_SBM_FAST=1 -DSHOW_ALL_VARS_USED=0 -DCONFIG_BUF_LEN=65536 -DMAX_DOMAINS_F=21 -DMAX_HISTORY=25 -DNMM_NEST=0 -DWRF_CHEM -DBUILD_CHEM=1 -DWRF_KPP -I. -traditional-cpp -DUSE_NETCDF4_FEATURES -DWRFIO_NCD_LARGE_FILE_SUPPORT   module_kpp_racm_soa_vbs_interface.G  > module_kpp_racm_soa_vbs_interface.bb
/home/onishi/WRF/tools/standard.exe module_kpp_racm_soa_vbs_interface.bb | /lib/cpp -P -nostdinc -I/home/onishi/WRF/external/ioapi_share -traditional-cpp -DUSE_NETCDF4_FEATURES -DWRFIO_NCD_LARGE_FILE_SUPPORT > module_kpp_racm_soa_vbs_interface.f90
rm -f module_kpp_racm_soa_vbs_interface.G module_kpp_racm_soa_vbs_interface.bb
time mpif90 -f90=ifort -o module_kpp_racm_soa_vbs_interface.o -c -O3 -ip -fp-model precise -w -ftz -align all -fno-alias -FR -convert big_endian    -I../dyn_em  -I/home/onishi/WRF/external/esmf_time_f90  -I/home/onishi/WRF/main -I/home/onishi/WRF/external/io_netcdf -I/home/onishi/WRF/external/io_int -I/home/onishi/WRF/frame -I/home/onishi/WRF/share -I/home/onishi/WRF/phys -I/home/onishi/WRF/wrftladj -I/home/onishi/WRF/chem -I/home/onishi/WRF/inc -I/home/onishi/NETCDF_DIR2//include  -real-size `expr 8 \* 4` -i4  module_kpp_racm_soa_vbs_interface.f90
0.79user 0.09system 0:00.92elapsed 95%CPU (0avgtext+0avgdata 93316maxresident)k
288inputs+1616outputs (0major+19497minor)pagefaults 0swaps
rm -f module_kpp_racm_soa_vbs_aqchem_Precision.o
sed -e "s/^\!.*'.*//" -e "s/^ *\!.*'.*//" module_kpp_racm_soa_vbs_aqchem_Precision.F > module_kpp_racm_soa_vbs_aqchem_Precision.G
/lib/cpp -P -nostdinc -I/home/onishi/WRF/external/ioapi_share -I/home/onishi/WRF/inc -DEM_CORE=1 -DNMM_CORE=0 -DNMM_MAX_DIM=2600 -DDA_CORE=0 -DWRFPLUS=0 -DIWORDSIZE=4 -DDWORDSIZE=8 -DRWORDSIZE=4 -DLWORDSIZE=4 -DNONSTANDARD_SYSTEM_FUNC  -DWRF_USE_CLM -DUSE_NETCDF4_FEATURES -DWRFIO_NCD_LARGE_FILE_SUPPORT  -DDM_PARALLEL -DNETCDF -DGRIB2 -DHDF5 -DLANDREAD_STUB=1 -DUSE_ALLOCATABLES -Dwrfmodel -DGRIB1 -DINTIO -DKEEP_INT_AROUND -DLIMIT_ARGS -DBUILD_RRTMG_FAST=0 -DBUILD_RRTMK=0 -DBUILD_SBM_FAST=1 -DSHOW_ALL_VARS_USED=0 -DCONFIG_BUF_LEN=65536 -DMAX_DOMAINS_F=21 -DMAX_HISTORY=25 -DNMM_NEST=0 -DWRF_CHEM -DBUILD_CHEM=1 -DWRF_KPP -I. -traditional-cpp -DUSE_NETCDF4_FEATURES -DWRFIO_NCD_LARGE_FILE_SUPPORT   module_kpp_racm_soa_vbs_aqchem_Precision.G  > module_kpp_racm_soa_vbs_aqchem_Precision.bb
/home/onishi/WRF/tools/standard.exe module_kpp_racm_soa_vbs_aqchem_Precision.bb | /lib/cpp -P -nostdinc -I/home/onishi/WRF/external/ioapi_share -traditional-cpp -DUSE_NETCDF4_FEATURES -DWRFIO_NCD_LARGE_FILE_SUPPORT > module_kpp_racm_soa_vbs_aqchem_Precision.f90
rm -f module_kpp_racm_soa_vbs_aqchem_Precision.G module_kpp_racm_soa_vbs_aqchem_Precision.bb
time mpif90 -f90=ifort -o module_kpp_racm_soa_vbs_aqchem_Precision.o -c -O3 -ip -fp-model precise -w -ftz -align all -fno-alias -FR -convert big_endian    -I../dyn_em  -I/home/onishi/WRF/external/esmf_time_f90  -I/home/onishi/WRF/main -I/home/onishi/WRF/external/io_netcdf -I/home/onishi/WRF/external/io_int -I/home/onishi/WRF/frame -I/home/onishi/WRF/share -I/home/onishi/WRF/phys -I/home/onishi/WRF/wrftladj -I/home/onishi/WRF/chem -I/home/onishi/WRF/inc -I/home/onishi/NETCDF_DIR2//include  -real-size `expr 8 \* 4` -i4  module_kpp_racm_soa_vbs_aqchem_Precision.f90
0.03user 0.03system 0:00.09elapsed 69%CPU (0avgtext+0avgdata 37696maxresident)k
8inputs+88outputs (0major+5969minor)pagefaults 0swaps
rm -f module_kpp_racm_soa_vbs_aqchem_Parameters.o
sed -e "s/^\!.*'.*//" -e "s/^ *\!.*'.*//" module_kpp_racm_soa_vbs_aqchem_Parameters.F > module_kpp_racm_soa_vbs_aqchem_Parameters.G
/lib/cpp -P -nostdinc -I/home/onishi/WRF/external/ioapi_share -I/home/onishi/WRF/inc -DEM_CORE=1 -DNMM_CORE=0 -DNMM_MAX_DIM=2600 -DDA_CORE=0 -DWRFPLUS=0 -DIWORDSIZE=4 -DDWORDSIZE=8 -DRWORDSIZE=4 -DLWORDSIZE=4 -DNONSTANDARD_SYSTEM_FUNC  -DWRF_USE_CLM -DUSE_NETCDF4_FEATURES -DWRFIO_NCD_LARGE_FILE_SUPPORT  -DDM_PARALLEL -DNETCDF -DGRIB2 -DHDF5 -DLANDREAD_STUB=1 -DUSE_ALLOCATABLES -Dwrfmodel -DGRIB1 -DINTIO -DKEEP_INT_AROUND -DLIMIT_ARGS -DBUILD_RRTMG_FAST=0 -DBUILD_RRTMK=0 -DBUILD_SBM_FAST=1 -DSHOW_ALL_VARS_USED=0 -DCONFIG_BUF_LEN=65536 -DMAX_DOMAINS_F=21 -DMAX_HISTORY=25 -DNMM_NEST=0 -DWRF_CHEM -DBUILD_CHEM=1 -DWRF_KPP -I. -traditional-cpp -DUSE_NETCDF4_FEATURES -DWRFIO_NCD_LARGE_FILE_SUPPORT   module_kpp_racm_soa_vbs_aqchem_Parameters.G  > module_kpp_racm_soa_vbs_aqchem_Parameters.bb
/home/onishi/WRF/tools/standard.exe module_kpp_racm_soa_vbs_aqchem_Parameters.bb | /lib/cpp -P -nostdinc -I/home/onishi/WRF/external/ioapi_share -traditional-cpp -DUSE_NETCDF4_FEATURES -DWRFIO_NCD_LARGE_FILE_SUPPORT > module_kpp_racm_soa_vbs_aqchem_Parameters.f90
rm -f module_kpp_racm_soa_vbs_aqchem_Parameters.G module_kpp_racm_soa_vbs_aqchem_Parameters.bb
time mpif90 -f90=ifort -o module_kpp_racm_soa_vbs_aqchem_Parameters.o -c -O3 -ip -fp-model precise -w -ftz -align all -fno-alias -FR -convert big_endian    -I../dyn_em  -I/home/onishi/WRF/external/esmf_time_f90  -I/home/onishi/WRF/main -I/home/onishi/WRF/external/io_netcdf -I/home/onishi/WRF/external/io_int -I/home/onishi/WRF/frame -I/home/onishi/WRF/share -I/home/onishi/WRF/phys -I/home/onishi/WRF/wrftladj -I/home/onishi/WRF/chem -I/home/onishi/WRF/inc -I/home/onishi/NETCDF_DIR2//include  -real-size `expr 8 \* 4` -i4  module_kpp_racm_soa_vbs_aqchem_Parameters.f90
0.00user 0.06system 0:00.09elapsed 71%CPU (0avgtext+0avgdata 38136maxresident)k
24inputs+112outputs (0major+6003minor)pagefaults 0swaps
rm -f module_kpp_racm_soa_vbs_aqchem_JacobianSP.o
sed -e "s/^\!.*'.*//" -e "s/^ *\!.*'.*//" module_kpp_racm_soa_vbs_aqchem_JacobianSP.F > module_kpp_racm_soa_vbs_aqchem_JacobianSP.G
/lib/cpp -P -nostdinc -I/home/onishi/WRF/external/ioapi_share -I/home/onishi/WRF/inc -DEM_CORE=1 -DNMM_CORE=0 -DNMM_MAX_DIM=2600 -DDA_CORE=0 -DWRFPLUS=0 -DIWORDSIZE=4 -DDWORDSIZE=8 -DRWORDSIZE=4 -DLWORDSIZE=4 -DNONSTANDARD_SYSTEM_FUNC  -DWRF_USE_CLM -DUSE_NETCDF4_FEATURES -DWRFIO_NCD_LARGE_FILE_SUPPORT  -DDM_PARALLEL -DNETCDF -DGRIB2 -DHDF5 -DLANDREAD_STUB=1 -DUSE_ALLOCATABLES -Dwrfmodel -DGRIB1 -DINTIO -DKEEP_INT_AROUND -DLIMIT_ARGS -DBUILD_RRTMG_FAST=0 -DBUILD_RRTMK=0 -DBUILD_SBM_FAST=1 -DSHOW_ALL_VARS_USED=0 -DCONFIG_BUF_LEN=65536 -DMAX_DOMAINS_F=21 -DMAX_HISTORY=25 -DNMM_NEST=0 -DWRF_CHEM -DBUILD_CHEM=1 -DWRF_KPP -I. -traditional-cpp -DUSE_NETCDF4_FEATURES -DWRFIO_NCD_LARGE_FILE_SUPPORT   module_kpp_racm_soa_vbs_aqchem_JacobianSP.G  > module_kpp_racm_soa_vbs_aqchem_JacobianSP.bb
/home/onishi/WRF/tools/standard.exe module_kpp_racm_soa_vbs_aqchem_JacobianSP.bb | /lib/cpp -P -nostdinc -I/home/onishi/WRF/external/ioapi_share -traditional-cpp -DUSE_NETCDF4_FEATURES -DWRFIO_NCD_LARGE_FILE_SUPPORT > module_kpp_racm_soa_vbs_aqchem_JacobianSP.f90
rm -f module_kpp_racm_soa_vbs_aqchem_JacobianSP.G module_kpp_racm_soa_vbs_aqchem_JacobianSP.bb
time mpif90 -f90=ifort -o module_kpp_racm_soa_vbs_aqchem_JacobianSP.o -c -O3 -ip -fp-model precise -w -ftz -align all -fno-alias -FR -convert big_endian    -I../dyn_em  -I/home/onishi/WRF/external/esmf_time_f90  -I/home/onishi/WRF/main -I/home/onishi/WRF/external/io_netcdf -I/home/onishi/WRF/external/io_int -I/home/onishi/WRF/frame -I/home/onishi/WRF/share -I/home/onishi/WRF/phys -I/home/onishi/WRF/wrftladj -I/home/onishi/WRF/chem -I/home/onishi/WRF/inc -I/home/onishi/NETCDF_DIR2//include  -real-size `expr 8 \* 4` -i4  module_kpp_racm_soa_vbs_aqchem_JacobianSP.f90
0.03user 0.05system 0:00.09elapsed 88%CPU (0avgtext+0avgdata 39960maxresident)k
32inputs+672outputs (0major+6521minor)pagefaults 0swaps
rm -f module_kpp_racm_soa_vbs_aqchem_Jacobian.o
sed -e "s/^\!.*'.*//" -e "s/^ *\!.*'.*//" module_kpp_racm_soa_vbs_aqchem_Jacobian.F > module_kpp_racm_soa_vbs_aqchem_Jacobian.G
/lib/cpp -P -nostdinc -I/home/onishi/WRF/external/ioapi_share -I/home/onishi/WRF/inc -DEM_CORE=1 -DNMM_CORE=0 -DNMM_MAX_DIM=2600 -DDA_CORE=0 -DWRFPLUS=0 -DIWORDSIZE=4 -DDWORDSIZE=8 -DRWORDSIZE=4 -DLWORDSIZE=4 -DNONSTANDARD_SYSTEM_FUNC  -DWRF_USE_CLM -DUSE_NETCDF4_FEATURES -DWRFIO_NCD_LARGE_FILE_SUPPORT  -DDM_PARALLEL -DNETCDF -DGRIB2 -DHDF5 -DLANDREAD_STUB=1 -DUSE_ALLOCATABLES -Dwrfmodel -DGRIB1 -DINTIO -DKEEP_INT_AROUND -DLIMIT_ARGS -DBUILD_RRTMG_FAST=0 -DBUILD_RRTMK=0 -DBUILD_SBM_FAST=1 -DSHOW_ALL_VARS_USED=0 -DCONFIG_BUF_LEN=65536 -DMAX_DOMAINS_F=21 -DMAX_HISTORY=25 -DNMM_NEST=0 -DWRF_CHEM -DBUILD_CHEM=1 -DWRF_KPP -I. -traditional-cpp -DUSE_NETCDF4_FEATURES -DWRFIO_NCD_LARGE_FILE_SUPPORT   module_kpp_racm_soa_vbs_aqchem_Jacobian.G  > module_kpp_racm_soa_vbs_aqchem_Jacobian.bb
/home/onishi/WRF/tools/standard.exe module_kpp_racm_soa_vbs_aqchem_Jacobian.bb | /lib/cpp -P -nostdinc -I/home/onishi/WRF/external/ioapi_share -traditional-cpp -DUSE_NETCDF4_FEATURES -DWRFIO_NCD_LARGE_FILE_SUPPORT > module_kpp_racm_soa_vbs_aqchem_Jacobian.f90
rm -f module_kpp_racm_soa_vbs_aqchem_Jacobian.G module_kpp_racm_soa_vbs_aqchem_Jacobian.bb
time mpif90 -f90=ifort -o module_kpp_racm_soa_vbs_aqchem_Jacobian.o -c -O3 -ip -fp-model precise -w -ftz -align all -fno-alias -FR -convert big_endian    -I../dyn_em  -I/home/onishi/WRF/external/esmf_time_f90  -I/home/onishi/WRF/main -I/home/onishi/WRF/external/io_netcdf -I/home/onishi/WRF/external/io_int -I/home/onishi/WRF/frame -I/home/onishi/WRF/share -I/home/onishi/WRF/phys -I/home/onishi/WRF/wrftladj -I/home/onishi/WRF/chem -I/home/onishi/WRF/inc -I/home/onishi/NETCDF_DIR2//include  -real-size `expr 8 \* 4` -i4  module_kpp_racm_soa_vbs_aqchem_Jacobian.f90
0.63user 0.08system 0:00.72elapsed 98%CPU (0avgtext+0avgdata 71232maxresident)k
664inputs+1336outputs (0major+16088minor)pagefaults 0swaps
rm -f module_kpp_racm_soa_vbs_aqchem_Update_Rconst.o
sed -e "s/^\!.*'.*//" -e "s/^ *\!.*'.*//" module_kpp_racm_soa_vbs_aqchem_Update_Rconst.F > module_kpp_racm_soa_vbs_aqchem_Update_Rconst.G
/lib/cpp -P -nostdinc -I/home/onishi/WRF/external/ioapi_share -I/home/onishi/WRF/inc -DEM_CORE=1 -DNMM_CORE=0 -DNMM_MAX_DIM=2600 -DDA_CORE=0 -DWRFPLUS=0 -DIWORDSIZE=4 -DDWORDSIZE=8 -DRWORDSIZE=4 -DLWORDSIZE=4 -DNONSTANDARD_SYSTEM_FUNC  -DWRF_USE_CLM -DUSE_NETCDF4_FEATURES -DWRFIO_NCD_LARGE_FILE_SUPPORT  -DDM_PARALLEL -DNETCDF -DGRIB2 -DHDF5 -DLANDREAD_STUB=1 -DUSE_ALLOCATABLES -Dwrfmodel -DGRIB1 -DINTIO -DKEEP_INT_AROUND -DLIMIT_ARGS -DBUILD_RRTMG_FAST=0 -DBUILD_RRTMK=0 -DBUILD_SBM_FAST=1 -DSHOW_ALL_VARS_USED=0 -DCONFIG_BUF_LEN=65536 -DMAX_DOMAINS_F=21 -DMAX_HISTORY=25 -DNMM_NEST=0 -DWRF_CHEM -DBUILD_CHEM=1 -DWRF_KPP -I. -traditional-cpp -DUSE_NETCDF4_FEATURES -DWRFIO_NCD_LARGE_FILE_SUPPORT   module_kpp_racm_soa_vbs_aqchem_Update_Rconst.G  > module_kpp_racm_soa_vbs_aqchem_Update_Rconst.bb
/home/onishi/WRF/tools/standard.exe module_kpp_racm_soa_vbs_aqchem_Update_Rconst.bb | /lib/cpp -P -nostdinc -I/home/onishi/WRF/external/ioapi_share -traditional-cpp -DUSE_NETCDF4_FEATURES -DWRFIO_NCD_LARGE_FILE_SUPPORT > module_kpp_racm_soa_vbs_aqchem_Update_Rconst.f90
rm -f module_kpp_racm_soa_vbs_aqchem_Update_Rconst.G module_kpp_racm_soa_vbs_aqchem_Update_Rconst.bb
time mpif90 -f90=ifort -o module_kpp_racm_soa_vbs_aqchem_Update_Rconst.o -c -O3 -ip -fp-model precise -w -ftz -align all -fno-alias -FR -convert big_endian    -I../dyn_em  -I/home/onishi/WRF/external/esmf_time_f90  -I/home/onishi/WRF/main -I/home/onishi/WRF/external/io_netcdf -I/home/onishi/WRF/external/io_int -I/home/onishi/WRF/frame -I/home/onishi/WRF/share -I/home/onishi/WRF/phys -I/home/onishi/WRF/wrftladj -I/home/onishi/WRF/chem -I/home/onishi/WRF/inc -I/home/onishi/NETCDF_DIR2//include  -real-size `expr 8 \* 4` -i4  module_kpp_racm_soa_vbs_aqchem_Update_Rconst.f90
0.15user 0.07system 0:00.25elapsed 88%CPU (0avgtext+0avgdata 60300maxresident)k
40inputs+472outputs (0major+11732minor)pagefaults 0swaps
rm -f module_kpp_racm_soa_vbs_aqchem_Integr.o
sed -e "s/^\!.*'.*//" -e "s/^ *\!.*'.*//" module_kpp_racm_soa_vbs_aqchem_Integr.F > module_kpp_racm_soa_vbs_aqchem_Integr.G
/lib/cpp -P -nostdinc -I/home/onishi/WRF/external/ioapi_share -I/home/onishi/WRF/inc -DEM_CORE=1 -DNMM_CORE=0 -DNMM_MAX_DIM=2600 -DDA_CORE=0 -DWRFPLUS=0 -DIWORDSIZE=4 -DDWORDSIZE=8 -DRWORDSIZE=4 -DLWORDSIZE=4 -DNONSTANDARD_SYSTEM_FUNC  -DWRF_USE_CLM -DUSE_NETCDF4_FEATURES -DWRFIO_NCD_LARGE_FILE_SUPPORT  -DDM_PARALLEL -DNETCDF -DGRIB2 -DHDF5 -DLANDREAD_STUB=1 -DUSE_ALLOCATABLES -Dwrfmodel -DGRIB1 -DINTIO -DKEEP_INT_AROUND -DLIMIT_ARGS -DBUILD_RRTMG_FAST=0 -DBUILD_RRTMK=0 -DBUILD_SBM_FAST=1 -DSHOW_ALL_VARS_USED=0 -DCONFIG_BUF_LEN=65536 -DMAX_DOMAINS_F=21 -DMAX_HISTORY=25 -DNMM_NEST=0 -DWRF_CHEM -DBUILD_CHEM=1 -DWRF_KPP -I. -traditional-cpp -DUSE_NETCDF4_FEATURES -DWRFIO_NCD_LARGE_FILE_SUPPORT   module_kpp_racm_soa_vbs_aqchem_Integr.G  > module_kpp_racm_soa_vbs_aqchem_Integr.bb
/home/onishi/WRF/tools/standard.exe module_kpp_racm_soa_vbs_aqchem_Integr.bb | /lib/cpp -P -nostdinc -I/home/onishi/WRF/external/ioapi_share -traditional-cpp -DUSE_NETCDF4_FEATURES -DWRFIO_NCD_LARGE_FILE_SUPPORT > module_kpp_racm_soa_vbs_aqchem_Integr.f90
rm -f module_kpp_racm_soa_vbs_aqchem_Integr.G module_kpp_racm_soa_vbs_aqchem_Integr.bb
time mpif90 -f90=ifort -o module_kpp_racm_soa_vbs_aqchem_Integr.o -c -O3 -ip -fp-model precise -w -ftz -align all -fno-alias -FR -convert big_endian    -I../dyn_em  -I/home/onishi/WRF/external/esmf_time_f90  -I/home/onishi/WRF/main -I/home/onishi/WRF/external/io_netcdf -I/home/onishi/WRF/external/io_int -I/home/onishi/WRF/frame -I/home/onishi/WRF/share -I/home/onishi/WRF/phys -I/home/onishi/WRF/wrftladj -I/home/onishi/WRF/chem -I/home/onishi/WRF/inc -I/home/onishi/NETCDF_DIR2//include  -real-size `expr 8 \* 4` -i4  module_kpp_racm_soa_vbs_aqchem_Integr.f90
13.95user 0.24system 0:14.23elapsed 99%CPU (0avgtext+0avgdata 300612maxresident)k
696inputs+8792outputs (0major+81957minor)pagefaults 0swaps
rm -f module_kpp_racm_soa_vbs_aqchem_interface.o
sed -e "s/^\!.*'.*//" -e "s/^ *\!.*'.*//" module_kpp_racm_soa_vbs_aqchem_interface.F > module_kpp_racm_soa_vbs_aqchem_interface.G
/lib/cpp -P -nostdinc -I/home/onishi/WRF/external/ioapi_share -I/home/onishi/WRF/inc -DEM_CORE=1 -DNMM_CORE=0 -DNMM_MAX_DIM=2600 -DDA_CORE=0 -DWRFPLUS=0 -DIWORDSIZE=4 -DDWORDSIZE=8 -DRWORDSIZE=4 -DLWORDSIZE=4 -DNONSTANDARD_SYSTEM_FUNC  -DWRF_USE_CLM -DUSE_NETCDF4_FEATURES -DWRFIO_NCD_LARGE_FILE_SUPPORT  -DDM_PARALLEL -DNETCDF -DGRIB2 -DHDF5 -DLANDREAD_STUB=1 -DUSE_ALLOCATABLES -Dwrfmodel -DGRIB1 -DINTIO -DKEEP_INT_AROUND -DLIMIT_ARGS -DBUILD_RRTMG_FAST=0 -DBUILD_RRTMK=0 -DBUILD_SBM_FAST=1 -DSHOW_ALL_VARS_USED=0 -DCONFIG_BUF_LEN=65536 -DMAX_DOMAINS_F=21 -DMAX_HISTORY=25 -DNMM_NEST=0 -DWRF_CHEM -DBUILD_CHEM=1 -DWRF_KPP -I. -traditional-cpp -DUSE_NETCDF4_FEATURES -DWRFIO_NCD_LARGE_FILE_SUPPORT   module_kpp_racm_soa_vbs_aqchem_interface.G  > module_kpp_racm_soa_vbs_aqchem_interface.bb
/home/onishi/WRF/tools/standard.exe module_kpp_racm_soa_vbs_aqchem_interface.bb | /lib/cpp -P -nostdinc -I/home/onishi/WRF/external/ioapi_share -traditional-cpp -DUSE_NETCDF4_FEATURES -DWRFIO_NCD_LARGE_FILE_SUPPORT > module_kpp_racm_soa_vbs_aqchem_interface.f90
rm -f module_kpp_racm_soa_vbs_aqchem_interface.G module_kpp_racm_soa_vbs_aqchem_interface.bb
time mpif90 -f90=ifort -o module_kpp_racm_soa_vbs_aqchem_interface.o -c -O3 -ip -fp-model precise -w -ftz -align all -fno-alias -FR -convert big_endian    -I../dyn_em  -I/home/onishi/WRF/external/esmf_time_f90  -I/home/onishi/WRF/main -I/home/onishi/WRF/external/io_netcdf -I/home/onishi/WRF/external/io_int -I/home/onishi/WRF/frame -I/home/onishi/WRF/share -I/home/onishi/WRF/phys -I/home/onishi/WRF/wrftladj -I/home/onishi/WRF/chem -I/home/onishi/WRF/inc -I/home/onishi/NETCDF_DIR2//include  -real-size `expr 8 \* 4` -i4  module_kpp_racm_soa_vbs_aqchem_interface.f90
0.77user 0.11system 0:00.92elapsed 96%CPU (0avgtext+0avgdata 93248maxresident)k
288inputs+1624outputs (0major+19524minor)pagefaults 0swaps
rm -f module_kpp_racm_soa_vbs_het_Precision.o
sed -e "s/^\!.*'.*//" -e "s/^ *\!.*'.*//" module_kpp_racm_soa_vbs_het_Precision.F > module_kpp_racm_soa_vbs_het_Precision.G
/lib/cpp -P -nostdinc -I/home/onishi/WRF/external/ioapi_share -I/home/onishi/WRF/inc -DEM_CORE=1 -DNMM_CORE=0 -DNMM_MAX_DIM=2600 -DDA_CORE=0 -DWRFPLUS=0 -DIWORDSIZE=4 -DDWORDSIZE=8 -DRWORDSIZE=4 -DLWORDSIZE=4 -DNONSTANDARD_SYSTEM_FUNC  -DWRF_USE_CLM -DUSE_NETCDF4_FEATURES -DWRFIO_NCD_LARGE_FILE_SUPPORT  -DDM_PARALLEL -DNETCDF -DGRIB2 -DHDF5 -DLANDREAD_STUB=1 -DUSE_ALLOCATABLES -Dwrfmodel -DGRIB1 -DINTIO -DKEEP_INT_AROUND -DLIMIT_ARGS -DBUILD_RRTMG_FAST=0 -DBUILD_RRTMK=0 -DBUILD_SBM_FAST=1 -DSHOW_ALL_VARS_USED=0 -DCONFIG_BUF_LEN=65536 -DMAX_DOMAINS_F=21 -DMAX_HISTORY=25 -DNMM_NEST=0 -DWRF_CHEM -DBUILD_CHEM=1 -DWRF_KPP -I. -traditional-cpp -DUSE_NETCDF4_FEATURES -DWRFIO_NCD_LARGE_FILE_SUPPORT   module_kpp_racm_soa_vbs_het_Precision.G  > module_kpp_racm_soa_vbs_het_Precision.bb
/home/onishi/WRF/tools/standard.exe module_kpp_racm_soa_vbs_het_Precision.bb | /lib/cpp -P -nostdinc -I/home/onishi/WRF/external/ioapi_share -traditional-cpp -DUSE_NETCDF4_FEATURES -DWRFIO_NCD_LARGE_FILE_SUPPORT > module_kpp_racm_soa_vbs_het_Precision.f90
rm -f module_kpp_racm_soa_vbs_het_Precision.G module_kpp_racm_soa_vbs_het_Precision.bb
time mpif90 -f90=ifort -o module_kpp_racm_soa_vbs_het_Precision.o -c -O3 -ip -fp-model precise -w -ftz -align all -fno-alias -FR -convert big_endian    -I../dyn_em  -I/home/onishi/WRF/external/esmf_time_f90  -I/home/onishi/WRF/main -I/home/onishi/WRF/external/io_netcdf -I/home/onishi/WRF/external/io_int -I/home/onishi/WRF/frame -I/home/onishi/WRF/share -I/home/onishi/WRF/phys -I/home/onishi/WRF/wrftladj -I/home/onishi/WRF/chem -I/home/onishi/WRF/inc -I/home/onishi/NETCDF_DIR2//include  -real-size `expr 8 \* 4` -i4  module_kpp_racm_soa_vbs_het_Precision.f90
0.01user 0.05system 0:00.09elapsed 70%CPU (0avgtext+0avgdata 37832maxresident)k
8inputs+88outputs (0major+5955minor)pagefaults 0swaps
rm -f module_kpp_racm_soa_vbs_het_Parameters.o
sed -e "s/^\!.*'.*//" -e "s/^ *\!.*'.*//" module_kpp_racm_soa_vbs_het_Parameters.F > module_kpp_racm_soa_vbs_het_Parameters.G
/lib/cpp -P -nostdinc -I/home/onishi/WRF/external/ioapi_share -I/home/onishi/WRF/inc -DEM_CORE=1 -DNMM_CORE=0 -DNMM_MAX_DIM=2600 -DDA_CORE=0 -DWRFPLUS=0 -DIWORDSIZE=4 -DDWORDSIZE=8 -DRWORDSIZE=4 -DLWORDSIZE=4 -DNONSTANDARD_SYSTEM_FUNC  -DWRF_USE_CLM -DUSE_NETCDF4_FEATURES -DWRFIO_NCD_LARGE_FILE_SUPPORT  -DDM_PARALLEL -DNETCDF -DGRIB2 -DHDF5 -DLANDREAD_STUB=1 -DUSE_ALLOCATABLES -Dwrfmodel -DGRIB1 -DINTIO -DKEEP_INT_AROUND -DLIMIT_ARGS -DBUILD_RRTMG_FAST=0 -DBUILD_RRTMK=0 -DBUILD_SBM_FAST=1 -DSHOW_ALL_VARS_USED=0 -DCONFIG_BUF_LEN=65536 -DMAX_DOMAINS_F=21 -DMAX_HISTORY=25 -DNMM_NEST=0 -DWRF_CHEM -DBUILD_CHEM=1 -DWRF_KPP -I. -traditional-cpp -DUSE_NETCDF4_FEATURES -DWRFIO_NCD_LARGE_FILE_SUPPORT   module_kpp_racm_soa_vbs_het_Parameters.G  > module_kpp_racm_soa_vbs_het_Parameters.bb
/home/onishi/WRF/tools/standard.exe module_kpp_racm_soa_vbs_het_Parameters.bb | /lib/cpp -P -nostdinc -I/home/onishi/WRF/external/ioapi_share -traditional-cpp -DUSE_NETCDF4_FEATURES -DWRFIO_NCD_LARGE_FILE_SUPPORT > module_kpp_racm_soa_vbs_het_Parameters.f90
rm -f module_kpp_racm_soa_vbs_het_Parameters.G module_kpp_racm_soa_vbs_het_Parameters.bb
time mpif90 -f90=ifort -o module_kpp_racm_soa_vbs_het_Parameters.o -c -O3 -ip -fp-model precise -w -ftz -align all -fno-alias -FR -convert big_endian    -I../dyn_em  -I/home/onishi/WRF/external/esmf_time_f90  -I/home/onishi/WRF/main -I/home/onishi/WRF/external/io_netcdf -I/home/onishi/WRF/external/io_int -I/home/onishi/WRF/frame -I/home/onishi/WRF/share -I/home/onishi/WRF/phys -I/home/onishi/WRF/wrftladj -I/home/onishi/WRF/chem -I/home/onishi/WRF/inc -I/home/onishi/NETCDF_DIR2//include  -real-size `expr 8 \* 4` -i4  module_kpp_racm_soa_vbs_het_Parameters.f90
0.02user 0.04system 0:00.07elapsed 87%CPU (0avgtext+0avgdata 38028maxresident)k
24inputs+120outputs (0major+5991minor)pagefaults 0swaps
rm -f module_kpp_racm_soa_vbs_het_JacobianSP.o
sed -e "s/^\!.*'.*//" -e "s/^ *\!.*'.*//" module_kpp_racm_soa_vbs_het_JacobianSP.F > module_kpp_racm_soa_vbs_het_JacobianSP.G
/lib/cpp -P -nostdinc -I/home/onishi/WRF/external/ioapi_share -I/home/onishi/WRF/inc -DEM_CORE=1 -DNMM_CORE=0 -DNMM_MAX_DIM=2600 -DDA_CORE=0 -DWRFPLUS=0 -DIWORDSIZE=4 -DDWORDSIZE=8 -DRWORDSIZE=4 -DLWORDSIZE=4 -DNONSTANDARD_SYSTEM_FUNC  -DWRF_USE_CLM -DUSE_NETCDF4_FEATURES -DWRFIO_NCD_LARGE_FILE_SUPPORT  -DDM_PARALLEL -DNETCDF -DGRIB2 -DHDF5 -DLANDREAD_STUB=1 -DUSE_ALLOCATABLES -Dwrfmodel -DGRIB1 -DINTIO -DKEEP_INT_AROUND -DLIMIT_ARGS -DBUILD_RRTMG_FAST=0 -DBUILD_RRTMK=0 -DBUILD_SBM_FAST=1 -DSHOW_ALL_VARS_USED=0 -DCONFIG_BUF_LEN=65536 -DMAX_DOMAINS_F=21 -DMAX_HISTORY=25 -DNMM_NEST=0 -DWRF_CHEM -DBUILD_CHEM=1 -DWRF_KPP -I. -traditional-cpp -DUSE_NETCDF4_FEATURES -DWRFIO_NCD_LARGE_FILE_SUPPORT   module_kpp_racm_soa_vbs_het_JacobianSP.G  > module_kpp_racm_soa_vbs_het_JacobianSP.bb
/home/onishi/WRF/tools/standard.exe module_kpp_racm_soa_vbs_het_JacobianSP.bb | /lib/cpp -P -nostdinc -I/home/onishi/WRF/external/ioapi_share -traditional-cpp -DUSE_NETCDF4_FEATURES -DWRFIO_NCD_LARGE_FILE_SUPPORT > module_kpp_racm_soa_vbs_het_JacobianSP.f90
rm -f module_kpp_racm_soa_vbs_het_JacobianSP.G module_kpp_racm_soa_vbs_het_JacobianSP.bb
time mpif90 -f90=ifort -o module_kpp_racm_soa_vbs_het_JacobianSP.o -c -O3 -ip -fp-model precise -w -ftz -align all -fno-alias -FR -convert big_endian    -I../dyn_em  -I/home/onishi/WRF/external/esmf_time_f90  -I/home/onishi/WRF/main -I/home/onishi/WRF/external/io_netcdf -I/home/onishi/WRF/external/io_int -I/home/onishi/WRF/frame -I/home/onishi/WRF/share -I/home/onishi/WRF/phys -I/home/onishi/WRF/wrftladj -I/home/onishi/WRF/chem -I/home/onishi/WRF/inc -I/home/onishi/NETCDF_DIR2//include  -real-size `expr 8 \* 4` -i4  module_kpp_racm_soa_vbs_het_JacobianSP.f90
0.02user 0.06system 0:00.11elapsed 73%CPU (0avgtext+0avgdata 40180maxresident)k
32inputs+744outputs (0major+6630minor)pagefaults 0swaps
rm -f module_kpp_racm_soa_vbs_het_Jacobian.o
sed -e "s/^\!.*'.*//" -e "s/^ *\!.*'.*//" module_kpp_racm_soa_vbs_het_Jacobian.F > module_kpp_racm_soa_vbs_het_Jacobian.G
/lib/cpp -P -nostdinc -I/home/onishi/WRF/external/ioapi_share -I/home/onishi/WRF/inc -DEM_CORE=1 -DNMM_CORE=0 -DNMM_MAX_DIM=2600 -DDA_CORE=0 -DWRFPLUS=0 -DIWORDSIZE=4 -DDWORDSIZE=8 -DRWORDSIZE=4 -DLWORDSIZE=4 -DNONSTANDARD_SYSTEM_FUNC  -DWRF_USE_CLM -DUSE_NETCDF4_FEATURES -DWRFIO_NCD_LARGE_FILE_SUPPORT  -DDM_PARALLEL -DNETCDF -DGRIB2 -DHDF5 -DLANDREAD_STUB=1 -DUSE_ALLOCATABLES -Dwrfmodel -DGRIB1 -DINTIO -DKEEP_INT_AROUND -DLIMIT_ARGS -DBUILD_RRTMG_FAST=0 -DBUILD_RRTMK=0 -DBUILD_SBM_FAST=1 -DSHOW_ALL_VARS_USED=0 -DCONFIG_BUF_LEN=65536 -DMAX_DOMAINS_F=21 -DMAX_HISTORY=25 -DNMM_NEST=0 -DWRF_CHEM -DBUILD_CHEM=1 -DWRF_KPP -I. -traditional-cpp -DUSE_NETCDF4_FEATURES -DWRFIO_NCD_LARGE_FILE_SUPPORT   module_kpp_racm_soa_vbs_het_Jacobian.G  > module_kpp_racm_soa_vbs_het_Jacobian.bb
/home/onishi/WRF/tools/standard.exe module_kpp_racm_soa_vbs_het_Jacobian.bb | /lib/cpp -P -nostdinc -I/home/onishi/WRF/external/ioapi_share -traditional-cpp -DUSE_NETCDF4_FEATURES -DWRFIO_NCD_LARGE_FILE_SUPPORT > module_kpp_racm_soa_vbs_het_Jacobian.f90
rm -f module_kpp_racm_soa_vbs_het_Jacobian.G module_kpp_racm_soa_vbs_het_Jacobian.bb
time mpif90 -f90=ifort -o module_kpp_racm_soa_vbs_het_Jacobian.o -c -O3 -ip -fp-model precise -w -ftz -align all -fno-alias -FR -convert big_endian    -I../dyn_em  -I/home/onishi/WRF/external/esmf_time_f90  -I/home/onishi/WRF/main -I/home/onishi/WRF/external/io_netcdf -I/home/onishi/WRF/external/io_int -I/home/onishi/WRF/frame -I/home/onishi/WRF/share -I/home/onishi/WRF/phys -I/home/onishi/WRF/wrftladj -I/home/onishi/WRF/chem -I/home/onishi/WRF/inc -I/home/onishi/NETCDF_DIR2//include  -real-size `expr 8 \* 4` -i4  module_kpp_racm_soa_vbs_het_Jacobian.f90
0.71user 0.08system 0:00.81elapsed 98%CPU (0avgtext+0avgdata 74364maxresident)k
752inputs+1472outputs (0major+17179minor)pagefaults 0swaps
rm -f module_kpp_racm_soa_vbs_het_Update_Rconst.o
sed -e "s/^\!.*'.*//" -e "s/^ *\!.*'.*//" module_kpp_racm_soa_vbs_het_Update_Rconst.F > module_kpp_racm_soa_vbs_het_Update_Rconst.G
/lib/cpp -P -nostdinc -I/home/onishi/WRF/external/ioapi_share -I/home/onishi/WRF/inc -DEM_CORE=1 -DNMM_CORE=0 -DNMM_MAX_DIM=2600 -DDA_CORE=0 -DWRFPLUS=0 -DIWORDSIZE=4 -DDWORDSIZE=8 -DRWORDSIZE=4 -DLWORDSIZE=4 -DNONSTANDARD_SYSTEM_FUNC  -DWRF_USE_CLM -DUSE_NETCDF4_FEATURES -DWRFIO_NCD_LARGE_FILE_SUPPORT  -DDM_PARALLEL -DNETCDF -DGRIB2 -DHDF5 -DLANDREAD_STUB=1 -DUSE_ALLOCATABLES -Dwrfmodel -DGRIB1 -DINTIO -DKEEP_INT_AROUND -DLIMIT_ARGS -DBUILD_RRTMG_FAST=0 -DBUILD_RRTMK=0 -DBUILD_SBM_FAST=1 -DSHOW_ALL_VARS_USED=0 -DCONFIG_BUF_LEN=65536 -DMAX_DOMAINS_F=21 -DMAX_HISTORY=25 -DNMM_NEST=0 -DWRF_CHEM -DBUILD_CHEM=1 -DWRF_KPP -I. -traditional-cpp -DUSE_NETCDF4_FEATURES -DWRFIO_NCD_LARGE_FILE_SUPPORT   module_kpp_racm_soa_vbs_het_Update_Rconst.G  > module_kpp_racm_soa_vbs_het_Update_Rconst.bb
/home/onishi/WRF/tools/standard.exe module_kpp_racm_soa_vbs_het_Update_Rconst.bb | /lib/cpp -P -nostdinc -I/home/onishi/WRF/external/ioapi_share -traditional-cpp -DUSE_NETCDF4_FEATURES -DWRFIO_NCD_LARGE_FILE_SUPPORT > module_kpp_racm_soa_vbs_het_Update_Rconst.f90
rm -f module_kpp_racm_soa_vbs_het_Update_Rconst.G module_kpp_racm_soa_vbs_het_Update_Rconst.bb
time mpif90 -f90=ifort -o module_kpp_racm_soa_vbs_het_Update_Rconst.o -c -O3 -ip -fp-model precise -w -ftz -align all -fno-alias -FR -convert big_endian    -I../dyn_em  -I/home/onishi/WRF/external/esmf_time_f90  -I/home/onishi/WRF/main -I/home/onishi/WRF/external/io_netcdf -I/home/onishi/WRF/external/io_int -I/home/onishi/WRF/frame -I/home/onishi/WRF/share -I/home/onishi/WRF/phys -I/home/onishi/WRF/wrftladj -I/home/onishi/WRF/chem -I/home/onishi/WRF/inc -I/home/onishi/NETCDF_DIR2//include  -real-size `expr 8 \* 4` -i4  module_kpp_racm_soa_vbs_het_Update_Rconst.f90
0.17user 0.06system 0:00.26elapsed 89%CPU (0avgtext+0avgdata 60552maxresident)k
40inputs+496outputs (0major+11761minor)pagefaults 0swaps
rm -f module_kpp_racm_soa_vbs_het_Integr.o
sed -e "s/^\!.*'.*//" -e "s/^ *\!.*'.*//" module_kpp_racm_soa_vbs_het_Integr.F > module_kpp_racm_soa_vbs_het_Integr.G
/lib/cpp -P -nostdinc -I/home/onishi/WRF/external/ioapi_share -I/home/onishi/WRF/inc -DEM_CORE=1 -DNMM_CORE=0 -DNMM_MAX_DIM=2600 -DDA_CORE=0 -DWRFPLUS=0 -DIWORDSIZE=4 -DDWORDSIZE=8 -DRWORDSIZE=4 -DLWORDSIZE=4 -DNONSTANDARD_SYSTEM_FUNC  -DWRF_USE_CLM -DUSE_NETCDF4_FEATURES -DWRFIO_NCD_LARGE_FILE_SUPPORT  -DDM_PARALLEL -DNETCDF -DGRIB2 -DHDF5 -DLANDREAD_STUB=1 -DUSE_ALLOCATABLES -Dwrfmodel -DGRIB1 -DINTIO -DKEEP_INT_AROUND -DLIMIT_ARGS -DBUILD_RRTMG_FAST=0 -DBUILD_RRTMK=0 -DBUILD_SBM_FAST=1 -DSHOW_ALL_VARS_USED=0 -DCONFIG_BUF_LEN=65536 -DMAX_DOMAINS_F=21 -DMAX_HISTORY=25 -DNMM_NEST=0 -DWRF_CHEM -DBUILD_CHEM=1 -DWRF_KPP -I. -traditional-cpp -DUSE_NETCDF4_FEATURES -DWRFIO_NCD_LARGE_FILE_SUPPORT   module_kpp_racm_soa_vbs_het_Integr.G  > module_kpp_racm_soa_vbs_het_Integr.bb
/home/onishi/WRF/tools/standard.exe module_kpp_racm_soa_vbs_het_Integr.bb | /lib/cpp -P -nostdinc -I/home/onishi/WRF/external/ioapi_share -traditional-cpp -DUSE_NETCDF4_FEATURES -DWRFIO_NCD_LARGE_FILE_SUPPORT > module_kpp_racm_soa_vbs_het_Integr.f90
rm -f module_kpp_racm_soa_vbs_het_Integr.G module_kpp_racm_soa_vbs_het_Integr.bb
time mpif90 -f90=ifort -o module_kpp_racm_soa_vbs_het_Integr.o -c -O3 -ip -fp-model precise -w -ftz -align all -fno-alias -FR -convert big_endian    -I../dyn_em  -I/home/onishi/WRF/external/esmf_time_f90  -I/home/onishi/WRF/main -I/home/onishi/WRF/external/io_netcdf -I/home/onishi/WRF/external/io_int -I/home/onishi/WRF/frame -I/home/onishi/WRF/share -I/home/onishi/WRF/phys -I/home/onishi/WRF/wrftladj -I/home/onishi/WRF/chem -I/home/onishi/WRF/inc -I/home/onishi/NETCDF_DIR2//include  -real-size `expr 8 \* 4` -i4  module_kpp_racm_soa_vbs_het_Integr.f90
18.81user 0.43system 0:19.28elapsed 99%CPU (0avgtext+0avgdata 368564maxresident)k
792inputs+10104outputs (0major+106702minor)pagefaults 0swaps
rm -f module_kpp_racm_soa_vbs_het_interface.o
sed -e "s/^\!.*'.*//" -e "s/^ *\!.*'.*//" module_kpp_racm_soa_vbs_het_interface.F > module_kpp_racm_soa_vbs_het_interface.G
/lib/cpp -P -nostdinc -I/home/onishi/WRF/external/ioapi_share -I/home/onishi/WRF/inc -DEM_CORE=1 -DNMM_CORE=0 -DNMM_MAX_DIM=2600 -DDA_CORE=0 -DWRFPLUS=0 -DIWORDSIZE=4 -DDWORDSIZE=8 -DRWORDSIZE=4 -DLWORDSIZE=4 -DNONSTANDARD_SYSTEM_FUNC  -DWRF_USE_CLM -DUSE_NETCDF4_FEATURES -DWRFIO_NCD_LARGE_FILE_SUPPORT  -DDM_PARALLEL -DNETCDF -DGRIB2 -DHDF5 -DLANDREAD_STUB=1 -DUSE_ALLOCATABLES -Dwrfmodel -DGRIB1 -DINTIO -DKEEP_INT_AROUND -DLIMIT_ARGS -DBUILD_RRTMG_FAST=0 -DBUILD_RRTMK=0 -DBUILD_SBM_FAST=1 -DSHOW_ALL_VARS_USED=0 -DCONFIG_BUF_LEN=65536 -DMAX_DOMAINS_F=21 -DMAX_HISTORY=25 -DNMM_NEST=0 -DWRF_CHEM -DBUILD_CHEM=1 -DWRF_KPP -I. -traditional-cpp -DUSE_NETCDF4_FEATURES -DWRFIO_NCD_LARGE_FILE_SUPPORT   module_kpp_racm_soa_vbs_het_interface.G  > module_kpp_racm_soa_vbs_het_interface.bb
/home/onishi/WRF/tools/standard.exe module_kpp_racm_soa_vbs_het_interface.bb | /lib/cpp -P -nostdinc -I/home/onishi/WRF/external/ioapi_share -traditional-cpp -DUSE_NETCDF4_FEATURES -DWRFIO_NCD_LARGE_FILE_SUPPORT > module_kpp_racm_soa_vbs_het_interface.f90
rm -f module_kpp_racm_soa_vbs_het_interface.G module_kpp_racm_soa_vbs_het_interface.bb
time mpif90 -f90=ifort -o module_kpp_racm_soa_vbs_het_interface.o -c -O3 -ip -fp-model precise -w -ftz -align all -fno-alias -FR -convert big_endian    -I../dyn_em  -I/home/onishi/WRF/external/esmf_time_f90  -I/home/onishi/WRF/main -I/home/onishi/WRF/external/io_netcdf -I/home/onishi/WRF/external/io_int -I/home/onishi/WRF/frame -I/home/onishi/WRF/share -I/home/onishi/WRF/phys -I/home/onishi/WRF/wrftladj -I/home/onishi/WRF/chem -I/home/onishi/WRF/inc -I/home/onishi/NETCDF_DIR2//include  -real-size `expr 8 \* 4` -i4  module_kpp_racm_soa_vbs_het_interface.f90
0.86user 0.08system 0:00.98elapsed 96%CPU (0avgtext+0avgdata 95768maxresident)k
320inputs+1640outputs (0major+20192minor)pagefaults 0swaps
rm -f module_kpp_racmpm_Precision.o
sed -e "s/^\!.*'.*//" -e "s/^ *\!.*'.*//" module_kpp_racmpm_Precision.F > module_kpp_racmpm_Precision.G
/lib/cpp -P -nostdinc -I/home/onishi/WRF/external/ioapi_share -I/home/onishi/WRF/inc -DEM_CORE=1 -DNMM_CORE=0 -DNMM_MAX_DIM=2600 -DDA_CORE=0 -DWRFPLUS=0 -DIWORDSIZE=4 -DDWORDSIZE=8 -DRWORDSIZE=4 -DLWORDSIZE=4 -DNONSTANDARD_SYSTEM_FUNC  -DWRF_USE_CLM -DUSE_NETCDF4_FEATURES -DWRFIO_NCD_LARGE_FILE_SUPPORT  -DDM_PARALLEL -DNETCDF -DGRIB2 -DHDF5 -DLANDREAD_STUB=1 -DUSE_ALLOCATABLES -Dwrfmodel -DGRIB1 -DINTIO -DKEEP_INT_AROUND -DLIMIT_ARGS -DBUILD_RRTMG_FAST=0 -DBUILD_RRTMK=0 -DBUILD_SBM_FAST=1 -DSHOW_ALL_VARS_USED=0 -DCONFIG_BUF_LEN=65536 -DMAX_DOMAINS_F=21 -DMAX_HISTORY=25 -DNMM_NEST=0 -DWRF_CHEM -DBUILD_CHEM=1 -DWRF_KPP -I. -traditional-cpp -DUSE_NETCDF4_FEATURES -DWRFIO_NCD_LARGE_FILE_SUPPORT   module_kpp_racmpm_Precision.G  > module_kpp_racmpm_Precision.bb
/home/onishi/WRF/tools/standard.exe module_kpp_racmpm_Precision.bb | /lib/cpp -P -nostdinc -I/home/onishi/WRF/external/ioapi_share -traditional-cpp -DUSE_NETCDF4_FEATURES -DWRFIO_NCD_LARGE_FILE_SUPPORT > module_kpp_racmpm_Precision.f90
rm -f module_kpp_racmpm_Precision.G module_kpp_racmpm_Precision.bb
time mpif90 -f90=ifort -o module_kpp_racmpm_Precision.o -c -O3 -ip -fp-model precise -w -ftz -align all -fno-alias -FR -convert big_endian    -I../dyn_em  -I/home/onishi/WRF/external/esmf_time_f90  -I/home/onishi/WRF/main -I/home/onishi/WRF/external/io_netcdf -I/home/onishi/WRF/external/io_int -I/home/onishi/WRF/frame -I/home/onishi/WRF/share -I/home/onishi/WRF/phys -I/home/onishi/WRF/wrftladj -I/home/onishi/WRF/chem -I/home/onishi/WRF/inc -I/home/onishi/NETCDF_DIR2//include  -real-size `expr 8 \* 4` -i4  module_kpp_racmpm_Precision.f90
0.02user 0.04system 0:00.09elapsed 72%CPU (0avgtext+0avgdata 37820maxresident)k
8inputs+88outputs (0major+5968minor)pagefaults 0swaps
rm -f module_kpp_racmpm_Parameters.o
sed -e "s/^\!.*'.*//" -e "s/^ *\!.*'.*//" module_kpp_racmpm_Parameters.F > module_kpp_racmpm_Parameters.G
/lib/cpp -P -nostdinc -I/home/onishi/WRF/external/ioapi_share -I/home/onishi/WRF/inc -DEM_CORE=1 -DNMM_CORE=0 -DNMM_MAX_DIM=2600 -DDA_CORE=0 -DWRFPLUS=0 -DIWORDSIZE=4 -DDWORDSIZE=8 -DRWORDSIZE=4 -DLWORDSIZE=4 -DNONSTANDARD_SYSTEM_FUNC  -DWRF_USE_CLM -DUSE_NETCDF4_FEATURES -DWRFIO_NCD_LARGE_FILE_SUPPORT  -DDM_PARALLEL -DNETCDF -DGRIB2 -DHDF5 -DLANDREAD_STUB=1 -DUSE_ALLOCATABLES -Dwrfmodel -DGRIB1 -DINTIO -DKEEP_INT_AROUND -DLIMIT_ARGS -DBUILD_RRTMG_FAST=0 -DBUILD_RRTMK=0 -DBUILD_SBM_FAST=1 -DSHOW_ALL_VARS_USED=0 -DCONFIG_BUF_LEN=65536 -DMAX_DOMAINS_F=21 -DMAX_HISTORY=25 -DNMM_NEST=0 -DWRF_CHEM -DBUILD_CHEM=1 -DWRF_KPP -I. -traditional-cpp -DUSE_NETCDF4_FEATURES -DWRFIO_NCD_LARGE_FILE_SUPPORT   module_kpp_racmpm_Parameters.G  > module_kpp_racmpm_Parameters.bb
/home/onishi/WRF/tools/standard.exe module_kpp_racmpm_Parameters.bb | /lib/cpp -P -nostdinc -I/home/onishi/WRF/external/ioapi_share -traditional-cpp -DUSE_NETCDF4_FEATURES -DWRFIO_NCD_LARGE_FILE_SUPPORT > module_kpp_racmpm_Parameters.f90
rm -f module_kpp_racmpm_Parameters.G module_kpp_racmpm_Parameters.bb
time mpif90 -f90=ifort -o module_kpp_racmpm_Parameters.o -c -O3 -ip -fp-model precise -w -ftz -align all -fno-alias -FR -convert big_endian    -I../dyn_em  -I/home/onishi/WRF/external/esmf_time_f90  -I/home/onishi/WRF/main -I/home/onishi/WRF/external/io_netcdf -I/home/onishi/WRF/external/io_int -I/home/onishi/WRF/frame -I/home/onishi/WRF/share -I/home/onishi/WRF/phys -I/home/onishi/WRF/wrftladj -I/home/onishi/WRF/chem -I/home/onishi/WRF/inc -I/home/onishi/NETCDF_DIR2//include  -real-size `expr 8 \* 4` -i4  module_kpp_racmpm_Parameters.f90
0.02user 0.04system 0:00.08elapsed 86%CPU (0avgtext+0avgdata 38140maxresident)k
16inputs+112outputs (0major+5997minor)pagefaults 0swaps
rm -f module_kpp_racmpm_JacobianSP.o
sed -e "s/^\!.*'.*//" -e "s/^ *\!.*'.*//" module_kpp_racmpm_JacobianSP.F > module_kpp_racmpm_JacobianSP.G
/lib/cpp -P -nostdinc -I/home/onishi/WRF/external/ioapi_share -I/home/onishi/WRF/inc -DEM_CORE=1 -DNMM_CORE=0 -DNMM_MAX_DIM=2600 -DDA_CORE=0 -DWRFPLUS=0 -DIWORDSIZE=4 -DDWORDSIZE=8 -DRWORDSIZE=4 -DLWORDSIZE=4 -DNONSTANDARD_SYSTEM_FUNC  -DWRF_USE_CLM -DUSE_NETCDF4_FEATURES -DWRFIO_NCD_LARGE_FILE_SUPPORT  -DDM_PARALLEL -DNETCDF -DGRIB2 -DHDF5 -DLANDREAD_STUB=1 -DUSE_ALLOCATABLES -Dwrfmodel -DGRIB1 -DINTIO -DKEEP_INT_AROUND -DLIMIT_ARGS -DBUILD_RRTMG_FAST=0 -DBUILD_RRTMK=0 -DBUILD_SBM_FAST=1 -DSHOW_ALL_VARS_USED=0 -DCONFIG_BUF_LEN=65536 -DMAX_DOMAINS_F=21 -DMAX_HISTORY=25 -DNMM_NEST=0 -DWRF_CHEM -DBUILD_CHEM=1 -DWRF_KPP -I. -traditional-cpp -DUSE_NETCDF4_FEATURES -DWRFIO_NCD_LARGE_FILE_SUPPORT   module_kpp_racmpm_JacobianSP.G  > module_kpp_racmpm_JacobianSP.bb
/home/onishi/WRF/tools/standard.exe module_kpp_racmpm_JacobianSP.bb | /lib/cpp -P -nostdinc -I/home/onishi/WRF/external/ioapi_share -traditional-cpp -DUSE_NETCDF4_FEATURES -DWRFIO_NCD_LARGE_FILE_SUPPORT > module_kpp_racmpm_JacobianSP.f90
rm -f module_kpp_racmpm_JacobianSP.G module_kpp_racmpm_JacobianSP.bb
time mpif90 -f90=ifort -o module_kpp_racmpm_JacobianSP.o -c -O3 -ip -fp-model precise -w -ftz -align all -fno-alias -FR -convert big_endian    -I../dyn_em  -I/home/onishi/WRF/external/esmf_time_f90  -I/home/onishi/WRF/main -I/home/onishi/WRF/external/io_netcdf -I/home/onishi/WRF/external/io_int -I/home/onishi/WRF/frame -I/home/onishi/WRF/share -I/home/onishi/WRF/phys -I/home/onishi/WRF/wrftladj -I/home/onishi/WRF/chem -I/home/onishi/WRF/inc -I/home/onishi/NETCDF_DIR2//include  -real-size `expr 8 \* 4` -i4  module_kpp_racmpm_JacobianSP.f90
0.03user 0.04system 0:00.09elapsed 88%CPU (0avgtext+0avgdata 39732maxresident)k
24inputs+616outputs (0major+6487minor)pagefaults 0swaps
rm -f module_kpp_racmpm_Jacobian.o
sed -e "s/^\!.*'.*//" -e "s/^ *\!.*'.*//" module_kpp_racmpm_Jacobian.F > module_kpp_racmpm_Jacobian.G
/lib/cpp -P -nostdinc -I/home/onishi/WRF/external/ioapi_share -I/home/onishi/WRF/inc -DEM_CORE=1 -DNMM_CORE=0 -DNMM_MAX_DIM=2600 -DDA_CORE=0 -DWRFPLUS=0 -DIWORDSIZE=4 -DDWORDSIZE=8 -DRWORDSIZE=4 -DLWORDSIZE=4 -DNONSTANDARD_SYSTEM_FUNC  -DWRF_USE_CLM -DUSE_NETCDF4_FEATURES -DWRFIO_NCD_LARGE_FILE_SUPPORT  -DDM_PARALLEL -DNETCDF -DGRIB2 -DHDF5 -DLANDREAD_STUB=1 -DUSE_ALLOCATABLES -Dwrfmodel -DGRIB1 -DINTIO -DKEEP_INT_AROUND -DLIMIT_ARGS -DBUILD_RRTMG_FAST=0 -DBUILD_RRTMK=0 -DBUILD_SBM_FAST=1 -DSHOW_ALL_VARS_USED=0 -DCONFIG_BUF_LEN=65536 -DMAX_DOMAINS_F=21 -DMAX_HISTORY=25 -DNMM_NEST=0 -DWRF_CHEM -DBUILD_CHEM=1 -DWRF_KPP -I. -traditional-cpp -DUSE_NETCDF4_FEATURES -DWRFIO_NCD_LARGE_FILE_SUPPORT   module_kpp_racmpm_Jacobian.G  > module_kpp_racmpm_Jacobian.bb
/home/onishi/WRF/tools/standard.exe module_kpp_racmpm_Jacobian.bb | /lib/cpp -P -nostdinc -I/home/onishi/WRF/external/ioapi_share -traditional-cpp -DUSE_NETCDF4_FEATURES -DWRFIO_NCD_LARGE_FILE_SUPPORT > module_kpp_racmpm_Jacobian.f90
rm -f module_kpp_racmpm_Jacobian.G module_kpp_racmpm_Jacobian.bb
time mpif90 -f90=ifort -o module_kpp_racmpm_Jacobian.o -c -O3 -ip -fp-model precise -w -ftz -align all -fno-alias -FR -convert big_endian    -I../dyn_em  -I/home/onishi/WRF/external/esmf_time_f90  -I/home/onishi/WRF/main -I/home/onishi/WRF/external/io_netcdf -I/home/onishi/WRF/external/io_int -I/home/onishi/WRF/frame -I/home/onishi/WRF/share -I/home/onishi/WRF/phys -I/home/onishi/WRF/wrftladj -I/home/onishi/WRF/chem -I/home/onishi/WRF/inc -I/home/onishi/NETCDF_DIR2//include  -real-size `expr 8 \* 4` -i4  module_kpp_racmpm_Jacobian.f90
0.58user 0.05system 0:00.66elapsed 95%CPU (0avgtext+0avgdata 67104maxresident)k
608inputs+1232outputs (0major+14246minor)pagefaults 0swaps
rm -f module_kpp_racmpm_Update_Rconst.o
sed -e "s/^\!.*'.*//" -e "s/^ *\!.*'.*//" module_kpp_racmpm_Update_Rconst.F > module_kpp_racmpm_Update_Rconst.G
/lib/cpp -P -nostdinc -I/home/onishi/WRF/external/ioapi_share -I/home/onishi/WRF/inc -DEM_CORE=1 -DNMM_CORE=0 -DNMM_MAX_DIM=2600 -DDA_CORE=0 -DWRFPLUS=0 -DIWORDSIZE=4 -DDWORDSIZE=8 -DRWORDSIZE=4 -DLWORDSIZE=4 -DNONSTANDARD_SYSTEM_FUNC  -DWRF_USE_CLM -DUSE_NETCDF4_FEATURES -DWRFIO_NCD_LARGE_FILE_SUPPORT  -DDM_PARALLEL -DNETCDF -DGRIB2 -DHDF5 -DLANDREAD_STUB=1 -DUSE_ALLOCATABLES -Dwrfmodel -DGRIB1 -DINTIO -DKEEP_INT_AROUND -DLIMIT_ARGS -DBUILD_RRTMG_FAST=0 -DBUILD_RRTMK=0 -DBUILD_SBM_FAST=1 -DSHOW_ALL_VARS_USED=0 -DCONFIG_BUF_LEN=65536 -DMAX_DOMAINS_F=21 -DMAX_HISTORY=25 -DNMM_NEST=0 -DWRF_CHEM -DBUILD_CHEM=1 -DWRF_KPP -I. -traditional-cpp -DUSE_NETCDF4_FEATURES -DWRFIO_NCD_LARGE_FILE_SUPPORT   module_kpp_racmpm_Update_Rconst.G  > module_kpp_racmpm_Update_Rconst.bb
/home/onishi/WRF/tools/standard.exe module_kpp_racmpm_Update_Rconst.bb | /lib/cpp -P -nostdinc -I/home/onishi/WRF/external/ioapi_share -traditional-cpp -DUSE_NETCDF4_FEATURES -DWRFIO_NCD_LARGE_FILE_SUPPORT > module_kpp_racmpm_Update_Rconst.f90
rm -f module_kpp_racmpm_Update_Rconst.G module_kpp_racmpm_Update_Rconst.bb
time mpif90 -f90=ifort -o module_kpp_racmpm_Update_Rconst.o -c -O3 -ip -fp-model precise -w -ftz -align all -fno-alias -FR -convert big_endian    -I../dyn_em  -I/home/onishi/WRF/external/esmf_time_f90  -I/home/onishi/WRF/main -I/home/onishi/WRF/external/io_netcdf -I/home/onishi/WRF/external/io_int -I/home/onishi/WRF/frame -I/home/onishi/WRF/share -I/home/onishi/WRF/phys -I/home/onishi/WRF/wrftladj -I/home/onishi/WRF/chem -I/home/onishi/WRF/inc -I/home/onishi/NETCDF_DIR2//include  -real-size `expr 8 \* 4` -i4  module_kpp_racmpm_Update_Rconst.f90
0.13user 0.05system 0:00.21elapsed 88%CPU (0avgtext+0avgdata 55904maxresident)k
32inputs+416outputs (0major+10595minor)pagefaults 0swaps
rm -f module_kpp_racmpm_Integr.o
sed -e "s/^\!.*'.*//" -e "s/^ *\!.*'.*//" module_kpp_racmpm_Integr.F > module_kpp_racmpm_Integr.G
/lib/cpp -P -nostdinc -I/home/onishi/WRF/external/ioapi_share -I/home/onishi/WRF/inc -DEM_CORE=1 -DNMM_CORE=0 -DNMM_MAX_DIM=2600 -DDA_CORE=0 -DWRFPLUS=0 -DIWORDSIZE=4 -DDWORDSIZE=8 -DRWORDSIZE=4 -DLWORDSIZE=4 -DNONSTANDARD_SYSTEM_FUNC  -DWRF_USE_CLM -DUSE_NETCDF4_FEATURES -DWRFIO_NCD_LARGE_FILE_SUPPORT  -DDM_PARALLEL -DNETCDF -DGRIB2 -DHDF5 -DLANDREAD_STUB=1 -DUSE_ALLOCATABLES -Dwrfmodel -DGRIB1 -DINTIO -DKEEP_INT_AROUND -DLIMIT_ARGS -DBUILD_RRTMG_FAST=0 -DBUILD_RRTMK=0 -DBUILD_SBM_FAST=1 -DSHOW_ALL_VARS_USED=0 -DCONFIG_BUF_LEN=65536 -DMAX_DOMAINS_F=21 -DMAX_HISTORY=25 -DNMM_NEST=0 -DWRF_CHEM -DBUILD_CHEM=1 -DWRF_KPP -I. -traditional-cpp -DUSE_NETCDF4_FEATURES -DWRFIO_NCD_LARGE_FILE_SUPPORT   module_kpp_racmpm_Integr.G  > module_kpp_racmpm_Integr.bb
/home/onishi/WRF/tools/standard.exe module_kpp_racmpm_Integr.bb | /lib/cpp -P -nostdinc -I/home/onishi/WRF/external/ioapi_share -traditional-cpp -DUSE_NETCDF4_FEATURES -DWRFIO_NCD_LARGE_FILE_SUPPORT > module_kpp_racmpm_Integr.f90
rm -f module_kpp_racmpm_Integr.G module_kpp_racmpm_Integr.bb
time mpif90 -f90=ifort -o module_kpp_racmpm_Integr.o -c -O3 -ip -fp-model precise -w -ftz -align all -fno-alias -FR -convert big_endian    -I../dyn_em  -I/home/onishi/WRF/external/esmf_time_f90  -I/home/onishi/WRF/main -I/home/onishi/WRF/external/io_netcdf -I/home/onishi/WRF/external/io_int -I/home/onishi/WRF/frame -I/home/onishi/WRF/share -I/home/onishi/WRF/phys -I/home/onishi/WRF/wrftladj -I/home/onishi/WRF/chem -I/home/onishi/WRF/inc -I/home/onishi/NETCDF_DIR2//include  -real-size `expr 8 \* 4` -i4  module_kpp_racmpm_Integr.f90
12.13user 0.26system 0:12.42elapsed 99%CPU (0avgtext+0avgdata 309704maxresident)k
656inputs+8408outputs (0major+84522minor)pagefaults 0swaps
rm -f module_kpp_racmpm_interface.o
sed -e "s/^\!.*'.*//" -e "s/^ *\!.*'.*//" module_kpp_racmpm_interface.F > module_kpp_racmpm_interface.G
/lib/cpp -P -nostdinc -I/home/onishi/WRF/external/ioapi_share -I/home/onishi/WRF/inc -DEM_CORE=1 -DNMM_CORE=0 -DNMM_MAX_DIM=2600 -DDA_CORE=0 -DWRFPLUS=0 -DIWORDSIZE=4 -DDWORDSIZE=8 -DRWORDSIZE=4 -DLWORDSIZE=4 -DNONSTANDARD_SYSTEM_FUNC  -DWRF_USE_CLM -DUSE_NETCDF4_FEATURES -DWRFIO_NCD_LARGE_FILE_SUPPORT  -DDM_PARALLEL -DNETCDF -DGRIB2 -DHDF5 -DLANDREAD_STUB=1 -DUSE_ALLOCATABLES -Dwrfmodel -DGRIB1 -DINTIO -DKEEP_INT_AROUND -DLIMIT_ARGS -DBUILD_RRTMG_FAST=0 -DBUILD_RRTMK=0 -DBUILD_SBM_FAST=1 -DSHOW_ALL_VARS_USED=0 -DCONFIG_BUF_LEN=65536 -DMAX_DOMAINS_F=21 -DMAX_HISTORY=25 -DNMM_NEST=0 -DWRF_CHEM -DBUILD_CHEM=1 -DWRF_KPP -I. -traditional-cpp -DUSE_NETCDF4_FEATURES -DWRFIO_NCD_LARGE_FILE_SUPPORT   module_kpp_racmpm_interface.G  > module_kpp_racmpm_interface.bb
/home/onishi/WRF/tools/standard.exe module_kpp_racmpm_interface.bb | /lib/cpp -P -nostdinc -I/home/onishi/WRF/external/ioapi_share -traditional-cpp -DUSE_NETCDF4_FEATURES -DWRFIO_NCD_LARGE_FILE_SUPPORT > module_kpp_racmpm_interface.f90
rm -f module_kpp_racmpm_interface.G module_kpp_racmpm_interface.bb
time mpif90 -f90=ifort -o module_kpp_racmpm_interface.o -c -O3 -ip -fp-model precise -w -ftz -align all -fno-alias -FR -convert big_endian    -I../dyn_em  -I/home/onishi/WRF/external/esmf_time_f90  -I/home/onishi/WRF/main -I/home/onishi/WRF/external/io_netcdf -I/home/onishi/WRF/external/io_int -I/home/onishi/WRF/frame -I/home/onishi/WRF/share -I/home/onishi/WRF/phys -I/home/onishi/WRF/wrftladj -I/home/onishi/WRF/chem -I/home/onishi/WRF/inc -I/home/onishi/NETCDF_DIR2//include  -real-size `expr 8 \* 4` -i4  module_kpp_racmpm_interface.f90
0.48user 0.09system 0:00.60elapsed 95%CPU (0avgtext+0avgdata 77888maxresident)k
264inputs+1488outputs (0major+15549minor)pagefaults 0swaps
rm -f module_kpp_racmsorg_Precision.o
sed -e "s/^\!.*'.*//" -e "s/^ *\!.*'.*//" module_kpp_racmsorg_Precision.F > module_kpp_racmsorg_Precision.G
/lib/cpp -P -nostdinc -I/home/onishi/WRF/external/ioapi_share -I/home/onishi/WRF/inc -DEM_CORE=1 -DNMM_CORE=0 -DNMM_MAX_DIM=2600 -DDA_CORE=0 -DWRFPLUS=0 -DIWORDSIZE=4 -DDWORDSIZE=8 -DRWORDSIZE=4 -DLWORDSIZE=4 -DNONSTANDARD_SYSTEM_FUNC  -DWRF_USE_CLM -DUSE_NETCDF4_FEATURES -DWRFIO_NCD_LARGE_FILE_SUPPORT  -DDM_PARALLEL -DNETCDF -DGRIB2 -DHDF5 -DLANDREAD_STUB=1 -DUSE_ALLOCATABLES -Dwrfmodel -DGRIB1 -DINTIO -DKEEP_INT_AROUND -DLIMIT_ARGS -DBUILD_RRTMG_FAST=0 -DBUILD_RRTMK=0 -DBUILD_SBM_FAST=1 -DSHOW_ALL_VARS_USED=0 -DCONFIG_BUF_LEN=65536 -DMAX_DOMAINS_F=21 -DMAX_HISTORY=25 -DNMM_NEST=0 -DWRF_CHEM -DBUILD_CHEM=1 -DWRF_KPP -I. -traditional-cpp -DUSE_NETCDF4_FEATURES -DWRFIO_NCD_LARGE_FILE_SUPPORT   module_kpp_racmsorg_Precision.G  > module_kpp_racmsorg_Precision.bb
/home/onishi/WRF/tools/standard.exe module_kpp_racmsorg_Precision.bb | /lib/cpp -P -nostdinc -I/home/onishi/WRF/external/ioapi_share -traditional-cpp -DUSE_NETCDF4_FEATURES -DWRFIO_NCD_LARGE_FILE_SUPPORT > module_kpp_racmsorg_Precision.f90
rm -f module_kpp_racmsorg_Precision.G module_kpp_racmsorg_Precision.bb
time mpif90 -f90=ifort -o module_kpp_racmsorg_Precision.o -c -O3 -ip -fp-model precise -w -ftz -align all -fno-alias -FR -convert big_endian    -I../dyn_em  -I/home/onishi/WRF/external/esmf_time_f90  -I/home/onishi/WRF/main -I/home/onishi/WRF/external/io_netcdf -I/home/onishi/WRF/external/io_int -I/home/onishi/WRF/frame -I/home/onishi/WRF/share -I/home/onishi/WRF/phys -I/home/onishi/WRF/wrftladj -I/home/onishi/WRF/chem -I/home/onishi/WRF/inc -I/home/onishi/NETCDF_DIR2//include  -real-size `expr 8 \* 4` -i4  module_kpp_racmsorg_Precision.f90
0.01user 0.05system 0:00.07elapsed 88%CPU (0avgtext+0avgdata 37704maxresident)k
8inputs+88outputs (0major+5958minor)pagefaults 0swaps
rm -f module_kpp_racmsorg_Parameters.o
sed -e "s/^\!.*'.*//" -e "s/^ *\!.*'.*//" module_kpp_racmsorg_Parameters.F > module_kpp_racmsorg_Parameters.G
/lib/cpp -P -nostdinc -I/home/onishi/WRF/external/ioapi_share -I/home/onishi/WRF/inc -DEM_CORE=1 -DNMM_CORE=0 -DNMM_MAX_DIM=2600 -DDA_CORE=0 -DWRFPLUS=0 -DIWORDSIZE=4 -DDWORDSIZE=8 -DRWORDSIZE=4 -DLWORDSIZE=4 -DNONSTANDARD_SYSTEM_FUNC  -DWRF_USE_CLM -DUSE_NETCDF4_FEATURES -DWRFIO_NCD_LARGE_FILE_SUPPORT  -DDM_PARALLEL -DNETCDF -DGRIB2 -DHDF5 -DLANDREAD_STUB=1 -DUSE_ALLOCATABLES -Dwrfmodel -DGRIB1 -DINTIO -DKEEP_INT_AROUND -DLIMIT_ARGS -DBUILD_RRTMG_FAST=0 -DBUILD_RRTMK=0 -DBUILD_SBM_FAST=1 -DSHOW_ALL_VARS_USED=0 -DCONFIG_BUF_LEN=65536 -DMAX_DOMAINS_F=21 -DMAX_HISTORY=25 -DNMM_NEST=0 -DWRF_CHEM -DBUILD_CHEM=1 -DWRF_KPP -I. -traditional-cpp -DUSE_NETCDF4_FEATURES -DWRFIO_NCD_LARGE_FILE_SUPPORT   module_kpp_racmsorg_Parameters.G  > module_kpp_racmsorg_Parameters.bb
/home/onishi/WRF/tools/standard.exe module_kpp_racmsorg_Parameters.bb | /lib/cpp -P -nostdinc -I/home/onishi/WRF/external/ioapi_share -traditional-cpp -DUSE_NETCDF4_FEATURES -DWRFIO_NCD_LARGE_FILE_SUPPORT > module_kpp_racmsorg_Parameters.f90
rm -f module_kpp_racmsorg_Parameters.G module_kpp_racmsorg_Parameters.bb
time mpif90 -f90=ifort -o module_kpp_racmsorg_Parameters.o -c -O3 -ip -fp-model precise -w -ftz -align all -fno-alias -FR -convert big_endian    -I../dyn_em  -I/home/onishi/WRF/external/esmf_time_f90  -I/home/onishi/WRF/main -I/home/onishi/WRF/external/io_netcdf -I/home/onishi/WRF/external/io_int -I/home/onishi/WRF/frame -I/home/onishi/WRF/share -I/home/onishi/WRF/phys -I/home/onishi/WRF/wrftladj -I/home/onishi/WRF/chem -I/home/onishi/WRF/inc -I/home/onishi/NETCDF_DIR2//include  -real-size `expr 8 \* 4` -i4  module_kpp_racmsorg_Parameters.f90
0.01user 0.05system 0:00.09elapsed 72%CPU (0avgtext+0avgdata 38108maxresident)k
16inputs+112outputs (0major+6004minor)pagefaults 0swaps
rm -f module_kpp_racmsorg_JacobianSP.o
sed -e "s/^\!.*'.*//" -e "s/^ *\!.*'.*//" module_kpp_racmsorg_JacobianSP.F > module_kpp_racmsorg_JacobianSP.G
/lib/cpp -P -nostdinc -I/home/onishi/WRF/external/ioapi_share -I/home/onishi/WRF/inc -DEM_CORE=1 -DNMM_CORE=0 -DNMM_MAX_DIM=2600 -DDA_CORE=0 -DWRFPLUS=0 -DIWORDSIZE=4 -DDWORDSIZE=8 -DRWORDSIZE=4 -DLWORDSIZE=4 -DNONSTANDARD_SYSTEM_FUNC  -DWRF_USE_CLM -DUSE_NETCDF4_FEATURES -DWRFIO_NCD_LARGE_FILE_SUPPORT  -DDM_PARALLEL -DNETCDF -DGRIB2 -DHDF5 -DLANDREAD_STUB=1 -DUSE_ALLOCATABLES -Dwrfmodel -DGRIB1 -DINTIO -DKEEP_INT_AROUND -DLIMIT_ARGS -DBUILD_RRTMG_FAST=0 -DBUILD_RRTMK=0 -DBUILD_SBM_FAST=1 -DSHOW_ALL_VARS_USED=0 -DCONFIG_BUF_LEN=65536 -DMAX_DOMAINS_F=21 -DMAX_HISTORY=25 -DNMM_NEST=0 -DWRF_CHEM -DBUILD_CHEM=1 -DWRF_KPP -I. -traditional-cpp -DUSE_NETCDF4_FEATURES -DWRFIO_NCD_LARGE_FILE_SUPPORT   module_kpp_racmsorg_JacobianSP.G  > module_kpp_racmsorg_JacobianSP.bb
/home/onishi/WRF/tools/standard.exe module_kpp_racmsorg_JacobianSP.bb | /lib/cpp -P -nostdinc -I/home/onishi/WRF/external/ioapi_share -traditional-cpp -DUSE_NETCDF4_FEATURES -DWRFIO_NCD_LARGE_FILE_SUPPORT > module_kpp_racmsorg_JacobianSP.f90
rm -f module_kpp_racmsorg_JacobianSP.G module_kpp_racmsorg_JacobianSP.bb
time mpif90 -f90=ifort -o module_kpp_racmsorg_JacobianSP.o -c -O3 -ip -fp-model precise -w -ftz -align all -fno-alias -FR -convert big_endian    -I../dyn_em  -I/home/onishi/WRF/external/esmf_time_f90  -I/home/onishi/WRF/main -I/home/onishi/WRF/external/io_netcdf -I/home/onishi/WRF/external/io_int -I/home/onishi/WRF/frame -I/home/onishi/WRF/share -I/home/onishi/WRF/phys -I/home/onishi/WRF/wrftladj -I/home/onishi/WRF/chem -I/home/onishi/WRF/inc -I/home/onishi/NETCDF_DIR2//include  -real-size `expr 8 \* 4` -i4  module_kpp_racmsorg_JacobianSP.f90
0.02user 0.05system 0:00.09elapsed 88%CPU (0avgtext+0avgdata 39860maxresident)k
24inputs+616outputs (0major+6499minor)pagefaults 0swaps
rm -f module_kpp_racmsorg_Jacobian.o
sed -e "s/^\!.*'.*//" -e "s/^ *\!.*'.*//" module_kpp_racmsorg_Jacobian.F > module_kpp_racmsorg_Jacobian.G
/lib/cpp -P -nostdinc -I/home/onishi/WRF/external/ioapi_share -I/home/onishi/WRF/inc -DEM_CORE=1 -DNMM_CORE=0 -DNMM_MAX_DIM=2600 -DDA_CORE=0 -DWRFPLUS=0 -DIWORDSIZE=4 -DDWORDSIZE=8 -DRWORDSIZE=4 -DLWORDSIZE=4 -DNONSTANDARD_SYSTEM_FUNC  -DWRF_USE_CLM -DUSE_NETCDF4_FEATURES -DWRFIO_NCD_LARGE_FILE_SUPPORT  -DDM_PARALLEL -DNETCDF -DGRIB2 -DHDF5 -DLANDREAD_STUB=1 -DUSE_ALLOCATABLES -Dwrfmodel -DGRIB1 -DINTIO -DKEEP_INT_AROUND -DLIMIT_ARGS -DBUILD_RRTMG_FAST=0 -DBUILD_RRTMK=0 -DBUILD_SBM_FAST=1 -DSHOW_ALL_VARS_USED=0 -DCONFIG_BUF_LEN=65536 -DMAX_DOMAINS_F=21 -DMAX_HISTORY=25 -DNMM_NEST=0 -DWRF_CHEM -DBUILD_CHEM=1 -DWRF_KPP -I. -traditional-cpp -DUSE_NETCDF4_FEATURES -DWRFIO_NCD_LARGE_FILE_SUPPORT   module_kpp_racmsorg_Jacobian.G  > module_kpp_racmsorg_Jacobian.bb
/home/onishi/WRF/tools/standard.exe module_kpp_racmsorg_Jacobian.bb | /lib/cpp -P -nostdinc -I/home/onishi/WRF/external/ioapi_share -traditional-cpp -DUSE_NETCDF4_FEATURES -DWRFIO_NCD_LARGE_FILE_SUPPORT > module_kpp_racmsorg_Jacobian.f90
rm -f module_kpp_racmsorg_Jacobian.G module_kpp_racmsorg_Jacobian.bb
time mpif90 -f90=ifort -o module_kpp_racmsorg_Jacobian.o -c -O3 -ip -fp-model precise -w -ftz -align all -fno-alias -FR -convert big_endian    -I../dyn_em  -I/home/onishi/WRF/external/esmf_time_f90  -I/home/onishi/WRF/main -I/home/onishi/WRF/external/io_netcdf -I/home/onishi/WRF/external/io_int -I/home/onishi/WRF/frame -I/home/onishi/WRF/share -I/home/onishi/WRF/phys -I/home/onishi/WRF/wrftladj -I/home/onishi/WRF/chem -I/home/onishi/WRF/inc -I/home/onishi/NETCDF_DIR2//include  -real-size `expr 8 \* 4` -i4  module_kpp_racmsorg_Jacobian.f90
0.58user 0.05system 0:00.64elapsed 98%CPU (0avgtext+0avgdata 66968maxresident)k
608inputs+1232outputs (0major+14240minor)pagefaults 0swaps
rm -f module_kpp_racmsorg_Update_Rconst.o
sed -e "s/^\!.*'.*//" -e "s/^ *\!.*'.*//" module_kpp_racmsorg_Update_Rconst.F > module_kpp_racmsorg_Update_Rconst.G
/lib/cpp -P -nostdinc -I/home/onishi/WRF/external/ioapi_share -I/home/onishi/WRF/inc -DEM_CORE=1 -DNMM_CORE=0 -DNMM_MAX_DIM=2600 -DDA_CORE=0 -DWRFPLUS=0 -DIWORDSIZE=4 -DDWORDSIZE=8 -DRWORDSIZE=4 -DLWORDSIZE=4 -DNONSTANDARD_SYSTEM_FUNC  -DWRF_USE_CLM -DUSE_NETCDF4_FEATURES -DWRFIO_NCD_LARGE_FILE_SUPPORT  -DDM_PARALLEL -DNETCDF -DGRIB2 -DHDF5 -DLANDREAD_STUB=1 -DUSE_ALLOCATABLES -Dwrfmodel -DGRIB1 -DINTIO -DKEEP_INT_AROUND -DLIMIT_ARGS -DBUILD_RRTMG_FAST=0 -DBUILD_RRTMK=0 -DBUILD_SBM_FAST=1 -DSHOW_ALL_VARS_USED=0 -DCONFIG_BUF_LEN=65536 -DMAX_DOMAINS_F=21 -DMAX_HISTORY=25 -DNMM_NEST=0 -DWRF_CHEM -DBUILD_CHEM=1 -DWRF_KPP -I. -traditional-cpp -DUSE_NETCDF4_FEATURES -DWRFIO_NCD_LARGE_FILE_SUPPORT   module_kpp_racmsorg_Update_Rconst.G  > module_kpp_racmsorg_Update_Rconst.bb
/home/onishi/WRF/tools/standard.exe module_kpp_racmsorg_Update_Rconst.bb | /lib/cpp -P -nostdinc -I/home/onishi/WRF/external/ioapi_share -traditional-cpp -DUSE_NETCDF4_FEATURES -DWRFIO_NCD_LARGE_FILE_SUPPORT > module_kpp_racmsorg_Update_Rconst.f90
rm -f module_kpp_racmsorg_Update_Rconst.G module_kpp_racmsorg_Update_Rconst.bb
time mpif90 -f90=ifort -o module_kpp_racmsorg_Update_Rconst.o -c -O3 -ip -fp-model precise -w -ftz -align all -fno-alias -FR -convert big_endian    -I../dyn_em  -I/home/onishi/WRF/external/esmf_time_f90  -I/home/onishi/WRF/main -I/home/onishi/WRF/external/io_netcdf -I/home/onishi/WRF/external/io_int -I/home/onishi/WRF/frame -I/home/onishi/WRF/share -I/home/onishi/WRF/phys -I/home/onishi/WRF/wrftladj -I/home/onishi/WRF/chem -I/home/onishi/WRF/inc -I/home/onishi/NETCDF_DIR2//include  -real-size `expr 8 \* 4` -i4  module_kpp_racmsorg_Update_Rconst.f90
0.11user 0.07system 0:00.20elapsed 95%CPU (0avgtext+0avgdata 56044maxresident)k
32inputs+424outputs (0major+10621minor)pagefaults 0swaps
rm -f module_kpp_racmsorg_Integr.o
sed -e "s/^\!.*'.*//" -e "s/^ *\!.*'.*//" module_kpp_racmsorg_Integr.F > module_kpp_racmsorg_Integr.G
/lib/cpp -P -nostdinc -I/home/onishi/WRF/external/ioapi_share -I/home/onishi/WRF/inc -DEM_CORE=1 -DNMM_CORE=0 -DNMM_MAX_DIM=2600 -DDA_CORE=0 -DWRFPLUS=0 -DIWORDSIZE=4 -DDWORDSIZE=8 -DRWORDSIZE=4 -DLWORDSIZE=4 -DNONSTANDARD_SYSTEM_FUNC  -DWRF_USE_CLM -DUSE_NETCDF4_FEATURES -DWRFIO_NCD_LARGE_FILE_SUPPORT  -DDM_PARALLEL -DNETCDF -DGRIB2 -DHDF5 -DLANDREAD_STUB=1 -DUSE_ALLOCATABLES -Dwrfmodel -DGRIB1 -DINTIO -DKEEP_INT_AROUND -DLIMIT_ARGS -DBUILD_RRTMG_FAST=0 -DBUILD_RRTMK=0 -DBUILD_SBM_FAST=1 -DSHOW_ALL_VARS_USED=0 -DCONFIG_BUF_LEN=65536 -DMAX_DOMAINS_F=21 -DMAX_HISTORY=25 -DNMM_NEST=0 -DWRF_CHEM -DBUILD_CHEM=1 -DWRF_KPP -I. -traditional-cpp -DUSE_NETCDF4_FEATURES -DWRFIO_NCD_LARGE_FILE_SUPPORT   module_kpp_racmsorg_Integr.G  > module_kpp_racmsorg_Integr.bb
/home/onishi/WRF/tools/standard.exe module_kpp_racmsorg_Integr.bb | /lib/cpp -P -nostdinc -I/home/onishi/WRF/external/ioapi_share -traditional-cpp -DUSE_NETCDF4_FEATURES -DWRFIO_NCD_LARGE_FILE_SUPPORT > module_kpp_racmsorg_Integr.f90
rm -f module_kpp_racmsorg_Integr.G module_kpp_racmsorg_Integr.bb
time mpif90 -f90=ifort -o module_kpp_racmsorg_Integr.o -c -O3 -ip -fp-model precise -w -ftz -align all -fno-alias -FR -convert big_endian    -I../dyn_em  -I/home/onishi/WRF/external/esmf_time_f90  -I/home/onishi/WRF/main -I/home/onishi/WRF/external/io_netcdf -I/home/onishi/WRF/external/io_int -I/home/onishi/WRF/frame -I/home/onishi/WRF/share -I/home/onishi/WRF/phys -I/home/onishi/WRF/wrftladj -I/home/onishi/WRF/chem -I/home/onishi/WRF/inc -I/home/onishi/NETCDF_DIR2//include  -real-size `expr 8 \* 4` -i4  module_kpp_racmsorg_Integr.f90
12.15user 0.24system 0:12.41elapsed 99%CPU (0avgtext+0avgdata 309808maxresident)k
656inputs+8400outputs (0major+84504minor)pagefaults 0swaps
rm -f module_kpp_racmsorg_interface.o
sed -e "s/^\!.*'.*//" -e "s/^ *\!.*'.*//" module_kpp_racmsorg_interface.F > module_kpp_racmsorg_interface.G
/lib/cpp -P -nostdinc -I/home/onishi/WRF/external/ioapi_share -I/home/onishi/WRF/inc -DEM_CORE=1 -DNMM_CORE=0 -DNMM_MAX_DIM=2600 -DDA_CORE=0 -DWRFPLUS=0 -DIWORDSIZE=4 -DDWORDSIZE=8 -DRWORDSIZE=4 -DLWORDSIZE=4 -DNONSTANDARD_SYSTEM_FUNC  -DWRF_USE_CLM -DUSE_NETCDF4_FEATURES -DWRFIO_NCD_LARGE_FILE_SUPPORT  -DDM_PARALLEL -DNETCDF -DGRIB2 -DHDF5 -DLANDREAD_STUB=1 -DUSE_ALLOCATABLES -Dwrfmodel -DGRIB1 -DINTIO -DKEEP_INT_AROUND -DLIMIT_ARGS -DBUILD_RRTMG_FAST=0 -DBUILD_RRTMK=0 -DBUILD_SBM_FAST=1 -DSHOW_ALL_VARS_USED=0 -DCONFIG_BUF_LEN=65536 -DMAX_DOMAINS_F=21 -DMAX_HISTORY=25 -DNMM_NEST=0 -DWRF_CHEM -DBUILD_CHEM=1 -DWRF_KPP -I. -traditional-cpp -DUSE_NETCDF4_FEATURES -DWRFIO_NCD_LARGE_FILE_SUPPORT   module_kpp_racmsorg_interface.G  > module_kpp_racmsorg_interface.bb
/home/onishi/WRF/tools/standard.exe module_kpp_racmsorg_interface.bb | /lib/cpp -P -nostdinc -I/home/onishi/WRF/external/ioapi_share -traditional-cpp -DUSE_NETCDF4_FEATURES -DWRFIO_NCD_LARGE_FILE_SUPPORT > module_kpp_racmsorg_interface.f90
rm -f module_kpp_racmsorg_interface.G module_kpp_racmsorg_interface.bb
time mpif90 -f90=ifort -o module_kpp_racmsorg_interface.o -c -O3 -ip -fp-model precise -w -ftz -align all -fno-alias -FR -convert big_endian    -I../dyn_em  -I/home/onishi/WRF/external/esmf_time_f90  -I/home/onishi/WRF/main -I/home/onishi/WRF/external/io_netcdf -I/home/onishi/WRF/external/io_int -I/home/onishi/WRF/frame -I/home/onishi/WRF/share -I/home/onishi/WRF/phys -I/home/onishi/WRF/wrftladj -I/home/onishi/WRF/chem -I/home/onishi/WRF/inc -I/home/onishi/NETCDF_DIR2//include  -real-size `expr 8 \* 4` -i4  module_kpp_racmsorg_interface.f90
0.64user 0.11system 0:00.79elapsed 94%CPU (0avgtext+0avgdata 85832maxresident)k
272inputs+1528outputs (0major+17572minor)pagefaults 0swaps
rm -f module_kpp_racmsorg_aqchem_Precision.o
sed -e "s/^\!.*'.*//" -e "s/^ *\!.*'.*//" module_kpp_racmsorg_aqchem_Precision.F > module_kpp_racmsorg_aqchem_Precision.G
/lib/cpp -P -nostdinc -I/home/onishi/WRF/external/ioapi_share -I/home/onishi/WRF/inc -DEM_CORE=1 -DNMM_CORE=0 -DNMM_MAX_DIM=2600 -DDA_CORE=0 -DWRFPLUS=0 -DIWORDSIZE=4 -DDWORDSIZE=8 -DRWORDSIZE=4 -DLWORDSIZE=4 -DNONSTANDARD_SYSTEM_FUNC  -DWRF_USE_CLM -DUSE_NETCDF4_FEATURES -DWRFIO_NCD_LARGE_FILE_SUPPORT  -DDM_PARALLEL -DNETCDF -DGRIB2 -DHDF5 -DLANDREAD_STUB=1 -DUSE_ALLOCATABLES -Dwrfmodel -DGRIB1 -DINTIO -DKEEP_INT_AROUND -DLIMIT_ARGS -DBUILD_RRTMG_FAST=0 -DBUILD_RRTMK=0 -DBUILD_SBM_FAST=1 -DSHOW_ALL_VARS_USED=0 -DCONFIG_BUF_LEN=65536 -DMAX_DOMAINS_F=21 -DMAX_HISTORY=25 -DNMM_NEST=0 -DWRF_CHEM -DBUILD_CHEM=1 -DWRF_KPP -I. -traditional-cpp -DUSE_NETCDF4_FEATURES -DWRFIO_NCD_LARGE_FILE_SUPPORT   module_kpp_racmsorg_aqchem_Precision.G  > module_kpp_racmsorg_aqchem_Precision.bb
/home/onishi/WRF/tools/standard.exe module_kpp_racmsorg_aqchem_Precision.bb | /lib/cpp -P -nostdinc -I/home/onishi/WRF/external/ioapi_share -traditional-cpp -DUSE_NETCDF4_FEATURES -DWRFIO_NCD_LARGE_FILE_SUPPORT > module_kpp_racmsorg_aqchem_Precision.f90
rm -f module_kpp_racmsorg_aqchem_Precision.G module_kpp_racmsorg_aqchem_Precision.bb
time mpif90 -f90=ifort -o module_kpp_racmsorg_aqchem_Precision.o -c -O3 -ip -fp-model precise -w -ftz -align all -fno-alias -FR -convert big_endian    -I../dyn_em  -I/home/onishi/WRF/external/esmf_time_f90  -I/home/onishi/WRF/main -I/home/onishi/WRF/external/io_netcdf -I/home/onishi/WRF/external/io_int -I/home/onishi/WRF/frame -I/home/onishi/WRF/share -I/home/onishi/WRF/phys -I/home/onishi/WRF/wrftladj -I/home/onishi/WRF/chem -I/home/onishi/WRF/inc -I/home/onishi/NETCDF_DIR2//include  -real-size `expr 8 \* 4` -i4  module_kpp_racmsorg_aqchem_Precision.f90
0.01user 0.05system 0:00.10elapsed 69%CPU (0avgtext+0avgdata 37844maxresident)k
8inputs+88outputs (0major+5952minor)pagefaults 0swaps
rm -f module_kpp_racmsorg_aqchem_Parameters.o
sed -e "s/^\!.*'.*//" -e "s/^ *\!.*'.*//" module_kpp_racmsorg_aqchem_Parameters.F > module_kpp_racmsorg_aqchem_Parameters.G
/lib/cpp -P -nostdinc -I/home/onishi/WRF/external/ioapi_share -I/home/onishi/WRF/inc -DEM_CORE=1 -DNMM_CORE=0 -DNMM_MAX_DIM=2600 -DDA_CORE=0 -DWRFPLUS=0 -DIWORDSIZE=4 -DDWORDSIZE=8 -DRWORDSIZE=4 -DLWORDSIZE=4 -DNONSTANDARD_SYSTEM_FUNC  -DWRF_USE_CLM -DUSE_NETCDF4_FEATURES -DWRFIO_NCD_LARGE_FILE_SUPPORT  -DDM_PARALLEL -DNETCDF -DGRIB2 -DHDF5 -DLANDREAD_STUB=1 -DUSE_ALLOCATABLES -Dwrfmodel -DGRIB1 -DINTIO -DKEEP_INT_AROUND -DLIMIT_ARGS -DBUILD_RRTMG_FAST=0 -DBUILD_RRTMK=0 -DBUILD_SBM_FAST=1 -DSHOW_ALL_VARS_USED=0 -DCONFIG_BUF_LEN=65536 -DMAX_DOMAINS_F=21 -DMAX_HISTORY=25 -DNMM_NEST=0 -DWRF_CHEM -DBUILD_CHEM=1 -DWRF_KPP -I. -traditional-cpp -DUSE_NETCDF4_FEATURES -DWRFIO_NCD_LARGE_FILE_SUPPORT   module_kpp_racmsorg_aqchem_Parameters.G  > module_kpp_racmsorg_aqchem_Parameters.bb
/home/onishi/WRF/tools/standard.exe module_kpp_racmsorg_aqchem_Parameters.bb | /lib/cpp -P -nostdinc -I/home/onishi/WRF/external/ioapi_share -traditional-cpp -DUSE_NETCDF4_FEATURES -DWRFIO_NCD_LARGE_FILE_SUPPORT > module_kpp_racmsorg_aqchem_Parameters.f90
rm -f module_kpp_racmsorg_aqchem_Parameters.G module_kpp_racmsorg_aqchem_Parameters.bb
time mpif90 -f90=ifort -o module_kpp_racmsorg_aqchem_Parameters.o -c -O3 -ip -fp-model precise -w -ftz -align all -fno-alias -FR -convert big_endian    -I../dyn_em  -I/home/onishi/WRF/external/esmf_time_f90  -I/home/onishi/WRF/main -I/home/onishi/WRF/external/io_netcdf -I/home/onishi/WRF/external/io_int -I/home/onishi/WRF/frame -I/home/onishi/WRF/share -I/home/onishi/WRF/phys -I/home/onishi/WRF/wrftladj -I/home/onishi/WRF/chem -I/home/onishi/WRF/inc -I/home/onishi/NETCDF_DIR2//include  -real-size `expr 8 \* 4` -i4  module_kpp_racmsorg_aqchem_Parameters.f90
0.01user 0.05system 0:00.11elapsed 61%CPU (0avgtext+0avgdata 38116maxresident)k
16inputs+112outputs (0major+6000minor)pagefaults 0swaps
rm -f module_kpp_racmsorg_aqchem_JacobianSP.o
sed -e "s/^\!.*'.*//" -e "s/^ *\!.*'.*//" module_kpp_racmsorg_aqchem_JacobianSP.F > module_kpp_racmsorg_aqchem_JacobianSP.G
/lib/cpp -P -nostdinc -I/home/onishi/WRF/external/ioapi_share -I/home/onishi/WRF/inc -DEM_CORE=1 -DNMM_CORE=0 -DNMM_MAX_DIM=2600 -DDA_CORE=0 -DWRFPLUS=0 -DIWORDSIZE=4 -DDWORDSIZE=8 -DRWORDSIZE=4 -DLWORDSIZE=4 -DNONSTANDARD_SYSTEM_FUNC  -DWRF_USE_CLM -DUSE_NETCDF4_FEATURES -DWRFIO_NCD_LARGE_FILE_SUPPORT  -DDM_PARALLEL -DNETCDF -DGRIB2 -DHDF5 -DLANDREAD_STUB=1 -DUSE_ALLOCATABLES -Dwrfmodel -DGRIB1 -DINTIO -DKEEP_INT_AROUND -DLIMIT_ARGS -DBUILD_RRTMG_FAST=0 -DBUILD_RRTMK=0 -DBUILD_SBM_FAST=1 -DSHOW_ALL_VARS_USED=0 -DCONFIG_BUF_LEN=65536 -DMAX_DOMAINS_F=21 -DMAX_HISTORY=25 -DNMM_NEST=0 -DWRF_CHEM -DBUILD_CHEM=1 -DWRF_KPP -I. -traditional-cpp -DUSE_NETCDF4_FEATURES -DWRFIO_NCD_LARGE_FILE_SUPPORT   module_kpp_racmsorg_aqchem_JacobianSP.G  > module_kpp_racmsorg_aqchem_JacobianSP.bb
/home/onishi/WRF/tools/standard.exe module_kpp_racmsorg_aqchem_JacobianSP.bb | /lib/cpp -P -nostdinc -I/home/onishi/WRF/external/ioapi_share -traditional-cpp -DUSE_NETCDF4_FEATURES -DWRFIO_NCD_LARGE_FILE_SUPPORT > module_kpp_racmsorg_aqchem_JacobianSP.f90
rm -f module_kpp_racmsorg_aqchem_JacobianSP.G module_kpp_racmsorg_aqchem_JacobianSP.bb
time mpif90 -f90=ifort -o module_kpp_racmsorg_aqchem_JacobianSP.o -c -O3 -ip -fp-model precise -w -ftz -align all -fno-alias -FR -convert big_endian    -I../dyn_em  -I/home/onishi/WRF/external/esmf_time_f90  -I/home/onishi/WRF/main -I/home/onishi/WRF/external/io_netcdf -I/home/onishi/WRF/external/io_int -I/home/onishi/WRF/frame -I/home/onishi/WRF/share -I/home/onishi/WRF/phys -I/home/onishi/WRF/wrftladj -I/home/onishi/WRF/chem -I/home/onishi/WRF/inc -I/home/onishi/NETCDF_DIR2//include  -real-size `expr 8 \* 4` -i4  module_kpp_racmsorg_aqchem_JacobianSP.f90
0.01user 0.06system 0:00.11elapsed 74%CPU (0avgtext+0avgdata 39876maxresident)k
24inputs+616outputs (0major+6492minor)pagefaults 0swaps
rm -f module_kpp_racmsorg_aqchem_Jacobian.o
sed -e "s/^\!.*'.*//" -e "s/^ *\!.*'.*//" module_kpp_racmsorg_aqchem_Jacobian.F > module_kpp_racmsorg_aqchem_Jacobian.G
/lib/cpp -P -nostdinc -I/home/onishi/WRF/external/ioapi_share -I/home/onishi/WRF/inc -DEM_CORE=1 -DNMM_CORE=0 -DNMM_MAX_DIM=2600 -DDA_CORE=0 -DWRFPLUS=0 -DIWORDSIZE=4 -DDWORDSIZE=8 -DRWORDSIZE=4 -DLWORDSIZE=4 -DNONSTANDARD_SYSTEM_FUNC  -DWRF_USE_CLM -DUSE_NETCDF4_FEATURES -DWRFIO_NCD_LARGE_FILE_SUPPORT  -DDM_PARALLEL -DNETCDF -DGRIB2 -DHDF5 -DLANDREAD_STUB=1 -DUSE_ALLOCATABLES -Dwrfmodel -DGRIB1 -DINTIO -DKEEP_INT_AROUND -DLIMIT_ARGS -DBUILD_RRTMG_FAST=0 -DBUILD_RRTMK=0 -DBUILD_SBM_FAST=1 -DSHOW_ALL_VARS_USED=0 -DCONFIG_BUF_LEN=65536 -DMAX_DOMAINS_F=21 -DMAX_HISTORY=25 -DNMM_NEST=0 -DWRF_CHEM -DBUILD_CHEM=1 -DWRF_KPP -I. -traditional-cpp -DUSE_NETCDF4_FEATURES -DWRFIO_NCD_LARGE_FILE_SUPPORT   module_kpp_racmsorg_aqchem_Jacobian.G  > module_kpp_racmsorg_aqchem_Jacobian.bb
/home/onishi/WRF/tools/standard.exe module_kpp_racmsorg_aqchem_Jacobian.bb | /lib/cpp -P -nostdinc -I/home/onishi/WRF/external/ioapi_share -traditional-cpp -DUSE_NETCDF4_FEATURES -DWRFIO_NCD_LARGE_FILE_SUPPORT > module_kpp_racmsorg_aqchem_Jacobian.f90
rm -f module_kpp_racmsorg_aqchem_Jacobian.G module_kpp_racmsorg_aqchem_Jacobian.bb
time mpif90 -f90=ifort -o module_kpp_racmsorg_aqchem_Jacobian.o -c -O3 -ip -fp-model precise -w -ftz -align all -fno-alias -FR -convert big_endian    -I../dyn_em  -I/home/onishi/WRF/external/esmf_time_f90  -I/home/onishi/WRF/main -I/home/onishi/WRF/external/io_netcdf -I/home/onishi/WRF/external/io_int -I/home/onishi/WRF/frame -I/home/onishi/WRF/share -I/home/onishi/WRF/phys -I/home/onishi/WRF/wrftladj -I/home/onishi/WRF/chem -I/home/onishi/WRF/inc -I/home/onishi/NETCDF_DIR2//include  -real-size `expr 8 \* 4` -i4  module_kpp_racmsorg_aqchem_Jacobian.f90
0.59user 0.06system 0:00.66elapsed 98%CPU (0avgtext+0avgdata 66976maxresident)k
608inputs+1232outputs (0major+14252minor)pagefaults 0swaps
rm -f module_kpp_racmsorg_aqchem_Update_Rconst.o
sed -e "s/^\!.*'.*//" -e "s/^ *\!.*'.*//" module_kpp_racmsorg_aqchem_Update_Rconst.F > module_kpp_racmsorg_aqchem_Update_Rconst.G
/lib/cpp -P -nostdinc -I/home/onishi/WRF/external/ioapi_share -I/home/onishi/WRF/inc -DEM_CORE=1 -DNMM_CORE=0 -DNMM_MAX_DIM=2600 -DDA_CORE=0 -DWRFPLUS=0 -DIWORDSIZE=4 -DDWORDSIZE=8 -DRWORDSIZE=4 -DLWORDSIZE=4 -DNONSTANDARD_SYSTEM_FUNC  -DWRF_USE_CLM -DUSE_NETCDF4_FEATURES -DWRFIO_NCD_LARGE_FILE_SUPPORT  -DDM_PARALLEL -DNETCDF -DGRIB2 -DHDF5 -DLANDREAD_STUB=1 -DUSE_ALLOCATABLES -Dwrfmodel -DGRIB1 -DINTIO -DKEEP_INT_AROUND -DLIMIT_ARGS -DBUILD_RRTMG_FAST=0 -DBUILD_RRTMK=0 -DBUILD_SBM_FAST=1 -DSHOW_ALL_VARS_USED=0 -DCONFIG_BUF_LEN=65536 -DMAX_DOMAINS_F=21 -DMAX_HISTORY=25 -DNMM_NEST=0 -DWRF_CHEM -DBUILD_CHEM=1 -DWRF_KPP -I. -traditional-cpp -DUSE_NETCDF4_FEATURES -DWRFIO_NCD_LARGE_FILE_SUPPORT   module_kpp_racmsorg_aqchem_Update_Rconst.G  > module_kpp_racmsorg_aqchem_Update_Rconst.bb
/home/onishi/WRF/tools/standard.exe module_kpp_racmsorg_aqchem_Update_Rconst.bb | /lib/cpp -P -nostdinc -I/home/onishi/WRF/external/ioapi_share -traditional-cpp -DUSE_NETCDF4_FEATURES -DWRFIO_NCD_LARGE_FILE_SUPPORT > module_kpp_racmsorg_aqchem_Update_Rconst.f90
rm -f module_kpp_racmsorg_aqchem_Update_Rconst.G module_kpp_racmsorg_aqchem_Update_Rconst.bb
time mpif90 -f90=ifort -o module_kpp_racmsorg_aqchem_Update_Rconst.o -c -O3 -ip -fp-model precise -w -ftz -align all -fno-alias -FR -convert big_endian    -I../dyn_em  -I/home/onishi/WRF/external/esmf_time_f90  -I/home/onishi/WRF/main -I/home/onishi/WRF/external/io_netcdf -I/home/onishi/WRF/external/io_int -I/home/onishi/WRF/frame -I/home/onishi/WRF/share -I/home/onishi/WRF/phys -I/home/onishi/WRF/wrftladj -I/home/onishi/WRF/chem -I/home/onishi/WRF/inc -I/home/onishi/NETCDF_DIR2//include  -real-size `expr 8 \* 4` -i4  module_kpp_racmsorg_aqchem_Update_Rconst.f90
0.11user 0.08system 0:00.20elapsed 95%CPU (0avgtext+0avgdata 55996maxresident)k
32inputs+424outputs (0major+10677minor)pagefaults 0swaps
rm -f module_kpp_racmsorg_aqchem_Integr.o
sed -e "s/^\!.*'.*//" -e "s/^ *\!.*'.*//" module_kpp_racmsorg_aqchem_Integr.F > module_kpp_racmsorg_aqchem_Integr.G
/lib/cpp -P -nostdinc -I/home/onishi/WRF/external/ioapi_share -I/home/onishi/WRF/inc -DEM_CORE=1 -DNMM_CORE=0 -DNMM_MAX_DIM=2600 -DDA_CORE=0 -DWRFPLUS=0 -DIWORDSIZE=4 -DDWORDSIZE=8 -DRWORDSIZE=4 -DLWORDSIZE=4 -DNONSTANDARD_SYSTEM_FUNC  -DWRF_USE_CLM -DUSE_NETCDF4_FEATURES -DWRFIO_NCD_LARGE_FILE_SUPPORT  -DDM_PARALLEL -DNETCDF -DGRIB2 -DHDF5 -DLANDREAD_STUB=1 -DUSE_ALLOCATABLES -Dwrfmodel -DGRIB1 -DINTIO -DKEEP_INT_AROUND -DLIMIT_ARGS -DBUILD_RRTMG_FAST=0 -DBUILD_RRTMK=0 -DBUILD_SBM_FAST=1 -DSHOW_ALL_VARS_USED=0 -DCONFIG_BUF_LEN=65536 -DMAX_DOMAINS_F=21 -DMAX_HISTORY=25 -DNMM_NEST=0 -DWRF_CHEM -DBUILD_CHEM=1 -DWRF_KPP -I. -traditional-cpp -DUSE_NETCDF4_FEATURES -DWRFIO_NCD_LARGE_FILE_SUPPORT   module_kpp_racmsorg_aqchem_Integr.G  > module_kpp_racmsorg_aqchem_Integr.bb
/home/onishi/WRF/tools/standard.exe module_kpp_racmsorg_aqchem_Integr.bb | /lib/cpp -P -nostdinc -I/home/onishi/WRF/external/ioapi_share -traditional-cpp -DUSE_NETCDF4_FEATURES -DWRFIO_NCD_LARGE_FILE_SUPPORT > module_kpp_racmsorg_aqchem_Integr.f90
rm -f module_kpp_racmsorg_aqchem_Integr.G module_kpp_racmsorg_aqchem_Integr.bb
time mpif90 -f90=ifort -o module_kpp_racmsorg_aqchem_Integr.o -c -O3 -ip -fp-model precise -w -ftz -align all -fno-alias -FR -convert big_endian    -I../dyn_em  -I/home/onishi/WRF/external/esmf_time_f90  -I/home/onishi/WRF/main -I/home/onishi/WRF/external/io_netcdf -I/home/onishi/WRF/external/io_int -I/home/onishi/WRF/frame -I/home/onishi/WRF/share -I/home/onishi/WRF/phys -I/home/onishi/WRF/wrftladj -I/home/onishi/WRF/chem -I/home/onishi/WRF/inc -I/home/onishi/NETCDF_DIR2//include  -real-size `expr 8 \* 4` -i4  module_kpp_racmsorg_aqchem_Integr.f90
12.68user 0.28system 0:12.99elapsed 99%CPU (0avgtext+0avgdata 309700maxresident)k
664inputs+8416outputs (0major+84898minor)pagefaults 0swaps
rm -f module_kpp_racmsorg_aqchem_interface.o
sed -e "s/^\!.*'.*//" -e "s/^ *\!.*'.*//" module_kpp_racmsorg_aqchem_interface.F > module_kpp_racmsorg_aqchem_interface.G
/lib/cpp -P -nostdinc -I/home/onishi/WRF/external/ioapi_share -I/home/onishi/WRF/inc -DEM_CORE=1 -DNMM_CORE=0 -DNMM_MAX_DIM=2600 -DDA_CORE=0 -DWRFPLUS=0 -DIWORDSIZE=4 -DDWORDSIZE=8 -DRWORDSIZE=4 -DLWORDSIZE=4 -DNONSTANDARD_SYSTEM_FUNC  -DWRF_USE_CLM -DUSE_NETCDF4_FEATURES -DWRFIO_NCD_LARGE_FILE_SUPPORT  -DDM_PARALLEL -DNETCDF -DGRIB2 -DHDF5 -DLANDREAD_STUB=1 -DUSE_ALLOCATABLES -Dwrfmodel -DGRIB1 -DINTIO -DKEEP_INT_AROUND -DLIMIT_ARGS -DBUILD_RRTMG_FAST=0 -DBUILD_RRTMK=0 -DBUILD_SBM_FAST=1 -DSHOW_ALL_VARS_USED=0 -DCONFIG_BUF_LEN=65536 -DMAX_DOMAINS_F=21 -DMAX_HISTORY=25 -DNMM_NEST=0 -DWRF_CHEM -DBUILD_CHEM=1 -DWRF_KPP -I. -traditional-cpp -DUSE_NETCDF4_FEATURES -DWRFIO_NCD_LARGE_FILE_SUPPORT   module_kpp_racmsorg_aqchem_interface.G  > module_kpp_racmsorg_aqchem_interface.bb
/home/onishi/WRF/tools/standard.exe module_kpp_racmsorg_aqchem_interface.bb | /lib/cpp -P -nostdinc -I/home/onishi/WRF/external/ioapi_share -traditional-cpp -DUSE_NETCDF4_FEATURES -DWRFIO_NCD_LARGE_FILE_SUPPORT > module_kpp_racmsorg_aqchem_interface.f90
rm -f module_kpp_racmsorg_aqchem_interface.G module_kpp_racmsorg_aqchem_interface.bb
time mpif90 -f90=ifort -o module_kpp_racmsorg_aqchem_interface.o -c -O3 -ip -fp-model precise -w -ftz -align all -fno-alias -FR -convert big_endian    -I../dyn_em  -I/home/onishi/WRF/external/esmf_time_f90  -I/home/onishi/WRF/main -I/home/onishi/WRF/external/io_netcdf -I/home/onishi/WRF/external/io_int -I/home/onishi/WRF/frame -I/home/onishi/WRF/share -I/home/onishi/WRF/phys -I/home/onishi/WRF/wrftladj -I/home/onishi/WRF/chem -I/home/onishi/WRF/inc -I/home/onishi/NETCDF_DIR2//include  -real-size `expr 8 \* 4` -i4  module_kpp_racmsorg_aqchem_interface.f90
0.52user 0.10system 0:00.65elapsed 95%CPU (0avgtext+0avgdata 78844maxresident)k
264inputs+1504outputs (0major+15782minor)pagefaults 0swaps
rm -f module_kpp_radm2_Precision.o
sed -e "s/^\!.*'.*//" -e "s/^ *\!.*'.*//" module_kpp_radm2_Precision.F > module_kpp_radm2_Precision.G
/lib/cpp -P -nostdinc -I/home/onishi/WRF/external/ioapi_share -I/home/onishi/WRF/inc -DEM_CORE=1 -DNMM_CORE=0 -DNMM_MAX_DIM=2600 -DDA_CORE=0 -DWRFPLUS=0 -DIWORDSIZE=4 -DDWORDSIZE=8 -DRWORDSIZE=4 -DLWORDSIZE=4 -DNONSTANDARD_SYSTEM_FUNC  -DWRF_USE_CLM -DUSE_NETCDF4_FEATURES -DWRFIO_NCD_LARGE_FILE_SUPPORT  -DDM_PARALLEL -DNETCDF -DGRIB2 -DHDF5 -DLANDREAD_STUB=1 -DUSE_ALLOCATABLES -Dwrfmodel -DGRIB1 -DINTIO -DKEEP_INT_AROUND -DLIMIT_ARGS -DBUILD_RRTMG_FAST=0 -DBUILD_RRTMK=0 -DBUILD_SBM_FAST=1 -DSHOW_ALL_VARS_USED=0 -DCONFIG_BUF_LEN=65536 -DMAX_DOMAINS_F=21 -DMAX_HISTORY=25 -DNMM_NEST=0 -DWRF_CHEM -DBUILD_CHEM=1 -DWRF_KPP -I. -traditional-cpp -DUSE_NETCDF4_FEATURES -DWRFIO_NCD_LARGE_FILE_SUPPORT   module_kpp_radm2_Precision.G  > module_kpp_radm2_Precision.bb
/home/onishi/WRF/tools/standard.exe module_kpp_radm2_Precision.bb | /lib/cpp -P -nostdinc -I/home/onishi/WRF/external/ioapi_share -traditional-cpp -DUSE_NETCDF4_FEATURES -DWRFIO_NCD_LARGE_FILE_SUPPORT > module_kpp_radm2_Precision.f90
rm -f module_kpp_radm2_Precision.G module_kpp_radm2_Precision.bb
time mpif90 -f90=ifort -o module_kpp_radm2_Precision.o -c -O3 -ip -fp-model precise -w -ftz -align all -fno-alias -FR -convert big_endian    -I../dyn_em  -I/home/onishi/WRF/external/esmf_time_f90  -I/home/onishi/WRF/main -I/home/onishi/WRF/external/io_netcdf -I/home/onishi/WRF/external/io_int -I/home/onishi/WRF/frame -I/home/onishi/WRF/share -I/home/onishi/WRF/phys -I/home/onishi/WRF/wrftladj -I/home/onishi/WRF/chem -I/home/onishi/WRF/inc -I/home/onishi/NETCDF_DIR2//include  -real-size `expr 8 \* 4` -i4  module_kpp_radm2_Precision.f90
0.01user 0.05system 0:00.07elapsed 88%CPU (0avgtext+0avgdata 37824maxresident)k
8inputs+88outputs (0major+5954minor)pagefaults 0swaps
rm -f module_kpp_radm2_Parameters.o
sed -e "s/^\!.*'.*//" -e "s/^ *\!.*'.*//" module_kpp_radm2_Parameters.F > module_kpp_radm2_Parameters.G
/lib/cpp -P -nostdinc -I/home/onishi/WRF/external/ioapi_share -I/home/onishi/WRF/inc -DEM_CORE=1 -DNMM_CORE=0 -DNMM_MAX_DIM=2600 -DDA_CORE=0 -DWRFPLUS=0 -DIWORDSIZE=4 -DDWORDSIZE=8 -DRWORDSIZE=4 -DLWORDSIZE=4 -DNONSTANDARD_SYSTEM_FUNC  -DWRF_USE_CLM -DUSE_NETCDF4_FEATURES -DWRFIO_NCD_LARGE_FILE_SUPPORT  -DDM_PARALLEL -DNETCDF -DGRIB2 -DHDF5 -DLANDREAD_STUB=1 -DUSE_ALLOCATABLES -Dwrfmodel -DGRIB1 -DINTIO -DKEEP_INT_AROUND -DLIMIT_ARGS -DBUILD_RRTMG_FAST=0 -DBUILD_RRTMK=0 -DBUILD_SBM_FAST=1 -DSHOW_ALL_VARS_USED=0 -DCONFIG_BUF_LEN=65536 -DMAX_DOMAINS_F=21 -DMAX_HISTORY=25 -DNMM_NEST=0 -DWRF_CHEM -DBUILD_CHEM=1 -DWRF_KPP -I. -traditional-cpp -DUSE_NETCDF4_FEATURES -DWRFIO_NCD_LARGE_FILE_SUPPORT   module_kpp_radm2_Parameters.G  > module_kpp_radm2_Parameters.bb
/home/onishi/WRF/tools/standard.exe module_kpp_radm2_Parameters.bb | /lib/cpp -P -nostdinc -I/home/onishi/WRF/external/ioapi_share -traditional-cpp -DUSE_NETCDF4_FEATURES -DWRFIO_NCD_LARGE_FILE_SUPPORT > module_kpp_radm2_Parameters.f90
rm -f module_kpp_radm2_Parameters.G module_kpp_radm2_Parameters.bb
time mpif90 -f90=ifort -o module_kpp_radm2_Parameters.o -c -O3 -ip -fp-model precise -w -ftz -align all -fno-alias -FR -convert big_endian    -I../dyn_em  -I/home/onishi/WRF/external/esmf_time_f90  -I/home/onishi/WRF/main -I/home/onishi/WRF/external/io_netcdf -I/home/onishi/WRF/external/io_int -I/home/onishi/WRF/frame -I/home/onishi/WRF/share -I/home/onishi/WRF/phys -I/home/onishi/WRF/wrftladj -I/home/onishi/WRF/chem -I/home/onishi/WRF/inc -I/home/onishi/NETCDF_DIR2//include  -real-size `expr 8 \* 4` -i4  module_kpp_radm2_Parameters.f90
0.01user 0.05system 0:00.07elapsed 88%CPU (0avgtext+0avgdata 38064maxresident)k
16inputs+104outputs (0major+5979minor)pagefaults 0swaps
rm -f module_kpp_radm2_JacobianSP.o
sed -e "s/^\!.*'.*//" -e "s/^ *\!.*'.*//" module_kpp_radm2_JacobianSP.F > module_kpp_radm2_JacobianSP.G
/lib/cpp -P -nostdinc -I/home/onishi/WRF/external/ioapi_share -I/home/onishi/WRF/inc -DEM_CORE=1 -DNMM_CORE=0 -DNMM_MAX_DIM=2600 -DDA_CORE=0 -DWRFPLUS=0 -DIWORDSIZE=4 -DDWORDSIZE=8 -DRWORDSIZE=4 -DLWORDSIZE=4 -DNONSTANDARD_SYSTEM_FUNC  -DWRF_USE_CLM -DUSE_NETCDF4_FEATURES -DWRFIO_NCD_LARGE_FILE_SUPPORT  -DDM_PARALLEL -DNETCDF -DGRIB2 -DHDF5 -DLANDREAD_STUB=1 -DUSE_ALLOCATABLES -Dwrfmodel -DGRIB1 -DINTIO -DKEEP_INT_AROUND -DLIMIT_ARGS -DBUILD_RRTMG_FAST=0 -DBUILD_RRTMK=0 -DBUILD_SBM_FAST=1 -DSHOW_ALL_VARS_USED=0 -DCONFIG_BUF_LEN=65536 -DMAX_DOMAINS_F=21 -DMAX_HISTORY=25 -DNMM_NEST=0 -DWRF_CHEM -DBUILD_CHEM=1 -DWRF_KPP -I. -traditional-cpp -DUSE_NETCDF4_FEATURES -DWRFIO_NCD_LARGE_FILE_SUPPORT   module_kpp_radm2_JacobianSP.G  > module_kpp_radm2_JacobianSP.bb
/home/onishi/WRF/tools/standard.exe module_kpp_radm2_JacobianSP.bb | /lib/cpp -P -nostdinc -I/home/onishi/WRF/external/ioapi_share -traditional-cpp -DUSE_NETCDF4_FEATURES -DWRFIO_NCD_LARGE_FILE_SUPPORT > module_kpp_radm2_JacobianSP.f90
rm -f module_kpp_radm2_JacobianSP.G module_kpp_radm2_JacobianSP.bb
time mpif90 -f90=ifort -o module_kpp_radm2_JacobianSP.o -c -O3 -ip -fp-model precise -w -ftz -align all -fno-alias -FR -convert big_endian    -I../dyn_em  -I/home/onishi/WRF/external/esmf_time_f90  -I/home/onishi/WRF/main -I/home/onishi/WRF/external/io_netcdf -I/home/onishi/WRF/external/io_int -I/home/onishi/WRF/frame -I/home/onishi/WRF/share -I/home/onishi/WRF/phys -I/home/onishi/WRF/wrftladj -I/home/onishi/WRF/chem -I/home/onishi/WRF/inc -I/home/onishi/NETCDF_DIR2//include  -real-size `expr 8 \* 4` -i4  module_kpp_radm2_JacobianSP.f90
0.01user 0.05system 0:00.08elapsed 89%CPU (0avgtext+0avgdata 39120maxresident)k
16inputs+424outputs (0major+6275minor)pagefaults 0swaps
rm -f module_kpp_radm2_Jacobian.o
sed -e "s/^\!.*'.*//" -e "s/^ *\!.*'.*//" module_kpp_radm2_Jacobian.F > module_kpp_radm2_Jacobian.G
/lib/cpp -P -nostdinc -I/home/onishi/WRF/external/ioapi_share -I/home/onishi/WRF/inc -DEM_CORE=1 -DNMM_CORE=0 -DNMM_MAX_DIM=2600 -DDA_CORE=0 -DWRFPLUS=0 -DIWORDSIZE=4 -DDWORDSIZE=8 -DRWORDSIZE=4 -DLWORDSIZE=4 -DNONSTANDARD_SYSTEM_FUNC  -DWRF_USE_CLM -DUSE_NETCDF4_FEATURES -DWRFIO_NCD_LARGE_FILE_SUPPORT  -DDM_PARALLEL -DNETCDF -DGRIB2 -DHDF5 -DLANDREAD_STUB=1 -DUSE_ALLOCATABLES -Dwrfmodel -DGRIB1 -DINTIO -DKEEP_INT_AROUND -DLIMIT_ARGS -DBUILD_RRTMG_FAST=0 -DBUILD_RRTMK=0 -DBUILD_SBM_FAST=1 -DSHOW_ALL_VARS_USED=0 -DCONFIG_BUF_LEN=65536 -DMAX_DOMAINS_F=21 -DMAX_HISTORY=25 -DNMM_NEST=0 -DWRF_CHEM -DBUILD_CHEM=1 -DWRF_KPP -I. -traditional-cpp -DUSE_NETCDF4_FEATURES -DWRFIO_NCD_LARGE_FILE_SUPPORT   module_kpp_radm2_Jacobian.G  > module_kpp_radm2_Jacobian.bb
/home/onishi/WRF/tools/standard.exe module_kpp_radm2_Jacobian.bb | /lib/cpp -P -nostdinc -I/home/onishi/WRF/external/ioapi_share -traditional-cpp -DUSE_NETCDF4_FEATURES -DWRFIO_NCD_LARGE_FILE_SUPPORT > module_kpp_radm2_Jacobian.f90
rm -f module_kpp_radm2_Jacobian.G module_kpp_radm2_Jacobian.bb
time mpif90 -f90=ifort -o module_kpp_radm2_Jacobian.o -c -O3 -ip -fp-model precise -w -ftz -align all -fno-alias -FR -convert big_endian    -I../dyn_em  -I/home/onishi/WRF/external/esmf_time_f90  -I/home/onishi/WRF/main -I/home/onishi/WRF/external/io_netcdf -I/home/onishi/WRF/external/io_int -I/home/onishi/WRF/frame -I/home/onishi/WRF/share -I/home/onishi/WRF/phys -I/home/onishi/WRF/wrftladj -I/home/onishi/WRF/chem -I/home/onishi/WRF/inc -I/home/onishi/NETCDF_DIR2//include  -real-size `expr 8 \* 4` -i4  module_kpp_radm2_Jacobian.f90
0.30user 0.07system 0:00.39elapsed 97%CPU (0avgtext+0avgdata 57048maxresident)k
392inputs+792outputs (0major+11162minor)pagefaults 0swaps
rm -f module_kpp_radm2_Update_Rconst.o
sed -e "s/^\!.*'.*//" -e "s/^ *\!.*'.*//" module_kpp_radm2_Update_Rconst.F > module_kpp_radm2_Update_Rconst.G
/lib/cpp -P -nostdinc -I/home/onishi/WRF/external/ioapi_share -I/home/onishi/WRF/inc -DEM_CORE=1 -DNMM_CORE=0 -DNMM_MAX_DIM=2600 -DDA_CORE=0 -DWRFPLUS=0 -DIWORDSIZE=4 -DDWORDSIZE=8 -DRWORDSIZE=4 -DLWORDSIZE=4 -DNONSTANDARD_SYSTEM_FUNC  -DWRF_USE_CLM -DUSE_NETCDF4_FEATURES -DWRFIO_NCD_LARGE_FILE_SUPPORT  -DDM_PARALLEL -DNETCDF -DGRIB2 -DHDF5 -DLANDREAD_STUB=1 -DUSE_ALLOCATABLES -Dwrfmodel -DGRIB1 -DINTIO -DKEEP_INT_AROUND -DLIMIT_ARGS -DBUILD_RRTMG_FAST=0 -DBUILD_RRTMK=0 -DBUILD_SBM_FAST=1 -DSHOW_ALL_VARS_USED=0 -DCONFIG_BUF_LEN=65536 -DMAX_DOMAINS_F=21 -DMAX_HISTORY=25 -DNMM_NEST=0 -DWRF_CHEM -DBUILD_CHEM=1 -DWRF_KPP -I. -traditional-cpp -DUSE_NETCDF4_FEATURES -DWRFIO_NCD_LARGE_FILE_SUPPORT   module_kpp_radm2_Update_Rconst.G  > module_kpp_radm2_Update_Rconst.bb
/home/onishi/WRF/tools/standard.exe module_kpp_radm2_Update_Rconst.bb | /lib/cpp -P -nostdinc -I/home/onishi/WRF/external/ioapi_share -traditional-cpp -DUSE_NETCDF4_FEATURES -DWRFIO_NCD_LARGE_FILE_SUPPORT > module_kpp_radm2_Update_Rconst.f90
rm -f module_kpp_radm2_Update_Rconst.G module_kpp_radm2_Update_Rconst.bb
time mpif90 -f90=ifort -o module_kpp_radm2_Update_Rconst.o -c -O3 -ip -fp-model precise -w -ftz -align all -fno-alias -FR -convert big_endian    -I../dyn_em  -I/home/onishi/WRF/external/esmf_time_f90  -I/home/onishi/WRF/main -I/home/onishi/WRF/external/io_netcdf -I/home/onishi/WRF/external/io_int -I/home/onishi/WRF/frame -I/home/onishi/WRF/share -I/home/onishi/WRF/phys -I/home/onishi/WRF/wrftladj -I/home/onishi/WRF/chem -I/home/onishi/WRF/inc -I/home/onishi/NETCDF_DIR2//include  -real-size `expr 8 \* 4` -i4  module_kpp_radm2_Update_Rconst.f90
0.10user 0.05system 0:00.17elapsed 94%CPU (0avgtext+0avgdata 53020maxresident)k
32inputs+336outputs (0major+9308minor)pagefaults 0swaps
rm -f module_kpp_radm2_Integr.o
sed -e "s/^\!.*'.*//" -e "s/^ *\!.*'.*//" module_kpp_radm2_Integr.F > module_kpp_radm2_Integr.G
/lib/cpp -P -nostdinc -I/home/onishi/WRF/external/ioapi_share -I/home/onishi/WRF/inc -DEM_CORE=1 -DNMM_CORE=0 -DNMM_MAX_DIM=2600 -DDA_CORE=0 -DWRFPLUS=0 -DIWORDSIZE=4 -DDWORDSIZE=8 -DRWORDSIZE=4 -DLWORDSIZE=4 -DNONSTANDARD_SYSTEM_FUNC  -DWRF_USE_CLM -DUSE_NETCDF4_FEATURES -DWRFIO_NCD_LARGE_FILE_SUPPORT  -DDM_PARALLEL -DNETCDF -DGRIB2 -DHDF5 -DLANDREAD_STUB=1 -DUSE_ALLOCATABLES -Dwrfmodel -DGRIB1 -DINTIO -DKEEP_INT_AROUND -DLIMIT_ARGS -DBUILD_RRTMG_FAST=0 -DBUILD_RRTMK=0 -DBUILD_SBM_FAST=1 -DSHOW_ALL_VARS_USED=0 -DCONFIG_BUF_LEN=65536 -DMAX_DOMAINS_F=21 -DMAX_HISTORY=25 -DNMM_NEST=0 -DWRF_CHEM -DBUILD_CHEM=1 -DWRF_KPP -I. -traditional-cpp -DUSE_NETCDF4_FEATURES -DWRFIO_NCD_LARGE_FILE_SUPPORT   module_kpp_radm2_Integr.G  > module_kpp_radm2_Integr.bb
/home/onishi/WRF/tools/standard.exe module_kpp_radm2_Integr.bb | /lib/cpp -P -nostdinc -I/home/onishi/WRF/external/ioapi_share -traditional-cpp -DUSE_NETCDF4_FEATURES -DWRFIO_NCD_LARGE_FILE_SUPPORT > module_kpp_radm2_Integr.f90
rm -f module_kpp_radm2_Integr.G module_kpp_radm2_Integr.bb
time mpif90 -f90=ifort -o module_kpp_radm2_Integr.o -c -O3 -ip -fp-model precise -w -ftz -align all -fno-alias -FR -convert big_endian    -I../dyn_em  -I/home/onishi/WRF/external/esmf_time_f90  -I/home/onishi/WRF/main -I/home/onishi/WRF/external/io_netcdf -I/home/onishi/WRF/external/io_int -I/home/onishi/WRF/frame -I/home/onishi/WRF/share -I/home/onishi/WRF/phys -I/home/onishi/WRF/wrftladj -I/home/onishi/WRF/chem -I/home/onishi/WRF/inc -I/home/onishi/NETCDF_DIR2//include  -real-size `expr 8 \* 4` -i4  module_kpp_radm2_Integr.f90
4.97user 0.16system 0:05.15elapsed 99%CPU (0avgtext+0avgdata 181356maxresident)k
408inputs+5016outputs (0major+48252minor)pagefaults 0swaps
rm -f module_kpp_radm2_interface.o
sed -e "s/^\!.*'.*//" -e "s/^ *\!.*'.*//" module_kpp_radm2_interface.F > module_kpp_radm2_interface.G
/lib/cpp -P -nostdinc -I/home/onishi/WRF/external/ioapi_share -I/home/onishi/WRF/inc -DEM_CORE=1 -DNMM_CORE=0 -DNMM_MAX_DIM=2600 -DDA_CORE=0 -DWRFPLUS=0 -DIWORDSIZE=4 -DDWORDSIZE=8 -DRWORDSIZE=4 -DLWORDSIZE=4 -DNONSTANDARD_SYSTEM_FUNC  -DWRF_USE_CLM -DUSE_NETCDF4_FEATURES -DWRFIO_NCD_LARGE_FILE_SUPPORT  -DDM_PARALLEL -DNETCDF -DGRIB2 -DHDF5 -DLANDREAD_STUB=1 -DUSE_ALLOCATABLES -Dwrfmodel -DGRIB1 -DINTIO -DKEEP_INT_AROUND -DLIMIT_ARGS -DBUILD_RRTMG_FAST=0 -DBUILD_RRTMK=0 -DBUILD_SBM_FAST=1 -DSHOW_ALL_VARS_USED=0 -DCONFIG_BUF_LEN=65536 -DMAX_DOMAINS_F=21 -DMAX_HISTORY=25 -DNMM_NEST=0 -DWRF_CHEM -DBUILD_CHEM=1 -DWRF_KPP -I. -traditional-cpp -DUSE_NETCDF4_FEATURES -DWRFIO_NCD_LARGE_FILE_SUPPORT   module_kpp_radm2_interface.G  > module_kpp_radm2_interface.bb
/home/onishi/WRF/tools/standard.exe module_kpp_radm2_interface.bb | /lib/cpp -P -nostdinc -I/home/onishi/WRF/external/ioapi_share -traditional-cpp -DUSE_NETCDF4_FEATURES -DWRFIO_NCD_LARGE_FILE_SUPPORT > module_kpp_radm2_interface.f90
rm -f module_kpp_radm2_interface.G module_kpp_radm2_interface.bb
time mpif90 -f90=ifort -o module_kpp_radm2_interface.o -c -O3 -ip -fp-model precise -w -ftz -align all -fno-alias -FR -convert big_endian    -I../dyn_em  -I/home/onishi/WRF/external/esmf_time_f90  -I/home/onishi/WRF/main -I/home/onishi/WRF/external/io_netcdf -I/home/onishi/WRF/external/io_int -I/home/onishi/WRF/frame -I/home/onishi/WRF/share -I/home/onishi/WRF/phys -I/home/onishi/WRF/wrftladj -I/home/onishi/WRF/chem -I/home/onishi/WRF/inc -I/home/onishi/NETCDF_DIR2//include  -real-size `expr 8 \* 4` -i4  module_kpp_radm2_interface.f90
0.42user 0.09system 0:00.55elapsed 93%CPU (0avgtext+0avgdata 75628maxresident)k
216inputs+1440outputs (0major+14858minor)pagefaults 0swaps
rm -f module_kpp_radm2sorg_Precision.o
sed -e "s/^\!.*'.*//" -e "s/^ *\!.*'.*//" module_kpp_radm2sorg_Precision.F > module_kpp_radm2sorg_Precision.G
/lib/cpp -P -nostdinc -I/home/onishi/WRF/external/ioapi_share -I/home/onishi/WRF/inc -DEM_CORE=1 -DNMM_CORE=0 -DNMM_MAX_DIM=2600 -DDA_CORE=0 -DWRFPLUS=0 -DIWORDSIZE=4 -DDWORDSIZE=8 -DRWORDSIZE=4 -DLWORDSIZE=4 -DNONSTANDARD_SYSTEM_FUNC  -DWRF_USE_CLM -DUSE_NETCDF4_FEATURES -DWRFIO_NCD_LARGE_FILE_SUPPORT  -DDM_PARALLEL -DNETCDF -DGRIB2 -DHDF5 -DLANDREAD_STUB=1 -DUSE_ALLOCATABLES -Dwrfmodel -DGRIB1 -DINTIO -DKEEP_INT_AROUND -DLIMIT_ARGS -DBUILD_RRTMG_FAST=0 -DBUILD_RRTMK=0 -DBUILD_SBM_FAST=1 -DSHOW_ALL_VARS_USED=0 -DCONFIG_BUF_LEN=65536 -DMAX_DOMAINS_F=21 -DMAX_HISTORY=25 -DNMM_NEST=0 -DWRF_CHEM -DBUILD_CHEM=1 -DWRF_KPP -I. -traditional-cpp -DUSE_NETCDF4_FEATURES -DWRFIO_NCD_LARGE_FILE_SUPPORT   module_kpp_radm2sorg_Precision.G  > module_kpp_radm2sorg_Precision.bb
/home/onishi/WRF/tools/standard.exe module_kpp_radm2sorg_Precision.bb | /lib/cpp -P -nostdinc -I/home/onishi/WRF/external/ioapi_share -traditional-cpp -DUSE_NETCDF4_FEATURES -DWRFIO_NCD_LARGE_FILE_SUPPORT > module_kpp_radm2sorg_Precision.f90
rm -f module_kpp_radm2sorg_Precision.G module_kpp_radm2sorg_Precision.bb
time mpif90 -f90=ifort -o module_kpp_radm2sorg_Precision.o -c -O3 -ip -fp-model precise -w -ftz -align all -fno-alias -FR -convert big_endian    -I../dyn_em  -I/home/onishi/WRF/external/esmf_time_f90  -I/home/onishi/WRF/main -I/home/onishi/WRF/external/io_netcdf -I/home/onishi/WRF/external/io_int -I/home/onishi/WRF/frame -I/home/onishi/WRF/share -I/home/onishi/WRF/phys -I/home/onishi/WRF/wrftladj -I/home/onishi/WRF/chem -I/home/onishi/WRF/inc -I/home/onishi/NETCDF_DIR2//include  -real-size `expr 8 \* 4` -i4  module_kpp_radm2sorg_Precision.f90
0.02user 0.04system 0:00.07elapsed 87%CPU (0avgtext+0avgdata 37792maxresident)k
8inputs+88outputs (0major+5960minor)pagefaults 0swaps
rm -f module_kpp_radm2sorg_Parameters.o
sed -e "s/^\!.*'.*//" -e "s/^ *\!.*'.*//" module_kpp_radm2sorg_Parameters.F > module_kpp_radm2sorg_Parameters.G
/lib/cpp -P -nostdinc -I/home/onishi/WRF/external/ioapi_share -I/home/onishi/WRF/inc -DEM_CORE=1 -DNMM_CORE=0 -DNMM_MAX_DIM=2600 -DDA_CORE=0 -DWRFPLUS=0 -DIWORDSIZE=4 -DDWORDSIZE=8 -DRWORDSIZE=4 -DLWORDSIZE=4 -DNONSTANDARD_SYSTEM_FUNC  -DWRF_USE_CLM -DUSE_NETCDF4_FEATURES -DWRFIO_NCD_LARGE_FILE_SUPPORT  -DDM_PARALLEL -DNETCDF -DGRIB2 -DHDF5 -DLANDREAD_STUB=1 -DUSE_ALLOCATABLES -Dwrfmodel -DGRIB1 -DINTIO -DKEEP_INT_AROUND -DLIMIT_ARGS -DBUILD_RRTMG_FAST=0 -DBUILD_RRTMK=0 -DBUILD_SBM_FAST=1 -DSHOW_ALL_VARS_USED=0 -DCONFIG_BUF_LEN=65536 -DMAX_DOMAINS_F=21 -DMAX_HISTORY=25 -DNMM_NEST=0 -DWRF_CHEM -DBUILD_CHEM=1 -DWRF_KPP -I. -traditional-cpp -DUSE_NETCDF4_FEATURES -DWRFIO_NCD_LARGE_FILE_SUPPORT   module_kpp_radm2sorg_Parameters.G  > module_kpp_radm2sorg_Parameters.bb
/home/onishi/WRF/tools/standard.exe module_kpp_radm2sorg_Parameters.bb | /lib/cpp -P -nostdinc -I/home/onishi/WRF/external/ioapi_share -traditional-cpp -DUSE_NETCDF4_FEATURES -DWRFIO_NCD_LARGE_FILE_SUPPORT > module_kpp_radm2sorg_Parameters.f90
rm -f module_kpp_radm2sorg_Parameters.G module_kpp_radm2sorg_Parameters.bb
time mpif90 -f90=ifort -o module_kpp_radm2sorg_Parameters.o -c -O3 -ip -fp-model precise -w -ftz -align all -fno-alias -FR -convert big_endian    -I../dyn_em  -I/home/onishi/WRF/external/esmf_time_f90  -I/home/onishi/WRF/main -I/home/onishi/WRF/external/io_netcdf -I/home/onishi/WRF/external/io_int -I/home/onishi/WRF/frame -I/home/onishi/WRF/share -I/home/onishi/WRF/phys -I/home/onishi/WRF/wrftladj -I/home/onishi/WRF/chem -I/home/onishi/WRF/inc -I/home/onishi/NETCDF_DIR2//include  -real-size `expr 8 \* 4` -i4  module_kpp_radm2sorg_Parameters.f90
0.00user 0.06system 0:00.07elapsed 88%CPU (0avgtext+0avgdata 38116maxresident)k
16inputs+104outputs (0major+5980minor)pagefaults 0swaps
rm -f module_kpp_radm2sorg_JacobianSP.o
sed -e "s/^\!.*'.*//" -e "s/^ *\!.*'.*//" module_kpp_radm2sorg_JacobianSP.F > module_kpp_radm2sorg_JacobianSP.G
/lib/cpp -P -nostdinc -I/home/onishi/WRF/external/ioapi_share -I/home/onishi/WRF/inc -DEM_CORE=1 -DNMM_CORE=0 -DNMM_MAX_DIM=2600 -DDA_CORE=0 -DWRFPLUS=0 -DIWORDSIZE=4 -DDWORDSIZE=8 -DRWORDSIZE=4 -DLWORDSIZE=4 -DNONSTANDARD_SYSTEM_FUNC  -DWRF_USE_CLM -DUSE_NETCDF4_FEATURES -DWRFIO_NCD_LARGE_FILE_SUPPORT  -DDM_PARALLEL -DNETCDF -DGRIB2 -DHDF5 -DLANDREAD_STUB=1 -DUSE_ALLOCATABLES -Dwrfmodel -DGRIB1 -DINTIO -DKEEP_INT_AROUND -DLIMIT_ARGS -DBUILD_RRTMG_FAST=0 -DBUILD_RRTMK=0 -DBUILD_SBM_FAST=1 -DSHOW_ALL_VARS_USED=0 -DCONFIG_BUF_LEN=65536 -DMAX_DOMAINS_F=21 -DMAX_HISTORY=25 -DNMM_NEST=0 -DWRF_CHEM -DBUILD_CHEM=1 -DWRF_KPP -I. -traditional-cpp -DUSE_NETCDF4_FEATURES -DWRFIO_NCD_LARGE_FILE_SUPPORT   module_kpp_radm2sorg_JacobianSP.G  > module_kpp_radm2sorg_JacobianSP.bb
/home/onishi/WRF/tools/standard.exe module_kpp_radm2sorg_JacobianSP.bb | /lib/cpp -P -nostdinc -I/home/onishi/WRF/external/ioapi_share -traditional-cpp -DUSE_NETCDF4_FEATURES -DWRFIO_NCD_LARGE_FILE_SUPPORT > module_kpp_radm2sorg_JacobianSP.f90
rm -f module_kpp_radm2sorg_JacobianSP.G module_kpp_radm2sorg_JacobianSP.bb
time mpif90 -f90=ifort -o module_kpp_radm2sorg_JacobianSP.o -c -O3 -ip -fp-model precise -w -ftz -align all -fno-alias -FR -convert big_endian    -I../dyn_em  -I/home/onishi/WRF/external/esmf_time_f90  -I/home/onishi/WRF/main -I/home/onishi/WRF/external/io_netcdf -I/home/onishi/WRF/external/io_int -I/home/onishi/WRF/frame -I/home/onishi/WRF/share -I/home/onishi/WRF/phys -I/home/onishi/WRF/wrftladj -I/home/onishi/WRF/chem -I/home/onishi/WRF/inc -I/home/onishi/NETCDF_DIR2//include  -real-size `expr 8 \* 4` -i4  module_kpp_radm2sorg_JacobianSP.f90
0.02user 0.05system 0:00.08elapsed 88%CPU (0avgtext+0avgdata 38992maxresident)k
16inputs+424outputs (0major+6287minor)pagefaults 0swaps
rm -f module_kpp_radm2sorg_Jacobian.o
sed -e "s/^\!.*'.*//" -e "s/^ *\!.*'.*//" module_kpp_radm2sorg_Jacobian.F > module_kpp_radm2sorg_Jacobian.G
/lib/cpp -P -nostdinc -I/home/onishi/WRF/external/ioapi_share -I/home/onishi/WRF/inc -DEM_CORE=1 -DNMM_CORE=0 -DNMM_MAX_DIM=2600 -DDA_CORE=0 -DWRFPLUS=0 -DIWORDSIZE=4 -DDWORDSIZE=8 -DRWORDSIZE=4 -DLWORDSIZE=4 -DNONSTANDARD_SYSTEM_FUNC  -DWRF_USE_CLM -DUSE_NETCDF4_FEATURES -DWRFIO_NCD_LARGE_FILE_SUPPORT  -DDM_PARALLEL -DNETCDF -DGRIB2 -DHDF5 -DLANDREAD_STUB=1 -DUSE_ALLOCATABLES -Dwrfmodel -DGRIB1 -DINTIO -DKEEP_INT_AROUND -DLIMIT_ARGS -DBUILD_RRTMG_FAST=0 -DBUILD_RRTMK=0 -DBUILD_SBM_FAST=1 -DSHOW_ALL_VARS_USED=0 -DCONFIG_BUF_LEN=65536 -DMAX_DOMAINS_F=21 -DMAX_HISTORY=25 -DNMM_NEST=0 -DWRF_CHEM -DBUILD_CHEM=1 -DWRF_KPP -I. -traditional-cpp -DUSE_NETCDF4_FEATURES -DWRFIO_NCD_LARGE_FILE_SUPPORT   module_kpp_radm2sorg_Jacobian.G  > module_kpp_radm2sorg_Jacobian.bb
/home/onishi/WRF/tools/standard.exe module_kpp_radm2sorg_Jacobian.bb | /lib/cpp -P -nostdinc -I/home/onishi/WRF/external/ioapi_share -traditional-cpp -DUSE_NETCDF4_FEATURES -DWRFIO_NCD_LARGE_FILE_SUPPORT > module_kpp_radm2sorg_Jacobian.f90
rm -f module_kpp_radm2sorg_Jacobian.G module_kpp_radm2sorg_Jacobian.bb
time mpif90 -f90=ifort -o module_kpp_radm2sorg_Jacobian.o -c -O3 -ip -fp-model precise -w -ftz -align all -fno-alias -FR -convert big_endian    -I../dyn_em  -I/home/onishi/WRF/external/esmf_time_f90  -I/home/onishi/WRF/main -I/home/onishi/WRF/external/io_netcdf -I/home/onishi/WRF/external/io_int -I/home/onishi/WRF/frame -I/home/onishi/WRF/share -I/home/onishi/WRF/phys -I/home/onishi/WRF/wrftladj -I/home/onishi/WRF/chem -I/home/onishi/WRF/inc -I/home/onishi/NETCDF_DIR2//include  -real-size `expr 8 \* 4` -i4  module_kpp_radm2sorg_Jacobian.f90
0.31user 0.06system 0:00.41elapsed 92%CPU (0avgtext+0avgdata 56896maxresident)k
392inputs+792outputs (0major+11156minor)pagefaults 0swaps
rm -f module_kpp_radm2sorg_Update_Rconst.o
sed -e "s/^\!.*'.*//" -e "s/^ *\!.*'.*//" module_kpp_radm2sorg_Update_Rconst.F > module_kpp_radm2sorg_Update_Rconst.G
/lib/cpp -P -nostdinc -I/home/onishi/WRF/external/ioapi_share -I/home/onishi/WRF/inc -DEM_CORE=1 -DNMM_CORE=0 -DNMM_MAX_DIM=2600 -DDA_CORE=0 -DWRFPLUS=0 -DIWORDSIZE=4 -DDWORDSIZE=8 -DRWORDSIZE=4 -DLWORDSIZE=4 -DNONSTANDARD_SYSTEM_FUNC  -DWRF_USE_CLM -DUSE_NETCDF4_FEATURES -DWRFIO_NCD_LARGE_FILE_SUPPORT  -DDM_PARALLEL -DNETCDF -DGRIB2 -DHDF5 -DLANDREAD_STUB=1 -DUSE_ALLOCATABLES -Dwrfmodel -DGRIB1 -DINTIO -DKEEP_INT_AROUND -DLIMIT_ARGS -DBUILD_RRTMG_FAST=0 -DBUILD_RRTMK=0 -DBUILD_SBM_FAST=1 -DSHOW_ALL_VARS_USED=0 -DCONFIG_BUF_LEN=65536 -DMAX_DOMAINS_F=21 -DMAX_HISTORY=25 -DNMM_NEST=0 -DWRF_CHEM -DBUILD_CHEM=1 -DWRF_KPP -I. -traditional-cpp -DUSE_NETCDF4_FEATURES -DWRFIO_NCD_LARGE_FILE_SUPPORT   module_kpp_radm2sorg_Update_Rconst.G  > module_kpp_radm2sorg_Update_Rconst.bb
/home/onishi/WRF/tools/standard.exe module_kpp_radm2sorg_Update_Rconst.bb | /lib/cpp -P -nostdinc -I/home/onishi/WRF/external/ioapi_share -traditional-cpp -DUSE_NETCDF4_FEATURES -DWRFIO_NCD_LARGE_FILE_SUPPORT > module_kpp_radm2sorg_Update_Rconst.f90
rm -f module_kpp_radm2sorg_Update_Rconst.G module_kpp_radm2sorg_Update_Rconst.bb
time mpif90 -f90=ifort -o module_kpp_radm2sorg_Update_Rconst.o -c -O3 -ip -fp-model precise -w -ftz -align all -fno-alias -FR -convert big_endian    -I../dyn_em  -I/home/onishi/WRF/external/esmf_time_f90  -I/home/onishi/WRF/main -I/home/onishi/WRF/external/io_netcdf -I/home/onishi/WRF/external/io_int -I/home/onishi/WRF/frame -I/home/onishi/WRF/share -I/home/onishi/WRF/phys -I/home/onishi/WRF/wrftladj -I/home/onishi/WRF/chem -I/home/onishi/WRF/inc -I/home/onishi/NETCDF_DIR2//include  -real-size `expr 8 \* 4` -i4  module_kpp_radm2sorg_Update_Rconst.f90
0.10user 0.05system 0:00.17elapsed 94%CPU (0avgtext+0avgdata 53104maxresident)k
32inputs+336outputs (0major+9298minor)pagefaults 0swaps
rm -f module_kpp_radm2sorg_Integr.o
sed -e "s/^\!.*'.*//" -e "s/^ *\!.*'.*//" module_kpp_radm2sorg_Integr.F > module_kpp_radm2sorg_Integr.G
/lib/cpp -P -nostdinc -I/home/onishi/WRF/external/ioapi_share -I/home/onishi/WRF/inc -DEM_CORE=1 -DNMM_CORE=0 -DNMM_MAX_DIM=2600 -DDA_CORE=0 -DWRFPLUS=0 -DIWORDSIZE=4 -DDWORDSIZE=8 -DRWORDSIZE=4 -DLWORDSIZE=4 -DNONSTANDARD_SYSTEM_FUNC  -DWRF_USE_CLM -DUSE_NETCDF4_FEATURES -DWRFIO_NCD_LARGE_FILE_SUPPORT  -DDM_PARALLEL -DNETCDF -DGRIB2 -DHDF5 -DLANDREAD_STUB=1 -DUSE_ALLOCATABLES -Dwrfmodel -DGRIB1 -DINTIO -DKEEP_INT_AROUND -DLIMIT_ARGS -DBUILD_RRTMG_FAST=0 -DBUILD_RRTMK=0 -DBUILD_SBM_FAST=1 -DSHOW_ALL_VARS_USED=0 -DCONFIG_BUF_LEN=65536 -DMAX_DOMAINS_F=21 -DMAX_HISTORY=25 -DNMM_NEST=0 -DWRF_CHEM -DBUILD_CHEM=1 -DWRF_KPP -I. -traditional-cpp -DUSE_NETCDF4_FEATURES -DWRFIO_NCD_LARGE_FILE_SUPPORT   module_kpp_radm2sorg_Integr.G  > module_kpp_radm2sorg_Integr.bb
/home/onishi/WRF/tools/standard.exe module_kpp_radm2sorg_Integr.bb | /lib/cpp -P -nostdinc -I/home/onishi/WRF/external/ioapi_share -traditional-cpp -DUSE_NETCDF4_FEATURES -DWRFIO_NCD_LARGE_FILE_SUPPORT > module_kpp_radm2sorg_Integr.f90
rm -f module_kpp_radm2sorg_Integr.G module_kpp_radm2sorg_Integr.bb
time mpif90 -f90=ifort -o module_kpp_radm2sorg_Integr.o -c -O3 -ip -fp-model precise -w -ftz -align all -fno-alias -FR -convert big_endian    -I../dyn_em  -I/home/onishi/WRF/external/esmf_time_f90  -I/home/onishi/WRF/main -I/home/onishi/WRF/external/io_netcdf -I/home/onishi/WRF/external/io_int -I/home/onishi/WRF/frame -I/home/onishi/WRF/share -I/home/onishi/WRF/phys -I/home/onishi/WRF/wrftladj -I/home/onishi/WRF/chem -I/home/onishi/WRF/inc -I/home/onishi/NETCDF_DIR2//include  -real-size `expr 8 \* 4` -i4  module_kpp_radm2sorg_Integr.f90
4.96user 0.17system 0:05.15elapsed 99%CPU (0avgtext+0avgdata 181392maxresident)k
408inputs+5024outputs (0major+48233minor)pagefaults 0swaps
rm -f module_kpp_radm2sorg_interface.o
sed -e "s/^\!.*'.*//" -e "s/^ *\!.*'.*//" module_kpp_radm2sorg_interface.F > module_kpp_radm2sorg_interface.G
/lib/cpp -P -nostdinc -I/home/onishi/WRF/external/ioapi_share -I/home/onishi/WRF/inc -DEM_CORE=1 -DNMM_CORE=0 -DNMM_MAX_DIM=2600 -DDA_CORE=0 -DWRFPLUS=0 -DIWORDSIZE=4 -DDWORDSIZE=8 -DRWORDSIZE=4 -DLWORDSIZE=4 -DNONSTANDARD_SYSTEM_FUNC  -DWRF_USE_CLM -DUSE_NETCDF4_FEATURES -DWRFIO_NCD_LARGE_FILE_SUPPORT  -DDM_PARALLEL -DNETCDF -DGRIB2 -DHDF5 -DLANDREAD_STUB=1 -DUSE_ALLOCATABLES -Dwrfmodel -DGRIB1 -DINTIO -DKEEP_INT_AROUND -DLIMIT_ARGS -DBUILD_RRTMG_FAST=0 -DBUILD_RRTMK=0 -DBUILD_SBM_FAST=1 -DSHOW_ALL_VARS_USED=0 -DCONFIG_BUF_LEN=65536 -DMAX_DOMAINS_F=21 -DMAX_HISTORY=25 -DNMM_NEST=0 -DWRF_CHEM -DBUILD_CHEM=1 -DWRF_KPP -I. -traditional-cpp -DUSE_NETCDF4_FEATURES -DWRFIO_NCD_LARGE_FILE_SUPPORT   module_kpp_radm2sorg_interface.G  > module_kpp_radm2sorg_interface.bb
/home/onishi/WRF/tools/standard.exe module_kpp_radm2sorg_interface.bb | /lib/cpp -P -nostdinc -I/home/onishi/WRF/external/ioapi_share -traditional-cpp -DUSE_NETCDF4_FEATURES -DWRFIO_NCD_LARGE_FILE_SUPPORT > module_kpp_radm2sorg_interface.f90
rm -f module_kpp_radm2sorg_interface.G module_kpp_radm2sorg_interface.bb
time mpif90 -f90=ifort -o module_kpp_radm2sorg_interface.o -c -O3 -ip -fp-model precise -w -ftz -align all -fno-alias -FR -convert big_endian    -I../dyn_em  -I/home/onishi/WRF/external/esmf_time_f90  -I/home/onishi/WRF/main -I/home/onishi/WRF/external/io_netcdf -I/home/onishi/WRF/external/io_int -I/home/onishi/WRF/frame -I/home/onishi/WRF/share -I/home/onishi/WRF/phys -I/home/onishi/WRF/wrftladj -I/home/onishi/WRF/chem -I/home/onishi/WRF/inc -I/home/onishi/NETCDF_DIR2//include  -real-size `expr 8 \* 4` -i4  module_kpp_radm2sorg_interface.f90
0.56user 0.09system 0:00.69elapsed 94%CPU (0avgtext+0avgdata 82212maxresident)k
216inputs+1480outputs (0major+16666minor)pagefaults 0swaps
rm -f module_kpp_saprc99_Precision.o
sed -e "s/^\!.*'.*//" -e "s/^ *\!.*'.*//" module_kpp_saprc99_Precision.F > module_kpp_saprc99_Precision.G
/lib/cpp -P -nostdinc -I/home/onishi/WRF/external/ioapi_share -I/home/onishi/WRF/inc -DEM_CORE=1 -DNMM_CORE=0 -DNMM_MAX_DIM=2600 -DDA_CORE=0 -DWRFPLUS=0 -DIWORDSIZE=4 -DDWORDSIZE=8 -DRWORDSIZE=4 -DLWORDSIZE=4 -DNONSTANDARD_SYSTEM_FUNC  -DWRF_USE_CLM -DUSE_NETCDF4_FEATURES -DWRFIO_NCD_LARGE_FILE_SUPPORT  -DDM_PARALLEL -DNETCDF -DGRIB2 -DHDF5 -DLANDREAD_STUB=1 -DUSE_ALLOCATABLES -Dwrfmodel -DGRIB1 -DINTIO -DKEEP_INT_AROUND -DLIMIT_ARGS -DBUILD_RRTMG_FAST=0 -DBUILD_RRTMK=0 -DBUILD_SBM_FAST=1 -DSHOW_ALL_VARS_USED=0 -DCONFIG_BUF_LEN=65536 -DMAX_DOMAINS_F=21 -DMAX_HISTORY=25 -DNMM_NEST=0 -DWRF_CHEM -DBUILD_CHEM=1 -DWRF_KPP -I. -traditional-cpp -DUSE_NETCDF4_FEATURES -DWRFIO_NCD_LARGE_FILE_SUPPORT   module_kpp_saprc99_Precision.G  > module_kpp_saprc99_Precision.bb
/home/onishi/WRF/tools/standard.exe module_kpp_saprc99_Precision.bb | /lib/cpp -P -nostdinc -I/home/onishi/WRF/external/ioapi_share -traditional-cpp -DUSE_NETCDF4_FEATURES -DWRFIO_NCD_LARGE_FILE_SUPPORT > module_kpp_saprc99_Precision.f90
rm -f module_kpp_saprc99_Precision.G module_kpp_saprc99_Precision.bb
time mpif90 -f90=ifort -o module_kpp_saprc99_Precision.o -c -O3 -ip -fp-model precise -w -ftz -align all -fno-alias -FR -convert big_endian    -I../dyn_em  -I/home/onishi/WRF/external/esmf_time_f90  -I/home/onishi/WRF/main -I/home/onishi/WRF/external/io_netcdf -I/home/onishi/WRF/external/io_int -I/home/onishi/WRF/frame -I/home/onishi/WRF/share -I/home/onishi/WRF/phys -I/home/onishi/WRF/wrftladj -I/home/onishi/WRF/chem -I/home/onishi/WRF/inc -I/home/onishi/NETCDF_DIR2//include  -real-size `expr 8 \* 4` -i4  module_kpp_saprc99_Precision.f90
0.01user 0.05system 0:00.10elapsed 67%CPU (0avgtext+0avgdata 37852maxresident)k
8inputs+88outputs (0major+5951minor)pagefaults 0swaps
rm -f module_kpp_saprc99_Parameters.o
sed -e "s/^\!.*'.*//" -e "s/^ *\!.*'.*//" module_kpp_saprc99_Parameters.F > module_kpp_saprc99_Parameters.G
/lib/cpp -P -nostdinc -I/home/onishi/WRF/external/ioapi_share -I/home/onishi/WRF/inc -DEM_CORE=1 -DNMM_CORE=0 -DNMM_MAX_DIM=2600 -DDA_CORE=0 -DWRFPLUS=0 -DIWORDSIZE=4 -DDWORDSIZE=8 -DRWORDSIZE=4 -DLWORDSIZE=4 -DNONSTANDARD_SYSTEM_FUNC  -DWRF_USE_CLM -DUSE_NETCDF4_FEATURES -DWRFIO_NCD_LARGE_FILE_SUPPORT  -DDM_PARALLEL -DNETCDF -DGRIB2 -DHDF5 -DLANDREAD_STUB=1 -DUSE_ALLOCATABLES -Dwrfmodel -DGRIB1 -DINTIO -DKEEP_INT_AROUND -DLIMIT_ARGS -DBUILD_RRTMG_FAST=0 -DBUILD_RRTMK=0 -DBUILD_SBM_FAST=1 -DSHOW_ALL_VARS_USED=0 -DCONFIG_BUF_LEN=65536 -DMAX_DOMAINS_F=21 -DMAX_HISTORY=25 -DNMM_NEST=0 -DWRF_CHEM -DBUILD_CHEM=1 -DWRF_KPP -I. -traditional-cpp -DUSE_NETCDF4_FEATURES -DWRFIO_NCD_LARGE_FILE_SUPPORT   module_kpp_saprc99_Parameters.G  > module_kpp_saprc99_Parameters.bb
/home/onishi/WRF/tools/standard.exe module_kpp_saprc99_Parameters.bb | /lib/cpp -P -nostdinc -I/home/onishi/WRF/external/ioapi_share -traditional-cpp -DUSE_NETCDF4_FEATURES -DWRFIO_NCD_LARGE_FILE_SUPPORT > module_kpp_saprc99_Parameters.f90
rm -f module_kpp_saprc99_Parameters.G module_kpp_saprc99_Parameters.bb
time mpif90 -f90=ifort -o module_kpp_saprc99_Parameters.o -c -O3 -ip -fp-model precise -w -ftz -align all -fno-alias -FR -convert big_endian    -I../dyn_em  -I/home/onishi/WRF/external/esmf_time_f90  -I/home/onishi/WRF/main -I/home/onishi/WRF/external/io_netcdf -I/home/onishi/WRF/external/io_int -I/home/onishi/WRF/frame -I/home/onishi/WRF/share -I/home/onishi/WRF/phys -I/home/onishi/WRF/wrftladj -I/home/onishi/WRF/chem -I/home/onishi/WRF/inc -I/home/onishi/NETCDF_DIR2//include  -real-size `expr 8 \* 4` -i4  module_kpp_saprc99_Parameters.f90
0.01user 0.05system 0:00.07elapsed 88%CPU (0avgtext+0avgdata 38136maxresident)k
24inputs+112outputs (0major+6002minor)pagefaults 0swaps
rm -f module_kpp_saprc99_JacobianSP.o
sed -e "s/^\!.*'.*//" -e "s/^ *\!.*'.*//" module_kpp_saprc99_JacobianSP.F > module_kpp_saprc99_JacobianSP.G
/lib/cpp -P -nostdinc -I/home/onishi/WRF/external/ioapi_share -I/home/onishi/WRF/inc -DEM_CORE=1 -DNMM_CORE=0 -DNMM_MAX_DIM=2600 -DDA_CORE=0 -DWRFPLUS=0 -DIWORDSIZE=4 -DDWORDSIZE=8 -DRWORDSIZE=4 -DLWORDSIZE=4 -DNONSTANDARD_SYSTEM_FUNC  -DWRF_USE_CLM -DUSE_NETCDF4_FEATURES -DWRFIO_NCD_LARGE_FILE_SUPPORT  -DDM_PARALLEL -DNETCDF -DGRIB2 -DHDF5 -DLANDREAD_STUB=1 -DUSE_ALLOCATABLES -Dwrfmodel -DGRIB1 -DINTIO -DKEEP_INT_AROUND -DLIMIT_ARGS -DBUILD_RRTMG_FAST=0 -DBUILD_RRTMK=0 -DBUILD_SBM_FAST=1 -DSHOW_ALL_VARS_USED=0 -DCONFIG_BUF_LEN=65536 -DMAX_DOMAINS_F=21 -DMAX_HISTORY=25 -DNMM_NEST=0 -DWRF_CHEM -DBUILD_CHEM=1 -DWRF_KPP -I. -traditional-cpp -DUSE_NETCDF4_FEATURES -DWRFIO_NCD_LARGE_FILE_SUPPORT   module_kpp_saprc99_JacobianSP.G  > module_kpp_saprc99_JacobianSP.bb
/home/onishi/WRF/tools/standard.exe module_kpp_saprc99_JacobianSP.bb | /lib/cpp -P -nostdinc -I/home/onishi/WRF/external/ioapi_share -traditional-cpp -DUSE_NETCDF4_FEATURES -DWRFIO_NCD_LARGE_FILE_SUPPORT > module_kpp_saprc99_JacobianSP.f90
rm -f module_kpp_saprc99_JacobianSP.G module_kpp_saprc99_JacobianSP.bb
time mpif90 -f90=ifort -o module_kpp_saprc99_JacobianSP.o -c -O3 -ip -fp-model precise -w -ftz -align all -fno-alias -FR -convert big_endian    -I../dyn_em  -I/home/onishi/WRF/external/esmf_time_f90  -I/home/onishi/WRF/main -I/home/onishi/WRF/external/io_netcdf -I/home/onishi/WRF/external/io_int -I/home/onishi/WRF/frame -I/home/onishi/WRF/share -I/home/onishi/WRF/phys -I/home/onishi/WRF/wrftladj -I/home/onishi/WRF/chem -I/home/onishi/WRF/inc -I/home/onishi/NETCDF_DIR2//include  -real-size `expr 8 \* 4` -i4  module_kpp_saprc99_JacobianSP.f90
0.02user 0.05system 0:00.09elapsed 89%CPU (0avgtext+0avgdata 39716maxresident)k
24inputs+608outputs (0major+6487minor)pagefaults 0swaps
rm -f module_kpp_saprc99_Jacobian.o
sed -e "s/^\!.*'.*//" -e "s/^ *\!.*'.*//" module_kpp_saprc99_Jacobian.F > module_kpp_saprc99_Jacobian.G
/lib/cpp -P -nostdinc -I/home/onishi/WRF/external/ioapi_share -I/home/onishi/WRF/inc -DEM_CORE=1 -DNMM_CORE=0 -DNMM_MAX_DIM=2600 -DDA_CORE=0 -DWRFPLUS=0 -DIWORDSIZE=4 -DDWORDSIZE=8 -DRWORDSIZE=4 -DLWORDSIZE=4 -DNONSTANDARD_SYSTEM_FUNC  -DWRF_USE_CLM -DUSE_NETCDF4_FEATURES -DWRFIO_NCD_LARGE_FILE_SUPPORT  -DDM_PARALLEL -DNETCDF -DGRIB2 -DHDF5 -DLANDREAD_STUB=1 -DUSE_ALLOCATABLES -Dwrfmodel -DGRIB1 -DINTIO -DKEEP_INT_AROUND -DLIMIT_ARGS -DBUILD_RRTMG_FAST=0 -DBUILD_RRTMK=0 -DBUILD_SBM_FAST=1 -DSHOW_ALL_VARS_USED=0 -DCONFIG_BUF_LEN=65536 -DMAX_DOMAINS_F=21 -DMAX_HISTORY=25 -DNMM_NEST=0 -DWRF_CHEM -DBUILD_CHEM=1 -DWRF_KPP -I. -traditional-cpp -DUSE_NETCDF4_FEATURES -DWRFIO_NCD_LARGE_FILE_SUPPORT   module_kpp_saprc99_Jacobian.G  > module_kpp_saprc99_Jacobian.bb
/home/onishi/WRF/tools/standard.exe module_kpp_saprc99_Jacobian.bb | /lib/cpp -P -nostdinc -I/home/onishi/WRF/external/ioapi_share -traditional-cpp -DUSE_NETCDF4_FEATURES -DWRFIO_NCD_LARGE_FILE_SUPPORT > module_kpp_saprc99_Jacobian.f90
rm -f module_kpp_saprc99_Jacobian.G module_kpp_saprc99_Jacobian.bb
time mpif90 -f90=ifort -o module_kpp_saprc99_Jacobian.o -c -O3 -ip -fp-model precise -w -ftz -align all -fno-alias -FR -convert big_endian    -I../dyn_em  -I/home/onishi/WRF/external/esmf_time_f90  -I/home/onishi/WRF/main -I/home/onishi/WRF/external/io_netcdf -I/home/onishi/WRF/external/io_int -I/home/onishi/WRF/frame -I/home/onishi/WRF/share -I/home/onishi/WRF/phys -I/home/onishi/WRF/wrftladj -I/home/onishi/WRF/chem -I/home/onishi/WRF/inc -I/home/onishi/NETCDF_DIR2//include  -real-size `expr 8 \* 4` -i4  module_kpp_saprc99_Jacobian.f90
0.58user 0.07system 0:00.67elapsed 97%CPU (0avgtext+0avgdata 68544maxresident)k
600inputs+1248outputs (0major+14580minor)pagefaults 0swaps
rm -f module_kpp_saprc99_Update_Rconst.o
sed -e "s/^\!.*'.*//" -e "s/^ *\!.*'.*//" module_kpp_saprc99_Update_Rconst.F > module_kpp_saprc99_Update_Rconst.G
/lib/cpp -P -nostdinc -I/home/onishi/WRF/external/ioapi_share -I/home/onishi/WRF/inc -DEM_CORE=1 -DNMM_CORE=0 -DNMM_MAX_DIM=2600 -DDA_CORE=0 -DWRFPLUS=0 -DIWORDSIZE=4 -DDWORDSIZE=8 -DRWORDSIZE=4 -DLWORDSIZE=4 -DNONSTANDARD_SYSTEM_FUNC  -DWRF_USE_CLM -DUSE_NETCDF4_FEATURES -DWRFIO_NCD_LARGE_FILE_SUPPORT  -DDM_PARALLEL -DNETCDF -DGRIB2 -DHDF5 -DLANDREAD_STUB=1 -DUSE_ALLOCATABLES -Dwrfmodel -DGRIB1 -DINTIO -DKEEP_INT_AROUND -DLIMIT_ARGS -DBUILD_RRTMG_FAST=0 -DBUILD_RRTMK=0 -DBUILD_SBM_FAST=1 -DSHOW_ALL_VARS_USED=0 -DCONFIG_BUF_LEN=65536 -DMAX_DOMAINS_F=21 -DMAX_HISTORY=25 -DNMM_NEST=0 -DWRF_CHEM -DBUILD_CHEM=1 -DWRF_KPP -I. -traditional-cpp -DUSE_NETCDF4_FEATURES -DWRFIO_NCD_LARGE_FILE_SUPPORT   module_kpp_saprc99_Update_Rconst.G  > module_kpp_saprc99_Update_Rconst.bb
/home/onishi/WRF/tools/standard.exe module_kpp_saprc99_Update_Rconst.bb | /lib/cpp -P -nostdinc -I/home/onishi/WRF/external/ioapi_share -traditional-cpp -DUSE_NETCDF4_FEATURES -DWRFIO_NCD_LARGE_FILE_SUPPORT > module_kpp_saprc99_Update_Rconst.f90
rm -f module_kpp_saprc99_Update_Rconst.G module_kpp_saprc99_Update_Rconst.bb
time mpif90 -f90=ifort -o module_kpp_saprc99_Update_Rconst.o -c -O3 -ip -fp-model precise -w -ftz -align all -fno-alias -FR -convert big_endian    -I../dyn_em  -I/home/onishi/WRF/external/esmf_time_f90  -I/home/onishi/WRF/main -I/home/onishi/WRF/external/io_netcdf -I/home/onishi/WRF/external/io_int -I/home/onishi/WRF/frame -I/home/onishi/WRF/share -I/home/onishi/WRF/phys -I/home/onishi/WRF/wrftladj -I/home/onishi/WRF/chem -I/home/onishi/WRF/inc -I/home/onishi/NETCDF_DIR2//include  -real-size `expr 8 \* 4` -i4  module_kpp_saprc99_Update_Rconst.f90
0.12user 0.07system 0:00.23elapsed 88%CPU (0avgtext+0avgdata 57828maxresident)k
40inputs+424outputs (0major+11360minor)pagefaults 0swaps
rm -f module_kpp_saprc99_Integr.o
sed -e "s/^\!.*'.*//" -e "s/^ *\!.*'.*//" module_kpp_saprc99_Integr.F > module_kpp_saprc99_Integr.G
/lib/cpp -P -nostdinc -I/home/onishi/WRF/external/ioapi_share -I/home/onishi/WRF/inc -DEM_CORE=1 -DNMM_CORE=0 -DNMM_MAX_DIM=2600 -DDA_CORE=0 -DWRFPLUS=0 -DIWORDSIZE=4 -DDWORDSIZE=8 -DRWORDSIZE=4 -DLWORDSIZE=4 -DNONSTANDARD_SYSTEM_FUNC  -DWRF_USE_CLM -DUSE_NETCDF4_FEATURES -DWRFIO_NCD_LARGE_FILE_SUPPORT  -DDM_PARALLEL -DNETCDF -DGRIB2 -DHDF5 -DLANDREAD_STUB=1 -DUSE_ALLOCATABLES -Dwrfmodel -DGRIB1 -DINTIO -DKEEP_INT_AROUND -DLIMIT_ARGS -DBUILD_RRTMG_FAST=0 -DBUILD_RRTMK=0 -DBUILD_SBM_FAST=1 -DSHOW_ALL_VARS_USED=0 -DCONFIG_BUF_LEN=65536 -DMAX_DOMAINS_F=21 -DMAX_HISTORY=25 -DNMM_NEST=0 -DWRF_CHEM -DBUILD_CHEM=1 -DWRF_KPP -I. -traditional-cpp -DUSE_NETCDF4_FEATURES -DWRFIO_NCD_LARGE_FILE_SUPPORT   module_kpp_saprc99_Integr.G  > module_kpp_saprc99_Integr.bb
/home/onishi/WRF/tools/standard.exe module_kpp_saprc99_Integr.bb | /lib/cpp -P -nostdinc -I/home/onishi/WRF/external/ioapi_share -traditional-cpp -DUSE_NETCDF4_FEATURES -DWRFIO_NCD_LARGE_FILE_SUPPORT > module_kpp_saprc99_Integr.f90
rm -f module_kpp_saprc99_Integr.G module_kpp_saprc99_Integr.bb
time mpif90 -f90=ifort -o module_kpp_saprc99_Integr.o -c -O3 -ip -fp-model precise -w -ftz -align all -fno-alias -FR -convert big_endian    -I../dyn_em  -I/home/onishi/WRF/external/esmf_time_f90  -I/home/onishi/WRF/main -I/home/onishi/WRF/external/io_netcdf -I/home/onishi/WRF/external/io_int -I/home/onishi/WRF/frame -I/home/onishi/WRF/share -I/home/onishi/WRF/phys -I/home/onishi/WRF/wrftladj -I/home/onishi/WRF/chem -I/home/onishi/WRF/inc -I/home/onishi/NETCDF_DIR2//include  -real-size `expr 8 \* 4` -i4  module_kpp_saprc99_Integr.f90
7.89user 0.22system 0:08.13elapsed 99%CPU (0avgtext+0avgdata 203872maxresident)k
600inputs+7472outputs (0major+57864minor)pagefaults 0swaps
rm -f module_kpp_saprc99_interface.o
sed -e "s/^\!.*'.*//" -e "s/^ *\!.*'.*//" module_kpp_saprc99_interface.F > module_kpp_saprc99_interface.G
/lib/cpp -P -nostdinc -I/home/onishi/WRF/external/ioapi_share -I/home/onishi/WRF/inc -DEM_CORE=1 -DNMM_CORE=0 -DNMM_MAX_DIM=2600 -DDA_CORE=0 -DWRFPLUS=0 -DIWORDSIZE=4 -DDWORDSIZE=8 -DRWORDSIZE=4 -DLWORDSIZE=4 -DNONSTANDARD_SYSTEM_FUNC  -DWRF_USE_CLM -DUSE_NETCDF4_FEATURES -DWRFIO_NCD_LARGE_FILE_SUPPORT  -DDM_PARALLEL -DNETCDF -DGRIB2 -DHDF5 -DLANDREAD_STUB=1 -DUSE_ALLOCATABLES -Dwrfmodel -DGRIB1 -DINTIO -DKEEP_INT_AROUND -DLIMIT_ARGS -DBUILD_RRTMG_FAST=0 -DBUILD_RRTMK=0 -DBUILD_SBM_FAST=1 -DSHOW_ALL_VARS_USED=0 -DCONFIG_BUF_LEN=65536 -DMAX_DOMAINS_F=21 -DMAX_HISTORY=25 -DNMM_NEST=0 -DWRF_CHEM -DBUILD_CHEM=1 -DWRF_KPP -I. -traditional-cpp -DUSE_NETCDF4_FEATURES -DWRFIO_NCD_LARGE_FILE_SUPPORT   module_kpp_saprc99_interface.G  > module_kpp_saprc99_interface.bb
/home/onishi/WRF/tools/standard.exe module_kpp_saprc99_interface.bb | /lib/cpp -P -nostdinc -I/home/onishi/WRF/external/ioapi_share -traditional-cpp -DUSE_NETCDF4_FEATURES -DWRFIO_NCD_LARGE_FILE_SUPPORT > module_kpp_saprc99_interface.f90
rm -f module_kpp_saprc99_interface.G module_kpp_saprc99_interface.bb
time mpif90 -f90=ifort -o module_kpp_saprc99_interface.o -c -O3 -ip -fp-model precise -w -ftz -align all -fno-alias -FR -convert big_endian    -I../dyn_em  -I/home/onishi/WRF/external/esmf_time_f90  -I/home/onishi/WRF/main -I/home/onishi/WRF/external/io_netcdf -I/home/onishi/WRF/external/io_int -I/home/onishi/WRF/frame -I/home/onishi/WRF/share -I/home/onishi/WRF/phys -I/home/onishi/WRF/wrftladj -I/home/onishi/WRF/chem -I/home/onishi/WRF/inc -I/home/onishi/NETCDF_DIR2//include  -real-size `expr 8 \* 4` -i4  module_kpp_saprc99_interface.f90
0.57user 0.07system 0:00.70elapsed 92%CPU (0avgtext+0avgdata 81248maxresident)k
272inputs+1528outputs (0major+16418minor)pagefaults 0swaps
rm -f module_kpp_saprc99_mosaic_4bin_vbs2_Precision.o
sed -e "s/^\!.*'.*//" -e "s/^ *\!.*'.*//" module_kpp_saprc99_mosaic_4bin_vbs2_Precision.F > module_kpp_saprc99_mosaic_4bin_vbs2_Precision.G
/lib/cpp -P -nostdinc -I/home/onishi/WRF/external/ioapi_share -I/home/onishi/WRF/inc -DEM_CORE=1 -DNMM_CORE=0 -DNMM_MAX_DIM=2600 -DDA_CORE=0 -DWRFPLUS=0 -DIWORDSIZE=4 -DDWORDSIZE=8 -DRWORDSIZE=4 -DLWORDSIZE=4 -DNONSTANDARD_SYSTEM_FUNC  -DWRF_USE_CLM -DUSE_NETCDF4_FEATURES -DWRFIO_NCD_LARGE_FILE_SUPPORT  -DDM_PARALLEL -DNETCDF -DGRIB2 -DHDF5 -DLANDREAD_STUB=1 -DUSE_ALLOCATABLES -Dwrfmodel -DGRIB1 -DINTIO -DKEEP_INT_AROUND -DLIMIT_ARGS -DBUILD_RRTMG_FAST=0 -DBUILD_RRTMK=0 -DBUILD_SBM_FAST=1 -DSHOW_ALL_VARS_USED=0 -DCONFIG_BUF_LEN=65536 -DMAX_DOMAINS_F=21 -DMAX_HISTORY=25 -DNMM_NEST=0 -DWRF_CHEM -DBUILD_CHEM=1 -DWRF_KPP -I. -traditional-cpp -DUSE_NETCDF4_FEATURES -DWRFIO_NCD_LARGE_FILE_SUPPORT   module_kpp_saprc99_mosaic_4bin_vbs2_Precision.G  > module_kpp_saprc99_mosaic_4bin_vbs2_Precision.bb
/home/onishi/WRF/tools/standard.exe module_kpp_saprc99_mosaic_4bin_vbs2_Precision.bb | /lib/cpp -P -nostdinc -I/home/onishi/WRF/external/ioapi_share -traditional-cpp -DUSE_NETCDF4_FEATURES -DWRFIO_NCD_LARGE_FILE_SUPPORT > module_kpp_saprc99_mosaic_4bin_vbs2_Precision.f90
rm -f module_kpp_saprc99_mosaic_4bin_vbs2_Precision.G module_kpp_saprc99_mosaic_4bin_vbs2_Precision.bb
time mpif90 -f90=ifort -o module_kpp_saprc99_mosaic_4bin_vbs2_Precision.o -c -O3 -ip -fp-model precise -w -ftz -align all -fno-alias -FR -convert big_endian    -I../dyn_em  -I/home/onishi/WRF/external/esmf_time_f90  -I/home/onishi/WRF/main -I/home/onishi/WRF/external/io_netcdf -I/home/onishi/WRF/external/io_int -I/home/onishi/WRF/frame -I/home/onishi/WRF/share -I/home/onishi/WRF/phys -I/home/onishi/WRF/wrftladj -I/home/onishi/WRF/chem -I/home/onishi/WRF/inc -I/home/onishi/NETCDF_DIR2//include  -real-size `expr 8 \* 4` -i4  module_kpp_saprc99_mosaic_4bin_vbs2_Precision.f90
0.01user 0.05system 0:00.09elapsed 72%CPU (0avgtext+0avgdata 37816maxresident)k
8inputs+88outputs (0major+5959minor)pagefaults 0swaps
rm -f module_kpp_saprc99_mosaic_4bin_vbs2_Parameters.o
sed -e "s/^\!.*'.*//" -e "s/^ *\!.*'.*//" module_kpp_saprc99_mosaic_4bin_vbs2_Parameters.F > module_kpp_saprc99_mosaic_4bin_vbs2_Parameters.G
/lib/cpp -P -nostdinc -I/home/onishi/WRF/external/ioapi_share -I/home/onishi/WRF/inc -DEM_CORE=1 -DNMM_CORE=0 -DNMM_MAX_DIM=2600 -DDA_CORE=0 -DWRFPLUS=0 -DIWORDSIZE=4 -DDWORDSIZE=8 -DRWORDSIZE=4 -DLWORDSIZE=4 -DNONSTANDARD_SYSTEM_FUNC  -DWRF_USE_CLM -DUSE_NETCDF4_FEATURES -DWRFIO_NCD_LARGE_FILE_SUPPORT  -DDM_PARALLEL -DNETCDF -DGRIB2 -DHDF5 -DLANDREAD_STUB=1 -DUSE_ALLOCATABLES -Dwrfmodel -DGRIB1 -DINTIO -DKEEP_INT_AROUND -DLIMIT_ARGS -DBUILD_RRTMG_FAST=0 -DBUILD_RRTMK=0 -DBUILD_SBM_FAST=1 -DSHOW_ALL_VARS_USED=0 -DCONFIG_BUF_LEN=65536 -DMAX_DOMAINS_F=21 -DMAX_HISTORY=25 -DNMM_NEST=0 -DWRF_CHEM -DBUILD_CHEM=1 -DWRF_KPP -I. -traditional-cpp -DUSE_NETCDF4_FEATURES -DWRFIO_NCD_LARGE_FILE_SUPPORT   module_kpp_saprc99_mosaic_4bin_vbs2_Parameters.G  > module_kpp_saprc99_mosaic_4bin_vbs2_Parameters.bb
/home/onishi/WRF/tools/standard.exe module_kpp_saprc99_mosaic_4bin_vbs2_Parameters.bb | /lib/cpp -P -nostdinc -I/home/onishi/WRF/external/ioapi_share -traditional-cpp -DUSE_NETCDF4_FEATURES -DWRFIO_NCD_LARGE_FILE_SUPPORT > module_kpp_saprc99_mosaic_4bin_vbs2_Parameters.f90
rm -f module_kpp_saprc99_mosaic_4bin_vbs2_Parameters.G module_kpp_saprc99_mosaic_4bin_vbs2_Parameters.bb
time mpif90 -f90=ifort -o module_kpp_saprc99_mosaic_4bin_vbs2_Parameters.o -c -O3 -ip -fp-model precise -w -ftz -align all -fno-alias -FR -convert big_endian    -I../dyn_em  -I/home/onishi/WRF/external/esmf_time_f90  -I/home/onishi/WRF/main -I/home/onishi/WRF/external/io_netcdf -I/home/onishi/WRF/external/io_int -I/home/onishi/WRF/frame -I/home/onishi/WRF/share -I/home/onishi/WRF/phys -I/home/onishi/WRF/wrftladj -I/home/onishi/WRF/chem -I/home/onishi/WRF/inc -I/home/onishi/NETCDF_DIR2//include  -real-size `expr 8 \* 4` -i4  module_kpp_saprc99_mosaic_4bin_vbs2_Parameters.f90
0.01user 0.05system 0:00.07elapsed 88%CPU (0avgtext+0avgdata 38076maxresident)k
24inputs+120outputs (0major+6012minor)pagefaults 0swaps
rm -f module_kpp_saprc99_mosaic_4bin_vbs2_JacobianSP.o
sed -e "s/^\!.*'.*//" -e "s/^ *\!.*'.*//" module_kpp_saprc99_mosaic_4bin_vbs2_JacobianSP.F > module_kpp_saprc99_mosaic_4bin_vbs2_JacobianSP.G
/lib/cpp -P -nostdinc -I/home/onishi/WRF/external/ioapi_share -I/home/onishi/WRF/inc -DEM_CORE=1 -DNMM_CORE=0 -DNMM_MAX_DIM=2600 -DDA_CORE=0 -DWRFPLUS=0 -DIWORDSIZE=4 -DDWORDSIZE=8 -DRWORDSIZE=4 -DLWORDSIZE=4 -DNONSTANDARD_SYSTEM_FUNC  -DWRF_USE_CLM -DUSE_NETCDF4_FEATURES -DWRFIO_NCD_LARGE_FILE_SUPPORT  -DDM_PARALLEL -DNETCDF -DGRIB2 -DHDF5 -DLANDREAD_STUB=1 -DUSE_ALLOCATABLES -Dwrfmodel -DGRIB1 -DINTIO -DKEEP_INT_AROUND -DLIMIT_ARGS -DBUILD_RRTMG_FAST=0 -DBUILD_RRTMK=0 -DBUILD_SBM_FAST=1 -DSHOW_ALL_VARS_USED=0 -DCONFIG_BUF_LEN=65536 -DMAX_DOMAINS_F=21 -DMAX_HISTORY=25 -DNMM_NEST=0 -DWRF_CHEM -DBUILD_CHEM=1 -DWRF_KPP -I. -traditional-cpp -DUSE_NETCDF4_FEATURES -DWRFIO_NCD_LARGE_FILE_SUPPORT   module_kpp_saprc99_mosaic_4bin_vbs2_JacobianSP.G  > module_kpp_saprc99_mosaic_4bin_vbs2_JacobianSP.bb
/home/onishi/WRF/tools/standard.exe module_kpp_saprc99_mosaic_4bin_vbs2_JacobianSP.bb | /lib/cpp -P -nostdinc -I/home/onishi/WRF/external/ioapi_share -traditional-cpp -DUSE_NETCDF4_FEATURES -DWRFIO_NCD_LARGE_FILE_SUPPORT > module_kpp_saprc99_mosaic_4bin_vbs2_JacobianSP.f90
rm -f module_kpp_saprc99_mosaic_4bin_vbs2_JacobianSP.G module_kpp_saprc99_mosaic_4bin_vbs2_JacobianSP.bb
time mpif90 -f90=ifort -o module_kpp_saprc99_mosaic_4bin_vbs2_JacobianSP.o -c -O3 -ip -fp-model precise -w -ftz -align all -fno-alias -FR -convert big_endian    -I../dyn_em  -I/home/onishi/WRF/external/esmf_time_f90  -I/home/onishi/WRF/main -I/home/onishi/WRF/external/io_netcdf -I/home/onishi/WRF/external/io_int -I/home/onishi/WRF/frame -I/home/onishi/WRF/share -I/home/onishi/WRF/phys -I/home/onishi/WRF/wrftladj -I/home/onishi/WRF/chem -I/home/onishi/WRF/inc -I/home/onishi/NETCDF_DIR2//include  -real-size `expr 8 \* 4` -i4  module_kpp_saprc99_mosaic_4bin_vbs2_JacobianSP.f90
0.02user 0.06system 0:00.09elapsed 90%CPU (0avgtext+0avgdata 39848maxresident)k
32inputs+664outputs (0major+6516minor)pagefaults 0swaps
rm -f module_kpp_saprc99_mosaic_4bin_vbs2_Jacobian.o
sed -e "s/^\!.*'.*//" -e "s/^ *\!.*'.*//" module_kpp_saprc99_mosaic_4bin_vbs2_Jacobian.F > module_kpp_saprc99_mosaic_4bin_vbs2_Jacobian.G
/lib/cpp -P -nostdinc -I/home/onishi/WRF/external/ioapi_share -I/home/onishi/WRF/inc -DEM_CORE=1 -DNMM_CORE=0 -DNMM_MAX_DIM=2600 -DDA_CORE=0 -DWRFPLUS=0 -DIWORDSIZE=4 -DDWORDSIZE=8 -DRWORDSIZE=4 -DLWORDSIZE=4 -DNONSTANDARD_SYSTEM_FUNC  -DWRF_USE_CLM -DUSE_NETCDF4_FEATURES -DWRFIO_NCD_LARGE_FILE_SUPPORT  -DDM_PARALLEL -DNETCDF -DGRIB2 -DHDF5 -DLANDREAD_STUB=1 -DUSE_ALLOCATABLES -Dwrfmodel -DGRIB1 -DINTIO -DKEEP_INT_AROUND -DLIMIT_ARGS -DBUILD_RRTMG_FAST=0 -DBUILD_RRTMK=0 -DBUILD_SBM_FAST=1 -DSHOW_ALL_VARS_USED=0 -DCONFIG_BUF_LEN=65536 -DMAX_DOMAINS_F=21 -DMAX_HISTORY=25 -DNMM_NEST=0 -DWRF_CHEM -DBUILD_CHEM=1 -DWRF_KPP -I. -traditional-cpp -DUSE_NETCDF4_FEATURES -DWRFIO_NCD_LARGE_FILE_SUPPORT   module_kpp_saprc99_mosaic_4bin_vbs2_Jacobian.G  > module_kpp_saprc99_mosaic_4bin_vbs2_Jacobian.bb
/home/onishi/WRF/tools/standard.exe module_kpp_saprc99_mosaic_4bin_vbs2_Jacobian.bb | /lib/cpp -P -nostdinc -I/home/onishi/WRF/external/ioapi_share -traditional-cpp -DUSE_NETCDF4_FEATURES -DWRFIO_NCD_LARGE_FILE_SUPPORT > module_kpp_saprc99_mosaic_4bin_vbs2_Jacobian.f90
rm -f module_kpp_saprc99_mosaic_4bin_vbs2_Jacobian.G module_kpp_saprc99_mosaic_4bin_vbs2_Jacobian.bb
time mpif90 -f90=ifort -o module_kpp_saprc99_mosaic_4bin_vbs2_Jacobian.o -c -O3 -ip -fp-model precise -w -ftz -align all -fno-alias -FR -convert big_endian    -I../dyn_em  -I/home/onishi/WRF/external/esmf_time_f90  -I/home/onishi/WRF/main -I/home/onishi/WRF/external/io_netcdf -I/home/onishi/WRF/external/io_int -I/home/onishi/WRF/frame -I/home/onishi/WRF/share -I/home/onishi/WRF/phys -I/home/onishi/WRF/wrftladj -I/home/onishi/WRF/chem -I/home/onishi/WRF/inc -I/home/onishi/NETCDF_DIR2//include  -real-size `expr 8 \* 4` -i4  module_kpp_saprc99_mosaic_4bin_vbs2_Jacobian.f90
0.68user 0.10system 0:00.80elapsed 98%CPU (0avgtext+0avgdata 75856maxresident)k
664inputs+1376outputs (0major+15965minor)pagefaults 0swaps
rm -f module_kpp_saprc99_mosaic_4bin_vbs2_Update_Rconst.o
sed -e "s/^\!.*'.*//" -e "s/^ *\!.*'.*//" module_kpp_saprc99_mosaic_4bin_vbs2_Update_Rconst.F > module_kpp_saprc99_mosaic_4bin_vbs2_Update_Rconst.G
/lib/cpp -P -nostdinc -I/home/onishi/WRF/external/ioapi_share -I/home/onishi/WRF/inc -DEM_CORE=1 -DNMM_CORE=0 -DNMM_MAX_DIM=2600 -DDA_CORE=0 -DWRFPLUS=0 -DIWORDSIZE=4 -DDWORDSIZE=8 -DRWORDSIZE=4 -DLWORDSIZE=4 -DNONSTANDARD_SYSTEM_FUNC  -DWRF_USE_CLM -DUSE_NETCDF4_FEATURES -DWRFIO_NCD_LARGE_FILE_SUPPORT  -DDM_PARALLEL -DNETCDF -DGRIB2 -DHDF5 -DLANDREAD_STUB=1 -DUSE_ALLOCATABLES -Dwrfmodel -DGRIB1 -DINTIO -DKEEP_INT_AROUND -DLIMIT_ARGS -DBUILD_RRTMG_FAST=0 -DBUILD_RRTMK=0 -DBUILD_SBM_FAST=1 -DSHOW_ALL_VARS_USED=0 -DCONFIG_BUF_LEN=65536 -DMAX_DOMAINS_F=21 -DMAX_HISTORY=25 -DNMM_NEST=0 -DWRF_CHEM -DBUILD_CHEM=1 -DWRF_KPP -I. -traditional-cpp -DUSE_NETCDF4_FEATURES -DWRFIO_NCD_LARGE_FILE_SUPPORT   module_kpp_saprc99_mosaic_4bin_vbs2_Update_Rconst.G  > module_kpp_saprc99_mosaic_4bin_vbs2_Update_Rconst.bb
/home/onishi/WRF/tools/standard.exe module_kpp_saprc99_mosaic_4bin_vbs2_Update_Rconst.bb | /lib/cpp -P -nostdinc -I/home/onishi/WRF/external/ioapi_share -traditional-cpp -DUSE_NETCDF4_FEATURES -DWRFIO_NCD_LARGE_FILE_SUPPORT > module_kpp_saprc99_mosaic_4bin_vbs2_Update_Rconst.f90
rm -f module_kpp_saprc99_mosaic_4bin_vbs2_Update_Rconst.G module_kpp_saprc99_mosaic_4bin_vbs2_Update_Rconst.bb
time mpif90 -f90=ifort -o module_kpp_saprc99_mosaic_4bin_vbs2_Update_Rconst.o -c -O3 -ip -fp-model precise -w -ftz -align all -fno-alias -FR -convert big_endian    -I../dyn_em  -I/home/onishi/WRF/external/esmf_time_f90  -I/home/onishi/WRF/main -I/home/onishi/WRF/external/io_netcdf -I/home/onishi/WRF/external/io_int -I/home/onishi/WRF/frame -I/home/onishi/WRF/share -I/home/onishi/WRF/phys -I/home/onishi/WRF/wrftladj -I/home/onishi/WRF/chem -I/home/onishi/WRF/inc -I/home/onishi/NETCDF_DIR2//include  -real-size `expr 8 \* 4` -i4  module_kpp_saprc99_mosaic_4bin_vbs2_Update_Rconst.f90
0.15user 0.06system 0:00.24elapsed 89%CPU (0avgtext+0avgdata 58604maxresident)k
40inputs+456outputs (0major+11215minor)pagefaults 0swaps
rm -f module_kpp_saprc99_mosaic_4bin_vbs2_Integr.o
sed -e "s/^\!.*'.*//" -e "s/^ *\!.*'.*//" module_kpp_saprc99_mosaic_4bin_vbs2_Integr.F > module_kpp_saprc99_mosaic_4bin_vbs2_Integr.G
/lib/cpp -P -nostdinc -I/home/onishi/WRF/external/ioapi_share -I/home/onishi/WRF/inc -DEM_CORE=1 -DNMM_CORE=0 -DNMM_MAX_DIM=2600 -DDA_CORE=0 -DWRFPLUS=0 -DIWORDSIZE=4 -DDWORDSIZE=8 -DRWORDSIZE=4 -DLWORDSIZE=4 -DNONSTANDARD_SYSTEM_FUNC  -DWRF_USE_CLM -DUSE_NETCDF4_FEATURES -DWRFIO_NCD_LARGE_FILE_SUPPORT  -DDM_PARALLEL -DNETCDF -DGRIB2 -DHDF5 -DLANDREAD_STUB=1 -DUSE_ALLOCATABLES -Dwrfmodel -DGRIB1 -DINTIO -DKEEP_INT_AROUND -DLIMIT_ARGS -DBUILD_RRTMG_FAST=0 -DBUILD_RRTMK=0 -DBUILD_SBM_FAST=1 -DSHOW_ALL_VARS_USED=0 -DCONFIG_BUF_LEN=65536 -DMAX_DOMAINS_F=21 -DMAX_HISTORY=25 -DNMM_NEST=0 -DWRF_CHEM -DBUILD_CHEM=1 -DWRF_KPP -I. -traditional-cpp -DUSE_NETCDF4_FEATURES -DWRFIO_NCD_LARGE_FILE_SUPPORT   module_kpp_saprc99_mosaic_4bin_vbs2_Integr.G  > module_kpp_saprc99_mosaic_4bin_vbs2_Integr.bb
/home/onishi/WRF/tools/standard.exe module_kpp_saprc99_mosaic_4bin_vbs2_Integr.bb | /lib/cpp -P -nostdinc -I/home/onishi/WRF/external/ioapi_share -traditional-cpp -DUSE_NETCDF4_FEATURES -DWRFIO_NCD_LARGE_FILE_SUPPORT > module_kpp_saprc99_mosaic_4bin_vbs2_Integr.f90
rm -f module_kpp_saprc99_mosaic_4bin_vbs2_Integr.G module_kpp_saprc99_mosaic_4bin_vbs2_Integr.bb
time mpif90 -f90=ifort -o module_kpp_saprc99_mosaic_4bin_vbs2_Integr.o -c -O3 -ip -fp-model precise -w -ftz -align all -fno-alias -FR -convert big_endian    -I../dyn_em  -I/home/onishi/WRF/external/esmf_time_f90  -I/home/onishi/WRF/main -I/home/onishi/WRF/external/io_netcdf -I/home/onishi/WRF/external/io_int -I/home/onishi/WRF/frame -I/home/onishi/WRF/share -I/home/onishi/WRF/phys -I/home/onishi/WRF/wrftladj -I/home/onishi/WRF/chem -I/home/onishi/WRF/inc -I/home/onishi/NETCDF_DIR2//include  -real-size `expr 8 \* 4` -i4  module_kpp_saprc99_mosaic_4bin_vbs2_Integr.f90
9.41user 0.26system 0:09.72elapsed 99%CPU (0avgtext+0avgdata 218784maxresident)k
632inputs+7856outputs (0major+66401minor)pagefaults 0swaps
rm -f module_kpp_saprc99_mosaic_4bin_vbs2_interface.o
sed -e "s/^\!.*'.*//" -e "s/^ *\!.*'.*//" module_kpp_saprc99_mosaic_4bin_vbs2_interface.F > module_kpp_saprc99_mosaic_4bin_vbs2_interface.G
/lib/cpp -P -nostdinc -I/home/onishi/WRF/external/ioapi_share -I/home/onishi/WRF/inc -DEM_CORE=1 -DNMM_CORE=0 -DNMM_MAX_DIM=2600 -DDA_CORE=0 -DWRFPLUS=0 -DIWORDSIZE=4 -DDWORDSIZE=8 -DRWORDSIZE=4 -DLWORDSIZE=4 -DNONSTANDARD_SYSTEM_FUNC  -DWRF_USE_CLM -DUSE_NETCDF4_FEATURES -DWRFIO_NCD_LARGE_FILE_SUPPORT  -DDM_PARALLEL -DNETCDF -DGRIB2 -DHDF5 -DLANDREAD_STUB=1 -DUSE_ALLOCATABLES -Dwrfmodel -DGRIB1 -DINTIO -DKEEP_INT_AROUND -DLIMIT_ARGS -DBUILD_RRTMG_FAST=0 -DBUILD_RRTMK=0 -DBUILD_SBM_FAST=1 -DSHOW_ALL_VARS_USED=0 -DCONFIG_BUF_LEN=65536 -DMAX_DOMAINS_F=21 -DMAX_HISTORY=25 -DNMM_NEST=0 -DWRF_CHEM -DBUILD_CHEM=1 -DWRF_KPP -I. -traditional-cpp -DUSE_NETCDF4_FEATURES -DWRFIO_NCD_LARGE_FILE_SUPPORT   module_kpp_saprc99_mosaic_4bin_vbs2_interface.G  > module_kpp_saprc99_mosaic_4bin_vbs2_interface.bb
/home/onishi/WRF/tools/standard.exe module_kpp_saprc99_mosaic_4bin_vbs2_interface.bb | /lib/cpp -P -nostdinc -I/home/onishi/WRF/external/ioapi_share -traditional-cpp -DUSE_NETCDF4_FEATURES -DWRFIO_NCD_LARGE_FILE_SUPPORT > module_kpp_saprc99_mosaic_4bin_vbs2_interface.f90
rm -f module_kpp_saprc99_mosaic_4bin_vbs2_interface.G module_kpp_saprc99_mosaic_4bin_vbs2_interface.bb
time mpif90 -f90=ifort -o module_kpp_saprc99_mosaic_4bin_vbs2_interface.o -c -O3 -ip -fp-model precise -w -ftz -align all -fno-alias -FR -convert big_endian    -I../dyn_em  -I/home/onishi/WRF/external/esmf_time_f90  -I/home/onishi/WRF/main -I/home/onishi/WRF/external/io_netcdf -I/home/onishi/WRF/external/io_int -I/home/onishi/WRF/frame -I/home/onishi/WRF/share -I/home/onishi/WRF/phys -I/home/onishi/WRF/wrftladj -I/home/onishi/WRF/chem -I/home/onishi/WRF/inc -I/home/onishi/NETCDF_DIR2//include  -real-size `expr 8 \* 4` -i4  module_kpp_saprc99_mosaic_4bin_vbs2_interface.f90
0.65user 0.08system 0:00.77elapsed 95%CPU (0avgtext+0avgdata 85644maxresident)k
296inputs+1608outputs (0major+17621minor)pagefaults 0swaps
rm -f module_kpp_saprc99_mosaic_8bin_vbs2_aq_Precision.o
sed -e "s/^\!.*'.*//" -e "s/^ *\!.*'.*//" module_kpp_saprc99_mosaic_8bin_vbs2_aq_Precision.F > module_kpp_saprc99_mosaic_8bin_vbs2_aq_Precision.G
/lib/cpp -P -nostdinc -I/home/onishi/WRF/external/ioapi_share -I/home/onishi/WRF/inc -DEM_CORE=1 -DNMM_CORE=0 -DNMM_MAX_DIM=2600 -DDA_CORE=0 -DWRFPLUS=0 -DIWORDSIZE=4 -DDWORDSIZE=8 -DRWORDSIZE=4 -DLWORDSIZE=4 -DNONSTANDARD_SYSTEM_FUNC  -DWRF_USE_CLM -DUSE_NETCDF4_FEATURES -DWRFIO_NCD_LARGE_FILE_SUPPORT  -DDM_PARALLEL -DNETCDF -DGRIB2 -DHDF5 -DLANDREAD_STUB=1 -DUSE_ALLOCATABLES -Dwrfmodel -DGRIB1 -DINTIO -DKEEP_INT_AROUND -DLIMIT_ARGS -DBUILD_RRTMG_FAST=0 -DBUILD_RRTMK=0 -DBUILD_SBM_FAST=1 -DSHOW_ALL_VARS_USED=0 -DCONFIG_BUF_LEN=65536 -DMAX_DOMAINS_F=21 -DMAX_HISTORY=25 -DNMM_NEST=0 -DWRF_CHEM -DBUILD_CHEM=1 -DWRF_KPP -I. -traditional-cpp -DUSE_NETCDF4_FEATURES -DWRFIO_NCD_LARGE_FILE_SUPPORT   module_kpp_saprc99_mosaic_8bin_vbs2_aq_Precision.G  > module_kpp_saprc99_mosaic_8bin_vbs2_aq_Precision.bb
/home/onishi/WRF/tools/standard.exe module_kpp_saprc99_mosaic_8bin_vbs2_aq_Precision.bb | /lib/cpp -P -nostdinc -I/home/onishi/WRF/external/ioapi_share -traditional-cpp -DUSE_NETCDF4_FEATURES -DWRFIO_NCD_LARGE_FILE_SUPPORT > module_kpp_saprc99_mosaic_8bin_vbs2_aq_Precision.f90
rm -f module_kpp_saprc99_mosaic_8bin_vbs2_aq_Precision.G module_kpp_saprc99_mosaic_8bin_vbs2_aq_Precision.bb
time mpif90 -f90=ifort -o module_kpp_saprc99_mosaic_8bin_vbs2_aq_Precision.o -c -O3 -ip -fp-model precise -w -ftz -align all -fno-alias -FR -convert big_endian    -I../dyn_em  -I/home/onishi/WRF/external/esmf_time_f90  -I/home/onishi/WRF/main -I/home/onishi/WRF/external/io_netcdf -I/home/onishi/WRF/external/io_int -I/home/onishi/WRF/frame -I/home/onishi/WRF/share -I/home/onishi/WRF/phys -I/home/onishi/WRF/wrftladj -I/home/onishi/WRF/chem -I/home/onishi/WRF/inc -I/home/onishi/NETCDF_DIR2//include  -real-size `expr 8 \* 4` -i4  module_kpp_saprc99_mosaic_8bin_vbs2_aq_Precision.f90
0.01user 0.05system 0:00.10elapsed 72%CPU (0avgtext+0avgdata 37812maxresident)k
8inputs+88outputs (0major+5962minor)pagefaults 0swaps
rm -f module_kpp_saprc99_mosaic_8bin_vbs2_aq_Parameters.o
sed -e "s/^\!.*'.*//" -e "s/^ *\!.*'.*//" module_kpp_saprc99_mosaic_8bin_vbs2_aq_Parameters.F > module_kpp_saprc99_mosaic_8bin_vbs2_aq_Parameters.G
/lib/cpp -P -nostdinc -I/home/onishi/WRF/external/ioapi_share -I/home/onishi/WRF/inc -DEM_CORE=1 -DNMM_CORE=0 -DNMM_MAX_DIM=2600 -DDA_CORE=0 -DWRFPLUS=0 -DIWORDSIZE=4 -DDWORDSIZE=8 -DRWORDSIZE=4 -DLWORDSIZE=4 -DNONSTANDARD_SYSTEM_FUNC  -DWRF_USE_CLM -DUSE_NETCDF4_FEATURES -DWRFIO_NCD_LARGE_FILE_SUPPORT  -DDM_PARALLEL -DNETCDF -DGRIB2 -DHDF5 -DLANDREAD_STUB=1 -DUSE_ALLOCATABLES -Dwrfmodel -DGRIB1 -DINTIO -DKEEP_INT_AROUND -DLIMIT_ARGS -DBUILD_RRTMG_FAST=0 -DBUILD_RRTMK=0 -DBUILD_SBM_FAST=1 -DSHOW_ALL_VARS_USED=0 -DCONFIG_BUF_LEN=65536 -DMAX_DOMAINS_F=21 -DMAX_HISTORY=25 -DNMM_NEST=0 -DWRF_CHEM -DBUILD_CHEM=1 -DWRF_KPP -I. -traditional-cpp -DUSE_NETCDF4_FEATURES -DWRFIO_NCD_LARGE_FILE_SUPPORT   module_kpp_saprc99_mosaic_8bin_vbs2_aq_Parameters.G  > module_kpp_saprc99_mosaic_8bin_vbs2_aq_Parameters.bb
/home/onishi/WRF/tools/standard.exe module_kpp_saprc99_mosaic_8bin_vbs2_aq_Parameters.bb | /lib/cpp -P -nostdinc -I/home/onishi/WRF/external/ioapi_share -traditional-cpp -DUSE_NETCDF4_FEATURES -DWRFIO_NCD_LARGE_FILE_SUPPORT > module_kpp_saprc99_mosaic_8bin_vbs2_aq_Parameters.f90
rm -f module_kpp_saprc99_mosaic_8bin_vbs2_aq_Parameters.G module_kpp_saprc99_mosaic_8bin_vbs2_aq_Parameters.bb
time mpif90 -f90=ifort -o module_kpp_saprc99_mosaic_8bin_vbs2_aq_Parameters.o -c -O3 -ip -fp-model precise -w -ftz -align all -fno-alias -FR -convert big_endian    -I../dyn_em  -I/home/onishi/WRF/external/esmf_time_f90  -I/home/onishi/WRF/main -I/home/onishi/WRF/external/io_netcdf -I/home/onishi/WRF/external/io_int -I/home/onishi/WRF/frame -I/home/onishi/WRF/share -I/home/onishi/WRF/phys -I/home/onishi/WRF/wrftladj -I/home/onishi/WRF/chem -I/home/onishi/WRF/inc -I/home/onishi/NETCDF_DIR2//include  -real-size `expr 8 \* 4` -i4  module_kpp_saprc99_mosaic_8bin_vbs2_aq_Parameters.f90
0.02user 0.04system 0:00.08elapsed 87%CPU (0avgtext+0avgdata 38180maxresident)k
24inputs+120outputs (0major+6011minor)pagefaults 0swaps
rm -f module_kpp_saprc99_mosaic_8bin_vbs2_aq_JacobianSP.o
sed -e "s/^\!.*'.*//" -e "s/^ *\!.*'.*//" module_kpp_saprc99_mosaic_8bin_vbs2_aq_JacobianSP.F > module_kpp_saprc99_mosaic_8bin_vbs2_aq_JacobianSP.G
/lib/cpp -P -nostdinc -I/home/onishi/WRF/external/ioapi_share -I/home/onishi/WRF/inc -DEM_CORE=1 -DNMM_CORE=0 -DNMM_MAX_DIM=2600 -DDA_CORE=0 -DWRFPLUS=0 -DIWORDSIZE=4 -DDWORDSIZE=8 -DRWORDSIZE=4 -DLWORDSIZE=4 -DNONSTANDARD_SYSTEM_FUNC  -DWRF_USE_CLM -DUSE_NETCDF4_FEATURES -DWRFIO_NCD_LARGE_FILE_SUPPORT  -DDM_PARALLEL -DNETCDF -DGRIB2 -DHDF5 -DLANDREAD_STUB=1 -DUSE_ALLOCATABLES -Dwrfmodel -DGRIB1 -DINTIO -DKEEP_INT_AROUND -DLIMIT_ARGS -DBUILD_RRTMG_FAST=0 -DBUILD_RRTMK=0 -DBUILD_SBM_FAST=1 -DSHOW_ALL_VARS_USED=0 -DCONFIG_BUF_LEN=65536 -DMAX_DOMAINS_F=21 -DMAX_HISTORY=25 -DNMM_NEST=0 -DWRF_CHEM -DBUILD_CHEM=1 -DWRF_KPP -I. -traditional-cpp -DUSE_NETCDF4_FEATURES -DWRFIO_NCD_LARGE_FILE_SUPPORT   module_kpp_saprc99_mosaic_8bin_vbs2_aq_JacobianSP.G  > module_kpp_saprc99_mosaic_8bin_vbs2_aq_JacobianSP.bb
/home/onishi/WRF/tools/standard.exe module_kpp_saprc99_mosaic_8bin_vbs2_aq_JacobianSP.bb | /lib/cpp -P -nostdinc -I/home/onishi/WRF/external/ioapi_share -traditional-cpp -DUSE_NETCDF4_FEATURES -DWRFIO_NCD_LARGE_FILE_SUPPORT > module_kpp_saprc99_mosaic_8bin_vbs2_aq_JacobianSP.f90
rm -f module_kpp_saprc99_mosaic_8bin_vbs2_aq_JacobianSP.G module_kpp_saprc99_mosaic_8bin_vbs2_aq_JacobianSP.bb
time mpif90 -f90=ifort -o module_kpp_saprc99_mosaic_8bin_vbs2_aq_JacobianSP.o -c -O3 -ip -fp-model precise -w -ftz -align all -fno-alias -FR -convert big_endian    -I../dyn_em  -I/home/onishi/WRF/external/esmf_time_f90  -I/home/onishi/WRF/main -I/home/onishi/WRF/external/io_netcdf -I/home/onishi/WRF/external/io_int -I/home/onishi/WRF/frame -I/home/onishi/WRF/share -I/home/onishi/WRF/phys -I/home/onishi/WRF/wrftladj -I/home/onishi/WRF/chem -I/home/onishi/WRF/inc -I/home/onishi/NETCDF_DIR2//include  -real-size `expr 8 \* 4` -i4  module_kpp_saprc99_mosaic_8bin_vbs2_aq_JacobianSP.f90
0.02user 0.06system 0:00.09elapsed 89%CPU (0avgtext+0avgdata 39740maxresident)k
32inputs+664outputs (0major+6521minor)pagefaults 0swaps
rm -f module_kpp_saprc99_mosaic_8bin_vbs2_aq_Jacobian.o
sed -e "s/^\!.*'.*//" -e "s/^ *\!.*'.*//" module_kpp_saprc99_mosaic_8bin_vbs2_aq_Jacobian.F > module_kpp_saprc99_mosaic_8bin_vbs2_aq_Jacobian.G
/lib/cpp -P -nostdinc -I/home/onishi/WRF/external/ioapi_share -I/home/onishi/WRF/inc -DEM_CORE=1 -DNMM_CORE=0 -DNMM_MAX_DIM=2600 -DDA_CORE=0 -DWRFPLUS=0 -DIWORDSIZE=4 -DDWORDSIZE=8 -DRWORDSIZE=4 -DLWORDSIZE=4 -DNONSTANDARD_SYSTEM_FUNC  -DWRF_USE_CLM -DUSE_NETCDF4_FEATURES -DWRFIO_NCD_LARGE_FILE_SUPPORT  -DDM_PARALLEL -DNETCDF -DGRIB2 -DHDF5 -DLANDREAD_STUB=1 -DUSE_ALLOCATABLES -Dwrfmodel -DGRIB1 -DINTIO -DKEEP_INT_AROUND -DLIMIT_ARGS -DBUILD_RRTMG_FAST=0 -DBUILD_RRTMK=0 -DBUILD_SBM_FAST=1 -DSHOW_ALL_VARS_USED=0 -DCONFIG_BUF_LEN=65536 -DMAX_DOMAINS_F=21 -DMAX_HISTORY=25 -DNMM_NEST=0 -DWRF_CHEM -DBUILD_CHEM=1 -DWRF_KPP -I. -traditional-cpp -DUSE_NETCDF4_FEATURES -DWRFIO_NCD_LARGE_FILE_SUPPORT   module_kpp_saprc99_mosaic_8bin_vbs2_aq_Jacobian.G  > module_kpp_saprc99_mosaic_8bin_vbs2_aq_Jacobian.bb
/home/onishi/WRF/tools/standard.exe module_kpp_saprc99_mosaic_8bin_vbs2_aq_Jacobian.bb | /lib/cpp -P -nostdinc -I/home/onishi/WRF/external/ioapi_share -traditional-cpp -DUSE_NETCDF4_FEATURES -DWRFIO_NCD_LARGE_FILE_SUPPORT > module_kpp_saprc99_mosaic_8bin_vbs2_aq_Jacobian.f90
rm -f module_kpp_saprc99_mosaic_8bin_vbs2_aq_Jacobian.G module_kpp_saprc99_mosaic_8bin_vbs2_aq_Jacobian.bb
time mpif90 -f90=ifort -o module_kpp_saprc99_mosaic_8bin_vbs2_aq_Jacobian.o -c -O3 -ip -fp-model precise -w -ftz -align all -fno-alias -FR -convert big_endian    -I../dyn_em  -I/home/onishi/WRF/external/esmf_time_f90  -I/home/onishi/WRF/main -I/home/onishi/WRF/external/io_netcdf -I/home/onishi/WRF/external/io_int -I/home/onishi/WRF/frame -I/home/onishi/WRF/share -I/home/onishi/WRF/phys -I/home/onishi/WRF/wrftladj -I/home/onishi/WRF/chem -I/home/onishi/WRF/inc -I/home/onishi/NETCDF_DIR2//include  -real-size `expr 8 \* 4` -i4  module_kpp_saprc99_mosaic_8bin_vbs2_aq_Jacobian.f90
0.72user 0.07system 0:00.81elapsed 98%CPU (0avgtext+0avgdata 76976maxresident)k
664inputs+1384outputs (0major+16251minor)pagefaults 0swaps
rm -f module_kpp_saprc99_mosaic_8bin_vbs2_aq_Update_Rconst.o
sed -e "s/^\!.*'.*//" -e "s/^ *\!.*'.*//" module_kpp_saprc99_mosaic_8bin_vbs2_aq_Update_Rconst.F > module_kpp_saprc99_mosaic_8bin_vbs2_aq_Update_Rconst.G
/lib/cpp -P -nostdinc -I/home/onishi/WRF/external/ioapi_share -I/home/onishi/WRF/inc -DEM_CORE=1 -DNMM_CORE=0 -DNMM_MAX_DIM=2600 -DDA_CORE=0 -DWRFPLUS=0 -DIWORDSIZE=4 -DDWORDSIZE=8 -DRWORDSIZE=4 -DLWORDSIZE=4 -DNONSTANDARD_SYSTEM_FUNC  -DWRF_USE_CLM -DUSE_NETCDF4_FEATURES -DWRFIO_NCD_LARGE_FILE_SUPPORT  -DDM_PARALLEL -DNETCDF -DGRIB2 -DHDF5 -DLANDREAD_STUB=1 -DUSE_ALLOCATABLES -Dwrfmodel -DGRIB1 -DINTIO -DKEEP_INT_AROUND -DLIMIT_ARGS -DBUILD_RRTMG_FAST=0 -DBUILD_RRTMK=0 -DBUILD_SBM_FAST=1 -DSHOW_ALL_VARS_USED=0 -DCONFIG_BUF_LEN=65536 -DMAX_DOMAINS_F=21 -DMAX_HISTORY=25 -DNMM_NEST=0 -DWRF_CHEM -DBUILD_CHEM=1 -DWRF_KPP -I. -traditional-cpp -DUSE_NETCDF4_FEATURES -DWRFIO_NCD_LARGE_FILE_SUPPORT   module_kpp_saprc99_mosaic_8bin_vbs2_aq_Update_Rconst.G  > module_kpp_saprc99_mosaic_8bin_vbs2_aq_Update_Rconst.bb
/home/onishi/WRF/tools/standard.exe module_kpp_saprc99_mosaic_8bin_vbs2_aq_Update_Rconst.bb | /lib/cpp -P -nostdinc -I/home/onishi/WRF/external/ioapi_share -traditional-cpp -DUSE_NETCDF4_FEATURES -DWRFIO_NCD_LARGE_FILE_SUPPORT > module_kpp_saprc99_mosaic_8bin_vbs2_aq_Update_Rconst.f90
rm -f module_kpp_saprc99_mosaic_8bin_vbs2_aq_Update_Rconst.G module_kpp_saprc99_mosaic_8bin_vbs2_aq_Update_Rconst.bb
time mpif90 -f90=ifort -o module_kpp_saprc99_mosaic_8bin_vbs2_aq_Update_Rconst.o -c -O3 -ip -fp-model precise -w -ftz -align all -fno-alias -FR -convert big_endian    -I../dyn_em  -I/home/onishi/WRF/external/esmf_time_f90  -I/home/onishi/WRF/main -I/home/onishi/WRF/external/io_netcdf -I/home/onishi/WRF/external/io_int -I/home/onishi/WRF/frame -I/home/onishi/WRF/share -I/home/onishi/WRF/phys -I/home/onishi/WRF/wrftladj -I/home/onishi/WRF/chem -I/home/onishi/WRF/inc -I/home/onishi/NETCDF_DIR2//include  -real-size `expr 8 \* 4` -i4  module_kpp_saprc99_mosaic_8bin_vbs2_aq_Update_Rconst.f90
0.17user 0.05system 0:00.25elapsed 88%CPU (0avgtext+0avgdata 59884maxresident)k
40inputs+480outputs (0major+11272minor)pagefaults 0swaps
rm -f module_kpp_saprc99_mosaic_8bin_vbs2_aq_Integr.o
sed -e "s/^\!.*'.*//" -e "s/^ *\!.*'.*//" module_kpp_saprc99_mosaic_8bin_vbs2_aq_Integr.F > module_kpp_saprc99_mosaic_8bin_vbs2_aq_Integr.G
/lib/cpp -P -nostdinc -I/home/onishi/WRF/external/ioapi_share -I/home/onishi/WRF/inc -DEM_CORE=1 -DNMM_CORE=0 -DNMM_MAX_DIM=2600 -DDA_CORE=0 -DWRFPLUS=0 -DIWORDSIZE=4 -DDWORDSIZE=8 -DRWORDSIZE=4 -DLWORDSIZE=4 -DNONSTANDARD_SYSTEM_FUNC  -DWRF_USE_CLM -DUSE_NETCDF4_FEATURES -DWRFIO_NCD_LARGE_FILE_SUPPORT  -DDM_PARALLEL -DNETCDF -DGRIB2 -DHDF5 -DLANDREAD_STUB=1 -DUSE_ALLOCATABLES -Dwrfmodel -DGRIB1 -DINTIO -DKEEP_INT_AROUND -DLIMIT_ARGS -DBUILD_RRTMG_FAST=0 -DBUILD_RRTMK=0 -DBUILD_SBM_FAST=1 -DSHOW_ALL_VARS_USED=0 -DCONFIG_BUF_LEN=65536 -DMAX_DOMAINS_F=21 -DMAX_HISTORY=25 -DNMM_NEST=0 -DWRF_CHEM -DBUILD_CHEM=1 -DWRF_KPP -I. -traditional-cpp -DUSE_NETCDF4_FEATURES -DWRFIO_NCD_LARGE_FILE_SUPPORT   module_kpp_saprc99_mosaic_8bin_vbs2_aq_Integr.G  > module_kpp_saprc99_mosaic_8bin_vbs2_aq_Integr.bb
/home/onishi/WRF/tools/standard.exe module_kpp_saprc99_mosaic_8bin_vbs2_aq_Integr.bb | /lib/cpp -P -nostdinc -I/home/onishi/WRF/external/ioapi_share -traditional-cpp -DUSE_NETCDF4_FEATURES -DWRFIO_NCD_LARGE_FILE_SUPPORT > module_kpp_saprc99_mosaic_8bin_vbs2_aq_Integr.f90
rm -f module_kpp_saprc99_mosaic_8bin_vbs2_aq_Integr.G module_kpp_saprc99_mosaic_8bin_vbs2_aq_Integr.bb
time mpif90 -f90=ifort -o module_kpp_saprc99_mosaic_8bin_vbs2_aq_Integr.o -c -O3 -ip -fp-model precise -w -ftz -align all -fno-alias -FR -convert big_endian    -I../dyn_em  -I/home/onishi/WRF/external/esmf_time_f90  -I/home/onishi/WRF/main -I/home/onishi/WRF/external/io_netcdf -I/home/onishi/WRF/external/io_int -I/home/onishi/WRF/frame -I/home/onishi/WRF/share -I/home/onishi/WRF/phys -I/home/onishi/WRF/wrftladj -I/home/onishi/WRF/chem -I/home/onishi/WRF/inc -I/home/onishi/NETCDF_DIR2//include  -real-size `expr 8 \* 4` -i4  module_kpp_saprc99_mosaic_8bin_vbs2_aq_Integr.f90
10.00user 0.22system 0:10.24elapsed 99%CPU (0avgtext+0avgdata 246984maxresident)k
640inputs+8024outputs (0major+72806minor)pagefaults 0swaps
rm -f module_kpp_saprc99_mosaic_8bin_vbs2_aq_interface.o
sed -e "s/^\!.*'.*//" -e "s/^ *\!.*'.*//" module_kpp_saprc99_mosaic_8bin_vbs2_aq_interface.F > module_kpp_saprc99_mosaic_8bin_vbs2_aq_interface.G
/lib/cpp -P -nostdinc -I/home/onishi/WRF/external/ioapi_share -I/home/onishi/WRF/inc -DEM_CORE=1 -DNMM_CORE=0 -DNMM_MAX_DIM=2600 -DDA_CORE=0 -DWRFPLUS=0 -DIWORDSIZE=4 -DDWORDSIZE=8 -DRWORDSIZE=4 -DLWORDSIZE=4 -DNONSTANDARD_SYSTEM_FUNC  -DWRF_USE_CLM -DUSE_NETCDF4_FEATURES -DWRFIO_NCD_LARGE_FILE_SUPPORT  -DDM_PARALLEL -DNETCDF -DGRIB2 -DHDF5 -DLANDREAD_STUB=1 -DUSE_ALLOCATABLES -Dwrfmodel -DGRIB1 -DINTIO -DKEEP_INT_AROUND -DLIMIT_ARGS -DBUILD_RRTMG_FAST=0 -DBUILD_RRTMK=0 -DBUILD_SBM_FAST=1 -DSHOW_ALL_VARS_USED=0 -DCONFIG_BUF_LEN=65536 -DMAX_DOMAINS_F=21 -DMAX_HISTORY=25 -DNMM_NEST=0 -DWRF_CHEM -DBUILD_CHEM=1 -DWRF_KPP -I. -traditional-cpp -DUSE_NETCDF4_FEATURES -DWRFIO_NCD_LARGE_FILE_SUPPORT   module_kpp_saprc99_mosaic_8bin_vbs2_aq_interface.G  > module_kpp_saprc99_mosaic_8bin_vbs2_aq_interface.bb
/home/onishi/WRF/tools/standard.exe module_kpp_saprc99_mosaic_8bin_vbs2_aq_interface.bb | /lib/cpp -P -nostdinc -I/home/onishi/WRF/external/ioapi_share -traditional-cpp -DUSE_NETCDF4_FEATURES -DWRFIO_NCD_LARGE_FILE_SUPPORT > module_kpp_saprc99_mosaic_8bin_vbs2_aq_interface.f90
rm -f module_kpp_saprc99_mosaic_8bin_vbs2_aq_interface.G module_kpp_saprc99_mosaic_8bin_vbs2_aq_interface.bb
time mpif90 -f90=ifort -o module_kpp_saprc99_mosaic_8bin_vbs2_aq_interface.o -c -O3 -ip -fp-model precise -w -ftz -align all -fno-alias -FR -convert big_endian    -I../dyn_em  -I/home/onishi/WRF/external/esmf_time_f90  -I/home/onishi/WRF/main -I/home/onishi/WRF/external/io_netcdf -I/home/onishi/WRF/external/io_int -I/home/onishi/WRF/frame -I/home/onishi/WRF/share -I/home/onishi/WRF/phys -I/home/onishi/WRF/wrftladj -I/home/onishi/WRF/chem -I/home/onishi/WRF/inc -I/home/onishi/NETCDF_DIR2//include  -real-size `expr 8 \* 4` -i4  module_kpp_saprc99_mosaic_8bin_vbs2_aq_interface.f90
0.64user 0.09system 0:00.77elapsed 94%CPU (0avgtext+0avgdata 85524maxresident)k
296inputs+1608outputs (0major+17516minor)pagefaults 0swaps
rm -f module_kpp_t1_mozcart_Precision.o
sed -e "s/^\!.*'.*//" -e "s/^ *\!.*'.*//" module_kpp_t1_mozcart_Precision.F > module_kpp_t1_mozcart_Precision.G
/lib/cpp -P -nostdinc -I/home/onishi/WRF/external/ioapi_share -I/home/onishi/WRF/inc -DEM_CORE=1 -DNMM_CORE=0 -DNMM_MAX_DIM=2600 -DDA_CORE=0 -DWRFPLUS=0 -DIWORDSIZE=4 -DDWORDSIZE=8 -DRWORDSIZE=4 -DLWORDSIZE=4 -DNONSTANDARD_SYSTEM_FUNC  -DWRF_USE_CLM -DUSE_NETCDF4_FEATURES -DWRFIO_NCD_LARGE_FILE_SUPPORT  -DDM_PARALLEL -DNETCDF -DGRIB2 -DHDF5 -DLANDREAD_STUB=1 -DUSE_ALLOCATABLES -Dwrfmodel -DGRIB1 -DINTIO -DKEEP_INT_AROUND -DLIMIT_ARGS -DBUILD_RRTMG_FAST=0 -DBUILD_RRTMK=0 -DBUILD_SBM_FAST=1 -DSHOW_ALL_VARS_USED=0 -DCONFIG_BUF_LEN=65536 -DMAX_DOMAINS_F=21 -DMAX_HISTORY=25 -DNMM_NEST=0 -DWRF_CHEM -DBUILD_CHEM=1 -DWRF_KPP -I. -traditional-cpp -DUSE_NETCDF4_FEATURES -DWRFIO_NCD_LARGE_FILE_SUPPORT   module_kpp_t1_mozcart_Precision.G  > module_kpp_t1_mozcart_Precision.bb
/home/onishi/WRF/tools/standard.exe module_kpp_t1_mozcart_Precision.bb | /lib/cpp -P -nostdinc -I/home/onishi/WRF/external/ioapi_share -traditional-cpp -DUSE_NETCDF4_FEATURES -DWRFIO_NCD_LARGE_FILE_SUPPORT > module_kpp_t1_mozcart_Precision.f90
rm -f module_kpp_t1_mozcart_Precision.G module_kpp_t1_mozcart_Precision.bb
time mpif90 -f90=ifort -o module_kpp_t1_mozcart_Precision.o -c -O3 -ip -fp-model precise -w -ftz -align all -fno-alias -FR -convert big_endian    -I../dyn_em  -I/home/onishi/WRF/external/esmf_time_f90  -I/home/onishi/WRF/main -I/home/onishi/WRF/external/io_netcdf -I/home/onishi/WRF/external/io_int -I/home/onishi/WRF/frame -I/home/onishi/WRF/share -I/home/onishi/WRF/phys -I/home/onishi/WRF/wrftladj -I/home/onishi/WRF/chem -I/home/onishi/WRF/inc -I/home/onishi/NETCDF_DIR2//include  -real-size `expr 8 \* 4` -i4  module_kpp_t1_mozcart_Precision.f90
0.02user 0.04system 0:00.10elapsed 70%CPU (0avgtext+0avgdata 37836maxresident)k
8inputs+88outputs (0major+5967minor)pagefaults 0swaps
rm -f module_kpp_t1_mozcart_Parameters.o
sed -e "s/^\!.*'.*//" -e "s/^ *\!.*'.*//" module_kpp_t1_mozcart_Parameters.F > module_kpp_t1_mozcart_Parameters.G
/lib/cpp -P -nostdinc -I/home/onishi/WRF/external/ioapi_share -I/home/onishi/WRF/inc -DEM_CORE=1 -DNMM_CORE=0 -DNMM_MAX_DIM=2600 -DDA_CORE=0 -DWRFPLUS=0 -DIWORDSIZE=4 -DDWORDSIZE=8 -DRWORDSIZE=4 -DLWORDSIZE=4 -DNONSTANDARD_SYSTEM_FUNC  -DWRF_USE_CLM -DUSE_NETCDF4_FEATURES -DWRFIO_NCD_LARGE_FILE_SUPPORT  -DDM_PARALLEL -DNETCDF -DGRIB2 -DHDF5 -DLANDREAD_STUB=1 -DUSE_ALLOCATABLES -Dwrfmodel -DGRIB1 -DINTIO -DKEEP_INT_AROUND -DLIMIT_ARGS -DBUILD_RRTMG_FAST=0 -DBUILD_RRTMK=0 -DBUILD_SBM_FAST=1 -DSHOW_ALL_VARS_USED=0 -DCONFIG_BUF_LEN=65536 -DMAX_DOMAINS_F=21 -DMAX_HISTORY=25 -DNMM_NEST=0 -DWRF_CHEM -DBUILD_CHEM=1 -DWRF_KPP -I. -traditional-cpp -DUSE_NETCDF4_FEATURES -DWRFIO_NCD_LARGE_FILE_SUPPORT   module_kpp_t1_mozcart_Parameters.G  > module_kpp_t1_mozcart_Parameters.bb
/home/onishi/WRF/tools/standard.exe module_kpp_t1_mozcart_Parameters.bb | /lib/cpp -P -nostdinc -I/home/onishi/WRF/external/ioapi_share -traditional-cpp -DUSE_NETCDF4_FEATURES -DWRFIO_NCD_LARGE_FILE_SUPPORT > module_kpp_t1_mozcart_Parameters.f90
rm -f module_kpp_t1_mozcart_Parameters.G module_kpp_t1_mozcart_Parameters.bb
time mpif90 -f90=ifort -o module_kpp_t1_mozcart_Parameters.o -c -O3 -ip -fp-model precise -w -ftz -align all -fno-alias -FR -convert big_endian    -I../dyn_em  -I/home/onishi/WRF/external/esmf_time_f90  -I/home/onishi/WRF/main -I/home/onishi/WRF/external/io_netcdf -I/home/onishi/WRF/external/io_int -I/home/onishi/WRF/frame -I/home/onishi/WRF/share -I/home/onishi/WRF/phys -I/home/onishi/WRF/wrftladj -I/home/onishi/WRF/chem -I/home/onishi/WRF/inc -I/home/onishi/NETCDF_DIR2//include  -real-size `expr 8 \* 4` -i4  module_kpp_t1_mozcart_Parameters.f90
0.02user 0.05system 0:00.08elapsed 89%CPU (0avgtext+0avgdata 38124maxresident)k
24inputs+128outputs (0major+6016minor)pagefaults 0swaps
rm -f module_kpp_t1_mozcart_JacobianSP.o
sed -e "s/^\!.*'.*//" -e "s/^ *\!.*'.*//" module_kpp_t1_mozcart_JacobianSP.F > module_kpp_t1_mozcart_JacobianSP.G
/lib/cpp -P -nostdinc -I/home/onishi/WRF/external/ioapi_share -I/home/onishi/WRF/inc -DEM_CORE=1 -DNMM_CORE=0 -DNMM_MAX_DIM=2600 -DDA_CORE=0 -DWRFPLUS=0 -DIWORDSIZE=4 -DDWORDSIZE=8 -DRWORDSIZE=4 -DLWORDSIZE=4 -DNONSTANDARD_SYSTEM_FUNC  -DWRF_USE_CLM -DUSE_NETCDF4_FEATURES -DWRFIO_NCD_LARGE_FILE_SUPPORT  -DDM_PARALLEL -DNETCDF -DGRIB2 -DHDF5 -DLANDREAD_STUB=1 -DUSE_ALLOCATABLES -Dwrfmodel -DGRIB1 -DINTIO -DKEEP_INT_AROUND -DLIMIT_ARGS -DBUILD_RRTMG_FAST=0 -DBUILD_RRTMK=0 -DBUILD_SBM_FAST=1 -DSHOW_ALL_VARS_USED=0 -DCONFIG_BUF_LEN=65536 -DMAX_DOMAINS_F=21 -DMAX_HISTORY=25 -DNMM_NEST=0 -DWRF_CHEM -DBUILD_CHEM=1 -DWRF_KPP -I. -traditional-cpp -DUSE_NETCDF4_FEATURES -DWRFIO_NCD_LARGE_FILE_SUPPORT   module_kpp_t1_mozcart_JacobianSP.G  > module_kpp_t1_mozcart_JacobianSP.bb
/home/onishi/WRF/tools/standard.exe module_kpp_t1_mozcart_JacobianSP.bb | /lib/cpp -P -nostdinc -I/home/onishi/WRF/external/ioapi_share -traditional-cpp -DUSE_NETCDF4_FEATURES -DWRFIO_NCD_LARGE_FILE_SUPPORT > module_kpp_t1_mozcart_JacobianSP.f90
rm -f module_kpp_t1_mozcart_JacobianSP.G module_kpp_t1_mozcart_JacobianSP.bb
time mpif90 -f90=ifort -o module_kpp_t1_mozcart_JacobianSP.o -c -O3 -ip -fp-model precise -w -ftz -align all -fno-alias -FR -convert big_endian    -I../dyn_em  -I/home/onishi/WRF/external/esmf_time_f90  -I/home/onishi/WRF/main -I/home/onishi/WRF/external/io_netcdf -I/home/onishi/WRF/external/io_int -I/home/onishi/WRF/frame -I/home/onishi/WRF/share -I/home/onishi/WRF/phys -I/home/onishi/WRF/wrftladj -I/home/onishi/WRF/chem -I/home/onishi/WRF/inc -I/home/onishi/NETCDF_DIR2//include  -real-size `expr 8 \* 4` -i4  module_kpp_t1_mozcart_JacobianSP.f90
0.04user 0.05system 0:00.13elapsed 75%CPU (0avgtext+0avgdata 40772maxresident)k
40inputs+928outputs (0major+6775minor)pagefaults 0swaps
rm -f module_kpp_t1_mozcart_Jacobian.o
sed -e "s/^\!.*'.*//" -e "s/^ *\!.*'.*//" module_kpp_t1_mozcart_Jacobian.F > module_kpp_t1_mozcart_Jacobian.G
/lib/cpp -P -nostdinc -I/home/onishi/WRF/external/ioapi_share -I/home/onishi/WRF/inc -DEM_CORE=1 -DNMM_CORE=0 -DNMM_MAX_DIM=2600 -DDA_CORE=0 -DWRFPLUS=0 -DIWORDSIZE=4 -DDWORDSIZE=8 -DRWORDSIZE=4 -DLWORDSIZE=4 -DNONSTANDARD_SYSTEM_FUNC  -DWRF_USE_CLM -DUSE_NETCDF4_FEATURES -DWRFIO_NCD_LARGE_FILE_SUPPORT  -DDM_PARALLEL -DNETCDF -DGRIB2 -DHDF5 -DLANDREAD_STUB=1 -DUSE_ALLOCATABLES -Dwrfmodel -DGRIB1 -DINTIO -DKEEP_INT_AROUND -DLIMIT_ARGS -DBUILD_RRTMG_FAST=0 -DBUILD_RRTMK=0 -DBUILD_SBM_FAST=1 -DSHOW_ALL_VARS_USED=0 -DCONFIG_BUF_LEN=65536 -DMAX_DOMAINS_F=21 -DMAX_HISTORY=25 -DNMM_NEST=0 -DWRF_CHEM -DBUILD_CHEM=1 -DWRF_KPP -I. -traditional-cpp -DUSE_NETCDF4_FEATURES -DWRFIO_NCD_LARGE_FILE_SUPPORT   module_kpp_t1_mozcart_Jacobian.G  > module_kpp_t1_mozcart_Jacobian.bb
/home/onishi/WRF/tools/standard.exe module_kpp_t1_mozcart_Jacobian.bb | /lib/cpp -P -nostdinc -I/home/onishi/WRF/external/ioapi_share -traditional-cpp -DUSE_NETCDF4_FEATURES -DWRFIO_NCD_LARGE_FILE_SUPPORT > module_kpp_t1_mozcart_Jacobian.f90
rm -f module_kpp_t1_mozcart_Jacobian.G module_kpp_t1_mozcart_Jacobian.bb
time mpif90 -f90=ifort -o module_kpp_t1_mozcart_Jacobian.o -c -O3 -ip -fp-model precise -w -ftz -align all -fno-alias -FR -convert big_endian    -I../dyn_em  -I/home/onishi/WRF/external/esmf_time_f90  -I/home/onishi/WRF/main -I/home/onishi/WRF/external/io_netcdf -I/home/onishi/WRF/external/io_int -I/home/onishi/WRF/frame -I/home/onishi/WRF/share -I/home/onishi/WRF/phys -I/home/onishi/WRF/wrftladj -I/home/onishi/WRF/chem -I/home/onishi/WRF/inc -I/home/onishi/NETCDF_DIR2//include  -real-size `expr 8 \* 4` -i4  module_kpp_t1_mozcart_Jacobian.f90
1.08user 0.10system 0:01.20elapsed 98%CPU (0avgtext+0avgdata 94836maxresident)k
952inputs+1848outputs (0major+22416minor)pagefaults 0swaps
rm -f module_kpp_t1_mozcart_Update_Rconst.o
sed -e "s/^\!.*'.*//" -e "s/^ *\!.*'.*//" module_kpp_t1_mozcart_Update_Rconst.F > module_kpp_t1_mozcart_Update_Rconst.G
/lib/cpp -P -nostdinc -I/home/onishi/WRF/external/ioapi_share -I/home/onishi/WRF/inc -DEM_CORE=1 -DNMM_CORE=0 -DNMM_MAX_DIM=2600 -DDA_CORE=0 -DWRFPLUS=0 -DIWORDSIZE=4 -DDWORDSIZE=8 -DRWORDSIZE=4 -DLWORDSIZE=4 -DNONSTANDARD_SYSTEM_FUNC  -DWRF_USE_CLM -DUSE_NETCDF4_FEATURES -DWRFIO_NCD_LARGE_FILE_SUPPORT  -DDM_PARALLEL -DNETCDF -DGRIB2 -DHDF5 -DLANDREAD_STUB=1 -DUSE_ALLOCATABLES -Dwrfmodel -DGRIB1 -DINTIO -DKEEP_INT_AROUND -DLIMIT_ARGS -DBUILD_RRTMG_FAST=0 -DBUILD_RRTMK=0 -DBUILD_SBM_FAST=1 -DSHOW_ALL_VARS_USED=0 -DCONFIG_BUF_LEN=65536 -DMAX_DOMAINS_F=21 -DMAX_HISTORY=25 -DNMM_NEST=0 -DWRF_CHEM -DBUILD_CHEM=1 -DWRF_KPP -I. -traditional-cpp -DUSE_NETCDF4_FEATURES -DWRFIO_NCD_LARGE_FILE_SUPPORT   module_kpp_t1_mozcart_Update_Rconst.G  > module_kpp_t1_mozcart_Update_Rconst.bb
/home/onishi/WRF/tools/standard.exe module_kpp_t1_mozcart_Update_Rconst.bb | /lib/cpp -P -nostdinc -I/home/onishi/WRF/external/ioapi_share -traditional-cpp -DUSE_NETCDF4_FEATURES -DWRFIO_NCD_LARGE_FILE_SUPPORT > module_kpp_t1_mozcart_Update_Rconst.f90
rm -f module_kpp_t1_mozcart_Update_Rconst.G module_kpp_t1_mozcart_Update_Rconst.bb
time mpif90 -f90=ifort -o module_kpp_t1_mozcart_Update_Rconst.o -c -O3 -ip -fp-model precise -w -ftz -align all -fno-alias -FR -convert big_endian    -I../dyn_em  -I/home/onishi/WRF/external/esmf_time_f90  -I/home/onishi/WRF/main -I/home/onishi/WRF/external/io_netcdf -I/home/onishi/WRF/external/io_int -I/home/onishi/WRF/frame -I/home/onishi/WRF/share -I/home/onishi/WRF/phys -I/home/onishi/WRF/wrftladj -I/home/onishi/WRF/chem -I/home/onishi/WRF/inc -I/home/onishi/NETCDF_DIR2//include  -real-size `expr 8 \* 4` -i4  module_kpp_t1_mozcart_Update_Rconst.f90
0.31user 0.09system 0:00.44elapsed 93%CPU (0avgtext+0avgdata 66196maxresident)k
88inputs+848outputs (0major+13240minor)pagefaults 0swaps
rm -f module_kpp_t1_mozcart_Integr.o
sed -e "s/^\!.*'.*//" -e "s/^ *\!.*'.*//" module_kpp_t1_mozcart_Integr.F > module_kpp_t1_mozcart_Integr.G
/lib/cpp -P -nostdinc -I/home/onishi/WRF/external/ioapi_share -I/home/onishi/WRF/inc -DEM_CORE=1 -DNMM_CORE=0 -DNMM_MAX_DIM=2600 -DDA_CORE=0 -DWRFPLUS=0 -DIWORDSIZE=4 -DDWORDSIZE=8 -DRWORDSIZE=4 -DLWORDSIZE=4 -DNONSTANDARD_SYSTEM_FUNC  -DWRF_USE_CLM -DUSE_NETCDF4_FEATURES -DWRFIO_NCD_LARGE_FILE_SUPPORT  -DDM_PARALLEL -DNETCDF -DGRIB2 -DHDF5 -DLANDREAD_STUB=1 -DUSE_ALLOCATABLES -Dwrfmodel -DGRIB1 -DINTIO -DKEEP_INT_AROUND -DLIMIT_ARGS -DBUILD_RRTMG_FAST=0 -DBUILD_RRTMK=0 -DBUILD_SBM_FAST=1 -DSHOW_ALL_VARS_USED=0 -DCONFIG_BUF_LEN=65536 -DMAX_DOMAINS_F=21 -DMAX_HISTORY=25 -DNMM_NEST=0 -DWRF_CHEM -DBUILD_CHEM=1 -DWRF_KPP -I. -traditional-cpp -DUSE_NETCDF4_FEATURES -DWRFIO_NCD_LARGE_FILE_SUPPORT   module_kpp_t1_mozcart_Integr.G  > module_kpp_t1_mozcart_Integr.bb
/home/onishi/WRF/tools/standard.exe module_kpp_t1_mozcart_Integr.bb | /lib/cpp -P -nostdinc -I/home/onishi/WRF/external/ioapi_share -traditional-cpp -DUSE_NETCDF4_FEATURES -DWRFIO_NCD_LARGE_FILE_SUPPORT > module_kpp_t1_mozcart_Integr.f90
rm -f module_kpp_t1_mozcart_Integr.G module_kpp_t1_mozcart_Integr.bb
time mpif90 -f90=ifort -o module_kpp_t1_mozcart_Integr.o -c -O3 -ip -fp-model precise -w -ftz -align all -fno-alias -FR -convert big_endian    -I../dyn_em  -I/home/onishi/WRF/external/esmf_time_f90  -I/home/onishi/WRF/main -I/home/onishi/WRF/external/io_netcdf -I/home/onishi/WRF/external/io_int -I/home/onishi/WRF/frame -I/home/onishi/WRF/share -I/home/onishi/WRF/phys -I/home/onishi/WRF/wrftladj -I/home/onishi/WRF/chem -I/home/onishi/WRF/inc -I/home/onishi/NETCDF_DIR2//include  -real-size `expr 8 \* 4` -i4  module_kpp_t1_mozcart_Integr.f90
22.05user 0.34system 0:22.43elapsed 99%CPU (0avgtext+0avgdata 297052maxresident)k
888inputs+11040outputs (0major+91710minor)pagefaults 0swaps
rm -f module_kpp_t1_mozcart_interface.o
sed -e "s/^\!.*'.*//" -e "s/^ *\!.*'.*//" module_kpp_t1_mozcart_interface.F > module_kpp_t1_mozcart_interface.G
/lib/cpp -P -nostdinc -I/home/onishi/WRF/external/ioapi_share -I/home/onishi/WRF/inc -DEM_CORE=1 -DNMM_CORE=0 -DNMM_MAX_DIM=2600 -DDA_CORE=0 -DWRFPLUS=0 -DIWORDSIZE=4 -DDWORDSIZE=8 -DRWORDSIZE=4 -DLWORDSIZE=4 -DNONSTANDARD_SYSTEM_FUNC  -DWRF_USE_CLM -DUSE_NETCDF4_FEATURES -DWRFIO_NCD_LARGE_FILE_SUPPORT  -DDM_PARALLEL -DNETCDF -DGRIB2 -DHDF5 -DLANDREAD_STUB=1 -DUSE_ALLOCATABLES -Dwrfmodel -DGRIB1 -DINTIO -DKEEP_INT_AROUND -DLIMIT_ARGS -DBUILD_RRTMG_FAST=0 -DBUILD_RRTMK=0 -DBUILD_SBM_FAST=1 -DSHOW_ALL_VARS_USED=0 -DCONFIG_BUF_LEN=65536 -DMAX_DOMAINS_F=21 -DMAX_HISTORY=25 -DNMM_NEST=0 -DWRF_CHEM -DBUILD_CHEM=1 -DWRF_KPP -I. -traditional-cpp -DUSE_NETCDF4_FEATURES -DWRFIO_NCD_LARGE_FILE_SUPPORT   module_kpp_t1_mozcart_interface.G  > module_kpp_t1_mozcart_interface.bb
/home/onishi/WRF/tools/standard.exe module_kpp_t1_mozcart_interface.bb | /lib/cpp -P -nostdinc -I/home/onishi/WRF/external/ioapi_share -traditional-cpp -DUSE_NETCDF4_FEATURES -DWRFIO_NCD_LARGE_FILE_SUPPORT > module_kpp_t1_mozcart_interface.f90
rm -f module_kpp_t1_mozcart_interface.G module_kpp_t1_mozcart_interface.bb
time mpif90 -f90=ifort -o module_kpp_t1_mozcart_interface.o -c -O3 -ip -fp-model precise -w -ftz -align all -fno-alias -FR -convert big_endian    -I../dyn_em  -I/home/onishi/WRF/external/esmf_time_f90  -I/home/onishi/WRF/main -I/home/onishi/WRF/external/io_netcdf -I/home/onishi/WRF/external/io_int -I/home/onishi/WRF/frame -I/home/onishi/WRF/share -I/home/onishi/WRF/phys -I/home/onishi/WRF/wrftladj -I/home/onishi/WRF/chem -I/home/onishi/WRF/inc -I/home/onishi/NETCDF_DIR2//include  -real-size `expr 8 \* 4` -i4  module_kpp_t1_mozcart_interface.f90
1.07user 0.09system 0:01.20elapsed 97%CPU (0avgtext+0avgdata 105004maxresident)k
400inputs+1792outputs (0major+22522minor)pagefaults 0swaps
rm -f module_wave_data.o
sed -e "s/^\!.*'.*//" -e "s/^ *\!.*'.*//" module_wave_data.F > module_wave_data.G
/lib/cpp -P -nostdinc -I/home/onishi/WRF/external/ioapi_share -I/home/onishi/WRF/inc -DEM_CORE=1 -DNMM_CORE=0 -DNMM_MAX_DIM=2600 -DDA_CORE=0 -DWRFPLUS=0 -DIWORDSIZE=4 -DDWORDSIZE=8 -DRWORDSIZE=4 -DLWORDSIZE=4 -DNONSTANDARD_SYSTEM_FUNC  -DWRF_USE_CLM -DUSE_NETCDF4_FEATURES -DWRFIO_NCD_LARGE_FILE_SUPPORT  -DDM_PARALLEL -DNETCDF -DGRIB2 -DHDF5 -DLANDREAD_STUB=1 -DUSE_ALLOCATABLES -Dwrfmodel -DGRIB1 -DINTIO -DKEEP_INT_AROUND -DLIMIT_ARGS -DBUILD_RRTMG_FAST=0 -DBUILD_RRTMK=0 -DBUILD_SBM_FAST=1 -DSHOW_ALL_VARS_USED=0 -DCONFIG_BUF_LEN=65536 -DMAX_DOMAINS_F=21 -DMAX_HISTORY=25 -DNMM_NEST=0 -DWRF_CHEM -DBUILD_CHEM=1 -DWRF_KPP -I. -traditional-cpp -DUSE_NETCDF4_FEATURES -DWRFIO_NCD_LARGE_FILE_SUPPORT   module_wave_data.G  > module_wave_data.bb
/home/onishi/WRF/tools/standard.exe module_wave_data.bb | /lib/cpp -P -nostdinc -I/home/onishi/WRF/external/ioapi_share -traditional-cpp -DUSE_NETCDF4_FEATURES -DWRFIO_NCD_LARGE_FILE_SUPPORT > module_wave_data.f90
rm -f module_wave_data.G module_wave_data.bb
time mpif90 -f90=ifort -o module_wave_data.o -c -O3 -ip -fp-model precise -w -ftz -align all -fno-alias -FR -convert big_endian    -I../dyn_em  -I/home/onishi/WRF/external/esmf_time_f90  -I/home/onishi/WRF/main -I/home/onishi/WRF/external/io_netcdf -I/home/onishi/WRF/external/io_int -I/home/onishi/WRF/frame -I/home/onishi/WRF/share -I/home/onishi/WRF/phys -I/home/onishi/WRF/wrftladj -I/home/onishi/WRF/chem -I/home/onishi/WRF/inc -I/home/onishi/NETCDF_DIR2//include  -real-size `expr 8 \* 4` -i4  module_wave_data.f90
0.29user 0.09system 0:00.41elapsed 92%CPU (0avgtext+0avgdata 54788maxresident)k
152inputs+568outputs (0major+9633minor)pagefaults 0swaps
rm -f module_ftuv_subs.o
sed -e "s/^\!.*'.*//" -e "s/^ *\!.*'.*//" module_ftuv_subs.F > module_ftuv_subs.G
/lib/cpp -P -nostdinc -I/home/onishi/WRF/external/ioapi_share -I/home/onishi/WRF/inc -DEM_CORE=1 -DNMM_CORE=0 -DNMM_MAX_DIM=2600 -DDA_CORE=0 -DWRFPLUS=0 -DIWORDSIZE=4 -DDWORDSIZE=8 -DRWORDSIZE=4 -DLWORDSIZE=4 -DNONSTANDARD_SYSTEM_FUNC  -DWRF_USE_CLM -DUSE_NETCDF4_FEATURES -DWRFIO_NCD_LARGE_FILE_SUPPORT  -DDM_PARALLEL -DNETCDF -DGRIB2 -DHDF5 -DLANDREAD_STUB=1 -DUSE_ALLOCATABLES -Dwrfmodel -DGRIB1 -DINTIO -DKEEP_INT_AROUND -DLIMIT_ARGS -DBUILD_RRTMG_FAST=0 -DBUILD_RRTMK=0 -DBUILD_SBM_FAST=1 -DSHOW_ALL_VARS_USED=0 -DCONFIG_BUF_LEN=65536 -DMAX_DOMAINS_F=21 -DMAX_HISTORY=25 -DNMM_NEST=0 -DWRF_CHEM -DBUILD_CHEM=1 -DWRF_KPP -I. -traditional-cpp -DUSE_NETCDF4_FEATURES -DWRFIO_NCD_LARGE_FILE_SUPPORT   module_ftuv_subs.G  > module_ftuv_subs.bb
/home/onishi/WRF/tools/standard.exe module_ftuv_subs.bb | /lib/cpp -P -nostdinc -I/home/onishi/WRF/external/ioapi_share -traditional-cpp -DUSE_NETCDF4_FEATURES -DWRFIO_NCD_LARGE_FILE_SUPPORT > module_ftuv_subs.f90
rm -f module_ftuv_subs.G module_ftuv_subs.bb
time mpif90 -f90=ifort -o module_ftuv_subs.o -c -O3 -ip -fp-model precise -w -ftz -align all -fno-alias -FR -convert big_endian    -I../dyn_em  -I/home/onishi/WRF/external/esmf_time_f90  -I/home/onishi/WRF/main -I/home/onishi/WRF/external/io_netcdf -I/home/onishi/WRF/external/io_int -I/home/onishi/WRF/frame -I/home/onishi/WRF/share -I/home/onishi/WRF/phys -I/home/onishi/WRF/wrftladj -I/home/onishi/WRF/chem -I/home/onishi/WRF/inc -I/home/onishi/NETCDF_DIR2//include  -real-size `expr 8 \* 4` -i4  module_ftuv_subs.f90
2.53user 0.10system 0:02.65elapsed 99%CPU (0avgtext+0avgdata 100956maxresident)k
192inputs+1504outputs (0major+23060minor)pagefaults 0swaps
rm -f module_ghg_fluxes.o
sed -e "s/^\!.*'.*//" -e "s/^ *\!.*'.*//" module_ghg_fluxes.F > module_ghg_fluxes.G
/lib/cpp -P -nostdinc -I/home/onishi/WRF/external/ioapi_share -I/home/onishi/WRF/inc -DEM_CORE=1 -DNMM_CORE=0 -DNMM_MAX_DIM=2600 -DDA_CORE=0 -DWRFPLUS=0 -DIWORDSIZE=4 -DDWORDSIZE=8 -DRWORDSIZE=4 -DLWORDSIZE=4 -DNONSTANDARD_SYSTEM_FUNC  -DWRF_USE_CLM -DUSE_NETCDF4_FEATURES -DWRFIO_NCD_LARGE_FILE_SUPPORT  -DDM_PARALLEL -DNETCDF -DGRIB2 -DHDF5 -DLANDREAD_STUB=1 -DUSE_ALLOCATABLES -Dwrfmodel -DGRIB1 -DINTIO -DKEEP_INT_AROUND -DLIMIT_ARGS -DBUILD_RRTMG_FAST=0 -DBUILD_RRTMK=0 -DBUILD_SBM_FAST=1 -DSHOW_ALL_VARS_USED=0 -DCONFIG_BUF_LEN=65536 -DMAX_DOMAINS_F=21 -DMAX_HISTORY=25 -DNMM_NEST=0 -DWRF_CHEM -DBUILD_CHEM=1 -DWRF_KPP -I. -traditional-cpp -DUSE_NETCDF4_FEATURES -DWRFIO_NCD_LARGE_FILE_SUPPORT   module_ghg_fluxes.G  > module_ghg_fluxes.bb
/home/onishi/WRF/tools/standard.exe module_ghg_fluxes.bb | /lib/cpp -P -nostdinc -I/home/onishi/WRF/external/ioapi_share -traditional-cpp -DUSE_NETCDF4_FEATURES -DWRFIO_NCD_LARGE_FILE_SUPPORT > module_ghg_fluxes.f90
rm -f module_ghg_fluxes.G module_ghg_fluxes.bb
time mpif90 -f90=ifort -o module_ghg_fluxes.o -c -O3 -ip -fp-model precise -w -ftz -align all -fno-alias -FR -convert big_endian    -I../dyn_em  -I/home/onishi/WRF/external/esmf_time_f90  -I/home/onishi/WRF/main -I/home/onishi/WRF/external/io_netcdf -I/home/onishi/WRF/external/io_int -I/home/onishi/WRF/frame -I/home/onishi/WRF/share -I/home/onishi/WRF/phys -I/home/onishi/WRF/wrftladj -I/home/onishi/WRF/chem -I/home/onishi/WRF/inc -I/home/onishi/NETCDF_DIR2//include  -real-size `expr 8 \* 4` -i4  module_ghg_fluxes.f90
0.65user 0.10system 0:00.78elapsed 96%CPU (0avgtext+0avgdata 75216maxresident)k
56inputs+1472outputs (0major+16191minor)pagefaults 0swaps
rm -f module_gocart_drydep.o
sed -e "s/^\!.*'.*//" -e "s/^ *\!.*'.*//" module_gocart_drydep.F > module_gocart_drydep.G
/lib/cpp -P -nostdinc -I/home/onishi/WRF/external/ioapi_share -I/home/onishi/WRF/inc -DEM_CORE=1 -DNMM_CORE=0 -DNMM_MAX_DIM=2600 -DDA_CORE=0 -DWRFPLUS=0 -DIWORDSIZE=4 -DDWORDSIZE=8 -DRWORDSIZE=4 -DLWORDSIZE=4 -DNONSTANDARD_SYSTEM_FUNC  -DWRF_USE_CLM -DUSE_NETCDF4_FEATURES -DWRFIO_NCD_LARGE_FILE_SUPPORT  -DDM_PARALLEL -DNETCDF -DGRIB2 -DHDF5 -DLANDREAD_STUB=1 -DUSE_ALLOCATABLES -Dwrfmodel -DGRIB1 -DINTIO -DKEEP_INT_AROUND -DLIMIT_ARGS -DBUILD_RRTMG_FAST=0 -DBUILD_RRTMK=0 -DBUILD_SBM_FAST=1 -DSHOW_ALL_VARS_USED=0 -DCONFIG_BUF_LEN=65536 -DMAX_DOMAINS_F=21 -DMAX_HISTORY=25 -DNMM_NEST=0 -DWRF_CHEM -DBUILD_CHEM=1 -DWRF_KPP -I. -traditional-cpp -DUSE_NETCDF4_FEATURES -DWRFIO_NCD_LARGE_FILE_SUPPORT   module_gocart_drydep.G  > module_gocart_drydep.bb
/home/onishi/WRF/tools/standard.exe module_gocart_drydep.bb | /lib/cpp -P -nostdinc -I/home/onishi/WRF/external/ioapi_share -traditional-cpp -DUSE_NETCDF4_FEATURES -DWRFIO_NCD_LARGE_FILE_SUPPORT > module_gocart_drydep.f90
rm -f module_gocart_drydep.G module_gocart_drydep.bb
time mpif90 -f90=ifort -o module_gocart_drydep.o -c -O3 -ip -fp-model precise -w -ftz -align all -fno-alias -FR -convert big_endian    -I../dyn_em  -I/home/onishi/WRF/external/esmf_time_f90  -I/home/onishi/WRF/main -I/home/onishi/WRF/external/io_netcdf -I/home/onishi/WRF/external/io_int -I/home/onishi/WRF/frame -I/home/onishi/WRF/share -I/home/onishi/WRF/phys -I/home/onishi/WRF/wrftladj -I/home/onishi/WRF/chem -I/home/onishi/WRF/inc -I/home/onishi/NETCDF_DIR2//include  -real-size `expr 8 \* 4` -i4  module_gocart_drydep.f90
0.20user 0.08system 0:00.32elapsed 90%CPU (0avgtext+0avgdata 62164maxresident)k
24inputs+1960outputs (0major+11334minor)pagefaults 0swaps
rm -f module_gocart_settling.o
sed -e "s/^\!.*'.*//" -e "s/^ *\!.*'.*//" module_gocart_settling.F > module_gocart_settling.G
/lib/cpp -P -nostdinc -I/home/onishi/WRF/external/ioapi_share -I/home/onishi/WRF/inc -DEM_CORE=1 -DNMM_CORE=0 -DNMM_MAX_DIM=2600 -DDA_CORE=0 -DWRFPLUS=0 -DIWORDSIZE=4 -DDWORDSIZE=8 -DRWORDSIZE=4 -DLWORDSIZE=4 -DNONSTANDARD_SYSTEM_FUNC  -DWRF_USE_CLM -DUSE_NETCDF4_FEATURES -DWRFIO_NCD_LARGE_FILE_SUPPORT  -DDM_PARALLEL -DNETCDF -DGRIB2 -DHDF5 -DLANDREAD_STUB=1 -DUSE_ALLOCATABLES -Dwrfmodel -DGRIB1 -DINTIO -DKEEP_INT_AROUND -DLIMIT_ARGS -DBUILD_RRTMG_FAST=0 -DBUILD_RRTMK=0 -DBUILD_SBM_FAST=1 -DSHOW_ALL_VARS_USED=0 -DCONFIG_BUF_LEN=65536 -DMAX_DOMAINS_F=21 -DMAX_HISTORY=25 -DNMM_NEST=0 -DWRF_CHEM -DBUILD_CHEM=1 -DWRF_KPP -I. -traditional-cpp -DUSE_NETCDF4_FEATURES -DWRFIO_NCD_LARGE_FILE_SUPPORT   module_gocart_settling.G  > module_gocart_settling.bb
/home/onishi/WRF/tools/standard.exe module_gocart_settling.bb | /lib/cpp -P -nostdinc -I/home/onishi/WRF/external/ioapi_share -traditional-cpp -DUSE_NETCDF4_FEATURES -DWRFIO_NCD_LARGE_FILE_SUPPORT > module_gocart_settling.f90
rm -f module_gocart_settling.G module_gocart_settling.bb
time mpif90 -f90=ifort -o module_gocart_settling.o -c -O3 -ip -fp-model precise -w -ftz -align all -fno-alias -FR -convert big_endian    -I../dyn_em  -I/home/onishi/WRF/external/esmf_time_f90  -I/home/onishi/WRF/main -I/home/onishi/WRF/external/io_netcdf -I/home/onishi/WRF/external/io_int -I/home/onishi/WRF/frame -I/home/onishi/WRF/share -I/home/onishi/WRF/phys -I/home/onishi/WRF/wrftladj -I/home/onishi/WRF/chem -I/home/onishi/WRF/inc -I/home/onishi/NETCDF_DIR2//include  -real-size `expr 8 \* 4` -i4  module_gocart_settling.f90
0.65user 0.09system 0:00.77elapsed 95%CPU (0avgtext+0avgdata 74748maxresident)k
40inputs+1296outputs (0major+14875minor)pagefaults 0swaps
rm -f module_gocart_so2so4.o
sed -e "s/^\!.*'.*//" -e "s/^ *\!.*'.*//" module_gocart_so2so4.F > module_gocart_so2so4.G
/lib/cpp -P -nostdinc -I/home/onishi/WRF/external/ioapi_share -I/home/onishi/WRF/inc -DEM_CORE=1 -DNMM_CORE=0 -DNMM_MAX_DIM=2600 -DDA_CORE=0 -DWRFPLUS=0 -DIWORDSIZE=4 -DDWORDSIZE=8 -DRWORDSIZE=4 -DLWORDSIZE=4 -DNONSTANDARD_SYSTEM_FUNC  -DWRF_USE_CLM -DUSE_NETCDF4_FEATURES -DWRFIO_NCD_LARGE_FILE_SUPPORT  -DDM_PARALLEL -DNETCDF -DGRIB2 -DHDF5 -DLANDREAD_STUB=1 -DUSE_ALLOCATABLES -Dwrfmodel -DGRIB1 -DINTIO -DKEEP_INT_AROUND -DLIMIT_ARGS -DBUILD_RRTMG_FAST=0 -DBUILD_RRTMK=0 -DBUILD_SBM_FAST=1 -DSHOW_ALL_VARS_USED=0 -DCONFIG_BUF_LEN=65536 -DMAX_DOMAINS_F=21 -DMAX_HISTORY=25 -DNMM_NEST=0 -DWRF_CHEM -DBUILD_CHEM=1 -DWRF_KPP -I. -traditional-cpp -DUSE_NETCDF4_FEATURES -DWRFIO_NCD_LARGE_FILE_SUPPORT   module_gocart_so2so4.G  > module_gocart_so2so4.bb
/home/onishi/WRF/tools/standard.exe module_gocart_so2so4.bb | /lib/cpp -P -nostdinc -I/home/onishi/WRF/external/ioapi_share -traditional-cpp -DUSE_NETCDF4_FEATURES -DWRFIO_NCD_LARGE_FILE_SUPPORT > module_gocart_so2so4.f90
rm -f module_gocart_so2so4.G module_gocart_so2so4.bb
time mpif90 -f90=ifort -o module_gocart_so2so4.o -c -O3 -ip -fp-model precise -w -ftz -align all -fno-alias -FR -convert big_endian    -I../dyn_em  -I/home/onishi/WRF/external/esmf_time_f90  -I/home/onishi/WRF/main -I/home/onishi/WRF/external/io_netcdf -I/home/onishi/WRF/external/io_int -I/home/onishi/WRF/frame -I/home/onishi/WRF/share -I/home/onishi/WRF/phys -I/home/onishi/WRF/wrftladj -I/home/onishi/WRF/chem -I/home/onishi/WRF/inc -I/home/onishi/NETCDF_DIR2//include  -real-size `expr 8 \* 4` -i4  module_gocart_so2so4.f90
0.03user 0.06system 0:00.12elapsed 77%CPU (0avgtext+0avgdata 46616maxresident)k
8inputs+120outputs (0major+7380minor)pagefaults 0swaps
rm -f module_input_tracer_data.o
sed -e "s/^\!.*'.*//" -e "s/^ *\!.*'.*//" module_input_tracer_data.F > module_input_tracer_data.G
/lib/cpp -P -nostdinc -I/home/onishi/WRF/external/ioapi_share -I/home/onishi/WRF/inc -DEM_CORE=1 -DNMM_CORE=0 -DNMM_MAX_DIM=2600 -DDA_CORE=0 -DWRFPLUS=0 -DIWORDSIZE=4 -DDWORDSIZE=8 -DRWORDSIZE=4 -DLWORDSIZE=4 -DNONSTANDARD_SYSTEM_FUNC  -DWRF_USE_CLM -DUSE_NETCDF4_FEATURES -DWRFIO_NCD_LARGE_FILE_SUPPORT  -DDM_PARALLEL -DNETCDF -DGRIB2 -DHDF5 -DLANDREAD_STUB=1 -DUSE_ALLOCATABLES -Dwrfmodel -DGRIB1 -DINTIO -DKEEP_INT_AROUND -DLIMIT_ARGS -DBUILD_RRTMG_FAST=0 -DBUILD_RRTMK=0 -DBUILD_SBM_FAST=1 -DSHOW_ALL_VARS_USED=0 -DCONFIG_BUF_LEN=65536 -DMAX_DOMAINS_F=21 -DMAX_HISTORY=25 -DNMM_NEST=0 -DWRF_CHEM -DBUILD_CHEM=1 -DWRF_KPP -I. -traditional-cpp -DUSE_NETCDF4_FEATURES -DWRFIO_NCD_LARGE_FILE_SUPPORT   module_input_tracer_data.G  > module_input_tracer_data.bb
/home/onishi/WRF/tools/standard.exe module_input_tracer_data.bb | /lib/cpp -P -nostdinc -I/home/onishi/WRF/external/ioapi_share -traditional-cpp -DUSE_NETCDF4_FEATURES -DWRFIO_NCD_LARGE_FILE_SUPPORT > module_input_tracer_data.f90
rm -f module_input_tracer_data.G module_input_tracer_data.bb
time mpif90 -f90=ifort -o module_input_tracer_data.o -c -O3 -ip -fp-model precise -w -ftz -align all -fno-alias -FR -convert big_endian    -I../dyn_em  -I/home/onishi/WRF/external/esmf_time_f90  -I/home/onishi/WRF/main -I/home/onishi/WRF/external/io_netcdf -I/home/onishi/WRF/external/io_int -I/home/onishi/WRF/frame -I/home/onishi/WRF/share -I/home/onishi/WRF/phys -I/home/onishi/WRF/wrftladj -I/home/onishi/WRF/chem -I/home/onishi/WRF/inc -I/home/onishi/NETCDF_DIR2//include  -real-size `expr 8 \* 4` -i4  module_input_tracer_data.f90
0.00user 0.06system 0:00.07elapsed 88%CPU (0avgtext+0avgdata 37660maxresident)k
8inputs+88outputs (0major+5963minor)pagefaults 0swaps
rm -f module_interpolate.o
sed -e "s/^\!.*'.*//" -e "s/^ *\!.*'.*//" module_interpolate.F > module_interpolate.G
/lib/cpp -P -nostdinc -I/home/onishi/WRF/external/ioapi_share -I/home/onishi/WRF/inc -DEM_CORE=1 -DNMM_CORE=0 -DNMM_MAX_DIM=2600 -DDA_CORE=0 -DWRFPLUS=0 -DIWORDSIZE=4 -DDWORDSIZE=8 -DRWORDSIZE=4 -DLWORDSIZE=4 -DNONSTANDARD_SYSTEM_FUNC  -DWRF_USE_CLM -DUSE_NETCDF4_FEATURES -DWRFIO_NCD_LARGE_FILE_SUPPORT  -DDM_PARALLEL -DNETCDF -DGRIB2 -DHDF5 -DLANDREAD_STUB=1 -DUSE_ALLOCATABLES -Dwrfmodel -DGRIB1 -DINTIO -DKEEP_INT_AROUND -DLIMIT_ARGS -DBUILD_RRTMG_FAST=0 -DBUILD_RRTMK=0 -DBUILD_SBM_FAST=1 -DSHOW_ALL_VARS_USED=0 -DCONFIG_BUF_LEN=65536 -DMAX_DOMAINS_F=21 -DMAX_HISTORY=25 -DNMM_NEST=0 -DWRF_CHEM -DBUILD_CHEM=1 -DWRF_KPP -I. -traditional-cpp -DUSE_NETCDF4_FEATURES -DWRFIO_NCD_LARGE_FILE_SUPPORT   module_interpolate.G  > module_interpolate.bb
/home/onishi/WRF/tools/standard.exe module_interpolate.bb | /lib/cpp -P -nostdinc -I/home/onishi/WRF/external/ioapi_share -traditional-cpp -DUSE_NETCDF4_FEATURES -DWRFIO_NCD_LARGE_FILE_SUPPORT > module_interpolate.f90
rm -f module_interpolate.G module_interpolate.bb
time mpif90 -f90=ifort -o module_interpolate.o -c -O3 -ip -fp-model precise -w -ftz -align all -fno-alias -FR -convert big_endian    -I../dyn_em  -I/home/onishi/WRF/external/esmf_time_f90  -I/home/onishi/WRF/main -I/home/onishi/WRF/external/io_netcdf -I/home/onishi/WRF/external/io_int -I/home/onishi/WRF/frame -I/home/onishi/WRF/share -I/home/onishi/WRF/phys -I/home/onishi/WRF/wrftladj -I/home/onishi/WRF/chem -I/home/onishi/WRF/inc -I/home/onishi/NETCDF_DIR2//include  -real-size `expr 8 \* 4` -i4  module_interpolate.f90
0.61user 0.08system 0:00.70elapsed 98%CPU (0avgtext+0avgdata 68460maxresident)k
56inputs+744outputs (0major+16009minor)pagefaults 0swaps
rm -f module_mosaic_csuesat.o
sed -e "s/^\!.*'.*//" -e "s/^ *\!.*'.*//" module_mosaic_csuesat.F > module_mosaic_csuesat.G
/lib/cpp -P -nostdinc -I/home/onishi/WRF/external/ioapi_share -I/home/onishi/WRF/inc -DEM_CORE=1 -DNMM_CORE=0 -DNMM_MAX_DIM=2600 -DDA_CORE=0 -DWRFPLUS=0 -DIWORDSIZE=4 -DDWORDSIZE=8 -DRWORDSIZE=4 -DLWORDSIZE=4 -DNONSTANDARD_SYSTEM_FUNC  -DWRF_USE_CLM -DUSE_NETCDF4_FEATURES -DWRFIO_NCD_LARGE_FILE_SUPPORT  -DDM_PARALLEL -DNETCDF -DGRIB2 -DHDF5 -DLANDREAD_STUB=1 -DUSE_ALLOCATABLES -Dwrfmodel -DGRIB1 -DINTIO -DKEEP_INT_AROUND -DLIMIT_ARGS -DBUILD_RRTMG_FAST=0 -DBUILD_RRTMK=0 -DBUILD_SBM_FAST=1 -DSHOW_ALL_VARS_USED=0 -DCONFIG_BUF_LEN=65536 -DMAX_DOMAINS_F=21 -DMAX_HISTORY=25 -DNMM_NEST=0 -DWRF_CHEM -DBUILD_CHEM=1 -DWRF_KPP -I. -traditional-cpp -DUSE_NETCDF4_FEATURES -DWRFIO_NCD_LARGE_FILE_SUPPORT   module_mosaic_csuesat.G  > module_mosaic_csuesat.bb
/home/onishi/WRF/tools/standard.exe module_mosaic_csuesat.bb | /lib/cpp -P -nostdinc -I/home/onishi/WRF/external/ioapi_share -traditional-cpp -DUSE_NETCDF4_FEATURES -DWRFIO_NCD_LARGE_FILE_SUPPORT > module_mosaic_csuesat.f90
rm -f module_mosaic_csuesat.G module_mosaic_csuesat.bb
time mpif90 -f90=ifort -o module_mosaic_csuesat.o -c -O3 -ip -fp-model precise -w -ftz -align all -fno-alias -FR -convert big_endian    -I../dyn_em  -I/home/onishi/WRF/external/esmf_time_f90  -I/home/onishi/WRF/main -I/home/onishi/WRF/external/io_netcdf -I/home/onishi/WRF/external/io_int -I/home/onishi/WRF/frame -I/home/onishi/WRF/share -I/home/onishi/WRF/phys -I/home/onishi/WRF/wrftladj -I/home/onishi/WRF/chem -I/home/onishi/WRF/inc -I/home/onishi/NETCDF_DIR2//include  -real-size `expr 8 \* 4` -i4  module_mosaic_csuesat.f90
0.03user 0.05system 0:00.10elapsed 91%CPU (0avgtext+0avgdata 45132maxresident)k
8inputs+112outputs (0major+7039minor)pagefaults 0swaps
rm -f module_mozcart_wetscav.o
sed -e "s/^\!.*'.*//" -e "s/^ *\!.*'.*//" module_mozcart_wetscav.F > module_mozcart_wetscav.G
/lib/cpp -P -nostdinc -I/home/onishi/WRF/external/ioapi_share -I/home/onishi/WRF/inc -DEM_CORE=1 -DNMM_CORE=0 -DNMM_MAX_DIM=2600 -DDA_CORE=0 -DWRFPLUS=0 -DIWORDSIZE=4 -DDWORDSIZE=8 -DRWORDSIZE=4 -DLWORDSIZE=4 -DNONSTANDARD_SYSTEM_FUNC  -DWRF_USE_CLM -DUSE_NETCDF4_FEATURES -DWRFIO_NCD_LARGE_FILE_SUPPORT  -DDM_PARALLEL -DNETCDF -DGRIB2 -DHDF5 -DLANDREAD_STUB=1 -DUSE_ALLOCATABLES -Dwrfmodel -DGRIB1 -DINTIO -DKEEP_INT_AROUND -DLIMIT_ARGS -DBUILD_RRTMG_FAST=0 -DBUILD_RRTMK=0 -DBUILD_SBM_FAST=1 -DSHOW_ALL_VARS_USED=0 -DCONFIG_BUF_LEN=65536 -DMAX_DOMAINS_F=21 -DMAX_HISTORY=25 -DNMM_NEST=0 -DWRF_CHEM -DBUILD_CHEM=1 -DWRF_KPP -I. -traditional-cpp -DUSE_NETCDF4_FEATURES -DWRFIO_NCD_LARGE_FILE_SUPPORT   module_mozcart_wetscav.G  > module_mozcart_wetscav.bb
/home/onishi/WRF/tools/standard.exe module_mozcart_wetscav.bb | /lib/cpp -P -nostdinc -I/home/onishi/WRF/external/ioapi_share -traditional-cpp -DUSE_NETCDF4_FEATURES -DWRFIO_NCD_LARGE_FILE_SUPPORT > module_mozcart_wetscav.f90
rm -f module_mozcart_wetscav.G module_mozcart_wetscav.bb
time mpif90 -f90=ifort -o module_mozcart_wetscav.o -c -O3 -ip -fp-model precise -w -ftz -align all -fno-alias -FR -convert big_endian    -I../dyn_em  -I/home/onishi/WRF/external/esmf_time_f90  -I/home/onishi/WRF/main -I/home/onishi/WRF/external/io_netcdf -I/home/onishi/WRF/external/io_int -I/home/onishi/WRF/frame -I/home/onishi/WRF/share -I/home/onishi/WRF/phys -I/home/onishi/WRF/wrftladj -I/home/onishi/WRF/chem -I/home/onishi/WRF/inc -I/home/onishi/NETCDF_DIR2//include  -real-size `expr 8 \* 4` -i4  module_mozcart_wetscav.f90
1.07user 0.14system 0:01.24elapsed 97%CPU (0avgtext+0avgdata 101136maxresident)k
96inputs+2464outputs (0major+24496minor)pagefaults 0swaps
rm -f module_tropopause.o
sed -e "s/^\!.*'.*//" -e "s/^ *\!.*'.*//" module_tropopause.F > module_tropopause.G
/lib/cpp -P -nostdinc -I/home/onishi/WRF/external/ioapi_share -I/home/onishi/WRF/inc -DEM_CORE=1 -DNMM_CORE=0 -DNMM_MAX_DIM=2600 -DDA_CORE=0 -DWRFPLUS=0 -DIWORDSIZE=4 -DDWORDSIZE=8 -DRWORDSIZE=4 -DLWORDSIZE=4 -DNONSTANDARD_SYSTEM_FUNC  -DWRF_USE_CLM -DUSE_NETCDF4_FEATURES -DWRFIO_NCD_LARGE_FILE_SUPPORT  -DDM_PARALLEL -DNETCDF -DGRIB2 -DHDF5 -DLANDREAD_STUB=1 -DUSE_ALLOCATABLES -Dwrfmodel -DGRIB1 -DINTIO -DKEEP_INT_AROUND -DLIMIT_ARGS -DBUILD_RRTMG_FAST=0 -DBUILD_RRTMK=0 -DBUILD_SBM_FAST=1 -DSHOW_ALL_VARS_USED=0 -DCONFIG_BUF_LEN=65536 -DMAX_DOMAINS_F=21 -DMAX_HISTORY=25 -DNMM_NEST=0 -DWRF_CHEM -DBUILD_CHEM=1 -DWRF_KPP -I. -traditional-cpp -DUSE_NETCDF4_FEATURES -DWRFIO_NCD_LARGE_FILE_SUPPORT   module_tropopause.G  > module_tropopause.bb
/home/onishi/WRF/tools/standard.exe module_tropopause.bb | /lib/cpp -P -nostdinc -I/home/onishi/WRF/external/ioapi_share -traditional-cpp -DUSE_NETCDF4_FEATURES -DWRFIO_NCD_LARGE_FILE_SUPPORT > module_tropopause.f90
rm -f module_tropopause.G module_tropopause.bb
time mpif90 -f90=ifort -o module_tropopause.o -c -O3 -ip -fp-model precise -w -ftz -align all -fno-alias -FR -convert big_endian    -I../dyn_em  -I/home/onishi/WRF/external/esmf_time_f90  -I/home/onishi/WRF/main -I/home/onishi/WRF/external/io_netcdf -I/home/onishi/WRF/external/io_int -I/home/onishi/WRF/frame -I/home/onishi/WRF/share -I/home/onishi/WRF/phys -I/home/onishi/WRF/wrftladj -I/home/onishi/WRF/chem -I/home/onishi/WRF/inc -I/home/onishi/NETCDF_DIR2//include  -real-size `expr 8 \* 4` -i4  module_tropopause.f90
0.45user 0.09system 0:00.58elapsed 93%CPU (0avgtext+0avgdata 68876maxresident)k
88inputs+1440outputs (0major+14579minor)pagefaults 0swaps
rm -f module_upper_bc_driver.o
sed -e "s/^\!.*'.*//" -e "s/^ *\!.*'.*//" module_upper_bc_driver.F > module_upper_bc_driver.G
/lib/cpp -P -nostdinc -I/home/onishi/WRF/external/ioapi_share -I/home/onishi/WRF/inc -DEM_CORE=1 -DNMM_CORE=0 -DNMM_MAX_DIM=2600 -DDA_CORE=0 -DWRFPLUS=0 -DIWORDSIZE=4 -DDWORDSIZE=8 -DRWORDSIZE=4 -DLWORDSIZE=4 -DNONSTANDARD_SYSTEM_FUNC  -DWRF_USE_CLM -DUSE_NETCDF4_FEATURES -DWRFIO_NCD_LARGE_FILE_SUPPORT  -DDM_PARALLEL -DNETCDF -DGRIB2 -DHDF5 -DLANDREAD_STUB=1 -DUSE_ALLOCATABLES -Dwrfmodel -DGRIB1 -DINTIO -DKEEP_INT_AROUND -DLIMIT_ARGS -DBUILD_RRTMG_FAST=0 -DBUILD_RRTMK=0 -DBUILD_SBM_FAST=1 -DSHOW_ALL_VARS_USED=0 -DCONFIG_BUF_LEN=65536 -DMAX_DOMAINS_F=21 -DMAX_HISTORY=25 -DNMM_NEST=0 -DWRF_CHEM -DBUILD_CHEM=1 -DWRF_KPP -I. -traditional-cpp -DUSE_NETCDF4_FEATURES -DWRFIO_NCD_LARGE_FILE_SUPPORT   module_upper_bc_driver.G  > module_upper_bc_driver.bb
/home/onishi/WRF/tools/standard.exe module_upper_bc_driver.bb | /lib/cpp -P -nostdinc -I/home/onishi/WRF/external/ioapi_share -traditional-cpp -DUSE_NETCDF4_FEATURES -DWRFIO_NCD_LARGE_FILE_SUPPORT > module_upper_bc_driver.f90
rm -f module_upper_bc_driver.G module_upper_bc_driver.bb
time mpif90 -f90=ifort -o module_upper_bc_driver.o -c -O3 -ip -fp-model precise -w -ftz -align all -fno-alias -FR -convert big_endian    -I../dyn_em  -I/home/onishi/WRF/external/esmf_time_f90  -I/home/onishi/WRF/main -I/home/onishi/WRF/external/io_netcdf -I/home/onishi/WRF/external/io_int -I/home/onishi/WRF/frame -I/home/onishi/WRF/share -I/home/onishi/WRF/phys -I/home/onishi/WRF/wrftladj -I/home/onishi/WRF/chem -I/home/onishi/WRF/inc -I/home/onishi/NETCDF_DIR2//include  -real-size `expr 8 \* 4` -i4  module_upper_bc_driver.f90
1.23user 0.14system 0:01.40elapsed 97%CPU (0avgtext+0avgdata 117684maxresident)k
64inputs+1856outputs (0major+27868minor)pagefaults 0swaps
rm -f module_vertmx_wrf.o
sed -e "s/^\!.*'.*//" -e "s/^ *\!.*'.*//" module_vertmx_wrf.F > module_vertmx_wrf.G
/lib/cpp -P -nostdinc -I/home/onishi/WRF/external/ioapi_share -I/home/onishi/WRF/inc -DEM_CORE=1 -DNMM_CORE=0 -DNMM_MAX_DIM=2600 -DDA_CORE=0 -DWRFPLUS=0 -DIWORDSIZE=4 -DDWORDSIZE=8 -DRWORDSIZE=4 -DLWORDSIZE=4 -DNONSTANDARD_SYSTEM_FUNC  -DWRF_USE_CLM -DUSE_NETCDF4_FEATURES -DWRFIO_NCD_LARGE_FILE_SUPPORT  -DDM_PARALLEL -DNETCDF -DGRIB2 -DHDF5 -DLANDREAD_STUB=1 -DUSE_ALLOCATABLES -Dwrfmodel -DGRIB1 -DINTIO -DKEEP_INT_AROUND -DLIMIT_ARGS -DBUILD_RRTMG_FAST=0 -DBUILD_RRTMK=0 -DBUILD_SBM_FAST=1 -DSHOW_ALL_VARS_USED=0 -DCONFIG_BUF_LEN=65536 -DMAX_DOMAINS_F=21 -DMAX_HISTORY=25 -DNMM_NEST=0 -DWRF_CHEM -DBUILD_CHEM=1 -DWRF_KPP -I. -traditional-cpp -DUSE_NETCDF4_FEATURES -DWRFIO_NCD_LARGE_FILE_SUPPORT   module_vertmx_wrf.G  > module_vertmx_wrf.bb
/home/onishi/WRF/tools/standard.exe module_vertmx_wrf.bb | /lib/cpp -P -nostdinc -I/home/onishi/WRF/external/ioapi_share -traditional-cpp -DUSE_NETCDF4_FEATURES -DWRFIO_NCD_LARGE_FILE_SUPPORT > module_vertmx_wrf.f90
rm -f module_vertmx_wrf.G module_vertmx_wrf.bb
time mpif90 -f90=ifort -o module_vertmx_wrf.o -c -O3 -ip -fp-model precise -w -ftz -align all -fno-alias -FR -convert big_endian    -I../dyn_em  -I/home/onishi/WRF/external/esmf_time_f90  -I/home/onishi/WRF/main -I/home/onishi/WRF/external/io_netcdf -I/home/onishi/WRF/external/io_int -I/home/onishi/WRF/frame -I/home/onishi/WRF/share -I/home/onishi/WRF/phys -I/home/onishi/WRF/wrftladj -I/home/onishi/WRF/chem -I/home/onishi/WRF/inc -I/home/onishi/NETCDF_DIR2//include  -real-size `expr 8 \* 4` -i4  module_vertmx_wrf.f90
0.13user 0.06system 0:00.22elapsed 88%CPU (0avgtext+0avgdata 52304maxresident)k
8inputs+168outputs (0major+8761minor)pagefaults 0swaps
rm -f module_wetdep_ls.o
sed -e "s/^\!.*'.*//" -e "s/^ *\!.*'.*//" module_wetdep_ls.F > module_wetdep_ls.G
/lib/cpp -P -nostdinc -I/home/onishi/WRF/external/ioapi_share -I/home/onishi/WRF/inc -DEM_CORE=1 -DNMM_CORE=0 -DNMM_MAX_DIM=2600 -DDA_CORE=0 -DWRFPLUS=0 -DIWORDSIZE=4 -DDWORDSIZE=8 -DRWORDSIZE=4 -DLWORDSIZE=4 -DNONSTANDARD_SYSTEM_FUNC  -DWRF_USE_CLM -DUSE_NETCDF4_FEATURES -DWRFIO_NCD_LARGE_FILE_SUPPORT  -DDM_PARALLEL -DNETCDF -DGRIB2 -DHDF5 -DLANDREAD_STUB=1 -DUSE_ALLOCATABLES -Dwrfmodel -DGRIB1 -DINTIO -DKEEP_INT_AROUND -DLIMIT_ARGS -DBUILD_RRTMG_FAST=0 -DBUILD_RRTMK=0 -DBUILD_SBM_FAST=1 -DSHOW_ALL_VARS_USED=0 -DCONFIG_BUF_LEN=65536 -DMAX_DOMAINS_F=21 -DMAX_HISTORY=25 -DNMM_NEST=0 -DWRF_CHEM -DBUILD_CHEM=1 -DWRF_KPP -I. -traditional-cpp -DUSE_NETCDF4_FEATURES -DWRFIO_NCD_LARGE_FILE_SUPPORT   module_wetdep_ls.G  > module_wetdep_ls.bb
/home/onishi/WRF/tools/standard.exe module_wetdep_ls.bb | /lib/cpp -P -nostdinc -I/home/onishi/WRF/external/ioapi_share -traditional-cpp -DUSE_NETCDF4_FEATURES -DWRFIO_NCD_LARGE_FILE_SUPPORT > module_wetdep_ls.f90
rm -f module_wetdep_ls.G module_wetdep_ls.bb
time mpif90 -f90=ifort -o module_wetdep_ls.o -c -O3 -ip -fp-model precise -w -ftz -align all -fno-alias -FR -convert big_endian    -I../dyn_em  -I/home/onishi/WRF/external/esmf_time_f90  -I/home/onishi/WRF/main -I/home/onishi/WRF/external/io_netcdf -I/home/onishi/WRF/external/io_int -I/home/onishi/WRF/frame -I/home/onishi/WRF/share -I/home/onishi/WRF/phys -I/home/onishi/WRF/wrftladj -I/home/onishi/WRF/chem -I/home/onishi/WRF/inc -I/home/onishi/NETCDF_DIR2//include  -real-size `expr 8 \* 4` -i4  module_wetdep_ls.f90
0.18user 0.07system 0:00.28elapsed 90%CPU (0avgtext+0avgdata 62748maxresident)k
8inputs+176outputs (0major+11580minor)pagefaults 0swaps
rm -f module_zero_plumegen_coms.o
sed -e "s/^\!.*'.*//" -e "s/^ *\!.*'.*//" module_zero_plumegen_coms.F > module_zero_plumegen_coms.G
/lib/cpp -P -nostdinc -I/home/onishi/WRF/external/ioapi_share -I/home/onishi/WRF/inc -DEM_CORE=1 -DNMM_CORE=0 -DNMM_MAX_DIM=2600 -DDA_CORE=0 -DWRFPLUS=0 -DIWORDSIZE=4 -DDWORDSIZE=8 -DRWORDSIZE=4 -DLWORDSIZE=4 -DNONSTANDARD_SYSTEM_FUNC  -DWRF_USE_CLM -DUSE_NETCDF4_FEATURES -DWRFIO_NCD_LARGE_FILE_SUPPORT  -DDM_PARALLEL -DNETCDF -DGRIB2 -DHDF5 -DLANDREAD_STUB=1 -DUSE_ALLOCATABLES -Dwrfmodel -DGRIB1 -DINTIO -DKEEP_INT_AROUND -DLIMIT_ARGS -DBUILD_RRTMG_FAST=0 -DBUILD_RRTMK=0 -DBUILD_SBM_FAST=1 -DSHOW_ALL_VARS_USED=0 -DCONFIG_BUF_LEN=65536 -DMAX_DOMAINS_F=21 -DMAX_HISTORY=25 -DNMM_NEST=0 -DWRF_CHEM -DBUILD_CHEM=1 -DWRF_KPP -I. -traditional-cpp -DUSE_NETCDF4_FEATURES -DWRFIO_NCD_LARGE_FILE_SUPPORT   module_zero_plumegen_coms.G  > module_zero_plumegen_coms.bb
/home/onishi/WRF/tools/standard.exe module_zero_plumegen_coms.bb | /lib/cpp -P -nostdinc -I/home/onishi/WRF/external/ioapi_share -traditional-cpp -DUSE_NETCDF4_FEATURES -DWRFIO_NCD_LARGE_FILE_SUPPORT > module_zero_plumegen_coms.f90
rm -f module_zero_plumegen_coms.G module_zero_plumegen_coms.bb
time mpif90 -f90=ifort -o module_zero_plumegen_coms.o -c -O3 -ip -fp-model precise -w -ftz -align all -fno-alias -FR -convert big_endian    -I../dyn_em  -I/home/onishi/WRF/external/esmf_time_f90  -I/home/onishi/WRF/main -I/home/onishi/WRF/external/io_netcdf -I/home/onishi/WRF/external/io_int -I/home/onishi/WRF/frame -I/home/onishi/WRF/share -I/home/onishi/WRF/phys -I/home/onishi/WRF/wrftladj -I/home/onishi/WRF/chem -I/home/onishi/WRF/inc -I/home/onishi/NETCDF_DIR2//include  -real-size `expr 8 \* 4` -i4  module_zero_plumegen_coms.f90
0.05user 0.06system 0:00.16elapsed 73%CPU (0avgtext+0avgdata 52840maxresident)k
8inputs+224outputs (0major+9281minor)pagefaults 0swaps
rm -f module_vash_settling.o
sed -e "s/^\!.*'.*//" -e "s/^ *\!.*'.*//" module_vash_settling.F > module_vash_settling.G
/lib/cpp -P -nostdinc -I/home/onishi/WRF/external/ioapi_share -I/home/onishi/WRF/inc -DEM_CORE=1 -DNMM_CORE=0 -DNMM_MAX_DIM=2600 -DDA_CORE=0 -DWRFPLUS=0 -DIWORDSIZE=4 -DDWORDSIZE=8 -DRWORDSIZE=4 -DLWORDSIZE=4 -DNONSTANDARD_SYSTEM_FUNC  -DWRF_USE_CLM -DUSE_NETCDF4_FEATURES -DWRFIO_NCD_LARGE_FILE_SUPPORT  -DDM_PARALLEL -DNETCDF -DGRIB2 -DHDF5 -DLANDREAD_STUB=1 -DUSE_ALLOCATABLES -Dwrfmodel -DGRIB1 -DINTIO -DKEEP_INT_AROUND -DLIMIT_ARGS -DBUILD_RRTMG_FAST=0 -DBUILD_RRTMK=0 -DBUILD_SBM_FAST=1 -DSHOW_ALL_VARS_USED=0 -DCONFIG_BUF_LEN=65536 -DMAX_DOMAINS_F=21 -DMAX_HISTORY=25 -DNMM_NEST=0 -DWRF_CHEM -DBUILD_CHEM=1 -DWRF_KPP -I. -traditional-cpp -DUSE_NETCDF4_FEATURES -DWRFIO_NCD_LARGE_FILE_SUPPORT   module_vash_settling.G  > module_vash_settling.bb
/home/onishi/WRF/tools/standard.exe module_vash_settling.bb | /lib/cpp -P -nostdinc -I/home/onishi/WRF/external/ioapi_share -traditional-cpp -DUSE_NETCDF4_FEATURES -DWRFIO_NCD_LARGE_FILE_SUPPORT > module_vash_settling.f90
rm -f module_vash_settling.G module_vash_settling.bb
time mpif90 -f90=ifort -o module_vash_settling.o -c -O3 -ip -fp-model precise -w -ftz -align all -fno-alias -FR -convert big_endian    -I../dyn_em  -I/home/onishi/WRF/external/esmf_time_f90  -I/home/onishi/WRF/main -I/home/onishi/WRF/external/io_netcdf -I/home/onishi/WRF/external/io_int -I/home/onishi/WRF/frame -I/home/onishi/WRF/share -I/home/onishi/WRF/phys -I/home/onishi/WRF/wrftladj -I/home/onishi/WRF/chem -I/home/onishi/WRF/inc -I/home/onishi/NETCDF_DIR2//include  -real-size `expr 8 \* 4` -i4  module_vash_settling.f90
0.65user 0.07system 0:00.76elapsed 96%CPU (0avgtext+0avgdata 80444maxresident)k
24inputs+1192outputs (0major+16326minor)pagefaults 0swaps
rm -f module_mosaic_settling.o
sed -e "s/^\!.*'.*//" -e "s/^ *\!.*'.*//" module_mosaic_settling.F > module_mosaic_settling.G
/lib/cpp -P -nostdinc -I/home/onishi/WRF/external/ioapi_share -I/home/onishi/WRF/inc -DEM_CORE=1 -DNMM_CORE=0 -DNMM_MAX_DIM=2600 -DDA_CORE=0 -DWRFPLUS=0 -DIWORDSIZE=4 -DDWORDSIZE=8 -DRWORDSIZE=4 -DLWORDSIZE=4 -DNONSTANDARD_SYSTEM_FUNC  -DWRF_USE_CLM -DUSE_NETCDF4_FEATURES -DWRFIO_NCD_LARGE_FILE_SUPPORT  -DDM_PARALLEL -DNETCDF -DGRIB2 -DHDF5 -DLANDREAD_STUB=1 -DUSE_ALLOCATABLES -Dwrfmodel -DGRIB1 -DINTIO -DKEEP_INT_AROUND -DLIMIT_ARGS -DBUILD_RRTMG_FAST=0 -DBUILD_RRTMK=0 -DBUILD_SBM_FAST=1 -DSHOW_ALL_VARS_USED=0 -DCONFIG_BUF_LEN=65536 -DMAX_DOMAINS_F=21 -DMAX_HISTORY=25 -DNMM_NEST=0 -DWRF_CHEM -DBUILD_CHEM=1 -DWRF_KPP -I. -traditional-cpp -DUSE_NETCDF4_FEATURES -DWRFIO_NCD_LARGE_FILE_SUPPORT   module_mosaic_settling.G  > module_mosaic_settling.bb
/home/onishi/WRF/tools/standard.exe module_mosaic_settling.bb | /lib/cpp -P -nostdinc -I/home/onishi/WRF/external/ioapi_share -traditional-cpp -DUSE_NETCDF4_FEATURES -DWRFIO_NCD_LARGE_FILE_SUPPORT > module_mosaic_settling.f90
rm -f module_mosaic_settling.G module_mosaic_settling.bb
time mpif90 -f90=ifort -o module_mosaic_settling.o -c -O3 -ip -fp-model precise -w -ftz -align all -fno-alias -FR -convert big_endian    -I../dyn_em  -I/home/onishi/WRF/external/esmf_time_f90  -I/home/onishi/WRF/main -I/home/onishi/WRF/external/io_netcdf -I/home/onishi/WRF/external/io_int -I/home/onishi/WRF/frame -I/home/onishi/WRF/share -I/home/onishi/WRF/phys -I/home/onishi/WRF/wrftladj -I/home/onishi/WRF/chem -I/home/onishi/WRF/inc -I/home/onishi/NETCDF_DIR2//include  -real-size `expr 8 \* 4` -i4  module_mosaic_settling.f90
0.23user 0.07system 0:00.33elapsed 91%CPU (0avgtext+0avgdata 64316maxresident)k
56inputs+232outputs (0major+11742minor)pagefaults 0swaps
rm -f module_chem_plumerise_scalar.o
sed -e "s/^\!.*'.*//" -e "s/^ *\!.*'.*//" module_chem_plumerise_scalar.F > module_chem_plumerise_scalar.G
/lib/cpp -P -nostdinc -I/home/onishi/WRF/external/ioapi_share -I/home/onishi/WRF/inc -DEM_CORE=1 -DNMM_CORE=0 -DNMM_MAX_DIM=2600 -DDA_CORE=0 -DWRFPLUS=0 -DIWORDSIZE=4 -DDWORDSIZE=8 -DRWORDSIZE=4 -DLWORDSIZE=4 -DNONSTANDARD_SYSTEM_FUNC  -DWRF_USE_CLM -DUSE_NETCDF4_FEATURES -DWRFIO_NCD_LARGE_FILE_SUPPORT  -DDM_PARALLEL -DNETCDF -DGRIB2 -DHDF5 -DLANDREAD_STUB=1 -DUSE_ALLOCATABLES -Dwrfmodel -DGRIB1 -DINTIO -DKEEP_INT_AROUND -DLIMIT_ARGS -DBUILD_RRTMG_FAST=0 -DBUILD_RRTMK=0 -DBUILD_SBM_FAST=1 -DSHOW_ALL_VARS_USED=0 -DCONFIG_BUF_LEN=65536 -DMAX_DOMAINS_F=21 -DMAX_HISTORY=25 -DNMM_NEST=0 -DWRF_CHEM -DBUILD_CHEM=1 -DWRF_KPP -I. -traditional-cpp -DUSE_NETCDF4_FEATURES -DWRFIO_NCD_LARGE_FILE_SUPPORT   module_chem_plumerise_scalar.G  > module_chem_plumerise_scalar.bb
/home/onishi/WRF/tools/standard.exe module_chem_plumerise_scalar.bb | /lib/cpp -P -nostdinc -I/home/onishi/WRF/external/ioapi_share -traditional-cpp -DUSE_NETCDF4_FEATURES -DWRFIO_NCD_LARGE_FILE_SUPPORT > module_chem_plumerise_scalar.f90
rm -f module_chem_plumerise_scalar.G module_chem_plumerise_scalar.bb
time mpif90 -f90=ifort -o module_chem_plumerise_scalar.o -c -O3 -ip -fp-model precise -w -ftz -align all -fno-alias -FR -convert big_endian    -I../dyn_em  -I/home/onishi/WRF/external/esmf_time_f90  -I/home/onishi/WRF/main -I/home/onishi/WRF/external/io_netcdf -I/home/onishi/WRF/external/io_int -I/home/onishi/WRF/frame -I/home/onishi/WRF/share -I/home/onishi/WRF/phys -I/home/onishi/WRF/wrftladj -I/home/onishi/WRF/chem -I/home/onishi/WRF/inc -I/home/onishi/NETCDF_DIR2//include  -real-size `expr 8 \* 4` -i4  module_chem_plumerise_scalar.f90
1.26user 0.08system 0:01.37elapsed 97%CPU (0avgtext+0avgdata 92404maxresident)k
120inputs+1072outputs (0major+20717minor)pagefaults 0swaps
rm -f module_radm.o
sed -e "s/^\!.*'.*//" -e "s/^ *\!.*'.*//" module_radm.F > module_radm.G
/lib/cpp -P -nostdinc -I/home/onishi/WRF/external/ioapi_share -I/home/onishi/WRF/inc -DEM_CORE=1 -DNMM_CORE=0 -DNMM_MAX_DIM=2600 -DDA_CORE=0 -DWRFPLUS=0 -DIWORDSIZE=4 -DDWORDSIZE=8 -DRWORDSIZE=4 -DLWORDSIZE=4 -DNONSTANDARD_SYSTEM_FUNC  -DWRF_USE_CLM -DUSE_NETCDF4_FEATURES -DWRFIO_NCD_LARGE_FILE_SUPPORT  -DDM_PARALLEL -DNETCDF -DGRIB2 -DHDF5 -DLANDREAD_STUB=1 -DUSE_ALLOCATABLES -Dwrfmodel -DGRIB1 -DINTIO -DKEEP_INT_AROUND -DLIMIT_ARGS -DBUILD_RRTMG_FAST=0 -DBUILD_RRTMK=0 -DBUILD_SBM_FAST=1 -DSHOW_ALL_VARS_USED=0 -DCONFIG_BUF_LEN=65536 -DMAX_DOMAINS_F=21 -DMAX_HISTORY=25 -DNMM_NEST=0 -DWRF_CHEM -DBUILD_CHEM=1 -DWRF_KPP -I. -traditional-cpp -DUSE_NETCDF4_FEATURES -DWRFIO_NCD_LARGE_FILE_SUPPORT   module_radm.G  > module_radm.bb
/home/onishi/WRF/tools/standard.exe module_radm.bb | /lib/cpp -P -nostdinc -I/home/onishi/WRF/external/ioapi_share -traditional-cpp -DUSE_NETCDF4_FEATURES -DWRFIO_NCD_LARGE_FILE_SUPPORT > module_radm.f90
rm -f module_radm.G module_radm.bb
time mpif90 -f90=ifort -o module_radm.o -c -O3 -ip -fp-model precise -w -ftz -align all -fno-alias -FR -convert big_endian    -I../dyn_em  -I/home/onishi/WRF/external/esmf_time_f90  -I/home/onishi/WRF/main -I/home/onishi/WRF/external/io_netcdf -I/home/onishi/WRF/external/io_int -I/home/onishi/WRF/frame -I/home/onishi/WRF/share -I/home/onishi/WRF/phys -I/home/onishi/WRF/wrftladj -I/home/onishi/WRF/chem -I/home/onishi/WRF/inc -I/home/onishi/NETCDF_DIR2//include  -real-size `expr 8 \* 4` -i4  module_radm.f90
10.79user 0.18system 0:11.01elapsed 99%CPU (0avgtext+0avgdata 220664maxresident)k
120inputs+3144outputs (0major+61804minor)pagefaults 0swaps
rm -f module_gocart_dust.o
sed -e "s/^\!.*'.*//" -e "s/^ *\!.*'.*//" module_gocart_dust.F > module_gocart_dust.G
/lib/cpp -P -nostdinc -I/home/onishi/WRF/external/ioapi_share -I/home/onishi/WRF/inc -DEM_CORE=1 -DNMM_CORE=0 -DNMM_MAX_DIM=2600 -DDA_CORE=0 -DWRFPLUS=0 -DIWORDSIZE=4 -DDWORDSIZE=8 -DRWORDSIZE=4 -DLWORDSIZE=4 -DNONSTANDARD_SYSTEM_FUNC  -DWRF_USE_CLM -DUSE_NETCDF4_FEATURES -DWRFIO_NCD_LARGE_FILE_SUPPORT  -DDM_PARALLEL -DNETCDF -DGRIB2 -DHDF5 -DLANDREAD_STUB=1 -DUSE_ALLOCATABLES -Dwrfmodel -DGRIB1 -DINTIO -DKEEP_INT_AROUND -DLIMIT_ARGS -DBUILD_RRTMG_FAST=0 -DBUILD_RRTMK=0 -DBUILD_SBM_FAST=1 -DSHOW_ALL_VARS_USED=0 -DCONFIG_BUF_LEN=65536 -DMAX_DOMAINS_F=21 -DMAX_HISTORY=25 -DNMM_NEST=0 -DWRF_CHEM -DBUILD_CHEM=1 -DWRF_KPP -I. -traditional-cpp -DUSE_NETCDF4_FEATURES -DWRFIO_NCD_LARGE_FILE_SUPPORT   module_gocart_dust.G  > module_gocart_dust.bb
/home/onishi/WRF/tools/standard.exe module_gocart_dust.bb | /lib/cpp -P -nostdinc -I/home/onishi/WRF/external/ioapi_share -traditional-cpp -DUSE_NETCDF4_FEATURES -DWRFIO_NCD_LARGE_FILE_SUPPORT > module_gocart_dust.f90
rm -f module_gocart_dust.G module_gocart_dust.bb
time mpif90 -f90=ifort -o module_gocart_dust.o -c -O3 -ip -fp-model precise -w -ftz -align all -fno-alias -FR -convert big_endian    -I../dyn_em  -I/home/onishi/WRF/external/esmf_time_f90  -I/home/onishi/WRF/main -I/home/onishi/WRF/external/io_netcdf -I/home/onishi/WRF/external/io_int -I/home/onishi/WRF/frame -I/home/onishi/WRF/share -I/home/onishi/WRF/phys -I/home/onishi/WRF/wrftladj -I/home/onishi/WRF/chem -I/home/onishi/WRF/inc -I/home/onishi/NETCDF_DIR2//include  -real-size `expr 8 \* 4` -i4  module_gocart_dust.f90
0.17user 0.07system 0:00.27elapsed 88%CPU (0avgtext+0avgdata 61160maxresident)k
16inputs+1096outputs (0major+11139minor)pagefaults 0swaps
rm -f module_mosaic_addemiss.o
sed -e "s/^\!.*'.*//" -e "s/^ *\!.*'.*//" module_mosaic_addemiss.F > module_mosaic_addemiss.G
/lib/cpp -P -nostdinc -I/home/onishi/WRF/external/ioapi_share -I/home/onishi/WRF/inc -DEM_CORE=1 -DNMM_CORE=0 -DNMM_MAX_DIM=2600 -DDA_CORE=0 -DWRFPLUS=0 -DIWORDSIZE=4 -DDWORDSIZE=8 -DRWORDSIZE=4 -DLWORDSIZE=4 -DNONSTANDARD_SYSTEM_FUNC  -DWRF_USE_CLM -DUSE_NETCDF4_FEATURES -DWRFIO_NCD_LARGE_FILE_SUPPORT  -DDM_PARALLEL -DNETCDF -DGRIB2 -DHDF5 -DLANDREAD_STUB=1 -DUSE_ALLOCATABLES -Dwrfmodel -DGRIB1 -DINTIO -DKEEP_INT_AROUND -DLIMIT_ARGS -DBUILD_RRTMG_FAST=0 -DBUILD_RRTMK=0 -DBUILD_SBM_FAST=1 -DSHOW_ALL_VARS_USED=0 -DCONFIG_BUF_LEN=65536 -DMAX_DOMAINS_F=21 -DMAX_HISTORY=25 -DNMM_NEST=0 -DWRF_CHEM -DBUILD_CHEM=1 -DWRF_KPP -I. -traditional-cpp -DUSE_NETCDF4_FEATURES -DWRFIO_NCD_LARGE_FILE_SUPPORT   module_mosaic_addemiss.G  > module_mosaic_addemiss.bb
/home/onishi/WRF/tools/standard.exe module_mosaic_addemiss.bb | /lib/cpp -P -nostdinc -I/home/onishi/WRF/external/ioapi_share -traditional-cpp -DUSE_NETCDF4_FEATURES -DWRFIO_NCD_LARGE_FILE_SUPPORT > module_mosaic_addemiss.f90
rm -f module_mosaic_addemiss.G module_mosaic_addemiss.bb
time mpif90 -f90=ifort -o module_mosaic_addemiss.o -c -O3 -ip -fp-model precise -w -ftz -align all -fno-alias -FR -convert big_endian    -I../dyn_em  -I/home/onishi/WRF/external/esmf_time_f90  -I/home/onishi/WRF/main -I/home/onishi/WRF/external/io_netcdf -I/home/onishi/WRF/external/io_int -I/home/onishi/WRF/frame -I/home/onishi/WRF/share -I/home/onishi/WRF/phys -I/home/onishi/WRF/wrftladj -I/home/onishi/WRF/chem -I/home/onishi/WRF/inc -I/home/onishi/NETCDF_DIR2//include  -real-size `expr 8 \* 4` -i4  module_mosaic_addemiss.f90
1.97user 0.13system 0:02.14elapsed 98%CPU (0avgtext+0avgdata 121396maxresident)k
1072inputs+3056outputs (0major+27109minor)pagefaults 0swaps
rm -f module_aerosols_soa_vbs.o
sed -e "s/^\!.*'.*//" -e "s/^ *\!.*'.*//" module_aerosols_soa_vbs.F > module_aerosols_soa_vbs.G
/lib/cpp -P -nostdinc -I/home/onishi/WRF/external/ioapi_share -I/home/onishi/WRF/inc -DEM_CORE=1 -DNMM_CORE=0 -DNMM_MAX_DIM=2600 -DDA_CORE=0 -DWRFPLUS=0 -DIWORDSIZE=4 -DDWORDSIZE=8 -DRWORDSIZE=4 -DLWORDSIZE=4 -DNONSTANDARD_SYSTEM_FUNC  -DWRF_USE_CLM -DUSE_NETCDF4_FEATURES -DWRFIO_NCD_LARGE_FILE_SUPPORT  -DDM_PARALLEL -DNETCDF -DGRIB2 -DHDF5 -DLANDREAD_STUB=1 -DUSE_ALLOCATABLES -Dwrfmodel -DGRIB1 -DINTIO -DKEEP_INT_AROUND -DLIMIT_ARGS -DBUILD_RRTMG_FAST=0 -DBUILD_RRTMK=0 -DBUILD_SBM_FAST=1 -DSHOW_ALL_VARS_USED=0 -DCONFIG_BUF_LEN=65536 -DMAX_DOMAINS_F=21 -DMAX_HISTORY=25 -DNMM_NEST=0 -DWRF_CHEM -DBUILD_CHEM=1 -DWRF_KPP -I. -traditional-cpp -DUSE_NETCDF4_FEATURES -DWRFIO_NCD_LARGE_FILE_SUPPORT   module_aerosols_soa_vbs.G  > module_aerosols_soa_vbs.bb
/home/onishi/WRF/tools/standard.exe module_aerosols_soa_vbs.bb | /lib/cpp -P -nostdinc -I/home/onishi/WRF/external/ioapi_share -traditional-cpp -DUSE_NETCDF4_FEATURES -DWRFIO_NCD_LARGE_FILE_SUPPORT > module_aerosols_soa_vbs.f90
rm -f module_aerosols_soa_vbs.G module_aerosols_soa_vbs.bb
time mpif90 -f90=ifort -o module_aerosols_soa_vbs.o -c -O3 -ip -fp-model precise -w -ftz -align all -fno-alias -FR -convert big_endian    -I../dyn_em  -I/home/onishi/WRF/external/esmf_time_f90  -I/home/onishi/WRF/main -I/home/onishi/WRF/external/io_netcdf -I/home/onishi/WRF/external/io_int -I/home/onishi/WRF/frame -I/home/onishi/WRF/share -I/home/onishi/WRF/phys -I/home/onishi/WRF/wrftladj -I/home/onishi/WRF/chem -I/home/onishi/WRF/inc -I/home/onishi/NETCDF_DIR2//include  -real-size `expr 8 \* 4` -i4  module_aerosols_soa_vbs.f90
4.63user 0.18system 0:04.85elapsed 99%CPU (0avgtext+0avgdata 140760maxresident)k
2184inputs+5000outputs (0major+37235minor)pagefaults 0swaps
rm -f module_isofwd.o
sed -e "s/^\!.*'.*//" -e "s/^ *\!.*'.*//" module_isofwd.F > module_isofwd.G
/lib/cpp -P -nostdinc -I/home/onishi/WRF/external/ioapi_share -I/home/onishi/WRF/inc -DEM_CORE=1 -DNMM_CORE=0 -DNMM_MAX_DIM=2600 -DDA_CORE=0 -DWRFPLUS=0 -DIWORDSIZE=4 -DDWORDSIZE=8 -DRWORDSIZE=4 -DLWORDSIZE=4 -DNONSTANDARD_SYSTEM_FUNC  -DWRF_USE_CLM -DUSE_NETCDF4_FEATURES -DWRFIO_NCD_LARGE_FILE_SUPPORT  -DDM_PARALLEL -DNETCDF -DGRIB2 -DHDF5 -DLANDREAD_STUB=1 -DUSE_ALLOCATABLES -Dwrfmodel -DGRIB1 -DINTIO -DKEEP_INT_AROUND -DLIMIT_ARGS -DBUILD_RRTMG_FAST=0 -DBUILD_RRTMK=0 -DBUILD_SBM_FAST=1 -DSHOW_ALL_VARS_USED=0 -DCONFIG_BUF_LEN=65536 -DMAX_DOMAINS_F=21 -DMAX_HISTORY=25 -DNMM_NEST=0 -DWRF_CHEM -DBUILD_CHEM=1 -DWRF_KPP -I. -traditional-cpp -DUSE_NETCDF4_FEATURES -DWRFIO_NCD_LARGE_FILE_SUPPORT   module_isofwd.G  > module_isofwd.bb
/home/onishi/WRF/tools/standard.exe module_isofwd.bb | /lib/cpp -P -nostdinc -I/home/onishi/WRF/external/ioapi_share -traditional-cpp -DUSE_NETCDF4_FEATURES -DWRFIO_NCD_LARGE_FILE_SUPPORT > module_isofwd.f90
rm -f module_isofwd.G module_isofwd.bb
time mpif90 -f90=ifort -o module_isofwd.o -c -O3 -ip -fp-model precise -w -ftz -align all -fno-alias -FR -convert big_endian    -I../dyn_em  -I/home/onishi/WRF/external/esmf_time_f90  -I/home/onishi/WRF/main -I/home/onishi/WRF/external/io_netcdf -I/home/onishi/WRF/external/io_int -I/home/onishi/WRF/frame -I/home/onishi/WRF/share -I/home/onishi/WRF/phys -I/home/onishi/WRF/wrftladj -I/home/onishi/WRF/chem -I/home/onishi/WRF/inc -I/home/onishi/NETCDF_DIR2//include  -real-size `expr 8 \* 4` -i4  module_isofwd.f90
5.40user 0.24system 0:05.68elapsed 99%CPU (0avgtext+0avgdata 143076maxresident)k
768inputs+6136outputs (0major+47025minor)pagefaults 0swaps
rm -f module_isorev.o
sed -e "s/^\!.*'.*//" -e "s/^ *\!.*'.*//" module_isorev.F > module_isorev.G
/lib/cpp -P -nostdinc -I/home/onishi/WRF/external/ioapi_share -I/home/onishi/WRF/inc -DEM_CORE=1 -DNMM_CORE=0 -DNMM_MAX_DIM=2600 -DDA_CORE=0 -DWRFPLUS=0 -DIWORDSIZE=4 -DDWORDSIZE=8 -DRWORDSIZE=4 -DLWORDSIZE=4 -DNONSTANDARD_SYSTEM_FUNC  -DWRF_USE_CLM -DUSE_NETCDF4_FEATURES -DWRFIO_NCD_LARGE_FILE_SUPPORT  -DDM_PARALLEL -DNETCDF -DGRIB2 -DHDF5 -DLANDREAD_STUB=1 -DUSE_ALLOCATABLES -Dwrfmodel -DGRIB1 -DINTIO -DKEEP_INT_AROUND -DLIMIT_ARGS -DBUILD_RRTMG_FAST=0 -DBUILD_RRTMK=0 -DBUILD_SBM_FAST=1 -DSHOW_ALL_VARS_USED=0 -DCONFIG_BUF_LEN=65536 -DMAX_DOMAINS_F=21 -DMAX_HISTORY=25 -DNMM_NEST=0 -DWRF_CHEM -DBUILD_CHEM=1 -DWRF_KPP -I. -traditional-cpp -DUSE_NETCDF4_FEATURES -DWRFIO_NCD_LARGE_FILE_SUPPORT   module_isorev.G  > module_isorev.bb
/home/onishi/WRF/tools/standard.exe module_isorev.bb | /lib/cpp -P -nostdinc -I/home/onishi/WRF/external/ioapi_share -traditional-cpp -DUSE_NETCDF4_FEATURES -DWRFIO_NCD_LARGE_FILE_SUPPORT > module_isorev.f90
rm -f module_isorev.G module_isorev.bb
time mpif90 -f90=ifort -o module_isorev.o -c -O3 -ip -fp-model precise -w -ftz -align all -fno-alias -FR -convert big_endian    -I../dyn_em  -I/home/onishi/WRF/external/esmf_time_f90  -I/home/onishi/WRF/main -I/home/onishi/WRF/external/io_netcdf -I/home/onishi/WRF/external/io_int -I/home/onishi/WRF/frame -I/home/onishi/WRF/share -I/home/onishi/WRF/phys -I/home/onishi/WRF/wrftladj -I/home/onishi/WRF/chem -I/home/onishi/WRF/inc -I/home/onishi/NETCDF_DIR2//include  -real-size `expr 8 \* 4` -i4  module_isorev.f90
3.15user 0.16system 0:03.35elapsed 98%CPU (0avgtext+0avgdata 100696maxresident)k
488inputs+4344outputs (0major+30146minor)pagefaults 0swaps
rm -f module_isocom.o
sed -e "s/^\!.*'.*//" -e "s/^ *\!.*'.*//" module_isocom.F > module_isocom.G
/lib/cpp -P -nostdinc -I/home/onishi/WRF/external/ioapi_share -I/home/onishi/WRF/inc -DEM_CORE=1 -DNMM_CORE=0 -DNMM_MAX_DIM=2600 -DDA_CORE=0 -DWRFPLUS=0 -DIWORDSIZE=4 -DDWORDSIZE=8 -DRWORDSIZE=4 -DLWORDSIZE=4 -DNONSTANDARD_SYSTEM_FUNC  -DWRF_USE_CLM -DUSE_NETCDF4_FEATURES -DWRFIO_NCD_LARGE_FILE_SUPPORT  -DDM_PARALLEL -DNETCDF -DGRIB2 -DHDF5 -DLANDREAD_STUB=1 -DUSE_ALLOCATABLES -Dwrfmodel -DGRIB1 -DINTIO -DKEEP_INT_AROUND -DLIMIT_ARGS -DBUILD_RRTMG_FAST=0 -DBUILD_RRTMK=0 -DBUILD_SBM_FAST=1 -DSHOW_ALL_VARS_USED=0 -DCONFIG_BUF_LEN=65536 -DMAX_DOMAINS_F=21 -DMAX_HISTORY=25 -DNMM_NEST=0 -DWRF_CHEM -DBUILD_CHEM=1 -DWRF_KPP -I. -traditional-cpp -DUSE_NETCDF4_FEATURES -DWRFIO_NCD_LARGE_FILE_SUPPORT   module_isocom.G  > module_isocom.bb
/home/onishi/WRF/tools/standard.exe module_isocom.bb | /lib/cpp -P -nostdinc -I/home/onishi/WRF/external/ioapi_share -traditional-cpp -DUSE_NETCDF4_FEATURES -DWRFIO_NCD_LARGE_FILE_SUPPORT > module_isocom.f90
rm -f module_isocom.G module_isocom.bb
time mpif90 -f90=ifort -o module_isocom.o -c -O3 -ip -fp-model precise -w -ftz -align all -fno-alias -FR -convert big_endian    -I../dyn_em  -I/home/onishi/WRF/external/esmf_time_f90  -I/home/onishi/WRF/main -I/home/onishi/WRF/external/io_netcdf -I/home/onishi/WRF/external/io_int -I/home/onishi/WRF/frame -I/home/onishi/WRF/share -I/home/onishi/WRF/phys -I/home/onishi/WRF/wrftladj -I/home/onishi/WRF/chem -I/home/onishi/WRF/inc -I/home/onishi/NETCDF_DIR2//include  -real-size `expr 8 \* 4` -i4  module_isocom.f90
1.20user 0.12system 0:01.36elapsed 97%CPU (0avgtext+0avgdata 110808maxresident)k
1504inputs+2432outputs (0major+28612minor)pagefaults 0swaps
rm -f module_aerosols_soa_vbs_het.o
sed -e "s/^\!.*'.*//" -e "s/^ *\!.*'.*//" module_aerosols_soa_vbs_het.F > module_aerosols_soa_vbs_het.G
/lib/cpp -P -nostdinc -I/home/onishi/WRF/external/ioapi_share -I/home/onishi/WRF/inc -DEM_CORE=1 -DNMM_CORE=0 -DNMM_MAX_DIM=2600 -DDA_CORE=0 -DWRFPLUS=0 -DIWORDSIZE=4 -DDWORDSIZE=8 -DRWORDSIZE=4 -DLWORDSIZE=4 -DNONSTANDARD_SYSTEM_FUNC  -DWRF_USE_CLM -DUSE_NETCDF4_FEATURES -DWRFIO_NCD_LARGE_FILE_SUPPORT  -DDM_PARALLEL -DNETCDF -DGRIB2 -DHDF5 -DLANDREAD_STUB=1 -DUSE_ALLOCATABLES -Dwrfmodel -DGRIB1 -DINTIO -DKEEP_INT_AROUND -DLIMIT_ARGS -DBUILD_RRTMG_FAST=0 -DBUILD_RRTMK=0 -DBUILD_SBM_FAST=1 -DSHOW_ALL_VARS_USED=0 -DCONFIG_BUF_LEN=65536 -DMAX_DOMAINS_F=21 -DMAX_HISTORY=25 -DNMM_NEST=0 -DWRF_CHEM -DBUILD_CHEM=1 -DWRF_KPP -I. -traditional-cpp -DUSE_NETCDF4_FEATURES -DWRFIO_NCD_LARGE_FILE_SUPPORT   module_aerosols_soa_vbs_het.G  > module_aerosols_soa_vbs_het.bb
/home/onishi/WRF/tools/standard.exe module_aerosols_soa_vbs_het.bb | /lib/cpp -P -nostdinc -I/home/onishi/WRF/external/ioapi_share -traditional-cpp -DUSE_NETCDF4_FEATURES -DWRFIO_NCD_LARGE_FILE_SUPPORT > module_aerosols_soa_vbs_het.f90
rm -f module_aerosols_soa_vbs_het.G module_aerosols_soa_vbs_het.bb
time mpif90 -f90=ifort -o module_aerosols_soa_vbs_het.o -c -O3 -ip -fp-model precise -w -ftz -align all -fno-alias -FR -convert big_endian    -I../dyn_em  -I/home/onishi/WRF/external/esmf_time_f90  -I/home/onishi/WRF/main -I/home/onishi/WRF/external/io_netcdf -I/home/onishi/WRF/external/io_int -I/home/onishi/WRF/frame -I/home/onishi/WRF/share -I/home/onishi/WRF/phys -I/home/onishi/WRF/wrftladj -I/home/onishi/WRF/chem -I/home/onishi/WRF/inc -I/home/onishi/NETCDF_DIR2//include  -real-size `expr 8 \* 4` -i4  module_aerosols_soa_vbs_het.f90
5.19user 0.19system 0:05.42elapsed 99%CPU (0avgtext+0avgdata 142708maxresident)k
432inputs+5320outputs (0major+45839minor)pagefaults 0swaps
rm -f module_dep_simple.o
sed -e "s/^\!.*'.*//" -e "s/^ *\!.*'.*//" module_dep_simple.F > module_dep_simple.G
/lib/cpp -P -nostdinc -I/home/onishi/WRF/external/ioapi_share -I/home/onishi/WRF/inc -DEM_CORE=1 -DNMM_CORE=0 -DNMM_MAX_DIM=2600 -DDA_CORE=0 -DWRFPLUS=0 -DIWORDSIZE=4 -DDWORDSIZE=8 -DRWORDSIZE=4 -DLWORDSIZE=4 -DNONSTANDARD_SYSTEM_FUNC  -DWRF_USE_CLM -DUSE_NETCDF4_FEATURES -DWRFIO_NCD_LARGE_FILE_SUPPORT  -DDM_PARALLEL -DNETCDF -DGRIB2 -DHDF5 -DLANDREAD_STUB=1 -DUSE_ALLOCATABLES -Dwrfmodel -DGRIB1 -DINTIO -DKEEP_INT_AROUND -DLIMIT_ARGS -DBUILD_RRTMG_FAST=0 -DBUILD_RRTMK=0 -DBUILD_SBM_FAST=1 -DSHOW_ALL_VARS_USED=0 -DCONFIG_BUF_LEN=65536 -DMAX_DOMAINS_F=21 -DMAX_HISTORY=25 -DNMM_NEST=0 -DWRF_CHEM -DBUILD_CHEM=1 -DWRF_KPP -I. -traditional-cpp -DUSE_NETCDF4_FEATURES -DWRFIO_NCD_LARGE_FILE_SUPPORT   module_dep_simple.G  > module_dep_simple.bb
/home/onishi/WRF/tools/standard.exe module_dep_simple.bb | /lib/cpp -P -nostdinc -I/home/onishi/WRF/external/ioapi_share -traditional-cpp -DUSE_NETCDF4_FEATURES -DWRFIO_NCD_LARGE_FILE_SUPPORT > module_dep_simple.f90
rm -f module_dep_simple.G module_dep_simple.bb
time mpif90 -f90=ifort -o module_dep_simple.o -c -O3 -ip -fp-model precise -w -ftz -align all -fno-alias -FR -convert big_endian    -I../dyn_em  -I/home/onishi/WRF/external/esmf_time_f90  -I/home/onishi/WRF/main -I/home/onishi/WRF/external/io_netcdf -I/home/onishi/WRF/external/io_int -I/home/onishi/WRF/frame -I/home/onishi/WRF/share -I/home/onishi/WRF/phys -I/home/onishi/WRF/wrftladj -I/home/onishi/WRF/chem -I/home/onishi/WRF/inc -I/home/onishi/NETCDF_DIR2//include  -real-size `expr 8 \* 4` -i4  module_dep_simple.f90
14.85user 0.49system 0:15.38elapsed 99%CPU (0avgtext+0avgdata 550128maxresident)k
288inputs+4104outputs (0major+162559minor)pagefaults 0swaps
rm -f module_gocart_dmsemis.o
sed -e "s/^\!.*'.*//" -e "s/^ *\!.*'.*//" module_gocart_dmsemis.F > module_gocart_dmsemis.G
/lib/cpp -P -nostdinc -I/home/onishi/WRF/external/ioapi_share -I/home/onishi/WRF/inc -DEM_CORE=1 -DNMM_CORE=0 -DNMM_MAX_DIM=2600 -DDA_CORE=0 -DWRFPLUS=0 -DIWORDSIZE=4 -DDWORDSIZE=8 -DRWORDSIZE=4 -DLWORDSIZE=4 -DNONSTANDARD_SYSTEM_FUNC  -DWRF_USE_CLM -DUSE_NETCDF4_FEATURES -DWRFIO_NCD_LARGE_FILE_SUPPORT  -DDM_PARALLEL -DNETCDF -DGRIB2 -DHDF5 -DLANDREAD_STUB=1 -DUSE_ALLOCATABLES -Dwrfmodel -DGRIB1 -DINTIO -DKEEP_INT_AROUND -DLIMIT_ARGS -DBUILD_RRTMG_FAST=0 -DBUILD_RRTMK=0 -DBUILD_SBM_FAST=1 -DSHOW_ALL_VARS_USED=0 -DCONFIG_BUF_LEN=65536 -DMAX_DOMAINS_F=21 -DMAX_HISTORY=25 -DNMM_NEST=0 -DWRF_CHEM -DBUILD_CHEM=1 -DWRF_KPP -I. -traditional-cpp -DUSE_NETCDF4_FEATURES -DWRFIO_NCD_LARGE_FILE_SUPPORT   module_gocart_dmsemis.G  > module_gocart_dmsemis.bb
/home/onishi/WRF/tools/standard.exe module_gocart_dmsemis.bb | /lib/cpp -P -nostdinc -I/home/onishi/WRF/external/ioapi_share -traditional-cpp -DUSE_NETCDF4_FEATURES -DWRFIO_NCD_LARGE_FILE_SUPPORT > module_gocart_dmsemis.f90
rm -f module_gocart_dmsemis.G module_gocart_dmsemis.bb
time mpif90 -f90=ifort -o module_gocart_dmsemis.o -c -O3 -ip -fp-model precise -w -ftz -align all -fno-alias -FR -convert big_endian    -I../dyn_em  -I/home/onishi/WRF/external/esmf_time_f90  -I/home/onishi/WRF/main -I/home/onishi/WRF/external/io_netcdf -I/home/onishi/WRF/external/io_int -I/home/onishi/WRF/frame -I/home/onishi/WRF/share -I/home/onishi/WRF/phys -I/home/onishi/WRF/wrftladj -I/home/onishi/WRF/chem -I/home/onishi/WRF/inc -I/home/onishi/NETCDF_DIR2//include  -real-size `expr 8 \* 4` -i4  module_gocart_dmsemis.f90
0.09user 0.07system 0:00.20elapsed 85%CPU (0avgtext+0avgdata 55936maxresident)k
24inputs+1032outputs (0major+9731minor)pagefaults 0swaps
rm -f module_mosaic_dmsemis.o
sed -e "s/^\!.*'.*//" -e "s/^ *\!.*'.*//" module_mosaic_dmsemis.F > module_mosaic_dmsemis.G
/lib/cpp -P -nostdinc -I/home/onishi/WRF/external/ioapi_share -I/home/onishi/WRF/inc -DEM_CORE=1 -DNMM_CORE=0 -DNMM_MAX_DIM=2600 -DDA_CORE=0 -DWRFPLUS=0 -DIWORDSIZE=4 -DDWORDSIZE=8 -DRWORDSIZE=4 -DLWORDSIZE=4 -DNONSTANDARD_SYSTEM_FUNC  -DWRF_USE_CLM -DUSE_NETCDF4_FEATURES -DWRFIO_NCD_LARGE_FILE_SUPPORT  -DDM_PARALLEL -DNETCDF -DGRIB2 -DHDF5 -DLANDREAD_STUB=1 -DUSE_ALLOCATABLES -Dwrfmodel -DGRIB1 -DINTIO -DKEEP_INT_AROUND -DLIMIT_ARGS -DBUILD_RRTMG_FAST=0 -DBUILD_RRTMK=0 -DBUILD_SBM_FAST=1 -DSHOW_ALL_VARS_USED=0 -DCONFIG_BUF_LEN=65536 -DMAX_DOMAINS_F=21 -DMAX_HISTORY=25 -DNMM_NEST=0 -DWRF_CHEM -DBUILD_CHEM=1 -DWRF_KPP -I. -traditional-cpp -DUSE_NETCDF4_FEATURES -DWRFIO_NCD_LARGE_FILE_SUPPORT   module_mosaic_dmsemis.G  > module_mosaic_dmsemis.bb
/home/onishi/WRF/tools/standard.exe module_mosaic_dmsemis.bb | /lib/cpp -P -nostdinc -I/home/onishi/WRF/external/ioapi_share -traditional-cpp -DUSE_NETCDF4_FEATURES -DWRFIO_NCD_LARGE_FILE_SUPPORT > module_mosaic_dmsemis.f90
rm -f module_mosaic_dmsemis.G module_mosaic_dmsemis.bb
time mpif90 -f90=ifort -o module_mosaic_dmsemis.o -c -O3 -ip -fp-model precise -w -ftz -align all -fno-alias -FR -convert big_endian    -I../dyn_em  -I/home/onishi/WRF/external/esmf_time_f90  -I/home/onishi/WRF/main -I/home/onishi/WRF/external/io_netcdf -I/home/onishi/WRF/external/io_int -I/home/onishi/WRF/frame -I/home/onishi/WRF/share -I/home/onishi/WRF/phys -I/home/onishi/WRF/wrftladj -I/home/onishi/WRF/chem -I/home/onishi/WRF/inc -I/home/onishi/NETCDF_DIR2//include  -real-size `expr 8 \* 4` -i4  module_mosaic_dmsemis.f90
0.07user 0.08system 0:00.18elapsed 83%CPU (0avgtext+0avgdata 54732maxresident)k
8inputs+976outputs (0major+9479minor)pagefaults 0swaps
rm -f module_nightingale_dmsemis.o
sed -e "s/^\!.*'.*//" -e "s/^ *\!.*'.*//" module_nightingale_dmsemis.F > module_nightingale_dmsemis.G
/lib/cpp -P -nostdinc -I/home/onishi/WRF/external/ioapi_share -I/home/onishi/WRF/inc -DEM_CORE=1 -DNMM_CORE=0 -DNMM_MAX_DIM=2600 -DDA_CORE=0 -DWRFPLUS=0 -DIWORDSIZE=4 -DDWORDSIZE=8 -DRWORDSIZE=4 -DLWORDSIZE=4 -DNONSTANDARD_SYSTEM_FUNC  -DWRF_USE_CLM -DUSE_NETCDF4_FEATURES -DWRFIO_NCD_LARGE_FILE_SUPPORT  -DDM_PARALLEL -DNETCDF -DGRIB2 -DHDF5 -DLANDREAD_STUB=1 -DUSE_ALLOCATABLES -Dwrfmodel -DGRIB1 -DINTIO -DKEEP_INT_AROUND -DLIMIT_ARGS -DBUILD_RRTMG_FAST=0 -DBUILD_RRTMK=0 -DBUILD_SBM_FAST=1 -DSHOW_ALL_VARS_USED=0 -DCONFIG_BUF_LEN=65536 -DMAX_DOMAINS_F=21 -DMAX_HISTORY=25 -DNMM_NEST=0 -DWRF_CHEM -DBUILD_CHEM=1 -DWRF_KPP -I. -traditional-cpp -DUSE_NETCDF4_FEATURES -DWRFIO_NCD_LARGE_FILE_SUPPORT   module_nightingale_dmsemis.G  > module_nightingale_dmsemis.bb
/home/onishi/WRF/tools/standard.exe module_nightingale_dmsemis.bb | /lib/cpp -P -nostdinc -I/home/onishi/WRF/external/ioapi_share -traditional-cpp -DUSE_NETCDF4_FEATURES -DWRFIO_NCD_LARGE_FILE_SUPPORT > module_nightingale_dmsemis.f90
rm -f module_nightingale_dmsemis.G module_nightingale_dmsemis.bb
time mpif90 -f90=ifort -o module_nightingale_dmsemis.o -c -O3 -ip -fp-model precise -w -ftz -align all -fno-alias -FR -convert big_endian    -I../dyn_em  -I/home/onishi/WRF/external/esmf_time_f90  -I/home/onishi/WRF/main -I/home/onishi/WRF/external/io_netcdf -I/home/onishi/WRF/external/io_int -I/home/onishi/WRF/frame -I/home/onishi/WRF/share -I/home/onishi/WRF/phys -I/home/onishi/WRF/wrftladj -I/home/onishi/WRF/chem -I/home/onishi/WRF/inc -I/home/onishi/NETCDF_DIR2//include  -real-size `expr 8 \* 4` -i4  module_nightingale_dmsemis.f90
0.08user 0.06system 0:00.18elapsed 84%CPU (0avgtext+0avgdata 54772maxresident)k
8inputs+1000outputs (0major+9481minor)pagefaults 0swaps
rm -f module_gocart_aerosols.o
sed -e "s/^\!.*'.*//" -e "s/^ *\!.*'.*//" module_gocart_aerosols.F > module_gocart_aerosols.G
/lib/cpp -P -nostdinc -I/home/onishi/WRF/external/ioapi_share -I/home/onishi/WRF/inc -DEM_CORE=1 -DNMM_CORE=0 -DNMM_MAX_DIM=2600 -DDA_CORE=0 -DWRFPLUS=0 -DIWORDSIZE=4 -DDWORDSIZE=8 -DRWORDSIZE=4 -DLWORDSIZE=4 -DNONSTANDARD_SYSTEM_FUNC  -DWRF_USE_CLM -DUSE_NETCDF4_FEATURES -DWRFIO_NCD_LARGE_FILE_SUPPORT  -DDM_PARALLEL -DNETCDF -DGRIB2 -DHDF5 -DLANDREAD_STUB=1 -DUSE_ALLOCATABLES -Dwrfmodel -DGRIB1 -DINTIO -DKEEP_INT_AROUND -DLIMIT_ARGS -DBUILD_RRTMG_FAST=0 -DBUILD_RRTMK=0 -DBUILD_SBM_FAST=1 -DSHOW_ALL_VARS_USED=0 -DCONFIG_BUF_LEN=65536 -DMAX_DOMAINS_F=21 -DMAX_HISTORY=25 -DNMM_NEST=0 -DWRF_CHEM -DBUILD_CHEM=1 -DWRF_KPP -I. -traditional-cpp -DUSE_NETCDF4_FEATURES -DWRFIO_NCD_LARGE_FILE_SUPPORT   module_gocart_aerosols.G  > module_gocart_aerosols.bb
/home/onishi/WRF/tools/standard.exe module_gocart_aerosols.bb | /lib/cpp -P -nostdinc -I/home/onishi/WRF/external/ioapi_share -traditional-cpp -DUSE_NETCDF4_FEATURES -DWRFIO_NCD_LARGE_FILE_SUPPORT > module_gocart_aerosols.f90
rm -f module_gocart_aerosols.G module_gocart_aerosols.bb
time mpif90 -f90=ifort -o module_gocart_aerosols.o -c -O3 -ip -fp-model precise -w -ftz -align all -fno-alias -FR -convert big_endian    -I../dyn_em  -I/home/onishi/WRF/external/esmf_time_f90  -I/home/onishi/WRF/main -I/home/onishi/WRF/external/io_netcdf -I/home/onishi/WRF/external/io_int -I/home/onishi/WRF/frame -I/home/onishi/WRF/share -I/home/onishi/WRF/phys -I/home/onishi/WRF/wrftladj -I/home/onishi/WRF/chem -I/home/onishi/WRF/inc -I/home/onishi/NETCDF_DIR2//include  -real-size `expr 8 \* 4` -i4  module_gocart_aerosols.f90
0.31user 0.09system 0:00.43elapsed 92%CPU (0avgtext+0avgdata 68744maxresident)k
16inputs+1160outputs (0major+12939minor)pagefaults 0swaps
rm -f module_gocart_dust_afwa.o
sed -e "s/^\!.*'.*//" -e "s/^ *\!.*'.*//" module_gocart_dust_afwa.F > module_gocart_dust_afwa.G
/lib/cpp -P -nostdinc -I/home/onishi/WRF/external/ioapi_share -I/home/onishi/WRF/inc -DEM_CORE=1 -DNMM_CORE=0 -DNMM_MAX_DIM=2600 -DDA_CORE=0 -DWRFPLUS=0 -DIWORDSIZE=4 -DDWORDSIZE=8 -DRWORDSIZE=4 -DLWORDSIZE=4 -DNONSTANDARD_SYSTEM_FUNC  -DWRF_USE_CLM -DUSE_NETCDF4_FEATURES -DWRFIO_NCD_LARGE_FILE_SUPPORT  -DDM_PARALLEL -DNETCDF -DGRIB2 -DHDF5 -DLANDREAD_STUB=1 -DUSE_ALLOCATABLES -Dwrfmodel -DGRIB1 -DINTIO -DKEEP_INT_AROUND -DLIMIT_ARGS -DBUILD_RRTMG_FAST=0 -DBUILD_RRTMK=0 -DBUILD_SBM_FAST=1 -DSHOW_ALL_VARS_USED=0 -DCONFIG_BUF_LEN=65536 -DMAX_DOMAINS_F=21 -DMAX_HISTORY=25 -DNMM_NEST=0 -DWRF_CHEM -DBUILD_CHEM=1 -DWRF_KPP -I. -traditional-cpp -DUSE_NETCDF4_FEATURES -DWRFIO_NCD_LARGE_FILE_SUPPORT   module_gocart_dust_afwa.G  > module_gocart_dust_afwa.bb
/home/onishi/WRF/tools/standard.exe module_gocart_dust_afwa.bb | /lib/cpp -P -nostdinc -I/home/onishi/WRF/external/ioapi_share -traditional-cpp -DUSE_NETCDF4_FEATURES -DWRFIO_NCD_LARGE_FILE_SUPPORT > module_gocart_dust_afwa.f90
rm -f module_gocart_dust_afwa.G module_gocart_dust_afwa.bb
time mpif90 -f90=ifort -o module_gocart_dust_afwa.o -c -O3 -ip -fp-model precise -w -ftz -align all -fno-alias -FR -convert big_endian    -I../dyn_em  -I/home/onishi/WRF/external/esmf_time_f90  -I/home/onishi/WRF/main -I/home/onishi/WRF/external/io_netcdf -I/home/onishi/WRF/external/io_int -I/home/onishi/WRF/frame -I/home/onishi/WRF/share -I/home/onishi/WRF/phys -I/home/onishi/WRF/wrftladj -I/home/onishi/WRF/chem -I/home/onishi/WRF/inc -I/home/onishi/NETCDF_DIR2//include  -real-size `expr 8 \* 4` -i4  module_gocart_dust_afwa.f90
0.33user 0.08system 0:00.44elapsed 93%CPU (0avgtext+0avgdata 69292maxresident)k
32inputs+1264outputs (0major+13647minor)pagefaults 0swaps
rm -f module_gocart_seasalt.o
sed -e "s/^\!.*'.*//" -e "s/^ *\!.*'.*//" module_gocart_seasalt.F > module_gocart_seasalt.G
/lib/cpp -P -nostdinc -I/home/onishi/WRF/external/ioapi_share -I/home/onishi/WRF/inc -DEM_CORE=1 -DNMM_CORE=0 -DNMM_MAX_DIM=2600 -DDA_CORE=0 -DWRFPLUS=0 -DIWORDSIZE=4 -DDWORDSIZE=8 -DRWORDSIZE=4 -DLWORDSIZE=4 -DNONSTANDARD_SYSTEM_FUNC  -DWRF_USE_CLM -DUSE_NETCDF4_FEATURES -DWRFIO_NCD_LARGE_FILE_SUPPORT  -DDM_PARALLEL -DNETCDF -DGRIB2 -DHDF5 -DLANDREAD_STUB=1 -DUSE_ALLOCATABLES -Dwrfmodel -DGRIB1 -DINTIO -DKEEP_INT_AROUND -DLIMIT_ARGS -DBUILD_RRTMG_FAST=0 -DBUILD_RRTMK=0 -DBUILD_SBM_FAST=1 -DSHOW_ALL_VARS_USED=0 -DCONFIG_BUF_LEN=65536 -DMAX_DOMAINS_F=21 -DMAX_HISTORY=25 -DNMM_NEST=0 -DWRF_CHEM -DBUILD_CHEM=1 -DWRF_KPP -I. -traditional-cpp -DUSE_NETCDF4_FEATURES -DWRFIO_NCD_LARGE_FILE_SUPPORT   module_gocart_seasalt.G  > module_gocart_seasalt.bb
/home/onishi/WRF/tools/standard.exe module_gocart_seasalt.bb | /lib/cpp -P -nostdinc -I/home/onishi/WRF/external/ioapi_share -traditional-cpp -DUSE_NETCDF4_FEATURES -DWRFIO_NCD_LARGE_FILE_SUPPORT > module_gocart_seasalt.f90
rm -f module_gocart_seasalt.G module_gocart_seasalt.bb
time mpif90 -f90=ifort -o module_gocart_seasalt.o -c -O3 -ip -fp-model precise -w -ftz -align all -fno-alias -FR -convert big_endian    -I../dyn_em  -I/home/onishi/WRF/external/esmf_time_f90  -I/home/onishi/WRF/main -I/home/onishi/WRF/external/io_netcdf -I/home/onishi/WRF/external/io_int -I/home/onishi/WRF/frame -I/home/onishi/WRF/share -I/home/onishi/WRF/phys -I/home/onishi/WRF/wrftladj -I/home/onishi/WRF/chem -I/home/onishi/WRF/inc -I/home/onishi/NETCDF_DIR2//include  -real-size `expr 8 \* 4` -i4  module_gocart_seasalt.f90
0.15user 0.07system 0:00.25elapsed 87%CPU (0avgtext+0avgdata 59672maxresident)k
16inputs+1096outputs (0major+10659minor)pagefaults 0swaps
rm -f module_qf03.o
sed -e "s/^\!.*'.*//" -e "s/^ *\!.*'.*//" module_qf03.F > module_qf03.G
/lib/cpp -P -nostdinc -I/home/onishi/WRF/external/ioapi_share -I/home/onishi/WRF/inc -DEM_CORE=1 -DNMM_CORE=0 -DNMM_MAX_DIM=2600 -DDA_CORE=0 -DWRFPLUS=0 -DIWORDSIZE=4 -DDWORDSIZE=8 -DRWORDSIZE=4 -DLWORDSIZE=4 -DNONSTANDARD_SYSTEM_FUNC  -DWRF_USE_CLM -DUSE_NETCDF4_FEATURES -DWRFIO_NCD_LARGE_FILE_SUPPORT  -DDM_PARALLEL -DNETCDF -DGRIB2 -DHDF5 -DLANDREAD_STUB=1 -DUSE_ALLOCATABLES -Dwrfmodel -DGRIB1 -DINTIO -DKEEP_INT_AROUND -DLIMIT_ARGS -DBUILD_RRTMG_FAST=0 -DBUILD_RRTMK=0 -DBUILD_SBM_FAST=1 -DSHOW_ALL_VARS_USED=0 -DCONFIG_BUF_LEN=65536 -DMAX_DOMAINS_F=21 -DMAX_HISTORY=25 -DNMM_NEST=0 -DWRF_CHEM -DBUILD_CHEM=1 -DWRF_KPP -I. -traditional-cpp -DUSE_NETCDF4_FEATURES -DWRFIO_NCD_LARGE_FILE_SUPPORT   module_qf03.G  > module_qf03.bb
/home/onishi/WRF/tools/standard.exe module_qf03.bb | /lib/cpp -P -nostdinc -I/home/onishi/WRF/external/ioapi_share -traditional-cpp -DUSE_NETCDF4_FEATURES -DWRFIO_NCD_LARGE_FILE_SUPPORT > module_qf03.f90
rm -f module_qf03.G module_qf03.bb
time mpif90 -f90=ifort -o module_qf03.o -c -O3 -ip -fp-model precise -w -ftz -align all -fno-alias -FR -convert big_endian    -I../dyn_em  -I/home/onishi/WRF/external/esmf_time_f90  -I/home/onishi/WRF/main -I/home/onishi/WRF/external/io_netcdf -I/home/onishi/WRF/external/io_int -I/home/onishi/WRF/frame -I/home/onishi/WRF/share -I/home/onishi/WRF/phys -I/home/onishi/WRF/wrftladj -I/home/onishi/WRF/chem -I/home/onishi/WRF/inc -I/home/onishi/NETCDF_DIR2//include  -real-size `expr 8 \* 4` -i4  module_qf03.f90
0.18user 0.07system 0:00.26elapsed 97%CPU (0avgtext+0avgdata 63672maxresident)k
24inputs+272outputs (0major+11974minor)pagefaults 0swaps
rm -f module_soilpsd.o
sed -e "s/^\!.*'.*//" -e "s/^ *\!.*'.*//" module_soilpsd.F > module_soilpsd.G
/lib/cpp -P -nostdinc -I/home/onishi/WRF/external/ioapi_share -I/home/onishi/WRF/inc -DEM_CORE=1 -DNMM_CORE=0 -DNMM_MAX_DIM=2600 -DDA_CORE=0 -DWRFPLUS=0 -DIWORDSIZE=4 -DDWORDSIZE=8 -DRWORDSIZE=4 -DLWORDSIZE=4 -DNONSTANDARD_SYSTEM_FUNC  -DWRF_USE_CLM -DUSE_NETCDF4_FEATURES -DWRFIO_NCD_LARGE_FILE_SUPPORT  -DDM_PARALLEL -DNETCDF -DGRIB2 -DHDF5 -DLANDREAD_STUB=1 -DUSE_ALLOCATABLES -Dwrfmodel -DGRIB1 -DINTIO -DKEEP_INT_AROUND -DLIMIT_ARGS -DBUILD_RRTMG_FAST=0 -DBUILD_RRTMK=0 -DBUILD_SBM_FAST=1 -DSHOW_ALL_VARS_USED=0 -DCONFIG_BUF_LEN=65536 -DMAX_DOMAINS_F=21 -DMAX_HISTORY=25 -DNMM_NEST=0 -DWRF_CHEM -DBUILD_CHEM=1 -DWRF_KPP -I. -traditional-cpp -DUSE_NETCDF4_FEATURES -DWRFIO_NCD_LARGE_FILE_SUPPORT   module_soilpsd.G  > module_soilpsd.bb
/home/onishi/WRF/tools/standard.exe module_soilpsd.bb | /lib/cpp -P -nostdinc -I/home/onishi/WRF/external/ioapi_share -traditional-cpp -DUSE_NETCDF4_FEATURES -DWRFIO_NCD_LARGE_FILE_SUPPORT > module_soilpsd.f90
rm -f module_soilpsd.G module_soilpsd.bb
time mpif90 -f90=ifort -o module_soilpsd.o -c -O3 -ip -fp-model precise -w -ftz -align all -fno-alias -FR -convert big_endian    -I../dyn_em  -I/home/onishi/WRF/external/esmf_time_f90  -I/home/onishi/WRF/main -I/home/onishi/WRF/external/io_netcdf -I/home/onishi/WRF/external/io_int -I/home/onishi/WRF/frame -I/home/onishi/WRF/share -I/home/onishi/WRF/phys -I/home/onishi/WRF/wrftladj -I/home/onishi/WRF/chem -I/home/onishi/WRF/inc -I/home/onishi/NETCDF_DIR2//include  -real-size `expr 8 \* 4` -i4  module_soilpsd.f90
0.00user 0.06system 0:00.10elapsed 72%CPU (0avgtext+0avgdata 38108maxresident)k
16inputs+104outputs (0major+6008minor)pagefaults 0swaps
rm -f module_uoc_dust.o
sed -e "s/^\!.*'.*//" -e "s/^ *\!.*'.*//" module_uoc_dust.F > module_uoc_dust.G
/lib/cpp -P -nostdinc -I/home/onishi/WRF/external/ioapi_share -I/home/onishi/WRF/inc -DEM_CORE=1 -DNMM_CORE=0 -DNMM_MAX_DIM=2600 -DDA_CORE=0 -DWRFPLUS=0 -DIWORDSIZE=4 -DDWORDSIZE=8 -DRWORDSIZE=4 -DLWORDSIZE=4 -DNONSTANDARD_SYSTEM_FUNC  -DWRF_USE_CLM -DUSE_NETCDF4_FEATURES -DWRFIO_NCD_LARGE_FILE_SUPPORT  -DDM_PARALLEL -DNETCDF -DGRIB2 -DHDF5 -DLANDREAD_STUB=1 -DUSE_ALLOCATABLES -Dwrfmodel -DGRIB1 -DINTIO -DKEEP_INT_AROUND -DLIMIT_ARGS -DBUILD_RRTMG_FAST=0 -DBUILD_RRTMK=0 -DBUILD_SBM_FAST=1 -DSHOW_ALL_VARS_USED=0 -DCONFIG_BUF_LEN=65536 -DMAX_DOMAINS_F=21 -DMAX_HISTORY=25 -DNMM_NEST=0 -DWRF_CHEM -DBUILD_CHEM=1 -DWRF_KPP -I. -traditional-cpp -DUSE_NETCDF4_FEATURES -DWRFIO_NCD_LARGE_FILE_SUPPORT   module_uoc_dust.G  > module_uoc_dust.bb
/home/onishi/WRF/tools/standard.exe module_uoc_dust.bb | /lib/cpp -P -nostdinc -I/home/onishi/WRF/external/ioapi_share -traditional-cpp -DUSE_NETCDF4_FEATURES -DWRFIO_NCD_LARGE_FILE_SUPPORT > module_uoc_dust.f90
rm -f module_uoc_dust.G module_uoc_dust.bb
time mpif90 -f90=ifort -o module_uoc_dust.o -c -O3 -ip -fp-model precise -w -ftz -align all -fno-alias -FR -convert big_endian    -I../dyn_em  -I/home/onishi/WRF/external/esmf_time_f90  -I/home/onishi/WRF/main -I/home/onishi/WRF/external/io_netcdf -I/home/onishi/WRF/external/io_int -I/home/onishi/WRF/frame -I/home/onishi/WRF/share -I/home/onishi/WRF/phys -I/home/onishi/WRF/wrftladj -I/home/onishi/WRF/chem -I/home/onishi/WRF/inc -I/home/onishi/NETCDF_DIR2//include  -real-size `expr 8 \* 4` -i4  module_uoc_dust.f90
0.29user 0.06system 0:00.36elapsed 95%CPU (0avgtext+0avgdata 62616maxresident)k
64inputs+1184outputs (0major+11764minor)pagefaults 0swaps
rm -f module_dust_load.o
sed -e "s/^\!.*'.*//" -e "s/^ *\!.*'.*//" module_dust_load.F > module_dust_load.G
/lib/cpp -P -nostdinc -I/home/onishi/WRF/external/ioapi_share -I/home/onishi/WRF/inc -DEM_CORE=1 -DNMM_CORE=0 -DNMM_MAX_DIM=2600 -DDA_CORE=0 -DWRFPLUS=0 -DIWORDSIZE=4 -DDWORDSIZE=8 -DRWORDSIZE=4 -DLWORDSIZE=4 -DNONSTANDARD_SYSTEM_FUNC  -DWRF_USE_CLM -DUSE_NETCDF4_FEATURES -DWRFIO_NCD_LARGE_FILE_SUPPORT  -DDM_PARALLEL -DNETCDF -DGRIB2 -DHDF5 -DLANDREAD_STUB=1 -DUSE_ALLOCATABLES -Dwrfmodel -DGRIB1 -DINTIO -DKEEP_INT_AROUND -DLIMIT_ARGS -DBUILD_RRTMG_FAST=0 -DBUILD_RRTMK=0 -DBUILD_SBM_FAST=1 -DSHOW_ALL_VARS_USED=0 -DCONFIG_BUF_LEN=65536 -DMAX_DOMAINS_F=21 -DMAX_HISTORY=25 -DNMM_NEST=0 -DWRF_CHEM -DBUILD_CHEM=1 -DWRF_KPP -I. -traditional-cpp -DUSE_NETCDF4_FEATURES -DWRFIO_NCD_LARGE_FILE_SUPPORT   module_dust_load.G  > module_dust_load.bb
/home/onishi/WRF/tools/standard.exe module_dust_load.bb | /lib/cpp -P -nostdinc -I/home/onishi/WRF/external/ioapi_share -traditional-cpp -DUSE_NETCDF4_FEATURES -DWRFIO_NCD_LARGE_FILE_SUPPORT > module_dust_load.f90
rm -f module_dust_load.G module_dust_load.bb
time mpif90 -f90=ifort -o module_dust_load.o -c -O3 -ip -fp-model precise -w -ftz -align all -fno-alias -FR -convert big_endian    -I../dyn_em  -I/home/onishi/WRF/external/esmf_time_f90  -I/home/onishi/WRF/main -I/home/onishi/WRF/external/io_netcdf -I/home/onishi/WRF/external/io_int -I/home/onishi/WRF/frame -I/home/onishi/WRF/share -I/home/onishi/WRF/phys -I/home/onishi/WRF/wrftladj -I/home/onishi/WRF/chem -I/home/onishi/WRF/inc -I/home/onishi/NETCDF_DIR2//include  -real-size `expr 8 \* 4` -i4  module_dust_load.f90
0.11user 0.07system 0:00.20elapsed 94%CPU (0avgtext+0avgdata 59344maxresident)k
8inputs+1000outputs (0major+10460minor)pagefaults 0swaps
rm -f module_data_uoc_wd.o
sed -e "s/^\!.*'.*//" -e "s/^ *\!.*'.*//" module_data_uoc_wd.F > module_data_uoc_wd.G
/lib/cpp -P -nostdinc -I/home/onishi/WRF/external/ioapi_share -I/home/onishi/WRF/inc -DEM_CORE=1 -DNMM_CORE=0 -DNMM_MAX_DIM=2600 -DDA_CORE=0 -DWRFPLUS=0 -DIWORDSIZE=4 -DDWORDSIZE=8 -DRWORDSIZE=4 -DLWORDSIZE=4 -DNONSTANDARD_SYSTEM_FUNC  -DWRF_USE_CLM -DUSE_NETCDF4_FEATURES -DWRFIO_NCD_LARGE_FILE_SUPPORT  -DDM_PARALLEL -DNETCDF -DGRIB2 -DHDF5 -DLANDREAD_STUB=1 -DUSE_ALLOCATABLES -Dwrfmodel -DGRIB1 -DINTIO -DKEEP_INT_AROUND -DLIMIT_ARGS -DBUILD_RRTMG_FAST=0 -DBUILD_RRTMK=0 -DBUILD_SBM_FAST=1 -DSHOW_ALL_VARS_USED=0 -DCONFIG_BUF_LEN=65536 -DMAX_DOMAINS_F=21 -DMAX_HISTORY=25 -DNMM_NEST=0 -DWRF_CHEM -DBUILD_CHEM=1 -DWRF_KPP -I. -traditional-cpp -DUSE_NETCDF4_FEATURES -DWRFIO_NCD_LARGE_FILE_SUPPORT   module_data_uoc_wd.G  > module_data_uoc_wd.bb
/home/onishi/WRF/tools/standard.exe module_data_uoc_wd.bb | /lib/cpp -P -nostdinc -I/home/onishi/WRF/external/ioapi_share -traditional-cpp -DUSE_NETCDF4_FEATURES -DWRFIO_NCD_LARGE_FILE_SUPPORT > module_data_uoc_wd.f90
rm -f module_data_uoc_wd.G module_data_uoc_wd.bb
time mpif90 -f90=ifort -o module_data_uoc_wd.o -c -O3 -ip -fp-model precise -w -ftz -align all -fno-alias -FR -convert big_endian    -I../dyn_em  -I/home/onishi/WRF/external/esmf_time_f90  -I/home/onishi/WRF/main -I/home/onishi/WRF/external/io_netcdf -I/home/onishi/WRF/external/io_int -I/home/onishi/WRF/frame -I/home/onishi/WRF/share -I/home/onishi/WRF/phys -I/home/onishi/WRF/wrftladj -I/home/onishi/WRF/chem -I/home/onishi/WRF/inc -I/home/onishi/NETCDF_DIR2//include  -real-size `expr 8 \* 4` -i4  module_data_uoc_wd.f90
0.01user 0.05system 0:00.08elapsed 88%CPU (0avgtext+0avgdata 38464maxresident)k
8inputs+88outputs (0major+6056minor)pagefaults 0swaps
rm -f module_uoc_dustwd.o
sed -e "s/^\!.*'.*//" -e "s/^ *\!.*'.*//" module_uoc_dustwd.F > module_uoc_dustwd.G
/lib/cpp -P -nostdinc -I/home/onishi/WRF/external/ioapi_share -I/home/onishi/WRF/inc -DEM_CORE=1 -DNMM_CORE=0 -DNMM_MAX_DIM=2600 -DDA_CORE=0 -DWRFPLUS=0 -DIWORDSIZE=4 -DDWORDSIZE=8 -DRWORDSIZE=4 -DLWORDSIZE=4 -DNONSTANDARD_SYSTEM_FUNC  -DWRF_USE_CLM -DUSE_NETCDF4_FEATURES -DWRFIO_NCD_LARGE_FILE_SUPPORT  -DDM_PARALLEL -DNETCDF -DGRIB2 -DHDF5 -DLANDREAD_STUB=1 -DUSE_ALLOCATABLES -Dwrfmodel -DGRIB1 -DINTIO -DKEEP_INT_AROUND -DLIMIT_ARGS -DBUILD_RRTMG_FAST=0 -DBUILD_RRTMK=0 -DBUILD_SBM_FAST=1 -DSHOW_ALL_VARS_USED=0 -DCONFIG_BUF_LEN=65536 -DMAX_DOMAINS_F=21 -DMAX_HISTORY=25 -DNMM_NEST=0 -DWRF_CHEM -DBUILD_CHEM=1 -DWRF_KPP -I. -traditional-cpp -DUSE_NETCDF4_FEATURES -DWRFIO_NCD_LARGE_FILE_SUPPORT   module_uoc_dustwd.G  > module_uoc_dustwd.bb
/home/onishi/WRF/tools/standard.exe module_uoc_dustwd.bb | /lib/cpp -P -nostdinc -I/home/onishi/WRF/external/ioapi_share -traditional-cpp -DUSE_NETCDF4_FEATURES -DWRFIO_NCD_LARGE_FILE_SUPPORT > module_uoc_dustwd.f90
rm -f module_uoc_dustwd.G module_uoc_dustwd.bb
time mpif90 -f90=ifort -o module_uoc_dustwd.o -c -O3 -ip -fp-model precise -w -ftz -align all -fno-alias -FR -convert big_endian    -I../dyn_em  -I/home/onishi/WRF/external/esmf_time_f90  -I/home/onishi/WRF/main -I/home/onishi/WRF/external/io_netcdf -I/home/onishi/WRF/external/io_int -I/home/onishi/WRF/frame -I/home/onishi/WRF/share -I/home/onishi/WRF/phys -I/home/onishi/WRF/wrftladj -I/home/onishi/WRF/chem -I/home/onishi/WRF/inc -I/home/onishi/NETCDF_DIR2//include  -real-size `expr 8 \* 4` -i4  module_uoc_dustwd.f90
1.03user 0.10system 0:01.15elapsed 98%CPU (0avgtext+0avgdata 109180maxresident)k
64inputs+800outputs (0major+24582minor)pagefaults 0swaps
rm -f module_mosaic_initmixrats.o
sed -e "s/^\!.*'.*//" -e "s/^ *\!.*'.*//" module_mosaic_initmixrats.F > module_mosaic_initmixrats.G
/lib/cpp -P -nostdinc -I/home/onishi/WRF/external/ioapi_share -I/home/onishi/WRF/inc -DEM_CORE=1 -DNMM_CORE=0 -DNMM_MAX_DIM=2600 -DDA_CORE=0 -DWRFPLUS=0 -DIWORDSIZE=4 -DDWORDSIZE=8 -DRWORDSIZE=4 -DLWORDSIZE=4 -DNONSTANDARD_SYSTEM_FUNC  -DWRF_USE_CLM -DUSE_NETCDF4_FEATURES -DWRFIO_NCD_LARGE_FILE_SUPPORT  -DDM_PARALLEL -DNETCDF -DGRIB2 -DHDF5 -DLANDREAD_STUB=1 -DUSE_ALLOCATABLES -Dwrfmodel -DGRIB1 -DINTIO -DKEEP_INT_AROUND -DLIMIT_ARGS -DBUILD_RRTMG_FAST=0 -DBUILD_RRTMK=0 -DBUILD_SBM_FAST=1 -DSHOW_ALL_VARS_USED=0 -DCONFIG_BUF_LEN=65536 -DMAX_DOMAINS_F=21 -DMAX_HISTORY=25 -DNMM_NEST=0 -DWRF_CHEM -DBUILD_CHEM=1 -DWRF_KPP -I. -traditional-cpp -DUSE_NETCDF4_FEATURES -DWRFIO_NCD_LARGE_FILE_SUPPORT   module_mosaic_initmixrats.G  > module_mosaic_initmixrats.bb
/home/onishi/WRF/tools/standard.exe module_mosaic_initmixrats.bb | /lib/cpp -P -nostdinc -I/home/onishi/WRF/external/ioapi_share -traditional-cpp -DUSE_NETCDF4_FEATURES -DWRFIO_NCD_LARGE_FILE_SUPPORT > module_mosaic_initmixrats.f90
rm -f module_mosaic_initmixrats.G module_mosaic_initmixrats.bb
time mpif90 -f90=ifort -o module_mosaic_initmixrats.o -c -O3 -ip -fp-model precise -w -ftz -align all -fno-alias -FR -convert big_endian    -I../dyn_em  -I/home/onishi/WRF/external/esmf_time_f90  -I/home/onishi/WRF/main -I/home/onishi/WRF/external/io_netcdf -I/home/onishi/WRF/external/io_int -I/home/onishi/WRF/frame -I/home/onishi/WRF/share -I/home/onishi/WRF/phys -I/home/onishi/WRF/wrftladj -I/home/onishi/WRF/chem -I/home/onishi/WRF/inc -I/home/onishi/NETCDF_DIR2//include  -real-size `expr 8 \* 4` -i4  module_mosaic_initmixrats.f90
0.37user 0.07system 0:00.48elapsed 92%CPU (0avgtext+0avgdata 70436maxresident)k
64inputs+3048outputs (0major+13389minor)pagefaults 0swaps
rm -f module_mosaic_support.o
sed -e "s/^\!.*'.*//" -e "s/^ *\!.*'.*//" module_mosaic_support.F > module_mosaic_support.G
/lib/cpp -P -nostdinc -I/home/onishi/WRF/external/ioapi_share -I/home/onishi/WRF/inc -DEM_CORE=1 -DNMM_CORE=0 -DNMM_MAX_DIM=2600 -DDA_CORE=0 -DWRFPLUS=0 -DIWORDSIZE=4 -DDWORDSIZE=8 -DRWORDSIZE=4 -DLWORDSIZE=4 -DNONSTANDARD_SYSTEM_FUNC  -DWRF_USE_CLM -DUSE_NETCDF4_FEATURES -DWRFIO_NCD_LARGE_FILE_SUPPORT  -DDM_PARALLEL -DNETCDF -DGRIB2 -DHDF5 -DLANDREAD_STUB=1 -DUSE_ALLOCATABLES -Dwrfmodel -DGRIB1 -DINTIO -DKEEP_INT_AROUND -DLIMIT_ARGS -DBUILD_RRTMG_FAST=0 -DBUILD_RRTMK=0 -DBUILD_SBM_FAST=1 -DSHOW_ALL_VARS_USED=0 -DCONFIG_BUF_LEN=65536 -DMAX_DOMAINS_F=21 -DMAX_HISTORY=25 -DNMM_NEST=0 -DWRF_CHEM -DBUILD_CHEM=1 -DWRF_KPP -I. -traditional-cpp -DUSE_NETCDF4_FEATURES -DWRFIO_NCD_LARGE_FILE_SUPPORT   module_mosaic_support.G  > module_mosaic_support.bb
/home/onishi/WRF/tools/standard.exe module_mosaic_support.bb | /lib/cpp -P -nostdinc -I/home/onishi/WRF/external/ioapi_share -traditional-cpp -DUSE_NETCDF4_FEATURES -DWRFIO_NCD_LARGE_FILE_SUPPORT > module_mosaic_support.f90
rm -f module_mosaic_support.G module_mosaic_support.bb
time mpif90 -f90=ifort -o module_mosaic_support.o -c -O3 -ip -fp-model precise -w -ftz -align all -fno-alias -FR -convert big_endian    -I../dyn_em  -I/home/onishi/WRF/external/esmf_time_f90  -I/home/onishi/WRF/main -I/home/onishi/WRF/external/io_netcdf -I/home/onishi/WRF/external/io_int -I/home/onishi/WRF/frame -I/home/onishi/WRF/share -I/home/onishi/WRF/phys -I/home/onishi/WRF/wrftladj -I/home/onishi/WRF/chem -I/home/onishi/WRF/inc -I/home/onishi/NETCDF_DIR2//include  -real-size `expr 8 \* 4` -i4  module_mosaic_support.f90
0.03user 0.04system 0:00.10elapsed 74%CPU (0avgtext+0avgdata 40004maxresident)k
216inputs+96outputs (0major+6229minor)pagefaults 0swaps
rm -f module_mosaic_soa_vbs.o
sed -e "s/^\!.*'.*//" -e "s/^ *\!.*'.*//" module_mosaic_soa_vbs.F > module_mosaic_soa_vbs.G
/lib/cpp -P -nostdinc -I/home/onishi/WRF/external/ioapi_share -I/home/onishi/WRF/inc -DEM_CORE=1 -DNMM_CORE=0 -DNMM_MAX_DIM=2600 -DDA_CORE=0 -DWRFPLUS=0 -DIWORDSIZE=4 -DDWORDSIZE=8 -DRWORDSIZE=4 -DLWORDSIZE=4 -DNONSTANDARD_SYSTEM_FUNC  -DWRF_USE_CLM -DUSE_NETCDF4_FEATURES -DWRFIO_NCD_LARGE_FILE_SUPPORT  -DDM_PARALLEL -DNETCDF -DGRIB2 -DHDF5 -DLANDREAD_STUB=1 -DUSE_ALLOCATABLES -Dwrfmodel -DGRIB1 -DINTIO -DKEEP_INT_AROUND -DLIMIT_ARGS -DBUILD_RRTMG_FAST=0 -DBUILD_RRTMK=0 -DBUILD_SBM_FAST=1 -DSHOW_ALL_VARS_USED=0 -DCONFIG_BUF_LEN=65536 -DMAX_DOMAINS_F=21 -DMAX_HISTORY=25 -DNMM_NEST=0 -DWRF_CHEM -DBUILD_CHEM=1 -DWRF_KPP -I. -traditional-cpp -DUSE_NETCDF4_FEATURES -DWRFIO_NCD_LARGE_FILE_SUPPORT   module_mosaic_soa_vbs.G  > module_mosaic_soa_vbs.bb
/home/onishi/WRF/tools/standard.exe module_mosaic_soa_vbs.bb | /lib/cpp -P -nostdinc -I/home/onishi/WRF/external/ioapi_share -traditional-cpp -DUSE_NETCDF4_FEATURES -DWRFIO_NCD_LARGE_FILE_SUPPORT > module_mosaic_soa_vbs.f90
rm -f module_mosaic_soa_vbs.G module_mosaic_soa_vbs.bb
time mpif90 -f90=ifort -o module_mosaic_soa_vbs.o -c -O3 -ip -fp-model precise -w -ftz -align all -fno-alias -FR -convert big_endian    -I../dyn_em  -I/home/onishi/WRF/external/esmf_time_f90  -I/home/onishi/WRF/main -I/home/onishi/WRF/external/io_netcdf -I/home/onishi/WRF/external/io_int -I/home/onishi/WRF/frame -I/home/onishi/WRF/share -I/home/onishi/WRF/phys -I/home/onishi/WRF/wrftladj -I/home/onishi/WRF/chem -I/home/onishi/WRF/inc -I/home/onishi/NETCDF_DIR2//include  -real-size `expr 8 \* 4` -i4  module_mosaic_soa_vbs.f90
7.26user 0.11system 0:07.39elapsed 99%CPU (0avgtext+0avgdata 139448maxresident)k
112inputs+2192outputs (0major+33706minor)pagefaults 0swaps
rm -f module_mosaic_init_aerpar.o
sed -e "s/^\!.*'.*//" -e "s/^ *\!.*'.*//" module_mosaic_init_aerpar.F > module_mosaic_init_aerpar.G
/lib/cpp -P -nostdinc -I/home/onishi/WRF/external/ioapi_share -I/home/onishi/WRF/inc -DEM_CORE=1 -DNMM_CORE=0 -DNMM_MAX_DIM=2600 -DDA_CORE=0 -DWRFPLUS=0 -DIWORDSIZE=4 -DDWORDSIZE=8 -DRWORDSIZE=4 -DLWORDSIZE=4 -DNONSTANDARD_SYSTEM_FUNC  -DWRF_USE_CLM -DUSE_NETCDF4_FEATURES -DWRFIO_NCD_LARGE_FILE_SUPPORT  -DDM_PARALLEL -DNETCDF -DGRIB2 -DHDF5 -DLANDREAD_STUB=1 -DUSE_ALLOCATABLES -Dwrfmodel -DGRIB1 -DINTIO -DKEEP_INT_AROUND -DLIMIT_ARGS -DBUILD_RRTMG_FAST=0 -DBUILD_RRTMK=0 -DBUILD_SBM_FAST=1 -DSHOW_ALL_VARS_USED=0 -DCONFIG_BUF_LEN=65536 -DMAX_DOMAINS_F=21 -DMAX_HISTORY=25 -DNMM_NEST=0 -DWRF_CHEM -DBUILD_CHEM=1 -DWRF_KPP -I. -traditional-cpp -DUSE_NETCDF4_FEATURES -DWRFIO_NCD_LARGE_FILE_SUPPORT   module_mosaic_init_aerpar.G  > module_mosaic_init_aerpar.bb
/home/onishi/WRF/tools/standard.exe module_mosaic_init_aerpar.bb | /lib/cpp -P -nostdinc -I/home/onishi/WRF/external/ioapi_share -traditional-cpp -DUSE_NETCDF4_FEATURES -DWRFIO_NCD_LARGE_FILE_SUPPORT > module_mosaic_init_aerpar.f90
rm -f module_mosaic_init_aerpar.G module_mosaic_init_aerpar.bb
time mpif90 -f90=ifort -o module_mosaic_init_aerpar.o -c -O3 -ip -fp-model precise -w -ftz -align all -fno-alias -FR -convert big_endian    -I../dyn_em  -I/home/onishi/WRF/external/esmf_time_f90  -I/home/onishi/WRF/main -I/home/onishi/WRF/external/io_netcdf -I/home/onishi/WRF/external/io_int -I/home/onishi/WRF/frame -I/home/onishi/WRF/share -I/home/onishi/WRF/phys -I/home/onishi/WRF/wrftladj -I/home/onishi/WRF/chem -I/home/onishi/WRF/inc -I/home/onishi/NETCDF_DIR2//include  -real-size `expr 8 \* 4` -i4  module_mosaic_init_aerpar.f90
2.10user 0.14system 0:02.28elapsed 98%CPU (0avgtext+0avgdata 129580maxresident)k
184inputs+1744outputs (0major+31643minor)pagefaults 0swaps
rm -f module_mosaic_ext.o
sed -e "s/^\!.*'.*//" -e "s/^ *\!.*'.*//" module_mosaic_ext.F > module_mosaic_ext.G
/lib/cpp -P -nostdinc -I/home/onishi/WRF/external/ioapi_share -I/home/onishi/WRF/inc -DEM_CORE=1 -DNMM_CORE=0 -DNMM_MAX_DIM=2600 -DDA_CORE=0 -DWRFPLUS=0 -DIWORDSIZE=4 -DDWORDSIZE=8 -DRWORDSIZE=4 -DLWORDSIZE=4 -DNONSTANDARD_SYSTEM_FUNC  -DWRF_USE_CLM -DUSE_NETCDF4_FEATURES -DWRFIO_NCD_LARGE_FILE_SUPPORT  -DDM_PARALLEL -DNETCDF -DGRIB2 -DHDF5 -DLANDREAD_STUB=1 -DUSE_ALLOCATABLES -Dwrfmodel -DGRIB1 -DINTIO -DKEEP_INT_AROUND -DLIMIT_ARGS -DBUILD_RRTMG_FAST=0 -DBUILD_RRTMK=0 -DBUILD_SBM_FAST=1 -DSHOW_ALL_VARS_USED=0 -DCONFIG_BUF_LEN=65536 -DMAX_DOMAINS_F=21 -DMAX_HISTORY=25 -DNMM_NEST=0 -DWRF_CHEM -DBUILD_CHEM=1 -DWRF_KPP -I. -traditional-cpp -DUSE_NETCDF4_FEATURES -DWRFIO_NCD_LARGE_FILE_SUPPORT   module_mosaic_ext.G  > module_mosaic_ext.bb
/home/onishi/WRF/tools/standard.exe module_mosaic_ext.bb | /lib/cpp -P -nostdinc -I/home/onishi/WRF/external/ioapi_share -traditional-cpp -DUSE_NETCDF4_FEATURES -DWRFIO_NCD_LARGE_FILE_SUPPORT > module_mosaic_ext.f90
rm -f module_mosaic_ext.G module_mosaic_ext.bb
time mpif90 -f90=ifort -o module_mosaic_ext.o -c -O3 -ip -fp-model precise -w -ftz -align all -fno-alias -FR -convert big_endian    -I../dyn_em  -I/home/onishi/WRF/external/esmf_time_f90  -I/home/onishi/WRF/main -I/home/onishi/WRF/external/io_netcdf -I/home/onishi/WRF/external/io_int -I/home/onishi/WRF/frame -I/home/onishi/WRF/share -I/home/onishi/WRF/phys -I/home/onishi/WRF/wrftladj -I/home/onishi/WRF/chem -I/home/onishi/WRF/inc -I/home/onishi/NETCDF_DIR2//include  -real-size `expr 8 \* 4` -i4  module_mosaic_ext.f90
1.65user 0.10system 0:01.79elapsed 98%CPU (0avgtext+0avgdata 77640maxresident)k
360inputs+2800outputs (0major+17949minor)pagefaults 0swaps
rm -f module_mosaic_astem.o
sed -e "s/^\!.*'.*//" -e "s/^ *\!.*'.*//" module_mosaic_astem.F > module_mosaic_astem.G
/lib/cpp -P -nostdinc -I/home/onishi/WRF/external/ioapi_share -I/home/onishi/WRF/inc -DEM_CORE=1 -DNMM_CORE=0 -DNMM_MAX_DIM=2600 -DDA_CORE=0 -DWRFPLUS=0 -DIWORDSIZE=4 -DDWORDSIZE=8 -DRWORDSIZE=4 -DLWORDSIZE=4 -DNONSTANDARD_SYSTEM_FUNC  -DWRF_USE_CLM -DUSE_NETCDF4_FEATURES -DWRFIO_NCD_LARGE_FILE_SUPPORT  -DDM_PARALLEL -DNETCDF -DGRIB2 -DHDF5 -DLANDREAD_STUB=1 -DUSE_ALLOCATABLES -Dwrfmodel -DGRIB1 -DINTIO -DKEEP_INT_AROUND -DLIMIT_ARGS -DBUILD_RRTMG_FAST=0 -DBUILD_RRTMK=0 -DBUILD_SBM_FAST=1 -DSHOW_ALL_VARS_USED=0 -DCONFIG_BUF_LEN=65536 -DMAX_DOMAINS_F=21 -DMAX_HISTORY=25 -DNMM_NEST=0 -DWRF_CHEM -DBUILD_CHEM=1 -DWRF_KPP -I. -traditional-cpp -DUSE_NETCDF4_FEATURES -DWRFIO_NCD_LARGE_FILE_SUPPORT   module_mosaic_astem.G  > module_mosaic_astem.bb
/home/onishi/WRF/tools/standard.exe module_mosaic_astem.bb | /lib/cpp -P -nostdinc -I/home/onishi/WRF/external/ioapi_share -traditional-cpp -DUSE_NETCDF4_FEATURES -DWRFIO_NCD_LARGE_FILE_SUPPORT > module_mosaic_astem.f90
rm -f module_mosaic_astem.G module_mosaic_astem.bb
time mpif90 -f90=ifort -o module_mosaic_astem.o -c -O3 -ip -fp-model precise -w -ftz -align all -fno-alias -FR -convert big_endian    -I../dyn_em  -I/home/onishi/WRF/external/esmf_time_f90  -I/home/onishi/WRF/main -I/home/onishi/WRF/external/io_netcdf -I/home/onishi/WRF/external/io_int -I/home/onishi/WRF/frame -I/home/onishi/WRF/share -I/home/onishi/WRF/phys -I/home/onishi/WRF/wrftladj -I/home/onishi/WRF/chem -I/home/onishi/WRF/inc -I/home/onishi/NETCDF_DIR2//include  -real-size `expr 8 \* 4` -i4  module_mosaic_astem.f90
1.41user 0.09system 0:01.54elapsed 97%CPU (0avgtext+0avgdata 82124maxresident)k
560inputs+1776outputs (0major+18811minor)pagefaults 0swaps
rm -f module_mosaic_lsode.o
sed -e "s/^\!.*'.*//" -e "s/^ *\!.*'.*//" module_mosaic_lsode.F > module_mosaic_lsode.G
/lib/cpp -P -nostdinc -I/home/onishi/WRF/external/ioapi_share -I/home/onishi/WRF/inc -DEM_CORE=1 -DNMM_CORE=0 -DNMM_MAX_DIM=2600 -DDA_CORE=0 -DWRFPLUS=0 -DIWORDSIZE=4 -DDWORDSIZE=8 -DRWORDSIZE=4 -DLWORDSIZE=4 -DNONSTANDARD_SYSTEM_FUNC  -DWRF_USE_CLM -DUSE_NETCDF4_FEATURES -DWRFIO_NCD_LARGE_FILE_SUPPORT  -DDM_PARALLEL -DNETCDF -DGRIB2 -DHDF5 -DLANDREAD_STUB=1 -DUSE_ALLOCATABLES -Dwrfmodel -DGRIB1 -DINTIO -DKEEP_INT_AROUND -DLIMIT_ARGS -DBUILD_RRTMG_FAST=0 -DBUILD_RRTMK=0 -DBUILD_SBM_FAST=1 -DSHOW_ALL_VARS_USED=0 -DCONFIG_BUF_LEN=65536 -DMAX_DOMAINS_F=21 -DMAX_HISTORY=25 -DNMM_NEST=0 -DWRF_CHEM -DBUILD_CHEM=1 -DWRF_KPP -I. -traditional-cpp -DUSE_NETCDF4_FEATURES -DWRFIO_NCD_LARGE_FILE_SUPPORT   module_mosaic_lsode.G  > module_mosaic_lsode.bb
/home/onishi/WRF/tools/standard.exe module_mosaic_lsode.bb | /lib/cpp -P -nostdinc -I/home/onishi/WRF/external/ioapi_share -traditional-cpp -DUSE_NETCDF4_FEATURES -DWRFIO_NCD_LARGE_FILE_SUPPORT > module_mosaic_lsode.f90
rm -f module_mosaic_lsode.G module_mosaic_lsode.bb
time mpif90 -f90=ifort -o module_mosaic_lsode.o -c -O3 -ip -fp-model precise -w -ftz -align all -fno-alias -FR -convert big_endian    -I../dyn_em  -I/home/onishi/WRF/external/esmf_time_f90  -I/home/onishi/WRF/main -I/home/onishi/WRF/external/io_netcdf -I/home/onishi/WRF/external/io_int -I/home/onishi/WRF/frame -I/home/onishi/WRF/share -I/home/onishi/WRF/phys -I/home/onishi/WRF/wrftladj -I/home/onishi/WRF/chem -I/home/onishi/WRF/inc -I/home/onishi/NETCDF_DIR2//include  -real-size `expr 8 \* 4` -i4  module_mosaic_lsode.f90
0.01user 0.05system 0:00.09elapsed 73%CPU (0avgtext+0avgdata 39100maxresident)k
8inputs+88outputs (0major+6094minor)pagefaults 0swaps
rm -f module_mosaic_box_aerchem.o
sed -e "s/^\!.*'.*//" -e "s/^ *\!.*'.*//" module_mosaic_box_aerchem.F > module_mosaic_box_aerchem.G
/lib/cpp -P -nostdinc -I/home/onishi/WRF/external/ioapi_share -I/home/onishi/WRF/inc -DEM_CORE=1 -DNMM_CORE=0 -DNMM_MAX_DIM=2600 -DDA_CORE=0 -DWRFPLUS=0 -DIWORDSIZE=4 -DDWORDSIZE=8 -DRWORDSIZE=4 -DLWORDSIZE=4 -DNONSTANDARD_SYSTEM_FUNC  -DWRF_USE_CLM -DUSE_NETCDF4_FEATURES -DWRFIO_NCD_LARGE_FILE_SUPPORT  -DDM_PARALLEL -DNETCDF -DGRIB2 -DHDF5 -DLANDREAD_STUB=1 -DUSE_ALLOCATABLES -Dwrfmodel -DGRIB1 -DINTIO -DKEEP_INT_AROUND -DLIMIT_ARGS -DBUILD_RRTMG_FAST=0 -DBUILD_RRTMK=0 -DBUILD_SBM_FAST=1 -DSHOW_ALL_VARS_USED=0 -DCONFIG_BUF_LEN=65536 -DMAX_DOMAINS_F=21 -DMAX_HISTORY=25 -DNMM_NEST=0 -DWRF_CHEM -DBUILD_CHEM=1 -DWRF_KPP -I. -traditional-cpp -DUSE_NETCDF4_FEATURES -DWRFIO_NCD_LARGE_FILE_SUPPORT   module_mosaic_box_aerchem.G  > module_mosaic_box_aerchem.bb
/home/onishi/WRF/tools/standard.exe module_mosaic_box_aerchem.bb | /lib/cpp -P -nostdinc -I/home/onishi/WRF/external/ioapi_share -traditional-cpp -DUSE_NETCDF4_FEATURES -DWRFIO_NCD_LARGE_FILE_SUPPORT > module_mosaic_box_aerchem.f90
rm -f module_mosaic_box_aerchem.G module_mosaic_box_aerchem.bb
time mpif90 -f90=ifort -o module_mosaic_box_aerchem.o -c -O3 -ip -fp-model precise -w -ftz -align all -fno-alias -FR -convert big_endian    -I../dyn_em  -I/home/onishi/WRF/external/esmf_time_f90  -I/home/onishi/WRF/main -I/home/onishi/WRF/external/io_netcdf -I/home/onishi/WRF/external/io_int -I/home/onishi/WRF/frame -I/home/onishi/WRF/share -I/home/onishi/WRF/phys -I/home/onishi/WRF/wrftladj -I/home/onishi/WRF/chem -I/home/onishi/WRF/inc -I/home/onishi/NETCDF_DIR2//include  -real-size `expr 8 \* 4` -i4  module_mosaic_box_aerchem.f90
0.81user 0.09system 0:00.93elapsed 96%CPU (0avgtext+0avgdata 75216maxresident)k
536inputs+1072outputs (0major+17231minor)pagefaults 0swaps
rm -f module_mosaic_aerchem_intr.o
sed -e "s/^\!.*'.*//" -e "s/^ *\!.*'.*//" module_mosaic_aerchem_intr.F > module_mosaic_aerchem_intr.G
/lib/cpp -P -nostdinc -I/home/onishi/WRF/external/ioapi_share -I/home/onishi/WRF/inc -DEM_CORE=1 -DNMM_CORE=0 -DNMM_MAX_DIM=2600 -DDA_CORE=0 -DWRFPLUS=0 -DIWORDSIZE=4 -DDWORDSIZE=8 -DRWORDSIZE=4 -DLWORDSIZE=4 -DNONSTANDARD_SYSTEM_FUNC  -DWRF_USE_CLM -DUSE_NETCDF4_FEATURES -DWRFIO_NCD_LARGE_FILE_SUPPORT  -DDM_PARALLEL -DNETCDF -DGRIB2 -DHDF5 -DLANDREAD_STUB=1 -DUSE_ALLOCATABLES -Dwrfmodel -DGRIB1 -DINTIO -DKEEP_INT_AROUND -DLIMIT_ARGS -DBUILD_RRTMG_FAST=0 -DBUILD_RRTMK=0 -DBUILD_SBM_FAST=1 -DSHOW_ALL_VARS_USED=0 -DCONFIG_BUF_LEN=65536 -DMAX_DOMAINS_F=21 -DMAX_HISTORY=25 -DNMM_NEST=0 -DWRF_CHEM -DBUILD_CHEM=1 -DWRF_KPP -I. -traditional-cpp -DUSE_NETCDF4_FEATURES -DWRFIO_NCD_LARGE_FILE_SUPPORT   module_mosaic_aerchem_intr.G  > module_mosaic_aerchem_intr.bb
/home/onishi/WRF/tools/standard.exe module_mosaic_aerchem_intr.bb | /lib/cpp -P -nostdinc -I/home/onishi/WRF/external/ioapi_share -traditional-cpp -DUSE_NETCDF4_FEATURES -DWRFIO_NCD_LARGE_FILE_SUPPORT > module_mosaic_aerchem_intr.f90
rm -f module_mosaic_aerchem_intr.G module_mosaic_aerchem_intr.bb
time mpif90 -f90=ifort -o module_mosaic_aerchem_intr.o -c -O3 -ip -fp-model precise -w -ftz -align all -fno-alias -FR -convert big_endian    -I../dyn_em  -I/home/onishi/WRF/external/esmf_time_f90  -I/home/onishi/WRF/main -I/home/onishi/WRF/external/io_netcdf -I/home/onishi/WRF/external/io_int -I/home/onishi/WRF/frame -I/home/onishi/WRF/share -I/home/onishi/WRF/phys -I/home/onishi/WRF/wrftladj -I/home/onishi/WRF/chem -I/home/onishi/WRF/inc -I/home/onishi/NETCDF_DIR2//include  -real-size `expr 8 \* 4` -i4  module_mosaic_aerchem_intr.f90
0.25user 0.07system 0:00.36elapsed 91%CPU (0avgtext+0avgdata 61068maxresident)k
224inputs+528outputs (1major+12721minor)pagefaults 0swaps
rm -f module_mosaic_coag1d.o
sed -e "s/^\!.*'.*//" -e "s/^ *\!.*'.*//" module_mosaic_coag1d.F > module_mosaic_coag1d.G
/lib/cpp -P -nostdinc -I/home/onishi/WRF/external/ioapi_share -I/home/onishi/WRF/inc -DEM_CORE=1 -DNMM_CORE=0 -DNMM_MAX_DIM=2600 -DDA_CORE=0 -DWRFPLUS=0 -DIWORDSIZE=4 -DDWORDSIZE=8 -DRWORDSIZE=4 -DLWORDSIZE=4 -DNONSTANDARD_SYSTEM_FUNC  -DWRF_USE_CLM -DUSE_NETCDF4_FEATURES -DWRFIO_NCD_LARGE_FILE_SUPPORT  -DDM_PARALLEL -DNETCDF -DGRIB2 -DHDF5 -DLANDREAD_STUB=1 -DUSE_ALLOCATABLES -Dwrfmodel -DGRIB1 -DINTIO -DKEEP_INT_AROUND -DLIMIT_ARGS -DBUILD_RRTMG_FAST=0 -DBUILD_RRTMK=0 -DBUILD_SBM_FAST=1 -DSHOW_ALL_VARS_USED=0 -DCONFIG_BUF_LEN=65536 -DMAX_DOMAINS_F=21 -DMAX_HISTORY=25 -DNMM_NEST=0 -DWRF_CHEM -DBUILD_CHEM=1 -DWRF_KPP -I. -traditional-cpp -DUSE_NETCDF4_FEATURES -DWRFIO_NCD_LARGE_FILE_SUPPORT   module_mosaic_coag1d.G  > module_mosaic_coag1d.bb
/home/onishi/WRF/tools/standard.exe module_mosaic_coag1d.bb | /lib/cpp -P -nostdinc -I/home/onishi/WRF/external/ioapi_share -traditional-cpp -DUSE_NETCDF4_FEATURES -DWRFIO_NCD_LARGE_FILE_SUPPORT > module_mosaic_coag1d.f90
rm -f module_mosaic_coag1d.G module_mosaic_coag1d.bb
time mpif90 -f90=ifort -o module_mosaic_coag1d.o -c -O3 -ip -fp-model precise -w -ftz -align all -fno-alias -FR -convert big_endian    -I../dyn_em  -I/home/onishi/WRF/external/esmf_time_f90  -I/home/onishi/WRF/main -I/home/onishi/WRF/external/io_netcdf -I/home/onishi/WRF/external/io_int -I/home/onishi/WRF/frame -I/home/onishi/WRF/share -I/home/onishi/WRF/phys -I/home/onishi/WRF/wrftladj -I/home/onishi/WRF/chem -I/home/onishi/WRF/inc -I/home/onishi/NETCDF_DIR2//include  -real-size `expr 8 \* 4` -i4  module_mosaic_coag1d.f90
1.41user 0.11system 0:01.56elapsed 98%CPU (0avgtext+0avgdata 118372maxresident)k
64inputs+776outputs (0major+26612minor)pagefaults 0swaps
rm -f module_mosaic_coag3d.o
sed -e "s/^\!.*'.*//" -e "s/^ *\!.*'.*//" module_mosaic_coag3d.F > module_mosaic_coag3d.G
/lib/cpp -P -nostdinc -I/home/onishi/WRF/external/ioapi_share -I/home/onishi/WRF/inc -DEM_CORE=1 -DNMM_CORE=0 -DNMM_MAX_DIM=2600 -DDA_CORE=0 -DWRFPLUS=0 -DIWORDSIZE=4 -DDWORDSIZE=8 -DRWORDSIZE=4 -DLWORDSIZE=4 -DNONSTANDARD_SYSTEM_FUNC  -DWRF_USE_CLM -DUSE_NETCDF4_FEATURES -DWRFIO_NCD_LARGE_FILE_SUPPORT  -DDM_PARALLEL -DNETCDF -DGRIB2 -DHDF5 -DLANDREAD_STUB=1 -DUSE_ALLOCATABLES -Dwrfmodel -DGRIB1 -DINTIO -DKEEP_INT_AROUND -DLIMIT_ARGS -DBUILD_RRTMG_FAST=0 -DBUILD_RRTMK=0 -DBUILD_SBM_FAST=1 -DSHOW_ALL_VARS_USED=0 -DCONFIG_BUF_LEN=65536 -DMAX_DOMAINS_F=21 -DMAX_HISTORY=25 -DNMM_NEST=0 -DWRF_CHEM -DBUILD_CHEM=1 -DWRF_KPP -I. -traditional-cpp -DUSE_NETCDF4_FEATURES -DWRFIO_NCD_LARGE_FILE_SUPPORT   module_mosaic_coag3d.G  > module_mosaic_coag3d.bb
/home/onishi/WRF/tools/standard.exe module_mosaic_coag3d.bb | /lib/cpp -P -nostdinc -I/home/onishi/WRF/external/ioapi_share -traditional-cpp -DUSE_NETCDF4_FEATURES -DWRFIO_NCD_LARGE_FILE_SUPPORT > module_mosaic_coag3d.f90
rm -f module_mosaic_coag3d.G module_mosaic_coag3d.bb
time mpif90 -f90=ifort -o module_mosaic_coag3d.o -c -O3 -ip -fp-model precise -w -ftz -align all -fno-alias -FR -convert big_endian    -I../dyn_em  -I/home/onishi/WRF/external/esmf_time_f90  -I/home/onishi/WRF/main -I/home/onishi/WRF/external/io_netcdf -I/home/onishi/WRF/external/io_int -I/home/onishi/WRF/frame -I/home/onishi/WRF/share -I/home/onishi/WRF/phys -I/home/onishi/WRF/wrftladj -I/home/onishi/WRF/chem -I/home/onishi/WRF/inc -I/home/onishi/NETCDF_DIR2//include  -real-size `expr 8 \* 4` -i4  module_mosaic_coag3d.f90
0.71user 0.06system 0:00.81elapsed 96%CPU (0avgtext+0avgdata 83668maxresident)k
72inputs+800outputs (0major+19588minor)pagefaults 0swaps
rm -f module_mosaic_movesect1d.o
sed -e "s/^\!.*'.*//" -e "s/^ *\!.*'.*//" module_mosaic_movesect1d.F > module_mosaic_movesect1d.G
/lib/cpp -P -nostdinc -I/home/onishi/WRF/external/ioapi_share -I/home/onishi/WRF/inc -DEM_CORE=1 -DNMM_CORE=0 -DNMM_MAX_DIM=2600 -DDA_CORE=0 -DWRFPLUS=0 -DIWORDSIZE=4 -DDWORDSIZE=8 -DRWORDSIZE=4 -DLWORDSIZE=4 -DNONSTANDARD_SYSTEM_FUNC  -DWRF_USE_CLM -DUSE_NETCDF4_FEATURES -DWRFIO_NCD_LARGE_FILE_SUPPORT  -DDM_PARALLEL -DNETCDF -DGRIB2 -DHDF5 -DLANDREAD_STUB=1 -DUSE_ALLOCATABLES -Dwrfmodel -DGRIB1 -DINTIO -DKEEP_INT_AROUND -DLIMIT_ARGS -DBUILD_RRTMG_FAST=0 -DBUILD_RRTMK=0 -DBUILD_SBM_FAST=1 -DSHOW_ALL_VARS_USED=0 -DCONFIG_BUF_LEN=65536 -DMAX_DOMAINS_F=21 -DMAX_HISTORY=25 -DNMM_NEST=0 -DWRF_CHEM -DBUILD_CHEM=1 -DWRF_KPP -I. -traditional-cpp -DUSE_NETCDF4_FEATURES -DWRFIO_NCD_LARGE_FILE_SUPPORT   module_mosaic_movesect1d.G  > module_mosaic_movesect1d.bb
/home/onishi/WRF/tools/standard.exe module_mosaic_movesect1d.bb | /lib/cpp -P -nostdinc -I/home/onishi/WRF/external/ioapi_share -traditional-cpp -DUSE_NETCDF4_FEATURES -DWRFIO_NCD_LARGE_FILE_SUPPORT > module_mosaic_movesect1d.f90
rm -f module_mosaic_movesect1d.G module_mosaic_movesect1d.bb
time mpif90 -f90=ifort -o module_mosaic_movesect1d.o -c -O3 -ip -fp-model precise -w -ftz -align all -fno-alias -FR -convert big_endian    -I../dyn_em  -I/home/onishi/WRF/external/esmf_time_f90  -I/home/onishi/WRF/main -I/home/onishi/WRF/external/io_netcdf -I/home/onishi/WRF/external/io_int -I/home/onishi/WRF/frame -I/home/onishi/WRF/share -I/home/onishi/WRF/phys -I/home/onishi/WRF/wrftladj -I/home/onishi/WRF/chem -I/home/onishi/WRF/inc -I/home/onishi/NETCDF_DIR2//include  -real-size `expr 8 \* 4` -i4  module_mosaic_movesect1d.f90
1.23user 0.10system 0:01.36elapsed 98%CPU (0avgtext+0avgdata 81588maxresident)k
96inputs+1104outputs (0major+18830minor)pagefaults 0swaps
rm -f module_mosaic_movesect3d.o
sed -e "s/^\!.*'.*//" -e "s/^ *\!.*'.*//" module_mosaic_movesect3d.F > module_mosaic_movesect3d.G
/lib/cpp -P -nostdinc -I/home/onishi/WRF/external/ioapi_share -I/home/onishi/WRF/inc -DEM_CORE=1 -DNMM_CORE=0 -DNMM_MAX_DIM=2600 -DDA_CORE=0 -DWRFPLUS=0 -DIWORDSIZE=4 -DDWORDSIZE=8 -DRWORDSIZE=4 -DLWORDSIZE=4 -DNONSTANDARD_SYSTEM_FUNC  -DWRF_USE_CLM -DUSE_NETCDF4_FEATURES -DWRFIO_NCD_LARGE_FILE_SUPPORT  -DDM_PARALLEL -DNETCDF -DGRIB2 -DHDF5 -DLANDREAD_STUB=1 -DUSE_ALLOCATABLES -Dwrfmodel -DGRIB1 -DINTIO -DKEEP_INT_AROUND -DLIMIT_ARGS -DBUILD_RRTMG_FAST=0 -DBUILD_RRTMK=0 -DBUILD_SBM_FAST=1 -DSHOW_ALL_VARS_USED=0 -DCONFIG_BUF_LEN=65536 -DMAX_DOMAINS_F=21 -DMAX_HISTORY=25 -DNMM_NEST=0 -DWRF_CHEM -DBUILD_CHEM=1 -DWRF_KPP -I. -traditional-cpp -DUSE_NETCDF4_FEATURES -DWRFIO_NCD_LARGE_FILE_SUPPORT   module_mosaic_movesect3d.G  > module_mosaic_movesect3d.bb
/home/onishi/WRF/tools/standard.exe module_mosaic_movesect3d.bb | /lib/cpp -P -nostdinc -I/home/onishi/WRF/external/ioapi_share -traditional-cpp -DUSE_NETCDF4_FEATURES -DWRFIO_NCD_LARGE_FILE_SUPPORT > module_mosaic_movesect3d.f90
rm -f module_mosaic_movesect3d.G module_mosaic_movesect3d.bb
time mpif90 -f90=ifort -o module_mosaic_movesect3d.o -c -O3 -ip -fp-model precise -w -ftz -align all -fno-alias -FR -convert big_endian    -I../dyn_em  -I/home/onishi/WRF/external/esmf_time_f90  -I/home/onishi/WRF/main -I/home/onishi/WRF/external/io_netcdf -I/home/onishi/WRF/external/io_int -I/home/onishi/WRF/frame -I/home/onishi/WRF/share -I/home/onishi/WRF/phys -I/home/onishi/WRF/wrftladj -I/home/onishi/WRF/chem -I/home/onishi/WRF/inc -I/home/onishi/NETCDF_DIR2//include  -real-size `expr 8 \* 4` -i4  module_mosaic_movesect3d.f90
0.95user 0.09system 0:01.07elapsed 97%CPU (0avgtext+0avgdata 72216maxresident)k
120inputs+1336outputs (0major+15809minor)pagefaults 0swaps
rm -f module_mosaic_newnucb.o
sed -e "s/^\!.*'.*//" -e "s/^ *\!.*'.*//" module_mosaic_newnucb.F > module_mosaic_newnucb.G
/lib/cpp -P -nostdinc -I/home/onishi/WRF/external/ioapi_share -I/home/onishi/WRF/inc -DEM_CORE=1 -DNMM_CORE=0 -DNMM_MAX_DIM=2600 -DDA_CORE=0 -DWRFPLUS=0 -DIWORDSIZE=4 -DDWORDSIZE=8 -DRWORDSIZE=4 -DLWORDSIZE=4 -DNONSTANDARD_SYSTEM_FUNC  -DWRF_USE_CLM -DUSE_NETCDF4_FEATURES -DWRFIO_NCD_LARGE_FILE_SUPPORT  -DDM_PARALLEL -DNETCDF -DGRIB2 -DHDF5 -DLANDREAD_STUB=1 -DUSE_ALLOCATABLES -Dwrfmodel -DGRIB1 -DINTIO -DKEEP_INT_AROUND -DLIMIT_ARGS -DBUILD_RRTMG_FAST=0 -DBUILD_RRTMK=0 -DBUILD_SBM_FAST=1 -DSHOW_ALL_VARS_USED=0 -DCONFIG_BUF_LEN=65536 -DMAX_DOMAINS_F=21 -DMAX_HISTORY=25 -DNMM_NEST=0 -DWRF_CHEM -DBUILD_CHEM=1 -DWRF_KPP -I. -traditional-cpp -DUSE_NETCDF4_FEATURES -DWRFIO_NCD_LARGE_FILE_SUPPORT   module_mosaic_newnucb.G  > module_mosaic_newnucb.bb
/home/onishi/WRF/tools/standard.exe module_mosaic_newnucb.bb | /lib/cpp -P -nostdinc -I/home/onishi/WRF/external/ioapi_share -traditional-cpp -DUSE_NETCDF4_FEATURES -DWRFIO_NCD_LARGE_FILE_SUPPORT > module_mosaic_newnucb.f90
rm -f module_mosaic_newnucb.G module_mosaic_newnucb.bb
time mpif90 -f90=ifort -o module_mosaic_newnucb.o -c -O3 -ip -fp-model precise -w -ftz -align all -fno-alias -FR -convert big_endian    -I../dyn_em  -I/home/onishi/WRF/external/esmf_time_f90  -I/home/onishi/WRF/main -I/home/onishi/WRF/external/io_netcdf -I/home/onishi/WRF/external/io_int -I/home/onishi/WRF/frame -I/home/onishi/WRF/share -I/home/onishi/WRF/phys -I/home/onishi/WRF/wrftladj -I/home/onishi/WRF/chem -I/home/onishi/WRF/inc -I/home/onishi/NETCDF_DIR2//include  -real-size `expr 8 \* 4` -i4  module_mosaic_newnucb.f90
0.34user 0.09system 0:00.46elapsed 93%CPU (0avgtext+0avgdata 64960maxresident)k
120inputs+848outputs (0major+14387minor)pagefaults 0swaps
rm -f module_mosaic_sect_intr.o
sed -e "s/^\!.*'.*//" -e "s/^ *\!.*'.*//" module_mosaic_sect_intr.F > module_mosaic_sect_intr.G
/lib/cpp -P -nostdinc -I/home/onishi/WRF/external/ioapi_share -I/home/onishi/WRF/inc -DEM_CORE=1 -DNMM_CORE=0 -DNMM_MAX_DIM=2600 -DDA_CORE=0 -DWRFPLUS=0 -DIWORDSIZE=4 -DDWORDSIZE=8 -DRWORDSIZE=4 -DLWORDSIZE=4 -DNONSTANDARD_SYSTEM_FUNC  -DWRF_USE_CLM -DUSE_NETCDF4_FEATURES -DWRFIO_NCD_LARGE_FILE_SUPPORT  -DDM_PARALLEL -DNETCDF -DGRIB2 -DHDF5 -DLANDREAD_STUB=1 -DUSE_ALLOCATABLES -Dwrfmodel -DGRIB1 -DINTIO -DKEEP_INT_AROUND -DLIMIT_ARGS -DBUILD_RRTMG_FAST=0 -DBUILD_RRTMK=0 -DBUILD_SBM_FAST=1 -DSHOW_ALL_VARS_USED=0 -DCONFIG_BUF_LEN=65536 -DMAX_DOMAINS_F=21 -DMAX_HISTORY=25 -DNMM_NEST=0 -DWRF_CHEM -DBUILD_CHEM=1 -DWRF_KPP -I. -traditional-cpp -DUSE_NETCDF4_FEATURES -DWRFIO_NCD_LARGE_FILE_SUPPORT   module_mosaic_sect_intr.G  > module_mosaic_sect_intr.bb
/home/onishi/WRF/tools/standard.exe module_mosaic_sect_intr.bb | /lib/cpp -P -nostdinc -I/home/onishi/WRF/external/ioapi_share -traditional-cpp -DUSE_NETCDF4_FEATURES -DWRFIO_NCD_LARGE_FILE_SUPPORT > module_mosaic_sect_intr.f90
rm -f module_mosaic_sect_intr.G module_mosaic_sect_intr.bb
time mpif90 -f90=ifort -o module_mosaic_sect_intr.o -c -O3 -ip -fp-model precise -w -ftz -align all -fno-alias -FR -convert big_endian    -I../dyn_em  -I/home/onishi/WRF/external/esmf_time_f90  -I/home/onishi/WRF/main -I/home/onishi/WRF/external/io_netcdf -I/home/onishi/WRF/external/io_int -I/home/onishi/WRF/frame -I/home/onishi/WRF/share -I/home/onishi/WRF/phys -I/home/onishi/WRF/wrftladj -I/home/onishi/WRF/chem -I/home/onishi/WRF/inc -I/home/onishi/NETCDF_DIR2//include  -real-size `expr 8 \* 4` -i4  module_mosaic_sect_intr.f90
0.12user 0.06system 0:00.22elapsed 85%CPU (0avgtext+0avgdata 51604maxresident)k
328inputs+400outputs (0major+8512minor)pagefaults 0swaps
rm -f module_mosaic_aerdynam_intr.o
sed -e "s/^\!.*'.*//" -e "s/^ *\!.*'.*//" module_mosaic_aerdynam_intr.F > module_mosaic_aerdynam_intr.G
/lib/cpp -P -nostdinc -I/home/onishi/WRF/external/ioapi_share -I/home/onishi/WRF/inc -DEM_CORE=1 -DNMM_CORE=0 -DNMM_MAX_DIM=2600 -DDA_CORE=0 -DWRFPLUS=0 -DIWORDSIZE=4 -DDWORDSIZE=8 -DRWORDSIZE=4 -DLWORDSIZE=4 -DNONSTANDARD_SYSTEM_FUNC  -DWRF_USE_CLM -DUSE_NETCDF4_FEATURES -DWRFIO_NCD_LARGE_FILE_SUPPORT  -DDM_PARALLEL -DNETCDF -DGRIB2 -DHDF5 -DLANDREAD_STUB=1 -DUSE_ALLOCATABLES -Dwrfmodel -DGRIB1 -DINTIO -DKEEP_INT_AROUND -DLIMIT_ARGS -DBUILD_RRTMG_FAST=0 -DBUILD_RRTMK=0 -DBUILD_SBM_FAST=1 -DSHOW_ALL_VARS_USED=0 -DCONFIG_BUF_LEN=65536 -DMAX_DOMAINS_F=21 -DMAX_HISTORY=25 -DNMM_NEST=0 -DWRF_CHEM -DBUILD_CHEM=1 -DWRF_KPP -I. -traditional-cpp -DUSE_NETCDF4_FEATURES -DWRFIO_NCD_LARGE_FILE_SUPPORT   module_mosaic_aerdynam_intr.G  > module_mosaic_aerdynam_intr.bb
/home/onishi/WRF/tools/standard.exe module_mosaic_aerdynam_intr.bb | /lib/cpp -P -nostdinc -I/home/onishi/WRF/external/ioapi_share -traditional-cpp -DUSE_NETCDF4_FEATURES -DWRFIO_NCD_LARGE_FILE_SUPPORT > module_mosaic_aerdynam_intr.f90
rm -f module_mosaic_aerdynam_intr.G module_mosaic_aerdynam_intr.bb
time mpif90 -f90=ifort -o module_mosaic_aerdynam_intr.o -c -O3 -ip -fp-model precise -w -ftz -align all -fno-alias -FR -convert big_endian    -I../dyn_em  -I/home/onishi/WRF/external/esmf_time_f90  -I/home/onishi/WRF/main -I/home/onishi/WRF/external/io_netcdf -I/home/onishi/WRF/external/io_int -I/home/onishi/WRF/frame -I/home/onishi/WRF/share -I/home/onishi/WRF/phys -I/home/onishi/WRF/wrftladj -I/home/onishi/WRF/chem -I/home/onishi/WRF/inc -I/home/onishi/NETCDF_DIR2//include  -real-size `expr 8 \* 4` -i4  module_mosaic_aerdynam_intr.f90
0.08user 0.07system 0:00.16elapsed 93%CPU (0avgtext+0avgdata 51472maxresident)k
96inputs+248outputs (0major+8360minor)pagefaults 0swaps
rm -f module_mosaic_movesect.o
sed -e "s/^\!.*'.*//" -e "s/^ *\!.*'.*//" module_mosaic_movesect.F > module_mosaic_movesect.G
/lib/cpp -P -nostdinc -I/home/onishi/WRF/external/ioapi_share -I/home/onishi/WRF/inc -DEM_CORE=1 -DNMM_CORE=0 -DNMM_MAX_DIM=2600 -DDA_CORE=0 -DWRFPLUS=0 -DIWORDSIZE=4 -DDWORDSIZE=8 -DRWORDSIZE=4 -DLWORDSIZE=4 -DNONSTANDARD_SYSTEM_FUNC  -DWRF_USE_CLM -DUSE_NETCDF4_FEATURES -DWRFIO_NCD_LARGE_FILE_SUPPORT  -DDM_PARALLEL -DNETCDF -DGRIB2 -DHDF5 -DLANDREAD_STUB=1 -DUSE_ALLOCATABLES -Dwrfmodel -DGRIB1 -DINTIO -DKEEP_INT_AROUND -DLIMIT_ARGS -DBUILD_RRTMG_FAST=0 -DBUILD_RRTMK=0 -DBUILD_SBM_FAST=1 -DSHOW_ALL_VARS_USED=0 -DCONFIG_BUF_LEN=65536 -DMAX_DOMAINS_F=21 -DMAX_HISTORY=25 -DNMM_NEST=0 -DWRF_CHEM -DBUILD_CHEM=1 -DWRF_KPP -I. -traditional-cpp -DUSE_NETCDF4_FEATURES -DWRFIO_NCD_LARGE_FILE_SUPPORT   module_mosaic_movesect.G  > module_mosaic_movesect.bb
/home/onishi/WRF/tools/standard.exe module_mosaic_movesect.bb | /lib/cpp -P -nostdinc -I/home/onishi/WRF/external/ioapi_share -traditional-cpp -DUSE_NETCDF4_FEATURES -DWRFIO_NCD_LARGE_FILE_SUPPORT > module_mosaic_movesect.f90
rm -f module_mosaic_movesect.G module_mosaic_movesect.bb
time mpif90 -f90=ifort -o module_mosaic_movesect.o -c -O3 -ip -fp-model precise -w -ftz -align all -fno-alias -FR -convert big_endian    -I../dyn_em  -I/home/onishi/WRF/external/esmf_time_f90  -I/home/onishi/WRF/main -I/home/onishi/WRF/external/io_netcdf -I/home/onishi/WRF/external/io_int -I/home/onishi/WRF/frame -I/home/onishi/WRF/share -I/home/onishi/WRF/phys -I/home/onishi/WRF/wrftladj -I/home/onishi/WRF/chem -I/home/onishi/WRF/inc -I/home/onishi/NETCDF_DIR2//include  -real-size `expr 8 \* 4` -i4  module_mosaic_movesect.f90
0.79user 0.08system 0:00.91elapsed 96%CPU (0avgtext+0avgdata 75404maxresident)k
88inputs+1104outputs (0major+17195minor)pagefaults 0swaps
rm -f module_mosaic_newnuc.o
sed -e "s/^\!.*'.*//" -e "s/^ *\!.*'.*//" module_mosaic_newnuc.F > module_mosaic_newnuc.G
/lib/cpp -P -nostdinc -I/home/onishi/WRF/external/ioapi_share -I/home/onishi/WRF/inc -DEM_CORE=1 -DNMM_CORE=0 -DNMM_MAX_DIM=2600 -DDA_CORE=0 -DWRFPLUS=0 -DIWORDSIZE=4 -DDWORDSIZE=8 -DRWORDSIZE=4 -DLWORDSIZE=4 -DNONSTANDARD_SYSTEM_FUNC  -DWRF_USE_CLM -DUSE_NETCDF4_FEATURES -DWRFIO_NCD_LARGE_FILE_SUPPORT  -DDM_PARALLEL -DNETCDF -DGRIB2 -DHDF5 -DLANDREAD_STUB=1 -DUSE_ALLOCATABLES -Dwrfmodel -DGRIB1 -DINTIO -DKEEP_INT_AROUND -DLIMIT_ARGS -DBUILD_RRTMG_FAST=0 -DBUILD_RRTMK=0 -DBUILD_SBM_FAST=1 -DSHOW_ALL_VARS_USED=0 -DCONFIG_BUF_LEN=65536 -DMAX_DOMAINS_F=21 -DMAX_HISTORY=25 -DNMM_NEST=0 -DWRF_CHEM -DBUILD_CHEM=1 -DWRF_KPP -I. -traditional-cpp -DUSE_NETCDF4_FEATURES -DWRFIO_NCD_LARGE_FILE_SUPPORT   module_mosaic_newnuc.G  > module_mosaic_newnuc.bb
/home/onishi/WRF/tools/standard.exe module_mosaic_newnuc.bb | /lib/cpp -P -nostdinc -I/home/onishi/WRF/external/ioapi_share -traditional-cpp -DUSE_NETCDF4_FEATURES -DWRFIO_NCD_LARGE_FILE_SUPPORT > module_mosaic_newnuc.f90
rm -f module_mosaic_newnuc.G module_mosaic_newnuc.bb
time mpif90 -f90=ifort -o module_mosaic_newnuc.o -c -O3 -ip -fp-model precise -w -ftz -align all -fno-alias -FR -convert big_endian    -I../dyn_em  -I/home/onishi/WRF/external/esmf_time_f90  -I/home/onishi/WRF/main -I/home/onishi/WRF/external/io_netcdf -I/home/onishi/WRF/external/io_int -I/home/onishi/WRF/frame -I/home/onishi/WRF/share -I/home/onishi/WRF/phys -I/home/onishi/WRF/wrftladj -I/home/onishi/WRF/chem -I/home/onishi/WRF/inc -I/home/onishi/NETCDF_DIR2//include  -real-size `expr 8 \* 4` -i4  module_mosaic_newnuc.f90
0.14user 0.08system 0:00.24elapsed 89%CPU (0avgtext+0avgdata 57420maxresident)k
56inputs+336outputs (0major+10210minor)pagefaults 0swaps
rm -f module_cbmz_lsodes_solver.o
sed -e "s/^\!.*'.*//" -e "s/^ *\!.*'.*//" module_cbmz_lsodes_solver.F > module_cbmz_lsodes_solver.G
/lib/cpp -P -nostdinc -I/home/onishi/WRF/external/ioapi_share -I/home/onishi/WRF/inc -DEM_CORE=1 -DNMM_CORE=0 -DNMM_MAX_DIM=2600 -DDA_CORE=0 -DWRFPLUS=0 -DIWORDSIZE=4 -DDWORDSIZE=8 -DRWORDSIZE=4 -DLWORDSIZE=4 -DNONSTANDARD_SYSTEM_FUNC  -DWRF_USE_CLM -DUSE_NETCDF4_FEATURES -DWRFIO_NCD_LARGE_FILE_SUPPORT  -DDM_PARALLEL -DNETCDF -DGRIB2 -DHDF5 -DLANDREAD_STUB=1 -DUSE_ALLOCATABLES -Dwrfmodel -DGRIB1 -DINTIO -DKEEP_INT_AROUND -DLIMIT_ARGS -DBUILD_RRTMG_FAST=0 -DBUILD_RRTMK=0 -DBUILD_SBM_FAST=1 -DSHOW_ALL_VARS_USED=0 -DCONFIG_BUF_LEN=65536 -DMAX_DOMAINS_F=21 -DMAX_HISTORY=25 -DNMM_NEST=0 -DWRF_CHEM -DBUILD_CHEM=1 -DWRF_KPP -I. -traditional-cpp -DUSE_NETCDF4_FEATURES -DWRFIO_NCD_LARGE_FILE_SUPPORT   module_cbmz_lsodes_solver.G  > module_cbmz_lsodes_solver.bb
/home/onishi/WRF/tools/standard.exe module_cbmz_lsodes_solver.bb | /lib/cpp -P -nostdinc -I/home/onishi/WRF/external/ioapi_share -traditional-cpp -DUSE_NETCDF4_FEATURES -DWRFIO_NCD_LARGE_FILE_SUPPORT > module_cbmz_lsodes_solver.f90
rm -f module_cbmz_lsodes_solver.G module_cbmz_lsodes_solver.bb
time mpif90 -f90=ifort -o module_cbmz_lsodes_solver.o -c -O3 -ip -fp-model precise -w -ftz -align all -fno-alias -FR -convert big_endian    -I../dyn_em  -I/home/onishi/WRF/external/esmf_time_f90  -I/home/onishi/WRF/main -I/home/onishi/WRF/external/io_netcdf -I/home/onishi/WRF/external/io_int -I/home/onishi/WRF/frame -I/home/onishi/WRF/share -I/home/onishi/WRF/phys -I/home/onishi/WRF/wrftladj -I/home/onishi/WRF/chem -I/home/onishi/WRF/inc -I/home/onishi/NETCDF_DIR2//include  -real-size `expr 8 \* 4` -i4  module_cbmz_lsodes_solver.f90
2.26user 0.10system 0:02.40elapsed 98%CPU (0avgtext+0avgdata 98568maxresident)k
368inputs+1600outputs (0major+22769minor)pagefaults 0swaps
rm -f module_cbmz_rodas3_solver.o
sed -e "s/^\!.*'.*//" -e "s/^ *\!.*'.*//" module_cbmz_rodas3_solver.F > module_cbmz_rodas3_solver.G
/lib/cpp -P -nostdinc -I/home/onishi/WRF/external/ioapi_share -I/home/onishi/WRF/inc -DEM_CORE=1 -DNMM_CORE=0 -DNMM_MAX_DIM=2600 -DDA_CORE=0 -DWRFPLUS=0 -DIWORDSIZE=4 -DDWORDSIZE=8 -DRWORDSIZE=4 -DLWORDSIZE=4 -DNONSTANDARD_SYSTEM_FUNC  -DWRF_USE_CLM -DUSE_NETCDF4_FEATURES -DWRFIO_NCD_LARGE_FILE_SUPPORT  -DDM_PARALLEL -DNETCDF -DGRIB2 -DHDF5 -DLANDREAD_STUB=1 -DUSE_ALLOCATABLES -Dwrfmodel -DGRIB1 -DINTIO -DKEEP_INT_AROUND -DLIMIT_ARGS -DBUILD_RRTMG_FAST=0 -DBUILD_RRTMK=0 -DBUILD_SBM_FAST=1 -DSHOW_ALL_VARS_USED=0 -DCONFIG_BUF_LEN=65536 -DMAX_DOMAINS_F=21 -DMAX_HISTORY=25 -DNMM_NEST=0 -DWRF_CHEM -DBUILD_CHEM=1 -DWRF_KPP -I. -traditional-cpp -DUSE_NETCDF4_FEATURES -DWRFIO_NCD_LARGE_FILE_SUPPORT   module_cbmz_rodas3_solver.G  > module_cbmz_rodas3_solver.bb
/home/onishi/WRF/tools/standard.exe module_cbmz_rodas3_solver.bb | /lib/cpp -P -nostdinc -I/home/onishi/WRF/external/ioapi_share -traditional-cpp -DUSE_NETCDF4_FEATURES -DWRFIO_NCD_LARGE_FILE_SUPPORT > module_cbmz_rodas3_solver.f90
rm -f module_cbmz_rodas3_solver.G module_cbmz_rodas3_solver.bb
time mpif90 -f90=ifort -o module_cbmz_rodas3_solver.o -c -O3 -ip -fp-model precise -w -ftz -align all -fno-alias -FR -convert big_endian    -I../dyn_em  -I/home/onishi/WRF/external/esmf_time_f90  -I/home/onishi/WRF/main -I/home/onishi/WRF/external/io_netcdf -I/home/onishi/WRF/external/io_int -I/home/onishi/WRF/frame -I/home/onishi/WRF/share -I/home/onishi/WRF/phys -I/home/onishi/WRF/wrftladj -I/home/onishi/WRF/chem -I/home/onishi/WRF/inc -I/home/onishi/NETCDF_DIR2//include  -real-size `expr 8 \* 4` -i4  module_cbmz_rodas3_solver.f90
0.08user 0.07system 0:00.16elapsed 93%CPU (0avgtext+0avgdata 52884maxresident)k
16inputs+208outputs (0major+9084minor)pagefaults 0swaps
rm -f module_cmu_bulkaqchem.o
sed -e "s/^\!.*'.*//" -e "s/^ *\!.*'.*//" module_cmu_bulkaqchem.F > module_cmu_bulkaqchem.G
/lib/cpp -P -nostdinc -I/home/onishi/WRF/external/ioapi_share -I/home/onishi/WRF/inc -DEM_CORE=1 -DNMM_CORE=0 -DNMM_MAX_DIM=2600 -DDA_CORE=0 -DWRFPLUS=0 -DIWORDSIZE=4 -DDWORDSIZE=8 -DRWORDSIZE=4 -DLWORDSIZE=4 -DNONSTANDARD_SYSTEM_FUNC  -DWRF_USE_CLM -DUSE_NETCDF4_FEATURES -DWRFIO_NCD_LARGE_FILE_SUPPORT  -DDM_PARALLEL -DNETCDF -DGRIB2 -DHDF5 -DLANDREAD_STUB=1 -DUSE_ALLOCATABLES -Dwrfmodel -DGRIB1 -DINTIO -DKEEP_INT_AROUND -DLIMIT_ARGS -DBUILD_RRTMG_FAST=0 -DBUILD_RRTMK=0 -DBUILD_SBM_FAST=1 -DSHOW_ALL_VARS_USED=0 -DCONFIG_BUF_LEN=65536 -DMAX_DOMAINS_F=21 -DMAX_HISTORY=25 -DNMM_NEST=0 -DWRF_CHEM -DBUILD_CHEM=1 -DWRF_KPP -I. -traditional-cpp -DUSE_NETCDF4_FEATURES -DWRFIO_NCD_LARGE_FILE_SUPPORT   module_cmu_bulkaqchem.G  > module_cmu_bulkaqchem.bb
/home/onishi/WRF/tools/standard.exe module_cmu_bulkaqchem.bb | /lib/cpp -P -nostdinc -I/home/onishi/WRF/external/ioapi_share -traditional-cpp -DUSE_NETCDF4_FEATURES -DWRFIO_NCD_LARGE_FILE_SUPPORT > module_cmu_bulkaqchem.f90
rm -f module_cmu_bulkaqchem.G module_cmu_bulkaqchem.bb
time mpif90 -f90=ifort -o module_cmu_bulkaqchem.o -c -O3 -ip -fp-model precise -w -ftz -align all -fno-alias -FR -convert big_endian    -I../dyn_em  -I/home/onishi/WRF/external/esmf_time_f90  -I/home/onishi/WRF/main -I/home/onishi/WRF/external/io_netcdf -I/home/onishi/WRF/external/io_int -I/home/onishi/WRF/frame -I/home/onishi/WRF/share -I/home/onishi/WRF/phys -I/home/onishi/WRF/wrftladj -I/home/onishi/WRF/chem -I/home/onishi/WRF/inc -I/home/onishi/NETCDF_DIR2//include  -real-size `expr 8 \* 4` -i4  module_cmu_bulkaqchem.f90
0.65user 0.08system 0:00.77elapsed 95%CPU (0avgtext+0avgdata 67308maxresident)k
216inputs+1168outputs (0major+15140minor)pagefaults 0swaps
rm -f module_data_mgn2mech.o
sed -e "s/^\!.*'.*//" -e "s/^ *\!.*'.*//" module_data_mgn2mech.F > module_data_mgn2mech.G
/lib/cpp -P -nostdinc -I/home/onishi/WRF/external/ioapi_share -I/home/onishi/WRF/inc -DEM_CORE=1 -DNMM_CORE=0 -DNMM_MAX_DIM=2600 -DDA_CORE=0 -DWRFPLUS=0 -DIWORDSIZE=4 -DDWORDSIZE=8 -DRWORDSIZE=4 -DLWORDSIZE=4 -DNONSTANDARD_SYSTEM_FUNC  -DWRF_USE_CLM -DUSE_NETCDF4_FEATURES -DWRFIO_NCD_LARGE_FILE_SUPPORT  -DDM_PARALLEL -DNETCDF -DGRIB2 -DHDF5 -DLANDREAD_STUB=1 -DUSE_ALLOCATABLES -Dwrfmodel -DGRIB1 -DINTIO -DKEEP_INT_AROUND -DLIMIT_ARGS -DBUILD_RRTMG_FAST=0 -DBUILD_RRTMK=0 -DBUILD_SBM_FAST=1 -DSHOW_ALL_VARS_USED=0 -DCONFIG_BUF_LEN=65536 -DMAX_DOMAINS_F=21 -DMAX_HISTORY=25 -DNMM_NEST=0 -DWRF_CHEM -DBUILD_CHEM=1 -DWRF_KPP -I. -traditional-cpp -DUSE_NETCDF4_FEATURES -DWRFIO_NCD_LARGE_FILE_SUPPORT   module_data_mgn2mech.G  > module_data_mgn2mech.bb
/home/onishi/WRF/tools/standard.exe module_data_mgn2mech.bb | /lib/cpp -P -nostdinc -I/home/onishi/WRF/external/ioapi_share -traditional-cpp -DUSE_NETCDF4_FEATURES -DWRFIO_NCD_LARGE_FILE_SUPPORT > module_data_mgn2mech.f90
rm -f module_data_mgn2mech.G module_data_mgn2mech.bb
time mpif90 -f90=ifort -o module_data_mgn2mech.o -c -O3 -ip -fp-model precise -w -ftz -align all -fno-alias -FR -convert big_endian    -I../dyn_em  -I/home/onishi/WRF/external/esmf_time_f90  -I/home/onishi/WRF/main -I/home/onishi/WRF/external/io_netcdf -I/home/onishi/WRF/external/io_int -I/home/onishi/WRF/frame -I/home/onishi/WRF/share -I/home/onishi/WRF/phys -I/home/onishi/WRF/wrftladj -I/home/onishi/WRF/chem -I/home/onishi/WRF/inc -I/home/onishi/NETCDF_DIR2//include  -real-size `expr 8 \* 4` -i4  module_data_mgn2mech.f90
0.80user 0.08system 0:00.92elapsed 96%CPU (0avgtext+0avgdata 52572maxresident)k
464inputs+2016outputs (0major+12318minor)pagefaults 0swaps
rm -f module_ftuv_driver.o
sed -e "s/^\!.*'.*//" -e "s/^ *\!.*'.*//" module_ftuv_driver.F > module_ftuv_driver.G
/lib/cpp -P -nostdinc -I/home/onishi/WRF/external/ioapi_share -I/home/onishi/WRF/inc -DEM_CORE=1 -DNMM_CORE=0 -DNMM_MAX_DIM=2600 -DDA_CORE=0 -DWRFPLUS=0 -DIWORDSIZE=4 -DDWORDSIZE=8 -DRWORDSIZE=4 -DLWORDSIZE=4 -DNONSTANDARD_SYSTEM_FUNC  -DWRF_USE_CLM -DUSE_NETCDF4_FEATURES -DWRFIO_NCD_LARGE_FILE_SUPPORT  -DDM_PARALLEL -DNETCDF -DGRIB2 -DHDF5 -DLANDREAD_STUB=1 -DUSE_ALLOCATABLES -Dwrfmodel -DGRIB1 -DINTIO -DKEEP_INT_AROUND -DLIMIT_ARGS -DBUILD_RRTMG_FAST=0 -DBUILD_RRTMK=0 -DBUILD_SBM_FAST=1 -DSHOW_ALL_VARS_USED=0 -DCONFIG_BUF_LEN=65536 -DMAX_DOMAINS_F=21 -DMAX_HISTORY=25 -DNMM_NEST=0 -DWRF_CHEM -DBUILD_CHEM=1 -DWRF_KPP -I. -traditional-cpp -DUSE_NETCDF4_FEATURES -DWRFIO_NCD_LARGE_FILE_SUPPORT   module_ftuv_driver.G  > module_ftuv_driver.bb
/home/onishi/WRF/tools/standard.exe module_ftuv_driver.bb | /lib/cpp -P -nostdinc -I/home/onishi/WRF/external/ioapi_share -traditional-cpp -DUSE_NETCDF4_FEATURES -DWRFIO_NCD_LARGE_FILE_SUPPORT > module_ftuv_driver.f90
rm -f module_ftuv_driver.G module_ftuv_driver.bb
time mpif90 -f90=ifort -o module_ftuv_driver.o -c -O3 -ip -fp-model precise -w -ftz -align all -fno-alias -FR -convert big_endian    -I../dyn_em  -I/home/onishi/WRF/external/esmf_time_f90  -I/home/onishi/WRF/main -I/home/onishi/WRF/external/io_netcdf -I/home/onishi/WRF/external/io_int -I/home/onishi/WRF/frame -I/home/onishi/WRF/share -I/home/onishi/WRF/phys -I/home/onishi/WRF/wrftladj -I/home/onishi/WRF/chem -I/home/onishi/WRF/inc -I/home/onishi/NETCDF_DIR2//include  -real-size `expr 8 \* 4` -i4  module_ftuv_driver.f90
2.54user 0.15system 0:02.73elapsed 98%CPU (0avgtext+0avgdata 132948maxresident)k
240inputs+3488outputs (0major+39663minor)pagefaults 0swaps
rm -f module_fastj_data.o
sed -e "s/^\!.*'.*//" -e "s/^ *\!.*'.*//" module_fastj_data.F > module_fastj_data.G
/lib/cpp -P -nostdinc -I/home/onishi/WRF/external/ioapi_share -I/home/onishi/WRF/inc -DEM_CORE=1 -DNMM_CORE=0 -DNMM_MAX_DIM=2600 -DDA_CORE=0 -DWRFPLUS=0 -DIWORDSIZE=4 -DDWORDSIZE=8 -DRWORDSIZE=4 -DLWORDSIZE=4 -DNONSTANDARD_SYSTEM_FUNC  -DWRF_USE_CLM -DUSE_NETCDF4_FEATURES -DWRFIO_NCD_LARGE_FILE_SUPPORT  -DDM_PARALLEL -DNETCDF -DGRIB2 -DHDF5 -DLANDREAD_STUB=1 -DUSE_ALLOCATABLES -Dwrfmodel -DGRIB1 -DINTIO -DKEEP_INT_AROUND -DLIMIT_ARGS -DBUILD_RRTMG_FAST=0 -DBUILD_RRTMK=0 -DBUILD_SBM_FAST=1 -DSHOW_ALL_VARS_USED=0 -DCONFIG_BUF_LEN=65536 -DMAX_DOMAINS_F=21 -DMAX_HISTORY=25 -DNMM_NEST=0 -DWRF_CHEM -DBUILD_CHEM=1 -DWRF_KPP -I. -traditional-cpp -DUSE_NETCDF4_FEATURES -DWRFIO_NCD_LARGE_FILE_SUPPORT   module_fastj_data.G  > module_fastj_data.bb
/home/onishi/WRF/tools/standard.exe module_fastj_data.bb | /lib/cpp -P -nostdinc -I/home/onishi/WRF/external/ioapi_share -traditional-cpp -DUSE_NETCDF4_FEATURES -DWRFIO_NCD_LARGE_FILE_SUPPORT > module_fastj_data.f90
rm -f module_fastj_data.G module_fastj_data.bb
time mpif90 -f90=ifort -o module_fastj_data.o -c -O3 -ip -fp-model precise -w -ftz -align all -fno-alias -FR -convert big_endian    -I../dyn_em  -I/home/onishi/WRF/external/esmf_time_f90  -I/home/onishi/WRF/main -I/home/onishi/WRF/external/io_netcdf -I/home/onishi/WRF/external/io_int -I/home/onishi/WRF/frame -I/home/onishi/WRF/share -I/home/onishi/WRF/phys -I/home/onishi/WRF/wrftladj -I/home/onishi/WRF/chem -I/home/onishi/WRF/inc -I/home/onishi/NETCDF_DIR2//include  -real-size `expr 8 \* 4` -i4  module_fastj_data.f90
0.18user 0.08system 0:00.30elapsed 88%CPU (0avgtext+0avgdata 83316maxresident)k
1024inputs+480outputs (0major+19367minor)pagefaults 0swaps
rm -f module_fastj_mie.o
sed -e "s/^\!.*'.*//" -e "s/^ *\!.*'.*//" module_fastj_mie.F > module_fastj_mie.G
/lib/cpp -P -nostdinc -I/home/onishi/WRF/external/ioapi_share -I/home/onishi/WRF/inc -DEM_CORE=1 -DNMM_CORE=0 -DNMM_MAX_DIM=2600 -DDA_CORE=0 -DWRFPLUS=0 -DIWORDSIZE=4 -DDWORDSIZE=8 -DRWORDSIZE=4 -DLWORDSIZE=4 -DNONSTANDARD_SYSTEM_FUNC  -DWRF_USE_CLM -DUSE_NETCDF4_FEATURES -DWRFIO_NCD_LARGE_FILE_SUPPORT  -DDM_PARALLEL -DNETCDF -DGRIB2 -DHDF5 -DLANDREAD_STUB=1 -DUSE_ALLOCATABLES -Dwrfmodel -DGRIB1 -DINTIO -DKEEP_INT_AROUND -DLIMIT_ARGS -DBUILD_RRTMG_FAST=0 -DBUILD_RRTMK=0 -DBUILD_SBM_FAST=1 -DSHOW_ALL_VARS_USED=0 -DCONFIG_BUF_LEN=65536 -DMAX_DOMAINS_F=21 -DMAX_HISTORY=25 -DNMM_NEST=0 -DWRF_CHEM -DBUILD_CHEM=1 -DWRF_KPP -I. -traditional-cpp -DUSE_NETCDF4_FEATURES -DWRFIO_NCD_LARGE_FILE_SUPPORT   module_fastj_mie.G  > module_fastj_mie.bb
/home/onishi/WRF/tools/standard.exe module_fastj_mie.bb | /lib/cpp -P -nostdinc -I/home/onishi/WRF/external/ioapi_share -traditional-cpp -DUSE_NETCDF4_FEATURES -DWRFIO_NCD_LARGE_FILE_SUPPORT > module_fastj_mie.f90
rm -f module_fastj_mie.G module_fastj_mie.bb
time mpif90 -f90=ifort -o module_fastj_mie.o -c -O3 -ip -fp-model precise -w -ftz -align all -fno-alias -FR -convert big_endian    -I../dyn_em  -I/home/onishi/WRF/external/esmf_time_f90  -I/home/onishi/WRF/main -I/home/onishi/WRF/external/io_netcdf -I/home/onishi/WRF/external/io_int -I/home/onishi/WRF/frame -I/home/onishi/WRF/share -I/home/onishi/WRF/phys -I/home/onishi/WRF/wrftladj -I/home/onishi/WRF/chem -I/home/onishi/WRF/inc -I/home/onishi/NETCDF_DIR2//include  -real-size `expr 8 \* 4` -i4  module_fastj_mie.f90
1.54user 0.09system 0:01.65elapsed 99%CPU (0avgtext+0avgdata 90980maxresident)k
264inputs+1376outputs (0major+21314minor)pagefaults 0swaps
rm -f module_mosaic_wetscav.o
sed -e "s/^\!.*'.*//" -e "s/^ *\!.*'.*//" module_mosaic_wetscav.F > module_mosaic_wetscav.G
/lib/cpp -P -nostdinc -I/home/onishi/WRF/external/ioapi_share -I/home/onishi/WRF/inc -DEM_CORE=1 -DNMM_CORE=0 -DNMM_MAX_DIM=2600 -DDA_CORE=0 -DWRFPLUS=0 -DIWORDSIZE=4 -DDWORDSIZE=8 -DRWORDSIZE=4 -DLWORDSIZE=4 -DNONSTANDARD_SYSTEM_FUNC  -DWRF_USE_CLM -DUSE_NETCDF4_FEATURES -DWRFIO_NCD_LARGE_FILE_SUPPORT  -DDM_PARALLEL -DNETCDF -DGRIB2 -DHDF5 -DLANDREAD_STUB=1 -DUSE_ALLOCATABLES -Dwrfmodel -DGRIB1 -DINTIO -DKEEP_INT_AROUND -DLIMIT_ARGS -DBUILD_RRTMG_FAST=0 -DBUILD_RRTMK=0 -DBUILD_SBM_FAST=1 -DSHOW_ALL_VARS_USED=0 -DCONFIG_BUF_LEN=65536 -DMAX_DOMAINS_F=21 -DMAX_HISTORY=25 -DNMM_NEST=0 -DWRF_CHEM -DBUILD_CHEM=1 -DWRF_KPP -I. -traditional-cpp -DUSE_NETCDF4_FEATURES -DWRFIO_NCD_LARGE_FILE_SUPPORT   module_mosaic_wetscav.G  > module_mosaic_wetscav.bb
/home/onishi/WRF/tools/standard.exe module_mosaic_wetscav.bb | /lib/cpp -P -nostdinc -I/home/onishi/WRF/external/ioapi_share -traditional-cpp -DUSE_NETCDF4_FEATURES -DWRFIO_NCD_LARGE_FILE_SUPPORT > module_mosaic_wetscav.f90
rm -f module_mosaic_wetscav.G module_mosaic_wetscav.bb
time mpif90 -f90=ifort -o module_mosaic_wetscav.o -c -O3 -ip -fp-model precise -w -ftz -align all -fno-alias -FR -convert big_endian    -I../dyn_em  -I/home/onishi/WRF/external/esmf_time_f90  -I/home/onishi/WRF/main -I/home/onishi/WRF/external/io_netcdf -I/home/onishi/WRF/external/io_int -I/home/onishi/WRF/frame -I/home/onishi/WRF/share -I/home/onishi/WRF/phys -I/home/onishi/WRF/wrftladj -I/home/onishi/WRF/chem -I/home/onishi/WRF/inc -I/home/onishi/NETCDF_DIR2//include  -real-size `expr 8 \* 4` -i4  module_mosaic_wetscav.f90
3.02user 0.15system 0:03.21elapsed 98%CPU (0avgtext+0avgdata 154464maxresident)k
1824inputs+4536outputs (0major+35331minor)pagefaults 0swaps
rm -f module_aerosols_sorgam.o
sed -e "s/^\!.*'.*//" -e "s/^ *\!.*'.*//" module_aerosols_sorgam.F > module_aerosols_sorgam.G
/lib/cpp -P -nostdinc -I/home/onishi/WRF/external/ioapi_share -I/home/onishi/WRF/inc -DEM_CORE=1 -DNMM_CORE=0 -DNMM_MAX_DIM=2600 -DDA_CORE=0 -DWRFPLUS=0 -DIWORDSIZE=4 -DDWORDSIZE=8 -DRWORDSIZE=4 -DLWORDSIZE=4 -DNONSTANDARD_SYSTEM_FUNC  -DWRF_USE_CLM -DUSE_NETCDF4_FEATURES -DWRFIO_NCD_LARGE_FILE_SUPPORT  -DDM_PARALLEL -DNETCDF -DGRIB2 -DHDF5 -DLANDREAD_STUB=1 -DUSE_ALLOCATABLES -Dwrfmodel -DGRIB1 -DINTIO -DKEEP_INT_AROUND -DLIMIT_ARGS -DBUILD_RRTMG_FAST=0 -DBUILD_RRTMK=0 -DBUILD_SBM_FAST=1 -DSHOW_ALL_VARS_USED=0 -DCONFIG_BUF_LEN=65536 -DMAX_DOMAINS_F=21 -DMAX_HISTORY=25 -DNMM_NEST=0 -DWRF_CHEM -DBUILD_CHEM=1 -DWRF_KPP -I. -traditional-cpp -DUSE_NETCDF4_FEATURES -DWRFIO_NCD_LARGE_FILE_SUPPORT   module_aerosols_sorgam.G  > module_aerosols_sorgam.bb
/home/onishi/WRF/tools/standard.exe module_aerosols_sorgam.bb | /lib/cpp -P -nostdinc -I/home/onishi/WRF/external/ioapi_share -traditional-cpp -DUSE_NETCDF4_FEATURES -DWRFIO_NCD_LARGE_FILE_SUPPORT > module_aerosols_sorgam.f90
rm -f module_aerosols_sorgam.G module_aerosols_sorgam.bb
time mpif90 -f90=ifort -o module_aerosols_sorgam.o -c -O3 -ip -fp-model precise -w -ftz -align all -fno-alias -FR -convert big_endian    -I../dyn_em  -I/home/onishi/WRF/external/esmf_time_f90  -I/home/onishi/WRF/main -I/home/onishi/WRF/external/io_netcdf -I/home/onishi/WRF/external/io_int -I/home/onishi/WRF/frame -I/home/onishi/WRF/share -I/home/onishi/WRF/phys -I/home/onishi/WRF/wrftladj -I/home/onishi/WRF/chem -I/home/onishi/WRF/inc -I/home/onishi/NETCDF_DIR2//include  -real-size `expr 8 \* 4` -i4  module_aerosols_sorgam.f90
5.41user 0.20system 0:05.65elapsed 99%CPU (0avgtext+0avgdata 142768maxresident)k
1304inputs+5520outputs (0major+44757minor)pagefaults 0swaps
rm -f module_cam_mam_rename.o
sed -e "s/^\!.*'.*//" -e "s/^ *\!.*'.*//" module_cam_mam_rename.F > module_cam_mam_rename.G
/lib/cpp -P -nostdinc -I/home/onishi/WRF/external/ioapi_share -I/home/onishi/WRF/inc -DEM_CORE=1 -DNMM_CORE=0 -DNMM_MAX_DIM=2600 -DDA_CORE=0 -DWRFPLUS=0 -DIWORDSIZE=4 -DDWORDSIZE=8 -DRWORDSIZE=4 -DLWORDSIZE=4 -DNONSTANDARD_SYSTEM_FUNC  -DWRF_USE_CLM -DUSE_NETCDF4_FEATURES -DWRFIO_NCD_LARGE_FILE_SUPPORT  -DDM_PARALLEL -DNETCDF -DGRIB2 -DHDF5 -DLANDREAD_STUB=1 -DUSE_ALLOCATABLES -Dwrfmodel -DGRIB1 -DINTIO -DKEEP_INT_AROUND -DLIMIT_ARGS -DBUILD_RRTMG_FAST=0 -DBUILD_RRTMK=0 -DBUILD_SBM_FAST=1 -DSHOW_ALL_VARS_USED=0 -DCONFIG_BUF_LEN=65536 -DMAX_DOMAINS_F=21 -DMAX_HISTORY=25 -DNMM_NEST=0 -DWRF_CHEM -DBUILD_CHEM=1 -DWRF_KPP -I. -traditional-cpp -DUSE_NETCDF4_FEATURES -DWRFIO_NCD_LARGE_FILE_SUPPORT   module_cam_mam_rename.G  > module_cam_mam_rename.bb
/home/onishi/WRF/tools/standard.exe module_cam_mam_rename.bb | /lib/cpp -P -nostdinc -I/home/onishi/WRF/external/ioapi_share -traditional-cpp -DUSE_NETCDF4_FEATURES -DWRFIO_NCD_LARGE_FILE_SUPPORT > module_cam_mam_rename.f90
rm -f module_cam_mam_rename.G module_cam_mam_rename.bb
time mpif90 -f90=ifort -o module_cam_mam_rename.o -c -O3 -ip -fp-model precise -w -ftz -align all -fno-alias -FR -convert big_endian    -I../dyn_em  -I/home/onishi/WRF/external/esmf_time_f90  -I/home/onishi/WRF/main -I/home/onishi/WRF/external/io_netcdf -I/home/onishi/WRF/external/io_int -I/home/onishi/WRF/frame -I/home/onishi/WRF/share -I/home/onishi/WRF/phys -I/home/onishi/WRF/wrftladj -I/home/onishi/WRF/chem -I/home/onishi/WRF/inc -I/home/onishi/NETCDF_DIR2//include  -real-size `expr 8 \* 4` -i4  module_cam_mam_rename.f90
0.23user 0.07system 0:00.34elapsed 90%CPU (0avgtext+0avgdata 65980maxresident)k
40inputs+376outputs (0major+12790minor)pagefaults 0swaps
rm -f module_cam_mam_calcsize.o
sed -e "s/^\!.*'.*//" -e "s/^ *\!.*'.*//" module_cam_mam_calcsize.F > module_cam_mam_calcsize.G
/lib/cpp -P -nostdinc -I/home/onishi/WRF/external/ioapi_share -I/home/onishi/WRF/inc -DEM_CORE=1 -DNMM_CORE=0 -DNMM_MAX_DIM=2600 -DDA_CORE=0 -DWRFPLUS=0 -DIWORDSIZE=4 -DDWORDSIZE=8 -DRWORDSIZE=4 -DLWORDSIZE=4 -DNONSTANDARD_SYSTEM_FUNC  -DWRF_USE_CLM -DUSE_NETCDF4_FEATURES -DWRFIO_NCD_LARGE_FILE_SUPPORT  -DDM_PARALLEL -DNETCDF -DGRIB2 -DHDF5 -DLANDREAD_STUB=1 -DUSE_ALLOCATABLES -Dwrfmodel -DGRIB1 -DINTIO -DKEEP_INT_AROUND -DLIMIT_ARGS -DBUILD_RRTMG_FAST=0 -DBUILD_RRTMK=0 -DBUILD_SBM_FAST=1 -DSHOW_ALL_VARS_USED=0 -DCONFIG_BUF_LEN=65536 -DMAX_DOMAINS_F=21 -DMAX_HISTORY=25 -DNMM_NEST=0 -DWRF_CHEM -DBUILD_CHEM=1 -DWRF_KPP -I. -traditional-cpp -DUSE_NETCDF4_FEATURES -DWRFIO_NCD_LARGE_FILE_SUPPORT   module_cam_mam_calcsize.G  > module_cam_mam_calcsize.bb
/home/onishi/WRF/tools/standard.exe module_cam_mam_calcsize.bb | /lib/cpp -P -nostdinc -I/home/onishi/WRF/external/ioapi_share -traditional-cpp -DUSE_NETCDF4_FEATURES -DWRFIO_NCD_LARGE_FILE_SUPPORT > module_cam_mam_calcsize.f90
rm -f module_cam_mam_calcsize.G module_cam_mam_calcsize.bb
time mpif90 -f90=ifort -o module_cam_mam_calcsize.o -c -O3 -ip -fp-model precise -w -ftz -align all -fno-alias -FR -convert big_endian    -I../dyn_em  -I/home/onishi/WRF/external/esmf_time_f90  -I/home/onishi/WRF/main -I/home/onishi/WRF/external/io_netcdf -I/home/onishi/WRF/external/io_int -I/home/onishi/WRF/frame -I/home/onishi/WRF/share -I/home/onishi/WRF/phys -I/home/onishi/WRF/wrftladj -I/home/onishi/WRF/chem -I/home/onishi/WRF/inc -I/home/onishi/NETCDF_DIR2//include  -real-size `expr 8 \* 4` -i4  module_cam_mam_calcsize.f90
0.48user 0.08system 0:00.57elapsed 98%CPU (0avgtext+0avgdata 83276maxresident)k
104inputs+608outputs (0major+17996minor)pagefaults 0swaps
rm -f module_cam_mam_gasaerexch.o
sed -e "s/^\!.*'.*//" -e "s/^ *\!.*'.*//" module_cam_mam_gasaerexch.F > module_cam_mam_gasaerexch.G
/lib/cpp -P -nostdinc -I/home/onishi/WRF/external/ioapi_share -I/home/onishi/WRF/inc -DEM_CORE=1 -DNMM_CORE=0 -DNMM_MAX_DIM=2600 -DDA_CORE=0 -DWRFPLUS=0 -DIWORDSIZE=4 -DDWORDSIZE=8 -DRWORDSIZE=4 -DLWORDSIZE=4 -DNONSTANDARD_SYSTEM_FUNC  -DWRF_USE_CLM -DUSE_NETCDF4_FEATURES -DWRFIO_NCD_LARGE_FILE_SUPPORT  -DDM_PARALLEL -DNETCDF -DGRIB2 -DHDF5 -DLANDREAD_STUB=1 -DUSE_ALLOCATABLES -Dwrfmodel -DGRIB1 -DINTIO -DKEEP_INT_AROUND -DLIMIT_ARGS -DBUILD_RRTMG_FAST=0 -DBUILD_RRTMK=0 -DBUILD_SBM_FAST=1 -DSHOW_ALL_VARS_USED=0 -DCONFIG_BUF_LEN=65536 -DMAX_DOMAINS_F=21 -DMAX_HISTORY=25 -DNMM_NEST=0 -DWRF_CHEM -DBUILD_CHEM=1 -DWRF_KPP -I. -traditional-cpp -DUSE_NETCDF4_FEATURES -DWRFIO_NCD_LARGE_FILE_SUPPORT   module_cam_mam_gasaerexch.G  > module_cam_mam_gasaerexch.bb
/home/onishi/WRF/tools/standard.exe module_cam_mam_gasaerexch.bb | /lib/cpp -P -nostdinc -I/home/onishi/WRF/external/ioapi_share -traditional-cpp -DUSE_NETCDF4_FEATURES -DWRFIO_NCD_LARGE_FILE_SUPPORT > module_cam_mam_gasaerexch.f90
rm -f module_cam_mam_gasaerexch.G module_cam_mam_gasaerexch.bb
time mpif90 -f90=ifort -o module_cam_mam_gasaerexch.o -c -O3 -ip -fp-model precise -w -ftz -align all -fno-alias -FR -convert big_endian    -I../dyn_em  -I/home/onishi/WRF/external/esmf_time_f90  -I/home/onishi/WRF/main -I/home/onishi/WRF/external/io_netcdf -I/home/onishi/WRF/external/io_int -I/home/onishi/WRF/frame -I/home/onishi/WRF/share -I/home/onishi/WRF/phys -I/home/onishi/WRF/wrftladj -I/home/onishi/WRF/chem -I/home/onishi/WRF/inc -I/home/onishi/NETCDF_DIR2//include  -real-size `expr 8 \* 4` -i4  module_cam_mam_gasaerexch.f90
0.64user 0.08system 0:00.75elapsed 96%CPU (0avgtext+0avgdata 92340maxresident)k
80inputs+680outputs (0major+20238minor)pagefaults 0swaps
rm -f module_cam_mam_coag.o
sed -e "s/^\!.*'.*//" -e "s/^ *\!.*'.*//" module_cam_mam_coag.F > module_cam_mam_coag.G
/lib/cpp -P -nostdinc -I/home/onishi/WRF/external/ioapi_share -I/home/onishi/WRF/inc -DEM_CORE=1 -DNMM_CORE=0 -DNMM_MAX_DIM=2600 -DDA_CORE=0 -DWRFPLUS=0 -DIWORDSIZE=4 -DDWORDSIZE=8 -DRWORDSIZE=4 -DLWORDSIZE=4 -DNONSTANDARD_SYSTEM_FUNC  -DWRF_USE_CLM -DUSE_NETCDF4_FEATURES -DWRFIO_NCD_LARGE_FILE_SUPPORT  -DDM_PARALLEL -DNETCDF -DGRIB2 -DHDF5 -DLANDREAD_STUB=1 -DUSE_ALLOCATABLES -Dwrfmodel -DGRIB1 -DINTIO -DKEEP_INT_AROUND -DLIMIT_ARGS -DBUILD_RRTMG_FAST=0 -DBUILD_RRTMK=0 -DBUILD_SBM_FAST=1 -DSHOW_ALL_VARS_USED=0 -DCONFIG_BUF_LEN=65536 -DMAX_DOMAINS_F=21 -DMAX_HISTORY=25 -DNMM_NEST=0 -DWRF_CHEM -DBUILD_CHEM=1 -DWRF_KPP -I. -traditional-cpp -DUSE_NETCDF4_FEATURES -DWRFIO_NCD_LARGE_FILE_SUPPORT   module_cam_mam_coag.G  > module_cam_mam_coag.bb
/home/onishi/WRF/tools/standard.exe module_cam_mam_coag.bb | /lib/cpp -P -nostdinc -I/home/onishi/WRF/external/ioapi_share -traditional-cpp -DUSE_NETCDF4_FEATURES -DWRFIO_NCD_LARGE_FILE_SUPPORT > module_cam_mam_coag.f90
rm -f module_cam_mam_coag.G module_cam_mam_coag.bb
time mpif90 -f90=ifort -o module_cam_mam_coag.o -c -O3 -ip -fp-model precise -w -ftz -align all -fno-alias -FR -convert big_endian    -I../dyn_em  -I/home/onishi/WRF/external/esmf_time_f90  -I/home/onishi/WRF/main -I/home/onishi/WRF/external/io_netcdf -I/home/onishi/WRF/external/io_int -I/home/onishi/WRF/frame -I/home/onishi/WRF/share -I/home/onishi/WRF/phys -I/home/onishi/WRF/wrftladj -I/home/onishi/WRF/chem -I/home/onishi/WRF/inc -I/home/onishi/NETCDF_DIR2//include  -real-size `expr 8 \* 4` -i4  module_cam_mam_coag.f90
0.38user 0.08system 0:00.50elapsed 93%CPU (0avgtext+0avgdata 64688maxresident)k
264inputs+752outputs (0major+13366minor)pagefaults 0swaps
rm -f module_cam_mam_newnuc.o
sed -e "s/^\!.*'.*//" -e "s/^ *\!.*'.*//" module_cam_mam_newnuc.F > module_cam_mam_newnuc.G
/lib/cpp -P -nostdinc -I/home/onishi/WRF/external/ioapi_share -I/home/onishi/WRF/inc -DEM_CORE=1 -DNMM_CORE=0 -DNMM_MAX_DIM=2600 -DDA_CORE=0 -DWRFPLUS=0 -DIWORDSIZE=4 -DDWORDSIZE=8 -DRWORDSIZE=4 -DLWORDSIZE=4 -DNONSTANDARD_SYSTEM_FUNC  -DWRF_USE_CLM -DUSE_NETCDF4_FEATURES -DWRFIO_NCD_LARGE_FILE_SUPPORT  -DDM_PARALLEL -DNETCDF -DGRIB2 -DHDF5 -DLANDREAD_STUB=1 -DUSE_ALLOCATABLES -Dwrfmodel -DGRIB1 -DINTIO -DKEEP_INT_AROUND -DLIMIT_ARGS -DBUILD_RRTMG_FAST=0 -DBUILD_RRTMK=0 -DBUILD_SBM_FAST=1 -DSHOW_ALL_VARS_USED=0 -DCONFIG_BUF_LEN=65536 -DMAX_DOMAINS_F=21 -DMAX_HISTORY=25 -DNMM_NEST=0 -DWRF_CHEM -DBUILD_CHEM=1 -DWRF_KPP -I. -traditional-cpp -DUSE_NETCDF4_FEATURES -DWRFIO_NCD_LARGE_FILE_SUPPORT   module_cam_mam_newnuc.G  > module_cam_mam_newnuc.bb
module_cam_mam_newnuc.G:1750: warning: extra tokens at end of #endif directive [-Wendif-labels]
 1750 | #endif ! (defined MODAL_AERO)
      | 
/home/onishi/WRF/tools/standard.exe module_cam_mam_newnuc.bb | /lib/cpp -P -nostdinc -I/home/onishi/WRF/external/ioapi_share -traditional-cpp -DUSE_NETCDF4_FEATURES -DWRFIO_NCD_LARGE_FILE_SUPPORT > module_cam_mam_newnuc.f90
rm -f module_cam_mam_newnuc.G module_cam_mam_newnuc.bb
time mpif90 -f90=ifort -o module_cam_mam_newnuc.o -c -O3 -ip -fp-model precise -w -ftz -align all -fno-alias -FR -convert big_endian    -I../dyn_em  -I/home/onishi/WRF/external/esmf_time_f90  -I/home/onishi/WRF/main -I/home/onishi/WRF/external/io_netcdf -I/home/onishi/WRF/external/io_int -I/home/onishi/WRF/frame -I/home/onishi/WRF/share -I/home/onishi/WRF/phys -I/home/onishi/WRF/wrftladj -I/home/onishi/WRF/chem -I/home/onishi/WRF/inc -I/home/onishi/NETCDF_DIR2//include  -real-size `expr 8 \* 4` -i4  module_cam_mam_newnuc.f90
0.35user 0.10system 0:00.48elapsed 93%CPU (0avgtext+0avgdata 70244maxresident)k
88inputs+744outputs (0major+14813minor)pagefaults 0swaps
rm -f module_cam_mam_wetdep.o
sed -e "s/^\!.*'.*//" -e "s/^ *\!.*'.*//" module_cam_mam_wetdep.F > module_cam_mam_wetdep.G
/lib/cpp -P -nostdinc -I/home/onishi/WRF/external/ioapi_share -I/home/onishi/WRF/inc -DEM_CORE=1 -DNMM_CORE=0 -DNMM_MAX_DIM=2600 -DDA_CORE=0 -DWRFPLUS=0 -DIWORDSIZE=4 -DDWORDSIZE=8 -DRWORDSIZE=4 -DLWORDSIZE=4 -DNONSTANDARD_SYSTEM_FUNC  -DWRF_USE_CLM -DUSE_NETCDF4_FEATURES -DWRFIO_NCD_LARGE_FILE_SUPPORT  -DDM_PARALLEL -DNETCDF -DGRIB2 -DHDF5 -DLANDREAD_STUB=1 -DUSE_ALLOCATABLES -Dwrfmodel -DGRIB1 -DINTIO -DKEEP_INT_AROUND -DLIMIT_ARGS -DBUILD_RRTMG_FAST=0 -DBUILD_RRTMK=0 -DBUILD_SBM_FAST=1 -DSHOW_ALL_VARS_USED=0 -DCONFIG_BUF_LEN=65536 -DMAX_DOMAINS_F=21 -DMAX_HISTORY=25 -DNMM_NEST=0 -DWRF_CHEM -DBUILD_CHEM=1 -DWRF_KPP -I. -traditional-cpp -DUSE_NETCDF4_FEATURES -DWRFIO_NCD_LARGE_FILE_SUPPORT   module_cam_mam_wetdep.G  > module_cam_mam_wetdep.bb
/home/onishi/WRF/tools/standard.exe module_cam_mam_wetdep.bb | /lib/cpp -P -nostdinc -I/home/onishi/WRF/external/ioapi_share -traditional-cpp -DUSE_NETCDF4_FEATURES -DWRFIO_NCD_LARGE_FILE_SUPPORT > module_cam_mam_wetdep.f90
rm -f module_cam_mam_wetdep.G module_cam_mam_wetdep.bb
time mpif90 -f90=ifort -o module_cam_mam_wetdep.o -c -O3 -ip -fp-model precise -w -ftz -align all -fno-alias -FR -convert big_endian    -I../dyn_em  -I/home/onishi/WRF/external/esmf_time_f90  -I/home/onishi/WRF/main -I/home/onishi/WRF/external/io_netcdf -I/home/onishi/WRF/external/io_int -I/home/onishi/WRF/frame -I/home/onishi/WRF/share -I/home/onishi/WRF/phys -I/home/onishi/WRF/wrftladj -I/home/onishi/WRF/chem -I/home/onishi/WRF/inc -I/home/onishi/NETCDF_DIR2//include  -real-size `expr 8 \* 4` -i4  module_cam_mam_wetdep.f90
0.45user 0.09system 0:00.58elapsed 94%CPU (0avgtext+0avgdata 99284maxresident)k
48inputs+400outputs (0major+21290minor)pagefaults 0swaps
rm -f module_cam_mam_mz_aerosols_intr.o
sed -e "s/^\!.*'.*//" -e "s/^ *\!.*'.*//" module_cam_mam_mz_aerosols_intr.F > module_cam_mam_mz_aerosols_intr.G
/lib/cpp -P -nostdinc -I/home/onishi/WRF/external/ioapi_share -I/home/onishi/WRF/inc -DEM_CORE=1 -DNMM_CORE=0 -DNMM_MAX_DIM=2600 -DDA_CORE=0 -DWRFPLUS=0 -DIWORDSIZE=4 -DDWORDSIZE=8 -DRWORDSIZE=4 -DLWORDSIZE=4 -DNONSTANDARD_SYSTEM_FUNC  -DWRF_USE_CLM -DUSE_NETCDF4_FEATURES -DWRFIO_NCD_LARGE_FILE_SUPPORT  -DDM_PARALLEL -DNETCDF -DGRIB2 -DHDF5 -DLANDREAD_STUB=1 -DUSE_ALLOCATABLES -Dwrfmodel -DGRIB1 -DINTIO -DKEEP_INT_AROUND -DLIMIT_ARGS -DBUILD_RRTMG_FAST=0 -DBUILD_RRTMK=0 -DBUILD_SBM_FAST=1 -DSHOW_ALL_VARS_USED=0 -DCONFIG_BUF_LEN=65536 -DMAX_DOMAINS_F=21 -DMAX_HISTORY=25 -DNMM_NEST=0 -DWRF_CHEM -DBUILD_CHEM=1 -DWRF_KPP -I. -traditional-cpp -DUSE_NETCDF4_FEATURES -DWRFIO_NCD_LARGE_FILE_SUPPORT   module_cam_mam_mz_aerosols_intr.G  > module_cam_mam_mz_aerosols_intr.bb
/home/onishi/WRF/tools/standard.exe module_cam_mam_mz_aerosols_intr.bb | /lib/cpp -P -nostdinc -I/home/onishi/WRF/external/ioapi_share -traditional-cpp -DUSE_NETCDF4_FEATURES -DWRFIO_NCD_LARGE_FILE_SUPPORT > module_cam_mam_mz_aerosols_intr.f90
rm -f module_cam_mam_mz_aerosols_intr.G module_cam_mam_mz_aerosols_intr.bb
time mpif90 -f90=ifort -o module_cam_mam_mz_aerosols_intr.o -c -O3 -ip -fp-model precise -w -ftz -align all -fno-alias -FR -convert big_endian    -I../dyn_em  -I/home/onishi/WRF/external/esmf_time_f90  -I/home/onishi/WRF/main -I/home/onishi/WRF/external/io_netcdf -I/home/onishi/WRF/external/io_int -I/home/onishi/WRF/frame -I/home/onishi/WRF/share -I/home/onishi/WRF/phys -I/home/onishi/WRF/wrftladj -I/home/onishi/WRF/chem -I/home/onishi/WRF/inc -I/home/onishi/NETCDF_DIR2//include  -real-size `expr 8 \* 4` -i4  module_cam_mam_mz_aerosols_intr.f90
0.58user 0.09system 0:00.71elapsed 95%CPU (0avgtext+0avgdata 87972maxresident)k
96inputs+544outputs (0major+19032minor)pagefaults 0swaps
rm -f module_cam_mam_initaerodata.o
sed -e "s/^\!.*'.*//" -e "s/^ *\!.*'.*//" module_cam_mam_initaerodata.F > module_cam_mam_initaerodata.G
/lib/cpp -P -nostdinc -I/home/onishi/WRF/external/ioapi_share -I/home/onishi/WRF/inc -DEM_CORE=1 -DNMM_CORE=0 -DNMM_MAX_DIM=2600 -DDA_CORE=0 -DWRFPLUS=0 -DIWORDSIZE=4 -DDWORDSIZE=8 -DRWORDSIZE=4 -DLWORDSIZE=4 -DNONSTANDARD_SYSTEM_FUNC  -DWRF_USE_CLM -DUSE_NETCDF4_FEATURES -DWRFIO_NCD_LARGE_FILE_SUPPORT  -DDM_PARALLEL -DNETCDF -DGRIB2 -DHDF5 -DLANDREAD_STUB=1 -DUSE_ALLOCATABLES -Dwrfmodel -DGRIB1 -DINTIO -DKEEP_INT_AROUND -DLIMIT_ARGS -DBUILD_RRTMG_FAST=0 -DBUILD_RRTMK=0 -DBUILD_SBM_FAST=1 -DSHOW_ALL_VARS_USED=0 -DCONFIG_BUF_LEN=65536 -DMAX_DOMAINS_F=21 -DMAX_HISTORY=25 -DNMM_NEST=0 -DWRF_CHEM -DBUILD_CHEM=1 -DWRF_KPP -I. -traditional-cpp -DUSE_NETCDF4_FEATURES -DWRFIO_NCD_LARGE_FILE_SUPPORT   module_cam_mam_initaerodata.G  > module_cam_mam_initaerodata.bb
/home/onishi/WRF/tools/standard.exe module_cam_mam_initaerodata.bb | /lib/cpp -P -nostdinc -I/home/onishi/WRF/external/ioapi_share -traditional-cpp -DUSE_NETCDF4_FEATURES -DWRFIO_NCD_LARGE_FILE_SUPPORT > module_cam_mam_initaerodata.f90
rm -f module_cam_mam_initaerodata.G module_cam_mam_initaerodata.bb
time mpif90 -f90=ifort -o module_cam_mam_initaerodata.o -c -O3 -ip -fp-model precise -w -ftz -align all -fno-alias -FR -convert big_endian    -I../dyn_em  -I/home/onishi/WRF/external/esmf_time_f90  -I/home/onishi/WRF/main -I/home/onishi/WRF/external/io_netcdf -I/home/onishi/WRF/external/io_int -I/home/onishi/WRF/frame -I/home/onishi/WRF/share -I/home/onishi/WRF/phys -I/home/onishi/WRF/wrftladj -I/home/onishi/WRF/chem -I/home/onishi/WRF/inc -I/home/onishi/NETCDF_DIR2//include  -real-size `expr 8 \* 4` -i4  module_cam_mam_initaerodata.f90
0.64user 0.06system 0:00.71elapsed 98%CPU (0avgtext+0avgdata 72640maxresident)k
136inputs+848outputs (0major+15071minor)pagefaults 0swaps
rm -f module_cam_mam_mo_chem_utls.o
sed -e "s/^\!.*'.*//" -e "s/^ *\!.*'.*//" module_cam_mam_mo_chem_utls.F > module_cam_mam_mo_chem_utls.G
/lib/cpp -P -nostdinc -I/home/onishi/WRF/external/ioapi_share -I/home/onishi/WRF/inc -DEM_CORE=1 -DNMM_CORE=0 -DNMM_MAX_DIM=2600 -DDA_CORE=0 -DWRFPLUS=0 -DIWORDSIZE=4 -DDWORDSIZE=8 -DRWORDSIZE=4 -DLWORDSIZE=4 -DNONSTANDARD_SYSTEM_FUNC  -DWRF_USE_CLM -DUSE_NETCDF4_FEATURES -DWRFIO_NCD_LARGE_FILE_SUPPORT  -DDM_PARALLEL -DNETCDF -DGRIB2 -DHDF5 -DLANDREAD_STUB=1 -DUSE_ALLOCATABLES -Dwrfmodel -DGRIB1 -DINTIO -DKEEP_INT_AROUND -DLIMIT_ARGS -DBUILD_RRTMG_FAST=0 -DBUILD_RRTMK=0 -DBUILD_SBM_FAST=1 -DSHOW_ALL_VARS_USED=0 -DCONFIG_BUF_LEN=65536 -DMAX_DOMAINS_F=21 -DMAX_HISTORY=25 -DNMM_NEST=0 -DWRF_CHEM -DBUILD_CHEM=1 -DWRF_KPP -I. -traditional-cpp -DUSE_NETCDF4_FEATURES -DWRFIO_NCD_LARGE_FILE_SUPPORT   module_cam_mam_mo_chem_utls.G  > module_cam_mam_mo_chem_utls.bb
/home/onishi/WRF/tools/standard.exe module_cam_mam_mo_chem_utls.bb | /lib/cpp -P -nostdinc -I/home/onishi/WRF/external/ioapi_share -traditional-cpp -DUSE_NETCDF4_FEATURES -DWRFIO_NCD_LARGE_FILE_SUPPORT > module_cam_mam_mo_chem_utls.f90
rm -f module_cam_mam_mo_chem_utls.G module_cam_mam_mo_chem_utls.bb
time mpif90 -f90=ifort -o module_cam_mam_mo_chem_utls.o -c -O3 -ip -fp-model precise -w -ftz -align all -fno-alias -FR -convert big_endian    -I../dyn_em  -I/home/onishi/WRF/external/esmf_time_f90  -I/home/onishi/WRF/main -I/home/onishi/WRF/external/io_netcdf -I/home/onishi/WRF/external/io_int -I/home/onishi/WRF/frame -I/home/onishi/WRF/share -I/home/onishi/WRF/phys -I/home/onishi/WRF/wrftladj -I/home/onishi/WRF/chem -I/home/onishi/WRF/inc -I/home/onishi/NETCDF_DIR2//include  -real-size `expr 8 \* 4` -i4  module_cam_mam_mo_chem_utls.f90
0.01user 0.06system 0:00.09elapsed 91%CPU (0avgtext+0avgdata 44272maxresident)k
8inputs+96outputs (0major+6820minor)pagefaults 0swaps
rm -f module_cam_mam_setsox.o
sed -e "s/^\!.*'.*//" -e "s/^ *\!.*'.*//" module_cam_mam_setsox.F > module_cam_mam_setsox.G
/lib/cpp -P -nostdinc -I/home/onishi/WRF/external/ioapi_share -I/home/onishi/WRF/inc -DEM_CORE=1 -DNMM_CORE=0 -DNMM_MAX_DIM=2600 -DDA_CORE=0 -DWRFPLUS=0 -DIWORDSIZE=4 -DDWORDSIZE=8 -DRWORDSIZE=4 -DLWORDSIZE=4 -DNONSTANDARD_SYSTEM_FUNC  -DWRF_USE_CLM -DUSE_NETCDF4_FEATURES -DWRFIO_NCD_LARGE_FILE_SUPPORT  -DDM_PARALLEL -DNETCDF -DGRIB2 -DHDF5 -DLANDREAD_STUB=1 -DUSE_ALLOCATABLES -Dwrfmodel -DGRIB1 -DINTIO -DKEEP_INT_AROUND -DLIMIT_ARGS -DBUILD_RRTMG_FAST=0 -DBUILD_RRTMK=0 -DBUILD_SBM_FAST=1 -DSHOW_ALL_VARS_USED=0 -DCONFIG_BUF_LEN=65536 -DMAX_DOMAINS_F=21 -DMAX_HISTORY=25 -DNMM_NEST=0 -DWRF_CHEM -DBUILD_CHEM=1 -DWRF_KPP -I. -traditional-cpp -DUSE_NETCDF4_FEATURES -DWRFIO_NCD_LARGE_FILE_SUPPORT   module_cam_mam_setsox.G  > module_cam_mam_setsox.bb
/home/onishi/WRF/tools/standard.exe module_cam_mam_setsox.bb | /lib/cpp -P -nostdinc -I/home/onishi/WRF/external/ioapi_share -traditional-cpp -DUSE_NETCDF4_FEATURES -DWRFIO_NCD_LARGE_FILE_SUPPORT > module_cam_mam_setsox.f90
rm -f module_cam_mam_setsox.G module_cam_mam_setsox.bb
time mpif90 -f90=ifort -o module_cam_mam_setsox.o -c -O3 -ip -fp-model precise -w -ftz -align all -fno-alias -FR -convert big_endian    -I../dyn_em  -I/home/onishi/WRF/external/esmf_time_f90  -I/home/onishi/WRF/main -I/home/onishi/WRF/external/io_netcdf -I/home/onishi/WRF/external/io_int -I/home/onishi/WRF/frame -I/home/onishi/WRF/share -I/home/onishi/WRF/phys -I/home/onishi/WRF/wrftladj -I/home/onishi/WRF/chem -I/home/onishi/WRF/inc -I/home/onishi/NETCDF_DIR2//include  -real-size `expr 8 \* 4` -i4  module_cam_mam_setsox.f90
0.75user 0.08system 0:00.87elapsed 96%CPU (0avgtext+0avgdata 103148maxresident)k
64inputs+552outputs (0major+22770minor)pagefaults 0swaps
rm -f module_cam_mam_cloudchem.o
sed -e "s/^\!.*'.*//" -e "s/^ *\!.*'.*//" module_cam_mam_cloudchem.F > module_cam_mam_cloudchem.G
/lib/cpp -P -nostdinc -I/home/onishi/WRF/external/ioapi_share -I/home/onishi/WRF/inc -DEM_CORE=1 -DNMM_CORE=0 -DNMM_MAX_DIM=2600 -DDA_CORE=0 -DWRFPLUS=0 -DIWORDSIZE=4 -DDWORDSIZE=8 -DRWORDSIZE=4 -DLWORDSIZE=4 -DNONSTANDARD_SYSTEM_FUNC  -DWRF_USE_CLM -DUSE_NETCDF4_FEATURES -DWRFIO_NCD_LARGE_FILE_SUPPORT  -DDM_PARALLEL -DNETCDF -DGRIB2 -DHDF5 -DLANDREAD_STUB=1 -DUSE_ALLOCATABLES -Dwrfmodel -DGRIB1 -DINTIO -DKEEP_INT_AROUND -DLIMIT_ARGS -DBUILD_RRTMG_FAST=0 -DBUILD_RRTMK=0 -DBUILD_SBM_FAST=1 -DSHOW_ALL_VARS_USED=0 -DCONFIG_BUF_LEN=65536 -DMAX_DOMAINS_F=21 -DMAX_HISTORY=25 -DNMM_NEST=0 -DWRF_CHEM -DBUILD_CHEM=1 -DWRF_KPP -I. -traditional-cpp -DUSE_NETCDF4_FEATURES -DWRFIO_NCD_LARGE_FILE_SUPPORT   module_cam_mam_cloudchem.G  > module_cam_mam_cloudchem.bb
/home/onishi/WRF/tools/standard.exe module_cam_mam_cloudchem.bb | /lib/cpp -P -nostdinc -I/home/onishi/WRF/external/ioapi_share -traditional-cpp -DUSE_NETCDF4_FEATURES -DWRFIO_NCD_LARGE_FILE_SUPPORT > module_cam_mam_cloudchem.f90
rm -f module_cam_mam_cloudchem.G module_cam_mam_cloudchem.bb
time mpif90 -f90=ifort -o module_cam_mam_cloudchem.o -c -O3 -ip -fp-model precise -w -ftz -align all -fno-alias -FR -convert big_endian    -I../dyn_em  -I/home/onishi/WRF/external/esmf_time_f90  -I/home/onishi/WRF/main -I/home/onishi/WRF/external/io_netcdf -I/home/onishi/WRF/external/io_int -I/home/onishi/WRF/frame -I/home/onishi/WRF/share -I/home/onishi/WRF/phys -I/home/onishi/WRF/wrftladj -I/home/onishi/WRF/chem -I/home/onishi/WRF/inc -I/home/onishi/NETCDF_DIR2//include  -real-size `expr 8 \* 4` -i4  module_cam_mam_cloudchem.f90
0.32user 0.08system 0:00.44elapsed 92%CPU (0avgtext+0avgdata 75428maxresident)k
56inputs+320outputs (0major+14918minor)pagefaults 0swaps
rm -f module_cam_mam_mo_sethet.o
sed -e "s/^\!.*'.*//" -e "s/^ *\!.*'.*//" module_cam_mam_mo_sethet.F > module_cam_mam_mo_sethet.G
/lib/cpp -P -nostdinc -I/home/onishi/WRF/external/ioapi_share -I/home/onishi/WRF/inc -DEM_CORE=1 -DNMM_CORE=0 -DNMM_MAX_DIM=2600 -DDA_CORE=0 -DWRFPLUS=0 -DIWORDSIZE=4 -DDWORDSIZE=8 -DRWORDSIZE=4 -DLWORDSIZE=4 -DNONSTANDARD_SYSTEM_FUNC  -DWRF_USE_CLM -DUSE_NETCDF4_FEATURES -DWRFIO_NCD_LARGE_FILE_SUPPORT  -DDM_PARALLEL -DNETCDF -DGRIB2 -DHDF5 -DLANDREAD_STUB=1 -DUSE_ALLOCATABLES -Dwrfmodel -DGRIB1 -DINTIO -DKEEP_INT_AROUND -DLIMIT_ARGS -DBUILD_RRTMG_FAST=0 -DBUILD_RRTMK=0 -DBUILD_SBM_FAST=1 -DSHOW_ALL_VARS_USED=0 -DCONFIG_BUF_LEN=65536 -DMAX_DOMAINS_F=21 -DMAX_HISTORY=25 -DNMM_NEST=0 -DWRF_CHEM -DBUILD_CHEM=1 -DWRF_KPP -I. -traditional-cpp -DUSE_NETCDF4_FEATURES -DWRFIO_NCD_LARGE_FILE_SUPPORT   module_cam_mam_mo_sethet.G  > module_cam_mam_mo_sethet.bb
/home/onishi/WRF/tools/standard.exe module_cam_mam_mo_sethet.bb | /lib/cpp -P -nostdinc -I/home/onishi/WRF/external/ioapi_share -traditional-cpp -DUSE_NETCDF4_FEATURES -DWRFIO_NCD_LARGE_FILE_SUPPORT > module_cam_mam_mo_sethet.f90
rm -f module_cam_mam_mo_sethet.G module_cam_mam_mo_sethet.bb
time mpif90 -f90=ifort -o module_cam_mam_mo_sethet.o -c -O3 -ip -fp-model precise -w -ftz -align all -fno-alias -FR -convert big_endian    -I../dyn_em  -I/home/onishi/WRF/external/esmf_time_f90  -I/home/onishi/WRF/main -I/home/onishi/WRF/external/io_netcdf -I/home/onishi/WRF/external/io_int -I/home/onishi/WRF/frame -I/home/onishi/WRF/share -I/home/onishi/WRF/phys -I/home/onishi/WRF/wrftladj -I/home/onishi/WRF/chem -I/home/onishi/WRF/inc -I/home/onishi/NETCDF_DIR2//include  -real-size `expr 8 \* 4` -i4  module_cam_mam_mo_sethet.f90
0.79user 0.09system 0:00.91elapsed 96%CPU (0avgtext+0avgdata 100308maxresident)k
56inputs+608outputs (0major+22341minor)pagefaults 0swaps
rm -f module_cam_mam_gas_wetdep_driver.o
sed -e "s/^\!.*'.*//" -e "s/^ *\!.*'.*//" module_cam_mam_gas_wetdep_driver.F > module_cam_mam_gas_wetdep_driver.G
/lib/cpp -P -nostdinc -I/home/onishi/WRF/external/ioapi_share -I/home/onishi/WRF/inc -DEM_CORE=1 -DNMM_CORE=0 -DNMM_MAX_DIM=2600 -DDA_CORE=0 -DWRFPLUS=0 -DIWORDSIZE=4 -DDWORDSIZE=8 -DRWORDSIZE=4 -DLWORDSIZE=4 -DNONSTANDARD_SYSTEM_FUNC  -DWRF_USE_CLM -DUSE_NETCDF4_FEATURES -DWRFIO_NCD_LARGE_FILE_SUPPORT  -DDM_PARALLEL -DNETCDF -DGRIB2 -DHDF5 -DLANDREAD_STUB=1 -DUSE_ALLOCATABLES -Dwrfmodel -DGRIB1 -DINTIO -DKEEP_INT_AROUND -DLIMIT_ARGS -DBUILD_RRTMG_FAST=0 -DBUILD_RRTMK=0 -DBUILD_SBM_FAST=1 -DSHOW_ALL_VARS_USED=0 -DCONFIG_BUF_LEN=65536 -DMAX_DOMAINS_F=21 -DMAX_HISTORY=25 -DNMM_NEST=0 -DWRF_CHEM -DBUILD_CHEM=1 -DWRF_KPP -I. -traditional-cpp -DUSE_NETCDF4_FEATURES -DWRFIO_NCD_LARGE_FILE_SUPPORT   module_cam_mam_gas_wetdep_driver.G  > module_cam_mam_gas_wetdep_driver.bb
/home/onishi/WRF/tools/standard.exe module_cam_mam_gas_wetdep_driver.bb | /lib/cpp -P -nostdinc -I/home/onishi/WRF/external/ioapi_share -traditional-cpp -DUSE_NETCDF4_FEATURES -DWRFIO_NCD_LARGE_FILE_SUPPORT > module_cam_mam_gas_wetdep_driver.f90
rm -f module_cam_mam_gas_wetdep_driver.G module_cam_mam_gas_wetdep_driver.bb
time mpif90 -f90=ifort -o module_cam_mam_gas_wetdep_driver.o -c -O3 -ip -fp-model precise -w -ftz -align all -fno-alias -FR -convert big_endian    -I../dyn_em  -I/home/onishi/WRF/external/esmf_time_f90  -I/home/onishi/WRF/main -I/home/onishi/WRF/external/io_netcdf -I/home/onishi/WRF/external/io_int -I/home/onishi/WRF/frame -I/home/onishi/WRF/share -I/home/onishi/WRF/phys -I/home/onishi/WRF/wrftladj -I/home/onishi/WRF/chem -I/home/onishi/WRF/inc -I/home/onishi/NETCDF_DIR2//include  -real-size `expr 8 \* 4` -i4  module_cam_mam_gas_wetdep_driver.f90
0.21user 0.09system 0:00.35elapsed 90%CPU (0avgtext+0avgdata 67296maxresident)k
32inputs+1120outputs (0major+12684minor)pagefaults 0swaps
rm -f module_cam_mam_init.o
sed -e "s/^\!.*'.*//" -e "s/^ *\!.*'.*//" module_cam_mam_init.F > module_cam_mam_init.G
/lib/cpp -P -nostdinc -I/home/onishi/WRF/external/ioapi_share -I/home/onishi/WRF/inc -DEM_CORE=1 -DNMM_CORE=0 -DNMM_MAX_DIM=2600 -DDA_CORE=0 -DWRFPLUS=0 -DIWORDSIZE=4 -DDWORDSIZE=8 -DRWORDSIZE=4 -DLWORDSIZE=4 -DNONSTANDARD_SYSTEM_FUNC  -DWRF_USE_CLM -DUSE_NETCDF4_FEATURES -DWRFIO_NCD_LARGE_FILE_SUPPORT  -DDM_PARALLEL -DNETCDF -DGRIB2 -DHDF5 -DLANDREAD_STUB=1 -DUSE_ALLOCATABLES -Dwrfmodel -DGRIB1 -DINTIO -DKEEP_INT_AROUND -DLIMIT_ARGS -DBUILD_RRTMG_FAST=0 -DBUILD_RRTMK=0 -DBUILD_SBM_FAST=1 -DSHOW_ALL_VARS_USED=0 -DCONFIG_BUF_LEN=65536 -DMAX_DOMAINS_F=21 -DMAX_HISTORY=25 -DNMM_NEST=0 -DWRF_CHEM -DBUILD_CHEM=1 -DWRF_KPP -I. -traditional-cpp -DUSE_NETCDF4_FEATURES -DWRFIO_NCD_LARGE_FILE_SUPPORT   module_cam_mam_init.G  > module_cam_mam_init.bb
/home/onishi/WRF/tools/standard.exe module_cam_mam_init.bb | /lib/cpp -P -nostdinc -I/home/onishi/WRF/external/ioapi_share -traditional-cpp -DUSE_NETCDF4_FEATURES -DWRFIO_NCD_LARGE_FILE_SUPPORT > module_cam_mam_init.f90
rm -f module_cam_mam_init.G module_cam_mam_init.bb
time mpif90 -f90=ifort -o module_cam_mam_init.o -c -O3 -ip -fp-model precise -w -ftz -align all -fno-alias -FR -convert big_endian    -I../dyn_em  -I/home/onishi/WRF/external/esmf_time_f90  -I/home/onishi/WRF/main -I/home/onishi/WRF/external/io_netcdf -I/home/onishi/WRF/external/io_int -I/home/onishi/WRF/frame -I/home/onishi/WRF/share -I/home/onishi/WRF/phys -I/home/onishi/WRF/wrftladj -I/home/onishi/WRF/chem -I/home/onishi/WRF/inc -I/home/onishi/NETCDF_DIR2//include  -real-size `expr 8 \* 4` -i4  module_cam_mam_init.f90
0.56user 0.11system 0:00.69elapsed 97%CPU (0avgtext+0avgdata 75508maxresident)k
1040inputs+1848outputs (0major+15750minor)pagefaults 0swaps
rm -f module_cam_mam_initmixrats.o
sed -e "s/^\!.*'.*//" -e "s/^ *\!.*'.*//" module_cam_mam_initmixrats.F > module_cam_mam_initmixrats.G
/lib/cpp -P -nostdinc -I/home/onishi/WRF/external/ioapi_share -I/home/onishi/WRF/inc -DEM_CORE=1 -DNMM_CORE=0 -DNMM_MAX_DIM=2600 -DDA_CORE=0 -DWRFPLUS=0 -DIWORDSIZE=4 -DDWORDSIZE=8 -DRWORDSIZE=4 -DLWORDSIZE=4 -DNONSTANDARD_SYSTEM_FUNC  -DWRF_USE_CLM -DUSE_NETCDF4_FEATURES -DWRFIO_NCD_LARGE_FILE_SUPPORT  -DDM_PARALLEL -DNETCDF -DGRIB2 -DHDF5 -DLANDREAD_STUB=1 -DUSE_ALLOCATABLES -Dwrfmodel -DGRIB1 -DINTIO -DKEEP_INT_AROUND -DLIMIT_ARGS -DBUILD_RRTMG_FAST=0 -DBUILD_RRTMK=0 -DBUILD_SBM_FAST=1 -DSHOW_ALL_VARS_USED=0 -DCONFIG_BUF_LEN=65536 -DMAX_DOMAINS_F=21 -DMAX_HISTORY=25 -DNMM_NEST=0 -DWRF_CHEM -DBUILD_CHEM=1 -DWRF_KPP -I. -traditional-cpp -DUSE_NETCDF4_FEATURES -DWRFIO_NCD_LARGE_FILE_SUPPORT   module_cam_mam_initmixrats.G  > module_cam_mam_initmixrats.bb
/home/onishi/WRF/tools/standard.exe module_cam_mam_initmixrats.bb | /lib/cpp -P -nostdinc -I/home/onishi/WRF/external/ioapi_share -traditional-cpp -DUSE_NETCDF4_FEATURES -DWRFIO_NCD_LARGE_FILE_SUPPORT > module_cam_mam_initmixrats.f90
rm -f module_cam_mam_initmixrats.G module_cam_mam_initmixrats.bb
time mpif90 -f90=ifort -o module_cam_mam_initmixrats.o -c -O3 -ip -fp-model precise -w -ftz -align all -fno-alias -FR -convert big_endian    -I../dyn_em  -I/home/onishi/WRF/external/esmf_time_f90  -I/home/onishi/WRF/main -I/home/onishi/WRF/external/io_netcdf -I/home/onishi/WRF/external/io_int -I/home/onishi/WRF/frame -I/home/onishi/WRF/share -I/home/onishi/WRF/phys -I/home/onishi/WRF/wrftladj -I/home/onishi/WRF/chem -I/home/onishi/WRF/inc -I/home/onishi/NETCDF_DIR2//include  -real-size `expr 8 \* 4` -i4  module_cam_mam_initmixrats.f90
0.35user 0.10system 0:00.49elapsed 92%CPU (0avgtext+0avgdata 68148maxresident)k
864inputs+1968outputs (0major+12910minor)pagefaults 0swaps
rm -f module_input_chem_data.o
sed -e "s/^\!.*'.*//" -e "s/^ *\!.*'.*//" module_input_chem_data.F > module_input_chem_data.G
/lib/cpp -P -nostdinc -I/home/onishi/WRF/external/ioapi_share -I/home/onishi/WRF/inc -DEM_CORE=1 -DNMM_CORE=0 -DNMM_MAX_DIM=2600 -DDA_CORE=0 -DWRFPLUS=0 -DIWORDSIZE=4 -DDWORDSIZE=8 -DRWORDSIZE=4 -DLWORDSIZE=4 -DNONSTANDARD_SYSTEM_FUNC  -DWRF_USE_CLM -DUSE_NETCDF4_FEATURES -DWRFIO_NCD_LARGE_FILE_SUPPORT  -DDM_PARALLEL -DNETCDF -DGRIB2 -DHDF5 -DLANDREAD_STUB=1 -DUSE_ALLOCATABLES -Dwrfmodel -DGRIB1 -DINTIO -DKEEP_INT_AROUND -DLIMIT_ARGS -DBUILD_RRTMG_FAST=0 -DBUILD_RRTMK=0 -DBUILD_SBM_FAST=1 -DSHOW_ALL_VARS_USED=0 -DCONFIG_BUF_LEN=65536 -DMAX_DOMAINS_F=21 -DMAX_HISTORY=25 -DNMM_NEST=0 -DWRF_CHEM -DBUILD_CHEM=1 -DWRF_KPP -I. -traditional-cpp -DUSE_NETCDF4_FEATURES -DWRFIO_NCD_LARGE_FILE_SUPPORT   module_input_chem_data.G  > module_input_chem_data.bb
/home/onishi/WRF/tools/standard.exe module_input_chem_data.bb | /lib/cpp -P -nostdinc -I/home/onishi/WRF/external/ioapi_share -traditional-cpp -DUSE_NETCDF4_FEATURES -DWRFIO_NCD_LARGE_FILE_SUPPORT > module_input_chem_data.f90
rm -f module_input_chem_data.G module_input_chem_data.bb
time mpif90 -f90=ifort -o module_input_chem_data.o -c -O3 -ip -fp-model precise -w -ftz -align all -fno-alias -FR -convert big_endian    -I../dyn_em  -I/home/onishi/WRF/external/esmf_time_f90  -I/home/onishi/WRF/main -I/home/onishi/WRF/external/io_netcdf -I/home/onishi/WRF/external/io_int -I/home/onishi/WRF/frame -I/home/onishi/WRF/share -I/home/onishi/WRF/phys -I/home/onishi/WRF/wrftladj -I/home/onishi/WRF/chem -I/home/onishi/WRF/inc -I/home/onishi/NETCDF_DIR2//include  -real-size `expr 8 \* 4` -i4  module_input_chem_data.f90
5.13user 0.20system 0:05.39elapsed 98%CPU (0avgtext+0avgdata 171132maxresident)k
1952inputs+7288outputs (0major+43606minor)pagefaults 0swaps
rm -f module_mosaic_coag.o
sed -e "s/^\!.*'.*//" -e "s/^ *\!.*'.*//" module_mosaic_coag.F > module_mosaic_coag.G
/lib/cpp -P -nostdinc -I/home/onishi/WRF/external/ioapi_share -I/home/onishi/WRF/inc -DEM_CORE=1 -DNMM_CORE=0 -DNMM_MAX_DIM=2600 -DDA_CORE=0 -DWRFPLUS=0 -DIWORDSIZE=4 -DDWORDSIZE=8 -DRWORDSIZE=4 -DLWORDSIZE=4 -DNONSTANDARD_SYSTEM_FUNC  -DWRF_USE_CLM -DUSE_NETCDF4_FEATURES -DWRFIO_NCD_LARGE_FILE_SUPPORT  -DDM_PARALLEL -DNETCDF -DGRIB2 -DHDF5 -DLANDREAD_STUB=1 -DUSE_ALLOCATABLES -Dwrfmodel -DGRIB1 -DINTIO -DKEEP_INT_AROUND -DLIMIT_ARGS -DBUILD_RRTMG_FAST=0 -DBUILD_RRTMK=0 -DBUILD_SBM_FAST=1 -DSHOW_ALL_VARS_USED=0 -DCONFIG_BUF_LEN=65536 -DMAX_DOMAINS_F=21 -DMAX_HISTORY=25 -DNMM_NEST=0 -DWRF_CHEM -DBUILD_CHEM=1 -DWRF_KPP -I. -traditional-cpp -DUSE_NETCDF4_FEATURES -DWRFIO_NCD_LARGE_FILE_SUPPORT   module_mosaic_coag.G  > module_mosaic_coag.bb
/home/onishi/WRF/tools/standard.exe module_mosaic_coag.bb | /lib/cpp -P -nostdinc -I/home/onishi/WRF/external/ioapi_share -traditional-cpp -DUSE_NETCDF4_FEATURES -DWRFIO_NCD_LARGE_FILE_SUPPORT > module_mosaic_coag.f90
rm -f module_mosaic_coag.G module_mosaic_coag.bb
time mpif90 -f90=ifort -o module_mosaic_coag.o -c -O3 -ip -fp-model precise -w -ftz -align all -fno-alias -FR -convert big_endian    -I../dyn_em  -I/home/onishi/WRF/external/esmf_time_f90  -I/home/onishi/WRF/main -I/home/onishi/WRF/external/io_netcdf -I/home/onishi/WRF/external/io_int -I/home/onishi/WRF/frame -I/home/onishi/WRF/share -I/home/onishi/WRF/phys -I/home/onishi/WRF/wrftladj -I/home/onishi/WRF/chem -I/home/onishi/WRF/inc -I/home/onishi/NETCDF_DIR2//include  -real-size `expr 8 \* 4` -i4  module_mosaic_coag.f90
0.51user 0.10system 0:00.65elapsed 95%CPU (0avgtext+0avgdata 80272maxresident)k
48inputs+600outputs (0major+16823minor)pagefaults 0swaps
rm -f module_mosaic_gly.o
sed -e "s/^\!.*'.*//" -e "s/^ *\!.*'.*//" module_mosaic_gly.F > module_mosaic_gly.G
/lib/cpp -P -nostdinc -I/home/onishi/WRF/external/ioapi_share -I/home/onishi/WRF/inc -DEM_CORE=1 -DNMM_CORE=0 -DNMM_MAX_DIM=2600 -DDA_CORE=0 -DWRFPLUS=0 -DIWORDSIZE=4 -DDWORDSIZE=8 -DRWORDSIZE=4 -DLWORDSIZE=4 -DNONSTANDARD_SYSTEM_FUNC  -DWRF_USE_CLM -DUSE_NETCDF4_FEATURES -DWRFIO_NCD_LARGE_FILE_SUPPORT  -DDM_PARALLEL -DNETCDF -DGRIB2 -DHDF5 -DLANDREAD_STUB=1 -DUSE_ALLOCATABLES -Dwrfmodel -DGRIB1 -DINTIO -DKEEP_INT_AROUND -DLIMIT_ARGS -DBUILD_RRTMG_FAST=0 -DBUILD_RRTMK=0 -DBUILD_SBM_FAST=1 -DSHOW_ALL_VARS_USED=0 -DCONFIG_BUF_LEN=65536 -DMAX_DOMAINS_F=21 -DMAX_HISTORY=25 -DNMM_NEST=0 -DWRF_CHEM -DBUILD_CHEM=1 -DWRF_KPP -I. -traditional-cpp -DUSE_NETCDF4_FEATURES -DWRFIO_NCD_LARGE_FILE_SUPPORT   module_mosaic_gly.G  > module_mosaic_gly.bb
/home/onishi/WRF/tools/standard.exe module_mosaic_gly.bb | /lib/cpp -P -nostdinc -I/home/onishi/WRF/external/ioapi_share -traditional-cpp -DUSE_NETCDF4_FEATURES -DWRFIO_NCD_LARGE_FILE_SUPPORT > module_mosaic_gly.f90
rm -f module_mosaic_gly.G module_mosaic_gly.bb
time mpif90 -f90=ifort -o module_mosaic_gly.o -c -O3 -ip -fp-model precise -w -ftz -align all -fno-alias -FR -convert big_endian    -I../dyn_em  -I/home/onishi/WRF/external/esmf_time_f90  -I/home/onishi/WRF/main -I/home/onishi/WRF/external/io_netcdf -I/home/onishi/WRF/external/io_int -I/home/onishi/WRF/frame -I/home/onishi/WRF/share -I/home/onishi/WRF/phys -I/home/onishi/WRF/wrftladj -I/home/onishi/WRF/chem -I/home/onishi/WRF/inc -I/home/onishi/NETCDF_DIR2//include  -real-size `expr 8 \* 4` -i4  module_mosaic_gly.f90
0.16user 0.06system 0:00.24elapsed 89%CPU (0avgtext+0avgdata 57912maxresident)k
24inputs+216outputs (0major+10039minor)pagefaults 0swaps
rm -f module_mosaic_therm.o
sed -e "s/^\!.*'.*//" -e "s/^ *\!.*'.*//" module_mosaic_therm.F > module_mosaic_therm.G
/lib/cpp -P -nostdinc -I/home/onishi/WRF/external/ioapi_share -I/home/onishi/WRF/inc -DEM_CORE=1 -DNMM_CORE=0 -DNMM_MAX_DIM=2600 -DDA_CORE=0 -DWRFPLUS=0 -DIWORDSIZE=4 -DDWORDSIZE=8 -DRWORDSIZE=4 -DLWORDSIZE=4 -DNONSTANDARD_SYSTEM_FUNC  -DWRF_USE_CLM -DUSE_NETCDF4_FEATURES -DWRFIO_NCD_LARGE_FILE_SUPPORT  -DDM_PARALLEL -DNETCDF -DGRIB2 -DHDF5 -DLANDREAD_STUB=1 -DUSE_ALLOCATABLES -Dwrfmodel -DGRIB1 -DINTIO -DKEEP_INT_AROUND -DLIMIT_ARGS -DBUILD_RRTMG_FAST=0 -DBUILD_RRTMK=0 -DBUILD_SBM_FAST=1 -DSHOW_ALL_VARS_USED=0 -DCONFIG_BUF_LEN=65536 -DMAX_DOMAINS_F=21 -DMAX_HISTORY=25 -DNMM_NEST=0 -DWRF_CHEM -DBUILD_CHEM=1 -DWRF_KPP -I. -traditional-cpp -DUSE_NETCDF4_FEATURES -DWRFIO_NCD_LARGE_FILE_SUPPORT   module_mosaic_therm.G  > module_mosaic_therm.bb
/home/onishi/WRF/tools/standard.exe module_mosaic_therm.bb | /lib/cpp -P -nostdinc -I/home/onishi/WRF/external/ioapi_share -traditional-cpp -DUSE_NETCDF4_FEATURES -DWRFIO_NCD_LARGE_FILE_SUPPORT > module_mosaic_therm.f90
rm -f module_mosaic_therm.G module_mosaic_therm.bb
time mpif90 -f90=ifort -o module_mosaic_therm.o -c -O3 -ip -fp-model precise -w -ftz -align all -fno-alias -FR -convert big_endian    -I../dyn_em  -I/home/onishi/WRF/external/esmf_time_f90  -I/home/onishi/WRF/main -I/home/onishi/WRF/external/io_netcdf -I/home/onishi/WRF/external/io_int -I/home/onishi/WRF/frame -I/home/onishi/WRF/share -I/home/onishi/WRF/phys -I/home/onishi/WRF/wrftladj -I/home/onishi/WRF/chem -I/home/onishi/WRF/inc -I/home/onishi/NETCDF_DIR2//include  -real-size `expr 8 \* 4` -i4  module_mosaic_therm.f90
9.04user 0.24system 0:09.30elapsed 99%CPU (0avgtext+0avgdata 196008maxresident)k
1008inputs+9664outputs (0major+56086minor)pagefaults 0swaps
rm -f module_phot_mad.o
sed -e "s/^\!.*'.*//" -e "s/^ *\!.*'.*//" module_phot_mad.F > module_phot_mad.G
/lib/cpp -P -nostdinc -I/home/onishi/WRF/external/ioapi_share -I/home/onishi/WRF/inc -DEM_CORE=1 -DNMM_CORE=0 -DNMM_MAX_DIM=2600 -DDA_CORE=0 -DWRFPLUS=0 -DIWORDSIZE=4 -DDWORDSIZE=8 -DRWORDSIZE=4 -DLWORDSIZE=4 -DNONSTANDARD_SYSTEM_FUNC  -DWRF_USE_CLM -DUSE_NETCDF4_FEATURES -DWRFIO_NCD_LARGE_FILE_SUPPORT  -DDM_PARALLEL -DNETCDF -DGRIB2 -DHDF5 -DLANDREAD_STUB=1 -DUSE_ALLOCATABLES -Dwrfmodel -DGRIB1 -DINTIO -DKEEP_INT_AROUND -DLIMIT_ARGS -DBUILD_RRTMG_FAST=0 -DBUILD_RRTMK=0 -DBUILD_SBM_FAST=1 -DSHOW_ALL_VARS_USED=0 -DCONFIG_BUF_LEN=65536 -DMAX_DOMAINS_F=21 -DMAX_HISTORY=25 -DNMM_NEST=0 -DWRF_CHEM -DBUILD_CHEM=1 -DWRF_KPP -I. -traditional-cpp -DUSE_NETCDF4_FEATURES -DWRFIO_NCD_LARGE_FILE_SUPPORT   module_phot_mad.G  > module_phot_mad.bb
/home/onishi/WRF/tools/standard.exe module_phot_mad.bb | /lib/cpp -P -nostdinc -I/home/onishi/WRF/external/ioapi_share -traditional-cpp -DUSE_NETCDF4_FEATURES -DWRFIO_NCD_LARGE_FILE_SUPPORT > module_phot_mad.f90
rm -f module_phot_mad.G module_phot_mad.bb
time mpif90 -f90=ifort -o module_phot_mad.o -c -O3 -ip -fp-model precise -w -ftz -align all -fno-alias -FR -convert big_endian    -I../dyn_em  -I/home/onishi/WRF/external/esmf_time_f90  -I/home/onishi/WRF/main -I/home/onishi/WRF/external/io_netcdf -I/home/onishi/WRF/external/io_int -I/home/onishi/WRF/frame -I/home/onishi/WRF/share -I/home/onishi/WRF/phys -I/home/onishi/WRF/wrftladj -I/home/onishi/WRF/chem -I/home/onishi/WRF/inc -I/home/onishi/NETCDF_DIR2//include  -real-size `expr 8 \* 4` -i4  module_phot_mad.f90
1.39user 0.10system 0:01.53elapsed 97%CPU (0avgtext+0avgdata 84884maxresident)k
272inputs+2072outputs (0major+19913minor)pagefaults 0swaps
rm -f params.mod.o
sed -e "s/^\!.*'.*//" -e "s/^ *\!.*'.*//" params.mod.F > params.mod.G
/lib/cpp -P -nostdinc -I/home/onishi/WRF/external/ioapi_share -I/home/onishi/WRF/inc -DEM_CORE=1 -DNMM_CORE=0 -DNMM_MAX_DIM=2600 -DDA_CORE=0 -DWRFPLUS=0 -DIWORDSIZE=4 -DDWORDSIZE=8 -DRWORDSIZE=4 -DLWORDSIZE=4 -DNONSTANDARD_SYSTEM_FUNC  -DWRF_USE_CLM -DUSE_NETCDF4_FEATURES -DWRFIO_NCD_LARGE_FILE_SUPPORT  -DDM_PARALLEL -DNETCDF -DGRIB2 -DHDF5 -DLANDREAD_STUB=1 -DUSE_ALLOCATABLES -Dwrfmodel -DGRIB1 -DINTIO -DKEEP_INT_AROUND -DLIMIT_ARGS -DBUILD_RRTMG_FAST=0 -DBUILD_RRTMK=0 -DBUILD_SBM_FAST=1 -DSHOW_ALL_VARS_USED=0 -DCONFIG_BUF_LEN=65536 -DMAX_DOMAINS_F=21 -DMAX_HISTORY=25 -DNMM_NEST=0 -DWRF_CHEM -DBUILD_CHEM=1 -DWRF_KPP -I. -traditional-cpp -DUSE_NETCDF4_FEATURES -DWRFIO_NCD_LARGE_FILE_SUPPORT   params.mod.G  > params.mod.bb
/home/onishi/WRF/tools/standard.exe params.mod.bb | /lib/cpp -P -nostdinc -I/home/onishi/WRF/external/ioapi_share -traditional-cpp -DUSE_NETCDF4_FEATURES -DWRFIO_NCD_LARGE_FILE_SUPPORT > params.mod.f90
rm -f params.mod.G params.mod.bb
time mpif90 -f90=ifort -o params.mod.o -c -O3 -ip -fp-model precise -w -ftz -align all -fno-alias -FR -convert big_endian    -I../dyn_em  -I/home/onishi/WRF/external/esmf_time_f90  -I/home/onishi/WRF/main -I/home/onishi/WRF/external/io_netcdf -I/home/onishi/WRF/external/io_int -I/home/onishi/WRF/frame -I/home/onishi/WRF/share -I/home/onishi/WRF/phys -I/home/onishi/WRF/wrftladj -I/home/onishi/WRF/chem -I/home/onishi/WRF/inc -I/home/onishi/NETCDF_DIR2//include  -real-size `expr 8 \* 4` -i4  params.mod.f90
0.02user 0.05system 0:00.09elapsed 75%CPU (0avgtext+0avgdata 37888maxresident)k
8inputs+88outputs (0major+5963minor)pagefaults 0swaps
rm -f numer.o
sed -e "s/^\!.*'.*//" -e "s/^ *\!.*'.*//" numer.F > numer.G
/lib/cpp -P -nostdinc -I/home/onishi/WRF/external/ioapi_share -I/home/onishi/WRF/inc -DEM_CORE=1 -DNMM_CORE=0 -DNMM_MAX_DIM=2600 -DDA_CORE=0 -DWRFPLUS=0 -DIWORDSIZE=4 -DDWORDSIZE=8 -DRWORDSIZE=4 -DLWORDSIZE=4 -DNONSTANDARD_SYSTEM_FUNC  -DWRF_USE_CLM -DUSE_NETCDF4_FEATURES -DWRFIO_NCD_LARGE_FILE_SUPPORT  -DDM_PARALLEL -DNETCDF -DGRIB2 -DHDF5 -DLANDREAD_STUB=1 -DUSE_ALLOCATABLES -Dwrfmodel -DGRIB1 -DINTIO -DKEEP_INT_AROUND -DLIMIT_ARGS -DBUILD_RRTMG_FAST=0 -DBUILD_RRTMK=0 -DBUILD_SBM_FAST=1 -DSHOW_ALL_VARS_USED=0 -DCONFIG_BUF_LEN=65536 -DMAX_DOMAINS_F=21 -DMAX_HISTORY=25 -DNMM_NEST=0 -DWRF_CHEM -DBUILD_CHEM=1 -DWRF_KPP -I. -traditional-cpp -DUSE_NETCDF4_FEATURES -DWRFIO_NCD_LARGE_FILE_SUPPORT   numer.G  > numer.bb
/home/onishi/WRF/tools/standard.exe numer.bb | /lib/cpp -P -nostdinc -I/home/onishi/WRF/external/ioapi_share -traditional-cpp -DUSE_NETCDF4_FEATURES -DWRFIO_NCD_LARGE_FILE_SUPPORT > numer.f90
rm -f numer.G numer.bb
time mpif90 -f90=ifort -o numer.o -c -O3 -ip -fp-model precise -w -ftz -align all -fno-alias -FR -convert big_endian    -I../dyn_em  -I/home/onishi/WRF/external/esmf_time_f90  -I/home/onishi/WRF/main -I/home/onishi/WRF/external/io_netcdf -I/home/onishi/WRF/external/io_int -I/home/onishi/WRF/frame -I/home/onishi/WRF/share -I/home/onishi/WRF/phys -I/home/onishi/WRF/wrftladj -I/home/onishi/WRF/chem -I/home/onishi/WRF/inc -I/home/onishi/NETCDF_DIR2//include  -real-size `expr 8 \* 4` -i4  numer.f90
0.06user 0.07system 0:00.16elapsed 82%CPU (0avgtext+0avgdata 47480maxresident)k
16inputs+152outputs (0major+7589minor)pagefaults 0swaps
rm -f rdxs.o
sed -e "s/^\!.*'.*//" -e "s/^ *\!.*'.*//" rdxs.F > rdxs.G
/lib/cpp -P -nostdinc -I/home/onishi/WRF/external/ioapi_share -I/home/onishi/WRF/inc -DEM_CORE=1 -DNMM_CORE=0 -DNMM_MAX_DIM=2600 -DDA_CORE=0 -DWRFPLUS=0 -DIWORDSIZE=4 -DDWORDSIZE=8 -DRWORDSIZE=4 -DLWORDSIZE=4 -DNONSTANDARD_SYSTEM_FUNC  -DWRF_USE_CLM -DUSE_NETCDF4_FEATURES -DWRFIO_NCD_LARGE_FILE_SUPPORT  -DDM_PARALLEL -DNETCDF -DGRIB2 -DHDF5 -DLANDREAD_STUB=1 -DUSE_ALLOCATABLES -Dwrfmodel -DGRIB1 -DINTIO -DKEEP_INT_AROUND -DLIMIT_ARGS -DBUILD_RRTMG_FAST=0 -DBUILD_RRTMK=0 -DBUILD_SBM_FAST=1 -DSHOW_ALL_VARS_USED=0 -DCONFIG_BUF_LEN=65536 -DMAX_DOMAINS_F=21 -DMAX_HISTORY=25 -DNMM_NEST=0 -DWRF_CHEM -DBUILD_CHEM=1 -DWRF_KPP -I. -traditional-cpp -DUSE_NETCDF4_FEATURES -DWRFIO_NCD_LARGE_FILE_SUPPORT   rdxs.G  > rdxs.bb
/home/onishi/WRF/tools/standard.exe rdxs.bb | /lib/cpp -P -nostdinc -I/home/onishi/WRF/external/ioapi_share -traditional-cpp -DUSE_NETCDF4_FEATURES -DWRFIO_NCD_LARGE_FILE_SUPPORT > rdxs.f90
rm -f rdxs.G rdxs.bb
time mpif90 -f90=ifort -o rdxs.o -c -O3 -ip -fp-model precise -w -ftz -align all -fno-alias -FR -convert big_endian    -I../dyn_em  -I/home/onishi/WRF/external/esmf_time_f90  -I/home/onishi/WRF/main -I/home/onishi/WRF/external/io_netcdf -I/home/onishi/WRF/external/io_int -I/home/onishi/WRF/frame -I/home/onishi/WRF/share -I/home/onishi/WRF/phys -I/home/onishi/WRF/wrftladj -I/home/onishi/WRF/chem -I/home/onishi/WRF/inc -I/home/onishi/NETCDF_DIR2//include  -real-size `expr 8 \* 4` -i4  rdxs.f90
0.58user 0.08system 0:00.68elapsed 98%CPU (0avgtext+0avgdata 71320maxresident)k
56inputs+912outputs (0major+15791minor)pagefaults 0swaps
rm -f rxn.o
sed -e "s/^\!.*'.*//" -e "s/^ *\!.*'.*//" rxn.F > rxn.G
/lib/cpp -P -nostdinc -I/home/onishi/WRF/external/ioapi_share -I/home/onishi/WRF/inc -DEM_CORE=1 -DNMM_CORE=0 -DNMM_MAX_DIM=2600 -DDA_CORE=0 -DWRFPLUS=0 -DIWORDSIZE=4 -DDWORDSIZE=8 -DRWORDSIZE=4 -DLWORDSIZE=4 -DNONSTANDARD_SYSTEM_FUNC  -DWRF_USE_CLM -DUSE_NETCDF4_FEATURES -DWRFIO_NCD_LARGE_FILE_SUPPORT  -DDM_PARALLEL -DNETCDF -DGRIB2 -DHDF5 -DLANDREAD_STUB=1 -DUSE_ALLOCATABLES -Dwrfmodel -DGRIB1 -DINTIO -DKEEP_INT_AROUND -DLIMIT_ARGS -DBUILD_RRTMG_FAST=0 -DBUILD_RRTMK=0 -DBUILD_SBM_FAST=1 -DSHOW_ALL_VARS_USED=0 -DCONFIG_BUF_LEN=65536 -DMAX_DOMAINS_F=21 -DMAX_HISTORY=25 -DNMM_NEST=0 -DWRF_CHEM -DBUILD_CHEM=1 -DWRF_KPP -I. -traditional-cpp -DUSE_NETCDF4_FEATURES -DWRFIO_NCD_LARGE_FILE_SUPPORT   rxn.G  > rxn.bb
/home/onishi/WRF/tools/standard.exe rxn.bb | /lib/cpp -P -nostdinc -I/home/onishi/WRF/external/ioapi_share -traditional-cpp -DUSE_NETCDF4_FEATURES -DWRFIO_NCD_LARGE_FILE_SUPPORT > rxn.f90
rm -f rxn.G rxn.bb
time mpif90 -f90=ifort -o rxn.o -c -O3 -ip -fp-model precise -w -ftz -align all -fno-alias -FR -convert big_endian    -I../dyn_em  -I/home/onishi/WRF/external/esmf_time_f90  -I/home/onishi/WRF/main -I/home/onishi/WRF/external/io_netcdf -I/home/onishi/WRF/external/io_int -I/home/onishi/WRF/frame -I/home/onishi/WRF/share -I/home/onishi/WRF/phys -I/home/onishi/WRF/wrftladj -I/home/onishi/WRF/chem -I/home/onishi/WRF/inc -I/home/onishi/NETCDF_DIR2//include  -real-size `expr 8 \* 4` -i4  rxn.f90
5.29user 0.15system 0:05.45elapsed 99%CPU (0avgtext+0avgdata 111548maxresident)k
288inputs+4944outputs (0major+32976minor)pagefaults 0swaps
rm -f params_mod.o
sed -e "s/^\!.*'.*//" -e "s/^ *\!.*'.*//" params_mod.F > params_mod.G
/lib/cpp -P -nostdinc -I/home/onishi/WRF/external/ioapi_share -I/home/onishi/WRF/inc -DEM_CORE=1 -DNMM_CORE=0 -DNMM_MAX_DIM=2600 -DDA_CORE=0 -DWRFPLUS=0 -DIWORDSIZE=4 -DDWORDSIZE=8 -DRWORDSIZE=4 -DLWORDSIZE=4 -DNONSTANDARD_SYSTEM_FUNC  -DWRF_USE_CLM -DUSE_NETCDF4_FEATURES -DWRFIO_NCD_LARGE_FILE_SUPPORT  -DDM_PARALLEL -DNETCDF -DGRIB2 -DHDF5 -DLANDREAD_STUB=1 -DUSE_ALLOCATABLES -Dwrfmodel -DGRIB1 -DINTIO -DKEEP_INT_AROUND -DLIMIT_ARGS -DBUILD_RRTMG_FAST=0 -DBUILD_RRTMK=0 -DBUILD_SBM_FAST=1 -DSHOW_ALL_VARS_USED=0 -DCONFIG_BUF_LEN=65536 -DMAX_DOMAINS_F=21 -DMAX_HISTORY=25 -DNMM_NEST=0 -DWRF_CHEM -DBUILD_CHEM=1 -DWRF_KPP -I. -traditional-cpp -DUSE_NETCDF4_FEATURES -DWRFIO_NCD_LARGE_FILE_SUPPORT   params_mod.G  > params_mod.bb
/home/onishi/WRF/tools/standard.exe params_mod.bb | /lib/cpp -P -nostdinc -I/home/onishi/WRF/external/ioapi_share -traditional-cpp -DUSE_NETCDF4_FEATURES -DWRFIO_NCD_LARGE_FILE_SUPPORT > params_mod.f90
rm -f params_mod.G params_mod.bb
time mpif90 -f90=ifort -o params_mod.o -c -O3 -ip -fp-model precise -w -ftz -align all -fno-alias -FR -convert big_endian    -I../dyn_em  -I/home/onishi/WRF/external/esmf_time_f90  -I/home/onishi/WRF/main -I/home/onishi/WRF/external/io_netcdf -I/home/onishi/WRF/external/io_int -I/home/onishi/WRF/frame -I/home/onishi/WRF/share -I/home/onishi/WRF/phys -I/home/onishi/WRF/wrftladj -I/home/onishi/WRF/chem -I/home/onishi/WRF/inc -I/home/onishi/NETCDF_DIR2//include  -real-size `expr 8 \* 4` -i4  params_mod.f90
0.02user 0.05system 0:00.10elapsed 70%CPU (0avgtext+0avgdata 38268maxresident)k
8inputs+88outputs (0major+5992minor)pagefaults 0swaps
rm -f la_srb.o
sed -e "s/^\!.*'.*//" -e "s/^ *\!.*'.*//" la_srb.F > la_srb.G
/lib/cpp -P -nostdinc -I/home/onishi/WRF/external/ioapi_share -I/home/onishi/WRF/inc -DEM_CORE=1 -DNMM_CORE=0 -DNMM_MAX_DIM=2600 -DDA_CORE=0 -DWRFPLUS=0 -DIWORDSIZE=4 -DDWORDSIZE=8 -DRWORDSIZE=4 -DLWORDSIZE=4 -DNONSTANDARD_SYSTEM_FUNC  -DWRF_USE_CLM -DUSE_NETCDF4_FEATURES -DWRFIO_NCD_LARGE_FILE_SUPPORT  -DDM_PARALLEL -DNETCDF -DGRIB2 -DHDF5 -DLANDREAD_STUB=1 -DUSE_ALLOCATABLES -Dwrfmodel -DGRIB1 -DINTIO -DKEEP_INT_AROUND -DLIMIT_ARGS -DBUILD_RRTMG_FAST=0 -DBUILD_RRTMK=0 -DBUILD_SBM_FAST=1 -DSHOW_ALL_VARS_USED=0 -DCONFIG_BUF_LEN=65536 -DMAX_DOMAINS_F=21 -DMAX_HISTORY=25 -DNMM_NEST=0 -DWRF_CHEM -DBUILD_CHEM=1 -DWRF_KPP -I. -traditional-cpp -DUSE_NETCDF4_FEATURES -DWRFIO_NCD_LARGE_FILE_SUPPORT   la_srb.G  > la_srb.bb
/home/onishi/WRF/tools/standard.exe la_srb.bb | /lib/cpp -P -nostdinc -I/home/onishi/WRF/external/ioapi_share -traditional-cpp -DUSE_NETCDF4_FEATURES -DWRFIO_NCD_LARGE_FILE_SUPPORT > la_srb.f90
rm -f la_srb.G la_srb.bb
time mpif90 -f90=ifort -o la_srb.o -c -O3 -ip -fp-model precise -w -ftz -align all -fno-alias -FR -convert big_endian    -I../dyn_em  -I/home/onishi/WRF/external/esmf_time_f90  -I/home/onishi/WRF/main -I/home/onishi/WRF/external/io_netcdf -I/home/onishi/WRF/external/io_int -I/home/onishi/WRF/frame -I/home/onishi/WRF/share -I/home/onishi/WRF/phys -I/home/onishi/WRF/wrftladj -I/home/onishi/WRF/chem -I/home/onishi/WRF/inc -I/home/onishi/NETCDF_DIR2//include  -real-size `expr 8 \* 4` -i4  la_srb.f90
0.43user 0.08system 0:00.52elapsed 98%CPU (0avgtext+0avgdata 70744maxresident)k
32inputs+312outputs (0major+14102minor)pagefaults 0swaps
rm -f rtrans.o
sed -e "s/^\!.*'.*//" -e "s/^ *\!.*'.*//" rtrans.F > rtrans.G
/lib/cpp -P -nostdinc -I/home/onishi/WRF/external/ioapi_share -I/home/onishi/WRF/inc -DEM_CORE=1 -DNMM_CORE=0 -DNMM_MAX_DIM=2600 -DDA_CORE=0 -DWRFPLUS=0 -DIWORDSIZE=4 -DDWORDSIZE=8 -DRWORDSIZE=4 -DLWORDSIZE=4 -DNONSTANDARD_SYSTEM_FUNC  -DWRF_USE_CLM -DUSE_NETCDF4_FEATURES -DWRFIO_NCD_LARGE_FILE_SUPPORT  -DDM_PARALLEL -DNETCDF -DGRIB2 -DHDF5 -DLANDREAD_STUB=1 -DUSE_ALLOCATABLES -Dwrfmodel -DGRIB1 -DINTIO -DKEEP_INT_AROUND -DLIMIT_ARGS -DBUILD_RRTMG_FAST=0 -DBUILD_RRTMK=0 -DBUILD_SBM_FAST=1 -DSHOW_ALL_VARS_USED=0 -DCONFIG_BUF_LEN=65536 -DMAX_DOMAINS_F=21 -DMAX_HISTORY=25 -DNMM_NEST=0 -DWRF_CHEM -DBUILD_CHEM=1 -DWRF_KPP -I. -traditional-cpp -DUSE_NETCDF4_FEATURES -DWRFIO_NCD_LARGE_FILE_SUPPORT   rtrans.G  > rtrans.bb
/home/onishi/WRF/tools/standard.exe rtrans.bb | /lib/cpp -P -nostdinc -I/home/onishi/WRF/external/ioapi_share -traditional-cpp -DUSE_NETCDF4_FEATURES -DWRFIO_NCD_LARGE_FILE_SUPPORT > rtrans.f90
rm -f rtrans.G rtrans.bb
time mpif90 -f90=ifort -o rtrans.o -c -O3 -ip -fp-model precise -w -ftz -align all -fno-alias -FR -convert big_endian    -I../dyn_em  -I/home/onishi/WRF/external/esmf_time_f90  -I/home/onishi/WRF/main -I/home/onishi/WRF/external/io_netcdf -I/home/onishi/WRF/external/io_int -I/home/onishi/WRF/frame -I/home/onishi/WRF/share -I/home/onishi/WRF/phys -I/home/onishi/WRF/wrftladj -I/home/onishi/WRF/chem -I/home/onishi/WRF/inc -I/home/onishi/NETCDF_DIR2//include  -real-size `expr 8 \* 4` -i4  rtrans.f90
0.41user 0.08system 0:00.51elapsed 98%CPU (0avgtext+0avgdata 66820maxresident)k
24inputs+336outputs (0major+13365minor)pagefaults 0swaps
rm -f module_subs_tuv.o
sed -e "s/^\!.*'.*//" -e "s/^ *\!.*'.*//" module_subs_tuv.F > module_subs_tuv.G
/lib/cpp -P -nostdinc -I/home/onishi/WRF/external/ioapi_share -I/home/onishi/WRF/inc -DEM_CORE=1 -DNMM_CORE=0 -DNMM_MAX_DIM=2600 -DDA_CORE=0 -DWRFPLUS=0 -DIWORDSIZE=4 -DDWORDSIZE=8 -DRWORDSIZE=4 -DLWORDSIZE=4 -DNONSTANDARD_SYSTEM_FUNC  -DWRF_USE_CLM -DUSE_NETCDF4_FEATURES -DWRFIO_NCD_LARGE_FILE_SUPPORT  -DDM_PARALLEL -DNETCDF -DGRIB2 -DHDF5 -DLANDREAD_STUB=1 -DUSE_ALLOCATABLES -Dwrfmodel -DGRIB1 -DINTIO -DKEEP_INT_AROUND -DLIMIT_ARGS -DBUILD_RRTMG_FAST=0 -DBUILD_RRTMK=0 -DBUILD_SBM_FAST=1 -DSHOW_ALL_VARS_USED=0 -DCONFIG_BUF_LEN=65536 -DMAX_DOMAINS_F=21 -DMAX_HISTORY=25 -DNMM_NEST=0 -DWRF_CHEM -DBUILD_CHEM=1 -DWRF_KPP -I. -traditional-cpp -DUSE_NETCDF4_FEATURES -DWRFIO_NCD_LARGE_FILE_SUPPORT   module_subs_tuv.G  > module_subs_tuv.bb
/home/onishi/WRF/tools/standard.exe module_subs_tuv.bb | /lib/cpp -P -nostdinc -I/home/onishi/WRF/external/ioapi_share -traditional-cpp -DUSE_NETCDF4_FEATURES -DWRFIO_NCD_LARGE_FILE_SUPPORT > module_subs_tuv.f90
rm -f module_subs_tuv.G module_subs_tuv.bb
time mpif90 -f90=ifort -o module_subs_tuv.o -c -O3 -ip -fp-model precise -w -ftz -align all -fno-alias -FR -convert big_endian    -I../dyn_em  -I/home/onishi/WRF/external/esmf_time_f90  -I/home/onishi/WRF/main -I/home/onishi/WRF/external/io_netcdf -I/home/onishi/WRF/external/io_int -I/home/onishi/WRF/frame -I/home/onishi/WRF/share -I/home/onishi/WRF/phys -I/home/onishi/WRF/wrftladj -I/home/onishi/WRF/chem -I/home/onishi/WRF/inc -I/home/onishi/NETCDF_DIR2//include  -real-size `expr 8 \* 4` -i4  module_subs_tuv.f90
0.85user 0.08system 0:00.94elapsed 98%CPU (0avgtext+0avgdata 90960maxresident)k
64inputs+528outputs (0major+19793minor)pagefaults 0swaps
rm -f module_phot_tuv.o
sed -e "s/^\!.*'.*//" -e "s/^ *\!.*'.*//" module_phot_tuv.F > module_phot_tuv.G
/lib/cpp -P -nostdinc -I/home/onishi/WRF/external/ioapi_share -I/home/onishi/WRF/inc -DEM_CORE=1 -DNMM_CORE=0 -DNMM_MAX_DIM=2600 -DDA_CORE=0 -DWRFPLUS=0 -DIWORDSIZE=4 -DDWORDSIZE=8 -DRWORDSIZE=4 -DLWORDSIZE=4 -DNONSTANDARD_SYSTEM_FUNC  -DWRF_USE_CLM -DUSE_NETCDF4_FEATURES -DWRFIO_NCD_LARGE_FILE_SUPPORT  -DDM_PARALLEL -DNETCDF -DGRIB2 -DHDF5 -DLANDREAD_STUB=1 -DUSE_ALLOCATABLES -Dwrfmodel -DGRIB1 -DINTIO -DKEEP_INT_AROUND -DLIMIT_ARGS -DBUILD_RRTMG_FAST=0 -DBUILD_RRTMK=0 -DBUILD_SBM_FAST=1 -DSHOW_ALL_VARS_USED=0 -DCONFIG_BUF_LEN=65536 -DMAX_DOMAINS_F=21 -DMAX_HISTORY=25 -DNMM_NEST=0 -DWRF_CHEM -DBUILD_CHEM=1 -DWRF_KPP -I. -traditional-cpp -DUSE_NETCDF4_FEATURES -DWRFIO_NCD_LARGE_FILE_SUPPORT   module_phot_tuv.G  > module_phot_tuv.bb
/home/onishi/WRF/tools/standard.exe module_phot_tuv.bb | /lib/cpp -P -nostdinc -I/home/onishi/WRF/external/ioapi_share -traditional-cpp -DUSE_NETCDF4_FEATURES -DWRFIO_NCD_LARGE_FILE_SUPPORT > module_phot_tuv.f90
rm -f module_phot_tuv.G module_phot_tuv.bb
time mpif90 -f90=ifort -o module_phot_tuv.o -c -O3 -ip -fp-model precise -w -ftz -align all -fno-alias -FR -convert big_endian    -I../dyn_em  -I/home/onishi/WRF/external/esmf_time_f90  -I/home/onishi/WRF/main -I/home/onishi/WRF/external/io_netcdf -I/home/onishi/WRF/external/io_int -I/home/onishi/WRF/frame -I/home/onishi/WRF/share -I/home/onishi/WRF/phys -I/home/onishi/WRF/wrftladj -I/home/onishi/WRF/chem -I/home/onishi/WRF/inc -I/home/onishi/NETCDF_DIR2//include  -real-size `expr 8 \* 4` -i4  module_phot_tuv.f90
21.37user 0.49system 0:21.91elapsed 99%CPU (0avgtext+0avgdata 493264maxresident)k
344inputs+8328outputs (0major+132638minor)pagefaults 0swaps
rm -f module_sorgam_aqchem.o
sed -e "s/^\!.*'.*//" -e "s/^ *\!.*'.*//" module_sorgam_aqchem.F > module_sorgam_aqchem.G
/lib/cpp -P -nostdinc -I/home/onishi/WRF/external/ioapi_share -I/home/onishi/WRF/inc -DEM_CORE=1 -DNMM_CORE=0 -DNMM_MAX_DIM=2600 -DDA_CORE=0 -DWRFPLUS=0 -DIWORDSIZE=4 -DDWORDSIZE=8 -DRWORDSIZE=4 -DLWORDSIZE=4 -DNONSTANDARD_SYSTEM_FUNC  -DWRF_USE_CLM -DUSE_NETCDF4_FEATURES -DWRFIO_NCD_LARGE_FILE_SUPPORT  -DDM_PARALLEL -DNETCDF -DGRIB2 -DHDF5 -DLANDREAD_STUB=1 -DUSE_ALLOCATABLES -Dwrfmodel -DGRIB1 -DINTIO -DKEEP_INT_AROUND -DLIMIT_ARGS -DBUILD_RRTMG_FAST=0 -DBUILD_RRTMK=0 -DBUILD_SBM_FAST=1 -DSHOW_ALL_VARS_USED=0 -DCONFIG_BUF_LEN=65536 -DMAX_DOMAINS_F=21 -DMAX_HISTORY=25 -DNMM_NEST=0 -DWRF_CHEM -DBUILD_CHEM=1 -DWRF_KPP -I. -traditional-cpp -DUSE_NETCDF4_FEATURES -DWRFIO_NCD_LARGE_FILE_SUPPORT   module_sorgam_aqchem.G  > module_sorgam_aqchem.bb
/home/onishi/WRF/tools/standard.exe module_sorgam_aqchem.bb | /lib/cpp -P -nostdinc -I/home/onishi/WRF/external/ioapi_share -traditional-cpp -DUSE_NETCDF4_FEATURES -DWRFIO_NCD_LARGE_FILE_SUPPORT > module_sorgam_aqchem.f90
rm -f module_sorgam_aqchem.G module_sorgam_aqchem.bb
time mpif90 -f90=ifort -o module_sorgam_aqchem.o -c -O3 -ip -fp-model precise -w -ftz -align all -fno-alias -FR -convert big_endian    -I../dyn_em  -I/home/onishi/WRF/external/esmf_time_f90  -I/home/onishi/WRF/main -I/home/onishi/WRF/external/io_netcdf -I/home/onishi/WRF/external/io_int -I/home/onishi/WRF/frame -I/home/onishi/WRF/share -I/home/onishi/WRF/phys -I/home/onishi/WRF/wrftladj -I/home/onishi/WRF/chem -I/home/onishi/WRF/inc -I/home/onishi/NETCDF_DIR2//include  -real-size `expr 8 \* 4` -i4  module_sorgam_aqchem.f90
0.36user 0.12system 0:00.52elapsed 91%CPU (0avgtext+0avgdata 67688maxresident)k
32inputs+2872outputs (0major+12779minor)pagefaults 0swaps
rm -f module_sorgam_vbs_aqchem.o
sed -e "s/^\!.*'.*//" -e "s/^ *\!.*'.*//" module_sorgam_vbs_aqchem.F > module_sorgam_vbs_aqchem.G
/lib/cpp -P -nostdinc -I/home/onishi/WRF/external/ioapi_share -I/home/onishi/WRF/inc -DEM_CORE=1 -DNMM_CORE=0 -DNMM_MAX_DIM=2600 -DDA_CORE=0 -DWRFPLUS=0 -DIWORDSIZE=4 -DDWORDSIZE=8 -DRWORDSIZE=4 -DLWORDSIZE=4 -DNONSTANDARD_SYSTEM_FUNC  -DWRF_USE_CLM -DUSE_NETCDF4_FEATURES -DWRFIO_NCD_LARGE_FILE_SUPPORT  -DDM_PARALLEL -DNETCDF -DGRIB2 -DHDF5 -DLANDREAD_STUB=1 -DUSE_ALLOCATABLES -Dwrfmodel -DGRIB1 -DINTIO -DKEEP_INT_AROUND -DLIMIT_ARGS -DBUILD_RRTMG_FAST=0 -DBUILD_RRTMK=0 -DBUILD_SBM_FAST=1 -DSHOW_ALL_VARS_USED=0 -DCONFIG_BUF_LEN=65536 -DMAX_DOMAINS_F=21 -DMAX_HISTORY=25 -DNMM_NEST=0 -DWRF_CHEM -DBUILD_CHEM=1 -DWRF_KPP -I. -traditional-cpp -DUSE_NETCDF4_FEATURES -DWRFIO_NCD_LARGE_FILE_SUPPORT   module_sorgam_vbs_aqchem.G  > module_sorgam_vbs_aqchem.bb
/home/onishi/WRF/tools/standard.exe module_sorgam_vbs_aqchem.bb | /lib/cpp -P -nostdinc -I/home/onishi/WRF/external/ioapi_share -traditional-cpp -DUSE_NETCDF4_FEATURES -DWRFIO_NCD_LARGE_FILE_SUPPORT > module_sorgam_vbs_aqchem.f90
rm -f module_sorgam_vbs_aqchem.G module_sorgam_vbs_aqchem.bb
time mpif90 -f90=ifort -o module_sorgam_vbs_aqchem.o -c -O3 -ip -fp-model precise -w -ftz -align all -fno-alias -FR -convert big_endian    -I../dyn_em  -I/home/onishi/WRF/external/esmf_time_f90  -I/home/onishi/WRF/main -I/home/onishi/WRF/external/io_netcdf -I/home/onishi/WRF/external/io_int -I/home/onishi/WRF/frame -I/home/onishi/WRF/share -I/home/onishi/WRF/phys -I/home/onishi/WRF/wrftladj -I/home/onishi/WRF/chem -I/home/onishi/WRF/inc -I/home/onishi/NETCDF_DIR2//include  -real-size `expr 8 \* 4` -i4  module_sorgam_vbs_aqchem.f90
0.23user 0.07system 0:00.34elapsed 89%CPU (0avgtext+0avgdata 64580maxresident)k
32inputs+1176outputs (0major+12001minor)pagefaults 0swaps
rm -f module_aerosols_sorgam_vbs.o
sed -e "s/^\!.*'.*//" -e "s/^ *\!.*'.*//" module_aerosols_sorgam_vbs.F > module_aerosols_sorgam_vbs.G
/lib/cpp -P -nostdinc -I/home/onishi/WRF/external/ioapi_share -I/home/onishi/WRF/inc -DEM_CORE=1 -DNMM_CORE=0 -DNMM_MAX_DIM=2600 -DDA_CORE=0 -DWRFPLUS=0 -DIWORDSIZE=4 -DDWORDSIZE=8 -DRWORDSIZE=4 -DLWORDSIZE=4 -DNONSTANDARD_SYSTEM_FUNC  -DWRF_USE_CLM -DUSE_NETCDF4_FEATURES -DWRFIO_NCD_LARGE_FILE_SUPPORT  -DDM_PARALLEL -DNETCDF -DGRIB2 -DHDF5 -DLANDREAD_STUB=1 -DUSE_ALLOCATABLES -Dwrfmodel -DGRIB1 -DINTIO -DKEEP_INT_AROUND -DLIMIT_ARGS -DBUILD_RRTMG_FAST=0 -DBUILD_RRTMK=0 -DBUILD_SBM_FAST=1 -DSHOW_ALL_VARS_USED=0 -DCONFIG_BUF_LEN=65536 -DMAX_DOMAINS_F=21 -DMAX_HISTORY=25 -DNMM_NEST=0 -DWRF_CHEM -DBUILD_CHEM=1 -DWRF_KPP -I. -traditional-cpp -DUSE_NETCDF4_FEATURES -DWRFIO_NCD_LARGE_FILE_SUPPORT   module_aerosols_sorgam_vbs.G  > module_aerosols_sorgam_vbs.bb
/home/onishi/WRF/tools/standard.exe module_aerosols_sorgam_vbs.bb | /lib/cpp -P -nostdinc -I/home/onishi/WRF/external/ioapi_share -traditional-cpp -DUSE_NETCDF4_FEATURES -DWRFIO_NCD_LARGE_FILE_SUPPORT > module_aerosols_sorgam_vbs.f90
rm -f module_aerosols_sorgam_vbs.G module_aerosols_sorgam_vbs.bb
time mpif90 -f90=ifort -o module_aerosols_sorgam_vbs.o -c -O3 -ip -fp-model precise -w -ftz -align all -fno-alias -FR -convert big_endian    -I../dyn_em  -I/home/onishi/WRF/external/esmf_time_f90  -I/home/onishi/WRF/main -I/home/onishi/WRF/external/io_netcdf -I/home/onishi/WRF/external/io_int -I/home/onishi/WRF/frame -I/home/onishi/WRF/share -I/home/onishi/WRF/phys -I/home/onishi/WRF/wrftladj -I/home/onishi/WRF/chem -I/home/onishi/WRF/inc -I/home/onishi/NETCDF_DIR2//include  -real-size `expr 8 \* 4` -i4  module_aerosols_sorgam_vbs.f90
5.59user 0.23system 0:05.86elapsed 99%CPU (0avgtext+0avgdata 149064maxresident)k
3896inputs+7744outputs (0major+44770minor)pagefaults 0swaps
rm -f module_bioemi_megan2.o
sed -e "s/^\!.*'.*//" -e "s/^ *\!.*'.*//" module_bioemi_megan2.F > module_bioemi_megan2.G
/lib/cpp -P -nostdinc -I/home/onishi/WRF/external/ioapi_share -I/home/onishi/WRF/inc -DEM_CORE=1 -DNMM_CORE=0 -DNMM_MAX_DIM=2600 -DDA_CORE=0 -DWRFPLUS=0 -DIWORDSIZE=4 -DDWORDSIZE=8 -DRWORDSIZE=4 -DLWORDSIZE=4 -DNONSTANDARD_SYSTEM_FUNC  -DWRF_USE_CLM -DUSE_NETCDF4_FEATURES -DWRFIO_NCD_LARGE_FILE_SUPPORT  -DDM_PARALLEL -DNETCDF -DGRIB2 -DHDF5 -DLANDREAD_STUB=1 -DUSE_ALLOCATABLES -Dwrfmodel -DGRIB1 -DINTIO -DKEEP_INT_AROUND -DLIMIT_ARGS -DBUILD_RRTMG_FAST=0 -DBUILD_RRTMK=0 -DBUILD_SBM_FAST=1 -DSHOW_ALL_VARS_USED=0 -DCONFIG_BUF_LEN=65536 -DMAX_DOMAINS_F=21 -DMAX_HISTORY=25 -DNMM_NEST=0 -DWRF_CHEM -DBUILD_CHEM=1 -DWRF_KPP -I. -traditional-cpp -DUSE_NETCDF4_FEATURES -DWRFIO_NCD_LARGE_FILE_SUPPORT   module_bioemi_megan2.G  > module_bioemi_megan2.bb
/home/onishi/WRF/tools/standard.exe module_bioemi_megan2.bb | /lib/cpp -P -nostdinc -I/home/onishi/WRF/external/ioapi_share -traditional-cpp -DUSE_NETCDF4_FEATURES -DWRFIO_NCD_LARGE_FILE_SUPPORT > module_bioemi_megan2.f90
rm -f module_bioemi_megan2.G module_bioemi_megan2.bb
time mpif90 -f90=ifort -o module_bioemi_megan2.o -c -O3 -ip -fp-model precise -w -ftz -align all -fno-alias -FR -convert big_endian    -I../dyn_em  -I/home/onishi/WRF/external/esmf_time_f90  -I/home/onishi/WRF/main -I/home/onishi/WRF/external/io_netcdf -I/home/onishi/WRF/external/io_int -I/home/onishi/WRF/frame -I/home/onishi/WRF/share -I/home/onishi/WRF/phys -I/home/onishi/WRF/wrftladj -I/home/onishi/WRF/chem -I/home/onishi/WRF/inc -I/home/onishi/NETCDF_DIR2//include  -real-size `expr 8 \* 4` -i4  module_bioemi_megan2.f90
3.69user 0.21system 0:03.94elapsed 99%CPU (0avgtext+0avgdata 233220maxresident)k
256inputs+2432outputs (0major+64403minor)pagefaults 0swaps
rm -f module_bioemi_simple.o
sed -e "s/^\!.*'.*//" -e "s/^ *\!.*'.*//" module_bioemi_simple.F > module_bioemi_simple.G
/lib/cpp -P -nostdinc -I/home/onishi/WRF/external/ioapi_share -I/home/onishi/WRF/inc -DEM_CORE=1 -DNMM_CORE=0 -DNMM_MAX_DIM=2600 -DDA_CORE=0 -DWRFPLUS=0 -DIWORDSIZE=4 -DDWORDSIZE=8 -DRWORDSIZE=4 -DLWORDSIZE=4 -DNONSTANDARD_SYSTEM_FUNC  -DWRF_USE_CLM -DUSE_NETCDF4_FEATURES -DWRFIO_NCD_LARGE_FILE_SUPPORT  -DDM_PARALLEL -DNETCDF -DGRIB2 -DHDF5 -DLANDREAD_STUB=1 -DUSE_ALLOCATABLES -Dwrfmodel -DGRIB1 -DINTIO -DKEEP_INT_AROUND -DLIMIT_ARGS -DBUILD_RRTMG_FAST=0 -DBUILD_RRTMK=0 -DBUILD_SBM_FAST=1 -DSHOW_ALL_VARS_USED=0 -DCONFIG_BUF_LEN=65536 -DMAX_DOMAINS_F=21 -DMAX_HISTORY=25 -DNMM_NEST=0 -DWRF_CHEM -DBUILD_CHEM=1 -DWRF_KPP -I. -traditional-cpp -DUSE_NETCDF4_FEATURES -DWRFIO_NCD_LARGE_FILE_SUPPORT   module_bioemi_simple.G  > module_bioemi_simple.bb
/home/onishi/WRF/tools/standard.exe module_bioemi_simple.bb | /lib/cpp -P -nostdinc -I/home/onishi/WRF/external/ioapi_share -traditional-cpp -DUSE_NETCDF4_FEATURES -DWRFIO_NCD_LARGE_FILE_SUPPORT > module_bioemi_simple.f90
rm -f module_bioemi_simple.G module_bioemi_simple.bb
time mpif90 -f90=ifort -o module_bioemi_simple.o -c -O3 -ip -fp-model precise -w -ftz -align all -fno-alias -FR -convert big_endian    -I../dyn_em  -I/home/onishi/WRF/external/esmf_time_f90  -I/home/onishi/WRF/main -I/home/onishi/WRF/external/io_netcdf -I/home/onishi/WRF/external/io_int -I/home/onishi/WRF/frame -I/home/onishi/WRF/share -I/home/onishi/WRF/phys -I/home/onishi/WRF/wrftladj -I/home/onishi/WRF/chem -I/home/onishi/WRF/inc -I/home/onishi/NETCDF_DIR2//include  -real-size `expr 8 \* 4` -i4  module_bioemi_simple.f90
0.38user 0.08system 0:00.50elapsed 93%CPU (0avgtext+0avgdata 70136maxresident)k
48inputs+2024outputs (0major+13530minor)pagefaults 0swaps
rm -f module_cbm4_initmixrats.o
sed -e "s/^\!.*'.*//" -e "s/^ *\!.*'.*//" module_cbm4_initmixrats.F > module_cbm4_initmixrats.G
/lib/cpp -P -nostdinc -I/home/onishi/WRF/external/ioapi_share -I/home/onishi/WRF/inc -DEM_CORE=1 -DNMM_CORE=0 -DNMM_MAX_DIM=2600 -DDA_CORE=0 -DWRFPLUS=0 -DIWORDSIZE=4 -DDWORDSIZE=8 -DRWORDSIZE=4 -DLWORDSIZE=4 -DNONSTANDARD_SYSTEM_FUNC  -DWRF_USE_CLM -DUSE_NETCDF4_FEATURES -DWRFIO_NCD_LARGE_FILE_SUPPORT  -DDM_PARALLEL -DNETCDF -DGRIB2 -DHDF5 -DLANDREAD_STUB=1 -DUSE_ALLOCATABLES -Dwrfmodel -DGRIB1 -DINTIO -DKEEP_INT_AROUND -DLIMIT_ARGS -DBUILD_RRTMG_FAST=0 -DBUILD_RRTMK=0 -DBUILD_SBM_FAST=1 -DSHOW_ALL_VARS_USED=0 -DCONFIG_BUF_LEN=65536 -DMAX_DOMAINS_F=21 -DMAX_HISTORY=25 -DNMM_NEST=0 -DWRF_CHEM -DBUILD_CHEM=1 -DWRF_KPP -I. -traditional-cpp -DUSE_NETCDF4_FEATURES -DWRFIO_NCD_LARGE_FILE_SUPPORT   module_cbm4_initmixrats.G  > module_cbm4_initmixrats.bb
/home/onishi/WRF/tools/standard.exe module_cbm4_initmixrats.bb | /lib/cpp -P -nostdinc -I/home/onishi/WRF/external/ioapi_share -traditional-cpp -DUSE_NETCDF4_FEATURES -DWRFIO_NCD_LARGE_FILE_SUPPORT > module_cbm4_initmixrats.f90
rm -f module_cbm4_initmixrats.G module_cbm4_initmixrats.bb
time mpif90 -f90=ifort -o module_cbm4_initmixrats.o -c -O3 -ip -fp-model precise -w -ftz -align all -fno-alias -FR -convert big_endian    -I../dyn_em  -I/home/onishi/WRF/external/esmf_time_f90  -I/home/onishi/WRF/main -I/home/onishi/WRF/external/io_netcdf -I/home/onishi/WRF/external/io_int -I/home/onishi/WRF/frame -I/home/onishi/WRF/share -I/home/onishi/WRF/phys -I/home/onishi/WRF/wrftladj -I/home/onishi/WRF/chem -I/home/onishi/WRF/inc -I/home/onishi/NETCDF_DIR2//include  -real-size `expr 8 \* 4` -i4  module_cbm4_initmixrats.f90
0.51user 0.13system 0:00.68elapsed 94%CPU (0avgtext+0avgdata 102732maxresident)k
4840inputs+1016outputs (0major+22442minor)pagefaults 0swaps
rm -f module_cb05_initmixrats.o
sed -e "s/^\!.*'.*//" -e "s/^ *\!.*'.*//" module_cb05_initmixrats.F > module_cb05_initmixrats.G
/lib/cpp -P -nostdinc -I/home/onishi/WRF/external/ioapi_share -I/home/onishi/WRF/inc -DEM_CORE=1 -DNMM_CORE=0 -DNMM_MAX_DIM=2600 -DDA_CORE=0 -DWRFPLUS=0 -DIWORDSIZE=4 -DDWORDSIZE=8 -DRWORDSIZE=4 -DLWORDSIZE=4 -DNONSTANDARD_SYSTEM_FUNC  -DWRF_USE_CLM -DUSE_NETCDF4_FEATURES -DWRFIO_NCD_LARGE_FILE_SUPPORT  -DDM_PARALLEL -DNETCDF -DGRIB2 -DHDF5 -DLANDREAD_STUB=1 -DUSE_ALLOCATABLES -Dwrfmodel -DGRIB1 -DINTIO -DKEEP_INT_AROUND -DLIMIT_ARGS -DBUILD_RRTMG_FAST=0 -DBUILD_RRTMK=0 -DBUILD_SBM_FAST=1 -DSHOW_ALL_VARS_USED=0 -DCONFIG_BUF_LEN=65536 -DMAX_DOMAINS_F=21 -DMAX_HISTORY=25 -DNMM_NEST=0 -DWRF_CHEM -DBUILD_CHEM=1 -DWRF_KPP -I. -traditional-cpp -DUSE_NETCDF4_FEATURES -DWRFIO_NCD_LARGE_FILE_SUPPORT   module_cb05_initmixrats.G  > module_cb05_initmixrats.bb
/home/onishi/WRF/tools/standard.exe module_cb05_initmixrats.bb | /lib/cpp -P -nostdinc -I/home/onishi/WRF/external/ioapi_share -traditional-cpp -DUSE_NETCDF4_FEATURES -DWRFIO_NCD_LARGE_FILE_SUPPORT > module_cb05_initmixrats.f90
rm -f module_cb05_initmixrats.G module_cb05_initmixrats.bb
time mpif90 -f90=ifort -o module_cb05_initmixrats.o -c -O3 -ip -fp-model precise -w -ftz -align all -fno-alias -FR -convert big_endian    -I../dyn_em  -I/home/onishi/WRF/external/esmf_time_f90  -I/home/onishi/WRF/main -I/home/onishi/WRF/external/io_netcdf -I/home/onishi/WRF/external/io_int -I/home/onishi/WRF/frame -I/home/onishi/WRF/share -I/home/onishi/WRF/phys -I/home/onishi/WRF/wrftladj -I/home/onishi/WRF/chem -I/home/onishi/WRF/inc -I/home/onishi/NETCDF_DIR2//include  -real-size `expr 8 \* 4` -i4  module_cb05_initmixrats.f90
0.16user 0.11system 0:00.29elapsed 96%CPU (0avgtext+0avgdata 89968maxresident)k
56inputs+440outputs (0major+19591minor)pagefaults 0swaps
rm -f module_cb05_vbs_initmixrats.o
sed -e "s/^\!.*'.*//" -e "s/^ *\!.*'.*//" module_cb05_vbs_initmixrats.F > module_cb05_vbs_initmixrats.G
/lib/cpp -P -nostdinc -I/home/onishi/WRF/external/ioapi_share -I/home/onishi/WRF/inc -DEM_CORE=1 -DNMM_CORE=0 -DNMM_MAX_DIM=2600 -DDA_CORE=0 -DWRFPLUS=0 -DIWORDSIZE=4 -DDWORDSIZE=8 -DRWORDSIZE=4 -DLWORDSIZE=4 -DNONSTANDARD_SYSTEM_FUNC  -DWRF_USE_CLM -DUSE_NETCDF4_FEATURES -DWRFIO_NCD_LARGE_FILE_SUPPORT  -DDM_PARALLEL -DNETCDF -DGRIB2 -DHDF5 -DLANDREAD_STUB=1 -DUSE_ALLOCATABLES -Dwrfmodel -DGRIB1 -DINTIO -DKEEP_INT_AROUND -DLIMIT_ARGS -DBUILD_RRTMG_FAST=0 -DBUILD_RRTMK=0 -DBUILD_SBM_FAST=1 -DSHOW_ALL_VARS_USED=0 -DCONFIG_BUF_LEN=65536 -DMAX_DOMAINS_F=21 -DMAX_HISTORY=25 -DNMM_NEST=0 -DWRF_CHEM -DBUILD_CHEM=1 -DWRF_KPP -I. -traditional-cpp -DUSE_NETCDF4_FEATURES -DWRFIO_NCD_LARGE_FILE_SUPPORT   module_cb05_vbs_initmixrats.G  > module_cb05_vbs_initmixrats.bb
/home/onishi/WRF/tools/standard.exe module_cb05_vbs_initmixrats.bb | /lib/cpp -P -nostdinc -I/home/onishi/WRF/external/ioapi_share -traditional-cpp -DUSE_NETCDF4_FEATURES -DWRFIO_NCD_LARGE_FILE_SUPPORT > module_cb05_vbs_initmixrats.f90
rm -f module_cb05_vbs_initmixrats.G module_cb05_vbs_initmixrats.bb
time mpif90 -f90=ifort -o module_cb05_vbs_initmixrats.o -c -O3 -ip -fp-model precise -w -ftz -align all -fno-alias -FR -convert big_endian    -I../dyn_em  -I/home/onishi/WRF/external/esmf_time_f90  -I/home/onishi/WRF/main -I/home/onishi/WRF/external/io_netcdf -I/home/onishi/WRF/external/io_int -I/home/onishi/WRF/frame -I/home/onishi/WRF/share -I/home/onishi/WRF/phys -I/home/onishi/WRF/wrftladj -I/home/onishi/WRF/chem -I/home/onishi/WRF/inc -I/home/onishi/NETCDF_DIR2//include  -real-size `expr 8 \* 4` -i4  module_cb05_vbs_initmixrats.f90
0.18user 0.10system 0:00.31elapsed 91%CPU (0avgtext+0avgdata 90948maxresident)k
56inputs+472outputs (0major+20005minor)pagefaults 0swaps
rm -f module_cbmz_rodas_prep.o
sed -e "s/^\!.*'.*//" -e "s/^ *\!.*'.*//" module_cbmz_rodas_prep.F > module_cbmz_rodas_prep.G
/lib/cpp -P -nostdinc -I/home/onishi/WRF/external/ioapi_share -I/home/onishi/WRF/inc -DEM_CORE=1 -DNMM_CORE=0 -DNMM_MAX_DIM=2600 -DDA_CORE=0 -DWRFPLUS=0 -DIWORDSIZE=4 -DDWORDSIZE=8 -DRWORDSIZE=4 -DLWORDSIZE=4 -DNONSTANDARD_SYSTEM_FUNC  -DWRF_USE_CLM -DUSE_NETCDF4_FEATURES -DWRFIO_NCD_LARGE_FILE_SUPPORT  -DDM_PARALLEL -DNETCDF -DGRIB2 -DHDF5 -DLANDREAD_STUB=1 -DUSE_ALLOCATABLES -Dwrfmodel -DGRIB1 -DINTIO -DKEEP_INT_AROUND -DLIMIT_ARGS -DBUILD_RRTMG_FAST=0 -DBUILD_RRTMK=0 -DBUILD_SBM_FAST=1 -DSHOW_ALL_VARS_USED=0 -DCONFIG_BUF_LEN=65536 -DMAX_DOMAINS_F=21 -DMAX_HISTORY=25 -DNMM_NEST=0 -DWRF_CHEM -DBUILD_CHEM=1 -DWRF_KPP -I. -traditional-cpp -DUSE_NETCDF4_FEATURES -DWRFIO_NCD_LARGE_FILE_SUPPORT   module_cbmz_rodas_prep.G  > module_cbmz_rodas_prep.bb
/home/onishi/WRF/tools/standard.exe module_cbmz_rodas_prep.bb | /lib/cpp -P -nostdinc -I/home/onishi/WRF/external/ioapi_share -traditional-cpp -DUSE_NETCDF4_FEATURES -DWRFIO_NCD_LARGE_FILE_SUPPORT > module_cbmz_rodas_prep.f90
rm -f module_cbmz_rodas_prep.G module_cbmz_rodas_prep.bb
time mpif90 -f90=ifort -o module_cbmz_rodas_prep.o -c -O3 -ip -fp-model precise -w -ftz -align all -fno-alias -FR -convert big_endian    -I../dyn_em  -I/home/onishi/WRF/external/esmf_time_f90  -I/home/onishi/WRF/main -I/home/onishi/WRF/external/io_netcdf -I/home/onishi/WRF/external/io_int -I/home/onishi/WRF/frame -I/home/onishi/WRF/share -I/home/onishi/WRF/phys -I/home/onishi/WRF/wrftladj -I/home/onishi/WRF/chem -I/home/onishi/WRF/inc -I/home/onishi/NETCDF_DIR2//include  -real-size `expr 8 \* 4` -i4  module_cbmz_rodas_prep.f90
5.41user 0.20system 0:05.63elapsed 99%CPU (0avgtext+0avgdata 136256maxresident)k
816inputs+9752outputs (0major+52310minor)pagefaults 0swaps
rm -f module_cbmz.o
sed -e "s/^\!.*'.*//" -e "s/^ *\!.*'.*//" module_cbmz.F > module_cbmz.G
/lib/cpp -P -nostdinc -I/home/onishi/WRF/external/ioapi_share -I/home/onishi/WRF/inc -DEM_CORE=1 -DNMM_CORE=0 -DNMM_MAX_DIM=2600 -DDA_CORE=0 -DWRFPLUS=0 -DIWORDSIZE=4 -DDWORDSIZE=8 -DRWORDSIZE=4 -DLWORDSIZE=4 -DNONSTANDARD_SYSTEM_FUNC  -DWRF_USE_CLM -DUSE_NETCDF4_FEATURES -DWRFIO_NCD_LARGE_FILE_SUPPORT  -DDM_PARALLEL -DNETCDF -DGRIB2 -DHDF5 -DLANDREAD_STUB=1 -DUSE_ALLOCATABLES -Dwrfmodel -DGRIB1 -DINTIO -DKEEP_INT_AROUND -DLIMIT_ARGS -DBUILD_RRTMG_FAST=0 -DBUILD_RRTMK=0 -DBUILD_SBM_FAST=1 -DSHOW_ALL_VARS_USED=0 -DCONFIG_BUF_LEN=65536 -DMAX_DOMAINS_F=21 -DMAX_HISTORY=25 -DNMM_NEST=0 -DWRF_CHEM -DBUILD_CHEM=1 -DWRF_KPP -I. -traditional-cpp -DUSE_NETCDF4_FEATURES -DWRFIO_NCD_LARGE_FILE_SUPPORT   module_cbmz.G  > module_cbmz.bb
/home/onishi/WRF/tools/standard.exe module_cbmz.bb | /lib/cpp -P -nostdinc -I/home/onishi/WRF/external/ioapi_share -traditional-cpp -DUSE_NETCDF4_FEATURES -DWRFIO_NCD_LARGE_FILE_SUPPORT > module_cbmz.f90
rm -f module_cbmz.G module_cbmz.bb
time mpif90 -f90=ifort -o module_cbmz.o -c -O3 -ip -fp-model precise -w -ftz -align all -fno-alias -FR -convert big_endian    -I../dyn_em  -I/home/onishi/WRF/external/esmf_time_f90  -I/home/onishi/WRF/main -I/home/onishi/WRF/external/io_netcdf -I/home/onishi/WRF/external/io_int -I/home/onishi/WRF/frame -I/home/onishi/WRF/share -I/home/onishi/WRF/phys -I/home/onishi/WRF/wrftladj -I/home/onishi/WRF/chem -I/home/onishi/WRF/inc -I/home/onishi/NETCDF_DIR2//include  -real-size `expr 8 \* 4` -i4  module_cbmz.f90
1.36user 0.10system 0:01.50elapsed 97%CPU (0avgtext+0avgdata 78512maxresident)k
536inputs+3320outputs (0major+18777minor)pagefaults 0swaps
rm -f module_cbmz_initmixrats.o
sed -e "s/^\!.*'.*//" -e "s/^ *\!.*'.*//" module_cbmz_initmixrats.F > module_cbmz_initmixrats.G
/lib/cpp -P -nostdinc -I/home/onishi/WRF/external/ioapi_share -I/home/onishi/WRF/inc -DEM_CORE=1 -DNMM_CORE=0 -DNMM_MAX_DIM=2600 -DDA_CORE=0 -DWRFPLUS=0 -DIWORDSIZE=4 -DDWORDSIZE=8 -DRWORDSIZE=4 -DLWORDSIZE=4 -DNONSTANDARD_SYSTEM_FUNC  -DWRF_USE_CLM -DUSE_NETCDF4_FEATURES -DWRFIO_NCD_LARGE_FILE_SUPPORT  -DDM_PARALLEL -DNETCDF -DGRIB2 -DHDF5 -DLANDREAD_STUB=1 -DUSE_ALLOCATABLES -Dwrfmodel -DGRIB1 -DINTIO -DKEEP_INT_AROUND -DLIMIT_ARGS -DBUILD_RRTMG_FAST=0 -DBUILD_RRTMK=0 -DBUILD_SBM_FAST=1 -DSHOW_ALL_VARS_USED=0 -DCONFIG_BUF_LEN=65536 -DMAX_DOMAINS_F=21 -DMAX_HISTORY=25 -DNMM_NEST=0 -DWRF_CHEM -DBUILD_CHEM=1 -DWRF_KPP -I. -traditional-cpp -DUSE_NETCDF4_FEATURES -DWRFIO_NCD_LARGE_FILE_SUPPORT   module_cbmz_initmixrats.G  > module_cbmz_initmixrats.bb
/home/onishi/WRF/tools/standard.exe module_cbmz_initmixrats.bb | /lib/cpp -P -nostdinc -I/home/onishi/WRF/external/ioapi_share -traditional-cpp -DUSE_NETCDF4_FEATURES -DWRFIO_NCD_LARGE_FILE_SUPPORT > module_cbmz_initmixrats.f90
rm -f module_cbmz_initmixrats.G module_cbmz_initmixrats.bb
time mpif90 -f90=ifort -o module_cbmz_initmixrats.o -c -O3 -ip -fp-model precise -w -ftz -align all -fno-alias -FR -convert big_endian    -I../dyn_em  -I/home/onishi/WRF/external/esmf_time_f90  -I/home/onishi/WRF/main -I/home/onishi/WRF/external/io_netcdf -I/home/onishi/WRF/external/io_int -I/home/onishi/WRF/frame -I/home/onishi/WRF/share -I/home/onishi/WRF/phys -I/home/onishi/WRF/wrftladj -I/home/onishi/WRF/chem -I/home/onishi/WRF/inc -I/home/onishi/NETCDF_DIR2//include  -real-size `expr 8 \* 4` -i4  module_cbmz_initmixrats.f90
0.55user 0.10system 0:00.69elapsed 95%CPU (0avgtext+0avgdata 103436maxresident)k
8inputs+1000outputs (0major+22346minor)pagefaults 0swaps
rm -f module_ctrans_grell.o
sed -e "s/^\!.*'.*//" -e "s/^ *\!.*'.*//" module_ctrans_grell.F > module_ctrans_grell.G
/lib/cpp -P -nostdinc -I/home/onishi/WRF/external/ioapi_share -I/home/onishi/WRF/inc -DEM_CORE=1 -DNMM_CORE=0 -DNMM_MAX_DIM=2600 -DDA_CORE=0 -DWRFPLUS=0 -DIWORDSIZE=4 -DDWORDSIZE=8 -DRWORDSIZE=4 -DLWORDSIZE=4 -DNONSTANDARD_SYSTEM_FUNC  -DWRF_USE_CLM -DUSE_NETCDF4_FEATURES -DWRFIO_NCD_LARGE_FILE_SUPPORT  -DDM_PARALLEL -DNETCDF -DGRIB2 -DHDF5 -DLANDREAD_STUB=1 -DUSE_ALLOCATABLES -Dwrfmodel -DGRIB1 -DINTIO -DKEEP_INT_AROUND -DLIMIT_ARGS -DBUILD_RRTMG_FAST=0 -DBUILD_RRTMK=0 -DBUILD_SBM_FAST=1 -DSHOW_ALL_VARS_USED=0 -DCONFIG_BUF_LEN=65536 -DMAX_DOMAINS_F=21 -DMAX_HISTORY=25 -DNMM_NEST=0 -DWRF_CHEM -DBUILD_CHEM=1 -DWRF_KPP -I. -traditional-cpp -DUSE_NETCDF4_FEATURES -DWRFIO_NCD_LARGE_FILE_SUPPORT   module_ctrans_grell.G  > module_ctrans_grell.bb
/home/onishi/WRF/tools/standard.exe module_ctrans_grell.bb | /lib/cpp -P -nostdinc -I/home/onishi/WRF/external/ioapi_share -traditional-cpp -DUSE_NETCDF4_FEATURES -DWRFIO_NCD_LARGE_FILE_SUPPORT > module_ctrans_grell.f90
rm -f module_ctrans_grell.G module_ctrans_grell.bb
time mpif90 -f90=ifort -o module_ctrans_grell.o -c -O3 -ip -fp-model precise -w -ftz -align all -fno-alias -FR -convert big_endian    -I../dyn_em  -I/home/onishi/WRF/external/esmf_time_f90  -I/home/onishi/WRF/main -I/home/onishi/WRF/external/io_netcdf -I/home/onishi/WRF/external/io_int -I/home/onishi/WRF/frame -I/home/onishi/WRF/share -I/home/onishi/WRF/phys -I/home/onishi/WRF/wrftladj -I/home/onishi/WRF/chem -I/home/onishi/WRF/inc -I/home/onishi/NETCDF_DIR2//include  -real-size `expr 8 \* 4` -i4  module_ctrans_grell.f90
5.42user 0.17system 0:05.63elapsed 99%CPU (0avgtext+0avgdata 179884maxresident)k
160inputs+2328outputs (0major+47564minor)pagefaults 0swaps
rm -f module_gocart_chem.o
sed -e "s/^\!.*'.*//" -e "s/^ *\!.*'.*//" module_gocart_chem.F > module_gocart_chem.G
/lib/cpp -P -nostdinc -I/home/onishi/WRF/external/ioapi_share -I/home/onishi/WRF/inc -DEM_CORE=1 -DNMM_CORE=0 -DNMM_MAX_DIM=2600 -DDA_CORE=0 -DWRFPLUS=0 -DIWORDSIZE=4 -DDWORDSIZE=8 -DRWORDSIZE=4 -DLWORDSIZE=4 -DNONSTANDARD_SYSTEM_FUNC  -DWRF_USE_CLM -DUSE_NETCDF4_FEATURES -DWRFIO_NCD_LARGE_FILE_SUPPORT  -DDM_PARALLEL -DNETCDF -DGRIB2 -DHDF5 -DLANDREAD_STUB=1 -DUSE_ALLOCATABLES -Dwrfmodel -DGRIB1 -DINTIO -DKEEP_INT_AROUND -DLIMIT_ARGS -DBUILD_RRTMG_FAST=0 -DBUILD_RRTMK=0 -DBUILD_SBM_FAST=1 -DSHOW_ALL_VARS_USED=0 -DCONFIG_BUF_LEN=65536 -DMAX_DOMAINS_F=21 -DMAX_HISTORY=25 -DNMM_NEST=0 -DWRF_CHEM -DBUILD_CHEM=1 -DWRF_KPP -I. -traditional-cpp -DUSE_NETCDF4_FEATURES -DWRFIO_NCD_LARGE_FILE_SUPPORT   module_gocart_chem.G  > module_gocart_chem.bb
/home/onishi/WRF/tools/standard.exe module_gocart_chem.bb | /lib/cpp -P -nostdinc -I/home/onishi/WRF/external/ioapi_share -traditional-cpp -DUSE_NETCDF4_FEATURES -DWRFIO_NCD_LARGE_FILE_SUPPORT > module_gocart_chem.f90
rm -f module_gocart_chem.G module_gocart_chem.bb
time mpif90 -f90=ifort -o module_gocart_chem.o -c -O3 -ip -fp-model precise -w -ftz -align all -fno-alias -FR -convert big_endian    -I../dyn_em  -I/home/onishi/WRF/external/esmf_time_f90  -I/home/onishi/WRF/main -I/home/onishi/WRF/external/io_netcdf -I/home/onishi/WRF/external/io_int -I/home/onishi/WRF/frame -I/home/onishi/WRF/share -I/home/onishi/WRF/phys -I/home/onishi/WRF/wrftladj -I/home/onishi/WRF/chem -I/home/onishi/WRF/inc -I/home/onishi/NETCDF_DIR2//include  -real-size `expr 8 \* 4` -i4  module_gocart_chem.f90
0.35user 0.08system 0:00.47elapsed 92%CPU (0avgtext+0avgdata 65360maxresident)k
1032inputs+1360outputs (0major+12917minor)pagefaults 0swaps
rm -f module_input_tracer.o
sed -e "s/^\!.*'.*//" -e "s/^ *\!.*'.*//" module_input_tracer.F > module_input_tracer.G
/lib/cpp -P -nostdinc -I/home/onishi/WRF/external/ioapi_share -I/home/onishi/WRF/inc -DEM_CORE=1 -DNMM_CORE=0 -DNMM_MAX_DIM=2600 -DDA_CORE=0 -DWRFPLUS=0 -DIWORDSIZE=4 -DDWORDSIZE=8 -DRWORDSIZE=4 -DLWORDSIZE=4 -DNONSTANDARD_SYSTEM_FUNC  -DWRF_USE_CLM -DUSE_NETCDF4_FEATURES -DWRFIO_NCD_LARGE_FILE_SUPPORT  -DDM_PARALLEL -DNETCDF -DGRIB2 -DHDF5 -DLANDREAD_STUB=1 -DUSE_ALLOCATABLES -Dwrfmodel -DGRIB1 -DINTIO -DKEEP_INT_AROUND -DLIMIT_ARGS -DBUILD_RRTMG_FAST=0 -DBUILD_RRTMK=0 -DBUILD_SBM_FAST=1 -DSHOW_ALL_VARS_USED=0 -DCONFIG_BUF_LEN=65536 -DMAX_DOMAINS_F=21 -DMAX_HISTORY=25 -DNMM_NEST=0 -DWRF_CHEM -DBUILD_CHEM=1 -DWRF_KPP -I. -traditional-cpp -DUSE_NETCDF4_FEATURES -DWRFIO_NCD_LARGE_FILE_SUPPORT   module_input_tracer.G  > module_input_tracer.bb
/home/onishi/WRF/tools/standard.exe module_input_tracer.bb | /lib/cpp -P -nostdinc -I/home/onishi/WRF/external/ioapi_share -traditional-cpp -DUSE_NETCDF4_FEATURES -DWRFIO_NCD_LARGE_FILE_SUPPORT > module_input_tracer.f90
rm -f module_input_tracer.G module_input_tracer.bb
time mpif90 -f90=ifort -o module_input_tracer.o -c -O3 -ip -fp-model precise -w -ftz -align all -fno-alias -FR -convert big_endian    -I../dyn_em  -I/home/onishi/WRF/external/esmf_time_f90  -I/home/onishi/WRF/main -I/home/onishi/WRF/external/io_netcdf -I/home/onishi/WRF/external/io_int -I/home/onishi/WRF/frame -I/home/onishi/WRF/share -I/home/onishi/WRF/phys -I/home/onishi/WRF/wrftladj -I/home/onishi/WRF/chem -I/home/onishi/WRF/inc -I/home/onishi/NETCDF_DIR2//include  -real-size `expr 8 \* 4` -i4  module_input_tracer.f90
0.30user 0.07system 0:00.40elapsed 93%CPU (0avgtext+0avgdata 61008maxresident)k
32inputs+352outputs (0major+10869minor)pagefaults 0swaps
rm -f module_lightning_nox_ott.o
sed -e "s/^\!.*'.*//" -e "s/^ *\!.*'.*//" module_lightning_nox_ott.F > module_lightning_nox_ott.G
/lib/cpp -P -nostdinc -I/home/onishi/WRF/external/ioapi_share -I/home/onishi/WRF/inc -DEM_CORE=1 -DNMM_CORE=0 -DNMM_MAX_DIM=2600 -DDA_CORE=0 -DWRFPLUS=0 -DIWORDSIZE=4 -DDWORDSIZE=8 -DRWORDSIZE=4 -DLWORDSIZE=4 -DNONSTANDARD_SYSTEM_FUNC  -DWRF_USE_CLM -DUSE_NETCDF4_FEATURES -DWRFIO_NCD_LARGE_FILE_SUPPORT  -DDM_PARALLEL -DNETCDF -DGRIB2 -DHDF5 -DLANDREAD_STUB=1 -DUSE_ALLOCATABLES -Dwrfmodel -DGRIB1 -DINTIO -DKEEP_INT_AROUND -DLIMIT_ARGS -DBUILD_RRTMG_FAST=0 -DBUILD_RRTMK=0 -DBUILD_SBM_FAST=1 -DSHOW_ALL_VARS_USED=0 -DCONFIG_BUF_LEN=65536 -DMAX_DOMAINS_F=21 -DMAX_HISTORY=25 -DNMM_NEST=0 -DWRF_CHEM -DBUILD_CHEM=1 -DWRF_KPP -I. -traditional-cpp -DUSE_NETCDF4_FEATURES -DWRFIO_NCD_LARGE_FILE_SUPPORT   module_lightning_nox_ott.G  > module_lightning_nox_ott.bb
/home/onishi/WRF/tools/standard.exe module_lightning_nox_ott.bb | /lib/cpp -P -nostdinc -I/home/onishi/WRF/external/ioapi_share -traditional-cpp -DUSE_NETCDF4_FEATURES -DWRFIO_NCD_LARGE_FILE_SUPPORT > module_lightning_nox_ott.f90
rm -f module_lightning_nox_ott.G module_lightning_nox_ott.bb
time mpif90 -f90=ifort -o module_lightning_nox_ott.o -c -O3 -ip -fp-model precise -w -ftz -align all -fno-alias -FR -convert big_endian    -I../dyn_em  -I/home/onishi/WRF/external/esmf_time_f90  -I/home/onishi/WRF/main -I/home/onishi/WRF/external/io_netcdf -I/home/onishi/WRF/external/io_int -I/home/onishi/WRF/frame -I/home/onishi/WRF/share -I/home/onishi/WRF/phys -I/home/onishi/WRF/wrftladj -I/home/onishi/WRF/chem -I/home/onishi/WRF/inc -I/home/onishi/NETCDF_DIR2//include  -real-size `expr 8 \* 4` -i4  module_lightning_nox_ott.f90
0.07user 0.05system 0:00.16elapsed 83%CPU (0avgtext+0avgdata 51980maxresident)k
8inputs+160outputs (0major+8720minor)pagefaults 0swaps
rm -f module_lightning_nox_decaria.o
sed -e "s/^\!.*'.*//" -e "s/^ *\!.*'.*//" module_lightning_nox_decaria.F > module_lightning_nox_decaria.G
/lib/cpp -P -nostdinc -I/home/onishi/WRF/external/ioapi_share -I/home/onishi/WRF/inc -DEM_CORE=1 -DNMM_CORE=0 -DNMM_MAX_DIM=2600 -DDA_CORE=0 -DWRFPLUS=0 -DIWORDSIZE=4 -DDWORDSIZE=8 -DRWORDSIZE=4 -DLWORDSIZE=4 -DNONSTANDARD_SYSTEM_FUNC  -DWRF_USE_CLM -DUSE_NETCDF4_FEATURES -DWRFIO_NCD_LARGE_FILE_SUPPORT  -DDM_PARALLEL -DNETCDF -DGRIB2 -DHDF5 -DLANDREAD_STUB=1 -DUSE_ALLOCATABLES -Dwrfmodel -DGRIB1 -DINTIO -DKEEP_INT_AROUND -DLIMIT_ARGS -DBUILD_RRTMG_FAST=0 -DBUILD_RRTMK=0 -DBUILD_SBM_FAST=1 -DSHOW_ALL_VARS_USED=0 -DCONFIG_BUF_LEN=65536 -DMAX_DOMAINS_F=21 -DMAX_HISTORY=25 -DNMM_NEST=0 -DWRF_CHEM -DBUILD_CHEM=1 -DWRF_KPP -I. -traditional-cpp -DUSE_NETCDF4_FEATURES -DWRFIO_NCD_LARGE_FILE_SUPPORT   module_lightning_nox_decaria.G  > module_lightning_nox_decaria.bb
/home/onishi/WRF/tools/standard.exe module_lightning_nox_decaria.bb | /lib/cpp -P -nostdinc -I/home/onishi/WRF/external/ioapi_share -traditional-cpp -DUSE_NETCDF4_FEATURES -DWRFIO_NCD_LARGE_FILE_SUPPORT > module_lightning_nox_decaria.f90
rm -f module_lightning_nox_decaria.G module_lightning_nox_decaria.bb
time mpif90 -f90=ifort -o module_lightning_nox_decaria.o -c -O3 -ip -fp-model precise -w -ftz -align all -fno-alias -FR -convert big_endian    -I../dyn_em  -I/home/onishi/WRF/external/esmf_time_f90  -I/home/onishi/WRF/main -I/home/onishi/WRF/external/io_netcdf -I/home/onishi/WRF/external/io_int -I/home/onishi/WRF/frame -I/home/onishi/WRF/share -I/home/onishi/WRF/phys -I/home/onishi/WRF/wrftladj -I/home/onishi/WRF/chem -I/home/onishi/WRF/inc -I/home/onishi/NETCDF_DIR2//include  -real-size `expr 8 \* 4` -i4  module_lightning_nox_decaria.f90
0.48user 0.08system 0:00.61elapsed 94%CPU (0avgtext+0avgdata 80672maxresident)k
24inputs+392outputs (0major+16811minor)pagefaults 0swaps
rm -f module_lightning_nox_decaria_cup.o
sed -e "s/^\!.*'.*//" -e "s/^ *\!.*'.*//" module_lightning_nox_decaria_cup.F > module_lightning_nox_decaria_cup.G
/lib/cpp -P -nostdinc -I/home/onishi/WRF/external/ioapi_share -I/home/onishi/WRF/inc -DEM_CORE=1 -DNMM_CORE=0 -DNMM_MAX_DIM=2600 -DDA_CORE=0 -DWRFPLUS=0 -DIWORDSIZE=4 -DDWORDSIZE=8 -DRWORDSIZE=4 -DLWORDSIZE=4 -DNONSTANDARD_SYSTEM_FUNC  -DWRF_USE_CLM -DUSE_NETCDF4_FEATURES -DWRFIO_NCD_LARGE_FILE_SUPPORT  -DDM_PARALLEL -DNETCDF -DGRIB2 -DHDF5 -DLANDREAD_STUB=1 -DUSE_ALLOCATABLES -Dwrfmodel -DGRIB1 -DINTIO -DKEEP_INT_AROUND -DLIMIT_ARGS -DBUILD_RRTMG_FAST=0 -DBUILD_RRTMK=0 -DBUILD_SBM_FAST=1 -DSHOW_ALL_VARS_USED=0 -DCONFIG_BUF_LEN=65536 -DMAX_DOMAINS_F=21 -DMAX_HISTORY=25 -DNMM_NEST=0 -DWRF_CHEM -DBUILD_CHEM=1 -DWRF_KPP -I. -traditional-cpp -DUSE_NETCDF4_FEATURES -DWRFIO_NCD_LARGE_FILE_SUPPORT   module_lightning_nox_decaria_cup.G  > module_lightning_nox_decaria_cup.bb
/home/onishi/WRF/tools/standard.exe module_lightning_nox_decaria_cup.bb | /lib/cpp -P -nostdinc -I/home/onishi/WRF/external/ioapi_share -traditional-cpp -DUSE_NETCDF4_FEATURES -DWRFIO_NCD_LARGE_FILE_SUPPORT > module_lightning_nox_decaria_cup.f90
rm -f module_lightning_nox_decaria_cup.G module_lightning_nox_decaria_cup.bb
time mpif90 -f90=ifort -o module_lightning_nox_decaria_cup.o -c -O3 -ip -fp-model precise -w -ftz -align all -fno-alias -FR -convert big_endian    -I../dyn_em  -I/home/onishi/WRF/external/esmf_time_f90  -I/home/onishi/WRF/main -I/home/onishi/WRF/external/io_netcdf -I/home/onishi/WRF/external/io_int -I/home/onishi/WRF/frame -I/home/onishi/WRF/share -I/home/onishi/WRF/phys -I/home/onishi/WRF/wrftladj -I/home/onishi/WRF/chem -I/home/onishi/WRF/inc -I/home/onishi/NETCDF_DIR2//include  -real-size `expr 8 \* 4` -i4  module_lightning_nox_decaria_cup.f90
0.51user 0.12system 0:00.64elapsed 98%CPU (0avgtext+0avgdata 83532maxresident)k
16inputs+280outputs (0major+17359minor)pagefaults 0swaps
rm -f module_lightning_nox_driver.o
sed -e "s/^\!.*'.*//" -e "s/^ *\!.*'.*//" module_lightning_nox_driver.F > module_lightning_nox_driver.G
/lib/cpp -P -nostdinc -I/home/onishi/WRF/external/ioapi_share -I/home/onishi/WRF/inc -DEM_CORE=1 -DNMM_CORE=0 -DNMM_MAX_DIM=2600 -DDA_CORE=0 -DWRFPLUS=0 -DIWORDSIZE=4 -DDWORDSIZE=8 -DRWORDSIZE=4 -DLWORDSIZE=4 -DNONSTANDARD_SYSTEM_FUNC  -DWRF_USE_CLM -DUSE_NETCDF4_FEATURES -DWRFIO_NCD_LARGE_FILE_SUPPORT  -DDM_PARALLEL -DNETCDF -DGRIB2 -DHDF5 -DLANDREAD_STUB=1 -DUSE_ALLOCATABLES -Dwrfmodel -DGRIB1 -DINTIO -DKEEP_INT_AROUND -DLIMIT_ARGS -DBUILD_RRTMG_FAST=0 -DBUILD_RRTMK=0 -DBUILD_SBM_FAST=1 -DSHOW_ALL_VARS_USED=0 -DCONFIG_BUF_LEN=65536 -DMAX_DOMAINS_F=21 -DMAX_HISTORY=25 -DNMM_NEST=0 -DWRF_CHEM -DBUILD_CHEM=1 -DWRF_KPP -I. -traditional-cpp -DUSE_NETCDF4_FEATURES -DWRFIO_NCD_LARGE_FILE_SUPPORT   module_lightning_nox_driver.G  > module_lightning_nox_driver.bb
/home/onishi/WRF/tools/standard.exe module_lightning_nox_driver.bb | /lib/cpp -P -nostdinc -I/home/onishi/WRF/external/ioapi_share -traditional-cpp -DUSE_NETCDF4_FEATURES -DWRFIO_NCD_LARGE_FILE_SUPPORT > module_lightning_nox_driver.f90
rm -f module_lightning_nox_driver.G module_lightning_nox_driver.bb
time mpif90 -f90=ifort -o module_lightning_nox_driver.o -c -O3 -ip -fp-model precise -w -ftz -align all -fno-alias -FR -convert big_endian    -I../dyn_em  -I/home/onishi/WRF/external/esmf_time_f90  -I/home/onishi/WRF/main -I/home/onishi/WRF/external/io_netcdf -I/home/onishi/WRF/external/io_int -I/home/onishi/WRF/frame -I/home/onishi/WRF/share -I/home/onishi/WRF/phys -I/home/onishi/WRF/wrftladj -I/home/onishi/WRF/chem -I/home/onishi/WRF/inc -I/home/onishi/NETCDF_DIR2//include  -real-size `expr 8 \* 4` -i4  module_lightning_nox_driver.f90
0.21user 0.07system 0:00.32elapsed 89%CPU (0avgtext+0avgdata 63416maxresident)k
80inputs+248outputs (0major+11842minor)pagefaults 0swaps
rm -f module_mixactivate_wrappers.o
sed -e "s/^\!.*'.*//" -e "s/^ *\!.*'.*//" module_mixactivate_wrappers.F > module_mixactivate_wrappers.G
/lib/cpp -P -nostdinc -I/home/onishi/WRF/external/ioapi_share -I/home/onishi/WRF/inc -DEM_CORE=1 -DNMM_CORE=0 -DNMM_MAX_DIM=2600 -DDA_CORE=0 -DWRFPLUS=0 -DIWORDSIZE=4 -DDWORDSIZE=8 -DRWORDSIZE=4 -DLWORDSIZE=4 -DNONSTANDARD_SYSTEM_FUNC  -DWRF_USE_CLM -DUSE_NETCDF4_FEATURES -DWRFIO_NCD_LARGE_FILE_SUPPORT  -DDM_PARALLEL -DNETCDF -DGRIB2 -DHDF5 -DLANDREAD_STUB=1 -DUSE_ALLOCATABLES -Dwrfmodel -DGRIB1 -DINTIO -DKEEP_INT_AROUND -DLIMIT_ARGS -DBUILD_RRTMG_FAST=0 -DBUILD_RRTMK=0 -DBUILD_SBM_FAST=1 -DSHOW_ALL_VARS_USED=0 -DCONFIG_BUF_LEN=65536 -DMAX_DOMAINS_F=21 -DMAX_HISTORY=25 -DNMM_NEST=0 -DWRF_CHEM -DBUILD_CHEM=1 -DWRF_KPP -I. -traditional-cpp -DUSE_NETCDF4_FEATURES -DWRFIO_NCD_LARGE_FILE_SUPPORT   module_mixactivate_wrappers.G  > module_mixactivate_wrappers.bb
/home/onishi/WRF/tools/standard.exe module_mixactivate_wrappers.bb | /lib/cpp -P -nostdinc -I/home/onishi/WRF/external/ioapi_share -traditional-cpp -DUSE_NETCDF4_FEATURES -DWRFIO_NCD_LARGE_FILE_SUPPORT > module_mixactivate_wrappers.f90
rm -f module_mixactivate_wrappers.G module_mixactivate_wrappers.bb
time mpif90 -f90=ifort -o module_mixactivate_wrappers.o -c -O3 -ip -fp-model precise -w -ftz -align all -fno-alias -FR -convert big_endian    -I../dyn_em  -I/home/onishi/WRF/external/esmf_time_f90  -I/home/onishi/WRF/main -I/home/onishi/WRF/external/io_netcdf -I/home/onishi/WRF/external/io_int -I/home/onishi/WRF/frame -I/home/onishi/WRF/share -I/home/onishi/WRF/phys -I/home/onishi/WRF/wrftladj -I/home/onishi/WRF/chem -I/home/onishi/WRF/inc -I/home/onishi/NETCDF_DIR2//include  -real-size `expr 8 \* 4` -i4  module_mixactivate_wrappers.f90
1.46user 0.11system 0:01.62elapsed 97%CPU (0avgtext+0avgdata 100280maxresident)k
64inputs+5008outputs (0major+20924minor)pagefaults 0swaps
rm -f module_mosaic2_driver.o
sed -e "s/^\!.*'.*//" -e "s/^ *\!.*'.*//" module_mosaic2_driver.F > module_mosaic2_driver.G
/lib/cpp -P -nostdinc -I/home/onishi/WRF/external/ioapi_share -I/home/onishi/WRF/inc -DEM_CORE=1 -DNMM_CORE=0 -DNMM_MAX_DIM=2600 -DDA_CORE=0 -DWRFPLUS=0 -DIWORDSIZE=4 -DDWORDSIZE=8 -DRWORDSIZE=4 -DLWORDSIZE=4 -DNONSTANDARD_SYSTEM_FUNC  -DWRF_USE_CLM -DUSE_NETCDF4_FEATURES -DWRFIO_NCD_LARGE_FILE_SUPPORT  -DDM_PARALLEL -DNETCDF -DGRIB2 -DHDF5 -DLANDREAD_STUB=1 -DUSE_ALLOCATABLES -Dwrfmodel -DGRIB1 -DINTIO -DKEEP_INT_AROUND -DLIMIT_ARGS -DBUILD_RRTMG_FAST=0 -DBUILD_RRTMK=0 -DBUILD_SBM_FAST=1 -DSHOW_ALL_VARS_USED=0 -DCONFIG_BUF_LEN=65536 -DMAX_DOMAINS_F=21 -DMAX_HISTORY=25 -DNMM_NEST=0 -DWRF_CHEM -DBUILD_CHEM=1 -DWRF_KPP -I. -traditional-cpp -DUSE_NETCDF4_FEATURES -DWRFIO_NCD_LARGE_FILE_SUPPORT   module_mosaic2_driver.G  > module_mosaic2_driver.bb
/home/onishi/WRF/tools/standard.exe module_mosaic2_driver.bb | /lib/cpp -P -nostdinc -I/home/onishi/WRF/external/ioapi_share -traditional-cpp -DUSE_NETCDF4_FEATURES -DWRFIO_NCD_LARGE_FILE_SUPPORT > module_mosaic2_driver.f90
rm -f module_mosaic2_driver.G module_mosaic2_driver.bb
time mpif90 -f90=ifort -o module_mosaic2_driver.o -c -O3 -ip -fp-model precise -w -ftz -align all -fno-alias -FR -convert big_endian    -I../dyn_em  -I/home/onishi/WRF/external/esmf_time_f90  -I/home/onishi/WRF/main -I/home/onishi/WRF/external/io_netcdf -I/home/onishi/WRF/external/io_int -I/home/onishi/WRF/frame -I/home/onishi/WRF/share -I/home/onishi/WRF/phys -I/home/onishi/WRF/wrftladj -I/home/onishi/WRF/chem -I/home/onishi/WRF/inc -I/home/onishi/NETCDF_DIR2//include  -real-size `expr 8 \* 4` -i4  module_mosaic2_driver.f90
4.36user 0.22system 0:04.63elapsed 99%CPU (0avgtext+0avgdata 133652maxresident)k
296inputs+5128outputs (0major+42952minor)pagefaults 0swaps
rm -f module_mosaic_sumpm.o
sed -e "s/^\!.*'.*//" -e "s/^ *\!.*'.*//" module_mosaic_sumpm.F > module_mosaic_sumpm.G
/lib/cpp -P -nostdinc -I/home/onishi/WRF/external/ioapi_share -I/home/onishi/WRF/inc -DEM_CORE=1 -DNMM_CORE=0 -DNMM_MAX_DIM=2600 -DDA_CORE=0 -DWRFPLUS=0 -DIWORDSIZE=4 -DDWORDSIZE=8 -DRWORDSIZE=4 -DLWORDSIZE=4 -DNONSTANDARD_SYSTEM_FUNC  -DWRF_USE_CLM -DUSE_NETCDF4_FEATURES -DWRFIO_NCD_LARGE_FILE_SUPPORT  -DDM_PARALLEL -DNETCDF -DGRIB2 -DHDF5 -DLANDREAD_STUB=1 -DUSE_ALLOCATABLES -Dwrfmodel -DGRIB1 -DINTIO -DKEEP_INT_AROUND -DLIMIT_ARGS -DBUILD_RRTMG_FAST=0 -DBUILD_RRTMK=0 -DBUILD_SBM_FAST=1 -DSHOW_ALL_VARS_USED=0 -DCONFIG_BUF_LEN=65536 -DMAX_DOMAINS_F=21 -DMAX_HISTORY=25 -DNMM_NEST=0 -DWRF_CHEM -DBUILD_CHEM=1 -DWRF_KPP -I. -traditional-cpp -DUSE_NETCDF4_FEATURES -DWRFIO_NCD_LARGE_FILE_SUPPORT   module_mosaic_sumpm.G  > module_mosaic_sumpm.bb
/home/onishi/WRF/tools/standard.exe module_mosaic_sumpm.bb | /lib/cpp -P -nostdinc -I/home/onishi/WRF/external/ioapi_share -traditional-cpp -DUSE_NETCDF4_FEATURES -DWRFIO_NCD_LARGE_FILE_SUPPORT > module_mosaic_sumpm.f90
rm -f module_mosaic_sumpm.G module_mosaic_sumpm.bb
time mpif90 -f90=ifort -o module_mosaic_sumpm.o -c -O3 -ip -fp-model precise -w -ftz -align all -fno-alias -FR -convert big_endian    -I../dyn_em  -I/home/onishi/WRF/external/esmf_time_f90  -I/home/onishi/WRF/main -I/home/onishi/WRF/external/io_netcdf -I/home/onishi/WRF/external/io_int -I/home/onishi/WRF/frame -I/home/onishi/WRF/share -I/home/onishi/WRF/phys -I/home/onishi/WRF/wrftladj -I/home/onishi/WRF/chem -I/home/onishi/WRF/inc -I/home/onishi/NETCDF_DIR2//include  -real-size `expr 8 \* 4` -i4  module_mosaic_sumpm.f90
57.70user 0.46system 0:58.19elapsed 99%CPU (0avgtext+0avgdata 454060maxresident)k
376inputs+7304outputs (0major+125084minor)pagefaults 0swaps
rm -f module_mosaic_driver.o
sed -e "s/^\!.*'.*//" -e "s/^ *\!.*'.*//" module_mosaic_driver.F > module_mosaic_driver.G
/lib/cpp -P -nostdinc -I/home/onishi/WRF/external/ioapi_share -I/home/onishi/WRF/inc -DEM_CORE=1 -DNMM_CORE=0 -DNMM_MAX_DIM=2600 -DDA_CORE=0 -DWRFPLUS=0 -DIWORDSIZE=4 -DDWORDSIZE=8 -DRWORDSIZE=4 -DLWORDSIZE=4 -DNONSTANDARD_SYSTEM_FUNC  -DWRF_USE_CLM -DUSE_NETCDF4_FEATURES -DWRFIO_NCD_LARGE_FILE_SUPPORT  -DDM_PARALLEL -DNETCDF -DGRIB2 -DHDF5 -DLANDREAD_STUB=1 -DUSE_ALLOCATABLES -Dwrfmodel -DGRIB1 -DINTIO -DKEEP_INT_AROUND -DLIMIT_ARGS -DBUILD_RRTMG_FAST=0 -DBUILD_RRTMK=0 -DBUILD_SBM_FAST=1 -DSHOW_ALL_VARS_USED=0 -DCONFIG_BUF_LEN=65536 -DMAX_DOMAINS_F=21 -DMAX_HISTORY=25 -DNMM_NEST=0 -DWRF_CHEM -DBUILD_CHEM=1 -DWRF_KPP -I. -traditional-cpp -DUSE_NETCDF4_FEATURES -DWRFIO_NCD_LARGE_FILE_SUPPORT   module_mosaic_driver.G  > module_mosaic_driver.bb
/home/onishi/WRF/tools/standard.exe module_mosaic_driver.bb | /lib/cpp -P -nostdinc -I/home/onishi/WRF/external/ioapi_share -traditional-cpp -DUSE_NETCDF4_FEATURES -DWRFIO_NCD_LARGE_FILE_SUPPORT > module_mosaic_driver.f90
rm -f module_mosaic_driver.G module_mosaic_driver.bb
time mpif90 -f90=ifort -o module_mosaic_driver.o -c -O3 -ip -fp-model precise -w -ftz -align all -fno-alias -FR -convert big_endian    -I../dyn_em  -I/home/onishi/WRF/external/esmf_time_f90  -I/home/onishi/WRF/main -I/home/onishi/WRF/external/io_netcdf -I/home/onishi/WRF/external/io_int -I/home/onishi/WRF/frame -I/home/onishi/WRF/share -I/home/onishi/WRF/phys -I/home/onishi/WRF/wrftladj -I/home/onishi/WRF/chem -I/home/onishi/WRF/inc -I/home/onishi/NETCDF_DIR2//include  -real-size `expr 8 \* 4` -i4  module_mosaic_driver.f90
35.81user 0.58system 0:36.45elapsed 99%CPU (0avgtext+0avgdata 551020maxresident)k
3632inputs+13472outputs (0major+158648minor)pagefaults 0swaps
rm -f module_optical_averaging.o
sed -e "s/^\!.*'.*//" -e "s/^ *\!.*'.*//" module_optical_averaging.F > module_optical_averaging.G
/lib/cpp -P -nostdinc -I/home/onishi/WRF/external/ioapi_share -I/home/onishi/WRF/inc -DEM_CORE=1 -DNMM_CORE=0 -DNMM_MAX_DIM=2600 -DDA_CORE=0 -DWRFPLUS=0 -DIWORDSIZE=4 -DDWORDSIZE=8 -DRWORDSIZE=4 -DLWORDSIZE=4 -DNONSTANDARD_SYSTEM_FUNC  -DWRF_USE_CLM -DUSE_NETCDF4_FEATURES -DWRFIO_NCD_LARGE_FILE_SUPPORT  -DDM_PARALLEL -DNETCDF -DGRIB2 -DHDF5 -DLANDREAD_STUB=1 -DUSE_ALLOCATABLES -Dwrfmodel -DGRIB1 -DINTIO -DKEEP_INT_AROUND -DLIMIT_ARGS -DBUILD_RRTMG_FAST=0 -DBUILD_RRTMK=0 -DBUILD_SBM_FAST=1 -DSHOW_ALL_VARS_USED=0 -DCONFIG_BUF_LEN=65536 -DMAX_DOMAINS_F=21 -DMAX_HISTORY=25 -DNMM_NEST=0 -DWRF_CHEM -DBUILD_CHEM=1 -DWRF_KPP -I. -traditional-cpp -DUSE_NETCDF4_FEATURES -DWRFIO_NCD_LARGE_FILE_SUPPORT   module_optical_averaging.G  > module_optical_averaging.bb
/home/onishi/WRF/tools/standard.exe module_optical_averaging.bb | /lib/cpp -P -nostdinc -I/home/onishi/WRF/external/ioapi_share -traditional-cpp -DUSE_NETCDF4_FEATURES -DWRFIO_NCD_LARGE_FILE_SUPPORT > module_optical_averaging.f90
rm -f module_optical_averaging.G module_optical_averaging.bb
time mpif90 -f90=ifort -o module_optical_averaging.o -c -O3 -ip -fp-model precise -w -ftz -align all -fno-alias -FR -convert big_endian    -I../dyn_em  -I/home/onishi/WRF/external/esmf_time_f90  -I/home/onishi/WRF/main -I/home/onishi/WRF/external/io_netcdf -I/home/onishi/WRF/external/io_int -I/home/onishi/WRF/frame -I/home/onishi/WRF/share -I/home/onishi/WRF/phys -I/home/onishi/WRF/wrftladj -I/home/onishi/WRF/chem -I/home/onishi/WRF/inc -I/home/onishi/NETCDF_DIR2//include  -real-size `expr 8 \* 4` -i4  module_optical_averaging.f90
6.35user 0.23system 0:06.61elapsed 99%CPU (0avgtext+0avgdata 150636maxresident)k
520inputs+5856outputs (0major+47910minor)pagefaults 0swaps
rm -f module_plumerise1.o
sed -e "s/^\!.*'.*//" -e "s/^ *\!.*'.*//" module_plumerise1.F > module_plumerise1.G
/lib/cpp -P -nostdinc -I/home/onishi/WRF/external/ioapi_share -I/home/onishi/WRF/inc -DEM_CORE=1 -DNMM_CORE=0 -DNMM_MAX_DIM=2600 -DDA_CORE=0 -DWRFPLUS=0 -DIWORDSIZE=4 -DDWORDSIZE=8 -DRWORDSIZE=4 -DLWORDSIZE=4 -DNONSTANDARD_SYSTEM_FUNC  -DWRF_USE_CLM -DUSE_NETCDF4_FEATURES -DWRFIO_NCD_LARGE_FILE_SUPPORT  -DDM_PARALLEL -DNETCDF -DGRIB2 -DHDF5 -DLANDREAD_STUB=1 -DUSE_ALLOCATABLES -Dwrfmodel -DGRIB1 -DINTIO -DKEEP_INT_AROUND -DLIMIT_ARGS -DBUILD_RRTMG_FAST=0 -DBUILD_RRTMK=0 -DBUILD_SBM_FAST=1 -DSHOW_ALL_VARS_USED=0 -DCONFIG_BUF_LEN=65536 -DMAX_DOMAINS_F=21 -DMAX_HISTORY=25 -DNMM_NEST=0 -DWRF_CHEM -DBUILD_CHEM=1 -DWRF_KPP -I. -traditional-cpp -DUSE_NETCDF4_FEATURES -DWRFIO_NCD_LARGE_FILE_SUPPORT   module_plumerise1.G  > module_plumerise1.bb
/home/onishi/WRF/tools/standard.exe module_plumerise1.bb | /lib/cpp -P -nostdinc -I/home/onishi/WRF/external/ioapi_share -traditional-cpp -DUSE_NETCDF4_FEATURES -DWRFIO_NCD_LARGE_FILE_SUPPORT > module_plumerise1.f90
rm -f module_plumerise1.G module_plumerise1.bb
time mpif90 -f90=ifort -o module_plumerise1.o -c -O3 -ip -fp-model precise -w -ftz -align all -fno-alias -FR -convert big_endian    -I../dyn_em  -I/home/onishi/WRF/external/esmf_time_f90  -I/home/onishi/WRF/main -I/home/onishi/WRF/external/io_netcdf -I/home/onishi/WRF/external/io_int -I/home/onishi/WRF/frame -I/home/onishi/WRF/share -I/home/onishi/WRF/phys -I/home/onishi/WRF/wrftladj -I/home/onishi/WRF/chem -I/home/onishi/WRF/inc -I/home/onishi/NETCDF_DIR2//include  -real-size `expr 8 \* 4` -i4  module_plumerise1.f90
4.39user 0.19system 0:04.62elapsed 99%CPU (0avgtext+0avgdata 256112maxresident)k
160inputs+1880outputs (0major+65562minor)pagefaults 0swaps
rm -f module_mosaic_drydep.o
sed -e "s/^\!.*'.*//" -e "s/^ *\!.*'.*//" module_mosaic_drydep.F > module_mosaic_drydep.G
/lib/cpp -P -nostdinc -I/home/onishi/WRF/external/ioapi_share -I/home/onishi/WRF/inc -DEM_CORE=1 -DNMM_CORE=0 -DNMM_MAX_DIM=2600 -DDA_CORE=0 -DWRFPLUS=0 -DIWORDSIZE=4 -DDWORDSIZE=8 -DRWORDSIZE=4 -DLWORDSIZE=4 -DNONSTANDARD_SYSTEM_FUNC  -DWRF_USE_CLM -DUSE_NETCDF4_FEATURES -DWRFIO_NCD_LARGE_FILE_SUPPORT  -DDM_PARALLEL -DNETCDF -DGRIB2 -DHDF5 -DLANDREAD_STUB=1 -DUSE_ALLOCATABLES -Dwrfmodel -DGRIB1 -DINTIO -DKEEP_INT_AROUND -DLIMIT_ARGS -DBUILD_RRTMG_FAST=0 -DBUILD_RRTMK=0 -DBUILD_SBM_FAST=1 -DSHOW_ALL_VARS_USED=0 -DCONFIG_BUF_LEN=65536 -DMAX_DOMAINS_F=21 -DMAX_HISTORY=25 -DNMM_NEST=0 -DWRF_CHEM -DBUILD_CHEM=1 -DWRF_KPP -I. -traditional-cpp -DUSE_NETCDF4_FEATURES -DWRFIO_NCD_LARGE_FILE_SUPPORT   module_mosaic_drydep.G  > module_mosaic_drydep.bb
/home/onishi/WRF/tools/standard.exe module_mosaic_drydep.bb | /lib/cpp -P -nostdinc -I/home/onishi/WRF/external/ioapi_share -traditional-cpp -DUSE_NETCDF4_FEATURES -DWRFIO_NCD_LARGE_FILE_SUPPORT > module_mosaic_drydep.f90
rm -f module_mosaic_drydep.G module_mosaic_drydep.bb
time mpif90 -f90=ifort -o module_mosaic_drydep.o -c -O3 -ip -fp-model precise -w -ftz -align all -fno-alias -FR -convert big_endian    -I../dyn_em  -I/home/onishi/WRF/external/esmf_time_f90  -I/home/onishi/WRF/main -I/home/onishi/WRF/external/io_netcdf -I/home/onishi/WRF/external/io_int -I/home/onishi/WRF/frame -I/home/onishi/WRF/share -I/home/onishi/WRF/phys -I/home/onishi/WRF/wrftladj -I/home/onishi/WRF/chem -I/home/onishi/WRF/inc -I/home/onishi/NETCDF_DIR2//include  -real-size `expr 8 \* 4` -i4  module_mosaic_drydep.f90
0.16user 0.08system 0:00.28elapsed 88%CPU (0avgtext+0avgdata 61976maxresident)k
1960inputs+1112outputs (0major+11133minor)pagefaults 0swaps
rm -f module_cam_mam_wetscav.o
sed -e "s/^\!.*'.*//" -e "s/^ *\!.*'.*//" module_cam_mam_wetscav.F > module_cam_mam_wetscav.G
/lib/cpp -P -nostdinc -I/home/onishi/WRF/external/ioapi_share -I/home/onishi/WRF/inc -DEM_CORE=1 -DNMM_CORE=0 -DNMM_MAX_DIM=2600 -DDA_CORE=0 -DWRFPLUS=0 -DIWORDSIZE=4 -DDWORDSIZE=8 -DRWORDSIZE=4 -DLWORDSIZE=4 -DNONSTANDARD_SYSTEM_FUNC  -DWRF_USE_CLM -DUSE_NETCDF4_FEATURES -DWRFIO_NCD_LARGE_FILE_SUPPORT  -DDM_PARALLEL -DNETCDF -DGRIB2 -DHDF5 -DLANDREAD_STUB=1 -DUSE_ALLOCATABLES -Dwrfmodel -DGRIB1 -DINTIO -DKEEP_INT_AROUND -DLIMIT_ARGS -DBUILD_RRTMG_FAST=0 -DBUILD_RRTMK=0 -DBUILD_SBM_FAST=1 -DSHOW_ALL_VARS_USED=0 -DCONFIG_BUF_LEN=65536 -DMAX_DOMAINS_F=21 -DMAX_HISTORY=25 -DNMM_NEST=0 -DWRF_CHEM -DBUILD_CHEM=1 -DWRF_KPP -I. -traditional-cpp -DUSE_NETCDF4_FEATURES -DWRFIO_NCD_LARGE_FILE_SUPPORT   module_cam_mam_wetscav.G  > module_cam_mam_wetscav.bb
/home/onishi/WRF/tools/standard.exe module_cam_mam_wetscav.bb | /lib/cpp -P -nostdinc -I/home/onishi/WRF/external/ioapi_share -traditional-cpp -DUSE_NETCDF4_FEATURES -DWRFIO_NCD_LARGE_FILE_SUPPORT > module_cam_mam_wetscav.f90
rm -f module_cam_mam_wetscav.G module_cam_mam_wetscav.bb
time mpif90 -f90=ifort -o module_cam_mam_wetscav.o -c -O3 -ip -fp-model precise -w -ftz -align all -fno-alias -FR -convert big_endian    -I../dyn_em  -I/home/onishi/WRF/external/esmf_time_f90  -I/home/onishi/WRF/main -I/home/onishi/WRF/external/io_netcdf -I/home/onishi/WRF/external/io_int -I/home/onishi/WRF/frame -I/home/onishi/WRF/share -I/home/onishi/WRF/phys -I/home/onishi/WRF/wrftladj -I/home/onishi/WRF/chem -I/home/onishi/WRF/inc -I/home/onishi/NETCDF_DIR2//include  -real-size `expr 8 \* 4` -i4  module_cam_mam_wetscav.f90
0.43user 0.07system 0:00.52elapsed 97%CPU (0avgtext+0avgdata 83060maxresident)k
40inputs+1264outputs (0major+16813minor)pagefaults 0swaps
rm -f module_prep_wetscav_sorgam.o
sed -e "s/^\!.*'.*//" -e "s/^ *\!.*'.*//" module_prep_wetscav_sorgam.F > module_prep_wetscav_sorgam.G
/lib/cpp -P -nostdinc -I/home/onishi/WRF/external/ioapi_share -I/home/onishi/WRF/inc -DEM_CORE=1 -DNMM_CORE=0 -DNMM_MAX_DIM=2600 -DDA_CORE=0 -DWRFPLUS=0 -DIWORDSIZE=4 -DDWORDSIZE=8 -DRWORDSIZE=4 -DLWORDSIZE=4 -DNONSTANDARD_SYSTEM_FUNC  -DWRF_USE_CLM -DUSE_NETCDF4_FEATURES -DWRFIO_NCD_LARGE_FILE_SUPPORT  -DDM_PARALLEL -DNETCDF -DGRIB2 -DHDF5 -DLANDREAD_STUB=1 -DUSE_ALLOCATABLES -Dwrfmodel -DGRIB1 -DINTIO -DKEEP_INT_AROUND -DLIMIT_ARGS -DBUILD_RRTMG_FAST=0 -DBUILD_RRTMK=0 -DBUILD_SBM_FAST=1 -DSHOW_ALL_VARS_USED=0 -DCONFIG_BUF_LEN=65536 -DMAX_DOMAINS_F=21 -DMAX_HISTORY=25 -DNMM_NEST=0 -DWRF_CHEM -DBUILD_CHEM=1 -DWRF_KPP -I. -traditional-cpp -DUSE_NETCDF4_FEATURES -DWRFIO_NCD_LARGE_FILE_SUPPORT   module_prep_wetscav_sorgam.G  > module_prep_wetscav_sorgam.bb
/home/onishi/WRF/tools/standard.exe module_prep_wetscav_sorgam.bb | /lib/cpp -P -nostdinc -I/home/onishi/WRF/external/ioapi_share -traditional-cpp -DUSE_NETCDF4_FEATURES -DWRFIO_NCD_LARGE_FILE_SUPPORT > module_prep_wetscav_sorgam.f90
rm -f module_prep_wetscav_sorgam.G module_prep_wetscav_sorgam.bb
time mpif90 -f90=ifort -o module_prep_wetscav_sorgam.o -c -O3 -ip -fp-model precise -w -ftz -align all -fno-alias -FR -convert big_endian    -I../dyn_em  -I/home/onishi/WRF/external/esmf_time_f90  -I/home/onishi/WRF/main -I/home/onishi/WRF/external/io_netcdf -I/home/onishi/WRF/external/io_int -I/home/onishi/WRF/frame -I/home/onishi/WRF/share -I/home/onishi/WRF/phys -I/home/onishi/WRF/wrftladj -I/home/onishi/WRF/chem -I/home/onishi/WRF/inc -I/home/onishi/NETCDF_DIR2//include  -real-size `expr 8 \* 4` -i4  module_prep_wetscav_sorgam.f90
0.62user 0.08system 0:00.72elapsed 98%CPU (0avgtext+0avgdata 74260maxresident)k
80inputs+1808outputs (0major+16742minor)pagefaults 0swaps
rm -f module_wetscav_driver.o
sed -e "s/^\!.*'.*//" -e "s/^ *\!.*'.*//" module_wetscav_driver.F > module_wetscav_driver.G
/lib/cpp -P -nostdinc -I/home/onishi/WRF/external/ioapi_share -I/home/onishi/WRF/inc -DEM_CORE=1 -DNMM_CORE=0 -DNMM_MAX_DIM=2600 -DDA_CORE=0 -DWRFPLUS=0 -DIWORDSIZE=4 -DDWORDSIZE=8 -DRWORDSIZE=4 -DLWORDSIZE=4 -DNONSTANDARD_SYSTEM_FUNC  -DWRF_USE_CLM -DUSE_NETCDF4_FEATURES -DWRFIO_NCD_LARGE_FILE_SUPPORT  -DDM_PARALLEL -DNETCDF -DGRIB2 -DHDF5 -DLANDREAD_STUB=1 -DUSE_ALLOCATABLES -Dwrfmodel -DGRIB1 -DINTIO -DKEEP_INT_AROUND -DLIMIT_ARGS -DBUILD_RRTMG_FAST=0 -DBUILD_RRTMK=0 -DBUILD_SBM_FAST=1 -DSHOW_ALL_VARS_USED=0 -DCONFIG_BUF_LEN=65536 -DMAX_DOMAINS_F=21 -DMAX_HISTORY=25 -DNMM_NEST=0 -DWRF_CHEM -DBUILD_CHEM=1 -DWRF_KPP -I. -traditional-cpp -DUSE_NETCDF4_FEATURES -DWRFIO_NCD_LARGE_FILE_SUPPORT   module_wetscav_driver.G  > module_wetscav_driver.bb
/home/onishi/WRF/tools/standard.exe module_wetscav_driver.bb | /lib/cpp -P -nostdinc -I/home/onishi/WRF/external/ioapi_share -traditional-cpp -DUSE_NETCDF4_FEATURES -DWRFIO_NCD_LARGE_FILE_SUPPORT > module_wetscav_driver.f90
rm -f module_wetscav_driver.G module_wetscav_driver.bb
time mpif90 -f90=ifort -o module_wetscav_driver.o -c -O3 -ip -fp-model precise -w -ftz -align all -fno-alias -FR -convert big_endian    -I../dyn_em  -I/home/onishi/WRF/external/esmf_time_f90  -I/home/onishi/WRF/main -I/home/onishi/WRF/external/io_netcdf -I/home/onishi/WRF/external/io_int -I/home/onishi/WRF/frame -I/home/onishi/WRF/share -I/home/onishi/WRF/phys -I/home/onishi/WRF/wrftladj -I/home/onishi/WRF/chem -I/home/onishi/WRF/inc -I/home/onishi/NETCDF_DIR2//include  -real-size `expr 8 \* 4` -i4  module_wetscav_driver.f90
2.39user 0.14system 0:02.59elapsed 98%CPU (0avgtext+0avgdata 138568maxresident)k
7720inputs+1656outputs (0major+32076minor)pagefaults 0swaps
rm -f module_input_chem_bioemiss.o
sed -e "s/^\!.*'.*//" -e "s/^ *\!.*'.*//" module_input_chem_bioemiss.F > module_input_chem_bioemiss.G
/lib/cpp -P -nostdinc -I/home/onishi/WRF/external/ioapi_share -I/home/onishi/WRF/inc -DEM_CORE=1 -DNMM_CORE=0 -DNMM_MAX_DIM=2600 -DDA_CORE=0 -DWRFPLUS=0 -DIWORDSIZE=4 -DDWORDSIZE=8 -DRWORDSIZE=4 -DLWORDSIZE=4 -DNONSTANDARD_SYSTEM_FUNC  -DWRF_USE_CLM -DUSE_NETCDF4_FEATURES -DWRFIO_NCD_LARGE_FILE_SUPPORT  -DDM_PARALLEL -DNETCDF -DGRIB2 -DHDF5 -DLANDREAD_STUB=1 -DUSE_ALLOCATABLES -Dwrfmodel -DGRIB1 -DINTIO -DKEEP_INT_AROUND -DLIMIT_ARGS -DBUILD_RRTMG_FAST=0 -DBUILD_RRTMK=0 -DBUILD_SBM_FAST=1 -DSHOW_ALL_VARS_USED=0 -DCONFIG_BUF_LEN=65536 -DMAX_DOMAINS_F=21 -DMAX_HISTORY=25 -DNMM_NEST=0 -DWRF_CHEM -DBUILD_CHEM=1 -DWRF_KPP -I. -traditional-cpp -DUSE_NETCDF4_FEATURES -DWRFIO_NCD_LARGE_FILE_SUPPORT   module_input_chem_bioemiss.G  > module_input_chem_bioemiss.bb
/home/onishi/WRF/tools/standard.exe module_input_chem_bioemiss.bb | /lib/cpp -P -nostdinc -I/home/onishi/WRF/external/ioapi_share -traditional-cpp -DUSE_NETCDF4_FEATURES -DWRFIO_NCD_LARGE_FILE_SUPPORT > module_input_chem_bioemiss.f90
rm -f module_input_chem_bioemiss.G module_input_chem_bioemiss.bb
time mpif90 -f90=ifort -o module_input_chem_bioemiss.o -c -O3 -ip -fp-model precise -w -ftz -align all -fno-alias -FR -convert big_endian    -I../dyn_em  -I/home/onishi/WRF/external/esmf_time_f90  -I/home/onishi/WRF/main -I/home/onishi/WRF/external/io_netcdf -I/home/onishi/WRF/external/io_int -I/home/onishi/WRF/frame -I/home/onishi/WRF/share -I/home/onishi/WRF/phys -I/home/onishi/WRF/wrftladj -I/home/onishi/WRF/chem -I/home/onishi/WRF/inc -I/home/onishi/NETCDF_DIR2//include  -real-size `expr 8 \* 4` -i4  module_input_chem_bioemiss.f90
2.53user 0.18system 0:02.77elapsed 98%CPU (0avgtext+0avgdata 168080maxresident)k
2224inputs+4344outputs (0major+42767minor)pagefaults 0swaps
rm -f module_input_dust_errosion.o
sed -e "s/^\!.*'.*//" -e "s/^ *\!.*'.*//" module_input_dust_errosion.F > module_input_dust_errosion.G
/lib/cpp -P -nostdinc -I/home/onishi/WRF/external/ioapi_share -I/home/onishi/WRF/inc -DEM_CORE=1 -DNMM_CORE=0 -DNMM_MAX_DIM=2600 -DDA_CORE=0 -DWRFPLUS=0 -DIWORDSIZE=4 -DDWORDSIZE=8 -DRWORDSIZE=4 -DLWORDSIZE=4 -DNONSTANDARD_SYSTEM_FUNC  -DWRF_USE_CLM -DUSE_NETCDF4_FEATURES -DWRFIO_NCD_LARGE_FILE_SUPPORT  -DDM_PARALLEL -DNETCDF -DGRIB2 -DHDF5 -DLANDREAD_STUB=1 -DUSE_ALLOCATABLES -Dwrfmodel -DGRIB1 -DINTIO -DKEEP_INT_AROUND -DLIMIT_ARGS -DBUILD_RRTMG_FAST=0 -DBUILD_RRTMK=0 -DBUILD_SBM_FAST=1 -DSHOW_ALL_VARS_USED=0 -DCONFIG_BUF_LEN=65536 -DMAX_DOMAINS_F=21 -DMAX_HISTORY=25 -DNMM_NEST=0 -DWRF_CHEM -DBUILD_CHEM=1 -DWRF_KPP -I. -traditional-cpp -DUSE_NETCDF4_FEATURES -DWRFIO_NCD_LARGE_FILE_SUPPORT   module_input_dust_errosion.G  > module_input_dust_errosion.bb
/home/onishi/WRF/tools/standard.exe module_input_dust_errosion.bb | /lib/cpp -P -nostdinc -I/home/onishi/WRF/external/ioapi_share -traditional-cpp -DUSE_NETCDF4_FEATURES -DWRFIO_NCD_LARGE_FILE_SUPPORT > module_input_dust_errosion.f90
rm -f module_input_dust_errosion.G module_input_dust_errosion.bb
time mpif90 -f90=ifort -o module_input_dust_errosion.o -c -O3 -ip -fp-model precise -w -ftz -align all -fno-alias -FR -convert big_endian    -I../dyn_em  -I/home/onishi/WRF/external/esmf_time_f90  -I/home/onishi/WRF/main -I/home/onishi/WRF/external/io_netcdf -I/home/onishi/WRF/external/io_int -I/home/onishi/WRF/frame -I/home/onishi/WRF/share -I/home/onishi/WRF/phys -I/home/onishi/WRF/wrftladj -I/home/onishi/WRF/chem -I/home/onishi/WRF/inc -I/home/onishi/NETCDF_DIR2//include  -real-size `expr 8 \* 4` -i4  module_input_dust_errosion.f90
0.60user 0.12system 0:00.77elapsed 95%CPU (0avgtext+0avgdata 97504maxresident)k
8inputs+3736outputs (0major+20860minor)pagefaults 0swaps
rm -f module_input_gocart_dms.o
sed -e "s/^\!.*'.*//" -e "s/^ *\!.*'.*//" module_input_gocart_dms.F > module_input_gocart_dms.G
/lib/cpp -P -nostdinc -I/home/onishi/WRF/external/ioapi_share -I/home/onishi/WRF/inc -DEM_CORE=1 -DNMM_CORE=0 -DNMM_MAX_DIM=2600 -DDA_CORE=0 -DWRFPLUS=0 -DIWORDSIZE=4 -DDWORDSIZE=8 -DRWORDSIZE=4 -DLWORDSIZE=4 -DNONSTANDARD_SYSTEM_FUNC  -DWRF_USE_CLM -DUSE_NETCDF4_FEATURES -DWRFIO_NCD_LARGE_FILE_SUPPORT  -DDM_PARALLEL -DNETCDF -DGRIB2 -DHDF5 -DLANDREAD_STUB=1 -DUSE_ALLOCATABLES -Dwrfmodel -DGRIB1 -DINTIO -DKEEP_INT_AROUND -DLIMIT_ARGS -DBUILD_RRTMG_FAST=0 -DBUILD_RRTMK=0 -DBUILD_SBM_FAST=1 -DSHOW_ALL_VARS_USED=0 -DCONFIG_BUF_LEN=65536 -DMAX_DOMAINS_F=21 -DMAX_HISTORY=25 -DNMM_NEST=0 -DWRF_CHEM -DBUILD_CHEM=1 -DWRF_KPP -I. -traditional-cpp -DUSE_NETCDF4_FEATURES -DWRFIO_NCD_LARGE_FILE_SUPPORT   module_input_gocart_dms.G  > module_input_gocart_dms.bb
/home/onishi/WRF/tools/standard.exe module_input_gocart_dms.bb | /lib/cpp -P -nostdinc -I/home/onishi/WRF/external/ioapi_share -traditional-cpp -DUSE_NETCDF4_FEATURES -DWRFIO_NCD_LARGE_FILE_SUPPORT > module_input_gocart_dms.f90
rm -f module_input_gocart_dms.G module_input_gocart_dms.bb
time mpif90 -f90=ifort -o module_input_gocart_dms.o -c -O3 -ip -fp-model precise -w -ftz -align all -fno-alias -FR -convert big_endian    -I../dyn_em  -I/home/onishi/WRF/external/esmf_time_f90  -I/home/onishi/WRF/main -I/home/onishi/WRF/external/io_netcdf -I/home/onishi/WRF/external/io_int -I/home/onishi/WRF/frame -I/home/onishi/WRF/share -I/home/onishi/WRF/phys -I/home/onishi/WRF/wrftladj -I/home/onishi/WRF/chem -I/home/onishi/WRF/inc -I/home/onishi/NETCDF_DIR2//include  -real-size `expr 8 \* 4` -i4  module_input_gocart_dms.f90
0.59user 0.10system 0:00.75elapsed 92%CPU (0avgtext+0avgdata 94532maxresident)k
8inputs+3688outputs (0major+19666minor)pagefaults 0swaps
rm -f module_cbmz_addemiss.o
sed -e "s/^\!.*'.*//" -e "s/^ *\!.*'.*//" module_cbmz_addemiss.F > module_cbmz_addemiss.G
/lib/cpp -P -nostdinc -I/home/onishi/WRF/external/ioapi_share -I/home/onishi/WRF/inc -DEM_CORE=1 -DNMM_CORE=0 -DNMM_MAX_DIM=2600 -DDA_CORE=0 -DWRFPLUS=0 -DIWORDSIZE=4 -DDWORDSIZE=8 -DRWORDSIZE=4 -DLWORDSIZE=4 -DNONSTANDARD_SYSTEM_FUNC  -DWRF_USE_CLM -DUSE_NETCDF4_FEATURES -DWRFIO_NCD_LARGE_FILE_SUPPORT  -DDM_PARALLEL -DNETCDF -DGRIB2 -DHDF5 -DLANDREAD_STUB=1 -DUSE_ALLOCATABLES -Dwrfmodel -DGRIB1 -DINTIO -DKEEP_INT_AROUND -DLIMIT_ARGS -DBUILD_RRTMG_FAST=0 -DBUILD_RRTMK=0 -DBUILD_SBM_FAST=1 -DSHOW_ALL_VARS_USED=0 -DCONFIG_BUF_LEN=65536 -DMAX_DOMAINS_F=21 -DMAX_HISTORY=25 -DNMM_NEST=0 -DWRF_CHEM -DBUILD_CHEM=1 -DWRF_KPP -I. -traditional-cpp -DUSE_NETCDF4_FEATURES -DWRFIO_NCD_LARGE_FILE_SUPPORT   module_cbmz_addemiss.G  > module_cbmz_addemiss.bb
/home/onishi/WRF/tools/standard.exe module_cbmz_addemiss.bb | /lib/cpp -P -nostdinc -I/home/onishi/WRF/external/ioapi_share -traditional-cpp -DUSE_NETCDF4_FEATURES -DWRFIO_NCD_LARGE_FILE_SUPPORT > module_cbmz_addemiss.f90
rm -f module_cbmz_addemiss.G module_cbmz_addemiss.bb
time mpif90 -f90=ifort -o module_cbmz_addemiss.o -c -O3 -ip -fp-model precise -w -ftz -align all -fno-alias -FR -convert big_endian    -I../dyn_em  -I/home/onishi/WRF/external/esmf_time_f90  -I/home/onishi/WRF/main -I/home/onishi/WRF/external/io_netcdf -I/home/onishi/WRF/external/io_int -I/home/onishi/WRF/frame -I/home/onishi/WRF/share -I/home/onishi/WRF/phys -I/home/onishi/WRF/wrftladj -I/home/onishi/WRF/chem -I/home/onishi/WRF/inc -I/home/onishi/NETCDF_DIR2//include  -real-size `expr 8 \* 4` -i4  module_cbmz_addemiss.f90
1.11user 0.13system 0:01.28elapsed 97%CPU (0avgtext+0avgdata 96332maxresident)k
40inputs+2120outputs (0major+20887minor)pagefaults 0swaps
rm -f module_cbm4_addemiss.o
sed -e "s/^\!.*'.*//" -e "s/^ *\!.*'.*//" module_cbm4_addemiss.F > module_cbm4_addemiss.G
/lib/cpp -P -nostdinc -I/home/onishi/WRF/external/ioapi_share -I/home/onishi/WRF/inc -DEM_CORE=1 -DNMM_CORE=0 -DNMM_MAX_DIM=2600 -DDA_CORE=0 -DWRFPLUS=0 -DIWORDSIZE=4 -DDWORDSIZE=8 -DRWORDSIZE=4 -DLWORDSIZE=4 -DNONSTANDARD_SYSTEM_FUNC  -DWRF_USE_CLM -DUSE_NETCDF4_FEATURES -DWRFIO_NCD_LARGE_FILE_SUPPORT  -DDM_PARALLEL -DNETCDF -DGRIB2 -DHDF5 -DLANDREAD_STUB=1 -DUSE_ALLOCATABLES -Dwrfmodel -DGRIB1 -DINTIO -DKEEP_INT_AROUND -DLIMIT_ARGS -DBUILD_RRTMG_FAST=0 -DBUILD_RRTMK=0 -DBUILD_SBM_FAST=1 -DSHOW_ALL_VARS_USED=0 -DCONFIG_BUF_LEN=65536 -DMAX_DOMAINS_F=21 -DMAX_HISTORY=25 -DNMM_NEST=0 -DWRF_CHEM -DBUILD_CHEM=1 -DWRF_KPP -I. -traditional-cpp -DUSE_NETCDF4_FEATURES -DWRFIO_NCD_LARGE_FILE_SUPPORT   module_cbm4_addemiss.G  > module_cbm4_addemiss.bb
/home/onishi/WRF/tools/standard.exe module_cbm4_addemiss.bb | /lib/cpp -P -nostdinc -I/home/onishi/WRF/external/ioapi_share -traditional-cpp -DUSE_NETCDF4_FEATURES -DWRFIO_NCD_LARGE_FILE_SUPPORT > module_cbm4_addemiss.f90
rm -f module_cbm4_addemiss.G module_cbm4_addemiss.bb
time mpif90 -f90=ifort -o module_cbm4_addemiss.o -c -O3 -ip -fp-model precise -w -ftz -align all -fno-alias -FR -convert big_endian    -I../dyn_em  -I/home/onishi/WRF/external/esmf_time_f90  -I/home/onishi/WRF/main -I/home/onishi/WRF/external/io_netcdf -I/home/onishi/WRF/external/io_int -I/home/onishi/WRF/frame -I/home/onishi/WRF/share -I/home/onishi/WRF/phys -I/home/onishi/WRF/wrftladj -I/home/onishi/WRF/chem -I/home/onishi/WRF/inc -I/home/onishi/NETCDF_DIR2//include  -real-size `expr 8 \* 4` -i4  module_cbm4_addemiss.f90
0.70user 0.08system 0:00.82elapsed 96%CPU (0avgtext+0avgdata 84696maxresident)k
24inputs+2016outputs (0major+17217minor)pagefaults 0swaps
rm -f module_cb05_addemiss.o
sed -e "s/^\!.*'.*//" -e "s/^ *\!.*'.*//" module_cb05_addemiss.F > module_cb05_addemiss.G
/lib/cpp -P -nostdinc -I/home/onishi/WRF/external/ioapi_share -I/home/onishi/WRF/inc -DEM_CORE=1 -DNMM_CORE=0 -DNMM_MAX_DIM=2600 -DDA_CORE=0 -DWRFPLUS=0 -DIWORDSIZE=4 -DDWORDSIZE=8 -DRWORDSIZE=4 -DLWORDSIZE=4 -DNONSTANDARD_SYSTEM_FUNC  -DWRF_USE_CLM -DUSE_NETCDF4_FEATURES -DWRFIO_NCD_LARGE_FILE_SUPPORT  -DDM_PARALLEL -DNETCDF -DGRIB2 -DHDF5 -DLANDREAD_STUB=1 -DUSE_ALLOCATABLES -Dwrfmodel -DGRIB1 -DINTIO -DKEEP_INT_AROUND -DLIMIT_ARGS -DBUILD_RRTMG_FAST=0 -DBUILD_RRTMK=0 -DBUILD_SBM_FAST=1 -DSHOW_ALL_VARS_USED=0 -DCONFIG_BUF_LEN=65536 -DMAX_DOMAINS_F=21 -DMAX_HISTORY=25 -DNMM_NEST=0 -DWRF_CHEM -DBUILD_CHEM=1 -DWRF_KPP -I. -traditional-cpp -DUSE_NETCDF4_FEATURES -DWRFIO_NCD_LARGE_FILE_SUPPORT   module_cb05_addemiss.G  > module_cb05_addemiss.bb
/home/onishi/WRF/tools/standard.exe module_cb05_addemiss.bb | /lib/cpp -P -nostdinc -I/home/onishi/WRF/external/ioapi_share -traditional-cpp -DUSE_NETCDF4_FEATURES -DWRFIO_NCD_LARGE_FILE_SUPPORT > module_cb05_addemiss.f90
rm -f module_cb05_addemiss.G module_cb05_addemiss.bb
time mpif90 -f90=ifort -o module_cb05_addemiss.o -c -O3 -ip -fp-model precise -w -ftz -align all -fno-alias -FR -convert big_endian    -I../dyn_em  -I/home/onishi/WRF/external/esmf_time_f90  -I/home/onishi/WRF/main -I/home/onishi/WRF/external/io_netcdf -I/home/onishi/WRF/external/io_int -I/home/onishi/WRF/frame -I/home/onishi/WRF/share -I/home/onishi/WRF/phys -I/home/onishi/WRF/wrftladj -I/home/onishi/WRF/chem -I/home/onishi/WRF/inc -I/home/onishi/NETCDF_DIR2//include  -real-size `expr 8 \* 4` -i4  module_cb05_addemiss.f90
0.56user 0.09system 0:00.68elapsed 95%CPU (0avgtext+0avgdata 72276maxresident)k
24inputs+1984outputs (0major+14293minor)pagefaults 0swaps
rm -f module_emissions_anthropogenics.o
sed -e "s/^\!.*'.*//" -e "s/^ *\!.*'.*//" module_emissions_anthropogenics.F > module_emissions_anthropogenics.G
/lib/cpp -P -nostdinc -I/home/onishi/WRF/external/ioapi_share -I/home/onishi/WRF/inc -DEM_CORE=1 -DNMM_CORE=0 -DNMM_MAX_DIM=2600 -DDA_CORE=0 -DWRFPLUS=0 -DIWORDSIZE=4 -DDWORDSIZE=8 -DRWORDSIZE=4 -DLWORDSIZE=4 -DNONSTANDARD_SYSTEM_FUNC  -DWRF_USE_CLM -DUSE_NETCDF4_FEATURES -DWRFIO_NCD_LARGE_FILE_SUPPORT  -DDM_PARALLEL -DNETCDF -DGRIB2 -DHDF5 -DLANDREAD_STUB=1 -DUSE_ALLOCATABLES -Dwrfmodel -DGRIB1 -DINTIO -DKEEP_INT_AROUND -DLIMIT_ARGS -DBUILD_RRTMG_FAST=0 -DBUILD_RRTMK=0 -DBUILD_SBM_FAST=1 -DSHOW_ALL_VARS_USED=0 -DCONFIG_BUF_LEN=65536 -DMAX_DOMAINS_F=21 -DMAX_HISTORY=25 -DNMM_NEST=0 -DWRF_CHEM -DBUILD_CHEM=1 -DWRF_KPP -I. -traditional-cpp -DUSE_NETCDF4_FEATURES -DWRFIO_NCD_LARGE_FILE_SUPPORT   module_emissions_anthropogenics.G  > module_emissions_anthropogenics.bb
/home/onishi/WRF/tools/standard.exe module_emissions_anthropogenics.bb | /lib/cpp -P -nostdinc -I/home/onishi/WRF/external/ioapi_share -traditional-cpp -DUSE_NETCDF4_FEATURES -DWRFIO_NCD_LARGE_FILE_SUPPORT > module_emissions_anthropogenics.f90
rm -f module_emissions_anthropogenics.G module_emissions_anthropogenics.bb
time mpif90 -f90=ifort -o module_emissions_anthropogenics.o -c -O3 -ip -fp-model precise -w -ftz -align all -fno-alias -FR -convert big_endian    -I../dyn_em  -I/home/onishi/WRF/external/esmf_time_f90  -I/home/onishi/WRF/main -I/home/onishi/WRF/external/io_netcdf -I/home/onishi/WRF/external/io_int -I/home/onishi/WRF/frame -I/home/onishi/WRF/share -I/home/onishi/WRF/phys -I/home/onishi/WRF/wrftladj -I/home/onishi/WRF/chem -I/home/onishi/WRF/inc -I/home/onishi/NETCDF_DIR2//include  -real-size `expr 8 \* 4` -i4  module_emissions_anthropogenics.f90
5.93user 0.24system 0:06.20elapsed 99%CPU (0avgtext+0avgdata 254020maxresident)k
56inputs+2712outputs (0major+64096minor)pagefaults 0swaps
rm -f module_cam_mam_wateruptake.o
sed -e "s/^\!.*'.*//" -e "s/^ *\!.*'.*//" module_cam_mam_wateruptake.F > module_cam_mam_wateruptake.G
/lib/cpp -P -nostdinc -I/home/onishi/WRF/external/ioapi_share -I/home/onishi/WRF/inc -DEM_CORE=1 -DNMM_CORE=0 -DNMM_MAX_DIM=2600 -DDA_CORE=0 -DWRFPLUS=0 -DIWORDSIZE=4 -DDWORDSIZE=8 -DRWORDSIZE=4 -DLWORDSIZE=4 -DNONSTANDARD_SYSTEM_FUNC  -DWRF_USE_CLM -DUSE_NETCDF4_FEATURES -DWRFIO_NCD_LARGE_FILE_SUPPORT  -DDM_PARALLEL -DNETCDF -DGRIB2 -DHDF5 -DLANDREAD_STUB=1 -DUSE_ALLOCATABLES -Dwrfmodel -DGRIB1 -DINTIO -DKEEP_INT_AROUND -DLIMIT_ARGS -DBUILD_RRTMG_FAST=0 -DBUILD_RRTMK=0 -DBUILD_SBM_FAST=1 -DSHOW_ALL_VARS_USED=0 -DCONFIG_BUF_LEN=65536 -DMAX_DOMAINS_F=21 -DMAX_HISTORY=25 -DNMM_NEST=0 -DWRF_CHEM -DBUILD_CHEM=1 -DWRF_KPP -I. -traditional-cpp -DUSE_NETCDF4_FEATURES -DWRFIO_NCD_LARGE_FILE_SUPPORT   module_cam_mam_wateruptake.G  > module_cam_mam_wateruptake.bb
/home/onishi/WRF/tools/standard.exe module_cam_mam_wateruptake.bb | /lib/cpp -P -nostdinc -I/home/onishi/WRF/external/ioapi_share -traditional-cpp -DUSE_NETCDF4_FEATURES -DWRFIO_NCD_LARGE_FILE_SUPPORT > module_cam_mam_wateruptake.f90
rm -f module_cam_mam_wateruptake.G module_cam_mam_wateruptake.bb
time mpif90 -f90=ifort -o module_cam_mam_wateruptake.o -c -O3 -ip -fp-model precise -w -ftz -align all -fno-alias -FR -convert big_endian    -I../dyn_em  -I/home/onishi/WRF/external/esmf_time_f90  -I/home/onishi/WRF/main -I/home/onishi/WRF/external/io_netcdf -I/home/onishi/WRF/external/io_int -I/home/onishi/WRF/frame -I/home/onishi/WRF/share -I/home/onishi/WRF/phys -I/home/onishi/WRF/wrftladj -I/home/onishi/WRF/chem -I/home/onishi/WRF/inc -I/home/onishi/NETCDF_DIR2//include  -real-size `expr 8 \* 4` -i4  module_cam_mam_wateruptake.f90
0.29user 0.08system 0:00.41elapsed 91%CPU (0avgtext+0avgdata 62928maxresident)k
32inputs+392outputs (0major+11786minor)pagefaults 0swaps
rm -f module_cam_mam_aerchem_driver.o
sed -e "s/^\!.*'.*//" -e "s/^ *\!.*'.*//" module_cam_mam_aerchem_driver.F > module_cam_mam_aerchem_driver.G
/lib/cpp -P -nostdinc -I/home/onishi/WRF/external/ioapi_share -I/home/onishi/WRF/inc -DEM_CORE=1 -DNMM_CORE=0 -DNMM_MAX_DIM=2600 -DDA_CORE=0 -DWRFPLUS=0 -DIWORDSIZE=4 -DDWORDSIZE=8 -DRWORDSIZE=4 -DLWORDSIZE=4 -DNONSTANDARD_SYSTEM_FUNC  -DWRF_USE_CLM -DUSE_NETCDF4_FEATURES -DWRFIO_NCD_LARGE_FILE_SUPPORT  -DDM_PARALLEL -DNETCDF -DGRIB2 -DHDF5 -DLANDREAD_STUB=1 -DUSE_ALLOCATABLES -Dwrfmodel -DGRIB1 -DINTIO -DKEEP_INT_AROUND -DLIMIT_ARGS -DBUILD_RRTMG_FAST=0 -DBUILD_RRTMK=0 -DBUILD_SBM_FAST=1 -DSHOW_ALL_VARS_USED=0 -DCONFIG_BUF_LEN=65536 -DMAX_DOMAINS_F=21 -DMAX_HISTORY=25 -DNMM_NEST=0 -DWRF_CHEM -DBUILD_CHEM=1 -DWRF_KPP -I. -traditional-cpp -DUSE_NETCDF4_FEATURES -DWRFIO_NCD_LARGE_FILE_SUPPORT   module_cam_mam_aerchem_driver.G  > module_cam_mam_aerchem_driver.bb
/home/onishi/WRF/tools/standard.exe module_cam_mam_aerchem_driver.bb | /lib/cpp -P -nostdinc -I/home/onishi/WRF/external/ioapi_share -traditional-cpp -DUSE_NETCDF4_FEATURES -DWRFIO_NCD_LARGE_FILE_SUPPORT > module_cam_mam_aerchem_driver.f90
rm -f module_cam_mam_aerchem_driver.G module_cam_mam_aerchem_driver.bb
time mpif90 -f90=ifort -o module_cam_mam_aerchem_driver.o -c -O3 -ip -fp-model precise -w -ftz -align all -fno-alias -FR -convert big_endian    -I../dyn_em  -I/home/onishi/WRF/external/esmf_time_f90  -I/home/onishi/WRF/main -I/home/onishi/WRF/external/io_netcdf -I/home/onishi/WRF/external/io_int -I/home/onishi/WRF/frame -I/home/onishi/WRF/share -I/home/onishi/WRF/phys -I/home/onishi/WRF/wrftladj -I/home/onishi/WRF/chem -I/home/onishi/WRF/inc -I/home/onishi/NETCDF_DIR2//include  -real-size `expr 8 \* 4` -i4  module_cam_mam_aerchem_driver.f90
1.06user 0.13system 0:01.20elapsed 98%CPU (0avgtext+0avgdata 96952maxresident)k
96inputs+1608outputs (0major+21132minor)pagefaults 0swaps
rm -f module_aer_drydep.o
sed -e "s/^\!.*'.*//" -e "s/^ *\!.*'.*//" module_aer_drydep.F > module_aer_drydep.G
/lib/cpp -P -nostdinc -I/home/onishi/WRF/external/ioapi_share -I/home/onishi/WRF/inc -DEM_CORE=1 -DNMM_CORE=0 -DNMM_MAX_DIM=2600 -DDA_CORE=0 -DWRFPLUS=0 -DIWORDSIZE=4 -DDWORDSIZE=8 -DRWORDSIZE=4 -DLWORDSIZE=4 -DNONSTANDARD_SYSTEM_FUNC  -DWRF_USE_CLM -DUSE_NETCDF4_FEATURES -DWRFIO_NCD_LARGE_FILE_SUPPORT  -DDM_PARALLEL -DNETCDF -DGRIB2 -DHDF5 -DLANDREAD_STUB=1 -DUSE_ALLOCATABLES -Dwrfmodel -DGRIB1 -DINTIO -DKEEP_INT_AROUND -DLIMIT_ARGS -DBUILD_RRTMG_FAST=0 -DBUILD_RRTMK=0 -DBUILD_SBM_FAST=1 -DSHOW_ALL_VARS_USED=0 -DCONFIG_BUF_LEN=65536 -DMAX_DOMAINS_F=21 -DMAX_HISTORY=25 -DNMM_NEST=0 -DWRF_CHEM -DBUILD_CHEM=1 -DWRF_KPP -I. -traditional-cpp -DUSE_NETCDF4_FEATURES -DWRFIO_NCD_LARGE_FILE_SUPPORT   module_aer_drydep.G  > module_aer_drydep.bb
/home/onishi/WRF/tools/standard.exe module_aer_drydep.bb | /lib/cpp -P -nostdinc -I/home/onishi/WRF/external/ioapi_share -traditional-cpp -DUSE_NETCDF4_FEATURES -DWRFIO_NCD_LARGE_FILE_SUPPORT > module_aer_drydep.f90
rm -f module_aer_drydep.G module_aer_drydep.bb
time mpif90 -f90=ifort -o module_aer_drydep.o -c -O3 -ip -fp-model precise -w -ftz -align all -fno-alias -FR -convert big_endian    -I../dyn_em  -I/home/onishi/WRF/external/esmf_time_f90  -I/home/onishi/WRF/main -I/home/onishi/WRF/external/io_netcdf -I/home/onishi/WRF/external/io_int -I/home/onishi/WRF/frame -I/home/onishi/WRF/share -I/home/onishi/WRF/phys -I/home/onishi/WRF/wrftladj -I/home/onishi/WRF/chem -I/home/onishi/WRF/inc -I/home/onishi/NETCDF_DIR2//include  -real-size `expr 8 \* 4` -i4  module_aer_drydep.f90
2.04user 0.17system 0:02.25elapsed 98%CPU (0avgtext+0avgdata 121120maxresident)k
120inputs+8192outputs (0major+27502minor)pagefaults 0swaps
rm -f module_cam_mam_dust_sediment.o
sed -e "s/^\!.*'.*//" -e "s/^ *\!.*'.*//" module_cam_mam_dust_sediment.F > module_cam_mam_dust_sediment.G
/lib/cpp -P -nostdinc -I/home/onishi/WRF/external/ioapi_share -I/home/onishi/WRF/inc -DEM_CORE=1 -DNMM_CORE=0 -DNMM_MAX_DIM=2600 -DDA_CORE=0 -DWRFPLUS=0 -DIWORDSIZE=4 -DDWORDSIZE=8 -DRWORDSIZE=4 -DLWORDSIZE=4 -DNONSTANDARD_SYSTEM_FUNC  -DWRF_USE_CLM -DUSE_NETCDF4_FEATURES -DWRFIO_NCD_LARGE_FILE_SUPPORT  -DDM_PARALLEL -DNETCDF -DGRIB2 -DHDF5 -DLANDREAD_STUB=1 -DUSE_ALLOCATABLES -Dwrfmodel -DGRIB1 -DINTIO -DKEEP_INT_AROUND -DLIMIT_ARGS -DBUILD_RRTMG_FAST=0 -DBUILD_RRTMK=0 -DBUILD_SBM_FAST=1 -DSHOW_ALL_VARS_USED=0 -DCONFIG_BUF_LEN=65536 -DMAX_DOMAINS_F=21 -DMAX_HISTORY=25 -DNMM_NEST=0 -DWRF_CHEM -DBUILD_CHEM=1 -DWRF_KPP -I. -traditional-cpp -DUSE_NETCDF4_FEATURES -DWRFIO_NCD_LARGE_FILE_SUPPORT   module_cam_mam_dust_sediment.G  > module_cam_mam_dust_sediment.bb
/home/onishi/WRF/tools/standard.exe module_cam_mam_dust_sediment.bb | /lib/cpp -P -nostdinc -I/home/onishi/WRF/external/ioapi_share -traditional-cpp -DUSE_NETCDF4_FEATURES -DWRFIO_NCD_LARGE_FILE_SUPPORT > module_cam_mam_dust_sediment.f90
rm -f module_cam_mam_dust_sediment.G module_cam_mam_dust_sediment.bb
time mpif90 -f90=ifort -o module_cam_mam_dust_sediment.o -c -O3 -ip -fp-model precise -w -ftz -align all -fno-alias -FR -convert big_endian    -I../dyn_em  -I/home/onishi/WRF/external/esmf_time_f90  -I/home/onishi/WRF/main -I/home/onishi/WRF/external/io_netcdf -I/home/onishi/WRF/external/io_int -I/home/onishi/WRF/frame -I/home/onishi/WRF/share -I/home/onishi/WRF/phys -I/home/onishi/WRF/wrftladj -I/home/onishi/WRF/chem -I/home/onishi/WRF/inc -I/home/onishi/NETCDF_DIR2//include  -real-size `expr 8 \* 4` -i4  module_cam_mam_dust_sediment.f90
0.01user 0.06system 0:00.10elapsed 75%CPU (0avgtext+0avgdata 38572maxresident)k
8inputs+88outputs (0major+6060minor)pagefaults 0swaps
rm -f module_cam_mam_drydep.o
sed -e "s/^\!.*'.*//" -e "s/^ *\!.*'.*//" module_cam_mam_drydep.F > module_cam_mam_drydep.G
/lib/cpp -P -nostdinc -I/home/onishi/WRF/external/ioapi_share -I/home/onishi/WRF/inc -DEM_CORE=1 -DNMM_CORE=0 -DNMM_MAX_DIM=2600 -DDA_CORE=0 -DWRFPLUS=0 -DIWORDSIZE=4 -DDWORDSIZE=8 -DRWORDSIZE=4 -DLWORDSIZE=4 -DNONSTANDARD_SYSTEM_FUNC  -DWRF_USE_CLM -DUSE_NETCDF4_FEATURES -DWRFIO_NCD_LARGE_FILE_SUPPORT  -DDM_PARALLEL -DNETCDF -DGRIB2 -DHDF5 -DLANDREAD_STUB=1 -DUSE_ALLOCATABLES -Dwrfmodel -DGRIB1 -DINTIO -DKEEP_INT_AROUND -DLIMIT_ARGS -DBUILD_RRTMG_FAST=0 -DBUILD_RRTMK=0 -DBUILD_SBM_FAST=1 -DSHOW_ALL_VARS_USED=0 -DCONFIG_BUF_LEN=65536 -DMAX_DOMAINS_F=21 -DMAX_HISTORY=25 -DNMM_NEST=0 -DWRF_CHEM -DBUILD_CHEM=1 -DWRF_KPP -I. -traditional-cpp -DUSE_NETCDF4_FEATURES -DWRFIO_NCD_LARGE_FILE_SUPPORT   module_cam_mam_drydep.G  > module_cam_mam_drydep.bb
/home/onishi/WRF/tools/standard.exe module_cam_mam_drydep.bb | /lib/cpp -P -nostdinc -I/home/onishi/WRF/external/ioapi_share -traditional-cpp -DUSE_NETCDF4_FEATURES -DWRFIO_NCD_LARGE_FILE_SUPPORT > module_cam_mam_drydep.f90
rm -f module_cam_mam_drydep.G module_cam_mam_drydep.bb
time mpif90 -f90=ifort -o module_cam_mam_drydep.o -c -O3 -ip -fp-model precise -w -ftz -align all -fno-alias -FR -convert big_endian    -I../dyn_em  -I/home/onishi/WRF/external/esmf_time_f90  -I/home/onishi/WRF/main -I/home/onishi/WRF/external/io_netcdf -I/home/onishi/WRF/external/io_int -I/home/onishi/WRF/frame -I/home/onishi/WRF/share -I/home/onishi/WRF/phys -I/home/onishi/WRF/wrftladj -I/home/onishi/WRF/chem -I/home/onishi/WRF/inc -I/home/onishi/NETCDF_DIR2//include  -real-size `expr 8 \* 4` -i4  module_cam_mam_drydep.f90
0.06user 0.06system 0:00.15elapsed 82%CPU (0avgtext+0avgdata 51784maxresident)k
8inputs+1000outputs (0major+8600minor)pagefaults 0swaps
rm -f module_cam_mam_addemiss.o
sed -e "s/^\!.*'.*//" -e "s/^ *\!.*'.*//" module_cam_mam_addemiss.F > module_cam_mam_addemiss.G
/lib/cpp -P -nostdinc -I/home/onishi/WRF/external/ioapi_share -I/home/onishi/WRF/inc -DEM_CORE=1 -DNMM_CORE=0 -DNMM_MAX_DIM=2600 -DDA_CORE=0 -DWRFPLUS=0 -DIWORDSIZE=4 -DDWORDSIZE=8 -DRWORDSIZE=4 -DLWORDSIZE=4 -DNONSTANDARD_SYSTEM_FUNC  -DWRF_USE_CLM -DUSE_NETCDF4_FEATURES -DWRFIO_NCD_LARGE_FILE_SUPPORT  -DDM_PARALLEL -DNETCDF -DGRIB2 -DHDF5 -DLANDREAD_STUB=1 -DUSE_ALLOCATABLES -Dwrfmodel -DGRIB1 -DINTIO -DKEEP_INT_AROUND -DLIMIT_ARGS -DBUILD_RRTMG_FAST=0 -DBUILD_RRTMK=0 -DBUILD_SBM_FAST=1 -DSHOW_ALL_VARS_USED=0 -DCONFIG_BUF_LEN=65536 -DMAX_DOMAINS_F=21 -DMAX_HISTORY=25 -DNMM_NEST=0 -DWRF_CHEM -DBUILD_CHEM=1 -DWRF_KPP -I. -traditional-cpp -DUSE_NETCDF4_FEATURES -DWRFIO_NCD_LARGE_FILE_SUPPORT   module_cam_mam_addemiss.G  > module_cam_mam_addemiss.bb
/home/onishi/WRF/tools/standard.exe module_cam_mam_addemiss.bb | /lib/cpp -P -nostdinc -I/home/onishi/WRF/external/ioapi_share -traditional-cpp -DUSE_NETCDF4_FEATURES -DWRFIO_NCD_LARGE_FILE_SUPPORT > module_cam_mam_addemiss.f90
rm -f module_cam_mam_addemiss.G module_cam_mam_addemiss.bb
time mpif90 -f90=ifort -o module_cam_mam_addemiss.o -c -O3 -ip -fp-model precise -w -ftz -align all -fno-alias -FR -convert big_endian    -I../dyn_em  -I/home/onishi/WRF/external/esmf_time_f90  -I/home/onishi/WRF/main -I/home/onishi/WRF/external/io_netcdf -I/home/onishi/WRF/external/io_int -I/home/onishi/WRF/frame -I/home/onishi/WRF/share -I/home/onishi/WRF/phys -I/home/onishi/WRF/wrftladj -I/home/onishi/WRF/chem -I/home/onishi/WRF/inc -I/home/onishi/NETCDF_DIR2//include  -real-size `expr 8 \* 4` -i4  module_cam_mam_addemiss.f90
0.81user 0.11system 0:00.94elapsed 98%CPU (0avgtext+0avgdata 95124maxresident)k
64inputs+1408outputs (0major+20396minor)pagefaults 0swaps
rm -f module_mosaic_cloudchem.o
sed -e "s/^\!.*'.*//" -e "s/^ *\!.*'.*//" module_mosaic_cloudchem.F > module_mosaic_cloudchem.G
/lib/cpp -P -nostdinc -I/home/onishi/WRF/external/ioapi_share -I/home/onishi/WRF/inc -DEM_CORE=1 -DNMM_CORE=0 -DNMM_MAX_DIM=2600 -DDA_CORE=0 -DWRFPLUS=0 -DIWORDSIZE=4 -DDWORDSIZE=8 -DRWORDSIZE=4 -DLWORDSIZE=4 -DNONSTANDARD_SYSTEM_FUNC  -DWRF_USE_CLM -DUSE_NETCDF4_FEATURES -DWRFIO_NCD_LARGE_FILE_SUPPORT  -DDM_PARALLEL -DNETCDF -DGRIB2 -DHDF5 -DLANDREAD_STUB=1 -DUSE_ALLOCATABLES -Dwrfmodel -DGRIB1 -DINTIO -DKEEP_INT_AROUND -DLIMIT_ARGS -DBUILD_RRTMG_FAST=0 -DBUILD_RRTMK=0 -DBUILD_SBM_FAST=1 -DSHOW_ALL_VARS_USED=0 -DCONFIG_BUF_LEN=65536 -DMAX_DOMAINS_F=21 -DMAX_HISTORY=25 -DNMM_NEST=0 -DWRF_CHEM -DBUILD_CHEM=1 -DWRF_KPP -I. -traditional-cpp -DUSE_NETCDF4_FEATURES -DWRFIO_NCD_LARGE_FILE_SUPPORT   module_mosaic_cloudchem.G  > module_mosaic_cloudchem.bb
/home/onishi/WRF/tools/standard.exe module_mosaic_cloudchem.bb | /lib/cpp -P -nostdinc -I/home/onishi/WRF/external/ioapi_share -traditional-cpp -DUSE_NETCDF4_FEATURES -DWRFIO_NCD_LARGE_FILE_SUPPORT > module_mosaic_cloudchem.f90
rm -f module_mosaic_cloudchem.G module_mosaic_cloudchem.bb
time mpif90 -f90=ifort -o module_mosaic_cloudchem.o -c -O3 -ip -fp-model precise -w -ftz -align all -fno-alias -FR -convert big_endian    -I../dyn_em  -I/home/onishi/WRF/external/esmf_time_f90  -I/home/onishi/WRF/main -I/home/onishi/WRF/external/io_netcdf -I/home/onishi/WRF/external/io_int -I/home/onishi/WRF/frame -I/home/onishi/WRF/share -I/home/onishi/WRF/phys -I/home/onishi/WRF/wrftladj -I/home/onishi/WRF/chem -I/home/onishi/WRF/inc -I/home/onishi/NETCDF_DIR2//include  -real-size `expr 8 \* 4` -i4  module_mosaic_cloudchem.f90
0.61user 0.10system 0:00.75elapsed 95%CPU (0avgtext+0avgdata 68348maxresident)k
120inputs+2496outputs (0major+14014minor)pagefaults 0swaps
rm -f module_sorgam_cloudchem.o
sed -e "s/^\!.*'.*//" -e "s/^ *\!.*'.*//" module_sorgam_cloudchem.F > module_sorgam_cloudchem.G
/lib/cpp -P -nostdinc -I/home/onishi/WRF/external/ioapi_share -I/home/onishi/WRF/inc -DEM_CORE=1 -DNMM_CORE=0 -DNMM_MAX_DIM=2600 -DDA_CORE=0 -DWRFPLUS=0 -DIWORDSIZE=4 -DDWORDSIZE=8 -DRWORDSIZE=4 -DLWORDSIZE=4 -DNONSTANDARD_SYSTEM_FUNC  -DWRF_USE_CLM -DUSE_NETCDF4_FEATURES -DWRFIO_NCD_LARGE_FILE_SUPPORT  -DDM_PARALLEL -DNETCDF -DGRIB2 -DHDF5 -DLANDREAD_STUB=1 -DUSE_ALLOCATABLES -Dwrfmodel -DGRIB1 -DINTIO -DKEEP_INT_AROUND -DLIMIT_ARGS -DBUILD_RRTMG_FAST=0 -DBUILD_RRTMK=0 -DBUILD_SBM_FAST=1 -DSHOW_ALL_VARS_USED=0 -DCONFIG_BUF_LEN=65536 -DMAX_DOMAINS_F=21 -DMAX_HISTORY=25 -DNMM_NEST=0 -DWRF_CHEM -DBUILD_CHEM=1 -DWRF_KPP -I. -traditional-cpp -DUSE_NETCDF4_FEATURES -DWRFIO_NCD_LARGE_FILE_SUPPORT   module_sorgam_cloudchem.G  > module_sorgam_cloudchem.bb
/home/onishi/WRF/tools/standard.exe module_sorgam_cloudchem.bb | /lib/cpp -P -nostdinc -I/home/onishi/WRF/external/ioapi_share -traditional-cpp -DUSE_NETCDF4_FEATURES -DWRFIO_NCD_LARGE_FILE_SUPPORT > module_sorgam_cloudchem.f90
rm -f module_sorgam_cloudchem.G module_sorgam_cloudchem.bb
time mpif90 -f90=ifort -o module_sorgam_cloudchem.o -c -O3 -ip -fp-model precise -w -ftz -align all -fno-alias -FR -convert big_endian    -I../dyn_em  -I/home/onishi/WRF/external/esmf_time_f90  -I/home/onishi/WRF/main -I/home/onishi/WRF/external/io_netcdf -I/home/onishi/WRF/external/io_int -I/home/onishi/WRF/frame -I/home/onishi/WRF/share -I/home/onishi/WRF/phys -I/home/onishi/WRF/wrftladj -I/home/onishi/WRF/chem -I/home/onishi/WRF/inc -I/home/onishi/NETCDF_DIR2//include  -real-size `expr 8 \* 4` -i4  module_sorgam_cloudchem.f90
0.72user 0.15system 0:00.92elapsed 95%CPU (0avgtext+0avgdata 75368maxresident)k
88inputs+4392outputs (0major+15452minor)pagefaults 0swaps
rm -f module_sorgam_vbs_cloudchem.o
sed -e "s/^\!.*'.*//" -e "s/^ *\!.*'.*//" module_sorgam_vbs_cloudchem.F > module_sorgam_vbs_cloudchem.G
/lib/cpp -P -nostdinc -I/home/onishi/WRF/external/ioapi_share -I/home/onishi/WRF/inc -DEM_CORE=1 -DNMM_CORE=0 -DNMM_MAX_DIM=2600 -DDA_CORE=0 -DWRFPLUS=0 -DIWORDSIZE=4 -DDWORDSIZE=8 -DRWORDSIZE=4 -DLWORDSIZE=4 -DNONSTANDARD_SYSTEM_FUNC  -DWRF_USE_CLM -DUSE_NETCDF4_FEATURES -DWRFIO_NCD_LARGE_FILE_SUPPORT  -DDM_PARALLEL -DNETCDF -DGRIB2 -DHDF5 -DLANDREAD_STUB=1 -DUSE_ALLOCATABLES -Dwrfmodel -DGRIB1 -DINTIO -DKEEP_INT_AROUND -DLIMIT_ARGS -DBUILD_RRTMG_FAST=0 -DBUILD_RRTMK=0 -DBUILD_SBM_FAST=1 -DSHOW_ALL_VARS_USED=0 -DCONFIG_BUF_LEN=65536 -DMAX_DOMAINS_F=21 -DMAX_HISTORY=25 -DNMM_NEST=0 -DWRF_CHEM -DBUILD_CHEM=1 -DWRF_KPP -I. -traditional-cpp -DUSE_NETCDF4_FEATURES -DWRFIO_NCD_LARGE_FILE_SUPPORT   module_sorgam_vbs_cloudchem.G  > module_sorgam_vbs_cloudchem.bb
/home/onishi/WRF/tools/standard.exe module_sorgam_vbs_cloudchem.bb | /lib/cpp -P -nostdinc -I/home/onishi/WRF/external/ioapi_share -traditional-cpp -DUSE_NETCDF4_FEATURES -DWRFIO_NCD_LARGE_FILE_SUPPORT > module_sorgam_vbs_cloudchem.f90
rm -f module_sorgam_vbs_cloudchem.G module_sorgam_vbs_cloudchem.bb
time mpif90 -f90=ifort -o module_sorgam_vbs_cloudchem.o -c -O3 -ip -fp-model precise -w -ftz -align all -fno-alias -FR -convert big_endian    -I../dyn_em  -I/home/onishi/WRF/external/esmf_time_f90  -I/home/onishi/WRF/main -I/home/onishi/WRF/external/io_netcdf -I/home/onishi/WRF/external/io_int -I/home/onishi/WRF/frame -I/home/onishi/WRF/share -I/home/onishi/WRF/phys -I/home/onishi/WRF/wrftladj -I/home/onishi/WRF/chem -I/home/onishi/WRF/inc -I/home/onishi/NETCDF_DIR2//include  -real-size `expr 8 \* 4` -i4  module_sorgam_vbs_cloudchem.f90
0.77user 0.12system 0:00.93elapsed 96%CPU (0avgtext+0avgdata 75500maxresident)k
88inputs+4424outputs (0major+16608minor)pagefaults 0swaps
rm -f module_phot_fastj.o
sed -e "s/^\!.*'.*//" -e "s/^ *\!.*'.*//" module_phot_fastj.F > module_phot_fastj.G
/lib/cpp -P -nostdinc -I/home/onishi/WRF/external/ioapi_share -I/home/onishi/WRF/inc -DEM_CORE=1 -DNMM_CORE=0 -DNMM_MAX_DIM=2600 -DDA_CORE=0 -DWRFPLUS=0 -DIWORDSIZE=4 -DDWORDSIZE=8 -DRWORDSIZE=4 -DLWORDSIZE=4 -DNONSTANDARD_SYSTEM_FUNC  -DWRF_USE_CLM -DUSE_NETCDF4_FEATURES -DWRFIO_NCD_LARGE_FILE_SUPPORT  -DDM_PARALLEL -DNETCDF -DGRIB2 -DHDF5 -DLANDREAD_STUB=1 -DUSE_ALLOCATABLES -Dwrfmodel -DGRIB1 -DINTIO -DKEEP_INT_AROUND -DLIMIT_ARGS -DBUILD_RRTMG_FAST=0 -DBUILD_RRTMK=0 -DBUILD_SBM_FAST=1 -DSHOW_ALL_VARS_USED=0 -DCONFIG_BUF_LEN=65536 -DMAX_DOMAINS_F=21 -DMAX_HISTORY=25 -DNMM_NEST=0 -DWRF_CHEM -DBUILD_CHEM=1 -DWRF_KPP -I. -traditional-cpp -DUSE_NETCDF4_FEATURES -DWRFIO_NCD_LARGE_FILE_SUPPORT   module_phot_fastj.G  > module_phot_fastj.bb
/home/onishi/WRF/tools/standard.exe module_phot_fastj.bb | /lib/cpp -P -nostdinc -I/home/onishi/WRF/external/ioapi_share -traditional-cpp -DUSE_NETCDF4_FEATURES -DWRFIO_NCD_LARGE_FILE_SUPPORT > module_phot_fastj.f90
rm -f module_phot_fastj.G module_phot_fastj.bb
time mpif90 -f90=ifort -o module_phot_fastj.o -c -O3 -ip -fp-model precise -w -ftz -align all -fno-alias -FR -convert big_endian    -I../dyn_em  -I/home/onishi/WRF/external/esmf_time_f90  -I/home/onishi/WRF/main -I/home/onishi/WRF/external/io_netcdf -I/home/onishi/WRF/external/io_int -I/home/onishi/WRF/frame -I/home/onishi/WRF/share -I/home/onishi/WRF/phys -I/home/onishi/WRF/wrftladj -I/home/onishi/WRF/chem -I/home/onishi/WRF/inc -I/home/onishi/NETCDF_DIR2//include  -real-size `expr 8 \* 4` -i4  module_phot_fastj.f90
2.22user 0.13system 0:02.37elapsed 99%CPU (0avgtext+0avgdata 87936maxresident)k
248inputs+2768outputs (0major+22548minor)pagefaults 0swaps
rm -f module_chem_cup.o
sed -e "s/^\!.*'.*//" -e "s/^ *\!.*'.*//" module_chem_cup.F > module_chem_cup.G
/lib/cpp -P -nostdinc -I/home/onishi/WRF/external/ioapi_share -I/home/onishi/WRF/inc -DEM_CORE=1 -DNMM_CORE=0 -DNMM_MAX_DIM=2600 -DDA_CORE=0 -DWRFPLUS=0 -DIWORDSIZE=4 -DDWORDSIZE=8 -DRWORDSIZE=4 -DLWORDSIZE=4 -DNONSTANDARD_SYSTEM_FUNC  -DWRF_USE_CLM -DUSE_NETCDF4_FEATURES -DWRFIO_NCD_LARGE_FILE_SUPPORT  -DDM_PARALLEL -DNETCDF -DGRIB2 -DHDF5 -DLANDREAD_STUB=1 -DUSE_ALLOCATABLES -Dwrfmodel -DGRIB1 -DINTIO -DKEEP_INT_AROUND -DLIMIT_ARGS -DBUILD_RRTMG_FAST=0 -DBUILD_RRTMK=0 -DBUILD_SBM_FAST=1 -DSHOW_ALL_VARS_USED=0 -DCONFIG_BUF_LEN=65536 -DMAX_DOMAINS_F=21 -DMAX_HISTORY=25 -DNMM_NEST=0 -DWRF_CHEM -DBUILD_CHEM=1 -DWRF_KPP -I. -traditional-cpp -DUSE_NETCDF4_FEATURES -DWRFIO_NCD_LARGE_FILE_SUPPORT   module_chem_cup.G  > module_chem_cup.bb
/home/onishi/WRF/tools/standard.exe module_chem_cup.bb | /lib/cpp -P -nostdinc -I/home/onishi/WRF/external/ioapi_share -traditional-cpp -DUSE_NETCDF4_FEATURES -DWRFIO_NCD_LARGE_FILE_SUPPORT > module_chem_cup.f90
rm -f module_chem_cup.G module_chem_cup.bb
time mpif90 -f90=ifort -o module_chem_cup.o -c -O3 -ip -fp-model precise -w -ftz -align all -fno-alias -FR -convert big_endian    -I../dyn_em  -I/home/onishi/WRF/external/esmf_time_f90  -I/home/onishi/WRF/main -I/home/onishi/WRF/external/io_netcdf -I/home/onishi/WRF/external/io_int -I/home/onishi/WRF/frame -I/home/onishi/WRF/share -I/home/onishi/WRF/phys -I/home/onishi/WRF/wrftladj -I/home/onishi/WRF/chem -I/home/onishi/WRF/inc -I/home/onishi/NETCDF_DIR2//include  -real-size `expr 8 \* 4` -i4  module_chem_cup.f90
5.64user 0.27system 0:05.95elapsed 99%CPU (0avgtext+0avgdata 245476maxresident)k
2096inputs+4368outputs (0major+75496minor)pagefaults 0swaps
rm -f kpp_mechanism_driver.o
sed -e "s/^\!.*'.*//" -e "s/^ *\!.*'.*//" kpp_mechanism_driver.F > kpp_mechanism_driver.G
/lib/cpp -P -nostdinc -I/home/onishi/WRF/external/ioapi_share -I/home/onishi/WRF/inc -DEM_CORE=1 -DNMM_CORE=0 -DNMM_MAX_DIM=2600 -DDA_CORE=0 -DWRFPLUS=0 -DIWORDSIZE=4 -DDWORDSIZE=8 -DRWORDSIZE=4 -DLWORDSIZE=4 -DNONSTANDARD_SYSTEM_FUNC  -DWRF_USE_CLM -DUSE_NETCDF4_FEATURES -DWRFIO_NCD_LARGE_FILE_SUPPORT  -DDM_PARALLEL -DNETCDF -DGRIB2 -DHDF5 -DLANDREAD_STUB=1 -DUSE_ALLOCATABLES -Dwrfmodel -DGRIB1 -DINTIO -DKEEP_INT_AROUND -DLIMIT_ARGS -DBUILD_RRTMG_FAST=0 -DBUILD_RRTMK=0 -DBUILD_SBM_FAST=1 -DSHOW_ALL_VARS_USED=0 -DCONFIG_BUF_LEN=65536 -DMAX_DOMAINS_F=21 -DMAX_HISTORY=25 -DNMM_NEST=0 -DWRF_CHEM -DBUILD_CHEM=1 -DWRF_KPP -I. -traditional-cpp -DUSE_NETCDF4_FEATURES -DWRFIO_NCD_LARGE_FILE_SUPPORT   kpp_mechanism_driver.G  > kpp_mechanism_driver.bb
/home/onishi/WRF/tools/standard.exe kpp_mechanism_driver.bb | /lib/cpp -P -nostdinc -I/home/onishi/WRF/external/ioapi_share -traditional-cpp -DUSE_NETCDF4_FEATURES -DWRFIO_NCD_LARGE_FILE_SUPPORT > kpp_mechanism_driver.f90
rm -f kpp_mechanism_driver.G kpp_mechanism_driver.bb
time mpif90 -f90=ifort -o kpp_mechanism_driver.o -c -O3 -ip -fp-model precise -w -ftz -align all -fno-alias -FR -convert big_endian    -I../dyn_em  -I/home/onishi/WRF/external/esmf_time_f90  -I/home/onishi/WRF/main -I/home/onishi/WRF/external/io_netcdf -I/home/onishi/WRF/external/io_int -I/home/onishi/WRF/frame -I/home/onishi/WRF/share -I/home/onishi/WRF/phys -I/home/onishi/WRF/wrftladj -I/home/onishi/WRF/chem -I/home/onishi/WRF/inc -I/home/onishi/NETCDF_DIR2//include  -real-size `expr 8 \* 4` -i4  kpp_mechanism_driver.f90
0.42user 0.15system 0:00.69elapsed 82%CPU (0avgtext+0avgdata 125696maxresident)k
30624inputs+472outputs (0major+28081minor)pagefaults 0swaps
rm -f chemics_init.o
sed -e "s/^\!.*'.*//" -e "s/^ *\!.*'.*//" chemics_init.F > chemics_init.G
/lib/cpp -P -nostdinc -I/home/onishi/WRF/external/ioapi_share -I/home/onishi/WRF/inc -DEM_CORE=1 -DNMM_CORE=0 -DNMM_MAX_DIM=2600 -DDA_CORE=0 -DWRFPLUS=0 -DIWORDSIZE=4 -DDWORDSIZE=8 -DRWORDSIZE=4 -DLWORDSIZE=4 -DNONSTANDARD_SYSTEM_FUNC  -DWRF_USE_CLM -DUSE_NETCDF4_FEATURES -DWRFIO_NCD_LARGE_FILE_SUPPORT  -DDM_PARALLEL -DNETCDF -DGRIB2 -DHDF5 -DLANDREAD_STUB=1 -DUSE_ALLOCATABLES -Dwrfmodel -DGRIB1 -DINTIO -DKEEP_INT_AROUND -DLIMIT_ARGS -DBUILD_RRTMG_FAST=0 -DBUILD_RRTMK=0 -DBUILD_SBM_FAST=1 -DSHOW_ALL_VARS_USED=0 -DCONFIG_BUF_LEN=65536 -DMAX_DOMAINS_F=21 -DMAX_HISTORY=25 -DNMM_NEST=0 -DWRF_CHEM -DBUILD_CHEM=1 -DWRF_KPP -I. -traditional-cpp -DUSE_NETCDF4_FEATURES -DWRFIO_NCD_LARGE_FILE_SUPPORT   chemics_init.G  > chemics_init.bb
/home/onishi/WRF/tools/standard.exe chemics_init.bb | /lib/cpp -P -nostdinc -I/home/onishi/WRF/external/ioapi_share -traditional-cpp -DUSE_NETCDF4_FEATURES -DWRFIO_NCD_LARGE_FILE_SUPPORT > chemics_init.f90
rm -f chemics_init.G chemics_init.bb
time mpif90 -f90=ifort -o chemics_init.o -c -O3 -ip -fp-model precise -w -ftz -align all -fno-alias -FR -convert big_endian    -I../dyn_em  -I/home/onishi/WRF/external/esmf_time_f90  -I/home/onishi/WRF/main -I/home/onishi/WRF/external/io_netcdf -I/home/onishi/WRF/external/io_int -I/home/onishi/WRF/frame -I/home/onishi/WRF/share -I/home/onishi/WRF/phys -I/home/onishi/WRF/wrftladj -I/home/onishi/WRF/chem -I/home/onishi/WRF/inc -I/home/onishi/NETCDF_DIR2//include  -real-size `expr 8 \* 4` -i4  chemics_init.f90
52.12user 1.10system 0:53.30elapsed 99%CPU (0avgtext+0avgdata 803388maxresident)k
21352inputs+3176outputs (0major+276941minor)pagefaults 0swaps
rm -f ../dyn_em/module_convtrans_prep.o
sed -e "s/^\!.*'.*//" -e "s/^ *\!.*'.*//" ../dyn_em/module_convtrans_prep.F > ../dyn_em/module_convtrans_prep.G
/lib/cpp -P -nostdinc -I/home/onishi/WRF/external/ioapi_share -I/home/onishi/WRF/inc -DEM_CORE=1 -DNMM_CORE=0 -DNMM_MAX_DIM=2600 -DDA_CORE=0 -DWRFPLUS=0 -DIWORDSIZE=4 -DDWORDSIZE=8 -DRWORDSIZE=4 -DLWORDSIZE=4 -DNONSTANDARD_SYSTEM_FUNC  -DWRF_USE_CLM -DUSE_NETCDF4_FEATURES -DWRFIO_NCD_LARGE_FILE_SUPPORT  -DDM_PARALLEL -DNETCDF -DGRIB2 -DHDF5 -DLANDREAD_STUB=1 -DUSE_ALLOCATABLES -Dwrfmodel -DGRIB1 -DINTIO -DKEEP_INT_AROUND -DLIMIT_ARGS -DBUILD_RRTMG_FAST=0 -DBUILD_RRTMK=0 -DBUILD_SBM_FAST=1 -DSHOW_ALL_VARS_USED=0 -DCONFIG_BUF_LEN=65536 -DMAX_DOMAINS_F=21 -DMAX_HISTORY=25 -DNMM_NEST=0 -DWRF_CHEM -DBUILD_CHEM=1 -DWRF_KPP -I. -traditional-cpp -DUSE_NETCDF4_FEATURES -DWRFIO_NCD_LARGE_FILE_SUPPORT   ../dyn_em/module_convtrans_prep.G  > ../dyn_em/module_convtrans_prep.bb
/home/onishi/WRF/tools/standard.exe ../dyn_em/module_convtrans_prep.bb | /lib/cpp -P -nostdinc -I/home/onishi/WRF/external/ioapi_share -traditional-cpp -DUSE_NETCDF4_FEATURES -DWRFIO_NCD_LARGE_FILE_SUPPORT > ../dyn_em/module_convtrans_prep.f90
rm -f ../dyn_em/module_convtrans_prep.G ../dyn_em/module_convtrans_prep.bb
time mpif90 -f90=ifort -o ../dyn_em/module_convtrans_prep.o -c -O3 -ip -fp-model precise -w -ftz -align all -fno-alias -FR -convert big_endian    -I../dyn_em  -I/home/onishi/WRF/external/esmf_time_f90  -I/home/onishi/WRF/main -I/home/onishi/WRF/external/io_netcdf -I/home/onishi/WRF/external/io_int -I/home/onishi/WRF/frame -I/home/onishi/WRF/share -I/home/onishi/WRF/phys -I/home/onishi/WRF/wrftladj -I/home/onishi/WRF/chem -I/home/onishi/WRF/inc -I/home/onishi/NETCDF_DIR2//include  -real-size `expr 8 \* 4` -i4  ../dyn_em/module_convtrans_prep.f90
0.30user 0.07system 0:00.41elapsed 90%CPU (0avgtext+0avgdata 73180maxresident)k
16inputs+248outputs (0major+14552minor)pagefaults 0swaps
rm -f dry_dep_driver.o
sed -e "s/^\!.*'.*//" -e "s/^ *\!.*'.*//" dry_dep_driver.F > dry_dep_driver.G
/lib/cpp -P -nostdinc -I/home/onishi/WRF/external/ioapi_share -I/home/onishi/WRF/inc -DEM_CORE=1 -DNMM_CORE=0 -DNMM_MAX_DIM=2600 -DDA_CORE=0 -DWRFPLUS=0 -DIWORDSIZE=4 -DDWORDSIZE=8 -DRWORDSIZE=4 -DLWORDSIZE=4 -DNONSTANDARD_SYSTEM_FUNC  -DWRF_USE_CLM -DUSE_NETCDF4_FEATURES -DWRFIO_NCD_LARGE_FILE_SUPPORT  -DDM_PARALLEL -DNETCDF -DGRIB2 -DHDF5 -DLANDREAD_STUB=1 -DUSE_ALLOCATABLES -Dwrfmodel -DGRIB1 -DINTIO -DKEEP_INT_AROUND -DLIMIT_ARGS -DBUILD_RRTMG_FAST=0 -DBUILD_RRTMK=0 -DBUILD_SBM_FAST=1 -DSHOW_ALL_VARS_USED=0 -DCONFIG_BUF_LEN=65536 -DMAX_DOMAINS_F=21 -DMAX_HISTORY=25 -DNMM_NEST=0 -DWRF_CHEM -DBUILD_CHEM=1 -DWRF_KPP -I. -traditional-cpp -DUSE_NETCDF4_FEATURES -DWRFIO_NCD_LARGE_FILE_SUPPORT   dry_dep_driver.G  > dry_dep_driver.bb
/home/onishi/WRF/tools/standard.exe dry_dep_driver.bb | /lib/cpp -P -nostdinc -I/home/onishi/WRF/external/ioapi_share -traditional-cpp -DUSE_NETCDF4_FEATURES -DWRFIO_NCD_LARGE_FILE_SUPPORT > dry_dep_driver.f90
rm -f dry_dep_driver.G dry_dep_driver.bb
time mpif90 -f90=ifort -o dry_dep_driver.o -c -O3 -ip -fp-model precise -w -ftz -align all -fno-alias -FR -convert big_endian    -I../dyn_em  -I/home/onishi/WRF/external/esmf_time_f90  -I/home/onishi/WRF/main -I/home/onishi/WRF/external/io_netcdf -I/home/onishi/WRF/external/io_int -I/home/onishi/WRF/frame -I/home/onishi/WRF/share -I/home/onishi/WRF/phys -I/home/onishi/WRF/wrftladj -I/home/onishi/WRF/chem -I/home/onishi/WRF/inc -I/home/onishi/NETCDF_DIR2//include  -real-size `expr 8 \* 4` -i4  dry_dep_driver.f90
42.81user 0.80system 0:43.67elapsed 99%CPU (0avgtext+0avgdata 689032maxresident)k
12848inputs+4136outputs (0major+210387minor)pagefaults 0swaps
rm -f emissions_driver.o
sed -e "s/^\!.*'.*//" -e "s/^ *\!.*'.*//" emissions_driver.F > emissions_driver.G
/lib/cpp -P -nostdinc -I/home/onishi/WRF/external/ioapi_share -I/home/onishi/WRF/inc -DEM_CORE=1 -DNMM_CORE=0 -DNMM_MAX_DIM=2600 -DDA_CORE=0 -DWRFPLUS=0 -DIWORDSIZE=4 -DDWORDSIZE=8 -DRWORDSIZE=4 -DLWORDSIZE=4 -DNONSTANDARD_SYSTEM_FUNC  -DWRF_USE_CLM -DUSE_NETCDF4_FEATURES -DWRFIO_NCD_LARGE_FILE_SUPPORT  -DDM_PARALLEL -DNETCDF -DGRIB2 -DHDF5 -DLANDREAD_STUB=1 -DUSE_ALLOCATABLES -Dwrfmodel -DGRIB1 -DINTIO -DKEEP_INT_AROUND -DLIMIT_ARGS -DBUILD_RRTMG_FAST=0 -DBUILD_RRTMK=0 -DBUILD_SBM_FAST=1 -DSHOW_ALL_VARS_USED=0 -DCONFIG_BUF_LEN=65536 -DMAX_DOMAINS_F=21 -DMAX_HISTORY=25 -DNMM_NEST=0 -DWRF_CHEM -DBUILD_CHEM=1 -DWRF_KPP -I. -traditional-cpp -DUSE_NETCDF4_FEATURES -DWRFIO_NCD_LARGE_FILE_SUPPORT   emissions_driver.G  > emissions_driver.bb
/home/onishi/WRF/tools/standard.exe emissions_driver.bb | /lib/cpp -P -nostdinc -I/home/onishi/WRF/external/ioapi_share -traditional-cpp -DUSE_NETCDF4_FEATURES -DWRFIO_NCD_LARGE_FILE_SUPPORT > emissions_driver.f90
rm -f emissions_driver.G emissions_driver.bb
time mpif90 -f90=ifort -o emissions_driver.o -c -O3 -ip -fp-model precise -w -ftz -align all -fno-alias -FR -convert big_endian    -I../dyn_em  -I/home/onishi/WRF/external/esmf_time_f90  -I/home/onishi/WRF/main -I/home/onishi/WRF/external/io_netcdf -I/home/onishi/WRF/external/io_int -I/home/onishi/WRF/frame -I/home/onishi/WRF/share -I/home/onishi/WRF/phys -I/home/onishi/WRF/wrftladj -I/home/onishi/WRF/chem -I/home/onishi/WRF/inc -I/home/onishi/NETCDF_DIR2//include  -real-size `expr 8 \* 4` -i4  emissions_driver.f90
8.46user 0.31system 0:08.84elapsed 99%CPU (0avgtext+0avgdata 364520maxresident)k
17088inputs+3104outputs (0major+100813minor)pagefaults 0swaps
rm -f chem_driver.o
sed -e "s/^\!.*'.*//" -e "s/^ *\!.*'.*//" chem_driver.F > chem_driver.G
/lib/cpp -P -nostdinc -I/home/onishi/WRF/external/ioapi_share -I/home/onishi/WRF/inc -DEM_CORE=1 -DNMM_CORE=0 -DNMM_MAX_DIM=2600 -DDA_CORE=0 -DWRFPLUS=0 -DIWORDSIZE=4 -DDWORDSIZE=8 -DRWORDSIZE=4 -DLWORDSIZE=4 -DNONSTANDARD_SYSTEM_FUNC  -DWRF_USE_CLM -DUSE_NETCDF4_FEATURES -DWRFIO_NCD_LARGE_FILE_SUPPORT  -DDM_PARALLEL -DNETCDF -DGRIB2 -DHDF5 -DLANDREAD_STUB=1 -DUSE_ALLOCATABLES -Dwrfmodel -DGRIB1 -DINTIO -DKEEP_INT_AROUND -DLIMIT_ARGS -DBUILD_RRTMG_FAST=0 -DBUILD_RRTMK=0 -DBUILD_SBM_FAST=1 -DSHOW_ALL_VARS_USED=0 -DCONFIG_BUF_LEN=65536 -DMAX_DOMAINS_F=21 -DMAX_HISTORY=25 -DNMM_NEST=0 -DWRF_CHEM -DBUILD_CHEM=1 -DWRF_KPP -I. -traditional-cpp -DUSE_NETCDF4_FEATURES -DWRFIO_NCD_LARGE_FILE_SUPPORT   chem_driver.G  > chem_driver.bb
/home/onishi/WRF/tools/standard.exe chem_driver.bb | /lib/cpp -P -nostdinc -I/home/onishi/WRF/external/ioapi_share -traditional-cpp -DUSE_NETCDF4_FEATURES -DWRFIO_NCD_LARGE_FILE_SUPPORT > chem_driver.f90
rm -f chem_driver.G chem_driver.bb
time mpif90 -f90=ifort -o chem_driver.o -c -O3 -ip -fp-model precise -w -ftz -align all -fno-alias -FR -convert big_endian    -I../dyn_em  -I/home/onishi/WRF/external/esmf_time_f90  -I/home/onishi/WRF/main -I/home/onishi/WRF/external/io_netcdf -I/home/onishi/WRF/external/io_int -I/home/onishi/WRF/frame -I/home/onishi/WRF/share -I/home/onishi/WRF/phys -I/home/onishi/WRF/wrftladj -I/home/onishi/WRF/chem -I/home/onishi/WRF/inc -I/home/onishi/NETCDF_DIR2//include  -real-size `expr 8 \* 4` -i4  chem_driver.f90
11.60user 0.65system 0:12.32elapsed 99%CPU (0avgtext+0avgdata 801344maxresident)k
6240inputs+3144outputs (0major+218468minor)pagefaults 0swaps
rm -f cloudchem_driver.o
sed -e "s/^\!.*'.*//" -e "s/^ *\!.*'.*//" cloudchem_driver.F > cloudchem_driver.G
/lib/cpp -P -nostdinc -I/home/onishi/WRF/external/ioapi_share -I/home/onishi/WRF/inc -DEM_CORE=1 -DNMM_CORE=0 -DNMM_MAX_DIM=2600 -DDA_CORE=0 -DWRFPLUS=0 -DIWORDSIZE=4 -DDWORDSIZE=8 -DRWORDSIZE=4 -DLWORDSIZE=4 -DNONSTANDARD_SYSTEM_FUNC  -DWRF_USE_CLM -DUSE_NETCDF4_FEATURES -DWRFIO_NCD_LARGE_FILE_SUPPORT  -DDM_PARALLEL -DNETCDF -DGRIB2 -DHDF5 -DLANDREAD_STUB=1 -DUSE_ALLOCATABLES -Dwrfmodel -DGRIB1 -DINTIO -DKEEP_INT_AROUND -DLIMIT_ARGS -DBUILD_RRTMG_FAST=0 -DBUILD_RRTMK=0 -DBUILD_SBM_FAST=1 -DSHOW_ALL_VARS_USED=0 -DCONFIG_BUF_LEN=65536 -DMAX_DOMAINS_F=21 -DMAX_HISTORY=25 -DNMM_NEST=0 -DWRF_CHEM -DBUILD_CHEM=1 -DWRF_KPP -I. -traditional-cpp -DUSE_NETCDF4_FEATURES -DWRFIO_NCD_LARGE_FILE_SUPPORT   cloudchem_driver.G  > cloudchem_driver.bb
/home/onishi/WRF/tools/standard.exe cloudchem_driver.bb | /lib/cpp -P -nostdinc -I/home/onishi/WRF/external/ioapi_share -traditional-cpp -DUSE_NETCDF4_FEATURES -DWRFIO_NCD_LARGE_FILE_SUPPORT > cloudchem_driver.f90
rm -f cloudchem_driver.G cloudchem_driver.bb
time mpif90 -f90=ifort -o cloudchem_driver.o -c -O3 -ip -fp-model precise -w -ftz -align all -fno-alias -FR -convert big_endian    -I../dyn_em  -I/home/onishi/WRF/external/esmf_time_f90  -I/home/onishi/WRF/main -I/home/onishi/WRF/external/io_netcdf -I/home/onishi/WRF/external/io_int -I/home/onishi/WRF/frame -I/home/onishi/WRF/share -I/home/onishi/WRF/phys -I/home/onishi/WRF/wrftladj -I/home/onishi/WRF/chem -I/home/onishi/WRF/inc -I/home/onishi/NETCDF_DIR2//include  -real-size `expr 8 \* 4` -i4  cloudchem_driver.f90
0.07user 0.09system 0:00.21elapsed 77%CPU (0avgtext+0avgdata 60848maxresident)k
10856inputs+120outputs (0major+11563minor)pagefaults 0swaps
rm -f photolysis_driver.o
sed -e "s/^\!.*'.*//" -e "s/^ *\!.*'.*//" photolysis_driver.F > photolysis_driver.G
/lib/cpp -P -nostdinc -I/home/onishi/WRF/external/ioapi_share -I/home/onishi/WRF/inc -DEM_CORE=1 -DNMM_CORE=0 -DNMM_MAX_DIM=2600 -DDA_CORE=0 -DWRFPLUS=0 -DIWORDSIZE=4 -DDWORDSIZE=8 -DRWORDSIZE=4 -DLWORDSIZE=4 -DNONSTANDARD_SYSTEM_FUNC  -DWRF_USE_CLM -DUSE_NETCDF4_FEATURES -DWRFIO_NCD_LARGE_FILE_SUPPORT  -DDM_PARALLEL -DNETCDF -DGRIB2 -DHDF5 -DLANDREAD_STUB=1 -DUSE_ALLOCATABLES -Dwrfmodel -DGRIB1 -DINTIO -DKEEP_INT_AROUND -DLIMIT_ARGS -DBUILD_RRTMG_FAST=0 -DBUILD_RRTMK=0 -DBUILD_SBM_FAST=1 -DSHOW_ALL_VARS_USED=0 -DCONFIG_BUF_LEN=65536 -DMAX_DOMAINS_F=21 -DMAX_HISTORY=25 -DNMM_NEST=0 -DWRF_CHEM -DBUILD_CHEM=1 -DWRF_KPP -I. -traditional-cpp -DUSE_NETCDF4_FEATURES -DWRFIO_NCD_LARGE_FILE_SUPPORT   photolysis_driver.G  > photolysis_driver.bb
/home/onishi/WRF/tools/standard.exe photolysis_driver.bb | /lib/cpp -P -nostdinc -I/home/onishi/WRF/external/ioapi_share -traditional-cpp -DUSE_NETCDF4_FEATURES -DWRFIO_NCD_LARGE_FILE_SUPPORT > photolysis_driver.f90
rm -f photolysis_driver.G photolysis_driver.bb
time mpif90 -f90=ifort -o photolysis_driver.o -c -O3 -ip -fp-model precise -w -ftz -align all -fno-alias -FR -convert big_endian    -I../dyn_em  -I/home/onishi/WRF/external/esmf_time_f90  -I/home/onishi/WRF/main -I/home/onishi/WRF/external/io_netcdf -I/home/onishi/WRF/external/io_int -I/home/onishi/WRF/frame -I/home/onishi/WRF/share -I/home/onishi/WRF/phys -I/home/onishi/WRF/wrftladj -I/home/onishi/WRF/chem -I/home/onishi/WRF/inc -I/home/onishi/NETCDF_DIR2//include  -real-size `expr 8 \* 4` -i4  photolysis_driver.f90
0.13user 0.07system 0:00.23elapsed 87%CPU (0avgtext+0avgdata 68380maxresident)k
32inputs+144outputs (0major+13328minor)pagefaults 0swaps
rm -f optical_driver.o
sed -e "s/^\!.*'.*//" -e "s/^ *\!.*'.*//" optical_driver.F > optical_driver.G
/lib/cpp -P -nostdinc -I/home/onishi/WRF/external/ioapi_share -I/home/onishi/WRF/inc -DEM_CORE=1 -DNMM_CORE=0 -DNMM_MAX_DIM=2600 -DDA_CORE=0 -DWRFPLUS=0 -DIWORDSIZE=4 -DDWORDSIZE=8 -DRWORDSIZE=4 -DLWORDSIZE=4 -DNONSTANDARD_SYSTEM_FUNC  -DWRF_USE_CLM -DUSE_NETCDF4_FEATURES -DWRFIO_NCD_LARGE_FILE_SUPPORT  -DDM_PARALLEL -DNETCDF -DGRIB2 -DHDF5 -DLANDREAD_STUB=1 -DUSE_ALLOCATABLES -Dwrfmodel -DGRIB1 -DINTIO -DKEEP_INT_AROUND -DLIMIT_ARGS -DBUILD_RRTMG_FAST=0 -DBUILD_RRTMK=0 -DBUILD_SBM_FAST=1 -DSHOW_ALL_VARS_USED=0 -DCONFIG_BUF_LEN=65536 -DMAX_DOMAINS_F=21 -DMAX_HISTORY=25 -DNMM_NEST=0 -DWRF_CHEM -DBUILD_CHEM=1 -DWRF_KPP -I. -traditional-cpp -DUSE_NETCDF4_FEATURES -DWRFIO_NCD_LARGE_FILE_SUPPORT   optical_driver.G  > optical_driver.bb
/home/onishi/WRF/tools/standard.exe optical_driver.bb | /lib/cpp -P -nostdinc -I/home/onishi/WRF/external/ioapi_share -traditional-cpp -DUSE_NETCDF4_FEATURES -DWRFIO_NCD_LARGE_FILE_SUPPORT > optical_driver.f90
rm -f optical_driver.G optical_driver.bb
time mpif90 -f90=ifort -o optical_driver.o -c -O3 -ip -fp-model precise -w -ftz -align all -fno-alias -FR -convert big_endian    -I../dyn_em  -I/home/onishi/WRF/external/esmf_time_f90  -I/home/onishi/WRF/main -I/home/onishi/WRF/external/io_netcdf -I/home/onishi/WRF/external/io_int -I/home/onishi/WRF/frame -I/home/onishi/WRF/share -I/home/onishi/WRF/phys -I/home/onishi/WRF/wrftladj -I/home/onishi/WRF/chem -I/home/onishi/WRF/inc -I/home/onishi/NETCDF_DIR2//include  -real-size `expr 8 \* 4` -i4  optical_driver.f90
1.29user 0.12system 0:01.43elapsed 99%CPU (0avgtext+0avgdata 120908maxresident)k
1296inputs+760outputs (0major+27811minor)pagefaults 0swaps
rm -f mechanism_driver.o
sed -e "s/^\!.*'.*//" -e "s/^ *\!.*'.*//" mechanism_driver.F > mechanism_driver.G
/lib/cpp -P -nostdinc -I/home/onishi/WRF/external/ioapi_share -I/home/onishi/WRF/inc -DEM_CORE=1 -DNMM_CORE=0 -DNMM_MAX_DIM=2600 -DDA_CORE=0 -DWRFPLUS=0 -DIWORDSIZE=4 -DDWORDSIZE=8 -DRWORDSIZE=4 -DLWORDSIZE=4 -DNONSTANDARD_SYSTEM_FUNC  -DWRF_USE_CLM -DUSE_NETCDF4_FEATURES -DWRFIO_NCD_LARGE_FILE_SUPPORT  -DDM_PARALLEL -DNETCDF -DGRIB2 -DHDF5 -DLANDREAD_STUB=1 -DUSE_ALLOCATABLES -Dwrfmodel -DGRIB1 -DINTIO -DKEEP_INT_AROUND -DLIMIT_ARGS -DBUILD_RRTMG_FAST=0 -DBUILD_RRTMK=0 -DBUILD_SBM_FAST=1 -DSHOW_ALL_VARS_USED=0 -DCONFIG_BUF_LEN=65536 -DMAX_DOMAINS_F=21 -DMAX_HISTORY=25 -DNMM_NEST=0 -DWRF_CHEM -DBUILD_CHEM=1 -DWRF_KPP -I. -traditional-cpp -DUSE_NETCDF4_FEATURES -DWRFIO_NCD_LARGE_FILE_SUPPORT   mechanism_driver.G  > mechanism_driver.bb
/home/onishi/WRF/tools/standard.exe mechanism_driver.bb | /lib/cpp -P -nostdinc -I/home/onishi/WRF/external/ioapi_share -traditional-cpp -DUSE_NETCDF4_FEATURES -DWRFIO_NCD_LARGE_FILE_SUPPORT > mechanism_driver.f90
rm -f mechanism_driver.G mechanism_driver.bb
time mpif90 -f90=ifort -o mechanism_driver.o -c -O3 -ip -fp-model precise -w -ftz -align all -fno-alias -FR -convert big_endian    -I../dyn_em  -I/home/onishi/WRF/external/esmf_time_f90  -I/home/onishi/WRF/main -I/home/onishi/WRF/external/io_netcdf -I/home/onishi/WRF/external/io_int -I/home/onishi/WRF/frame -I/home/onishi/WRF/share -I/home/onishi/WRF/phys -I/home/onishi/WRF/wrftladj -I/home/onishi/WRF/chem -I/home/onishi/WRF/inc -I/home/onishi/NETCDF_DIR2//include  -real-size `expr 8 \* 4` -i4  mechanism_driver.f90
0.46user 0.10system 0:00.59elapsed 94%CPU (0avgtext+0avgdata 86904maxresident)k
1240inputs+336outputs (0major+17803minor)pagefaults 0swaps
rm -f aerosol_driver.o
sed -e "s/^\!.*'.*//" -e "s/^ *\!.*'.*//" aerosol_driver.F > aerosol_driver.G
/lib/cpp -P -nostdinc -I/home/onishi/WRF/external/ioapi_share -I/home/onishi/WRF/inc -DEM_CORE=1 -DNMM_CORE=0 -DNMM_MAX_DIM=2600 -DDA_CORE=0 -DWRFPLUS=0 -DIWORDSIZE=4 -DDWORDSIZE=8 -DRWORDSIZE=4 -DLWORDSIZE=4 -DNONSTANDARD_SYSTEM_FUNC  -DWRF_USE_CLM -DUSE_NETCDF4_FEATURES -DWRFIO_NCD_LARGE_FILE_SUPPORT  -DDM_PARALLEL -DNETCDF -DGRIB2 -DHDF5 -DLANDREAD_STUB=1 -DUSE_ALLOCATABLES -Dwrfmodel -DGRIB1 -DINTIO -DKEEP_INT_AROUND -DLIMIT_ARGS -DBUILD_RRTMG_FAST=0 -DBUILD_RRTMK=0 -DBUILD_SBM_FAST=1 -DSHOW_ALL_VARS_USED=0 -DCONFIG_BUF_LEN=65536 -DMAX_DOMAINS_F=21 -DMAX_HISTORY=25 -DNMM_NEST=0 -DWRF_CHEM -DBUILD_CHEM=1 -DWRF_KPP -I. -traditional-cpp -DUSE_NETCDF4_FEATURES -DWRFIO_NCD_LARGE_FILE_SUPPORT   aerosol_driver.G  > aerosol_driver.bb
/home/onishi/WRF/tools/standard.exe aerosol_driver.bb | /lib/cpp -P -nostdinc -I/home/onishi/WRF/external/ioapi_share -traditional-cpp -DUSE_NETCDF4_FEATURES -DWRFIO_NCD_LARGE_FILE_SUPPORT > aerosol_driver.f90
rm -f aerosol_driver.G aerosol_driver.bb
time mpif90 -f90=ifort -o aerosol_driver.o -c -O3 -ip -fp-model precise -w -ftz -align all -fno-alias -FR -convert big_endian    -I../dyn_em  -I/home/onishi/WRF/external/esmf_time_f90  -I/home/onishi/WRF/main -I/home/onishi/WRF/external/io_netcdf -I/home/onishi/WRF/external/io_int -I/home/onishi/WRF/frame -I/home/onishi/WRF/share -I/home/onishi/WRF/phys -I/home/onishi/WRF/wrftladj -I/home/onishi/WRF/chem -I/home/onishi/WRF/inc -I/home/onishi/NETCDF_DIR2//include  -real-size `expr 8 \* 4` -i4  aerosol_driver.f90
0.28user 0.12system 0:00.42elapsed 96%CPU (0avgtext+0avgdata 85064maxresident)k
992inputs+528outputs (0major+17341minor)pagefaults 0swaps
ar ru ../main/libwrflib.a module_data_isrpia_data.o module_data_ISRPIA.o module_data_isrpia_asrc.o module_data_isrpia_solut.o module_data_isrpia_kmc198.o module_data_isrpia_kmc223.o module_data_isrpia_kmc248.o module_data_isrpia_kmc273.o module_data_isrpia_kmc298.o module_data_isrpia_kmc323.o module_data_isrpia_expnc.o module_data_isrpia_caseg.o module_data_isrpia_casej.o isofwd.o isorev.o isocom.o moduleHETDATA.o moduleHETAERO.o moduleAERODATA.o aerorate_so2.o module_aer_opt_out.o module_add_emiss_burn.o module_add_emis_cptec.o module_bioemi_beis314.o module_chem_utilities.o module_cmu_dvode_solver.o module_data_cbmz.o module_data_cmu_bulkaqchem.o module_data_gocartchem.o module_data_gocart_seas.o module_data_mosaic_kind.o module_data_mosaic_constants.o module_data_mosaic_aero.o module_data_mosaic_main.o module_data_mosaic_asect.o module_data_mosaic_asecthp.o module_data_mosaic_boxmod.o module_data_mosaic_other.o module_data_mosaic_therm.o module_data_radm2.o module_data_rrtmgaeropt.o module_data_megan2.o module_data_soa_vbs.o module_data_soa_vbs_het.o module_data_sorgam.o module_data_sorgam_vbs.o module_kpp_cb05_sorg_aq_Integr.o module_kpp_cb05_sorg_aq_Precision.o module_kpp_cb05_sorg_aq_Parameters.o module_kpp_cb05_sorg_aq_Jacobian.o module_kpp_cb05_sorg_aq_JacobianSP.o module_kpp_cb05_sorg_aq_Update_Rconst.o module_kpp_cb05_sorg_aq_interface.o module_kpp_cb05_sorg_vbs_aq_Integr.o module_kpp_cb05_sorg_vbs_aq_Precision.o module_kpp_cb05_sorg_vbs_aq_Parameters.o module_kpp_cb05_sorg_vbs_aq_Jacobian.o module_kpp_cb05_sorg_vbs_aq_JacobianSP.o module_kpp_cb05_sorg_vbs_aq_Update_Rconst.o module_kpp_cb05_sorg_vbs_aq_interface.o module_kpp_cbm4_Integr.o module_kpp_cbm4_Precision.o module_kpp_cbm4_Parameters.o module_kpp_cbm4_Jacobian.o module_kpp_cbm4_JacobianSP.o module_kpp_cbm4_Update_Rconst.o module_kpp_cbm4_interface.o module_kpp_cbmz_bb_Integr.o module_kpp_cbmz_bb_Precision.o module_kpp_cbmz_bb_Parameters.o module_kpp_cbmz_bb_Jacobian.o module_kpp_cbmz_bb_JacobianSP.o module_kpp_cbmz_bb_Update_Rconst.o module_kpp_cbmz_bb_interface.o module_kpp_cbmz_mosaic_Integr.o module_kpp_cbmz_mosaic_Precision.o module_kpp_cbmz_mosaic_Parameters.o module_kpp_cbmz_mosaic_Jacobian.o module_kpp_cbmz_mosaic_JacobianSP.o module_kpp_cbmz_mosaic_Update_Rconst.o module_kpp_cbmz_mosaic_interface.o module_kpp_cri_mosaic_4bin_aq_Integr.o module_kpp_cri_mosaic_4bin_aq_Precision.o module_kpp_cri_mosaic_4bin_aq_Parameters.o module_kpp_cri_mosaic_4bin_aq_Jacobian.o module_kpp_cri_mosaic_4bin_aq_JacobianSP.o module_kpp_cri_mosaic_4bin_aq_Update_Rconst.o module_kpp_cri_mosaic_4bin_aq_interface.o module_kpp_cri_mosaic_8bin_aq_Integr.o module_kpp_cri_mosaic_8bin_aq_Precision.o module_kpp_cri_mosaic_8bin_aq_Parameters.o module_kpp_cri_mosaic_8bin_aq_Jacobian.o module_kpp_cri_mosaic_8bin_aq_JacobianSP.o module_kpp_cri_mosaic_8bin_aq_Update_Rconst.o module_kpp_cri_mosaic_8bin_aq_interface.o module_kpp_crimech_Integr.o module_kpp_crimech_Precision.o module_kpp_crimech_Parameters.o module_kpp_crimech_Jacobian.o module_kpp_crimech_JacobianSP.o module_kpp_crimech_Update_Rconst.o module_kpp_crimech_interface.o module_kpp_gocartracm_Integr.o module_kpp_gocartracm_Precision.o module_kpp_gocartracm_Parameters.o module_kpp_gocartracm_Jacobian.o module_kpp_gocartracm_JacobianSP.o module_kpp_gocartracm_Update_Rconst.o module_kpp_gocartracm_interface.o module_kpp_mozart_Integr.o module_kpp_mozart_Precision.o module_kpp_mozart_Parameters.o module_kpp_mozart_Jacobian.o module_kpp_mozart_JacobianSP.o module_kpp_mozart_Update_Rconst.o module_kpp_mozart_interface.o module_kpp_mozart_mosaic_4bin_Integr.o module_kpp_mozart_mosaic_4bin_Precision.o module_kpp_mozart_mosaic_4bin_Parameters.o module_kpp_mozart_mosaic_4bin_Jacobian.o module_kpp_mozart_mosaic_4bin_JacobianSP.o module_kpp_mozart_mosaic_4bin_Update_Rconst.o module_kpp_mozart_mosaic_4bin_interface.o module_kpp_mozart_mosaic_4bin_aq_Integr.o module_kpp_mozart_mosaic_4bin_aq_Precision.o module_kpp_mozart_mosaic_4bin_aq_Parameters.o module_kpp_mozart_mosaic_4bin_aq_Jacobian.o module_kpp_mozart_mosaic_4bin_aq_JacobianSP.o module_kpp_mozart_mosaic_4bin_aq_Update_Rconst.o module_kpp_mozart_mosaic_4bin_aq_interface.o module_kpp_mozcart_Integr.o module_kpp_mozcart_Precision.o module_kpp_mozcart_Parameters.o module_kpp_mozcart_Jacobian.o module_kpp_mozcart_JacobianSP.o module_kpp_mozcart_Update_Rconst.o module_kpp_mozcart_interface.o module_kpp_nmhc9_Integr.o module_kpp_nmhc9_Precision.o module_kpp_nmhc9_Parameters.o module_kpp_nmhc9_Jacobian.o module_kpp_nmhc9_JacobianSP.o module_kpp_nmhc9_Update_Rconst.o module_kpp_nmhc9_interface.o module_kpp_racm_Integr.o module_kpp_racm_Precision.o module_kpp_racm_Parameters.o module_kpp_racm_Jacobian.o module_kpp_racm_JacobianSP.o module_kpp_racm_Update_Rconst.o module_kpp_racm_interface.o module_kpp_racm_esrlsorg_Integr.o module_kpp_racm_esrlsorg_Precision.o module_kpp_racm_esrlsorg_Parameters.o module_kpp_racm_esrlsorg_Jacobian.o module_kpp_racm_esrlsorg_JacobianSP.o module_kpp_racm_esrlsorg_Update_Rconst.o module_kpp_racm_esrlsorg_interface.o module_kpp_racm_esrlsorg_aqchem_Integr.o module_kpp_racm_esrlsorg_aqchem_Precision.o module_kpp_racm_esrlsorg_aqchem_Parameters.o module_kpp_racm_esrlsorg_aqchem_Jacobian.o module_kpp_racm_esrlsorg_aqchem_JacobianSP.o module_kpp_racm_esrlsorg_aqchem_Update_Rconst.o module_kpp_racm_esrlsorg_aqchem_interface.o module_kpp_racm_mim_Integr.o module_kpp_racm_mim_Precision.o module_kpp_racm_mim_Parameters.o module_kpp_racm_mim_Jacobian.o module_kpp_racm_mim_JacobianSP.o module_kpp_racm_mim_Update_Rconst.o module_kpp_racm_mim_interface.o module_kpp_racm_soa_vbs_Integr.o module_kpp_racm_soa_vbs_Precision.o module_kpp_racm_soa_vbs_Parameters.o module_kpp_racm_soa_vbs_Jacobian.o module_kpp_racm_soa_vbs_JacobianSP.o module_kpp_racm_soa_vbs_Update_Rconst.o module_kpp_racm_soa_vbs_interface.o module_kpp_racm_soa_vbs_aqchem_Integr.o module_kpp_racm_soa_vbs_aqchem_Precision.o module_kpp_racm_soa_vbs_aqchem_Parameters.o module_kpp_racm_soa_vbs_aqchem_Jacobian.o module_kpp_racm_soa_vbs_aqchem_JacobianSP.o module_kpp_racm_soa_vbs_aqchem_Update_Rconst.o module_kpp_racm_soa_vbs_aqchem_interface.o module_kpp_racm_soa_vbs_het_Integr.o module_kpp_racm_soa_vbs_het_Precision.o module_kpp_racm_soa_vbs_het_Parameters.o module_kpp_racm_soa_vbs_het_Jacobian.o module_kpp_racm_soa_vbs_het_JacobianSP.o module_kpp_racm_soa_vbs_het_Update_Rconst.o module_kpp_racm_soa_vbs_het_interface.o module_kpp_racmpm_Integr.o module_kpp_racmpm_Precision.o module_kpp_racmpm_Parameters.o module_kpp_racmpm_Jacobian.o module_kpp_racmpm_JacobianSP.o module_kpp_racmpm_Update_Rconst.o module_kpp_racmpm_interface.o module_kpp_racmsorg_Integr.o module_kpp_racmsorg_Precision.o module_kpp_racmsorg_Parameters.o module_kpp_racmsorg_Jacobian.o module_kpp_racmsorg_JacobianSP.o module_kpp_racmsorg_Update_Rconst.o module_kpp_racmsorg_interface.o module_kpp_racmsorg_aqchem_Integr.o module_kpp_racmsorg_aqchem_Precision.o module_kpp_racmsorg_aqchem_Parameters.o module_kpp_racmsorg_aqchem_Jacobian.o module_kpp_racmsorg_aqchem_JacobianSP.o module_kpp_racmsorg_aqchem_Update_Rconst.o module_kpp_racmsorg_aqchem_interface.o module_kpp_radm2_Integr.o module_kpp_radm2_Precision.o module_kpp_radm2_Parameters.o module_kpp_radm2_Jacobian.o module_kpp_radm2_JacobianSP.o module_kpp_radm2_Update_Rconst.o module_kpp_radm2_interface.o module_kpp_radm2sorg_Integr.o module_kpp_radm2sorg_Precision.o module_kpp_radm2sorg_Parameters.o module_kpp_radm2sorg_Jacobian.o module_kpp_radm2sorg_JacobianSP.o module_kpp_radm2sorg_Update_Rconst.o module_kpp_radm2sorg_interface.o module_kpp_saprc99_Integr.o module_kpp_saprc99_Precision.o module_kpp_saprc99_Parameters.o module_kpp_saprc99_Jacobian.o module_kpp_saprc99_JacobianSP.o module_kpp_saprc99_Update_Rconst.o module_kpp_saprc99_interface.o module_kpp_saprc99_mosaic_4bin_vbs2_Integr.o module_kpp_saprc99_mosaic_4bin_vbs2_Precision.o module_kpp_saprc99_mosaic_4bin_vbs2_Parameters.o module_kpp_saprc99_mosaic_4bin_vbs2_Jacobian.o module_kpp_saprc99_mosaic_4bin_vbs2_JacobianSP.o module_kpp_saprc99_mosaic_4bin_vbs2_Update_Rconst.o module_kpp_saprc99_mosaic_4bin_vbs2_interface.o module_kpp_saprc99_mosaic_8bin_vbs2_aq_Integr.o module_kpp_saprc99_mosaic_8bin_vbs2_aq_Precision.o module_kpp_saprc99_mosaic_8bin_vbs2_aq_Parameters.o module_kpp_saprc99_mosaic_8bin_vbs2_aq_Jacobian.o module_kpp_saprc99_mosaic_8bin_vbs2_aq_JacobianSP.o module_kpp_saprc99_mosaic_8bin_vbs2_aq_Update_Rconst.o module_kpp_saprc99_mosaic_8bin_vbs2_aq_interface.o module_kpp_t1_mozcart_Integr.o module_kpp_t1_mozcart_Precision.o module_kpp_t1_mozcart_Parameters.o module_kpp_t1_mozcart_Jacobian.o module_kpp_t1_mozcart_JacobianSP.o module_kpp_t1_mozcart_Update_Rconst.o module_kpp_t1_mozcart_interface.o module_wkppc_constants.o module_ftuv_subs.o module_ghg_fluxes.o module_gocart_drydep.o module_gocart_settling.o module_gocart_so2so4.o module_input_tracer_data.o module_interpolate.o module_mosaic_csuesat.o module_mozcart_wetscav.o module_peg_util.o module_tropopause.o module_upper_bc_driver.o module_vertmx_wrf.o module_wave_data.o module_wetdep_ls.o module_zero_plumegen_coms.o module_vash_settling.o module_mosaic_settling.o module_chem_plumerise_scalar.o module_dep_simple.o module_gocart_dmsemis.o module_mosaic_dmsemis.o module_nightingale_dmsemis.o module_gocart_aerosols.o module_gocart_dust.o module_gocart_dust_afwa.o module_gocart_seasalt.o module_uoc_dust.o module_qf03.o module_soilpsd.o module_dust_load.o module_uoc_dustwd.o module_data_uoc_wd.o module_mosaic_addemiss.o module_mosaic_initmixrats.o module_mosaic_support.o module_mosaic_init_aerpar.o module_mosaic_ext.o module_mosaic_astem.o module_mosaic_lsode.o module_mosaic_box_aerchem.o module_mosaic_aerchem_intr.o module_mosaic_coag1d.o module_mosaic_coag3d.o module_mosaic_movesect1d.o module_mosaic_movesect3d.o module_mosaic_newnucb.o module_mosaic_sect_intr.o module_mosaic_aerdynam_intr.o module_mosaic_movesect.o module_mosaic_newnuc.o module_mosaic_soa_vbs.o module_cbmz_lsodes_solver.o module_cbmz_rodas3_solver.o module_cmu_bulkaqchem.o module_data_mgn2mech.o module_ftuv_driver.o module_fastj_data.o module_fastj_mie.o module_input_chem_data.o module_mosaic_coag.o module_mosaic_gly.o module_mosaic_wetscav.o module_mosaic_therm.o module_phot_mad.o params.mod.o numer.o rdxs.o rxn.o params_mod.o module_phot_tuv.o module_subs_tuv.o rtrans.o la_srb.o module_radm.o module_sorgam_aqchem.o module_sorgam_vbs_aqchem.o module_aerosols_soa_vbs.o module_aerosols_soa_vbs_het.o module_aerosols_sorgam.o module_aerosols_sorgam_vbs.o module_bioemi_megan2.o module_bioemi_simple.o module_cbm4_initmixrats.o module_cb05_initmixrats.o module_cb05_vbs_initmixrats.o module_cbmz.o module_cbmz_initmixrats.o module_cbmz_rodas_prep.o module_ctrans_grell.o module_gocart_chem.o module_input_tracer.o module_lightning_nox_driver.o module_lightning_nox_ott.o module_lightning_nox_decaria_cup.o module_mixactivate_wrappers.o module_mosaic_init_aerpar.o module_mosaic2_driver.o module_mosaic_sumpm.o module_mosaic_driver.o module_optical_averaging.o module_plumerise1.o module_mosaic_drydep.o module_wetscav_driver.o module_prep_wetscav_sorgam.o module_input_chem_bioemiss.o module_input_dust_errosion.o module_input_gocart_dms.o module_cbmz_addemiss.o module_cbm4_addemiss.o module_cb05_addemiss.o module_emissions_anthropogenics.o module_aer_drydep.o module_cam_mam_calcsize.o module_cam_mam_dust_sediment.o module_cam_mam_drydep.o module_cam_mam_init.o module_cam_mam_initaerodata.o module_cam_mam_initmixrats.o module_cam_mam_rename.o module_cam_mam_wateruptake.o module_cam_mam_gasaerexch.o module_cam_mam_coag.o module_cam_mam_newnuc.o module_cam_mam_aerchem_driver.o module_cam_mam_addemiss.o module_cam_mam_wetscav.o module_cam_mam_mz_aerosols_intr.o module_cam_mam_wetdep.o module_cam_mam_cloudchem.o module_cam_mam_setsox.o module_cam_mam_mo_chem_utls.o module_mosaic_cloudchem.o module_sorgam_cloudchem.o module_sorgam_vbs_cloudchem.o module_cam_mam_gas_wetdep_driver.o module_cam_mam_mo_sethet.o module_phot_fastj.o module_chem_cup.o module_isocom.o module_isofwd.o module_isorev.o kpp_mechanism_driver.o chemics_init.o chem_driver.o cloudchem_driver.o photolysis_driver.o optical_driver.o mechanism_driver.o emissions_driver.o dry_dep_driver.o aerosol_driver.o 
ar: `u' modifier ignored since `D' is the default (see `U')
make[2]: Leaving directory '/home/onishi/WRF/chem'
if [ 1 -eq 0 ] ; then \
  if  [ "`echo -j 2 | sed -e 's/-j//g' -e 's/ \+//g'`" -gt "16" ] ; then \
    ( cd chem ; make -i -r -j 16 ) ;  \
  else \
    ( cd chem ; make -i -r -j 2 ) ; \
  fi \
fi
make[1]: Leaving directory '/home/onishi/WRF'
if [ 1 -eq 1 ]    ; then make -i -r MODULE_DIRS="-I../dyn_em  -I/home/onishi/WRF/external/esmf_time_f90  -I/home/onishi/WRF/main -I/home/onishi/WRF/external/io_netcdf -I/home/onishi/WRF/external/io_int -I/home/onishi/WRF/frame -I/home/onishi/WRF/share -I/home/onishi/WRF/phys -I/home/onishi/WRF/wrftladj -I/home/onishi/WRF/chem -I/home/onishi/WRF/inc -I/home/onishi/NETCDF_DIR2//include " em_core ; fi
make[1]: Entering directory '/home/onishi/WRF'
--------------------------------------
if [ 1  -eq 0 ] ; then \
	CF= ; \
else \
	CF="../chem/module_aerosols_sorgam.o ../chem/module_gocart_aerosols.o ../chem/module_mosaic_driver.o ../chem/module_input_tracer.o ../chem/module_aerosols_soa_vbs.o" ; \
fi
( cd dyn_em ; make -i -r -j 2 CF="" )
make[2]: Entering directory '/home/onishi/WRF/dyn_em'
rm -f module_advect_em.o
rm -f module_ieva_em.o
sed -e "s/^\!.*'.*//" -e "s/^ *\!.*'.*//" module_ieva_em.F > module_ieva_em.G
sed -e "s/^\!.*'.*//" -e "s/^ *\!.*'.*//" module_advect_em.F > module_advect_em.G
/lib/cpp -P -nostdinc -I/home/onishi/WRF/external/ioapi_share -I/home/onishi/WRF/inc -DEM_CORE=1 -DNMM_CORE=0 -DNMM_MAX_DIM=2600 -DDA_CORE=0 -DWRFPLUS=0 -DIWORDSIZE=4 -DDWORDSIZE=8 -DRWORDSIZE=4 -DLWORDSIZE=4 -DNONSTANDARD_SYSTEM_FUNC  -DWRF_USE_CLM -DUSE_NETCDF4_FEATURES -DWRFIO_NCD_LARGE_FILE_SUPPORT  -DDM_PARALLEL -DNETCDF -DGRIB2 -DHDF5 -DLANDREAD_STUB=1 -DUSE_ALLOCATABLES -Dwrfmodel -DGRIB1 -DINTIO -DKEEP_INT_AROUND -DLIMIT_ARGS -DBUILD_RRTMG_FAST=0 -DBUILD_RRTMK=0 -DBUILD_SBM_FAST=1 -DSHOW_ALL_VARS_USED=0 -DCONFIG_BUF_LEN=65536 -DMAX_DOMAINS_F=21 -DMAX_HISTORY=25 -DNMM_NEST=0 -DWRF_CHEM -DBUILD_CHEM=1 -DWRF_KPP -I. -traditional-cpp -DUSE_NETCDF4_FEATURES -DWRFIO_NCD_LARGE_FILE_SUPPORT   module_ieva_em.G  > module_ieva_em.bb
/lib/cpp -P -nostdinc -I/home/onishi/WRF/external/ioapi_share -I/home/onishi/WRF/inc -DEM_CORE=1 -DNMM_CORE=0 -DNMM_MAX_DIM=2600 -DDA_CORE=0 -DWRFPLUS=0 -DIWORDSIZE=4 -DDWORDSIZE=8 -DRWORDSIZE=4 -DLWORDSIZE=4 -DNONSTANDARD_SYSTEM_FUNC  -DWRF_USE_CLM -DUSE_NETCDF4_FEATURES -DWRFIO_NCD_LARGE_FILE_SUPPORT  -DDM_PARALLEL -DNETCDF -DGRIB2 -DHDF5 -DLANDREAD_STUB=1 -DUSE_ALLOCATABLES -Dwrfmodel -DGRIB1 -DINTIO -DKEEP_INT_AROUND -DLIMIT_ARGS -DBUILD_RRTMG_FAST=0 -DBUILD_RRTMK=0 -DBUILD_SBM_FAST=1 -DSHOW_ALL_VARS_USED=0 -DCONFIG_BUF_LEN=65536 -DMAX_DOMAINS_F=21 -DMAX_HISTORY=25 -DNMM_NEST=0 -DWRF_CHEM -DBUILD_CHEM=1 -DWRF_KPP -I. -traditional-cpp -DUSE_NETCDF4_FEATURES -DWRFIO_NCD_LARGE_FILE_SUPPORT   module_advect_em.G  > module_advect_em.bb
/home/onishi/WRF/tools/standard.exe module_ieva_em.bb | /lib/cpp -P -nostdinc -I/home/onishi/WRF/external/ioapi_share -traditional-cpp -DUSE_NETCDF4_FEATURES -DWRFIO_NCD_LARGE_FILE_SUPPORT > module_ieva_em.f90
/home/onishi/WRF/tools/standard.exe module_advect_em.bb | /lib/cpp -P -nostdinc -I/home/onishi/WRF/external/ioapi_share -traditional-cpp -DUSE_NETCDF4_FEATURES -DWRFIO_NCD_LARGE_FILE_SUPPORT > module_advect_em.f90
rm -f module_ieva_em.G module_ieva_em.bb
time mpif90 -f90=ifort -o module_ieva_em.o -c -O3 -ip -fp-model precise -w -ftz -align all -fno-alias -FR -convert big_endian    -I../dyn_em  -I/home/onishi/WRF/external/esmf_time_f90  -I/home/onishi/WRF/main -I/home/onishi/WRF/external/io_netcdf -I/home/onishi/WRF/external/io_int -I/home/onishi/WRF/frame -I/home/onishi/WRF/share -I/home/onishi/WRF/phys -I/home/onishi/WRF/wrftladj -I/home/onishi/WRF/chem -I/home/onishi/WRF/inc -I/home/onishi/NETCDF_DIR2//include  -real-size `expr 8 \* 4` -i4  module_ieva_em.f90
rm -f module_advect_em.G module_advect_em.bb
time mpif90 -f90=ifort -o module_advect_em.o -c -O3 -ip -fp-model precise -w -ftz -align all -fno-alias -FR -convert big_endian    -I../dyn_em  -I/home/onishi/WRF/external/esmf_time_f90  -I/home/onishi/WRF/main -I/home/onishi/WRF/external/io_netcdf -I/home/onishi/WRF/external/io_int -I/home/onishi/WRF/frame -I/home/onishi/WRF/share -I/home/onishi/WRF/phys -I/home/onishi/WRF/wrftladj -I/home/onishi/WRF/chem -I/home/onishi/WRF/inc -I/home/onishi/NETCDF_DIR2//include  -real-size `expr 8 \* 4` -i4  module_advect_em.f90
2.48user 0.12system 0:02.64elapsed 98%CPU (0avgtext+0avgdata 109860maxresident)k
72inputs+1680outputs (31major+23891minor)pagefaults 0swaps
rm -f module_big_step_utilities_em.o
sed -e "s/^\!.*'.*//" -e "s/^ *\!.*'.*//" module_big_step_utilities_em.F > module_big_step_utilities_em.G
/lib/cpp -P -nostdinc -I/home/onishi/WRF/external/ioapi_share -I/home/onishi/WRF/inc -DEM_CORE=1 -DNMM_CORE=0 -DNMM_MAX_DIM=2600 -DDA_CORE=0 -DWRFPLUS=0 -DIWORDSIZE=4 -DDWORDSIZE=8 -DRWORDSIZE=4 -DLWORDSIZE=4 -DNONSTANDARD_SYSTEM_FUNC  -DWRF_USE_CLM -DUSE_NETCDF4_FEATURES -DWRFIO_NCD_LARGE_FILE_SUPPORT  -DDM_PARALLEL -DNETCDF -DGRIB2 -DHDF5 -DLANDREAD_STUB=1 -DUSE_ALLOCATABLES -Dwrfmodel -DGRIB1 -DINTIO -DKEEP_INT_AROUND -DLIMIT_ARGS -DBUILD_RRTMG_FAST=0 -DBUILD_RRTMK=0 -DBUILD_SBM_FAST=1 -DSHOW_ALL_VARS_USED=0 -DCONFIG_BUF_LEN=65536 -DMAX_DOMAINS_F=21 -DMAX_HISTORY=25 -DNMM_NEST=0 -DWRF_CHEM -DBUILD_CHEM=1 -DWRF_KPP -I. -traditional-cpp -DUSE_NETCDF4_FEATURES -DWRFIO_NCD_LARGE_FILE_SUPPORT   module_big_step_utilities_em.G  > module_big_step_utilities_em.bb
/home/onishi/WRF/tools/standard.exe module_big_step_utilities_em.bb | /lib/cpp -P -nostdinc -I/home/onishi/WRF/external/ioapi_share -traditional-cpp -DUSE_NETCDF4_FEATURES -DWRFIO_NCD_LARGE_FILE_SUPPORT > module_big_step_utilities_em.f90
rm -f module_big_step_utilities_em.G module_big_step_utilities_em.bb
time mpif90 -f90=ifort -o module_big_step_utilities_em.o -c -O3 -ip -fp-model precise -w -ftz -align all -fno-alias -FR -convert big_endian    -I../dyn_em  -I/home/onishi/WRF/external/esmf_time_f90  -I/home/onishi/WRF/main -I/home/onishi/WRF/external/io_netcdf -I/home/onishi/WRF/external/io_int -I/home/onishi/WRF/frame -I/home/onishi/WRF/share -I/home/onishi/WRF/phys -I/home/onishi/WRF/wrftladj -I/home/onishi/WRF/chem -I/home/onishi/WRF/inc -I/home/onishi/NETCDF_DIR2//include  -real-size `expr 8 \* 4` -i4  module_big_step_utilities_em.f90
23.25user 0.37system 0:23.67elapsed 99%CPU (0avgtext+0avgdata 272580maxresident)k
376inputs+6456outputs (0major+73774minor)pagefaults 0swaps
rm -f module_small_step_em.o
sed -e "s/^\!.*'.*//" -e "s/^ *\!.*'.*//" module_small_step_em.F > module_small_step_em.G
/lib/cpp -P -nostdinc -I/home/onishi/WRF/external/ioapi_share -I/home/onishi/WRF/inc -DEM_CORE=1 -DNMM_CORE=0 -DNMM_MAX_DIM=2600 -DDA_CORE=0 -DWRFPLUS=0 -DIWORDSIZE=4 -DDWORDSIZE=8 -DRWORDSIZE=4 -DLWORDSIZE=4 -DNONSTANDARD_SYSTEM_FUNC  -DWRF_USE_CLM -DUSE_NETCDF4_FEATURES -DWRFIO_NCD_LARGE_FILE_SUPPORT  -DDM_PARALLEL -DNETCDF -DGRIB2 -DHDF5 -DLANDREAD_STUB=1 -DUSE_ALLOCATABLES -Dwrfmodel -DGRIB1 -DINTIO -DKEEP_INT_AROUND -DLIMIT_ARGS -DBUILD_RRTMG_FAST=0 -DBUILD_RRTMK=0 -DBUILD_SBM_FAST=1 -DSHOW_ALL_VARS_USED=0 -DCONFIG_BUF_LEN=65536 -DMAX_DOMAINS_F=21 -DMAX_HISTORY=25 -DNMM_NEST=0 -DWRF_CHEM -DBUILD_CHEM=1 -DWRF_KPP -I. -traditional-cpp -DUSE_NETCDF4_FEATURES -DWRFIO_NCD_LARGE_FILE_SUPPORT   module_small_step_em.G  > module_small_step_em.bb
/home/onishi/WRF/tools/standard.exe module_small_step_em.bb | /lib/cpp -P -nostdinc -I/home/onishi/WRF/external/ioapi_share -traditional-cpp -DUSE_NETCDF4_FEATURES -DWRFIO_NCD_LARGE_FILE_SUPPORT > module_small_step_em.f90
rm -f module_small_step_em.G module_small_step_em.bb
time mpif90 -f90=ifort -o module_small_step_em.o -c -O3 -ip -fp-model precise -w -ftz -align all -fno-alias -FR -convert big_endian    -I../dyn_em  -I/home/onishi/WRF/external/esmf_time_f90  -I/home/onishi/WRF/main -I/home/onishi/WRF/external/io_netcdf -I/home/onishi/WRF/external/io_int -I/home/onishi/WRF/frame -I/home/onishi/WRF/share -I/home/onishi/WRF/phys -I/home/onishi/WRF/wrftladj -I/home/onishi/WRF/chem -I/home/onishi/WRF/inc -I/home/onishi/NETCDF_DIR2//include  -real-size `expr 8 \* 4` -i4  module_small_step_em.f90
6.43user 0.20system 0:06.68elapsed 99%CPU (0avgtext+0avgdata 140788maxresident)k
104inputs+2384outputs (0major+35274minor)pagefaults 0swaps
rm -f module_damping_em.o
sed -e "s/^\!.*'.*//" -e "s/^ *\!.*'.*//" module_damping_em.F > module_damping_em.G
/lib/cpp -P -nostdinc -I/home/onishi/WRF/external/ioapi_share -I/home/onishi/WRF/inc -DEM_CORE=1 -DNMM_CORE=0 -DNMM_MAX_DIM=2600 -DDA_CORE=0 -DWRFPLUS=0 -DIWORDSIZE=4 -DDWORDSIZE=8 -DRWORDSIZE=4 -DLWORDSIZE=4 -DNONSTANDARD_SYSTEM_FUNC  -DWRF_USE_CLM -DUSE_NETCDF4_FEATURES -DWRFIO_NCD_LARGE_FILE_SUPPORT  -DDM_PARALLEL -DNETCDF -DGRIB2 -DHDF5 -DLANDREAD_STUB=1 -DUSE_ALLOCATABLES -Dwrfmodel -DGRIB1 -DINTIO -DKEEP_INT_AROUND -DLIMIT_ARGS -DBUILD_RRTMG_FAST=0 -DBUILD_RRTMK=0 -DBUILD_SBM_FAST=1 -DSHOW_ALL_VARS_USED=0 -DCONFIG_BUF_LEN=65536 -DMAX_DOMAINS_F=21 -DMAX_HISTORY=25 -DNMM_NEST=0 -DWRF_CHEM -DBUILD_CHEM=1 -DWRF_KPP -I. -traditional-cpp -DUSE_NETCDF4_FEATURES -DWRFIO_NCD_LARGE_FILE_SUPPORT   module_damping_em.G  > module_damping_em.bb
/home/onishi/WRF/tools/standard.exe module_damping_em.bb | /lib/cpp -P -nostdinc -I/home/onishi/WRF/external/ioapi_share -traditional-cpp -DUSE_NETCDF4_FEATURES -DWRFIO_NCD_LARGE_FILE_SUPPORT > module_damping_em.f90
rm -f module_damping_em.G module_damping_em.bb
time mpif90 -f90=ifort -o module_damping_em.o -c -O3 -ip -fp-model precise -w -ftz -align all -fno-alias -FR -convert big_endian    -I../dyn_em  -I/home/onishi/WRF/external/esmf_time_f90  -I/home/onishi/WRF/main -I/home/onishi/WRF/external/io_netcdf -I/home/onishi/WRF/external/io_int -I/home/onishi/WRF/frame -I/home/onishi/WRF/share -I/home/onishi/WRF/phys -I/home/onishi/WRF/wrftladj -I/home/onishi/WRF/chem -I/home/onishi/WRF/inc -I/home/onishi/NETCDF_DIR2//include  -real-size `expr 8 \* 4` -i4  module_damping_em.f90
0.16user 0.07system 0:00.27elapsed 86%CPU (0avgtext+0avgdata 51788maxresident)k
8inputs+144outputs (0major+8608minor)pagefaults 0swaps
rm -f module_solvedebug_em.o
sed -e "s/^\!.*'.*//" -e "s/^ *\!.*'.*//" module_solvedebug_em.F > module_solvedebug_em.G
/lib/cpp -P -nostdinc -I/home/onishi/WRF/external/ioapi_share -I/home/onishi/WRF/inc -DEM_CORE=1 -DNMM_CORE=0 -DNMM_MAX_DIM=2600 -DDA_CORE=0 -DWRFPLUS=0 -DIWORDSIZE=4 -DDWORDSIZE=8 -DRWORDSIZE=4 -DLWORDSIZE=4 -DNONSTANDARD_SYSTEM_FUNC  -DWRF_USE_CLM -DUSE_NETCDF4_FEATURES -DWRFIO_NCD_LARGE_FILE_SUPPORT  -DDM_PARALLEL -DNETCDF -DGRIB2 -DHDF5 -DLANDREAD_STUB=1 -DUSE_ALLOCATABLES -Dwrfmodel -DGRIB1 -DINTIO -DKEEP_INT_AROUND -DLIMIT_ARGS -DBUILD_RRTMG_FAST=0 -DBUILD_RRTMK=0 -DBUILD_SBM_FAST=1 -DSHOW_ALL_VARS_USED=0 -DCONFIG_BUF_LEN=65536 -DMAX_DOMAINS_F=21 -DMAX_HISTORY=25 -DNMM_NEST=0 -DWRF_CHEM -DBUILD_CHEM=1 -DWRF_KPP -I. -traditional-cpp -DUSE_NETCDF4_FEATURES -DWRFIO_NCD_LARGE_FILE_SUPPORT   module_solvedebug_em.G  > module_solvedebug_em.bb
/home/onishi/WRF/tools/standard.exe module_solvedebug_em.bb | /lib/cpp -P -nostdinc -I/home/onishi/WRF/external/ioapi_share -traditional-cpp -DUSE_NETCDF4_FEATURES -DWRFIO_NCD_LARGE_FILE_SUPPORT > module_solvedebug_em.f90
rm -f module_solvedebug_em.G module_solvedebug_em.bb
time mpif90 -f90=ifort -o module_solvedebug_em.o -c -O3 -ip -fp-model precise -w -ftz -align all -fno-alias -FR -convert big_endian    -I../dyn_em  -I/home/onishi/WRF/external/esmf_time_f90  -I/home/onishi/WRF/main -I/home/onishi/WRF/external/io_netcdf -I/home/onishi/WRF/external/io_int -I/home/onishi/WRF/frame -I/home/onishi/WRF/share -I/home/onishi/WRF/phys -I/home/onishi/WRF/wrftladj -I/home/onishi/WRF/chem -I/home/onishi/WRF/inc -I/home/onishi/NETCDF_DIR2//include  -real-size `expr 8 \* 4` -i4  module_solvedebug_em.f90
0.21user 0.09system 0:00.34elapsed 92%CPU (0avgtext+0avgdata 58196maxresident)k
16inputs+376outputs (0major+11211minor)pagefaults 0swaps
rm -f module_init_utilities.o
sed -e "s/^\!.*'.*//" -e "s/^ *\!.*'.*//" module_init_utilities.F > module_init_utilities.G
/lib/cpp -P -nostdinc -I/home/onishi/WRF/external/ioapi_share -I/home/onishi/WRF/inc -DEM_CORE=1 -DNMM_CORE=0 -DNMM_MAX_DIM=2600 -DDA_CORE=0 -DWRFPLUS=0 -DIWORDSIZE=4 -DDWORDSIZE=8 -DRWORDSIZE=4 -DLWORDSIZE=4 -DNONSTANDARD_SYSTEM_FUNC  -DWRF_USE_CLM -DUSE_NETCDF4_FEATURES -DWRFIO_NCD_LARGE_FILE_SUPPORT  -DDM_PARALLEL -DNETCDF -DGRIB2 -DHDF5 -DLANDREAD_STUB=1 -DUSE_ALLOCATABLES -Dwrfmodel -DGRIB1 -DINTIO -DKEEP_INT_AROUND -DLIMIT_ARGS -DBUILD_RRTMG_FAST=0 -DBUILD_RRTMK=0 -DBUILD_SBM_FAST=1 -DSHOW_ALL_VARS_USED=0 -DCONFIG_BUF_LEN=65536 -DMAX_DOMAINS_F=21 -DMAX_HISTORY=25 -DNMM_NEST=0 -DWRF_CHEM -DBUILD_CHEM=1 -DWRF_KPP -I. -traditional-cpp -DUSE_NETCDF4_FEATURES -DWRFIO_NCD_LARGE_FILE_SUPPORT   module_init_utilities.G  > module_init_utilities.bb
/home/onishi/WRF/tools/standard.exe module_init_utilities.bb | /lib/cpp -P -nostdinc -I/home/onishi/WRF/external/ioapi_share -traditional-cpp -DUSE_NETCDF4_FEATURES -DWRFIO_NCD_LARGE_FILE_SUPPORT > module_init_utilities.f90
rm -f module_init_utilities.G module_init_utilities.bb
time mpif90 -f90=ifort -o module_init_utilities.o -c -O3 -ip -fp-model precise -w -ftz -align all -fno-alias -FR -convert big_endian    -I../dyn_em  -I/home/onishi/WRF/external/esmf_time_f90  -I/home/onishi/WRF/main -I/home/onishi/WRF/external/io_netcdf -I/home/onishi/WRF/external/io_int -I/home/onishi/WRF/frame -I/home/onishi/WRF/share -I/home/onishi/WRF/phys -I/home/onishi/WRF/wrftladj -I/home/onishi/WRF/chem -I/home/onishi/WRF/inc -I/home/onishi/NETCDF_DIR2//include  -real-size `expr 8 \* 4` -i4  module_init_utilities.f90
0.04user 0.06system 0:00.13elapsed 78%CPU (0avgtext+0avgdata 43672maxresident)k
8inputs+112outputs (0major+6829minor)pagefaults 0swaps
rm -f module_wps_io_arw.o
/home/onishi/WRF/tools/standard.exe module_wps_io_arw.F > module_wps_io_arw.b 
/lib/cpp -P -nostdinc -I/home/onishi/WRF/external/ioapi_share -I/home/onishi/WRF/inc -DEM_CORE=1 -DNMM_CORE=0 -DNMM_MAX_DIM=2600 -DDA_CORE=0 -DWRFPLUS=0 -DIWORDSIZE=4 -DDWORDSIZE=8 -DRWORDSIZE=4 -DLWORDSIZE=4 -DNONSTANDARD_SYSTEM_FUNC  -DWRF_USE_CLM -DUSE_NETCDF4_FEATURES -DWRFIO_NCD_LARGE_FILE_SUPPORT  -DDM_PARALLEL -DNETCDF -DGRIB2 -DHDF5 -DLANDREAD_STUB=1 -DUSE_ALLOCATABLES -Dwrfmodel -DGRIB1 -DINTIO -DKEEP_INT_AROUND -DLIMIT_ARGS -DBUILD_RRTMG_FAST=0 -DBUILD_RRTMK=0 -DBUILD_SBM_FAST=1 -DSHOW_ALL_VARS_USED=0 -DCONFIG_BUF_LEN=65536 -DMAX_DOMAINS_F=21 -DMAX_HISTORY=25 -DNMM_NEST=0 -DWRF_CHEM -DBUILD_CHEM=1 -DWRF_KPP -I. -traditional-cpp -DUSE_NETCDF4_FEATURES -DWRFIO_NCD_LARGE_FILE_SUPPORT   module_wps_io_arw.b  > module_wps_io_arw.f90
rm -f module_wps_io_arw.b
time mpif90 -f90=ifort -c -real-size `expr 8 \* 4` -i4 -O0 -fno-inline -no-ip -ip -fp-model precise -w -ftz -align all -fno-alias -FR -convert big_endian   -I../dyn_em  -I/home/onishi/WRF/external/esmf_time_f90  -I/home/onishi/WRF/main -I/home/onishi/WRF/external/io_netcdf -I/home/onishi/WRF/external/io_int -I/home/onishi/WRF/frame -I/home/onishi/WRF/share -I/home/onishi/WRF/phys -I/home/onishi/WRF/wrftladj -I/home/onishi/WRF/chem -I/home/onishi/WRF/inc -I/home/onishi/NETCDF_DIR2//include    module_wps_io_arw.f90
0.98user 0.26system 0:01.30elapsed 95%CPU (0avgtext+0avgdata 108080maxresident)k
44176inputs+4352outputs (0major+24643minor)pagefaults 0swaps
rm -f module_polarfft.o
sed -e "s/^\!.*'.*//" -e "s/^ *\!.*'.*//" module_polarfft.F > module_polarfft.G
/lib/cpp -P -nostdinc -I/home/onishi/WRF/external/ioapi_share -I/home/onishi/WRF/inc -DEM_CORE=1 -DNMM_CORE=0 -DNMM_MAX_DIM=2600 -DDA_CORE=0 -DWRFPLUS=0 -DIWORDSIZE=4 -DDWORDSIZE=8 -DRWORDSIZE=4 -DLWORDSIZE=4 -DNONSTANDARD_SYSTEM_FUNC  -DWRF_USE_CLM -DUSE_NETCDF4_FEATURES -DWRFIO_NCD_LARGE_FILE_SUPPORT  -DDM_PARALLEL -DNETCDF -DGRIB2 -DHDF5 -DLANDREAD_STUB=1 -DUSE_ALLOCATABLES -Dwrfmodel -DGRIB1 -DINTIO -DKEEP_INT_AROUND -DLIMIT_ARGS -DBUILD_RRTMG_FAST=0 -DBUILD_RRTMK=0 -DBUILD_SBM_FAST=1 -DSHOW_ALL_VARS_USED=0 -DCONFIG_BUF_LEN=65536 -DMAX_DOMAINS_F=21 -DMAX_HISTORY=25 -DNMM_NEST=0 -DWRF_CHEM -DBUILD_CHEM=1 -DWRF_KPP -I. -traditional-cpp -DUSE_NETCDF4_FEATURES -DWRFIO_NCD_LARGE_FILE_SUPPORT   module_polarfft.G  > module_polarfft.bb
/home/onishi/WRF/tools/standard.exe module_polarfft.bb | /lib/cpp -P -nostdinc -I/home/onishi/WRF/external/ioapi_share -traditional-cpp -DUSE_NETCDF4_FEATURES -DWRFIO_NCD_LARGE_FILE_SUPPORT > module_polarfft.f90
rm -f module_polarfft.G module_polarfft.bb
time mpif90 -f90=ifort -o module_polarfft.o -c -O3 -ip -fp-model precise -w -ftz -align all -fno-alias -FR -convert big_endian    -I../dyn_em  -I/home/onishi/WRF/external/esmf_time_f90  -I/home/onishi/WRF/main -I/home/onishi/WRF/external/io_netcdf -I/home/onishi/WRF/external/io_int -I/home/onishi/WRF/frame -I/home/onishi/WRF/share -I/home/onishi/WRF/phys -I/home/onishi/WRF/wrftladj -I/home/onishi/WRF/chem -I/home/onishi/WRF/inc -I/home/onishi/NETCDF_DIR2//include  -real-size `expr 8 \* 4` -i4  module_polarfft.f90
2.91user 0.17system 0:03.12elapsed 98%CPU (0avgtext+0avgdata 137184maxresident)k
88inputs+3648outputs (0major+33335minor)pagefaults 0swaps
rm -f module_force_scm.o
sed -e "s/^\!.*'.*//" -e "s/^ *\!.*'.*//" module_force_scm.F > module_force_scm.G
/lib/cpp -P -nostdinc -I/home/onishi/WRF/external/ioapi_share -I/home/onishi/WRF/inc -DEM_CORE=1 -DNMM_CORE=0 -DNMM_MAX_DIM=2600 -DDA_CORE=0 -DWRFPLUS=0 -DIWORDSIZE=4 -DDWORDSIZE=8 -DRWORDSIZE=4 -DLWORDSIZE=4 -DNONSTANDARD_SYSTEM_FUNC  -DWRF_USE_CLM -DUSE_NETCDF4_FEATURES -DWRFIO_NCD_LARGE_FILE_SUPPORT  -DDM_PARALLEL -DNETCDF -DGRIB2 -DHDF5 -DLANDREAD_STUB=1 -DUSE_ALLOCATABLES -Dwrfmodel -DGRIB1 -DINTIO -DKEEP_INT_AROUND -DLIMIT_ARGS -DBUILD_RRTMG_FAST=0 -DBUILD_RRTMK=0 -DBUILD_SBM_FAST=1 -DSHOW_ALL_VARS_USED=0 -DCONFIG_BUF_LEN=65536 -DMAX_DOMAINS_F=21 -DMAX_HISTORY=25 -DNMM_NEST=0 -DWRF_CHEM -DBUILD_CHEM=1 -DWRF_KPP -I. -traditional-cpp -DUSE_NETCDF4_FEATURES -DWRFIO_NCD_LARGE_FILE_SUPPORT   module_force_scm.G  > module_force_scm.bb
/home/onishi/WRF/tools/standard.exe module_force_scm.bb | /lib/cpp -P -nostdinc -I/home/onishi/WRF/external/ioapi_share -traditional-cpp -DUSE_NETCDF4_FEATURES -DWRFIO_NCD_LARGE_FILE_SUPPORT > module_force_scm.f90
rm -f module_force_scm.G module_force_scm.bb
time mpif90 -f90=ifort -o module_force_scm.o -c -O3 -ip -fp-model precise -w -ftz -align all -fno-alias -FR -convert big_endian    -I../dyn_em  -I/home/onishi/WRF/external/esmf_time_f90  -I/home/onishi/WRF/main -I/home/onishi/WRF/external/io_netcdf -I/home/onishi/WRF/external/io_int -I/home/onishi/WRF/frame -I/home/onishi/WRF/share -I/home/onishi/WRF/phys -I/home/onishi/WRF/wrftladj -I/home/onishi/WRF/chem -I/home/onishi/WRF/inc -I/home/onishi/NETCDF_DIR2//include  -real-size `expr 8 \* 4` -i4  module_force_scm.f90
1.27user 0.13system 0:01.44elapsed 97%CPU (0avgtext+0avgdata 112128maxresident)k
64inputs+712outputs (0major+25410minor)pagefaults 0swaps
rm -f module_stoch.o
sed -e "s/^\!.*'.*//" -e "s/^ *\!.*'.*//" module_stoch.F > module_stoch.G
/lib/cpp -P -nostdinc -I/home/onishi/WRF/external/ioapi_share -I/home/onishi/WRF/inc -DEM_CORE=1 -DNMM_CORE=0 -DNMM_MAX_DIM=2600 -DDA_CORE=0 -DWRFPLUS=0 -DIWORDSIZE=4 -DDWORDSIZE=8 -DRWORDSIZE=4 -DLWORDSIZE=4 -DNONSTANDARD_SYSTEM_FUNC  -DWRF_USE_CLM -DUSE_NETCDF4_FEATURES -DWRFIO_NCD_LARGE_FILE_SUPPORT  -DDM_PARALLEL -DNETCDF -DGRIB2 -DHDF5 -DLANDREAD_STUB=1 -DUSE_ALLOCATABLES -Dwrfmodel -DGRIB1 -DINTIO -DKEEP_INT_AROUND -DLIMIT_ARGS -DBUILD_RRTMG_FAST=0 -DBUILD_RRTMK=0 -DBUILD_SBM_FAST=1 -DSHOW_ALL_VARS_USED=0 -DCONFIG_BUF_LEN=65536 -DMAX_DOMAINS_F=21 -DMAX_HISTORY=25 -DNMM_NEST=0 -DWRF_CHEM -DBUILD_CHEM=1 -DWRF_KPP -I. -traditional-cpp -DUSE_NETCDF4_FEATURES -DWRFIO_NCD_LARGE_FILE_SUPPORT   module_stoch.G  > module_stoch.bb
/home/onishi/WRF/tools/standard.exe module_stoch.bb | /lib/cpp -P -nostdinc -I/home/onishi/WRF/external/ioapi_share -traditional-cpp -DUSE_NETCDF4_FEATURES -DWRFIO_NCD_LARGE_FILE_SUPPORT > module_stoch.f90
rm -f module_stoch.G module_stoch.bb
time mpif90 -f90=ifort -o module_stoch.o -c -O3 -ip -fp-model precise -w -ftz -align all -fno-alias -FR -convert big_endian    -I../dyn_em  -I/home/onishi/WRF/external/esmf_time_f90  -I/home/onishi/WRF/main -I/home/onishi/WRF/external/io_netcdf -I/home/onishi/WRF/external/io_int -I/home/onishi/WRF/frame -I/home/onishi/WRF/share -I/home/onishi/WRF/phys -I/home/onishi/WRF/wrftladj -I/home/onishi/WRF/chem -I/home/onishi/WRF/inc -I/home/onishi/NETCDF_DIR2//include  -real-size `expr 8 \* 4` -i4  module_stoch.f90
5.81user 0.24system 0:06.11elapsed 99%CPU (0avgtext+0avgdata 159980maxresident)k
136inputs+9160outputs (0major+46406minor)pagefaults 0swaps
rm -f module_sfs_nba.o
sed -e "s/^\!.*'.*//" -e "s/^ *\!.*'.*//" module_sfs_nba.F > module_sfs_nba.G
/lib/cpp -P -nostdinc -I/home/onishi/WRF/external/ioapi_share -I/home/onishi/WRF/inc -DEM_CORE=1 -DNMM_CORE=0 -DNMM_MAX_DIM=2600 -DDA_CORE=0 -DWRFPLUS=0 -DIWORDSIZE=4 -DDWORDSIZE=8 -DRWORDSIZE=4 -DLWORDSIZE=4 -DNONSTANDARD_SYSTEM_FUNC  -DWRF_USE_CLM -DUSE_NETCDF4_FEATURES -DWRFIO_NCD_LARGE_FILE_SUPPORT  -DDM_PARALLEL -DNETCDF -DGRIB2 -DHDF5 -DLANDREAD_STUB=1 -DUSE_ALLOCATABLES -Dwrfmodel -DGRIB1 -DINTIO -DKEEP_INT_AROUND -DLIMIT_ARGS -DBUILD_RRTMG_FAST=0 -DBUILD_RRTMK=0 -DBUILD_SBM_FAST=1 -DSHOW_ALL_VARS_USED=0 -DCONFIG_BUF_LEN=65536 -DMAX_DOMAINS_F=21 -DMAX_HISTORY=25 -DNMM_NEST=0 -DWRF_CHEM -DBUILD_CHEM=1 -DWRF_KPP -I. -traditional-cpp -DUSE_NETCDF4_FEATURES -DWRFIO_NCD_LARGE_FILE_SUPPORT   module_sfs_nba.G  > module_sfs_nba.bb
/home/onishi/WRF/tools/standard.exe module_sfs_nba.bb | /lib/cpp -P -nostdinc -I/home/onishi/WRF/external/ioapi_share -traditional-cpp -DUSE_NETCDF4_FEATURES -DWRFIO_NCD_LARGE_FILE_SUPPORT > module_sfs_nba.f90
rm -f module_sfs_nba.G module_sfs_nba.bb
time mpif90 -f90=ifort -o module_sfs_nba.o -c -O3 -ip -fp-model precise -w -ftz -align all -fno-alias -FR -convert big_endian    -I../dyn_em  -I/home/onishi/WRF/external/esmf_time_f90  -I/home/onishi/WRF/main -I/home/onishi/WRF/external/io_netcdf -I/home/onishi/WRF/external/io_int -I/home/onishi/WRF/frame -I/home/onishi/WRF/share -I/home/onishi/WRF/phys -I/home/onishi/WRF/wrftladj -I/home/onishi/WRF/chem -I/home/onishi/WRF/inc -I/home/onishi/NETCDF_DIR2//include  -real-size `expr 8 \* 4` -i4  module_sfs_nba.f90
2.47user 0.12system 0:02.63elapsed 98%CPU (0avgtext+0avgdata 79204maxresident)k
64inputs+1872outputs (0major+19816minor)pagefaults 0swaps
rm -f module_avgflx_em.o
sed -e "s/^\!.*'.*//" -e "s/^ *\!.*'.*//" module_avgflx_em.F > module_avgflx_em.G
/lib/cpp -P -nostdinc -I/home/onishi/WRF/external/ioapi_share -I/home/onishi/WRF/inc -DEM_CORE=1 -DNMM_CORE=0 -DNMM_MAX_DIM=2600 -DDA_CORE=0 -DWRFPLUS=0 -DIWORDSIZE=4 -DDWORDSIZE=8 -DRWORDSIZE=4 -DLWORDSIZE=4 -DNONSTANDARD_SYSTEM_FUNC  -DWRF_USE_CLM -DUSE_NETCDF4_FEATURES -DWRFIO_NCD_LARGE_FILE_SUPPORT  -DDM_PARALLEL -DNETCDF -DGRIB2 -DHDF5 -DLANDREAD_STUB=1 -DUSE_ALLOCATABLES -Dwrfmodel -DGRIB1 -DINTIO -DKEEP_INT_AROUND -DLIMIT_ARGS -DBUILD_RRTMG_FAST=0 -DBUILD_RRTMK=0 -DBUILD_SBM_FAST=1 -DSHOW_ALL_VARS_USED=0 -DCONFIG_BUF_LEN=65536 -DMAX_DOMAINS_F=21 -DMAX_HISTORY=25 -DNMM_NEST=0 -DWRF_CHEM -DBUILD_CHEM=1 -DWRF_KPP -I. -traditional-cpp -DUSE_NETCDF4_FEATURES -DWRFIO_NCD_LARGE_FILE_SUPPORT   module_avgflx_em.G  > module_avgflx_em.bb
/home/onishi/WRF/tools/standard.exe module_avgflx_em.bb | /lib/cpp -P -nostdinc -I/home/onishi/WRF/external/ioapi_share -traditional-cpp -DUSE_NETCDF4_FEATURES -DWRFIO_NCD_LARGE_FILE_SUPPORT > module_avgflx_em.f90
rm -f module_avgflx_em.G module_avgflx_em.bb
time mpif90 -f90=ifort -o module_avgflx_em.o -c -O3 -ip -fp-model precise -w -ftz -align all -fno-alias -FR -convert big_endian    -I../dyn_em  -I/home/onishi/WRF/external/esmf_time_f90  -I/home/onishi/WRF/main -I/home/onishi/WRF/external/io_netcdf -I/home/onishi/WRF/external/io_int -I/home/onishi/WRF/frame -I/home/onishi/WRF/share -I/home/onishi/WRF/phys -I/home/onishi/WRF/wrftladj -I/home/onishi/WRF/chem -I/home/onishi/WRF/inc -I/home/onishi/NETCDF_DIR2//include  -real-size `expr 8 \* 4` -i4  module_avgflx_em.f90
0.31user 0.08system 0:00.42elapsed 93%CPU (0avgtext+0avgdata 56884maxresident)k
16inputs+248outputs (0major+10024minor)pagefaults 0swaps
rm -f module_after_all_rk_steps.o
sed -e "s/^\!.*'.*//" -e "s/^ *\!.*'.*//" module_after_all_rk_steps.F > module_after_all_rk_steps.G
/lib/cpp -P -nostdinc -I/home/onishi/WRF/external/ioapi_share -I/home/onishi/WRF/inc -DEM_CORE=1 -DNMM_CORE=0 -DNMM_MAX_DIM=2600 -DDA_CORE=0 -DWRFPLUS=0 -DIWORDSIZE=4 -DDWORDSIZE=8 -DRWORDSIZE=4 -DLWORDSIZE=4 -DNONSTANDARD_SYSTEM_FUNC  -DWRF_USE_CLM -DUSE_NETCDF4_FEATURES -DWRFIO_NCD_LARGE_FILE_SUPPORT  -DDM_PARALLEL -DNETCDF -DGRIB2 -DHDF5 -DLANDREAD_STUB=1 -DUSE_ALLOCATABLES -Dwrfmodel -DGRIB1 -DINTIO -DKEEP_INT_AROUND -DLIMIT_ARGS -DBUILD_RRTMG_FAST=0 -DBUILD_RRTMK=0 -DBUILD_SBM_FAST=1 -DSHOW_ALL_VARS_USED=0 -DCONFIG_BUF_LEN=65536 -DMAX_DOMAINS_F=21 -DMAX_HISTORY=25 -DNMM_NEST=0 -DWRF_CHEM -DBUILD_CHEM=1 -DWRF_KPP -I. -traditional-cpp -DUSE_NETCDF4_FEATURES -DWRFIO_NCD_LARGE_FILE_SUPPORT   module_after_all_rk_steps.G  > module_after_all_rk_steps.bb
/home/onishi/WRF/tools/standard.exe module_after_all_rk_steps.bb | /lib/cpp -P -nostdinc -I/home/onishi/WRF/external/ioapi_share -traditional-cpp -DUSE_NETCDF4_FEATURES -DWRFIO_NCD_LARGE_FILE_SUPPORT > module_after_all_rk_steps.f90
rm -f module_after_all_rk_steps.G module_after_all_rk_steps.bb
time mpif90 -f90=ifort -o module_after_all_rk_steps.o -c -O3 -ip -fp-model precise -w -ftz -align all -fno-alias -FR -convert big_endian    -I../dyn_em  -I/home/onishi/WRF/external/esmf_time_f90  -I/home/onishi/WRF/main -I/home/onishi/WRF/external/io_netcdf -I/home/onishi/WRF/external/io_int -I/home/onishi/WRF/frame -I/home/onishi/WRF/share -I/home/onishi/WRF/phys -I/home/onishi/WRF/wrftladj -I/home/onishi/WRF/chem -I/home/onishi/WRF/inc -I/home/onishi/NETCDF_DIR2//include  -real-size `expr 8 \* 4` -i4  module_after_all_rk_steps.f90
1.51user 0.70system 0:02.24elapsed 98%CPU (0avgtext+0avgdata 435008maxresident)k
7464inputs+3856outputs (0major+111740minor)pagefaults 0swaps
rm -f init_modules_em.o
/home/onishi/WRF/tools/standard.exe init_modules_em.F > init_modules_em.b 
/lib/cpp -P -nostdinc -I/home/onishi/WRF/external/ioapi_share -I/home/onishi/WRF/inc -DEM_CORE=1 -DNMM_CORE=0 -DNMM_MAX_DIM=2600 -DDA_CORE=0 -DWRFPLUS=0 -DIWORDSIZE=4 -DDWORDSIZE=8 -DRWORDSIZE=4 -DLWORDSIZE=4 -DNONSTANDARD_SYSTEM_FUNC  -DWRF_USE_CLM -DUSE_NETCDF4_FEATURES -DWRFIO_NCD_LARGE_FILE_SUPPORT  -DDM_PARALLEL -DNETCDF -DGRIB2 -DHDF5 -DLANDREAD_STUB=1 -DUSE_ALLOCATABLES -Dwrfmodel -DGRIB1 -DINTIO -DKEEP_INT_AROUND -DLIMIT_ARGS -DBUILD_RRTMG_FAST=0 -DBUILD_RRTMK=0 -DBUILD_SBM_FAST=1 -DSHOW_ALL_VARS_USED=0 -DCONFIG_BUF_LEN=65536 -DMAX_DOMAINS_F=21 -DMAX_HISTORY=25 -DNMM_NEST=0 -DWRF_CHEM -DBUILD_CHEM=1 -DWRF_KPP -I. -traditional-cpp -DUSE_NETCDF4_FEATURES -DWRFIO_NCD_LARGE_FILE_SUPPORT   init_modules_em.b  > init_modules_em.f90
rm -f init_modules_em.b
time mpif90 -f90=ifort -c -real-size `expr 8 \* 4` -i4 -O0 -fno-inline -no-ip -ip -fp-model precise -w -ftz -align all -fno-alias -FR -convert big_endian   -I../dyn_em  -I/home/onishi/WRF/external/esmf_time_f90  -I/home/onishi/WRF/main -I/home/onishi/WRF/external/io_netcdf -I/home/onishi/WRF/external/io_int -I/home/onishi/WRF/frame -I/home/onishi/WRF/share -I/home/onishi/WRF/phys -I/home/onishi/WRF/wrftladj -I/home/onishi/WRF/chem -I/home/onishi/WRF/inc -I/home/onishi/NETCDF_DIR2//include    init_modules_em.f90
0.02user 0.06system 0:00.11elapsed 74%CPU (0avgtext+0avgdata 31500maxresident)k
8inputs+88outputs (0major+5076minor)pagefaults 0swaps
rm -f start_em.o
sed -e "s/^\!.*'.*//" -e "s/^ *\!.*'.*//" start_em.F > start_em.G
/lib/cpp -P -nostdinc -I/home/onishi/WRF/external/ioapi_share -I/home/onishi/WRF/inc -DEM_CORE=1 -DNMM_CORE=0 -DNMM_MAX_DIM=2600 -DDA_CORE=0 -DWRFPLUS=0 -DIWORDSIZE=4 -DDWORDSIZE=8 -DRWORDSIZE=4 -DLWORDSIZE=4 -DNONSTANDARD_SYSTEM_FUNC  -DWRF_USE_CLM -DUSE_NETCDF4_FEATURES -DWRFIO_NCD_LARGE_FILE_SUPPORT  -DDM_PARALLEL -DNETCDF -DGRIB2 -DHDF5 -DLANDREAD_STUB=1 -DUSE_ALLOCATABLES -Dwrfmodel -DGRIB1 -DINTIO -DKEEP_INT_AROUND -DLIMIT_ARGS -DBUILD_RRTMG_FAST=0 -DBUILD_RRTMK=0 -DBUILD_SBM_FAST=1 -DSHOW_ALL_VARS_USED=0 -DCONFIG_BUF_LEN=65536 -DMAX_DOMAINS_F=21 -DMAX_HISTORY=25 -DNMM_NEST=0 -DWRF_CHEM -DBUILD_CHEM=1 -DWRF_KPP -I. -traditional-cpp -DUSE_NETCDF4_FEATURES -DWRFIO_NCD_LARGE_FILE_SUPPORT   start_em.G  > start_em.bb
/home/onishi/WRF/tools/standard.exe start_em.bb | /lib/cpp -P -nostdinc -I/home/onishi/WRF/external/ioapi_share -traditional-cpp -DUSE_NETCDF4_FEATURES -DWRFIO_NCD_LARGE_FILE_SUPPORT > start_em.f90
rm -f start_em.G start_em.bb
time mpif90 -f90=ifort -o start_em.o -c -O3 -ip -fp-model precise -w -ftz -align all -fno-alias -FR -convert big_endian    -I../dyn_em  -I/home/onishi/WRF/external/esmf_time_f90  -I/home/onishi/WRF/main -I/home/onishi/WRF/external/io_netcdf -I/home/onishi/WRF/external/io_int -I/home/onishi/WRF/frame -I/home/onishi/WRF/share -I/home/onishi/WRF/phys -I/home/onishi/WRF/wrftladj -I/home/onishi/WRF/chem -I/home/onishi/WRF/inc -I/home/onishi/NETCDF_DIR2//include  -real-size `expr 8 \* 4` -i4  start_em.f90
98.04user 1.28system 1:39.35elapsed 99%CPU (0avgtext+0avgdata 556728maxresident)k
680inputs+11032outputs (7major+164067minor)pagefaults 0swaps
rm -f shift_domain_em.o
sed -e "s/^\!.*'.*//" -e "s/^ *\!.*'.*//" shift_domain_em.F > shift_domain_em.G
/lib/cpp -P -nostdinc -I/home/onishi/WRF/external/ioapi_share -I/home/onishi/WRF/inc -DEM_CORE=1 -DNMM_CORE=0 -DNMM_MAX_DIM=2600 -DDA_CORE=0 -DWRFPLUS=0 -DIWORDSIZE=4 -DDWORDSIZE=8 -DRWORDSIZE=4 -DLWORDSIZE=4 -DNONSTANDARD_SYSTEM_FUNC  -DWRF_USE_CLM -DUSE_NETCDF4_FEATURES -DWRFIO_NCD_LARGE_FILE_SUPPORT  -DDM_PARALLEL -DNETCDF -DGRIB2 -DHDF5 -DLANDREAD_STUB=1 -DUSE_ALLOCATABLES -Dwrfmodel -DGRIB1 -DINTIO -DKEEP_INT_AROUND -DLIMIT_ARGS -DBUILD_RRTMG_FAST=0 -DBUILD_RRTMK=0 -DBUILD_SBM_FAST=1 -DSHOW_ALL_VARS_USED=0 -DCONFIG_BUF_LEN=65536 -DMAX_DOMAINS_F=21 -DMAX_HISTORY=25 -DNMM_NEST=0 -DWRF_CHEM -DBUILD_CHEM=1 -DWRF_KPP -I. -traditional-cpp -DUSE_NETCDF4_FEATURES -DWRFIO_NCD_LARGE_FILE_SUPPORT   shift_domain_em.G  > shift_domain_em.bb
/home/onishi/WRF/tools/standard.exe shift_domain_em.bb | /lib/cpp -P -nostdinc -I/home/onishi/WRF/external/ioapi_share -traditional-cpp -DUSE_NETCDF4_FEATURES -DWRFIO_NCD_LARGE_FILE_SUPPORT > shift_domain_em.f90
rm -f shift_domain_em.G shift_domain_em.bb
time mpif90 -f90=ifort -o shift_domain_em.o -c -O3 -ip -fp-model precise -w -ftz -align all -fno-alias -FR -convert big_endian    -I../dyn_em  -I/home/onishi/WRF/external/esmf_time_f90  -I/home/onishi/WRF/main -I/home/onishi/WRF/external/io_netcdf -I/home/onishi/WRF/external/io_int -I/home/onishi/WRF/frame -I/home/onishi/WRF/share -I/home/onishi/WRF/phys -I/home/onishi/WRF/wrftladj -I/home/onishi/WRF/chem -I/home/onishi/WRF/inc -I/home/onishi/NETCDF_DIR2//include  -real-size `expr 8 \* 4` -i4  shift_domain_em.f90
3.74user 1.13system 0:04.91elapsed 99%CPU (0avgtext+0avgdata 462892maxresident)k
80inputs+120outputs (0major+118710minor)pagefaults 0swaps
rm -f couple_or_uncouple_em.o
sed -e "s/^\!.*'.*//" -e "s/^ *\!.*'.*//" couple_or_uncouple_em.F > couple_or_uncouple_em.G
/lib/cpp -P -nostdinc -I/home/onishi/WRF/external/ioapi_share -I/home/onishi/WRF/inc -DEM_CORE=1 -DNMM_CORE=0 -DNMM_MAX_DIM=2600 -DDA_CORE=0 -DWRFPLUS=0 -DIWORDSIZE=4 -DDWORDSIZE=8 -DRWORDSIZE=4 -DLWORDSIZE=4 -DNONSTANDARD_SYSTEM_FUNC  -DWRF_USE_CLM -DUSE_NETCDF4_FEATURES -DWRFIO_NCD_LARGE_FILE_SUPPORT  -DDM_PARALLEL -DNETCDF -DGRIB2 -DHDF5 -DLANDREAD_STUB=1 -DUSE_ALLOCATABLES -Dwrfmodel -DGRIB1 -DINTIO -DKEEP_INT_AROUND -DLIMIT_ARGS -DBUILD_RRTMG_FAST=0 -DBUILD_RRTMK=0 -DBUILD_SBM_FAST=1 -DSHOW_ALL_VARS_USED=0 -DCONFIG_BUF_LEN=65536 -DMAX_DOMAINS_F=21 -DMAX_HISTORY=25 -DNMM_NEST=0 -DWRF_CHEM -DBUILD_CHEM=1 -DWRF_KPP -I. -traditional-cpp -DUSE_NETCDF4_FEATURES -DWRFIO_NCD_LARGE_FILE_SUPPORT   couple_or_uncouple_em.G  > couple_or_uncouple_em.bb
/home/onishi/WRF/tools/standard.exe couple_or_uncouple_em.bb | /lib/cpp -P -nostdinc -I/home/onishi/WRF/external/ioapi_share -traditional-cpp -DUSE_NETCDF4_FEATURES -DWRFIO_NCD_LARGE_FILE_SUPPORT > couple_or_uncouple_em.f90
rm -f couple_or_uncouple_em.G couple_or_uncouple_em.bb
time mpif90 -f90=ifort -o couple_or_uncouple_em.o -c -O3 -ip -fp-model precise -w -ftz -align all -fno-alias -FR -convert big_endian    -I../dyn_em  -I/home/onishi/WRF/external/esmf_time_f90  -I/home/onishi/WRF/main -I/home/onishi/WRF/external/io_netcdf -I/home/onishi/WRF/external/io_int -I/home/onishi/WRF/frame -I/home/onishi/WRF/share -I/home/onishi/WRF/phys -I/home/onishi/WRF/wrftladj -I/home/onishi/WRF/chem -I/home/onishi/WRF/inc -I/home/onishi/NETCDF_DIR2//include  -real-size `expr 8 \* 4` -i4  couple_or_uncouple_em.f90
3.93user 0.81system 0:04.79elapsed 99%CPU (0avgtext+0avgdata 535756maxresident)k
64inputs+728outputs (0major+138161minor)pagefaults 0swaps
rm -f nest_init_utils.o
sed -e "s/^\!.*'.*//" -e "s/^ *\!.*'.*//" nest_init_utils.F > nest_init_utils.G
/lib/cpp -P -nostdinc -I/home/onishi/WRF/external/ioapi_share -I/home/onishi/WRF/inc -DEM_CORE=1 -DNMM_CORE=0 -DNMM_MAX_DIM=2600 -DDA_CORE=0 -DWRFPLUS=0 -DIWORDSIZE=4 -DDWORDSIZE=8 -DRWORDSIZE=4 -DLWORDSIZE=4 -DNONSTANDARD_SYSTEM_FUNC  -DWRF_USE_CLM -DUSE_NETCDF4_FEATURES -DWRFIO_NCD_LARGE_FILE_SUPPORT  -DDM_PARALLEL -DNETCDF -DGRIB2 -DHDF5 -DLANDREAD_STUB=1 -DUSE_ALLOCATABLES -Dwrfmodel -DGRIB1 -DINTIO -DKEEP_INT_AROUND -DLIMIT_ARGS -DBUILD_RRTMG_FAST=0 -DBUILD_RRTMK=0 -DBUILD_SBM_FAST=1 -DSHOW_ALL_VARS_USED=0 -DCONFIG_BUF_LEN=65536 -DMAX_DOMAINS_F=21 -DMAX_HISTORY=25 -DNMM_NEST=0 -DWRF_CHEM -DBUILD_CHEM=1 -DWRF_KPP -I. -traditional-cpp -DUSE_NETCDF4_FEATURES -DWRFIO_NCD_LARGE_FILE_SUPPORT   nest_init_utils.G  > nest_init_utils.bb
/home/onishi/WRF/tools/standard.exe nest_init_utils.bb | /lib/cpp -P -nostdinc -I/home/onishi/WRF/external/ioapi_share -traditional-cpp -DUSE_NETCDF4_FEATURES -DWRFIO_NCD_LARGE_FILE_SUPPORT > nest_init_utils.f90
rm -f nest_init_utils.G nest_init_utils.bb
time mpif90 -f90=ifort -o nest_init_utils.o -c -O3 -ip -fp-model precise -w -ftz -align all -fno-alias -FR -convert big_endian    -I../dyn_em  -I/home/onishi/WRF/external/esmf_time_f90  -I/home/onishi/WRF/main -I/home/onishi/WRF/external/io_netcdf -I/home/onishi/WRF/external/io_int -I/home/onishi/WRF/frame -I/home/onishi/WRF/share -I/home/onishi/WRF/phys -I/home/onishi/WRF/wrftladj -I/home/onishi/WRF/chem -I/home/onishi/WRF/inc -I/home/onishi/NETCDF_DIR2//include  -real-size `expr 8 \* 4` -i4  nest_init_utils.f90
4.45user 0.83system 0:05.32elapsed 99%CPU (0avgtext+0avgdata 526332maxresident)k
104inputs+1144outputs (0major+138993minor)pagefaults 0swaps
rm -f adapt_timestep_em.o
sed -e "s/^\!.*'.*//" -e "s/^ *\!.*'.*//" adapt_timestep_em.F > adapt_timestep_em.G
/lib/cpp -P -nostdinc -I/home/onishi/WRF/external/ioapi_share -I/home/onishi/WRF/inc -DEM_CORE=1 -DNMM_CORE=0 -DNMM_MAX_DIM=2600 -DDA_CORE=0 -DWRFPLUS=0 -DIWORDSIZE=4 -DDWORDSIZE=8 -DRWORDSIZE=4 -DLWORDSIZE=4 -DNONSTANDARD_SYSTEM_FUNC  -DWRF_USE_CLM -DUSE_NETCDF4_FEATURES -DWRFIO_NCD_LARGE_FILE_SUPPORT  -DDM_PARALLEL -DNETCDF -DGRIB2 -DHDF5 -DLANDREAD_STUB=1 -DUSE_ALLOCATABLES -Dwrfmodel -DGRIB1 -DINTIO -DKEEP_INT_AROUND -DLIMIT_ARGS -DBUILD_RRTMG_FAST=0 -DBUILD_RRTMK=0 -DBUILD_SBM_FAST=1 -DSHOW_ALL_VARS_USED=0 -DCONFIG_BUF_LEN=65536 -DMAX_DOMAINS_F=21 -DMAX_HISTORY=25 -DNMM_NEST=0 -DWRF_CHEM -DBUILD_CHEM=1 -DWRF_KPP -I. -traditional-cpp -DUSE_NETCDF4_FEATURES -DWRFIO_NCD_LARGE_FILE_SUPPORT   adapt_timestep_em.G  > adapt_timestep_em.bb
/home/onishi/WRF/tools/standard.exe adapt_timestep_em.bb | /lib/cpp -P -nostdinc -I/home/onishi/WRF/external/ioapi_share -traditional-cpp -DUSE_NETCDF4_FEATURES -DWRFIO_NCD_LARGE_FILE_SUPPORT > adapt_timestep_em.f90
rm -f adapt_timestep_em.G adapt_timestep_em.bb
time mpif90 -f90=ifort -o adapt_timestep_em.o -c -O3 -ip -fp-model precise -w -ftz -align all -fno-alias -FR -convert big_endian    -I../dyn_em  -I/home/onishi/WRF/external/esmf_time_f90  -I/home/onishi/WRF/main -I/home/onishi/WRF/external/io_netcdf -I/home/onishi/WRF/external/io_int -I/home/onishi/WRF/frame -I/home/onishi/WRF/share -I/home/onishi/WRF/phys -I/home/onishi/WRF/wrftladj -I/home/onishi/WRF/chem -I/home/onishi/WRF/inc -I/home/onishi/NETCDF_DIR2//include  -real-size `expr 8 \* 4` -i4  adapt_timestep_em.f90
0.73user 0.20system 0:00.97elapsed 97%CPU (0avgtext+0avgdata 103376maxresident)k
32inputs+272outputs (0major+22560minor)pagefaults 0swaps
rm -f interp_domain_em.o
sed -e "s/^\!.*'.*//" -e "s/^ *\!.*'.*//" interp_domain_em.F > interp_domain_em.G
/lib/cpp -P -nostdinc -I/home/onishi/WRF/external/ioapi_share -I/home/onishi/WRF/inc -DEM_CORE=1 -DNMM_CORE=0 -DNMM_MAX_DIM=2600 -DDA_CORE=0 -DWRFPLUS=0 -DIWORDSIZE=4 -DDWORDSIZE=8 -DRWORDSIZE=4 -DLWORDSIZE=4 -DNONSTANDARD_SYSTEM_FUNC  -DWRF_USE_CLM -DUSE_NETCDF4_FEATURES -DWRFIO_NCD_LARGE_FILE_SUPPORT  -DDM_PARALLEL -DNETCDF -DGRIB2 -DHDF5 -DLANDREAD_STUB=1 -DUSE_ALLOCATABLES -Dwrfmodel -DGRIB1 -DINTIO -DKEEP_INT_AROUND -DLIMIT_ARGS -DBUILD_RRTMG_FAST=0 -DBUILD_RRTMK=0 -DBUILD_SBM_FAST=1 -DSHOW_ALL_VARS_USED=0 -DCONFIG_BUF_LEN=65536 -DMAX_DOMAINS_F=21 -DMAX_HISTORY=25 -DNMM_NEST=0 -DWRF_CHEM -DBUILD_CHEM=1 -DWRF_KPP -I. -traditional-cpp -DUSE_NETCDF4_FEATURES -DWRFIO_NCD_LARGE_FILE_SUPPORT   interp_domain_em.G  > interp_domain_em.bb
/home/onishi/WRF/tools/standard.exe interp_domain_em.bb | /lib/cpp -P -nostdinc -I/home/onishi/WRF/external/ioapi_share -traditional-cpp -DUSE_NETCDF4_FEATURES -DWRFIO_NCD_LARGE_FILE_SUPPORT > interp_domain_em.f90
rm -f interp_domain_em.G interp_domain_em.bb
time mpif90 -f90=ifort -o interp_domain_em.o -c -O3 -ip -fp-model precise -w -ftz -align all -fno-alias -FR -convert big_endian    -I../dyn_em  -I/home/onishi/WRF/external/esmf_time_f90  -I/home/onishi/WRF/main -I/home/onishi/WRF/external/io_netcdf -I/home/onishi/WRF/external/io_int -I/home/onishi/WRF/frame -I/home/onishi/WRF/share -I/home/onishi/WRF/phys -I/home/onishi/WRF/wrftladj -I/home/onishi/WRF/chem -I/home/onishi/WRF/inc -I/home/onishi/NETCDF_DIR2//include  -real-size `expr 8 \* 4` -i4  interp_domain_em.f90
0.01user 0.06system 0:00.11elapsed 75%CPU (0avgtext+0avgdata 37456maxresident)k
8inputs+88outputs (0major+5943minor)pagefaults 0swaps
rm -f module_diffusion_em.o
sed -e "s/^\!.*'.*//" -e "s/^ *\!.*'.*//" module_diffusion_em.F > module_diffusion_em.G
/lib/cpp -P -nostdinc -I/home/onishi/WRF/external/ioapi_share -I/home/onishi/WRF/inc -DEM_CORE=1 -DNMM_CORE=0 -DNMM_MAX_DIM=2600 -DDA_CORE=0 -DWRFPLUS=0 -DIWORDSIZE=4 -DDWORDSIZE=8 -DRWORDSIZE=4 -DLWORDSIZE=4 -DNONSTANDARD_SYSTEM_FUNC  -DWRF_USE_CLM -DUSE_NETCDF4_FEATURES -DWRFIO_NCD_LARGE_FILE_SUPPORT  -DDM_PARALLEL -DNETCDF -DGRIB2 -DHDF5 -DLANDREAD_STUB=1 -DUSE_ALLOCATABLES -Dwrfmodel -DGRIB1 -DINTIO -DKEEP_INT_AROUND -DLIMIT_ARGS -DBUILD_RRTMG_FAST=0 -DBUILD_RRTMK=0 -DBUILD_SBM_FAST=1 -DSHOW_ALL_VARS_USED=0 -DCONFIG_BUF_LEN=65536 -DMAX_DOMAINS_F=21 -DMAX_HISTORY=25 -DNMM_NEST=0 -DWRF_CHEM -DBUILD_CHEM=1 -DWRF_KPP -I. -traditional-cpp -DUSE_NETCDF4_FEATURES -DWRFIO_NCD_LARGE_FILE_SUPPORT   module_diffusion_em.G  > module_diffusion_em.bb
/home/onishi/WRF/tools/standard.exe module_diffusion_em.bb | /lib/cpp -P -nostdinc -I/home/onishi/WRF/external/ioapi_share -traditional-cpp -DUSE_NETCDF4_FEATURES -DWRFIO_NCD_LARGE_FILE_SUPPORT > module_diffusion_em.f90
rm -f module_diffusion_em.G module_diffusion_em.bb
time mpif90 -f90=ifort -o module_diffusion_em.o -c -O3 -ip -fp-model precise -w -ftz -align all -fno-alias -FR -convert big_endian    -I../dyn_em  -I/home/onishi/WRF/external/esmf_time_f90  -I/home/onishi/WRF/main -I/home/onishi/WRF/external/io_netcdf -I/home/onishi/WRF/external/io_int -I/home/onishi/WRF/frame -I/home/onishi/WRF/share -I/home/onishi/WRF/phys -I/home/onishi/WRF/wrftladj -I/home/onishi/WRF/chem -I/home/onishi/WRF/inc -I/home/onishi/NETCDF_DIR2//include  -real-size `expr 8 \* 4` -i4  module_diffusion_em.f90
29.39user 0.49system 0:29.93elapsed 99%CPU (0avgtext+0avgdata 274060maxresident)k
2072inputs+8480outputs (0major+77350minor)pagefaults 0swaps
rm -f module_em.o
sed -e "s/^\!.*'.*//" -e "s/^ *\!.*'.*//" module_em.F > module_em.G
/lib/cpp -P -nostdinc -I/home/onishi/WRF/external/ioapi_share -I/home/onishi/WRF/inc -DEM_CORE=1 -DNMM_CORE=0 -DNMM_MAX_DIM=2600 -DDA_CORE=0 -DWRFPLUS=0 -DIWORDSIZE=4 -DDWORDSIZE=8 -DRWORDSIZE=4 -DLWORDSIZE=4 -DNONSTANDARD_SYSTEM_FUNC  -DWRF_USE_CLM -DUSE_NETCDF4_FEATURES -DWRFIO_NCD_LARGE_FILE_SUPPORT  -DDM_PARALLEL -DNETCDF -DGRIB2 -DHDF5 -DLANDREAD_STUB=1 -DUSE_ALLOCATABLES -Dwrfmodel -DGRIB1 -DINTIO -DKEEP_INT_AROUND -DLIMIT_ARGS -DBUILD_RRTMG_FAST=0 -DBUILD_RRTMK=0 -DBUILD_SBM_FAST=1 -DSHOW_ALL_VARS_USED=0 -DCONFIG_BUF_LEN=65536 -DMAX_DOMAINS_F=21 -DMAX_HISTORY=25 -DNMM_NEST=0 -DWRF_CHEM -DBUILD_CHEM=1 -DWRF_KPP -I. -traditional-cpp -DUSE_NETCDF4_FEATURES -DWRFIO_NCD_LARGE_FILE_SUPPORT   module_em.G  > module_em.bb
/home/onishi/WRF/tools/standard.exe module_em.bb | /lib/cpp -P -nostdinc -I/home/onishi/WRF/external/ioapi_share -traditional-cpp -DUSE_NETCDF4_FEATURES -DWRFIO_NCD_LARGE_FILE_SUPPORT > module_em.f90
rm -f module_em.G module_em.bb
time mpif90 -f90=ifort -o module_em.o -c -O3 -ip -fp-model precise -w -ftz -align all -fno-alias -FR -convert big_endian    -I../dyn_em  -I/home/onishi/WRF/external/esmf_time_f90  -I/home/onishi/WRF/main -I/home/onishi/WRF/external/io_netcdf -I/home/onishi/WRF/external/io_int -I/home/onishi/WRF/frame -I/home/onishi/WRF/share -I/home/onishi/WRF/phys -I/home/onishi/WRF/wrftladj -I/home/onishi/WRF/chem -I/home/onishi/WRF/inc -I/home/onishi/NETCDF_DIR2//include  -real-size `expr 8 \* 4` -i4  module_em.f90
4.90user 0.24system 0:05.20elapsed 98%CPU (0avgtext+0avgdata 161456maxresident)k
2296inputs+9704outputs (0major+41446minor)pagefaults 0swaps
rm -f module_sfs_driver.o
sed -e "s/^\!.*'.*//" -e "s/^ *\!.*'.*//" module_sfs_driver.F > module_sfs_driver.G
/lib/cpp -P -nostdinc -I/home/onishi/WRF/external/ioapi_share -I/home/onishi/WRF/inc -DEM_CORE=1 -DNMM_CORE=0 -DNMM_MAX_DIM=2600 -DDA_CORE=0 -DWRFPLUS=0 -DIWORDSIZE=4 -DDWORDSIZE=8 -DRWORDSIZE=4 -DLWORDSIZE=4 -DNONSTANDARD_SYSTEM_FUNC  -DWRF_USE_CLM -DUSE_NETCDF4_FEATURES -DWRFIO_NCD_LARGE_FILE_SUPPORT  -DDM_PARALLEL -DNETCDF -DGRIB2 -DHDF5 -DLANDREAD_STUB=1 -DUSE_ALLOCATABLES -Dwrfmodel -DGRIB1 -DINTIO -DKEEP_INT_AROUND -DLIMIT_ARGS -DBUILD_RRTMG_FAST=0 -DBUILD_RRTMK=0 -DBUILD_SBM_FAST=1 -DSHOW_ALL_VARS_USED=0 -DCONFIG_BUF_LEN=65536 -DMAX_DOMAINS_F=21 -DMAX_HISTORY=25 -DNMM_NEST=0 -DWRF_CHEM -DBUILD_CHEM=1 -DWRF_KPP -I. -traditional-cpp -DUSE_NETCDF4_FEATURES -DWRFIO_NCD_LARGE_FILE_SUPPORT   module_sfs_driver.G  > module_sfs_driver.bb
/home/onishi/WRF/tools/standard.exe module_sfs_driver.bb | /lib/cpp -P -nostdinc -I/home/onishi/WRF/external/ioapi_share -traditional-cpp -DUSE_NETCDF4_FEATURES -DWRFIO_NCD_LARGE_FILE_SUPPORT > module_sfs_driver.f90
rm -f module_sfs_driver.G module_sfs_driver.bb
time mpif90 -f90=ifort -o module_sfs_driver.o -c -O3 -ip -fp-model precise -w -ftz -align all -fno-alias -FR -convert big_endian    -I../dyn_em  -I/home/onishi/WRF/external/esmf_time_f90  -I/home/onishi/WRF/main -I/home/onishi/WRF/external/io_netcdf -I/home/onishi/WRF/external/io_int -I/home/onishi/WRF/frame -I/home/onishi/WRF/share -I/home/onishi/WRF/phys -I/home/onishi/WRF/wrftladj -I/home/onishi/WRF/chem -I/home/onishi/WRF/inc -I/home/onishi/NETCDF_DIR2//include  -real-size `expr 8 \* 4` -i4  module_sfs_driver.f90
2.29user 0.78system 0:03.11elapsed 98%CPU (0avgtext+0avgdata 525308maxresident)k
928inputs+3896outputs (0major+133791minor)pagefaults 0swaps
rm -f module_first_rk_step_part1.o
sed -e "s/^\!.*'.*//" -e "s/^ *\!.*'.*//" module_first_rk_step_part1.F > module_first_rk_step_part1.G
/lib/cpp -P -nostdinc -I/home/onishi/WRF/external/ioapi_share -I/home/onishi/WRF/inc -DEM_CORE=1 -DNMM_CORE=0 -DNMM_MAX_DIM=2600 -DDA_CORE=0 -DWRFPLUS=0 -DIWORDSIZE=4 -DDWORDSIZE=8 -DRWORDSIZE=4 -DLWORDSIZE=4 -DNONSTANDARD_SYSTEM_FUNC  -DWRF_USE_CLM -DUSE_NETCDF4_FEATURES -DWRFIO_NCD_LARGE_FILE_SUPPORT  -DDM_PARALLEL -DNETCDF -DGRIB2 -DHDF5 -DLANDREAD_STUB=1 -DUSE_ALLOCATABLES -Dwrfmodel -DGRIB1 -DINTIO -DKEEP_INT_AROUND -DLIMIT_ARGS -DBUILD_RRTMG_FAST=0 -DBUILD_RRTMK=0 -DBUILD_SBM_FAST=1 -DSHOW_ALL_VARS_USED=0 -DCONFIG_BUF_LEN=65536 -DMAX_DOMAINS_F=21 -DMAX_HISTORY=25 -DNMM_NEST=0 -DWRF_CHEM -DBUILD_CHEM=1 -DWRF_KPP -I. -traditional-cpp -DUSE_NETCDF4_FEATURES -DWRFIO_NCD_LARGE_FILE_SUPPORT   module_first_rk_step_part1.G  > module_first_rk_step_part1.bb
/home/onishi/WRF/tools/standard.exe module_first_rk_step_part1.bb | /lib/cpp -P -nostdinc -I/home/onishi/WRF/external/ioapi_share -traditional-cpp -DUSE_NETCDF4_FEATURES -DWRFIO_NCD_LARGE_FILE_SUPPORT > module_first_rk_step_part1.f90
rm -f module_first_rk_step_part1.G module_first_rk_step_part1.bb
time mpif90 -f90=ifort -o module_first_rk_step_part1.o -c -O3 -ip -fp-model precise -w -ftz -align all -fno-alias -FR -convert big_endian    -I../dyn_em  -I/home/onishi/WRF/external/esmf_time_f90  -I/home/onishi/WRF/main -I/home/onishi/WRF/external/io_netcdf -I/home/onishi/WRF/external/io_int -I/home/onishi/WRF/frame -I/home/onishi/WRF/share -I/home/onishi/WRF/phys -I/home/onishi/WRF/wrftladj -I/home/onishi/WRF/chem -I/home/onishi/WRF/inc -I/home/onishi/NETCDF_DIR2//include  -real-size `expr 8 \* 4` -i4  module_first_rk_step_part1.f90
218.25user 8.22system 3:46.67elapsed 99%CPU (0avgtext+0avgdata 4383372maxresident)k
28280inputs+4168outputs (0major+1111113minor)pagefaults 0swaps
rm -f module_first_rk_step_part2.o
sed -e "s/^\!.*'.*//" -e "s/^ *\!.*'.*//" module_first_rk_step_part2.F > module_first_rk_step_part2.G
/lib/cpp -P -nostdinc -I/home/onishi/WRF/external/ioapi_share -I/home/onishi/WRF/inc -DEM_CORE=1 -DNMM_CORE=0 -DNMM_MAX_DIM=2600 -DDA_CORE=0 -DWRFPLUS=0 -DIWORDSIZE=4 -DDWORDSIZE=8 -DRWORDSIZE=4 -DLWORDSIZE=4 -DNONSTANDARD_SYSTEM_FUNC  -DWRF_USE_CLM -DUSE_NETCDF4_FEATURES -DWRFIO_NCD_LARGE_FILE_SUPPORT  -DDM_PARALLEL -DNETCDF -DGRIB2 -DHDF5 -DLANDREAD_STUB=1 -DUSE_ALLOCATABLES -Dwrfmodel -DGRIB1 -DINTIO -DKEEP_INT_AROUND -DLIMIT_ARGS -DBUILD_RRTMG_FAST=0 -DBUILD_RRTMK=0 -DBUILD_SBM_FAST=1 -DSHOW_ALL_VARS_USED=0 -DCONFIG_BUF_LEN=65536 -DMAX_DOMAINS_F=21 -DMAX_HISTORY=25 -DNMM_NEST=0 -DWRF_CHEM -DBUILD_CHEM=1 -DWRF_KPP -I. -traditional-cpp -DUSE_NETCDF4_FEATURES -DWRFIO_NCD_LARGE_FILE_SUPPORT   module_first_rk_step_part2.G  > module_first_rk_step_part2.bb
/home/onishi/WRF/tools/standard.exe module_first_rk_step_part2.bb | /lib/cpp -P -nostdinc -I/home/onishi/WRF/external/ioapi_share -traditional-cpp -DUSE_NETCDF4_FEATURES -DWRFIO_NCD_LARGE_FILE_SUPPORT > module_first_rk_step_part2.f90
rm -f module_first_rk_step_part2.G module_first_rk_step_part2.bb
time mpif90 -f90=ifort -o module_first_rk_step_part2.o -c -O3 -ip -fp-model precise -w -ftz -align all -fno-alias -FR -convert big_endian    -I../dyn_em  -I/home/onishi/WRF/external/esmf_time_f90  -I/home/onishi/WRF/main -I/home/onishi/WRF/external/io_netcdf -I/home/onishi/WRF/external/io_int -I/home/onishi/WRF/frame -I/home/onishi/WRF/share -I/home/onishi/WRF/phys -I/home/onishi/WRF/wrftladj -I/home/onishi/WRF/chem -I/home/onishi/WRF/inc -I/home/onishi/NETCDF_DIR2//include  -real-size `expr 8 \* 4` -i4  module_first_rk_step_part2.f90
5.22user 0.88system 0:06.18elapsed 98%CPU (0avgtext+0avgdata 646832maxresident)k
8320inputs+7816outputs (0major+162223minor)pagefaults 0swaps
208.69user 5.34system 3:34.14elapsed 99%CPU (0avgtext+0avgdata 1644072maxresident)k
21840inputs+37216outputs (0major+452694minor)pagefaults 0swaps
rm -f solve_em.o
sed -e "s/^\!.*'.*//" -e "s/^ *\!.*'.*//" solve_em.F > solve_em.G
/lib/cpp -P -nostdinc -I/home/onishi/WRF/external/ioapi_share -I/home/onishi/WRF/inc -DEM_CORE=1 -DNMM_CORE=0 -DNMM_MAX_DIM=2600 -DDA_CORE=0 -DWRFPLUS=0 -DIWORDSIZE=4 -DDWORDSIZE=8 -DRWORDSIZE=4 -DLWORDSIZE=4 -DNONSTANDARD_SYSTEM_FUNC  -DWRF_USE_CLM -DUSE_NETCDF4_FEATURES -DWRFIO_NCD_LARGE_FILE_SUPPORT  -DDM_PARALLEL -DNETCDF -DGRIB2 -DHDF5 -DLANDREAD_STUB=1 -DUSE_ALLOCATABLES -Dwrfmodel -DGRIB1 -DINTIO -DKEEP_INT_AROUND -DLIMIT_ARGS -DBUILD_RRTMG_FAST=0 -DBUILD_RRTMK=0 -DBUILD_SBM_FAST=1 -DSHOW_ALL_VARS_USED=0 -DCONFIG_BUF_LEN=65536 -DMAX_DOMAINS_F=21 -DMAX_HISTORY=25 -DNMM_NEST=0 -DWRF_CHEM -DBUILD_CHEM=1 -DWRF_KPP -I. -traditional-cpp -DUSE_NETCDF4_FEATURES -DWRFIO_NCD_LARGE_FILE_SUPPORT   solve_em.G  > solve_em.bb
/home/onishi/WRF/tools/standard.exe solve_em.bb | /lib/cpp -P -nostdinc -I/home/onishi/WRF/external/ioapi_share -traditional-cpp -DUSE_NETCDF4_FEATURES -DWRFIO_NCD_LARGE_FILE_SUPPORT > solve_em.f90
rm -f solve_em.G solve_em.bb
time mpif90 -f90=ifort -o solve_em.o -c -O3 -ip -fp-model precise -w -ftz -align all -fno-alias -FR -convert big_endian    -I../dyn_em  -I/home/onishi/WRF/external/esmf_time_f90  -I/home/onishi/WRF/main -I/home/onishi/WRF/external/io_netcdf -I/home/onishi/WRF/external/io_int -I/home/onishi/WRF/frame -I/home/onishi/WRF/share -I/home/onishi/WRF/phys -I/home/onishi/WRF/wrftladj -I/home/onishi/WRF/chem -I/home/onishi/WRF/inc -I/home/onishi/NETCDF_DIR2//include  -real-size `expr 8 \* 4` -i4  solve_em.f90
25.20user 1.72system 0:27.00elapsed 99%CPU (0avgtext+0avgdata 1478688maxresident)k
21864inputs+6360outputs (0major+397256minor)pagefaults 0swaps
ar ru ../main/libwrflib.a module_advect_em.o module_ieva_em.o module_diffusion_em.o module_small_step_em.o module_big_step_utilities_em.o module_em.o module_solvedebug_em.o module_bc_em.o module_init_utilities.o module_wps_io_arw.o module_damping_em.o module_polarfft.o module_force_scm.o module_first_rk_step_part1.o module_first_rk_step_part2.o module_avgflx_em.o module_sfs_nba.o module_convtrans_prep.o module_sfs_driver.o module_stoch.o module_after_all_rk_steps.o  init_modules_em.o solve_em.o start_em.o shift_domain_em.o couple_or_uncouple_em.o nest_init_utils.o adapt_timestep_em.o interp_domain_em.o
ar: `u' modifier ignored since `D' is the default (see `U')
make[2]: Leaving directory '/home/onishi/WRF/dyn_em'
make[1]: Leaving directory '/home/onishi/WRF'
if [ 0 -eq 1 ]   ; then make -i -r MODULE_DIRS="-I../dyn_em  -I/home/onishi/WRF/external/esmf_time_f90  -I/home/onishi/WRF/main -I/home/onishi/WRF/external/io_netcdf -I/home/onishi/WRF/external/io_int -I/home/onishi/WRF/frame -I/home/onishi/WRF/share -I/home/onishi/WRF/phys -I/home/onishi/WRF/wrftladj -I/home/onishi/WRF/chem -I/home/onishi/WRF/inc -I/home/onishi/NETCDF_DIR2//include " wrf_hydro ; fi
( cd main ; make -i -r RLFLAGS="" MODULE_DIRS="-I../dyn_em  -I/home/onishi/WRF/external/esmf_time_f90  -I/home/onishi/WRF/main -I/home/onishi/WRF/external/io_netcdf -I/home/onishi/WRF/external/io_int -I/home/onishi/WRF/frame -I/home/onishi/WRF/share -I/home/onishi/WRF/phys -I/home/onishi/WRF/wrftladj -I/home/onishi/WRF/chem -I/home/onishi/WRF/inc -I/home/onishi/NETCDF_DIR2//include " SOLVER=em em_wrf )
make[1]: Entering directory '/home/onishi/WRF/main'
rm -f ../main/module_wrf_top.o
sed -e "s/^\!.*'.*//" -e "s/^ *\!.*'.*//" ../main/module_wrf_top.F > ../main/module_wrf_top.G
/lib/cpp -P -nostdinc -I/home/onishi/WRF/external/ioapi_share -I/home/onishi/WRF/inc -DEM_CORE=1 -DNMM_CORE=0 -DNMM_MAX_DIM=2600 -DDA_CORE=0 -DWRFPLUS=0 -DIWORDSIZE=4 -DDWORDSIZE=8 -DRWORDSIZE=4 -DLWORDSIZE=4 -DNONSTANDARD_SYSTEM_FUNC  -DWRF_USE_CLM -DUSE_NETCDF4_FEATURES -DWRFIO_NCD_LARGE_FILE_SUPPORT  -DDM_PARALLEL -DNETCDF -DGRIB2 -DHDF5 -DLANDREAD_STUB=1 -DUSE_ALLOCATABLES -Dwrfmodel -DGRIB1 -DINTIO -DKEEP_INT_AROUND -DLIMIT_ARGS -DBUILD_RRTMG_FAST=0 -DBUILD_RRTMK=0 -DBUILD_SBM_FAST=1 -DSHOW_ALL_VARS_USED=0 -DCONFIG_BUF_LEN=65536 -DMAX_DOMAINS_F=21 -DMAX_HISTORY=25 -DNMM_NEST=0 -DWRF_CHEM -DBUILD_CHEM=1 -DWRF_KPP -I. -traditional-cpp -DUSE_NETCDF4_FEATURES -DWRFIO_NCD_LARGE_FILE_SUPPORT   ../main/module_wrf_top.G  > ../main/module_wrf_top.bb
/home/onishi/WRF/tools/standard.exe ../main/module_wrf_top.bb | /lib/cpp -P -nostdinc -I/home/onishi/WRF/external/ioapi_share -traditional-cpp -DUSE_NETCDF4_FEATURES -DWRFIO_NCD_LARGE_FILE_SUPPORT > ../main/module_wrf_top.f90
rm -f ../main/module_wrf_top.G ../main/module_wrf_top.bb
time mpif90 -f90=ifort -o ../main/module_wrf_top.o -c -O3 -ip -fp-model precise -w -ftz -align all -fno-alias -FR -convert big_endian    -I../dyn_em  -I/home/onishi/WRF/external/esmf_time_f90  -I/home/onishi/WRF/main -I/home/onishi/WRF/external/io_netcdf -I/home/onishi/WRF/external/io_int -I/home/onishi/WRF/frame -I/home/onishi/WRF/share -I/home/onishi/WRF/phys -I/home/onishi/WRF/wrftladj -I/home/onishi/WRF/chem -I/home/onishi/WRF/inc -I/home/onishi/NETCDF_DIR2//include  -real-size `expr 8 \* 4` -i4  ../main/module_wrf_top.f90
3.68user 0.17system 0:03.92elapsed 98%CPU (0avgtext+0avgdata 146000maxresident)k
3840inputs+14504outputs (0major+33029minor)pagefaults 0swaps
rm -f wrf.o
sed -e "s/^\!.*'.*//" -e "s/^ *\!.*'.*//" wrf.F > wrf.G
/lib/cpp -P -nostdinc -I/home/onishi/WRF/external/ioapi_share -I/home/onishi/WRF/inc -DEM_CORE=1 -DNMM_CORE=0 -DNMM_MAX_DIM=2600 -DDA_CORE=0 -DWRFPLUS=0 -DIWORDSIZE=4 -DDWORDSIZE=8 -DRWORDSIZE=4 -DLWORDSIZE=4 -DNONSTANDARD_SYSTEM_FUNC  -DWRF_USE_CLM -DUSE_NETCDF4_FEATURES -DWRFIO_NCD_LARGE_FILE_SUPPORT  -DDM_PARALLEL -DNETCDF -DGRIB2 -DHDF5 -DLANDREAD_STUB=1 -DUSE_ALLOCATABLES -Dwrfmodel -DGRIB1 -DINTIO -DKEEP_INT_AROUND -DLIMIT_ARGS -DBUILD_RRTMG_FAST=0 -DBUILD_RRTMK=0 -DBUILD_SBM_FAST=1 -DSHOW_ALL_VARS_USED=0 -DCONFIG_BUF_LEN=65536 -DMAX_DOMAINS_F=21 -DMAX_HISTORY=25 -DNMM_NEST=0 -DWRF_CHEM -DBUILD_CHEM=1 -DWRF_KPP -I. -traditional-cpp -DUSE_NETCDF4_FEATURES -DWRFIO_NCD_LARGE_FILE_SUPPORT   wrf.G  > wrf.bb
/home/onishi/WRF/tools/standard.exe wrf.bb | /lib/cpp -P -nostdinc -I/home/onishi/WRF/external/ioapi_share -traditional-cpp -DUSE_NETCDF4_FEATURES -DWRFIO_NCD_LARGE_FILE_SUPPORT > wrf.f90
rm -f wrf.G wrf.bb
time mpif90 -f90=ifort -o wrf.o -c -O3 -ip -fp-model precise -w -ftz -align all -fno-alias -FR -convert big_endian    -I../dyn_em  -I/home/onishi/WRF/external/esmf_time_f90  -I/home/onishi/WRF/main -I/home/onishi/WRF/external/io_netcdf -I/home/onishi/WRF/external/io_int -I/home/onishi/WRF/frame -I/home/onishi/WRF/share -I/home/onishi/WRF/phys -I/home/onishi/WRF/wrftladj -I/home/onishi/WRF/chem -I/home/onishi/WRF/inc -I/home/onishi/NETCDF_DIR2//include  -real-size `expr 8 \* 4` -i4  wrf.f90
0.06user 0.10system 0:00.20elapsed 81%CPU (0avgtext+0avgdata 62840maxresident)k
13864inputs+80outputs (0major+12470minor)pagefaults 0swaps
ranlib  libwrflib.a
time mpif90 -f90=ifort -o wrf.exe  -O3 -ip -fp-model precise -w -ftz -align all -fno-alias -FR -convert big_endian   -ip   wrf.o ../main/module_wrf_top.o libwrflib.a  /home/onishi/WRF/external/fftpack/fftpack5/libfftpack.a /home/onishi/WRF/external/io_grib1/libio_grib1.a /home/onishi/WRF/external/io_grib_share/libio_grib_share.a /home/onishi/WRF/external/io_int/libwrfio_int.a -L/home/onishi/WRF/external/esmf_time_f90 -lesmf_time /home/onishi/WRF/external/RSL_LITE/librsl_lite.a /home/onishi/WRF/frame/module_internal_header_util.o /home/onishi/WRF/frame/pack_utils.o -L/home/onishi/WRF/external/io_netcdf -lwrfio_nf -L/home/onishi/NETCDF_DIR2//lib -lnetcdff -lnetcdf    -L/home/onishi/WRF/external/io_grib2 -lio_grib2 -L/net/nfs/tools/u20/22.3/PrgEnv/intel/linux-ubuntu20.04-zen2/jasper/2.0.32-intel-19.0.8.324-rn5xwv3gngxlo65dohllnzn2uf5smq5x/lib -ljasper  -L/net/nfs/tools/u20/22.3/PrgEnv/intel/linux-ubuntu20.04-zen2/hdf5/1.10.7-intel-19.0.8.324-pjpm2cag6nkjaupcxex5lgeyn5x5sgj6/lib -lhdf5_hl_fortran -lhdf5_hl -lhdf5_fortran -lhdf5 -lm -lz     -L/net/nfs/tools/u20/22.3/PrgEnv/intel/linux-ubuntu20.04-zen2/netcdf-c/4.7.4-intel-19.0.8.324-lrkc3hr6tci6gc3d5xw47c3py4sfuiqv/lib -lnetcdf -L/net/nfs/tools/u20/22.3/PrgEnv/intel/linux-ubuntu20.04-zen2/netcdf-fortran/4.5.3-intel-19.0.8.324-friscs3w2oeb73gbl37h4ae7p43fp2gh/lib -lnetcdff 
1.00user 0.88system 0:02.98elapsed 63%CPU (0avgtext+0avgdata 326860maxresident)k
336776inputs+218136outputs (966major+118058minor)pagefaults 0swaps
make[1]: Leaving directory '/home/onishi/WRF/main'
( cd run ; /bin/rm -f wrf.exe ; ln -s ../main/wrf.exe . )
if [ 0 -eq 1 ] ; then \
  ( cd main ; make -i -r RLFLAGS="" MODULE_DIRS="-I../dyn_em  -I/home/onishi/WRF/external/esmf_time_f90  -I/home/onishi/WRF/main -I/home/onishi/WRF/external/io_netcdf -I/home/onishi/WRF/external/io_int -I/home/onishi/WRF/frame -I/home/onishi/WRF/share -I/home/onishi/WRF/phys -I/home/onishi/WRF/wrftladj -I/home/onishi/WRF/chem -I/home/onishi/WRF/inc -I/home/onishi/NETCDF_DIR2//include " SOLVER=em em_wrf_SST_ESMF ) ; \
fi
build started:   Sun 08 Dec 2024 07:14:11 AM CET
build completed: Sun 08 Dec 2024 08:33:04 AM CET
--------------------------------------
( cd main ; make -i -r RLFLAGS="" MODULE_DIRS="-I../dyn_em  -I/home/onishi/WRF/external/esmf_time_f90  -I/home/onishi/WRF/main -I/home/onishi/WRF/external/io_netcdf -I/home/onishi/WRF/external/io_int -I/home/onishi/WRF/frame -I/home/onishi/WRF/share -I/home/onishi/WRF/phys -I/home/onishi/WRF/wrftladj -I/home/onishi/WRF/chem -I/home/onishi/WRF/inc -I/home/onishi/NETCDF_DIR2//include " SOLVER=em IDEAL_CASE=real em_real )
make[1]: Entering directory '/home/onishi/WRF/main'
rm -f ../dyn_em/module_initialize_real.o
sed -e "s/^\!.*'.*//" -e "s/^ *\!.*'.*//" ../dyn_em/module_initialize_real.F > ../dyn_em/module_initialize_real.G
/lib/cpp -P -nostdinc -I/home/onishi/WRF/external/ioapi_share -I/home/onishi/WRF/inc -DEM_CORE=1 -DNMM_CORE=0 -DNMM_MAX_DIM=2600 -DDA_CORE=0 -DWRFPLUS=0 -DIWORDSIZE=4 -DDWORDSIZE=8 -DRWORDSIZE=4 -DLWORDSIZE=4 -DNONSTANDARD_SYSTEM_FUNC  -DWRF_USE_CLM -DUSE_NETCDF4_FEATURES -DWRFIO_NCD_LARGE_FILE_SUPPORT  -DDM_PARALLEL -DNETCDF -DGRIB2 -DHDF5 -DLANDREAD_STUB=1 -DUSE_ALLOCATABLES -Dwrfmodel -DGRIB1 -DINTIO -DKEEP_INT_AROUND -DLIMIT_ARGS -DBUILD_RRTMG_FAST=0 -DBUILD_RRTMK=0 -DBUILD_SBM_FAST=1 -DSHOW_ALL_VARS_USED=0 -DCONFIG_BUF_LEN=65536 -DMAX_DOMAINS_F=21 -DMAX_HISTORY=25 -DNMM_NEST=0 -DWRF_CHEM -DBUILD_CHEM=1 -DWRF_KPP -I. -traditional-cpp -DUSE_NETCDF4_FEATURES -DWRFIO_NCD_LARGE_FILE_SUPPORT   ../dyn_em/module_initialize_real.G  > ../dyn_em/module_initialize_real.bb
/home/onishi/WRF/tools/standard.exe ../dyn_em/module_initialize_real.bb | /lib/cpp -P -nostdinc -I/home/onishi/WRF/external/ioapi_share -traditional-cpp -DUSE_NETCDF4_FEATURES -DWRFIO_NCD_LARGE_FILE_SUPPORT > ../dyn_em/module_initialize_real.f90
rm -f ../dyn_em/module_initialize_real.G ../dyn_em/module_initialize_real.bb
time mpif90 -f90=ifort -o ../dyn_em/module_initialize_real.o -c -O3 -ip -fp-model precise -w -ftz -align all -fno-alias -FR -convert big_endian    -I../dyn_em  -I/home/onishi/WRF/external/esmf_time_f90  -I/home/onishi/WRF/main -I/home/onishi/WRF/external/io_netcdf -I/home/onishi/WRF/external/io_int -I/home/onishi/WRF/frame -I/home/onishi/WRF/share -I/home/onishi/WRF/phys -I/home/onishi/WRF/wrftladj -I/home/onishi/WRF/chem -I/home/onishi/WRF/inc -I/home/onishi/NETCDF_DIR2//include  -real-size `expr 8 \* 4` -i4  ../dyn_em/module_initialize_real.f90
27.90user 1.18system 0:29.18elapsed 99%CPU (0avgtext+0avgdata 933404maxresident)k
760inputs+38192outputs (0major+259664minor)pagefaults 0swaps
rm -f ndown_em.o
sed -e "s/^\!.*'.*//" -e "s/^ *\!.*'.*//" ndown_em.F > ndown_em.G
/lib/cpp -P -nostdinc -I/home/onishi/WRF/external/ioapi_share -I/home/onishi/WRF/inc -DEM_CORE=1 -DNMM_CORE=0 -DNMM_MAX_DIM=2600 -DDA_CORE=0 -DWRFPLUS=0 -DIWORDSIZE=4 -DDWORDSIZE=8 -DRWORDSIZE=4 -DLWORDSIZE=4 -DNONSTANDARD_SYSTEM_FUNC  -DWRF_USE_CLM -DUSE_NETCDF4_FEATURES -DWRFIO_NCD_LARGE_FILE_SUPPORT  -DDM_PARALLEL -DNETCDF -DGRIB2 -DHDF5 -DLANDREAD_STUB=1 -DUSE_ALLOCATABLES -Dwrfmodel -DGRIB1 -DINTIO -DKEEP_INT_AROUND -DLIMIT_ARGS -DBUILD_RRTMG_FAST=0 -DBUILD_RRTMK=0 -DBUILD_SBM_FAST=1 -DSHOW_ALL_VARS_USED=0 -DCONFIG_BUF_LEN=65536 -DMAX_DOMAINS_F=21 -DMAX_HISTORY=25 -DNMM_NEST=0 -DWRF_CHEM -DBUILD_CHEM=1 -DWRF_KPP -I. -traditional-cpp -DUSE_NETCDF4_FEATURES -DWRFIO_NCD_LARGE_FILE_SUPPORT   ndown_em.G  > ndown_em.bb
/home/onishi/WRF/tools/standard.exe ndown_em.bb | /lib/cpp -P -nostdinc -I/home/onishi/WRF/external/ioapi_share -traditional-cpp -DUSE_NETCDF4_FEATURES -DWRFIO_NCD_LARGE_FILE_SUPPORT > ndown_em.f90
rm -f ndown_em.G ndown_em.bb
time mpif90 -f90=ifort -o ndown_em.o -c -O3 -ip -fp-model precise -w -ftz -align all -fno-alias -FR -convert big_endian    -I../dyn_em  -I/home/onishi/WRF/external/esmf_time_f90  -I/home/onishi/WRF/main -I/home/onishi/WRF/external/io_netcdf -I/home/onishi/WRF/external/io_int -I/home/onishi/WRF/frame -I/home/onishi/WRF/share -I/home/onishi/WRF/phys -I/home/onishi/WRF/wrftladj -I/home/onishi/WRF/chem -I/home/onishi/WRF/inc -I/home/onishi/NETCDF_DIR2//include  -real-size `expr 8 \* 4` -i4  ndown_em.f90
13.16user 0.83system 0:14.07elapsed 99%CPU (0avgtext+0avgdata 728884maxresident)k
28496inputs+4976outputs (0major+207583minor)pagefaults 0swaps
rm -f tc_em.o
sed -e "s/^\!.*'.*//" -e "s/^ *\!.*'.*//" tc_em.F > tc_em.G
/lib/cpp -P -nostdinc -I/home/onishi/WRF/external/ioapi_share -I/home/onishi/WRF/inc -DEM_CORE=1 -DNMM_CORE=0 -DNMM_MAX_DIM=2600 -DDA_CORE=0 -DWRFPLUS=0 -DIWORDSIZE=4 -DDWORDSIZE=8 -DRWORDSIZE=4 -DLWORDSIZE=4 -DNONSTANDARD_SYSTEM_FUNC  -DWRF_USE_CLM -DUSE_NETCDF4_FEATURES -DWRFIO_NCD_LARGE_FILE_SUPPORT  -DDM_PARALLEL -DNETCDF -DGRIB2 -DHDF5 -DLANDREAD_STUB=1 -DUSE_ALLOCATABLES -Dwrfmodel -DGRIB1 -DINTIO -DKEEP_INT_AROUND -DLIMIT_ARGS -DBUILD_RRTMG_FAST=0 -DBUILD_RRTMK=0 -DBUILD_SBM_FAST=1 -DSHOW_ALL_VARS_USED=0 -DCONFIG_BUF_LEN=65536 -DMAX_DOMAINS_F=21 -DMAX_HISTORY=25 -DNMM_NEST=0 -DWRF_CHEM -DBUILD_CHEM=1 -DWRF_KPP -I. -traditional-cpp -DUSE_NETCDF4_FEATURES -DWRFIO_NCD_LARGE_FILE_SUPPORT   tc_em.G  > tc_em.bb
/home/onishi/WRF/tools/standard.exe tc_em.bb | /lib/cpp -P -nostdinc -I/home/onishi/WRF/external/ioapi_share -traditional-cpp -DUSE_NETCDF4_FEATURES -DWRFIO_NCD_LARGE_FILE_SUPPORT > tc_em.f90
rm -f tc_em.G tc_em.bb
time mpif90 -f90=ifort -o tc_em.o -c -O3 -ip -fp-model precise -w -ftz -align all -fno-alias -FR -convert big_endian    -I../dyn_em  -I/home/onishi/WRF/external/esmf_time_f90  -I/home/onishi/WRF/main -I/home/onishi/WRF/external/io_netcdf -I/home/onishi/WRF/external/io_int -I/home/onishi/WRF/frame -I/home/onishi/WRF/share -I/home/onishi/WRF/phys -I/home/onishi/WRF/wrftladj -I/home/onishi/WRF/chem -I/home/onishi/WRF/inc -I/home/onishi/NETCDF_DIR2//include  -real-size `expr 8 \* 4` -i4  tc_em.f90
7.31user 0.54system 0:07.89elapsed 99%CPU (0avgtext+0avgdata 424008maxresident)k
120inputs+2312outputs (0major+116111minor)pagefaults 0swaps
rm -f real_em.o
sed -e "s/^\!.*'.*//" -e "s/^ *\!.*'.*//" real_em.F > real_em.G
/lib/cpp -P -nostdinc -I/home/onishi/WRF/external/ioapi_share -I/home/onishi/WRF/inc -DEM_CORE=1 -DNMM_CORE=0 -DNMM_MAX_DIM=2600 -DDA_CORE=0 -DWRFPLUS=0 -DIWORDSIZE=4 -DDWORDSIZE=8 -DRWORDSIZE=4 -DLWORDSIZE=4 -DNONSTANDARD_SYSTEM_FUNC  -DWRF_USE_CLM -DUSE_NETCDF4_FEATURES -DWRFIO_NCD_LARGE_FILE_SUPPORT  -DDM_PARALLEL -DNETCDF -DGRIB2 -DHDF5 -DLANDREAD_STUB=1 -DUSE_ALLOCATABLES -Dwrfmodel -DGRIB1 -DINTIO -DKEEP_INT_AROUND -DLIMIT_ARGS -DBUILD_RRTMG_FAST=0 -DBUILD_RRTMK=0 -DBUILD_SBM_FAST=1 -DSHOW_ALL_VARS_USED=0 -DCONFIG_BUF_LEN=65536 -DMAX_DOMAINS_F=21 -DMAX_HISTORY=25 -DNMM_NEST=0 -DWRF_CHEM -DBUILD_CHEM=1 -DWRF_KPP -I. -traditional-cpp -DUSE_NETCDF4_FEATURES -DWRFIO_NCD_LARGE_FILE_SUPPORT   real_em.G  > real_em.bb
/home/onishi/WRF/tools/standard.exe real_em.bb | /lib/cpp -P -nostdinc -I/home/onishi/WRF/external/ioapi_share -traditional-cpp -DUSE_NETCDF4_FEATURES -DWRFIO_NCD_LARGE_FILE_SUPPORT > real_em.f90
rm -f real_em.G real_em.bb
time mpif90 -f90=ifort -o real_em.o -c -O3 -ip -fp-model precise -w -ftz -align all -fno-alias -FR -convert big_endian    -I../dyn_em  -I/home/onishi/WRF/external/esmf_time_f90  -I/home/onishi/WRF/main -I/home/onishi/WRF/external/io_netcdf -I/home/onishi/WRF/external/io_int -I/home/onishi/WRF/frame -I/home/onishi/WRF/share -I/home/onishi/WRF/phys -I/home/onishi/WRF/wrftladj -I/home/onishi/WRF/chem -I/home/onishi/WRF/inc -I/home/onishi/NETCDF_DIR2//include  -real-size `expr 8 \* 4` -i4  real_em.f90
9.83user 0.66system 0:10.54elapsed 99%CPU (0avgtext+0avgdata 535132maxresident)k
6480inputs+3392outputs (0major+151624minor)pagefaults 0swaps
ranlib  libwrflib.a
time mpif90 -f90=ifort -o ndown.exe  -O3 -ip -fp-model precise -w -ftz -align all -fno-alias -FR -convert big_endian   -ip   ndown_em.o  ../dyn_em/module_initialize_real.o libwrflib.a /home/onishi/WRF/external/fftpack/fftpack5/libfftpack.a /home/onishi/WRF/external/io_grib1/libio_grib1.a /home/onishi/WRF/external/io_grib_share/libio_grib_share.a /home/onishi/WRF/external/io_int/libwrfio_int.a -L/home/onishi/WRF/external/esmf_time_f90 -lesmf_time /home/onishi/WRF/external/RSL_LITE/librsl_lite.a /home/onishi/WRF/frame/module_internal_header_util.o /home/onishi/WRF/frame/pack_utils.o -L/home/onishi/WRF/external/io_netcdf -lwrfio_nf -L/home/onishi/NETCDF_DIR2//lib -lnetcdff -lnetcdf    -L/home/onishi/WRF/external/io_grib2 -lio_grib2 -L/net/nfs/tools/u20/22.3/PrgEnv/intel/linux-ubuntu20.04-zen2/jasper/2.0.32-intel-19.0.8.324-rn5xwv3gngxlo65dohllnzn2uf5smq5x/lib -ljasper  -L/net/nfs/tools/u20/22.3/PrgEnv/intel/linux-ubuntu20.04-zen2/hdf5/1.10.7-intel-19.0.8.324-pjpm2cag6nkjaupcxex5lgeyn5x5sgj6/lib -lhdf5_hl_fortran -lhdf5_hl -lhdf5_fortran -lhdf5 -lm -lz     -L/net/nfs/tools/u20/22.3/PrgEnv/intel/linux-ubuntu20.04-zen2/netcdf-c/4.7.4-intel-19.0.8.324-lrkc3hr6tci6gc3d5xw47c3py4sfuiqv/lib -lnetcdf -L/net/nfs/tools/u20/22.3/PrgEnv/intel/linux-ubuntu20.04-zen2/netcdf-fortran/4.5.3-intel-19.0.8.324-friscs3w2oeb73gbl37h4ae7p43fp2gh/lib -lnetcdff
0.93user 0.71system 0:02.56elapsed 64%CPU (0avgtext+0avgdata 276504maxresident)k
287712inputs+184664outputs (851major+103518minor)pagefaults 0swaps
time mpif90 -f90=ifort -o tc.exe  -O3 -ip -fp-model precise -w -ftz -align all -fno-alias -FR -convert big_endian   -ip   tc_em.o  ../dyn_em/module_initialize_real.o libwrflib.a /home/onishi/WRF/external/fftpack/fftpack5/libfftpack.a /home/onishi/WRF/external/io_grib1/libio_grib1.a /home/onishi/WRF/external/io_grib_share/libio_grib_share.a /home/onishi/WRF/external/io_int/libwrfio_int.a -L/home/onishi/WRF/external/esmf_time_f90 -lesmf_time /home/onishi/WRF/external/RSL_LITE/librsl_lite.a /home/onishi/WRF/frame/module_internal_header_util.o /home/onishi/WRF/frame/pack_utils.o -L/home/onishi/WRF/external/io_netcdf -lwrfio_nf -L/home/onishi/NETCDF_DIR2//lib -lnetcdff -lnetcdf    -L/home/onishi/WRF/external/io_grib2 -lio_grib2 -L/net/nfs/tools/u20/22.3/PrgEnv/intel/linux-ubuntu20.04-zen2/jasper/2.0.32-intel-19.0.8.324-rn5xwv3gngxlo65dohllnzn2uf5smq5x/lib -ljasper  -L/net/nfs/tools/u20/22.3/PrgEnv/intel/linux-ubuntu20.04-zen2/hdf5/1.10.7-intel-19.0.8.324-pjpm2cag6nkjaupcxex5lgeyn5x5sgj6/lib -lhdf5_hl_fortran -lhdf5_hl -lhdf5_fortran -lhdf5 -lm -lz     -L/net/nfs/tools/u20/22.3/PrgEnv/intel/linux-ubuntu20.04-zen2/netcdf-c/4.7.4-intel-19.0.8.324-lrkc3hr6tci6gc3d5xw47c3py4sfuiqv/lib -lnetcdf -L/net/nfs/tools/u20/22.3/PrgEnv/intel/linux-ubuntu20.04-zen2/netcdf-fortran/4.5.3-intel-19.0.8.324-friscs3w2oeb73gbl37h4ae7p43fp2gh/lib -lnetcdff
0.87user 0.63system 0:01.87elapsed 80%CPU (0avgtext+0avgdata 273872maxresident)k
16968inputs+182728outputs (3major+103255minor)pagefaults 0swaps
time mpif90 -f90=ifort -o real.exe  -O3 -ip -fp-model precise -w -ftz -align all -fno-alias -FR -convert big_endian   -ip   real_em.o ../dyn_em/module_initialize_real.o libwrflib.a /home/onishi/WRF/external/fftpack/fftpack5/libfftpack.a /home/onishi/WRF/external/io_grib1/libio_grib1.a /home/onishi/WRF/external/io_grib_share/libio_grib_share.a /home/onishi/WRF/external/io_int/libwrfio_int.a -L/home/onishi/WRF/external/esmf_time_f90 -lesmf_time /home/onishi/WRF/external/RSL_LITE/librsl_lite.a /home/onishi/WRF/frame/module_internal_header_util.o /home/onishi/WRF/frame/pack_utils.o -L/home/onishi/WRF/external/io_netcdf -lwrfio_nf -L/home/onishi/NETCDF_DIR2//lib -lnetcdff -lnetcdf    -L/home/onishi/WRF/external/io_grib2 -lio_grib2 -L/net/nfs/tools/u20/22.3/PrgEnv/intel/linux-ubuntu20.04-zen2/jasper/2.0.32-intel-19.0.8.324-rn5xwv3gngxlo65dohllnzn2uf5smq5x/lib -ljasper  -L/net/nfs/tools/u20/22.3/PrgEnv/intel/linux-ubuntu20.04-zen2/hdf5/1.10.7-intel-19.0.8.324-pjpm2cag6nkjaupcxex5lgeyn5x5sgj6/lib -lhdf5_hl_fortran -lhdf5_hl -lhdf5_fortran -lhdf5 -lm -lz     -L/net/nfs/tools/u20/22.3/PrgEnv/intel/linux-ubuntu20.04-zen2/netcdf-c/4.7.4-intel-19.0.8.324-lrkc3hr6tci6gc3d5xw47c3py4sfuiqv/lib -lnetcdf -L/net/nfs/tools/u20/22.3/PrgEnv/intel/linux-ubuntu20.04-zen2/netcdf-fortran/4.5.3-intel-19.0.8.324-friscs3w2oeb73gbl37h4ae7p43fp2gh/lib -lnetcdff
0.91user 0.60system 0:01.88elapsed 80%CPU (0avgtext+0avgdata 276516maxresident)k
17080inputs+184760outputs (4major+103976minor)pagefaults 0swaps
make[1]: Leaving directory '/home/onishi/WRF/main'
( cd test/em_real ; /bin/rm -f wrf.exe ; ln -s ../../main/wrf.exe . )
if [ 0 -eq 1 ] ; then \
  ( cd main ; make -i -r RLFLAGS="" MODULE_DIRS="-I../dyn_em  -I/home/onishi/WRF/external/esmf_time_f90  -I/home/onishi/WRF/main -I/home/onishi/WRF/external/io_netcdf -I/home/onishi/WRF/external/io_int -I/home/onishi/WRF/frame -I/home/onishi/WRF/share -I/home/onishi/WRF/phys -I/home/onishi/WRF/wrftladj -I/home/onishi/WRF/chem -I/home/onishi/WRF/inc -I/home/onishi/NETCDF_DIR2//include " SOLVER=em IDEAL_CASE=real em_wrf_SST_ESMF ) ; \
  ( cd test/em_esmf_exp ; /bin/rm -f wrf.exe ; ln -s ../../main/wrf.exe . ) ; \
  ( cd test/em_esmf_exp ; /bin/rm -f wrf_SST_ESMF.exe ; ln -s ../../main/wrf_SST_ESMF.exe . ) ; \
  ( cd test/em_esmf_exp ; /bin/rm -f real.exe ; ln -s ../../main/real.exe . ) ; \
  ( cd test/em_esmf_exp ; /bin/rm -f README.namelist ; ln -s ../../run/README.namelist . ) ; \
  ( cd test/em_esmf_exp ; /bin/rm -f ETAMPNEW_DATA.expanded_rain ETAMPNEW_DATA RRTM_DATA RRTMG_LW_DATA RRTMG_SW_DATA ; \
               ln -sf ../../run/ETAMPNEW_DATA . ;                      \
               ln -sf ../../run/ETAMPNEW_DATA.expanded_rain . ;        \
               ln -sf ../../run/RRTM_DATA . ;                          \
               ln -sf ../../run/RRTMG_LW_DATA . ;                      \
               ln -sf ../../run/RRTMG_SW_DATA . ;                      \
               ln -sf ../../run/CAM_ABS_DATA . ;                       \
               ln -sf ../../run/CAM_AEROPT_DATA . ;                    \
               ln -sf ../../run/CAMtr_volume_mixing_ratio.RCP4.5 . ;   \
               ln -sf ../../run/CAMtr_volume_mixing_ratio.RCP6   . ;   \
               ln -sf ../../run/CAMtr_volume_mixing_ratio.RCP8.5 . ;   \
               ln -sf ../../run/CAMtr_volume_mixing_ratio.A1B    . ;   \
               ln -sf ../../run/CAMtr_volume_mixing_ratio.A2     . ;   \
               ln -sf ../../run/CAMtr_volume_mixing_ratio.SSP119 . ;   \
               ln -sf ../../run/CAMtr_volume_mixing_ratio.SSP126 . ;   \
               ln -sf ../../run/CAMtr_volume_mixing_ratio.SSP245 . ;   \
               ln -sf ../../run/CAMtr_volume_mixing_ratio.SSP245 CAMtr_volume_mixing_ratio ;   \
               ln -sf ../../run/CAMtr_volume_mixing_ratio.SSP370 . ;   \
               ln -sf ../../run/CAMtr_volume_mixing_ratio.SSP585 . ;   \
               ln -sf ../../run/CLM_ALB_ICE_DFS_DATA . ;               \
               ln -sf ../../run/CLM_ALB_ICE_DRC_DATA . ;               \
               ln -sf ../../run/CLM_ASM_ICE_DFS_DATA . ;               \
               ln -sf ../../run/CLM_ASM_ICE_DRC_DATA . ;               \
               ln -sf ../../run/CLM_DRDSDT0_DATA . ;                   \
               ln -sf ../../run/CLM_EXT_ICE_DFS_DATA . ;               \
               ln -sf ../../run/CLM_EXT_ICE_DRC_DATA . ;               \
               ln -sf ../../run/CLM_KAPPA_DATA . ;                     \
               ln -sf ../../run/CLM_TAU_DATA . ;                       \
               ln -sf ../../run/ozone.formatted . ;                    \
               ln -sf ../../run/ozone_lat.formatted . ;                \
               ln -sf ../../run/ozone_plev.formatted . ;               \
               ln -sf ../../run/aerosol.formatted . ;                  \
               ln -sf ../../run/aerosol_lat.formatted . ;              \
               ln -sf ../../run/aerosol_lon.formatted . ;              \
               ln -sf ../../run/aerosol_plev.formatted . ;             \
               ln -sf ../../run/eclipse_besselian_elements.dat . ;     \
               ln -sf ../../run/CCN_ACTIVATE.BIN . ;                   \
       ln -sf ../../run/p3_lookupTable_1.dat-v5.4_2momI . ;    \
               ln -sf ../../run/p3_lookupTable_1.dat-v5.4_3momI . ;    \
               ln -sf ../../run/p3_lookupTable_2.dat-v5.3 . ;          \
               ln -sf ../../run/HLC.TBL . ;                            \
               ln -sf ../../run/wind-turbine-1.tbl . ;                 \
               ln -sf ../../run/ishmael-gamma-tab.bin . ;              \
               ln -sf ../../run/ishmael-qi-qc.bin . ;                  \
               ln -sf ../../run/ishmael-qi-qr.bin . ;                  \
               ln -sf ../../run/BROADBAND_CLOUD_GODDARD.bin . ;        \
               ln -sf ../../run/STOCHPERT.TBL . ;                      \
               if [ 4 -eq 8 ] ; then                        \
                  ln -sf ../../run/ETAMPNEW_DATA_DBL ETAMPNEW_DATA ;   \
                  ln -sf ../../run/ETAMPNEW_DATA.expanded_rain_DBL ETAMPNEW_DATA.expanded_rain ;   \
                  ln -sf ../../run/RRTM_DATA_DBL RRTM_DATA         ;   \
                  ln -sf ../../run/RRTMG_LW_DATA_DBL RRTMG_LW_DATA ;   \
                  ln -sf ../../run/RRTMG_SW_DATA_DBL RRTMG_SW_DATA ;   \
               fi ) ; \
  ( cd test/em_esmf_exp ; /bin/rm -f GENPARM.TBL ; ln -s ../../run/GENPARM.TBL . ) ; \
  ( cd test/em_esmf_exp ; /bin/rm -f LANDUSE.TBL ; ln -s ../../run/LANDUSE.TBL . ) ; \
  ( cd test/em_esmf_exp ; /bin/rm -f SOILPARM.TBL ; ln -s ../../run/SOILPARM.TBL . ) ; \
  ( cd test/em_esmf_exp ; /bin/rm -f URBPARM.TBL ; ln -s ../../run/URBPARM.TBL . ) ; \
  ( cd test/em_esmf_exp ; /bin/rm -f URBPARM_LCZ.TBL ; ln -s ../../run/URBPARM_LCZ.TBL . ) ; \
  ( cd test/em_esmf_exp ; /bin/rm -f VEGPARM.TBL ; ln -s ../../run/VEGPARM.TBL . ) ; \
  ( cd test/em_esmf_exp ; /bin/rm -f MPTABLE.TBL ; ln -s ../../run/MPTABLE.TBL . ) ; \
  ( cd test/em_esmf_exp ; /bin/rm -f tr49t67 ; ln -s ../../run/tr49t67 . ) ; \
  ( cd test/em_esmf_exp ; /bin/rm -f tr49t85 ; ln -s ../../run/tr49t85 . ) ; \
  ( cd test/em_esmf_exp ; /bin/rm -f tr67t85 ; ln -s ../../run/tr67t85 . ) ; \
  ( cd test/em_esmf_exp ; /bin/rm -f gribmap.txt ; ln -s ../../run/gribmap.txt . ) ; \
  ( cd test/em_esmf_exp ; /bin/rm -f grib2map.tbl ; ln -s ../../run/grib2map.tbl . ) ; \
fi
( cd test/em_real ; /bin/rm -f real.exe ; ln -s ../../main/real.exe . )
( cd test/em_real ; /bin/rm -f tc.exe ; ln -s ../../main/tc.exe . )
( cd test/em_real ; /bin/rm -f ndown.exe ; ln -s ../../main/ndown.exe . )
( cd test/em_real ; /bin/rm -f README.namelist ; ln -s ../../run/README.namelist . )
( cd test/em_real ; /bin/rm -f README.physics_files ; ln -s ../../run/README.physics_files . )
( cd test/em_real ; /bin/rm -f ETAMPNEW_DATA.expanded_rain ETAMPNEW_DATA RRTM_DATA RRTMG_LW_DATA RRTMG_SW_DATA ;    \
             ln -sf ../../run/ETAMPNEW_DATA . ;                     \
             ln -sf ../../run/ETAMPNEW_DATA.expanded_rain . ;       \
             ln -sf ../../run/RRTM_DATA . ;                         \
             ln -sf ../../run/RRTMG_LW_DATA . ;                     \
             ln -sf ../../run/RRTMG_SW_DATA . ;                     \
             ln -sf ../../run/CAM_ABS_DATA . ;                      \
             ln -sf ../../run/CAM_AEROPT_DATA . ;                   \
             ln -sf ../../run/CAMtr_volume_mixing_ratio.RCP4.5 . ;  \
             ln -sf ../../run/CAMtr_volume_mixing_ratio.RCP6   . ;  \
             ln -sf ../../run/CAMtr_volume_mixing_ratio.RCP8.5 . ;  \
             ln -sf ../../run/CAMtr_volume_mixing_ratio.A1B    . ;  \
             ln -sf ../../run/CAMtr_volume_mixing_ratio.A2     . ;  \
             ln -sf ../../run/CAMtr_volume_mixing_ratio.SSP119 . ;  \
             ln -sf ../../run/CAMtr_volume_mixing_ratio.SSP126 . ;  \
             ln -sf ../../run/CAMtr_volume_mixing_ratio.SSP245 . ;  \
             ln -sf ../../run/CAMtr_volume_mixing_ratio.SSP245 CAMtr_volume_mixing_ratio ;   \
             ln -sf ../../run/CAMtr_volume_mixing_ratio.SSP370 . ;  \
             ln -sf ../../run/CAMtr_volume_mixing_ratio.SSP585 . ;  \
             ln -sf ../../run/CLM_ALB_ICE_DFS_DATA . ;              \
             ln -sf ../../run/CLM_ALB_ICE_DRC_DATA . ;              \
             ln -sf ../../run/CLM_ASM_ICE_DFS_DATA . ;              \
             ln -sf ../../run/CLM_ASM_ICE_DRC_DATA . ;              \
             ln -sf ../../run/CLM_DRDSDT0_DATA . ;                  \
             ln -sf ../../run/CLM_EXT_ICE_DFS_DATA . ;              \
             ln -sf ../../run/CLM_EXT_ICE_DRC_DATA . ;              \
             ln -sf ../../run/CLM_KAPPA_DATA . ;                    \
             ln -sf ../../run/CLM_TAU_DATA . ;                      \
             ln -sf ../../run/ozone.formatted . ;                   \
             ln -sf ../../run/ozone_lat.formatted . ;               \
             ln -sf ../../run/ozone_plev.formatted . ;              \
             ln -sf ../../run/aerosol.formatted . ;                 \
             ln -sf ../../run/aerosol_lat.formatted . ;             \
             ln -sf ../../run/aerosol_lon.formatted . ;             \
             ln -sf ../../run/aerosol_plev.formatted . ;            \
             ln -sf ../../run/eclipse_besselian_elements.dat . ;    \
             ln -sf ../../run/capacity.asc . ;                      \
             ln -sf ../../run/coeff_p.asc . ;                       \
             ln -sf ../../run/coeff_q.asc . ;                       \
             ln -sf ../../run/constants.asc . ;                     \
             ln -sf ../../run/masses.asc . ;                        \
             ln -sf ../../run/termvels.asc . ;                      \
             ln -sf ../../run/kernels.asc_s_0_03_0_9 . ;            \
             ln -sf ../../run/kernels_z.asc . ;                     \
             ln -sf ../../run/bulkdens.asc_s_0_03_0_9 . ;           \
             ln -sf ../../run/bulkradii.asc_s_0_03_0_9 . ;          \
             ln -sf ../../run/CCN_ACTIVATE.BIN . ;                  \
             ln -sf ../../run/p3_lookupTable_1.dat-v5.4_2momI . ;   \
             ln -sf ../../run/p3_lookupTable_1.dat-v5.4_3momI . ;   \
             ln -sf ../../run/p3_lookupTable_2.dat-v5.3 . ;         \
             ln -sf ../../run/HLC.TBL . ;                           \
             ln -sf ../../run/wind-turbine-1.tbl . ;                \
             ln -sf ../../run/ishmael-gamma-tab.bin . ;             \
             ln -sf ../../run/ishmael-qi-qc.bin . ;                 \
             ln -sf ../../run/ishmael-qi-qr.bin . ;                 \
             ln -sf ../../run/BROADBAND_CLOUD_GODDARD.bin . ;       \
             ln -sf ../../run/STOCHPERT.TBL . ;                     \
             if [ 4 -eq 8 ] ; then                       \
                ln -sf ../../run/ETAMPNEW_DATA_DBL ETAMPNEW_DATA ;  \
                ln -sf ../../run/ETAMPNEW_DATA.expanded_rain_DBL ETAMPNEW_DATA.expanded_rain ;   \
                ln -sf ../../run/RRTM_DATA_DBL RRTM_DATA ;          \
                ln -sf ../../run/RRTMG_LW_DATA_DBL RRTMG_LW_DATA ;  \
                ln -sf ../../run/RRTMG_SW_DATA_DBL RRTMG_SW_DATA ;  \
             fi )
( cd test/em_real ; if test -d ../../run/SBM_input_33 ; then				\
             ln -sf ../../run/SBM_input_33 . ;						\
             ln -sf ../../run/scattering_tables_2layer_high_quad_1dT_1%fw_110 . ;	\
             fi )
( cd test/em_real ; /bin/rm -f GENPARM.TBL ; ln -s ../../run/GENPARM.TBL . )
( cd test/em_real ; /bin/rm -f LANDUSE.TBL ; ln -s ../../run/LANDUSE.TBL . )
( cd test/em_real ; /bin/rm -f SOILPARM.TBL ; ln -s ../../run/SOILPARM.TBL . )
( cd test/em_real ; /bin/rm -f URBPARM.TBL ; ln -s ../../run/URBPARM.TBL . )
( cd test/em_real ; /bin/rm -f URBPARM_LCZ.TBL ; ln -s ../../run/URBPARM_LCZ.TBL . )
( cd test/em_real ; /bin/rm -f VEGPARM.TBL ; ln -s ../../run/VEGPARM.TBL . )
( cd test/em_real ; /bin/rm -f MPTABLE.TBL ; ln -s ../../run/MPTABLE.TBL . )
( cd test/em_real ; /bin/rm -f tr49t67 ; ln -s ../../run/tr49t67 . )
( cd test/em_real ; /bin/rm -f tr49t85 ; ln -s ../../run/tr49t85 . )
( cd test/em_real ; /bin/rm -f tr67t85 ; ln -s ../../run/tr67t85 . )
( cd test/em_real ; /bin/rm -f gribmap.txt ; ln -s ../../run/gribmap.txt . )
( cd test/em_real ; /bin/rm -f grib2map.tbl ; ln -s ../../run/grib2map.tbl . )
( cd run ; /bin/rm -f real.exe ; ln -s ../main/real.exe . )
( cd run ; /bin/rm -f tc.exe ; ln -s ../main/tc.exe . )
( cd run ; /bin/rm -f ndown.exe ; ln -s ../main/ndown.exe . )
( cd run ; if test -f namelist.input ; then \
	/bin/cp -f namelist.input namelist.input.backup.`date +%Y-%m-%d_%H_%M_%S` ; fi ; \
	/bin/rm -f namelist.input ; cp ../test/em_real/namelist.input . )
 
==========================================================================
build started:   Sun 08 Dec 2024 07:14:11 AM CET
build completed: Sun 08 Dec 2024 08:34:14 AM CET
 
--->                  Executables successfully built                  <---
 
-rwxr-xr-x 1 onishi ciclad  94489080 Dec  8 08:34 main/ndown.exe
-rwxr-xr-x 1 onishi ciclad  94537616 Dec  8 08:34 main/real.exe
-rwxr-xr-x 1 onishi ciclad  93495664 Dec  8 08:34 main/tc.exe
-rwxr-xr-x 1 onishi ciclad 111624272 Dec  8 08:33 main/wrf.exe
 
==========================================================================
 
